S	E	I1	I2	I3	I4	I5_h	I6_h	R_h	R	D1	D2	H	T	P1	P2	Q	QT	NQ	MUT	HOM	VAC	NI	INF	REINF	BSTR	IMM	HCI	HCE	INFV	INFH	VNI
178162	108	115	52	51	48	6	3	0	200	1	0	218	0	0	0	0	0	383	0,0,0,0,0,0	178745	0	0	383	0	0	584,584,584,584,584,584,584	0	0	0,0,0,0,0,0,0	0	0
178098	96	171	54	41	35	5	3	0	240	1	2	358	358	1	84	0	0	405	0,0,0,0,0,0	12616	0	72	456	0	0	648,648,648,648,648,648,648	0	4	73,0,0,0,0,0,0	7	0
178042	101	187	62	49	34	3	3	0	259	1	5	422	98	0	8	0	0	439	0,0,0,0,0,0	12583	0	66	522	0	0	704,704,704,704,704,704,704	0	8	139,0,0,0,0,0,0	7	0
177965	111	202	88	54	38	4	3	0	270	1	10	532	255	1	7	0	0	500	0,0,0,0,0,0	12763	0	83	606	0	0	782,782,782,782,782,782,782	0	11	223,0,0,0,0,0,0	6	0
177886	125	222	97	52	47	7	3	1	291	1	14	562	130	0	16	0	0	553	0,0,0,0,0,0	24822	0	91	698	0	0	864,864,864,864,864,864,864	0	3	315,0,0,0,0,0,0	12	0
177821	130	232	100	57	53	10	4	1	318	1	19	621	266	0	20	0	0	586	0,0,0,0,0,0	24815	0	77	776	0	0	933,933,933,933,933,933,933	0	2	393,0,0,0,0,0,0	15	0
177732	127	253	115	67	64	10	5	1	346	1	25	634	314	0	19	0	0	641	0,0,0,0,0,0	12900	0	94	871	0	0	1025,1025,1025,1025,1025,1025,1025	0	8	488,0,0,0,0,0,0	18	0
177631	142	274	130	74	62	12	5	1	385	1	29	696	264	1	36	0	0	699	0,0,0,0,0,0	12855	0	116	987	0	0	1131,1131,1131,1130,1130,1130,1130	0	16	604,0,0,0,0,0,0	22	0
177553	150	284	139	75	70	12	6	1	420	1	35	702	241	1	34	0	0	736	0,0,0,0,0,0	12961	0	104	1091	0	0	1220,1220,1220,1218,1218,1218,1218	0	10	708,0,0,0,0,0,0	25	0
177460	150	307	152	72	74	15	8	2	466	1	39	708	317	3	29	0	0	778	0,0,0,0,0,0	13038	0	107	1199	0	0	1322,1321,1321,1318,1318,1318,1318	0	9	816,0,0,0,0,0,0	30	0
177355	177	304	174	72	75	16	7	2	516	2	46	708	222	0	39	0	0	825	0,0,0,0,0,0	12987	0	126	1325	0	0	1444,1442,1442,1435,1435,1435,1435	0	11	942,0,0,0,0,0,0	38	0
177259	180	321	177	73	83	16	9	2	573	2	51	717	146	1	28	0	0	859	0,0,0,0,0,0	24918	0	108	1433	2	0	1550,1547,1547,1537,1537,1537,1537	0	12	1051,0,0,0,0,0,0	44	0
177175	184	319	181	94	94	17	11	2	611	2	56	713	232	0	25	0	0	900	0,0,0,0,0,0	24789	0	112	1545	2	0	1652,1648,1648,1633,1633,1633,1633	0	10	1163,0,0,0,0,0,0	51	0
177060	210	313	186	94	105	18	10	2	683	3	62	730	231	3	45	0	0	936	0,0,0,0,0,0	12908	0	142	1687	2	0	1785,1779,1779,1761,1761,1761,1761	0	20	1305,0,0,0,0,0,0	46	0
176955	221	363	182	91	107	19	10	2	728	3	65	735	256	5	48	0	0	993	0,0,0,0,0,0	13072	0	151	1837	4	0	1919,1911,1911,1885,1885,1885,1885	0	15	1457,0,0,0,0,0,0	45	0
176802	241	427	181	95	96	20	10	2	799	4	69	742	258	2	35	0	0	1070	0,0,0,0,0,0	13018	0	182	2019	5	0	2092,2083,2083,2050,2050,2050,2050	1	18	1640,0,0,0,0,0,0	41	0
176673	266	463	200	113	104	18	11	2	819	5	72	772	269	5	39	0	0	1175	0,0,0,0,0,0	12925	0	188	2207	6	0	2264,2251,2251,2207,2207,2207,2207	1	9	1829,0,0,0,0,0,0	42	0
176530	269	500	234	116	116	18	11	4	864	5	79	743	247	2	40	0	0	1264	0,0,0,0,0,0	13067	0	184	2390	7	0	2442,2426,2426,2370,2370,2370,2370	1	16	2012,0,0,0,0,0,0	40	0
176383	267	528	258	130	119	22	10	3	935	6	85	760	255	1	41	0	0	1334	0,0,0,0,0,0	25065	0	182	2573	9	0	2619,2600,2600,2534,2534,2534,2534	1	18	2197,0,0,0,0,0,0	49	0
176248	272	552	270	130	134	23	9	2	1012	8	86	735	252	1	50	0	0	1390	0,0,0,0,0,0	25007	0	181	2755	9	0	2793,2771,2771,2692,2692,2692,2692	1	21	2379,0,0,0,0,0,0	50	0
176055	296	590	320	127	142	25	13	2	1075	9	92	691	250	3	61	0	0	1513	0,0,0,0,0,0	12894	0	235	2989	11	0	3023,2998,2998,2907,2907,2907,2907	1	20	2614,0,0,0,0,0,0	52	0
175862	334	631	337	142	154	23	15	2	1140	9	97	702	288	1	63	0	0	1636	0,0,0,0,0,0	13065	0	262	3249	13	0	3273,3242,3242,3132,3132,3132,3132	1	25	2876,0,0,0,0,0,0	64	0
175644	389	650	358	155	178	27	16	2	1213	10	104	709	287	3	61	0	0	1773	0,0,0,0,0,0	13097	0	276	3526	14	0	3546,3509,3509,3379,3379,3379,3379	1	32	3153,0,0,0,0,0,0	65	0
175426	418	703	375	179	193	27	15	2	1285	12	111	692	251	0	69	0	0	1910	0,0,0,0,0,0	13005	0	297	3822	15	0	3834,3791,3791,3637,3637,3637,3637	1	27	3450,0,0,0,0,0,0	75	0
175176	441	776	394	187	213	32	16	3	1380	12	116	659	340	7	86	0	0	2059	0,0,0,0,0,0	13018	0	312	4136	15	0	4141,4092,4092,3919,3919,3919,3919	2	41	3764,0,0,0,0,0,0	83	0
174974	449	830	413	204	212	35	19	4	1476	12	118	685	301	7	74	0	0	2162	0,0,0,0,0,0	24814	0	287	4426	15	0	4415,4359,4359,4161,4161,4161,4161	2	27	4054,0,0,0,0,0,0	99	0
174809	439	856	427	210	209	37	22	2	1601	12	122	702	343	4	77	0	0	2200	0,0,0,0,0,0	25256	0	248	4677	15	0	4660,4596,4596,4369,4369,4369,4369	2	24	4305,0,0,0,0,0,0	112	0
174503	500	959	451	217	215	40	20	3	1699	13	126	670	303	7	100	0	0	2402	0,0,0,0,0,0	13139	0	396	5076	16	0	5053,4981,4981,4721,4721,4721,4721	2	48	4704,0,0,0,0,0,0	123	0
174160	587	1041	488	225	232	44	23	3	1796	13	134	642	236	4	97	0	0	2640	0,0,0,0,0,0	12999	0	438	5513	18	0	5483,5402,5402,5110,5110,5110,5110	2	65	5141,0,0,0,0,0,0	144	0
173828	650	1057	547	261	272	45	24	3	1903	14	142	616	326	9	103	0	0	2856	0,0,0,0,0,0	13030	0	411	5925	20	0	5891,5801,5801,5481,5481,5481,5481	3	40	5555,0,0,0,0,0,0	140	0
173492	678	1140	586	279	296	46	22	3	2035	18	151	628	352	5	122	0	0	3047	0,0,0,0,0,0	12837	0	442	6365	23	0	6326,6227,6227,5870,5870,5870,5870	3	57	5995,0,0,0,0,0,0	139	0
173052	796	1221	630	308	305	48	24	3	2189	18	152	627	315	4	119	0	0	3332	0,0,0,0,0,0	13076	0	546	6914	23	0	6866,6756,6756,6363,6363,6363,6363	3	71	6544,0,0,0,0,0,0	143	0
172703	798	1320	684	318	304	53	24	4	2359	22	157	618	328	9	125	0	0	3501	0,0,0,0,0,0	24917	0	468	7382	27	0	7330,7208,7208,6771,6771,6771,6771	3	26	7013,0,0,0,0,0,0	141	0
172381	769	1413	738	354	327	58	25	4	2492	25	160	598	256	5	113	0	0	3684	0,0,0,0,0,0	24750	0	464	7844	30	0	7782,7647,7647,7161,7161,7161,7161	4	44	7475,0,0,0,0,0,0	151	0
171918	822	1511	789	381	348	62	30	5	2689	27	164	582	324	8	155	0	0	3943	0,0,0,0,0,0	13380	0	592	8435	32	0	8368,8219,8219,7688,7688,7688,7688	4	58	8068,0,0,0,0,0,0	146	0
171377	909	1682	825	420	385	65	30	4	2852	29	168	592	245	8	172	0	0	4316	0,0,0,0,0,0	13232	0	703	9137	36	0	9060,8895,8895,8306,8306,8306,8306	4	81	8770,0,0,0,0,0,0	170	0
170844	960	1795	886	447	415	72	31	4	3086	32	174	571	273	11	176	0	0	4606	0,0,0,0,0,0	13090	0	689	9830	38	0	9745,9565,9565,8918,8918,8918,8918	5	88	9464,0,0,0,0,0,0	173	0
170290	1020	1926	1037	447	427	75	44	5	3265	34	176	555	332	2	170	0	0	4976	0,0,0,0,0,0	13207	0	752	10586	41	0	10486,10285,10285,9568,9568,9568,9568	5	79	10220,0,0,0,0,0,0	161	0
169693	1091	2078	1087	486	433	92	46	5	3521	36	178	549	361	9	175	0	0	5313	0,0,0,0,0,0	13021	0	786	11370	46	0	11257,11038,11038,10254,10254,10254,10254	5	80	11006,0,0,0,0,0,0	183	0
169155	1123	2153	1142	494	493	102	45	6	3811	41	181	549	307	6	153	0	0	5552	0,0,0,0,0,0	25073	0	757	12129	48	0	12001,11761,11761,10899,10899,10899,10899	5	52	11765,0,0,0,0,0,0	203	0
168580	1188	2208	1241	546	553	112	53	5	4033	42	185	528	312	10	185	0	0	5901	0,0,0,0,0,0	25117	0	800	12930	52	0	12790,12527,12527,11584,11584,11584,11584	5	76	12567,0,0,0,0,0,0	225	0
167953	1239	2338	1276	597	557	120	58	7	4370	43	188	504	246	10	268	0	0	6185	0,0,0,0,0,0	13354	0	845	13775	55	0	13622,13337,13337,12316,12316,12316,12316	6	93	13413,0,0,0,0,0,0	222	0
167272	1292	2513	1396	585	605	129	63	6	4648	46	191	499	316	10	229	0	0	6583	0,0,0,0,0,0	13134	0	942	14717	62	0	14547,14236,14236,13120,13120,13120,13120	6	107	14356,0,0,0,0,0,0	246	0
166474	1446	2643	1478	629	631	135	70	8	4989	50	193	469	337	9	242	0	0	7032	0,0,0,0,0,0	13248	0	1047	15762	67	0	15575,15240,15240,14036,14036,14036,14036	7	108	15402,0,0,0,0,0,0	252	0
165746	1524	2734	1547	672	701	147	68	11	5345	55	196	427	240	13	265	0	0	7393	0,0,0,0,0,0	13264	0	1007	16769	73	0	16565,16202,16202,14898,14898,14898,14898	7	96	16409,0,0,0,0,0,0	272	0
165007	1601	2868	1650	705	731	157	76	14	5683	56	198	415	351	15	298	0	0	7788	0,0,0,0,0,0	13288	0	1049	17822	75	0	17598,17204,17204,15788,15788,15788,15788	7	96	17463,0,0,0,0,0,0	274	0
164370	1556	3008	1730	726	747	167	80	17	6084	61	200	381	288	11	260	0	0	8014	0,0,0,0,0,0	25343	0	979	18798	81	0	18554,18126,18126,16588,16588,16588,16588	7	70	18440,0,0,0,0,0,0	295	0
163840	1492	3098	1800	735	809	179	81	18	6427	66	201	371	344	8	291	0	0	8194	0,0,0,0,0,0	25106	0	922	19718	88	0	19449,18983,18983,17306,17306,17306,17306	7	62	19361,0,0,0,0,0,0	313	0
163003	1622	3185	1893	757	874	185	78	20	6855	70	204	368	366	15	315	0	0	8594	0,0,0,0,0,0	13490	0	1197	20920	93	0	20631,20128,20128,18318,18318,18318,18318	7	103	20564,0,0,0,0,0,0	298	0
162157	1795	3277	1941	793	887	206	81	19	7310	75	205	359	323	9	317	0	0	8980	0,0,0,0,0,0	13075	0	1255	22168	104	0	21852,21309,21309,19355,19355,19355,19355	8	114	21814,0,0,0,0,0,0	303	0
161403	1808	3457	1951	814	960	217	91	20	7736	83	206	338	317	19	321	0	0	9298	0,0,0,0,0,0	28980	0	1177	23346	110	0	23005,22419,22419,20311,20311,20311,20311	8	104	22993,0,0,0,0,0,0	325	0
160685	1827	3501	2079	893	973	220	94	21	8154	90	209	308	238	21	361	0	0	9587	0,0,0,0,0,0	28752	0	1163	24513	115	0	24146,23515,23515,21244,21244,21244,21244	8	104	24160,0,0,0,0,0,0	343	0
160016	1792	3598	2156	916	1028	221	92	19	8603	96	209	291	298	14	366	0	0	9803	0,0,0,0,0,0	28627	0	1127	25641	120	0	25245,24568,24568,22131,22131,22131,22131	8	93	25288,0,0,0,0,0,0	344	0
159549	1664	3619	2209	950	1035	223	97	14	9076	100	210	291	306	16	341	0	0	9797	0,0,0,0,0,0	42887	0	980	26623	126	0	26196,25468,25468,22844,22844,22844,22844	8	50	26270,0,0,0,0,0,0	346	0
158987	1672	3553	2260	995	1048	230	103	12	9567	109	210	273	328	12	327	0	0	9861	0,0,0,0,0,0	42916	0	1078	27701	133	0	27242,26462,26462,23653,23653,23653,23653	7	86	27349,0,0,0,0,0,0	364	0
158445	1694	3509	2329	996	1077	239	112	14	10006	113	212	271	321	17	395	0	0	9956	0,0,0,0,0,0	29011	0	1071	28768	144	0	28277,27445,27445,24444,24444,24444,24444	8	126	28416,0,0,0,0,0,0	357	0
157963	1661	3487	2342	1017	1096	271	117	17	10441	116	218	236	317	18	359	0	0	9991	0,0,0,0,0,0	29223	0	1066	29828	155	0	29305,28414,28414,25201,25201,25201,25201	8	102	29480,0,0,0,0,0,0	377	0
157522	1655	3475	2321	1035	1091	272	120	19	10896	121	219	228	334	14	367	0	0	9969	0,0,0,0,0,0	28927	0	1050	30879	161	0	30319,29367,29367,25932,25932,25932,25932	8	83	30531,0,0,0,0,0,0	403	0
157055	1637	3545	2318	1025	1093	269	127	21	11309	127	220	212	324	27	399	0	0	10014	0,0,0,0,0,0	28555	0	1132	32005	172	0	31405,30387,30387,26712,26712,26712,26712	8	104	31659,0,0,0,0,0,0	403	0
156523	1675	3556	2367	1011	1089	265	133	21	11749	136	221	194	331	19	372	0	0	10096	0,0,0,0,0,0	28711	0	1144	33140	190	0	32503,31425,31425,27529,27529,27529,27529	8	110	32796,0,0,0,0,0,0	401	0
156287	1616	3461	2432	1021	1057	283	146	20	12059	142	222	192	316	16	301	0	0	10016	0,0,0,0,0,0	42816	0	927	34062	202	0	33383,32236,32236,28091,28091,28091,28091	8	62	33718,0,0,0,0,0,0	413	0
156131	1504	3378	2406	1078	1064	298	151	26	12335	151	224	179	319	11	326	0	0	9879	0,0,0,0,0,0	42411	0	905	34969	208	0	34245,33022,33022,28605,28605,28605,28605	8	62	34625,0,0,0,0,0,0	446	0
155850	1538	3340	2314	1096	1070	301	156	26	12672	158	225	164	260	14	401	0	0	9815	0,0,0,0,0,0	28813	0	1045	36015	214	0	35243,33943,33943,29247,29247,29247,29247	8	111	35671,0,0,0,0,0,0	444	0
155620	1553	3274	2336	1098	1056	304	157	26	12929	168	225	151	348	16	385	0	0	9778	0,0,0,0,0,0	29014	0	1002	37007	227	0	36183,34808,34808,29834,29834,29834,29834	8	78	36663,0,0,0,0,0,0	448	0
155394	1556	3263	2269	1056	1015	301	157	33	13302	175	225	135	322	13	359	0	0	9617	0,0,0,0,0,0	29092	0	998	37996	241	0	37123,35671,35671,30419,30419,30419,30419	7	82	37653,0,0,0,0,0,0	435	0
155218	1512	3239	2227	1062	1012	307	166	32	13564	181	226	124	305	10	336	0	0	9525	0,0,0,0,0,0	29042	0	960	38943	258	0	38020,36491,36491,30957,30957,30957,30957	7	83	38602,0,0,0,0,0,0	456	0
155117	1506	3201	2206	1031	1030	308	158	29	13736	198	226	114	247	11	343	0	0	9440	0,0,0,0,0,0	28957	0	959	39893	278	0	38915,37301,37301,31456,31456,31456,31456	7	75	39553,0,0,0,0,0,0	441	0
155155	1406	3099	2265	1017	999	322	153	30	13866	208	226	102	328	24	334	0	0	9261	0,0,0,0,0,0	43081	0	821	40708	288	0	39675,37976,37976,31819,31819,31819,31819	7	48	40368,0,0,0,0,0,0	449	0
155252	1261	3010	2281	991	938	316	154	34	14066	217	226	99	314	10	318	0	0	8951	0,0,0,0,0,0	42839	0	756	41457	300	0	40370,38586,38586,32121,32121,32121,32121	6	51	41117,0,0,0,0,0,0	444	0
155226	1277	2946	2229	951	942	316	159	37	14208	227	228	92	265	14	317	0	0	8820	0,0,0,0,0,0	28814	0	892	42338	316	0	41195,39325,39325,32546,32546,32546,32546	6	71	41998,0,0,0,0,0,0	443	0
155284	1285	2854	2203	936	909	303	157	37	14315	235	228	87	303	13	335	0	0	8647	0,0,0,0,0,0	29018	0	836	43157	334	0	41952,39995,39995,32894,32894,32894,32894	6	63	42817,0,0,0,0,0,0	441	0
155263	1275	2908	2126	893	869	301	155	39	14442	247	228	70	302	13	305	0	0	8527	0,0,0,0,0,0	28955	0	881	44030	346	0	42768,40725,40725,33311,33311,33311,33311	6	68	43690,0,0,0,0,0,0	432	0
155246	1311	2839	2078	913	835	291	144	41	14555	263	230	78	319	8	257	0	0	8411	0,0,0,0,0,0	28963	0	860	44876	361	0	43558,41432,41432,33712,33712,33712,33712	6	70	44536,0,0,0,0,0,0	422	0
155398	1294	2768	2060	883	806	285	144	38	14570	270	230	89	321	22	314	0	0	8240	0,0,0,0,0,0	28773	0	793	45654	382	0	44273,42054,42054,33990,33990,33990,33990	5	60	45316,0,0,0,0,0,0	417	0
155593	1199	2679	2016	876	814	276	137	39	14606	280	231	93	271	12	244	0	0	7997	0,0,0,0,0,0	42655	0	702	46347	398	0	44906,42599,42599,34208,34208,34208,34208	5	48	46009,0,0,0,0,0,0	401	0
155895	1110	2566	1979	858	799	279	138	36	14567	287	232	104	322	9	255	0	0	7729	0,0,0,0,0,0	42749	0	634	46974	410	0	45471,43071,43071,34338,34338,34338,34338	5	35	46637,0,0,0,0,0,0	401	0
155969	1126	2529	1932	810	807	270	131	36	14605	299	232	120	293	14	298	0	0	7605	0,0,0,0,0,0	29182	0	799	47756	431	0	46194,43707,43707,34657,34657,34657,34657	5	64	47420,0,0,0,0,0,0	391	0
156187	1129	2421	1890	768	787	258	121	38	14600	315	232	130	316	6	292	0	0	7374	0,0,0,0,0,0	28716	0	688	48435	444	0	46807,44231,44231,34848,34848,34848,34848	5	57	48099,0,0,0,0,0,0	368	0
156438	1116	2381	1789	752	787	249	122	38	14517	323	234	132	269	12	277	0	0	7196	0,0,0,0,0,0	28549	0	682	49106	459	0	47415,44747,44747,35021,35021,35021,35021	5	60	48772,0,0,0,0,0,0	364	0
156653	1094	2367	1749	751	786	254	120	39	14368	331	234	151	308	8	265	0	0	7121	0,0,0,0,0,0	28734	0	713	49810	472	0	48054,45294,45294,35226,35226,35226,35226	5	71	49476,0,0,0,0,0,0	359	0
156903	1060	2303	1730	749	774	258	123	40	14234	337	235	153	318	9	269	0	0	6997	0,0,0,0,0,0	28660	0	660	50456	488	0	48637,45786,45786,35384,35384,35384,35384	5	47	50124,0,0,0,0,0,0	365	0
157271	991	2285	1662	727	747	253	117	43	14070	343	237	156	361	10	240	0	0	6782	0,0,0,0,0,0	42690	0	602	51043	505	0	49159,46213,46213,35455,35455,35455,35455	5	32	50712,0,0,0,0,0,0	363	0
157616	941	2144	1674	694	741	246	112	47	13944	349	238	150	309	8	232	0	0	6552	0,0,0,0,0,0	42294	0	536	51569	520	0	49623,46590,46590,35508,35508,35508,35508	4	34	51238,0,0,0,0,0,0	371	0
157936	945	2082	1600	692	721	241	107	51	13777	356	238	163	227	5	224	0	0	6388	0,0,0,0,0,0	28600	0	642	52202	531	0	50187,47058,47058,35621,35621,35621,35621	4	45	51872,0,0,0,0,0,0	340	0
