S	E	I1	I2	I3	I4	I5_h	I6_h	R_h	R	D1	D2	H	T	P1	P2	Q	QT	NQ	MUT	HOM	VAC	NI	INF	REINF	BSTR	IMM	HCI	HCE	INFV	INFH	VNI
178121	113	132	48	30	44	4	1	0	251	2	0	191	0	0	0	0	0	372	0,0,0,0,0,0	178744	0	0	372	0	0	625,625,625,625,625,625,625	0	0	0,0,0,0,0,0,0	0	0
178057	91	196	56	34	44	6	1	0	255	2	4	338	312	1	65	0	0	428	0,0,0,0,0,0	12538	0	74	447	0	0	689,689,689,689,689,689,689	0	4	75,0,0,0,0,0,0	7	0
177979	113	210	68	39	44	9	2	0	266	2	14	419	236	1	12	0	0	485	0,0,0,0,0,0	12617	0	81	529	0	0	768,768,768,768,768,768,768	0	5	157,0,0,0,0,0,0	9	0
177885	131	227	93	49	40	10	6	0	287	2	16	459	81	0	9	0	0	556	0,0,0,0,0,0	12894	0	105	634	0	0	862,862,862,862,862,862,862	0	8	262,0,0,0,0,0,0	12	0
177802	143	247	93	57	50	11	6	0	318	2	17	524	235	0	22	0	0	607	0,0,0,0,0,0	24510	0	96	730	0	0	946,946,946,946,946,946,946	0	5	358,0,0,0,0,0,0	18	0
177738	142	260	124	57	57	12	6	1	324	2	23	567	321	1	25	0	0	658	0,0,0,0,0,0	24594	0	88	819	0	0	1015,1015,1015,1015,1015,1015,1015	0	4	447,0,0,0,0,0,0	20	0
177629	140	302	133	68	60	12	6	1	365	2	28	612	314	0	26	0	0	721	0,0,0,0,0,0	12837	0	119	939	0	0	1128,1128,1128,1128,1128,1128,1128	0	9	567,0,0,0,0,0,0	22	0
177520	168	304	166	77	60	15	9	1	391	2	33	628	277	1	30	0	0	799	0,0,0,0,0,0	12820	0	125	1063	1	0	1245,1244,1244,1242,1242,1242,1242	0	12	692,0,0,0,0,0,0	26	0
177395	189	336	168	81	65	12	8	1	452	3	36	641	244	2	33	0	0	859	0,0,0,0,0,0	12916	0	145	1211	2	0	1380,1378,1378,1374,1374,1374,1374	0	10	841,0,0,0,0,0,0	28	0
177274	212	358	198	80	71	14	5	3	485	4	42	674	259	1	28	0	0	938	0,0,0,0,0,0	13090	0	143	1355	2	0	1513,1512,1512,1506,1506,1506,1506	0	13	985,0,0,0,0,0,0	30	0
177127	229	405	215	76	74	15	6	3	545	4	47	677	81	1	33	0	0	1020	0,0,0,0,0,0	12914	0	164	1517	4	0	1671,1669,1669,1661,1661,1661,1661	0	17	1149,0,0,0,0,0,0	30	0
176974	239	442	225	89	87	15	6	3	608	5	53	687	320	2	36	0	0	1103	0,0,0,0,0,0	25010	0	170	1685	6	0	1832,1829,1829,1819,1819,1819,1819	0	14	1319,0,0,0,0,0,0	34	0
176856	250	440	245	111	86	19	6	3	664	5	61	697	86	1	35	0	0	1157	0,0,0,0,0,0	24833	0	149	1831	9	0	1972,1968,1968,1950,1950,1950,1950	0	12	1468,0,0,0,0,0,0	39	0
176717	254	488	247	105	105	21	7	3	732	5	62	679	305	1	48	0	0	1227	0,0,0,0,0,0	12825	0	174	2004	11	0	2131,2125,2125,2102,2102,2102,2102	0	12	1643,0,0,0,0,0,0	39	0
176543	297	493	278	112	121	19	11	3	795	6	68	696	300	4	50	0	0	1331	0,0,0,0,0,0	12909	0	212	2215	13	0	2330,2322,2322,2293,2293,2293,2293	1	20	1855,0,0,0,0,0,0	40	0
176367	305	572	295	113	120	20	9	3	861	8	73	693	321	2	58	0	0	1434	0,0,0,0,0,0	13046	0	224	2438	15	0	2539,2528,2528,2488,2488,2488,2488	1	18	2080,0,0,0,0,0,0	41	0
176189	307	619	293	134	140	23	12	3	939	8	79	685	253	1	42	0	0	1528	0,0,0,0,0,0	13068	0	222	2659	16	0	2754,2740,2740,2688,2688,2688,2688	1	19	2302,0,0,0,0,0,0	48	0
175992	347	648	340	136	152	24	18	3	995	8	83	703	304	3	62	0	0	1665	0,0,0,0,0,0	12902	0	258	2916	17	0	2996,2977,2977,2912,2912,2912,2912	1	36	2559,0,0,0,0,0,0	53	0
175818	354	665	369	149	164	29	18	2	1082	8	88	668	267	4	55	0	0	1748	0,0,0,0,0,0	24913	0	234	3150	19	0	3219,3196,3196,3114,3114,3114,3114	1	20	2795,0,0,0,0,0,0	65	0
175623	342	727	389	153	168	29	20	4	1191	8	92	674	247	3	65	0	0	1828	0,0,0,0,0,0	24843	0	242	3388	24	0	3447,3421,3421,3328,3328,3328,3328	1	24	3036,0,0,0,0,0,0	63	0
175385	378	749	436	159	177	33	22	3	1299	8	97	652	318	3	71	0	0	1954	0,0,0,0,0,0	13057	0	289	3677	24	0	3728,3698,3698,3590,3590,3590,3590	1	34	3325,0,0,0,0,0,0	69	0
175169	401	780	476	174	176	38	23	3	1397	9	100	648	236	2	65	0	0	2068	0,0,0,0,0,0	13007	0	284	3965	26	0	4001,3965,3965,3837,3837,3837,3837	2	28	3615,0,0,0,0,0,0	71	0
174890	445	868	503	177	188	36	24	2	1501	9	103	667	316	1	78	0	0	2241	0,0,0,0,0,0	13021	0	353	4317	28	0	4345,4302,4302,4152,4152,4152,4152	2	33	3967,0,0,0,0,0,0	83	0
174632	466	925	523	198	206	35	28	3	1616	10	104	694	260	4	79	0	0	2381	0,0,0,0,0,0	13017	0	349	4668	29	0	4684,4633,4633,4453,4453,4453,4453	2	31	4318,0,0,0,0,0,0	87	0
174286	521	1004	569	212	211	39	27	4	1751	11	111	683	284	6	83	0	0	2583	0,0,0,0,0,0	13056	0	421	5093	29	0	5100,5042,5042,4839,4839,4839,4839	2	27	4743,0,0,0,0,0,0	95	0
174031	545	1029	607	228	217	39	29	5	1890	11	115	680	248	5	80	0	0	2694	0,0,0,0,0,0	24985	0	345	5440	30	0	5437,5372,5372,5138,5138,5138,5138	2	27	5091,0,0,0,0,0,0	102	0
173767	547	1051	645	242	256	40	31	5	2033	11	118	670	294	4	96	0	0	2812	0,0,0,0,0,0	25041	0	355	5796	31	0	5785,5711,5711,5446,5446,5446,5446	2	22	5448,0,0,0,0,0,0	105	0
173435	606	1127	668	264	252	43	33	5	2177	14	122	640	307	8	112	0	0	2993	0,0,0,0,0,0	13260	0	447	6243	34	0	6224,6139,6139,5835,5835,5835,5835	2	53	5897,0,0,0,0,0,0	113	0
173071	657	1236	684	254	266	48	35	4	2346	18	127	624	315	1	113	0	0	3180	0,0,0,0,0,0	12999	0	475	6720	37	0	6695,6598,6598,6253,6253,6253,6253	2	34	6377,0,0,0,0,0,0	119	0
172706	710	1290	707	288	299	49	35	8	2505	18	131	619	269	4	109	0	0	3378	0,0,0,0,0,0	13149	0	488	7208	39	0	7173,7065,7065,6678,6678,6678,6678	2	48	6866,0,0,0,0,0,0	127	0
172330	735	1379	739	317	338	52	39	7	2659	19	132	629	268	6	116	0	0	3599	0,0,0,0,0,0	13087	0	512	7723	39	0	7677,7555,7555,7120,7120,7120,7120	3	56	7381,0,0,0,0,0,0	132	0
171881	781	1526	798	327	350	58	42	9	2822	20	132	623	325	8	152	0	0	3882	0,0,0,0,0,0	13040	0	586	8307	44	0	8249,8114,8114,7633,7633,7633,7633	3	59	7965,0,0,0,0,0,0	144	0
171526	815	1553	848	339	371	64	43	10	3015	23	139	599	301	12	145	0	0	4033	0,0,0,0,0,0	25243	0	506	8814	45	0	8749,8599,8599,8064,8064,8064,8064	3	41	8472,0,0,0,0,0,0	160	0
171151	812	1634	910	381	376	70	46	10	3188	27	141	617	307	5	140	0	0	4229	0,0,0,0,0,0	24773	0	550	9366	45	0	9288,9121,9121,8524,8524,8524,8524	3	48	9024,0,0,0,0,0,0	168	0
170706	866	1757	947	402	410	68	49	8	3359	28	146	608	280	8	162	0	0	4499	0,0,0,0,0,0	13218	0	653	10020	47	0	9928,9741,9741,9071,9071,9071,9071	4	71	9678,0,0,0,0,0,0	172	0
170222	917	1869	992	431	445	76	49	8	3559	29	149	583	309	6	170	0	0	4779	0,0,0,0,0,0	13082	0	680	10705	48	0	10599,10392,10392,9651,9651,9651,9651	4	65	10363,0,0,0,0,0,0	173	0
169707	1008	1922	1053	468	463	84	45	9	3804	33	150	582	282	8	172	0	0	5043	0,0,0,0,0,0	13278	0	715	11419	51	0	11300,11074,11074,10262,10262,10262,10262	4	76	11078,0,0,0,0,0,0	177	0
169160	1112	1981	1142	488	508	93	46	8	4016	37	155	583	319	12	196	0	0	5370	0,0,0,0,0,0	13143	0	765	12190	53	0	12059,11810,11810,10918,10918,10918,10918	5	65	11849,0,0,0,0,0,0	183	0
168568	1217	2098	1173	525	530	99	50	8	4281	40	157	560	313	7	211	0	0	5692	0,0,0,0,0,0	13135	0	817	13008	56	0	12856,12586,12586,11616,11616,11616,11616	5	82	12669,0,0,0,0,0,0	204	0
168052	1256	2180	1231	546	545	112	54	7	4562	42	159	521	332	9	176	0	0	5924	0,0,0,0,0,0	25240	0	771	13780	58	0	13612,13316,13316,12256,12256,12256,12256	5	58	13442,0,0,0,0,0,0	233	0
167610	1192	2304	1280	564	569	114	56	7	4844	46	160	503	321	10	227	0	0	6079	0,0,0,0,0,0	24899	0	696	14479	59	0	14293,13972,13972,12821,12821,12821,12821	5	52	14141,0,0,0,0,0,0	248	0
166940	1264	2437	1326	632	574	123	59	6	5175	48	162	493	302	13	212	0	0	6415	0,0,0,0,0,0	13283	0	914	15392	64	0	15189,14844,14844,13607,13607,13607,13607	5	72	15056,0,0,0,0,0,0	224	0
166334	1357	2487	1397	664	610	131	64	6	5479	52	165	460	283	14	241	0	0	6710	0,0,0,0,0,0	12971	0	901	16290	71	0	16066,15693,15693,14352,14352,14352,14352	6	80	15956,0,0,0,0,0,0	252	0
165795	1339	2641	1458	667	625	134	68	9	5790	54	166	474	243	9	278	0	0	6932	0,0,0,0,0,0	13086	0	886	17178	74	0	16930,16523,16523,15057,15057,15057,15057	6	80	16845,0,0,0,0,0,0	255	0
165101	1431	2783	1515	698	694	138	77	9	6074	57	169	447	343	12	240	0	0	7336	0,0,0,0,0,0	13039	0	1021	18201	78	0	17934,17493,17493,15909,15909,15909,15909	6	110	17868,0,0,0,0,0,0	264	0
164386	1581	2870	1614	740	683	134	81	10	6416	60	171	432	321	13	297	0	0	7703	0,0,0,0,0,0	13313	0	1077	19280	84	0	18991,18514,18514,16798,16798,16798,16798	6	105	18948,0,0,0,0,0,0	270	0
163774	1559	2985	1721	770	729	137	83	10	6739	65	174	419	320	10	245	0	0	7984	0,0,0,0,0,0	24941	0	977	20251	92	0	19940,19428,19428,17583,17583,17583,17583	7	67	19920,0,0,0,0,0,0	288	0
163219	1493	3081	1785	819	763	142	81	11	7101	75	176	441	313	12	303	0	0	8164	0,0,0,0,0,0	25118	0	954	21204	99	0	20868,20316,20316,18328,18328,18328,18328	7	93	20873,0,0,0,0,0,0	281	0
162357	1636	3183	1922	832	802	147	88	13	7507	80	179	441	372	15	315	0	0	8610	0,0,0,0,0,0	13538	0	1235	22441	104	0	22084,21494,21494,19370,19370,19370,19370	7	94	22111,0,0,0,0,0,0	290	0
161530	1777	3306	2026	840	821	160	86	20	7910	84	186	410	327	22	318	0	0	9016	0,0,0,0,0,0	13351	0	1254	23693	108	0	23313,22680,22680,20399,20399,20399,20399	7	120	23365,0,0,0,0,0,0	302	0
160729	1880	3405	2116	887	854	172	95	21	8310	89	188	395	341	18	311	0	0	9409	0,0,0,0,0,0	28642	0	1226	24919	116	0	24514,23838,23838,21402,21402,21402,21402	8	120	24592,0,0,0,0,0,0	300	0
160080	1837	3539	2149	923	895	193	96	20	8732	93	189	372	326	13	323	0	0	9632	0,0,0,0,0,0	28814	0	1142	26059	129	0	25624,24898,24898,22285,22285,22285,22285	8	98	25732,0,0,0,0,0,0	325	0
159430	1800	3646	2194	927	951	207	101	19	9182	98	191	336	330	15	362	0	0	9826	0,0,0,0,0,0	29223	0	1148	27209	137	0	26743,25968,25968,23172,23172,23172,23172	8	117	26883,0,0,0,0,0,0	342	0
158958	1704	3660	2251	966	999	216	110	16	9567	105	194	342	303	16	327	0	0	9906	0,0,0,0,0,0	42872	0	1032	28239	148	0	27741,26909,26909,23911,23911,23911,23911	8	57	27914,0,0,0,0,0,0	366	0
158539	1651	3588	2275	990	1042	224	118	16	9996	110	197	314	317	12	325	0	0	9888	0,0,0,0,0,0	42531	0	998	29232	157	0	28698,27810,27810,24603,24603,24603,24603	8	68	28907,0,0,0,0,0,0	380	0
157963	1698	3570	2309	1049	1065	223	128	13	10415	113	200	303	278	15	391	0	0	10042	0,0,0,0,0,0	29212	0	1155	30394	162	0	29824,28877,28877,25458,25458,25458,25458	8	118	30069,0,0,0,0,0,0	383	0
157427	1739	3539	2402	1044	1011	235	132	11	10880	122	204	266	311	19	403	0	0	10102	0,0,0,0,0,0	28894	0	1106	31500	170	0	30895,29890,29890,26263,26263,26263,26263	8	112	31176,0,0,0,0,0,0	382	0
157067	1724	3492	2410	1051	1057	249	136	15	11207	132	206	248	301	11	362	0	0	10119	0,0,0,0,0,0	28928	0	1047	32542	179	0	31896,30823,30823,26946,26946,26946,26946	8	86	32218,0,0,0,0,0,0	391	0
156656	1671	3540	2419	1083	1034	256	141	16	11584	137	209	218	291	7	359	0	0	10144	0,0,0,0,0,0	28750	0	1081	33619	185	0	32933,31793,31793,27673,27673,27673,27673	8	96	33297,0,0,0,0,0,0	404	0
156281	1668	3566	2390	1090	1045	252	147	17	11933	147	210	220	333	13	391	0	0	10158	0,0,0,0,0,0	28980	0	1090	34704	198	0	33974,32762,32762,28383,28383,28383,28383	9	105	34382,0,0,0,0,0,0	407	0
156072	1588	3428	2416	1084	1063	257	150	22	12298	155	213	206	263	15	334	0	0	9986	0,0,0,0,0,0	42906	0	911	35600	217	0	34826,33546,33546,28917,28917,28917,28917	8	60	35279,0,0,0,0,0,0	407	0
155876	1492	3382	2385	1107	1037	267	148	24	12648	166	214	193	278	17	352	0	0	9818	0,0,0,0,0,0	42529	0	933	36521	231	0	35702,34350,34350,29456,29456,29456,29456	8	74	36201,0,0,0,0,0,0	420	0
155686	1520	3250	2367	1089	1037	282	149	24	12951	176	215	189	258	13	387	0	0	9694	0,0,0,0,0,0	28944	0	984	37494	246	0	36625,35194,35194,30015,30015,30015,30015	8	91	37175,0,0,0,0,0,0	422	0
155460	1546	3254	2288	1076	988	288	166	24	13256	183	217	161	278	11	419	0	0	9606	0,0,0,0,0,0	28793	0	1002	38494	257	0	37574,36066,36066,30603,30603,30603,30603	8	90	38177,0,0,0,0,0,0	447	0
155306	1576	3165	2269	1043	1007	296	160	29	13484	190	221	151	321	13	347	0	0	9516	0,0,0,0,0,0	28931	0	992	39475	269	0	38503,36912,36912,31147,31147,31147,31147	8	106	39158,0,0,0,0,0,0	459	0
155199	1550	3127	2262	1028	1020	312	157	31	13637	199	224	137	307	11	341	0	0	9456	0,0,0,0,0,0	28677	0	949	40408	290	0	39386,37711,37711,31641,31641,31641,31641	8	82	40096,0,0,0,0,0,0	459	0
155113	1500	3115	2245	1026	996	315	155	37	13811	209	224	119	299	20	359	0	0	9352	0,0,0,0,0,0	28730	0	907	41302	307	0	40226,38471,38471,32104,32104,32104,32104	8	96	40991,0,0,0,0,0,0	462	0
155184	1415	3051	2149	985	980	311	154	39	14030	223	225	110	333	16	305	0	0	9045	0,0,0,0,0,0	42326	0	784	42082	318	0	40952,39111,39111,32432,32432,32432,32432	7	57	41772,0,0,0,0,0,0	473	0
155306	1291	2964	2079	968	959	313	162	42	14208	227	227	91	316	10	298	0	0	8736	0,0,0,0,0,0	42480	0	745	42814	334	0	41630,39703,39703,32712,32712,32712,32712	7	47	42504,0,0,0,0,0,0	472	0
155313	1310	2892	2084	960	915	303	167	45	14295	235	227	75	260	20	338	0	0	8631	0,0,0,0,0,0	28960	0	887	43700	342	0	42456,40440,40440,33120,33120,33120,33120	7	98	43390,0,0,0,0,0,0	468	0
155368	1350	2765	2069	951	903	294	168	47	14360	243	228	75	263	11	331	0	0	8500	0,0,0,0,0,0	28847	0	865	44558	355	0	43251,41144,41144,33489,33489,33489,33489	7	72	44248,0,0,0,0,0,0	460	0
155377	1299	2743	2041	931	902	303	171	46	14450	255	228	73	309	15	284	0	0	8390	0,0,0,0,0,0	28813	0	820	45373	365	0	44009,41820,41820,33860,33860,33860,33860	7	72	45063,0,0,0,0,0,0	446	0
155439	1285	2670	2025	905	859	296	174	44	14557	263	229	56	284	18	321	0	0	8214	0,0,0,0,0,0	28682	0	794	46157	378	0	44735,42460,42460,34188,34188,34188,34188	6	80	45847,0,0,0,0,0,0	449	0
155575	1269	2720	1977	866	847	308	164	43	14473	275	229	56	261	13	311	0	0	8151	0,0,0,0,0,0	28711	0	815	46963	390	0	45476,43108,43108,34487,34487,34487,34487	6	68	46655,0,0,0,0,0,0	456	0
155881	1222	2530	1979	858	854	303	154	46	14405	285	229	60	284	10	254	0	0	7900	0,0,0,0,0,0	42444	0	666	47619	404	0	46067,43602,43602,34628,34628,34628,34628	6	50	47311,0,0,0,0,0,0	444	0
156146	1136	2466	1920	829	821	288	153	48	14418	292	229	68	305	6	237	0	0	7613	0,0,0,0,0,0	42324	0	631	48240	422	0	46628,44074,44074,34773,34773,34773,34773	6	44	47932,0,0,0,0,0,0	439	0
156323	1109	2435	1895	811	769	282	153	50	14386	304	229	69	329	14	296	0	0	7454	0,0,0,0,0,0	28484	0	717	48950	433	0	47275,44633,44633,35002,35002,35002,35002	5	53	48644,0,0,0,0,0,0	416	0
156627	1105	2373	1886	767	731	272	143	49	14251	312	230	72	293	15	280	0	0	7277	0,0,0,0,0,0	28744	0	688	49625	450	0	47880,45140,45140,35146,35146,35146,35146	5	62	49319,0,0,0,0,0,0	416	0
156824	1133	2303	1818	771	740	271	137	54	14139	326	230	78	311	6	234	0	0	7173	0,0,0,0,0,0	28658	0	715	50329	464	0	48520,45689,45689,35360,35360,35360,35360	5	62	50023,0,0,0,0,0,0	401	0
157020	1102	2307	1745	743	738	269	151	49	14059	331	232	79	323	21	254	0	0	7055	0,0,0,0,0,0	28739	0	671	50994	477	0	49123,46206,46206,35555,35555,35555,35555	5	64	50690,0,0,0,0,0,0	396	0
157335	1036	2252	1683	704	730	259	148	45	13978	344	232	80	315	13	255	0	0	6812	0,0,0,0,0,0	28567	0	610	51589	492	0	49652,46644,46644,35652,35652,35652,35652	5	46	51286,0,0,0,0,0,0	382	0
157678	924	2245	1594	681	715	253	142	39	13890	353	232	93	301	11	218	0	0	6554	0,0,0,0,0,0	42406	0	526	52112	504	0	50112,47017,47017,35702,35702,35702,35702	5	31	51809,0,0,0,0,0,0	394	0
158042	874	2114	1558	687	727	249	141	38	13720	364	232	103	301	7	213	0	0	6350	0,0,0,0,0,0	42368	0	550	52652	519	0	50587,47402,47402,35751,35751,35751,35751	5	48	52349,0,0,0,0,0,0	385	0
158328	871	2087	1514	700	706	231	130	39	13533	375	232	117	270	6	275	0	0	6239	0,0,0,0,0,0	28489	0	611	53244	540	0	51113,47840,47840,35859,35859,35859,35859	5	57	52942,0,0,0,0,0,0	363	0
