S	E	I1	I2	I3	I4	I5_h	I6_h	R_h	R	D1	D2	H	T	P1	P2	Q	QT	NQ	MUT	HOM	VAC	NI	INF	REINF	BSTR	IMM	HCI	HCE	INFV	INFH	VNI
178153	107	125	42	42	43	8	2	0	224	0	0	214	0	0	0	0	0	369	0,0,0,0,0,0	178746	0	0	369	0	0	593,593,593,593,593,593,593	0	0	0,0,0,0,0,0,0	0	0
178086	87	179	56	43	40	7	2	0	242	0	4	336	332	1	71	0	0	414	0,0,0,0,0,0	12587	0	70	440	0	0	660,660,660,660,660,660,660	0	5	71,0,0,0,0,0,0	9	0
178017	103	199	68	46	41	9	2	0	254	0	7	414	315	0	10	0	0	468	0,0,0,0,0,0	12542	0	83	523	0	0	729,729,729,729,729,729,729	0	7	154,0,0,0,0,0,0	10	0
177937	119	219	74	47	45	8	2	0	283	0	12	473	263	0	19	0	0	514	0,0,0,0,0,0	12676	0	83	607	0	0	811,811,811,811,811,811,811	0	4	238,0,0,0,0,0,0	13	0
177857	132	237	91	57	50	8	2	0	298	0	14	531	260	1	20	0	0	577	0,0,0,0,0,0	24612	0	89	696	0	0	891,891,891,891,891,891,891	0	3	327,0,0,0,0,0,0	11	0
177791	143	229	101	73	60	8	2	0	320	0	19	572	337	0	14	0	0	616	0,0,0,0,0,0	24763	0	81	777	0	0	961,961,961,961,961,961,961	0	3	408,0,0,0,0,0,0	11	0
177703	151	244	130	69	58	9	2	0	360	0	20	591	245	2	32	0	0	663	0,0,0,0,0,0	12901	0	100	877	0	0	1051,1051,1051,1051,1051,1051,1051	0	8	508,0,0,0,0,0,0	12	0
177630	145	264	133	73	57	11	2	0	404	0	27	592	247	2	26	0	0	685	0,0,0,0,0,0	12830	0	90	967	0	0	1127,1127,1127,1127,1127,1127,1127	0	5	598,0,0,0,0,0,0	12	0
177541	153	280	159	70	68	11	3	0	431	0	30	633	258	0	35	0	0	744	0,0,0,0,0,0	12858	0	104	1071	0	0	1225,1224,1224,1221,1221,1221,1221	0	13	702,0,0,0,0,0,0	11	0
177416	178	318	162	75	71	12	5	0	477	0	32	661	260	1	23	0	0	821	0,0,0,0,0,0	13011	0	141	1213	1	0	1355,1354,1354,1351,1351,1351,1351	0	15	845,0,0,0,0,0,0	17	0
177318	181	346	182	65	81	13	6	1	519	0	34	694	98	0	22	0	0	874	0,0,0,0,0,0	13004	0	121	1337	1	0	1467,1466,1466,1461,1461,1461,1461	0	10	969,0,0,0,0,0,0	22	0
177218	195	366	184	62	90	15	8	1	568	0	39	682	340	2	28	0	0	920	0,0,0,0,0,0	24993	0	126	1463	1	0	1584,1581,1581,1573,1573,1573,1573	0	13	1095,0,0,0,0,0,0	27	0
177125	196	364	214	65	93	17	11	1	614	0	46	690	280	0	36	0	0	960	0,0,0,0,0,0	24897	0	124	1589	1	0	1698,1694,1694,1682,1682,1682,1682	0	9	1221,0,0,0,0,0,0	37	0
177007	197	410	231	66	98	19	10	1	654	2	51	693	240	1	42	0	0	1031	0,0,0,0,0,0	13053	0	147	1736	1	0	1835,1830,1830,1813,1813,1813,1813	0	14	1368,0,0,0,0,0,0	38	0
176861	236	433	238	63	102	17	11	1	721	2	61	731	291	2	35	0	0	1100	0,0,0,0,0,0	13062	0	171	1906	2	0	2003,1996,1996,1972,1972,1972,1972	0	14	1539,0,0,0,0,0,0	46	0
176715	266	445	261	79	119	19	11	2	763	2	64	739	258	2	42	0	0	1200	0,0,0,0,0,0	13157	0	181	2089	2	0	2173,2164,2164,2132,2132,2132,2132	1	20	1722,0,0,0,0,0,0	43	0
176541	284	489	288	84	133	19	13	2	816	2	75	718	298	4	47	0	0	1310	0,0,0,0,0,0	13160	0	202	2290	4	0	2371,2360,2360,2321,2321,2321,2321	1	27	1925,0,0,0,0,0,0	42	0
176364	313	512	297	100	138	23	12	2	898	3	84	715	231	3	49	0	0	1395	0,0,0,0,0,0	13056	0	210	2501	4	0	2577,2564,2564,2516,2516,2516,2516	1	30	2136,0,0,0,0,0,0	43	0
176214	323	580	283	118	129	24	13	1	970	3	88	697	106	1	47	0	0	1470	0,0,0,0,0,0	25189	0	199	2702	4	0	2771,2753,2753,2692,2692,2692,2692	1	18	2337,0,0,0,0,0,0	48	0
176072	309	607	321	118	137	24	13	1	1049	3	92	680	258	5	47	0	0	1529	0,0,0,0,0,0	25060	0	202	2904	5	0	2963,2941,2941,2863,2863,2863,2863	1	17	2540,0,0,0,0,0,0	57	0
175855	366	619	340	144	144	28	12	3	1136	3	96	669	341	4	62	0	0	1653	0,0,0,0,0,0	13013	0	269	3172	6	0	3223,3196,3196,3104,3104,3104,3104	1	26	2808,0,0,0,0,0,0	58	0
175640	411	688	345	142	142	27	12	3	1233	5	98	668	257	5	73	0	0	1767	0,0,0,0,0,0	13069	0	285	3459	6	0	3494,3463,3463,3352,3352,3352,3352	1	35	3095,0,0,0,0,0,0	57	0
175407	452	733	387	146	159	30	9	4	1313	7	99	669	298	2	60	0	0	1916	0,0,0,0,0,0	12852	0	292	3748	9	0	3775,3739,3739,3610,3610,3610,3610	1	25	3387,0,0,0,0,0,0	61	0
175177	456	820	416	163	168	31	11	5	1388	7	104	673	264	4	66	0	0	2065	0,0,0,0,0,0	12989	0	312	4061	11	0	4080,4036,4036,3881,3881,3881,3881	2	32	3700,0,0,0,0,0,0	64	0
174907	490	896	458	185	196	35	11	4	1450	8	106	677	250	2	67	0	0	2271	0,0,0,0,0,0	12942	0	360	4421	12	0	4419,4369,4369,4191,4191,4191,4191	2	35	4061,0,0,0,0,0,0	71	0
174702	478	918	495	192	224	42	16	4	1559	8	108	678	288	2	74	0	0	2365	0,0,0,0,0,0	24882	0	289	4709	14	0	4701,4643,4643,4436,4436,4436,4436	2	25	4351,0,0,0,0,0,0	80	0
174467	472	974	514	238	242	45	14	5	1656	9	110	688	257	2	83	0	0	2499	0,0,0,0,0,0	25068	0	334	5042	16	0	5022,4955,4955,4718,4718,4718,4718	2	25	4684,0,0,0,0,0,0	99	0
174170	523	1005	534	260	251	47	13	7	1810	10	116	686	316	5	112	0	0	2633	0,0,0,0,0,0	13104	0	376	5419	18	0	5392,5318,5318,5055,5055,5055,5055	2	37	5061,0,0,0,0,0,0	86	0
173885	599	1033	562	262	256	46	14	6	1948	12	123	686	328	5	97	0	0	2772	0,0,0,0,0,0	13202	0	392	5810	22	0	5777,5693,5693,5392,5392,5392,5392	2	35	5452,0,0,0,0,0,0	85	0
173574	600	1126	609	274	280	45	18	4	2075	12	129	684	294	4	110	0	0	2952	0,0,0,0,0,0	13156	0	419	6230	23	0	6192,6097,6097,5758,5758,5758,5758	2	44	5873,0,0,0,0,0,0	98	0
173210	648	1202	663	290	281	46	22	5	2231	14	134	645	237	3	113	0	0	3152	0,0,0,0,0,0	13032	0	471	6701	25	0	6656,6551,6551,6175,6175,6175,6175	2	45	6345,0,0,0,0,0,0	90	0
172830	698	1253	726	328	306	51	23	6	2373	16	136	650	316	7	111	0	0	3385	0,0,0,0,0,0	13069	0	505	7208	27	0	7155,7037,7037,6616,6616,6616,6616	2	36	6853,0,0,0,0,0,0	102	0
172533	673	1326	752	329	322	58	24	7	2565	18	139	636	284	7	121	0	0	3484	0,0,0,0,0,0	25090	0	428	7636	30	0	7573,7443,7443,6977,6977,6977,6977	2	27	7281,0,0,0,0,0,0	109	0
172218	679	1371	797	353	343	58	26	6	2728	20	147	617	270	5	132	0	0	3627	0,0,0,0,0,0	24984	0	461	8099	32	0	8028,7884,7884,7366,7366,7366,7366	2	34	7745,0,0,0,0,0,0	123	0
171710	827	1451	818	377	343	65	27	6	2952	22	148	644	317	9	135	0	0	3908	0,0,0,0,0,0	13316	0	650	8753	32	0	8669,8510,8510,7943,7943,7943,7943	3	76	8399,0,0,0,0,0,0	130	0
171335	881	1509	888	403	358	74	26	5	3090	25	152	616	286	6	179	0	0	4139	0,0,0,0,0,0	13134	0	553	9310	32	0	9214,9037,9037,8404,8404,8404,8404	3	44	8956,0,0,0,0,0,0	131	0
170875	875	1697	906	419	373	78	31	4	3306	27	155	593	252	2	126	0	0	4379	0,0,0,0,0,0	13203	0	635	9948	33	0	9839,9645,9645,8950,8950,8950,8950	3	62	9594,0,0,0,0,0,0	135	0
170354	933	1809	965	453	427	82	33	4	3498	29	159	565	323	4	176	0	0	4702	0,0,0,0,0,0	13051	0	696	10647	34	0	10529,10317,10317,9557,9557,9557,9557	4	61	10294,0,0,0,0,0,0	150	0
169769	1021	1941	977	478	447	83	37	5	3795	30	163	585	290	13	178	0	0	4984	0,0,0,0,0,0	13072	0	736	11384	35	0	11259,11032,11032,10216,10216,10216,10216	4	69	11031,0,0,0,0,0,0	155	0
169285	1064	2010	1056	475	481	94	39	5	4041	33	163	549	242	7	175	0	0	5219	0,0,0,0,0,0	25200	0	674	12064	36	0	11923,11677,11677,10794,10794,10794,10794	4	39	11711,0,0,0,0,0,0	171	0
168909	1027	2058	1121	508	509	107	38	6	4265	34	164	516	347	8	185	0	0	5368	0,0,0,0,0,0	25094	0	611	12679	38	0	12521,12251,12251,11283,11283,11283,11283	4	46	12326,0,0,0,0,0,0	188	0
168367	1107	2210	1206	509	491	118	47	4	4486	35	166	517	306	9	217	0	0	5688	0,0,0,0,0,0	13225	0	832	13508	44	0	13333,13035,13035,11964,11964,11964,11964	4	80	13156,0,0,0,0,0,0	200	0
167719	1194	2340	1283	546	547	119	47	5	4741	36	169	525	337	8	196	0	0	6076	0,0,0,0,0,0	13078	0	884	14394	45	0	14202,13880,13880,12725,12725,12725,12725	5	95	14042,0,0,0,0,0,0	221	0
167087	1268	2471	1327	574	553	120	54	3	5078	37	174	506	325	9	233	0	0	6367	0,0,0,0,0,0	13135	0	894	15288	49	0	15081,14733,14733,13483,13483,13483,13483	5	70	14938,0,0,0,0,0,0	219	0
166455	1368	2539	1424	621	576	127	55	5	5360	40	176	491	290	7	251	0	0	6710	0,0,0,0,0,0	13160	0	932	16216	56	0	15992,15614,15614,14257,14257,14257,14257	5	83	15868,0,0,0,0,0,0	214	0
165770	1460	2676	1507	650	625	131	53	6	5641	46	181	473	314	11	246	0	0	7102	0,0,0,0,0,0	13212	0	1021	17235	63	0	16994,16583,16583,15103,15103,15103,15103	5	79	16889,0,0,0,0,0,0	224	0
165209	1436	2777	1569	690	659	142	54	10	5966	49	185	469	325	14	221	0	0	7327	0,0,0,0,0,0	25110	0	887	18124	66	0	17864,17419,17419,15822,15822,15822,15822	5	71	17778,0,0,0,0,0,0	240	0
164643	1423	2907	1627	718	678	152	55	10	6296	51	186	470	308	15	241	0	0	7560	0,0,0,0,0,0	25150	0	922	19044	71	0	18761,18282,18282,16558,16558,16558,16558	5	71	18698,0,0,0,0,0,0	255	0
163779	1624	3039	1720	760	719	168	61	10	6623	56	187	446	224	17	286	0	0	8091	0,0,0,0,0,0	13409	0	1225	20273	76	0	19968,19452,19452,17596,17596,17596,17596	6	115	19928,0,0,0,0,0,0	280	0
162956	1698	3261	1771	819	730	187	61	10	7001	61	191	410	306	14	285	0	0	8527	0,0,0,0,0,0	13474	0	1182	21452	85	0	21127,20575,20575,18589,18589,18589,18589	7	117	21108,0,0,0,0,0,0	301	0
162183	1752	3383	1862	827	803	200	75	9	7396	63	193	393	313	11	315	0	0	8902	0,0,0,0,0,0	28824	0	1157	22610	91	0	22262,21671,21671,19545,19545,19545,19545	7	110	22266,0,0,0,0,0,0	325	0
161577	1686	3432	1992	855	876	205	87	12	7766	65	193	358	307	14	320	0	0	9133	0,0,0,0,0,0	28863	0	1029	23639	97	0	23263,22630,22630,20351,20351,20351,20351	7	103	23296,0,0,0,0,0,0	336	0
160890	1734	3503	2059	893	909	207	91	13	8183	68	196	336	285	10	365	0	0	9396	0,0,0,0,0,0	28898	0	1168	24801	109	0	24398,23718,23718,21266,21266,21266,21266	8	116	24460,0,0,0,0,0,0	345	0
160346	1662	3486	2121	944	948	219	94	16	8637	72	201	319	291	18	311	0	0	9474	0,0,0,0,0,0	42742	0	999	25804	116	0	25376,24649,24649,22030,22030,22030,22030	8	77	25463,0,0,0,0,0,0	369	0
159948	1600	3445	2135	975	946	227	101	17	9070	76	206	282	303	9	345	0	0	9429	0,0,0,0,0,0	43021	0	922	26728	121	0	26270,25491,25491,22681,22681,22681,22681	7	61	26387,0,0,0,0,0,0	379	0
159389	1614	3485	2224	995	966	241	107	18	9414	84	209	282	335	14	359	0	0	9632	0,0,0,0,0,0	28747	0	1107	27837	127	0	27348,26513,26513,23503,23503,23503,23503	8	107	27496,0,0,0,0,0,0	384	0
158749	1671	3535	2255	1036	1012	258	103	21	9805	92	209	280	259	10	321	0	0	9870	0,0,0,0,0,0	28701	0	1180	29012	137	0	28487,27599,27599,24395,24395,24395,24395	8	107	28673,0,0,0,0,0,0	382	0
158230	1676	3535	2258	1075	1012	260	109	21	10266	95	209	269	320	27	395	0	0	9925	0,0,0,0,0,0	28751	0	1092	30099	146	0	29540,28595,28595,25183,25183,25183,25183	8	87	29763,0,0,0,0,0,0	397	0
157764	1676	3513	2303	1042	1082	271	116	24	10645	101	209	244	341	16	378	0	0	10003	0,0,0,0,0,0	29008	0	1090	31185	154	0	30586,29579,29579,25941,25941,25941,25941	8	114	30850,0,0,0,0,0,0	395	0
157336	1689	3462	2322	1005	1148	281	128	28	11032	105	210	226	261	11	388	0	0	10035	0,0,0,0,0,0	29192	0	1078	32260	162	0	31621,30549,30549,26675,26675,26675,26675	8	87	31925,0,0,0,0,0,0	411	0
157100	1604	3423	2304	1001	1135	307	134	30	11386	110	212	202	336	21	363	0	0	9908	0,0,0,0,0,0	42800	0	925	33183	173	0	32502,31361,31361,27238,27238,27238,27238	8	74	32849,0,0,0,0,0,0	446	0
156967	1457	3336	2325	984	1137	308	137	29	11736	116	214	174	332	15	358	0	0	9684	0,0,0,0,0,0	42405	0	841	34023	181	0	33298,32087,32087,27707,27707,27707,27707	8	60	33689,0,0,0,0,0,0	468	0
156726	1450	3319	2323	973	1104	320	141	31	12022	123	214	149	265	15	379	0	0	9630	0,0,0,0,0,0	29085	0	995	35009	194	0	34237,32951,32951,28299,28299,28299,28299	8	101	34676,0,0,0,0,0,0	454	0
156453	1483	3243	2298	991	1108	312	142	33	12338	130	215	130	349	12	369	0	0	9577	0,0,0,0,0,0	28970	0	994	35999	201	0	35180,33822,33822,28908,28908,28908,28908	7	85	35667,0,0,0,0,0,0	471	0
156188	1544	3170	2307	968	1064	315	149	35	12651	138	217	108	303	12	378	0	0	9517	0,0,0,0,0,0	28838	0	997	36988	218	0	36122,34692,34692,29513,29513,29513,29513	7	93	36657,0,0,0,0,0,0	454	0
155943	1527	3171	2325	955	1047	321	142	35	12916	147	217	114	311	10	342	0	0	9488	0,0,0,0,0,0	28741	0	1020	37992	237	0	37078,35571,35571,30114,30114,30114,30114	8	88	37663,0,0,0,0,0,0	459	0
155760	1528	3180	2287	970	1039	316	134	35	13115	164	218	105	262	12	313	0	0	9454	0,0,0,0,0,0	28853	0	1012	38997	253	0	38030,36441,36441,30683,30683,30683,30683	7	75	38669,0,0,0,0,0,0	442	0
155738	1431	3086	2255	967	1039	312	137	38	13352	171	220	98	313	18	317	0	0	9227	0,0,0,0,0,0	42498	0	811	39794	269	0	38779,37112,37112,31070,31070,31070,31070	7	64	39468,0,0,0,0,0,0	445	0
155814	1305	3015	2235	969	1029	314	144	37	13482	181	221	94	308	8	337	0	0	9011	0,0,0,0,0,0	42830	0	766	40550	282	0	39483,37733,37733,31386,31386,31386,31386	7	45	40225,0,0,0,0,0,0	448	0
155745	1334	3048	2149	933	1002	310	139	40	13637	188	221	90	316	14	322	0	0	8915	0,0,0,0,0,0	28991	0	953	41497	293	0	40372,38534,38534,31865,31865,31865,31865	7	93	41173,0,0,0,0,0,0	449	0
155735	1333	2967	2138	970	982	300	144	40	13724	192	221	102	234	12	305	0	0	8834	0,0,0,0,0,0	28892	0	873	42366	305	0	41182,39257,39257,32273,32273,32273,32273	6	70	42042,0,0,0,0,0,0	421	0
155705	1330	2909	2095	955	997	306	142	35	13849	202	221	96	331	14	307	0	0	8734	0,0,0,0,0,0	29021	0	880	43234	323	0	41993,39985,39985,32692,32692,32692,32692	7	83	42911,0,0,0,0,0,0	431	0
155679	1326	2901	2024	939	973	311	151	36	13969	214	223	80	309	18	334	0	0	8625	0,0,0,0,0,0	28931	0	884	44104	341	0	42808,40715,40715,33110,33110,33110,33110	7	94	43782,0,0,0,0,0,0	424	0
155734	1328	2820	1991	942	952	314	150	30	14035	227	223	82	324	16	349	0	0	8497	0,0,0,0,0,0	28802	0	818	44907	360	0	43551,41373,41373,33450,33450,33450,33450	6	56	44585,0,0,0,0,0,0	443	0
155928	1207	2777	1962	924	902	308	151	28	14102	234	223	88	265	13	258	0	0	8231	0,0,0,0,0,0	42578	0	687	45587	373	0	44173,41907,41907,33663,33663,33663,33663	6	63	45267,0,0,0,0,0,0	452	0
156123	1150	2644	1965	908	875	298	161	27	14131	241	223	92	312	14	252	0	0	8001	0,0,0,0,0,0	42336	0	687	46267	382	0	44794,42440,42440,33875,33875,33875,33875	6	48	45947,0,0,0,0,0,0	440	0
156257	1109	2590	1901	884	852	297	158	30	14196	249	223	91	300	12	323	0	0	7791	0,0,0,0,0,0	29014	0	740	46997	393	0	45463,43023,43023,34137,34137,34137,34137	6	73	46677,0,0,0,0,0,0	447	0
156433	1122	2498	1865	888	826	295	157	32	14151	255	224	87	269	13	313	0	0	7651	0,0,0,0,0,0	28743	0	727	47714	407	0	46117,43587,43587,34370,34370,34370,34370	6	72	47395,0,0,0,0,0,0	439	0
156645	1168	2386	1814	857	799	299	154	31	14100	268	225	87	252	9	304	0	0	7477	0,0,0,0,0,0	28817	0	735	48437	424	0	46776,44152,44152,34589,34589,34589,34589	6	71	48119,0,0,0,0,0,0	437	0
156873	1104	2353	1773	821	768	292	142	35	14080	279	226	94	253	8	277	0	0	7253	0,0,0,0,0,0	28564	0	640	49063	441	0	47340,44632,44632,34749,34749,34749,34749	6	69	48746,0,0,0,0,0,0	435	0
157085	1043	2367	1725	755	778	292	136	29	14013	296	227	90	329	7	252	0	0	7096	0,0,0,0,0,0	28634	0	701	49754	455	0	47967,45168,45168,34949,34949,34949,34949	6	61	49438,0,0,0,0,0,0	411	0
157454	951	2201	1753	730	779	294	134	28	13887	306	229	87	269	12	235	0	0	6842	0,0,0,0,0,0	42413	0	516	50265	464	0	48418,45530,45530,34984,34984,34984,34984	5	37	49949,0,0,0,0,0,0	419	0
157860	850	2143	1747	699	735	287	143	28	13713	311	230	107	363	8	235	0	0	6604	0,0,0,0,0,0	42538	0	527	50785	473	0	48874,45894,45894,35004,35004,35004,35004	5	30	50469,0,0,0,0,0,0	428	0
158151	875	2071	1684	658	715	286	139	33	13581	322	231	103	249	6	222	0	0	6428	0,0,0,0,0,0	28580	0	608	51378	489	0	49404,46335,46335,35113,35113,35113,35113	5	54	51065,0,0,0,0,0,0	409	0
