S	E	I1	I2	I3	I4	I5_h	I6_h	R_h	R	D1	D2	H	T	P1	P2	Q	QT	NQ	MUT	HOM	VAC	NI	INF	REINF	BSTR	IMM	HCI	HCE	INFV	INFH	VNI
178074	113	127	43	46	48	9	2	0	282	2	0	187	0	0	0	0	0	388	0,0,0,0,0,0	178744	0	0	388	0	0	672,672,672,672,672,672,672	0	0	0,0,0,0,0,0,0	0	0
178028	89	164	56	42	46	10	2	0	304	2	3	307	297	0	74	0	0	409	0,0,0,0,0,0	12577	0	52	440	0	0	718,718,718,718,718,718,718	0	6	52,0,0,0,0,0,0	10	0
177964	95	186	68	44	43	11	2	0	324	2	7	394	302	1	17	0	0	449	0,0,0,0,0,0	12402	0	73	513	0	0	782,782,782,782,782,782,782	0	3	125,0,0,0,0,0,0	13	0
177907	98	208	83	47	41	12	2	0	336	2	10	486	94	0	14	0	0	491	0,0,0,0,0,0	12669	0	81	594	0	0	842,842,842,842,842,842,842	0	5	206,0,0,0,0,0,0	15	0
177846	115	221	81	56	51	13	2	0	347	2	12	577	98	2	19	0	0	539	0,0,0,0,0,0	24578	0	83	677	0	0	907,907,907,907,907,907,907	0	4	289,0,0,0,0,0,0	17	0
177775	129	222	102	66	51	15	3	0	367	2	14	601	96	0	21	0	0	588	0,0,0,0,0,0	24724	0	83	761	0	0	981,981,981,981,981,981,981	0	4	373,0,0,0,0,0,0	20	0
177697	143	241	115	66	59	18	3	0	385	2	17	632	101	1	27	0	0	645	0,0,0,0,0,0	12840	0	99	859	1	0	1064,1064,1064,1064,1064,1064,1064	0	7	472,0,0,0,0,0,0	23	0
177615	146	251	126	70	73	19	4	0	417	2	23	662	328	2	22	0	0	689	0,0,0,0,0,0	13115	0	94	953	2	0	1152,1152,1152,1151,1151,1151,1151	0	8	567,0,0,0,0,0,0	26	0
177506	171	265	139	74	74	14	4	0	463	2	34	655	236	1	23	0	0	741	0,0,0,0,0,0	13025	0	118	1071	2	0	1267,1266,1266,1265,1265,1265,1265	0	11	685,0,0,0,0,0,0	22	0
177413	180	286	152	72	76	15	6	0	503	2	41	683	287	0	31	0	0	787	0,0,0,0,0,0	13082	0	110	1183	2	0	1369,1369,1369,1367,1367,1367,1367	0	16	797,0,0,0,0,0,0	25	0
177331	179	315	157	66	78	17	8	0	549	2	44	690	140	1	22	0	0	820	0,0,0,0,0,0	12864	0	113	1295	3	0	1467,1465,1465,1459,1459,1459,1459	0	11	910,0,0,0,0,0,0	25	0
177237	183	344	171	72	83	17	9	0	582	2	46	688	147	0	32	0	0	879	0,0,0,0,0,0	24819	0	117	1416	3	0	1575,1572,1572,1562,1562,1562,1562	0	11	1031,0,0,0,0,0,0	35	0
177155	169	382	182	75	84	17	8	0	620	3	51	676	256	0	31	0	0	917	0,0,0,0,0,0	24892	0	116	1532	3	0	1680,1676,1676,1659,1659,1659,1659	0	8	1147,0,0,0,0,0,0	40	0
177024	191	425	197	77	89	18	9	0	660	3	53	706	275	0	31	0	0	1006	0,0,0,0,0,0	12857	0	163	1696	3	0	1830,1824,1824,1803,1803,1803,1803	0	14	1311,0,0,0,0,0,0	41	0
176899	207	424	218	91	101	16	10	0	717	4	59	696	325	2	32	0	0	1067	0,0,0,0,0,0	13026	0	152	1847	4	0	1974,1966,1966,1939,1939,1939,1939	0	12	1463,0,0,0,0,0,0	45	0
176739	236	463	245	98	105	20	8	1	764	5	62	694	323	5	52	0	0	1175	0,0,0,0,0,0	12845	0	204	2050	6	0	2163,2153,2153,2117,2117,2117,2117	1	23	1668,0,0,0,0,0,0	47	0
176594	257	501	239	99	117	22	8	1	839	5	64	702	223	1	42	0	0	1243	0,0,0,0,0,0	13105	0	182	2231	7	0	2333,2321,2321,2277,2277,2277,2277	1	18	1850,0,0,0,0,0,0	42	0
176435	275	534	254	113	118	23	7	1	910	6	70	717	313	4	53	0	0	1324	0,0,0,0,0,0	13009	0	196	2428	7	0	2521,2506,2506,2454,2454,2454,2454	1	18	2047,0,0,0,0,0,0	51	0
176300	289	521	282	137	147	24	7	1	956	6	76	758	269	1	46	0	0	1407	0,0,0,0,0,0	24899	0	179	2609	8	0	2694,2676,2676,2612,2612,2612,2612	1	18	2229,0,0,0,0,0,0	51	0
176155	300	540	318	147	143	24	10	1	1020	7	81	737	304	3	56	0	0	1482	0,0,0,0,0,0	25190	0	193	2801	10	0	2874,2853,2853,2778,2778,2778,2778	1	18	2422,0,0,0,0,0,0	55	0
175997	313	559	334	158	143	25	11	1	1106	7	92	721	319	1	63	0	0	1543	0,0,0,0,0,0	13236	0	207	3010	10	0	3082,3056,3056,2963,2963,2963,2963	1	18	2631,0,0,0,0,0,0	58	0
175812	338	628	343	150	151	31	12	1	1178	8	94	721	322	1	67	0	0	1653	0,0,0,0,0,0	12952	0	247	3259	10	0	3315,3284,3284,3175,3175,3175,3175	1	17	2880,0,0,0,0,0,0	58	0
175573	387	694	362	160	154	31	12	1	1270	8	94	741	252	3	75	0	0	1800	0,0,0,0,0,0	13108	0	309	3566	12	0	3606,3570,3570,3443,3443,3443,3443	1	40	3188,0,0,0,0,0,0	84	0
175337	436	768	362	161	157	37	11	1	1367	11	98	700	308	2	56	0	0	1932	0,0,0,0,0,0	13139	0	308	3877	12	0	3908,3865,3865,3715,3715,3715,3715	1	22	3499,0,0,0,0,0,0	83	0
175084	459	862	390	170	165	37	14	1	1450	12	102	720	91	4	61	0	0	2097	0,0,0,0,0,0	12987	0	328	4208	12	0	4228,4179,4179,4005,4005,4005,4005	2	38	3830,0,0,0,0,0,0	98	0
174864	442	905	440	196	190	38	12	2	1537	13	107	676	260	4	69	0	0	2223	0,0,0,0,0,0	25193	0	290	4494	17	0	4513,4457,4457,4259,4259,4259,4259	2	32	4118,0,0,0,0,0,0	109	0
174668	438	926	502	211	195	39	14	2	1629	13	109	664	321	6	93	0	0	2325	0,0,0,0,0,0	24977	0	291	4787	17	0	4787,4723,4723,4497,4497,4497,4497	2	29	4411,0,0,0,0,0,0	107	0
174348	502	966	530	230	202	43	14	2	1781	15	113	636	309	5	93	0	0	2487	0,0,0,0,0,0	13165	0	402	5191	17	0	5182,5111,5111,4858,4858,4858,4858	2	39	4815,0,0,0,0,0,0	97	0
174022	581	1010	580	249	227	48	15	2	1879	16	117	641	294	5	97	0	0	2710	0,0,0,0,0,0	13034	0	432	5626	18	0	5600,5520,5520,5234,5234,5234,5234	2	37	5250,0,0,0,0,0,0	112	0
173726	590	1088	579	265	271	47	20	3	2022	16	119	641	276	4	107	0	0	2860	0,0,0,0,0,0	13008	0	420	6048	18	0	6008,5916,5916,5589,5589,5589,5589	2	44	5672,0,0,0,0,0,0	106	0
173375	643	1182	595	288	301	49	27	3	2144	17	122	633	303	6	134	0	0	3085	0,0,0,0,0,0	13014	0	466	6514	19	0	6465,6362,6362,5996,5996,5996,5996	3	52	6138,0,0,0,0,0,0	112	0
173044	706	1259	616	300	314	53	28	3	2282	18	123	631	311	2	126	0	0	3276	0,0,0,0,0,0	12978	0	476	6992	19	0	6929,6813,6813,6397,6397,6397,6397	3	64	6616,0,0,0,0,0,0	124	0
172705	698	1332	689	314	321	61	30	4	2448	19	125	629	261	3	119	0	0	3445	0,0,0,0,0,0	25159	0	461	7453	21	0	7378,7250,7250,6794,6794,6794,6794	3	31	7078,0,0,0,0,0,0	141	0
172353	769	1362	753	332	335	63	31	4	2591	21	132	591	238	3	124	0	0	3645	0,0,0,0,0,0	25209	0	512	7965	22	0	7882,7738,7738,7226,7226,7226,7226	3	51	7590,0,0,0,0,0,0	154	0
171941	843	1420	822	340	359	65	35	2	2763	21	135	603	321	4	127	0	0	3884	0,0,0,0,0,0	13259	0	565	8526	26	0	8432,8274,8274,7709,7709,7709,7709	3	51	8152,0,0,0,0,0,0	154	0
171519	860	1568	859	364	377	71	36	3	2927	23	139	617	315	9	137	0	0	4135	0,0,0,0,0,0	13059	0	598	9123	29	0	9011,8836,8836,8213,8213,8213,8213	4	55	8749,0,0,0,0,0,0	163	0
171083	874	1682	904	409	381	77	37	4	3125	27	143	557	301	11	152	0	0	4364	0,0,0,0,0,0	13088	0	609	9731	31	0	9603,9413,9413,8731,8731,8731,8731	4	52	9358,0,0,0,0,0,0	157	0
170563	961	1797	891	418	421	86	39	6	3387	28	149	547	245	5	170	0	0	4613	0,0,0,0,0,0	13084	0	687	10416	33	0	10280,10073,10073,9332,9332,9332,9332	4	73	10044,0,0,0,0,0,0	154	0
170025	1053	1927	945	430	448	93	40	6	3598	29	152	518	302	4	211	0	0	4936	0,0,0,0,0,0	13027	0	728	11147	37	0	10998,10772,10772,9962,9962,9962,9962	4	64	10776,0,0,0,0,0,0	169	0
169602	1040	1982	1028	458	464	100	45	6	3834	31	156	504	306	5	156	0	0	5117	0,0,0,0,0,0	25094	0	610	11757	42	0	11596,11352,11352,10476,10476,10476,10476	4	38	11387,0,0,0,0,0,0	178	0
169191	1012	2078	1081	484	505	101	46	8	4049	32	159	502	333	8	186	0	0	5307	0,0,0,0,0,0	24932	0	638	12397	45	0	12220,11954,11954,10997,10997,10997,10997	4	49	12029,0,0,0,0,0,0	196	0
168595	1141	2154	1178	523	531	100	57	6	4268	32	161	494	293	11	199	0	0	5684	0,0,0,0,0,0	13413	0	842	13235	51	0	13044,12754,12754,11710,11710,11710,11710	5	99	12867,0,0,0,0,0,0	208	0
168004	1228	2230	1245	535	607	101	59	9	4529	34	165	483	334	12	233	0	0	6005	0,0,0,0,0,0	13128	0	838	14072	56	0	13865,13550,13550,12418,12418,12418,12418	5	70	13705,0,0,0,0,0,0	205	0
167322	1305	2383	1315	567	636	108	64	9	4833	36	168	465	312	15	229	0	0	6378	0,0,0,0,0,0	13132	0	907	14985	57	0	14763,14424,14424,13210,13210,13210,13210	5	85	14619,0,0,0,0,0,0	205	0
166586	1386	2618	1310	613	620	116	69	9	5208	40	171	452	314	8	240	0	0	6732	0,0,0,0,0,0	13256	0	1002	15985	64	0	15748,15383,15383,14072,14072,14072,14072	5	78	15621,0,0,0,0,0,0	229	0
165844	1506	2753	1429	649	671	126	78	9	5464	43	174	450	313	11	254	0	0	7212	0,0,0,0,0,0	13163	0	1053	17036	72	0	16781,16385,16385,14964,14964,14964,14964	6	105	16672,0,0,0,0,0,0	248	0
165270	1463	2845	1525	681	705	131	83	8	5809	47	179	462	307	8	250	0	0	7433	0,0,0,0,0,0	25124	0	865	17902	75	0	17631,17206,17206,15679,15679,15679,15679	6	62	17539,0,0,0,0,0,0	258	0
164748	1408	2864	1640	696	739	135	83	10	6189	51	183	440	352	13	253	0	0	7565	0,0,0,0,0,0	24954	0	857	18756	81	0	18466,18008,18008,16361,16361,16361,16361	6	69	18393,0,0,0,0,0,0	278	0
163946	1480	3027	1738	716	797	141	84	13	6567	54	183	428	346	12	304	0	0	7983	0,0,0,0,0,0	13310	0	1134	19896	85	0	19585,19094,19094,17325,17325,17325,17325	7	123	19534,0,0,0,0,0,0	263	0
163164	1637	3102	1847	757	843	145	80	16	6910	60	185	407	301	12	282	0	0	8411	0,0,0,0,0,0	13439	0	1176	21075	89	0	20739,20208,20208,18295,18295,18295,18295	7	91	20714,0,0,0,0,0,0	276	0
162425	1699	3220	1929	797	846	165	81	16	7315	65	188	385	324	10	280	0	0	8737	0,0,0,0,0,0	29046	0	1126	22203	93	0	21846,21276,21276,19220,19220,19220,19220	7	114	21845,0,0,0,0,0,0	277	0
161792	1720	3347	1958	814	877	177	84	16	7701	72	188	357	345	12	318	0	0	8977	0,0,0,0,0,0	28836	0	1076	23278	99	0	22895,22280,22280,20063,20063,20063,20063	8	114	22922,0,0,0,0,0,0	294	0
161066	1823	3355	2011	871	941	195	83	16	8116	77	192	337	309	12	311	0	0	9279	0,0,0,0,0,0	28850	0	1166	24450	105	0	24044,23383,23383,21003,21003,21003,21003	8	110	24096,0,0,0,0,0,0	313	0
160546	1769	3328	2117	911	964	210	84	15	8523	82	197	333	319	10	333	0	0	9383	0,0,0,0,0,0	42413	0	1000	25446	116	0	25012,24304,24304,21751,21751,21751,21751	8	73	25093,0,0,0,0,0,0	336	0
160055	1650	3427	2113	926	934	205	93	16	9039	88	200	325	309	21	323	0	0	9348	0,0,0,0,0,0	42441	0	993	26430	130	0	25969,25211,25211,22479,22479,22479,22479	8	76	26078,0,0,0,0,0,0	332	0
159556	1655	3488	2169	967	927	215	96	19	9360	93	201	331	294	15	329	0	0	9517	0,0,0,0,0,0	29110	0	1090	27515	142	0	27019,26203,26203,23258,23258,23258,23258	8	95	27164,0,0,0,0,0,0	349	0
158978	1710	3462	2212	976	989	228	105	21	9761	99	205	312	295	22	362	0	0	9682	0,0,0,0,0,0	28748	0	1121	28633	153	0	28105,27234,27234,24091,24091,24091,24091	8	99	28285,0,0,0,0,0,0	355	0
158469	1739	3445	2257	1000	1031	227	112	22	10136	101	207	297	328	25	384	0	0	9811	0,0,0,0,0,0	28790	0	1098	29730	165	0	29167,28236,28236,24879,24879,24879,24879	8	97	29384,0,0,0,0,0,0	392	0
157970	1746	3440	2313	1006	1044	258	118	22	10514	106	209	270	298	16	378	0	0	9925	0,0,0,0,0,0	28889	0	1098	30816	181	0	30218,29229,29229,25656,25656,25656,25656	8	112	30472,0,0,0,0,0,0	385	0
157451	1729	3485	2332	1037	1035	255	134	22	10947	108	211	252	323	20	377	0	0	10007	0,0,0,0,0,0	29064	0	1103	31918	193	0	31284,30237,30237,26451,26451,26451,26451	8	111	31574,0,0,0,0,0,0	419	0
157204	1680	3374	2296	1070	1051	260	132	27	11315	124	213	239	298	10	306	0	0	9863	0,0,0,0,0,0	43022	0	919	32829	205	0	32157,31042,31042,27015,27015,27015,27015	8	73	32487,0,0,0,0,0,0	414	0
157069	1522	3359	2274	1029	1060	268	133	27	11659	132	214	221	247	8	332	0	0	9645	0,0,0,0,0,0	42849	0	847	33672	212	0	32956,31771,31771,27486,27486,27486,27486	8	55	33332,0,0,0,0,0,0	432	0
156767	1479	3393	2255	1012	1067	279	134	24	11978	143	215	215	247	16	385	0	0	9619	0,0,0,0,0,0	28703	0	1015	34675	226	0	33916,32660,32660,28119,28119,28119,28119	8	85	34336,0,0,0,0,0,0	433	0
156413	1526	3363	2208	1012	1075	276	128	27	12351	152	215	213	289	14	396	0	0	9588	0,0,0,0,0,0	28907	0	1042	35719	235	0	34914,33589,33589,28796,28796,28796,28796	7	82	35381,0,0,0,0,0,0	418	0
156177	1563	3275	2257	1030	1026	296	127	28	12586	164	217	183	321	12	385	0	0	9574	0,0,0,0,0,0	28815	0	982	36699	243	0	35847,34448,34448,29382,29382,29382,29382	7	82	36361,0,0,0,0,0,0	419	0
155982	1567	3225	2285	1006	1012	301	132	31	12819	169	217	174	321	12	351	0	0	9528	0,0,0,0,0,0	28747	0	968	37662	252	0	36760,35284,35284,29938,29938,29938,29938	7	87	37325,0,0,0,0,0,0	444	0
155721	1594	3200	2296	989	1025	320	137	28	13040	179	217	164	337	11	346	0	0	9561	0,0,0,0,0,0	28852	0	1066	38715	269	0	37762,36206,36206,30570,30570,30570,30570	7	103	38379,0,0,0,0,0,0	449	0
155646	1495	3083	2272	982	1021	332	144	28	13337	189	217	151	302	14	325	0	0	9329	0,0,0,0,0,0	42645	0	828	39534	284	0	38532,36902,36902,30994,30994,30994,30994	7	67	39198,0,0,0,0,0,0	466	0
155727	1346	3085	2210	954	975	332	143	29	13526	198	221	136	247	13	319	0	0	9045	0,0,0,0,0,0	42787	0	785	40312	296	0	39258,37542,37542,31319,31319,31319,31319	7	55	39977,0,0,0,0,0,0	478	0
155658	1351	2986	2195	955	990	336	149	27	13676	202	221	125	308	10	364	0	0	8962	0,0,0,0,0,0	28740	0	903	41201	313	0	40093,38294,38294,31771,31771,31771,31771	7	75	40867,0,0,0,0,0,0	471	0
155657	1361	2940	2189	960	972	338	146	30	13722	209	222	110	256	13	353	0	0	8906	0,0,0,0,0,0	28953	0	888	42078	326	0	40911,39024,39024,32179,32179,32179,32179	7	82	41746,0,0,0,0,0,0	478	0
155621	1350	2910	2150	926	967	331	147	31	13875	215	223	103	256	10	300	0	0	8781	0,0,0,0,0,0	28968	0	856	42921	342	0	41699,39732,39732,32589,32589,32589,32589	7	69	42591,0,0,0,0,0,0	473	0
155640	1349	2833	2083	947	949	330	142	31	13992	225	225	99	265	8	297	0	0	8633	0,0,0,0,0,0	28670	0	857	43764	363	0	42487,40433,40433,32971,32971,32971,32971	7	75	43436,0,0,0,0,0,0	467	0
155582	1354	2827	2080	946	928	308	142	35	14086	232	226	89	318	12	301	0	0	8585	0,0,0,0,0,0	28773	0	888	44644	377	0	43311,41175,41175,33409,33409,33409,33409	7	99	44317,0,0,0,0,0,0	438	0
155793	1285	2744	2015	902	895	318	151	32	14146	237	228	84	277	16	301	0	0	8310	0,0,0,0,0,0	42846	0	708	45346	390	0	43953,41726,41726,33624,33624,33624,33624	7	49	45020,0,0,0,0,0,0	454	0
155987	1148	2665	1972	903	876	318	153	34	14214	247	229	84	228	14	273	0	0	8035	0,0,0,0,0,0	42406	0	649	45985	403	0	44536,42225,42225,33817,33817,33817,33817	6	43	45660,0,0,0,0,0,0	462	0
156091	1106	2648	1917	881	841	310	151	36	14280	256	229	83	306	18	292	0	0	7854	0,0,0,0,0,0	28862	0	761	46737	416	0	45228,42831,42831,34106,34106,34106,34106	6	82	46413,0,0,0,0,0,0	451	0
156143	1109	2596	1903	884	818	299	150	32	14313	270	229	99	271	10	298	0	0	7759	0,0,0,0,0,0	28733	0	777	47494	438	0	45926,43448,43448,34422,34422,34422,34422	6	68	47171,0,0,0,0,0,0	436	0
156381	1144	2493	1878	857	758	296	151	34	14248	276	230	87	287	10	277	0	0	7577	0,0,0,0,0,0	28779	0	708	48193	454	0	46559,43987,43987,34614,34614,34614,34614	6	70	47870,0,0,0,0,0,0	430	0
156579	1143	2377	1842	811	762	291	147	40	14241	282	231	83	330	13	262	0	0	7373	0,0,0,0,0,0	28477	0	694	48870	476	0	47174,44515,44515,34816,34816,34816,34816	6	69	48548,0,0,0,0,0,0	416	0
156760	1154	2345	1791	802	736	286	148	42	14164	287	231	76	274	17	273	0	0	7262	0,0,0,0,0,0	28567	0	718	49582	487	0	47822,45074,45074,35043,35043,35043,35043	6	59	49261,0,0,0,0,0,0	423	0
157121	1085	2252	1797	761	709	273	138	48	14027	302	233	92	278	11	218	0	0	7015	0,0,0,0,0,0	42434	0	560	50139	496	0	48316,45475,45475,35104,35104,35104,35104	5	43	49818,0,0,0,0,0,0	401	0
157470	989	2189	1733	763	717	274	126	55	13885	310	235	104	325	9	218	0	0	6791	0,0,0,0,0,0	42498	0	565	50694	509	0	48808,45877,45877,35170,35170,35170,35170	5	39	50373,0,0,0,0,0,0	393	0
157689	956	2155	1683	736	702	270	127	55	13820	318	235	101	293	14	277	0	0	6629	0,0,0,0,0,0	28565	0	649	51335	521	0	49385,46368,46368,35339,35339,35339,35339	5	59	51014,0,0,0,0,0,0	383	0
