S	E	I1	I2	I3	I4	I5_h	I6_h	R_h	R	D1	D2	H	T	P1	P2	Q	QT	NQ	MUT	HOM	VAC	NI	INF	REINF	BSTR	IMM	HCI	HCE	INFV	INFH	VNI
178099	117	113	65	38	53	8	5	0	248	0	0	205	0	0	0	0	0	399	0,0,0,0,0,0	178746	0	0	399	0	0	647,647,647,647,647,647,647	0	0	0,0,0,0,0,0,0	0	0
178055	87	176	70	32	43	10	5	0	267	0	1	312	297	0	79	0	0	423	0,0,0,0,0,0	12587	0	60	459	0	0	691,691,691,691,691,691,691	0	4	60,0,0,0,0,0,0	14	0
177971	114	198	78	35	47	11	5	0	284	0	3	402	289	0	9	0	0	488	0,0,0,0,0,0	12555	0	97	556	0	0	775,775,775,775,775,775,775	0	6	157,0,0,0,0,0,0	18	0
177868	142	230	94	37	45	11	7	0	307	0	5	478	237	3	13	0	0	566	0,0,0,0,0,0	12689	0	111	669	0	0	880,880,880,880,880,880,880	0	14	270,0,0,0,0,0,0	18	0
177768	155	253	110	46	50	12	8	0	332	0	12	523	267	0	20	0	0	634	0,0,0,0,0,0	24667	0	104	775	0	0	982,982,982,982,982,982,982	0	12	376,0,0,0,0,0,0	26	0
177706	149	281	115	51	56	13	8	0	351	0	16	550	91	0	24	0	0	673	0,0,0,0,0,0	24819	0	85	860	0	0	1049,1049,1049,1048,1048,1048,1048	0	9	461,0,0,0,0,0,0	24	0
177604	159	297	129	51	67	14	10	0	393	0	22	610	76	0	13	0	0	727	0,0,0,0,0,0	12715	0	108	971	0	0	1155,1155,1155,1155,1155,1155,1155	0	10	572,0,0,0,0,0,0	28	0
177512	171	300	143	71	74	15	10	0	424	0	26	629	299	3	36	0	0	784	0,0,0,0,0,0	13103	0	108	1081	0	0	1252,1252,1252,1251,1251,1251,1251	0	11	682,0,0,0,0,0,0	35	0
177417	155	335	157	76	88	18	8	1	458	1	32	666	259	4	24	0	0	837	0,0,0,0,0,0	13034	0	112	1193	0	0	1355,1354,1354,1352,1352,1352,1352	0	12	794,0,0,0,0,0,0	34	0
177299	174	344	166	82	112	19	9	1	504	1	35	690	255	0	30	0	0	906	0,0,0,0,0,0	12979	0	138	1331	0	0	1484,1483,1483,1480,1480,1480,1480	0	17	932,0,0,0,0,0,0	39	0
177163	193	364	184	80	114	20	11	1	573	2	41	699	241	1	53	0	0	966	0,0,0,0,0,0	12902	0	153	1482	2	0	1628,1627,1627,1622,1622,1622,1622	0	16	1085,0,0,0,0,0,0	46	0
177053	197	383	201	92	113	20	10	1	631	3	42	724	88	1	34	0	0	1016	0,0,0,0,0,0	24960	0	138	1618	5	0	1752,1750,1750,1741,1741,1741,1741	0	10	1224,0,0,0,0,0,0	43	0
176935	217	404	204	104	108	20	12	1	692	3	46	758	243	4	45	0	0	1069	0,0,0,0,0,0	25028	0	145	1763	7	0	1891,1887,1887,1873,1873,1873,1873	0	7	1371,0,0,0,0,0,0	50	0
176794	233	432	213	106	113	20	13	1	768	3	50	738	250	2	38	0	0	1130	0,0,0,0,0,0	13101	0	171	1933	9	0	2052,2046,2046,2026,2026,2026,2026	1	22	1543,0,0,0,0,0,0	51	0
176664	244	468	230	116	116	19	16	1	816	3	53	730	261	4	42	0	0	1209	0,0,0,0,0,0	13210	0	176	2107	11	0	2210,2202,2202,2174,2174,2174,2174	1	16	1719,0,0,0,0,0,0	48	0
176500	274	493	274	116	114	22	17	2	870	4	60	739	353	2	53	0	0	1310	0,0,0,0,0,0	12865	0	194	2304	11	0	2396,2387,2387,2352,2352,2352,2352	1	20	1916,0,0,0,0,0,0	50	0
176326	301	535	270	138	126	26	17	3	937	4	63	700	271	2	52	0	0	1413	0,0,0,0,0,0	12871	0	219	2524	11	0	2604,2591,2591,2546,2546,2546,2546	1	29	2136,0,0,0,0,0,0	64	0
176127	321	615	266	153	129	28	16	2	1016	5	68	705	157	1	53	0	0	1528	0,0,0,0,0,0	12958	0	251	2774	12	0	2842,2826,2826,2768,2768,2768,2768	1	25	2387,0,0,0,0,0,0	65	0
175943	335	671	277	158	141	27	17	4	1095	6	72	697	256	2	53	0	0	1626	0,0,0,0,0,0	24957	0	241	3013	14	0	3068,3048,3048,2976,2976,2976,2976	1	18	2627,0,0,0,0,0,0	73	0
175765	340	696	327	141	160	27	18	5	1184	6	77	694	277	4	62	0	0	1709	0,0,0,0,0,0	25036	0	221	3235	16	0	3285,3261,3261,3177,3177,3177,3177	1	17	2851,0,0,0,0,0,0	86	0
175563	357	741	344	151	178	30	17	5	1272	8	80	653	270	3	57	0	0	1818	0,0,0,0,0,0	12999	0	275	3511	16	0	3550,3520,3520,3414,3414,3414,3414	1	32	3127,0,0,0,0,0,0	92	0
175318	424	775	369	184	184	26	18	5	1353	9	81	683	327	2	87	0	0	1980	0,0,0,0,0,0	12904	0	332	3844	17	0	3869,3832,3832,3701,3701,3701,3701	1	33	3461,0,0,0,0,0,0	99	0
175088	455	814	419	193	199	26	18	5	1431	12	86	644	276	3	77	0	0	2124	0,0,0,0,0,0	13073	0	303	4149	17	0	4165,4121,4121,3968,3968,3968,3968	1	30	3766,0,0,0,0,0,0	90	0
174810	483	902	446	202	211	33	18	7	1526	12	96	626	326	5	81	0	0	2295	0,0,0,0,0,0	12911	0	352	4503	20	0	4514,4464,4464,4285,4285,4285,4285	2	31	4121,0,0,0,0,0,0	92	0
174502	543	926	504	225	239	36	19	9	1629	12	102	648	246	6	96	0	0	2492	0,0,0,0,0,0	13025	0	380	4886	20	0	4888,4831,4831,4629,4629,4629,4629	2	40	4504,0,0,0,0,0,0	99	0
174259	571	964	551	229	243	43	20	8	1739	13	106	677	245	2	85	0	0	2621	0,0,0,0,0,0	25051	0	350	5237	22	0	5227,5160,5160,4923,4923,4923,4923	2	32	4856,0,0,0,0,0,0	105	0
174000	548	1028	592	240	257	44	19	8	1887	14	109	688	298	4	97	0	0	2728	0,0,0,0,0,0	24906	0	348	5586	23	0	5564,5490,5490,5225,5225,5225,5225	2	30	5205,0,0,0,0,0,0	118	0
173651	577	1131	634	243	255	49	18	7	2054	16	111	667	305	1	108	0	0	2907	0,0,0,0,0,0	12963	0	445	6032	24	0	6002,5918,5918,5621,5621,5621,5621	2	45	5651,0,0,0,0,0,0	109	0
173320	643	1206	662	252	276	59	19	9	2168	16	116	654	311	9	108	0	0	3117	0,0,0,0,0,0	13225	0	460	6497	24	0	6454,6358,6358,6015,6015,6015,6015	2	49	6116,0,0,0,0,0,0	128	0
172931	713	1337	660	264	297	61	25	7	2316	16	119	646	322	9	115	0	0	3357	0,0,0,0,0,0	13087	0	520	7018	26	0	6966,6857,6857,6468,6468,6468,6468	3	68	6639,0,0,0,0,0,0	139	0
172498	783	1406	707	311	326	66	28	7	2474	17	123	642	299	6	117	0	0	3627	0,0,0,0,0,0	13264	0	554	7570	28	0	7508,7387,7387,6958,6958,6958,6958	3	69	7192,0,0,0,0,0,0	159	0
172042	839	1480	792	337	362	72	33	7	2639	18	125	635	290	10	134	0	0	3915	0,0,0,0,0,0	13159	0	590	8161	30	0	8086,7954,7954,7479,7479,7479,7479	4	77	7783,0,0,0,0,0,0	147	0
171695	853	1487	861	367	389	73	35	5	2832	21	128	612	327	9	119	0	0	4065	0,0,0,0,0,0	24839	0	492	8656	30	0	8570,8423,8423,7897,7897,7897,7897	4	34	8278,0,0,0,0,0,0	160	0
171350	829	1548	907	378	420	82	38	5	3026	24	139	613	360	11	165	0	0	4202	0,0,0,0,0,0	24893	0	499	9157	32	0	9069,8906,8906,8322,8322,8322,8322	4	54	8780,0,0,0,0,0,0	158	0
170817	902	1698	910	400	436	87	40	8	3279	27	142	595	310	12	184	0	0	4473	0,0,0,0,0,0	13260	0	708	9863	35	0	9764,9584,9584,8939,8939,8939,8939	4	67	9487,0,0,0,0,0,0	175	0
170306	999	1786	993	406	430	89	44	9	3510	29	145	592	255	10	184	0	0	4747	0,0,0,0,0,0	13077	0	694	10557	38	0	10440,10242,10242,9536,9536,9536,9536	4	82	10182,0,0,0,0,0,0	187	0
169753	1058	1930	1046	449	442	92	44	8	3744	31	149	576	257	7	160	0	0	5061	0,0,0,0,0,0	13102	0	743	11297	42	0	11165,10949,10949,10178,10178,10178,10178	5	88	10925,0,0,0,0,0,0	192	0
169143	1137	2075	1088	487	482	102	43	9	3998	32	150	556	277	8	169	0	0	5414	0,0,0,0,0,0	13155	0	814	12111	44	0	11964,11728,11728,10885,10885,10885,10885	5	80	11739,0,0,0,0,0,0	194	0
168490	1267	2220	1182	510	506	106	43	9	4224	35	154	526	334	16	200	0	0	5834	0,0,0,0,0,0	13092	0	885	13000	46	0	12838,12579,12579,11652,11652,11652,11652	5	80	12628,0,0,0,0,0,0	202	0
167978	1246	2331	1271	540	518	110	50	9	4498	36	159	510	324	11	198	0	0	6066	0,0,0,0,0,0	24973	0	771	13771	50	0	13591,13307,13307,12289,12289,12289,12289	5	61	13400,0,0,0,0,0,0	219	0
167415	1221	2489	1332	580	568	117	50	10	4762	40	162	503	339	12	195	0	0	6357	0,0,0,0,0,0	25416	0	834	14601	60	0	14407,14096,14096,12981,12981,12981,12981	6	74	14234,0,0,0,0,0,0	241	0
166645	1345	2615	1433	615	622	130	56	10	5070	43	162	497	295	15	260	0	0	6816	0,0,0,0,0,0	13225	0	1037	15633	65	0	15421,15085,15085,13877,13877,13877,13877	6	102	15266,0,0,0,0,0,0	236	0
165939	1474	2717	1546	648	668	135	57	10	5339	47	166	482	242	4	250	0	0	7245	0,0,0,0,0,0	13180	0	1028	16659	71	0	16423,16055,16055,14734,14734,14734,14734	6	103	16295,0,0,0,0,0,0	260	0
165219	1559	2804	1635	712	709	143	63	11	5675	50	166	444	244	12	286	0	0	7625	0,0,0,0,0,0	13101	0	1032	17694	74	0	17437,17038,17038,15604,15604,15604,15604	7	100	17330,0,0,0,0,0,0	272	0
164411	1655	3017	1688	737	777	152	70	10	6004	54	171	436	322	10	276	0	0	8096	0,0,0,0,0,0	13064	0	1141	18839	78	0	18560,18128,18128,16573,16573,16573,16573	7	113	18475,0,0,0,0,0,0	281	0
163596	1699	3215	1750	767	798	162	80	12	6437	55	175	414	335	16	297	0	0	8471	0,0,0,0,0,0	13218	0	1168	20005	85	0	19705,19237,19237,17556,17556,17556,17556	7	116	19643,0,0,0,0,0,0	279	0
162927	1671	3297	1863	821	840	163	76	15	6834	61	178	395	337	14	302	0	0	8731	0,0,0,0,0,0	25108	0	1039	21048	89	0	20726,20221,20221,18405,18405,18405,18405	7	75	20688,0,0,0,0,0,0	328	0
162253	1650	3400	1955	864	869	172	76	16	7242	67	182	401	328	13	294	0	0	8986	0,0,0,0,0,0	25138	0	1059	22101	99	0	21757,21214,21214,19262,19262,19262,19262	7	76	21743,0,0,0,0,0,0	315	0
161374	1772	3535	2118	904	890	186	86	16	7608	72	185	382	310	27	375	0	0	9491	0,0,0,0,0,0	13396	0	1329	23435	102	0	23064,22476,22476,20359,20359,20359,20359	8	126	23078,0,0,0,0,0,0	315	0
160409	1917	3707	2153	936	938	202	86	20	8113	77	188	357	322	26	350	0	0	9939	0,0,0,0,0,0	13378	0	1346	24780	113	0	24386,23759,23759,21503,21503,21503,21503	8	110	24425,0,0,0,0,0,0	335	0
159614	1961	3836	2251	1017	971	207	90	21	8508	80	190	347	327	29	337	0	0	10333	0,0,0,0,0,0	28793	0	1288	26067	127	0	25643,24967,24967,22533,22533,22533,22533	8	104	25712,0,0,0,0,0,0	350	0
158894	1921	3936	2340	1069	1003	203	99	23	8982	85	191	335	285	20	349	0	0	10571	0,0,0,0,0,0	28683	0	1242	27307	137	0	26850,26122,26122,23500,23500,23500,23500	8	93	26952,0,0,0,0,0,0	338	0
158092	1932	4023	2439	1094	1029	216	101	23	9510	93	194	338	352	17	386	0	0	10834	0,0,0,0,0,0	28794	0	1330	28636	148	0	28149,27368,27368,24554,24554,24554,24554	8	114	28282,0,0,0,0,0,0	329	0
157542	1913	3904	2493	1157	1072	223	111	22	10015	98	196	303	311	21	361	0	0	10873	0,0,0,0,0,0	42663	0	1124	29755	162	0	29235,28397,28397,25376,25376,25376,25376	8	93	29403,0,0,0,0,0,0	365	0
157057	1764	3907	2550	1156	1065	236	121	22	10565	105	198	291	351	21	386	0	0	10799	0,0,0,0,0,0	42826	0	1050	30807	168	0	30253,29358,29358,26132,26132,26132,26132	8	59	30456,0,0,0,0,0,0	377	0
156463	1754	3933	2553	1166	1099	243	128	23	11075	111	198	272	249	22	406	0	0	10876	0,0,0,0,0,0	28739	0	1219	32021	179	0	31429,30472,30472,27020,27020,27020,27020	8	102	31671,0,0,0,0,0,0	385	0
155885	1871	3799	2542	1181	1163	255	149	22	11563	116	200	241	268	23	441	0	0	10960	0,0,0,0,0,0	29036	0	1219	33238	192	0	32605,31584,31584,27900,27900,27900,27900	8	108	32888,0,0,0,0,0,0	404	0
155451	1898	3767	2559	1173	1147	285	159	24	11959	124	200	218	343	21	428	0	0	10988	0,0,0,0,0,0	28821	0	1170	34398	203	0	33721,32627,32627,28679,28679,28679,28679	8	85	34051,0,0,0,0,0,0	433	0
155005	1822	3780	2611	1169	1121	298	162	26	12417	134	201	204	271	13	386	0	0	10963	0,0,0,0,0,0	28997	0	1133	35520	220	0	34801,33640,33640,29445,29445,29445,29445	8	92	35174,0,0,0,0,0,0	446	0
154566	1838	3732	2644	1156	1109	299	169	26	12855	150	202	176	311	17	378	0	0	10947	0,0,0,0,0,0	28791	0	1162	36677	235	0	35914,34680,34680,30223,30223,30223,30223	8	99	36332,0,0,0,0,0,0	456	0
154386	1716	3682	2620	1146	1105	310	176	25	13217	160	203	161	286	17	346	0	0	10755	0,0,0,0,0,0	42791	0	967	37644	244	0	36832,35520,35520,30777,30777,30777,30777	8	69	37299,0,0,0,0,0,0	476	0
154189	1519	3703	2586	1146	1126	321	182	25	13576	167	206	123	329	10	381	0	0	10583	0,0,0,0,0,0	42954	0	957	38592	264	0	37735,36347,36347,31330,31330,31330,31330	7	56	38249,0,0,0,0,0,0	485	0
153913	1537	3647	2540	1118	1150	327	184	23	13923	177	207	103	333	13	392	0	0	10503	0,0,0,0,0,0	29053	0	1070	39655	276	0	38748,37282,37282,31978,31978,31978,31978	7	76	39312,0,0,0,0,0,0	502	0
153670	1603	3426	2614	1107	1138	318	197	22	14258	186	207	88	317	22	401	0	0	10403	0,0,0,0,0,0	28868	0	1069	40703	304	0	39744,38196,38196,32597,32597,32597,32597	7	75	40363,0,0,0,0,0,0	498	0
153572	1590	3355	2575	1085	1101	328	195	24	14517	197	207	81	314	18	404	0	0	10229	0,0,0,0,0,0	28920	0	995	41692	313	0	40675,39039,39039,33115,33115,33115,33115	7	75	41353,0,0,0,0,0,0	504	0
153392	1613	3333	2483	1071	1080	318	199	24	14814	211	208	71	314	14	378	0	0	10097	0,0,0,0,0,0	28939	0	1051	42740	322	0	41668,39945,39945,33702,33702,33702,33702	7	90	42403,0,0,0,0,0,0	491	0
153330	1597	3245	2527	1052	1042	315	198	27	14984	220	209	65	257	16	371	0	0	9976	0,0,0,0,0,0	29296	0	972	43705	336	0	42575,40761,40761,34187,34187,34187,34187	7	91	43371,0,0,0,0,0,0	490	0
153437	1454	3250	2404	1051	1006	323	190	31	15157	234	209	60	325	11	325	0	0	9678	0,0,0,0,0,0	42777	0	861	44553	353	0	43362,41452,41452,34529,34529,34529,34529	7	54	44220,0,0,0,0,0,0	493	0
153556	1342	3207	2357	1007	991	326	190	35	15278	248	209	56	305	14	306	0	0	9420	0,0,0,0,0,0	42723	0	816	45358	370	0	44107,42104,42104,34844,34844,34844,34844	6	51	45025,0,0,0,0,0,0	485	0
153485	1372	3142	2265	1007	966	309	186	37	15509	259	209	57	250	16	357	0	0	9247	0,0,0,0,0,0	28642	0	960	46303	391	0	44993,42903,42903,35321,35321,35321,35321	6	93	45972,0,0,0,0,0,0	481	0
153557	1375	3067	2244	983	954	303	188	39	15555	272	209	65	316	20	332	0	0	9114	0,0,0,0,0,0	28639	0	890	47179	407	0	45804,43619,43619,35688,35688,35688,35688	6	76	46849,0,0,0,0,0,0	465	0
153680	1398	2904	2203	973	979	298	190	42	15587	283	209	55	261	17	332	0	0	8945	0,0,0,0,0,0	28900	0	835	48002	422	0	46563,44283,44283,36004,36004,36004,36004	6	82	47672,0,0,0,0,0,0	470	0
153861	1362	2877	2211	931	957	311	183	45	15498	300	210	52	351	18	335	0	0	8832	0,0,0,0,0,0	28833	0	841	48838	436	0	47331,44950,44950,36296,36296,36296,36296	6	47	48509,0,0,0,0,0,0	463	0
154009	1312	2884	2128	908	915	308	186	43	15529	314	210	47	248	10	309	0	0	8641	0,0,0,0,0,0	28740	0	845	49664	458	0	48090,45612,45612,36598,36598,36598,36598	6	66	49336,0,0,0,0,0,0	470	0
154265	1230	2803	2080	897	898	310	175	44	15502	331	211	40	292	13	271	0	0	8393	0,0,0,0,0,0	42674	0	729	50374	482	0	48736,46160,46160,36790,36790,36790,36790	5	34	50047,0,0,0,0,0,0	468	0
154615	1157	2658	2053	901	860	306	177	39	15430	339	211	44	242	4	290	0	0	8112	0,0,0,0,0,0	42523	0	643	51007	497	0	49303,46629,46629,36897,36897,36897,36897	5	31	50680,0,0,0,0,0,0	466	0
154854	1145	2583	1967	895	833	307	175	44	15381	351	211	48	316	9	293	0	0	7905	0,0,0,0,0,0	28644	0	772	51767	514	0	49992,47218,47218,37116,37116,37116,37116	5	53	51440,0,0,0,0,0,0	454	0
155114	1125	2537	1945	853	846	295	162	50	15245	363	211	52	239	10	316	0	0	7763	0,0,0,0,0,0	28815	0	720	52475	529	0	50629,47758,47758,37297,37297,37297,37297	5	59	52148,0,0,0,0,0,0	444	0
155442	1088	2452	1914	841	827	293	148	54	15098	378	211	62	273	12	267	0	0	7563	0,0,0,0,0,0	28829	0	700	53151	555	0	51235,48264,48264,37428,37428,37428,37428	5	59	52827,0,0,0,0,0,0	420	0
155755	1067	2375	1853	845	791	284	139	50	14985	391	211	72	242	9	276	0	0	7354	0,0,0,0,0,0	28595	0	681	53813	575	0	51827,48758,48758,37559,37559,37559,37559	5	58	53490,0,0,0,0,0,0	419	0
156101	1022	2314	1806	836	771	274	139	48	14821	402	212	81	331	12	296	0	0	7162	0,0,0,0,0,0	28791	0	639	54438	591	0	52382,49215,49215,37653,37653,37653,37653	5	55	54117,0,0,0,0,0,0	394	0
156466	922	2207	1748	816	739	264	141	48	14773	409	213	81	218	5	217	0	0	6837	0,0,0,0,0,0	42444	0	545	54977	604	0	52855,49598,49598,37699,37699,37699,37699	5	40	54656,0,0,0,0,0,0	397	0
156872	863	2079	1691	788	753	264	141	48	14616	418	213	92	291	10	230	0	0	6579	0,0,0,0,0,0	42615	0	539	55501	621	0	53312,49963,49963,37718,37718,37718,37718	4	38	55181,0,0,0,0,0,0	386	0
157149	890	1993	1632	750	726	263	139	45	14513	432	214	94	346	6	289	0	0	6393	0,0,0,0,0,0	28673	0	630	56117	638	0	53862,50422,50422,37841,37841,37841,37841	4	63	55798,0,0,0,0,0,0	382	0
