S	E	I1	I2	I3	I4	I5_h	I6_h	R_h	R	D1	D2	H	T	P1	P2	Q	QT	NQ	MUT	HOM	VAC	NI	INF	REINF	BSTR	IMM	HCI	HCE	INFV	INFH	VNI
178119	113	117	51	34	44	10	5	0	252	1	0	179	0	0	0	0	0	374	0,0,0,0,0,0	178745	0	0	374	0	0	627,627,627,627,627,627,627	0	0	0,0,0,0,0,0,0	0	0
178065	96	163	55	32	43	10	4	1	274	1	2	335	280	0	78	0	0	403	0,0,0,0,0,0	12573	0	62	437	0	0	681,681,681,681,681,681,681	0	5	63,0,0,0,0,0,0	14	0
177998	107	180	70	31	43	10	6	0	294	1	6	431	326	0	17	0	0	447	0,0,0,0,0,0	12636	0	75	512	0	0	748,748,748,748,748,748,748	0	4	138,0,0,0,0,0,0	14	0
177942	121	189	80	39	48	10	7	0	300	1	9	464	341	0	10	0	0	494	0,0,0,0,0,0	12742	0	71	583	0	0	806,806,806,806,806,806,806	0	5	209,0,0,0,0,0,0	18	0
177851	122	226	99	47	47	10	7	0	324	1	12	504	249	0	18	0	0	558	0,0,0,0,0,0	24796	0	98	681	0	0	898,898,898,898,898,898,898	0	5	307,0,0,0,0,0,0	21	0
177800	113	235	117	50	49	11	7	0	348	1	15	554	262	0	14	0	0	582	0,0,0,0,0,0	24945	0	68	749	0	0	952,952,952,952,952,952,952	0	4	375,0,0,0,0,0,0	25	0
177710	129	256	122	50	55	13	7	1	383	1	19	593	96	0	24	0	0	632	0,0,0,0,0,0	12917	0	100	853	0	0	1046,1046,1046,1046,1046,1046,1046	0	5	479,0,0,0,0,0,0	26	0
177628	146	264	125	55	65	15	6	1	417	2	22	622	321	2	22	0	0	676	0,0,0,0,0,0	12938	0	100	954	0	0	1134,1133,1133,1131,1131,1131,1131	0	5	580,0,0,0,0,0,0	30	0
177538	152	278	137	65	74	15	8	1	449	2	27	628	249	0	19	0	0	729	0,0,0,0,0,0	12969	0	107	1061	0	0	1230,1229,1229,1227,1227,1227,1227	0	5	687,0,0,0,0,0,0	28	0
177442	160	313	153	60	73	19	8	1	485	3	29	660	235	0	37	0	0	786	0,0,0,0,0,0	13003	0	118	1180	0	0	1336,1335,1335,1333,1333,1333,1333	0	12	806,0,0,0,0,0,0	31	0
177344	187	335	161	65	72	18	10	1	520	3	30	647	253	0	27	0	0	848	0,0,0,0,0,0	12944	0	134	1315	0	0	1448,1447,1447,1442,1442,1442,1442	0	11	941,0,0,0,0,0,0	34	0
177244	185	356	178	71	79	19	10	1	566	4	33	625	249	2	27	0	0	898	0,0,0,0,0,0	24969	0	118	1431	2	0	1558,1556,1556,1548,1548,1548,1548	0	11	1059,0,0,0,0,0,0	40	0
177158	171	357	199	85	91	20	11	1	610	4	39	638	315	1	37	0	0	934	0,0,0,0,0,0	25003	0	104	1539	3	0	1660,1656,1656,1644,1644,1644,1644	0	5	1168,0,0,0,0,0,0	45	0
177036	202	369	199	88	95	20	13	1	676	4	43	658	257	2	39	0	0	986	0,0,0,0,0,0	12953	0	153	1691	4	0	1801,1796,1796,1779,1779,1779,1779	0	13	1321,0,0,0,0,0,0	42	0
176896	219	402	209	87	105	20	12	1	741	5	49	652	247	0	45	0	0	1054	0,0,0,0,0,0	12996	0	166	1855	6	0	1957,1951,1951,1929,1929,1929,1929	0	18	1487,0,0,0,0,0,0	50	0
176772	224	449	220	81	115	23	13	1	789	5	54	669	282	1	48	0	0	1125	0,0,0,0,0,0	13098	0	163	2018	7	0	2112,2103,2103,2072,2072,2072,2072	0	15	1651,0,0,0,0,0,0	51	0
176612	250	471	241	99	114	25	14	1	854	5	60	683	246	2	36	0	0	1214	0,0,0,0,0,0	12988	0	189	2207	7	0	2296,2285,2285,2247,2247,2247,2247	0	22	1840,0,0,0,0,0,0	58	0
176462	258	516	267	109	105	23	16	1	921	5	63	687	239	3	46	0	0	1294	0,0,0,0,0,0	12990	0	195	2402	7	0	2480,2466,2466,2418,2418,2418,2418	1	17	2035,0,0,0,0,0,0	57	0
176340	262	529	283	122	110	25	17	1	983	8	66	708	253	2	43	0	0	1348	0,0,0,0,0,0	24780	0	172	2572	9	0	2642,2625,2625,2563,2563,2563,2563	1	11	2206,0,0,0,0,0,0	54	0
176215	244	570	289	135	118	28	15	2	1049	10	71	706	301	1	43	0	0	1399	0,0,0,0,0,0	25063	0	176	2747	10	0	2811,2789,2789,2713,2713,2713,2713	1	12	2382,0,0,0,0,0,0	69	0
176038	287	594	312	143	126	31	15	2	1111	10	77	694	325	0	48	0	0	1508	0,0,0,0,0,0	13038	0	231	2978	11	0	3031,3006,3006,2915,2915,2915,2915	1	22	2614,0,0,0,0,0,0	70	0
175839	312	642	332	147	150	33	13	5	1183	10	80	690	263	3	60	0	0	1629	0,0,0,0,0,0	13057	0	254	3232	11	0	3274,3244,3244,3138,3138,3138,3138	1	23	2868,0,0,0,0,0,0	80	0
175656	353	685	336	153	167	33	14	5	1251	10	83	699	305	5	59	0	0	1741	0,0,0,0,0,0	12986	0	265	3496	12	0	3526,3489,3489,3360,3360,3360,3360	1	32	3133,0,0,0,0,0,0	78	0
175405	395	727	378	171	197	36	14	4	1322	11	86	686	305	6	74	0	0	1918	0,0,0,0,0,0	13120	0	303	3799	13	0	3822,3781,3781,3636,3636,3636,3636	1	34	3437,0,0,0,0,0,0	89	0
175133	425	832	389	187	196	34	16	3	1428	13	90	675	237	3	79	0	0	2079	0,0,0,0,0,0	12960	0	342	4142	14	0	4158,4110,4110,3942,3942,3942,3942	2	49	3780,0,0,0,0,0,0	85	0
174894	469	867	436	207	207	42	17	3	1494	15	95	676	317	5	75	0	0	2245	0,0,0,0,0,0	24916	0	328	4470	15	0	4475,4420,4420,4225,4225,4225,4225	2	28	4108,0,0,0,0,0,0	101	0
174684	479	876	477	224	210	45	15	4	1618	16	98	671	322	3	88	0	0	2326	0,0,0,0,0,0	24933	0	300	4770	15	0	4764,4702,4702,4479,4479,4479,4479	2	24	4408,0,0,0,0,0,0	114	0
174412	484	979	516	222	222	46	19	4	1726	16	100	666	283	8	93	0	0	2488	0,0,0,0,0,0	13213	0	368	5145	16	0	5122,5051,5051,4796,4796,4796,4796	2	45	4783,0,0,0,0,0,0	116	0
174072	552	1062	526	223	245	45	22	4	1875	16	104	632	255	7	91	0	0	2675	0,0,0,0,0,0	13133	0	419	5567	16	0	5534,5455,5455,5175,5175,5175,5175	2	43	5205,0,0,0,0,0,0	116	0
173733	615	1132	544	255	259	44	23	4	2006	19	112	598	264	3	96	0	0	2872	0,0,0,0,0,0	13017	0	453	6024	16	0	5984,5894,5894,5573,5573,5573,5573	2	44	5662,0,0,0,0,0,0	111	0
173321	701	1206	602	285	275	56	27	3	2135	19	116	631	303	7	128	0	0	3152	0,0,0,0,0,0	12941	0	508	6533	20	0	6486,6386,6386,6031,6031,6031,6031	3	51	6173,0,0,0,0,0,0	111	0
172880	775	1306	656	305	295	59	29	4	2298	19	120	619	313	3	124	0	0	3425	0,0,0,0,0,0	13054	0	544	7080	20	0	7025,6915,6915,6524,6524,6524,6524	3	48	6720,0,0,0,0,0,0	118	0
172557	770	1381	707	307	323	66	31	4	2457	20	123	616	312	5	121	0	0	3585	0,0,0,0,0,0	24889	0	464	7544	21	0	7477,7354,7354,6915,6915,6915,6915	3	39	7184,0,0,0,0,0,0	135	0
172212	764	1473	780	323	306	75	29	4	2630	25	125	606	296	9	132	0	0	3750	0,0,0,0,0,0	24742	0	495	8040	23	0	7962,7824,7824,7333,7333,7333,7333	3	35	7680,0,0,0,0,0,0	145	0
171779	824	1546	852	370	327	73	32	3	2787	26	127	568	236	6	136	0	0	4024	0,0,0,0,0,0	13028	0	571	8610	26	0	8520,8370,8370,7830,7830,7830,7830	3	56	8251,0,0,0,0,0,0	152	0
171325	845	1624	924	417	349	81	35	5	2981	29	131	566	309	14	137	0	0	4275	0,0,0,0,0,0	13205	0	606	9217	29	0	9115,8950,8950,8357,8357,8357,8357	3	49	8858,0,0,0,0,0,0	152	0
170830	916	1738	974	408	373	94	38	6	3204	31	134	537	333	9	151	0	0	4541	0,0,0,0,0,0	12990	0	661	9882	29	0	9769,9587,9587,8934,8934,8934,8934	4	71	9523,0,0,0,0,0,0	167	0
170304	1017	1819	1023	454	383	101	44	5	3425	32	139	536	319	8	162	0	0	4841	0,0,0,0,0,0	13066	0	703	10583	32	0	10457,10258,10258,9544,9544,9544,9544	4	63	10225,0,0,0,0,0,0	185	0
169673	1129	1986	1056	477	434	94	50	4	3670	34	139	508	311	7	152	0	0	5226	0,0,0,0,0,0	13046	0	818	11403	35	0	11261,11044,11044,10264,10264,10264,10264	5	96	11047,0,0,0,0,0,0	186	0
169246	1097	2048	1112	502	464	105	52	5	3931	41	143	487	239	5	184	0	0	5380	0,0,0,0,0,0	25000	0	634	12039	37	0	11883,11645,11645,10792,10792,10792,10792	5	55	11683,0,0,0,0,0,0	207	0
168800	1082	2141	1165	547	507	103	54	5	4150	47	145	493	297	8	189	0	0	5599	0,0,0,0,0,0	24880	0	679	12719	42	0	12545,12285,12285,11350,11350,11350,11350	5	56	12364,0,0,0,0,0,0	221	0
168143	1195	2259	1219	566	531	109	61	4	4462	49	148	476	281	13	235	0	0	5940	0,0,0,0,0,0	13294	0	871	13588	45	0	13400,13119,13119,12109,12109,12109,12109	5	90	13233,0,0,0,0,0,0	219	0
167432	1344	2374	1308	608	548	121	67	6	4734	50	154	462	307	7	237	0	0	6370	0,0,0,0,0,0	13054	0	957	14545	48	0	14342,14036,14036,12937,12937,12937,12937	5	87	14190,0,0,0,0,0,0	228	0
166794	1369	2504	1366	640	621	126	74	7	5038	52	155	427	264	15	231	0	0	6700	0,0,0,0,0,0	13153	0	892	15439	51	0	15219,14887,14887,13697,13697,13697,13697	6	102	15084,0,0,0,0,0,0	237	0
166088	1453	2697	1460	670	648	144	79	9	5290	52	156	414	338	19	269	0	0	7151	0,0,0,0,0,0	13187	0	1029	16469	53	0	16229,15865,15865,14559,14559,14559,14559	6	103	16114,0,0,0,0,0,0	242	0
165375	1491	2875	1554	675	706	153	86	9	5608	54	160	417	281	11	237	0	0	7540	0,0,0,0,0,0	13219	0	1031	17502	58	0	17244,16849,16849,15426,15426,15426,15426	7	89	17148,0,0,0,0,0,0	255	0
164735	1503	2949	1667	684	744	154	88	12	5991	56	163	381	331	12	282	0	0	7789	0,0,0,0,0,0	25138	0	955	18462	63	0	18187,17759,17759,16220,16220,16220,16220	7	71	18108,0,0,0,0,0,0	287	0
164091	1542	3049	1695	748	761	168	93	12	6362	60	165	358	339	14	265	0	0	8056	0,0,0,0,0,0	25004	0	1016	19475	69	0	19177,18712,18712,17042,17042,17042,17042	7	76	19121,0,0,0,0,0,0	288	0
163214	1668	3246	1774	768	767	178	83	17	6793	70	168	376	313	13	325	0	0	8484	0,0,0,0,0,0	13402	0	1232	20708	78	0	20392,19891,19891,18090,18090,18090,18090	7	118	20358,0,0,0,0,0,0	281	0
162416	1778	3266	1847	836	824	188	90	16	7239	74	172	340	327	15	296	0	0	8829	0,0,0,0,0,0	13222	0	1183	21889	83	0	21550,21011,21011,19071,19071,19071,19071	7	112	21539,0,0,0,0,0,0	297	0
161759	1710	3409	1938	890	872	191	96	20	7612	77	172	325	313	21	326	0	0	9106	0,0,0,0,0,0	28796	0	1087	22970	93	0	22605,22023,22023,19930,19930,19930,19930	8	97	22622,0,0,0,0,0,0	299	0
161052	1705	3553	1977	904	934	207	101	23	8037	80	173	277	327	11	340	0	0	9381	0,0,0,0,0,0	28776	0	1165	24135	105	0	23741,23114,23114,20855,20855,20855,20855	8	118	23787,0,0,0,0,0,0	319	0
160347	1732	3613	2085	962	941	213	108	25	8463	82	175	278	301	22	360	0	0	9654	0,0,0,0,0,0	29033	0	1171	25303	112	0	24880,24207,24207,21780,21780,21780,21780	8	106	24955,0,0,0,0,0,0	348	0
159794	1737	3581	2174	968	957	230	110	27	8902	89	177	273	304	16	313	0	0	9757	0,0,0,0,0,0	42480	0	1050	26349	122	0	25899,25176,25176,22569,22569,22569,22569	8	48	26004,0,0,0,0,0,0	348	0
159288	1653	3539	2280	1018	970	239	119	31	9340	91	178	266	315	15	307	0	0	9818	0,0,0,0,0,0	42888	0	995	27340	131	0	26861,26090,26090,23307,23307,23307,23307	8	63	26996,0,0,0,0,0,0	386	0
158718	1635	3605	2316	1022	962	248	129	27	9810	95	179	255	355	14	400	0	0	9917	0,0,0,0,0,0	28958	0	1135	28470	139	0	27957,27129,27129,24144,24144,24144,24144	8	110	28128,0,0,0,0,0,0	402	0
158199	1663	3602	2338	1055	1012	264	130	28	10170	103	182	233	307	19	349	0	0	10064	0,0,0,0,0,0	28949	0	1132	29594	151	0	29044,28155,28155,24950,24950,24950,24950	8	112	29252,0,0,0,0,0,0	400	0
157626	1714	3596	2411	1060	1030	272	141	30	10576	108	182	218	340	26	372	0	0	10224	0,0,0,0,0,0	28639	0	1177	30770	160	0	30182,29233,29233,25809,25809,25809,25809	8	102	30429,0,0,0,0,0,0	417	0
157180	1740	3488	2467	1052	1054	290	138	33	11007	114	183	213	337	17	384	0	0	10229	0,0,0,0,0,0	29123	0	1078	31847	167	0	31220,30208,30208,26554,26554,26554,26554	8	93	31506,0,0,0,0,0,0	452	0
156694	1761	3448	2474	1060	1067	284	144	30	11479	121	184	194	284	14	400	0	0	10238	0,0,0,0,0,0	29085	0	1115	32961	173	0	32296,31220,31220,27337,27337,27337,27337	8	96	32623,0,0,0,0,0,0	438	0
156435	1675	3385	2479	1057	1011	297	145	38	11912	127	185	179	263	18	330	0	0	10049	0,0,0,0,0,0	42721	0	938	33886	190	0	33179,32037,32037,27911,27911,27911,27911	8	52	33549,0,0,0,0,0,0	449	0
156305	1532	3373	2468	1037	1022	291	142	38	12217	132	189	165	345	20	320	0	0	9865	0,0,0,0,0,0	43005	0	888	34769	204	0	34016,32798,32798,28399,28399,28399,28399	8	67	34434,0,0,0,0,0,0	462	0
155984	1527	3359	2416	1037	1036	292	141	32	12592	140	190	154	294	10	386	0	0	9808	0,0,0,0,0,0	28898	0	1040	35804	214	0	35005,33717,33717,29057,29057,29057,29057	7	86	35469,0,0,0,0,0,0	455	0
155764	1564	3242	2393	1028	1005	293	148	32	12939	145	193	150	312	19	349	0	0	9673	0,0,0,0,0,0	28863	0	1001	36793	229	0	35947,34581,34581,29639,29639,29639,29639	7	101	36462,0,0,0,0,0,0	437	0
155504	1601	3229	2324	983	984	304	142	34	13288	160	193	138	283	12	354	0	0	9567	0,0,0,0,0,0	28944	0	1019	37806	241	0	36912,35470,35470,30254,30254,30254,30254	7	90	37477,0,0,0,0,0,0	447	0
155369	1588	3215	2299	979	1012	295	130	37	13452	173	197	131	270	18	337	0	0	9518	0,0,0,0,0,0	28829	0	946	38743	256	0	37799,36277,36277,30766,30766,30766,30766	7	71	38416,0,0,0,0,0,0	437	0
155142	1609	3305	2208	975	1009	299	133	33	13652	183	198	123	318	14	331	0	0	9538	0,0,0,0,0,0	28788	0	1068	39800	270	0	38802,37197,37197,31383,31383,31383,31383	7	89	39473,0,0,0,0,0,0	430	0
155158	1487	3245	2206	971	1036	289	143	35	13790	188	198	110	362	11	302	0	0	9377	0,0,0,0,0,0	42463	0	823	40622	280	0	39570,37881,37881,31761,31761,31761,31761	7	50	40295,0,0,0,0,0,0	429	0
155193	1386	3116	2171	968	1045	296	145	35	13995	197	199	109	264	9	324	0	0	9127	0,0,0,0,0,0	42529	0	775	41390	298	0	40286,38517,38517,32104,32104,32104,32104	6	48	41064,0,0,0,0,0,0	436	0
155135	1386	3097	2142	971	1039	298	147	33	14088	211	199	110	289	15	392	0	0	9080	0,0,0,0,0,0	28876	0	961	42345	307	0	41182,39323,39323,32581,32581,32581,32581	6	76	42020,0,0,0,0,0,0	430	0
155057	1409	3064	2139	925	1026	291	151	33	14227	225	199	104	354	15	341	0	0	9005	0,0,0,0,0,0	28578	0	936	43264	327	0	42043,40099,40099,33048,33048,33048,33048	6	89	42941,0,0,0,0,0,0	421	0
155095	1373	2993	2100	936	1005	289	159	31	14331	234	200	94	277	9	328	0	0	8855	0,0,0,0,0,0	28651	0	841	44098	339	0	42819,40788,40788,33416,33416,33416,33416	6	75	43776,0,0,0,0,0,0	433	0
155091	1384	2879	2111	912	978	301	162	31	14455	242	200	88	284	8	355	0	0	8727	0,0,0,0,0,0	28676	0	860	44943	357	0	43607,41491,41491,33809,33809,33809,33809	6	85	44623,0,0,0,0,0,0	445	0
155160	1373	2855	2129	888	916	313	172	29	14458	252	201	84	293	17	331	0	0	8646	0,0,0,0,0,0	28882	0	864	45794	371	0	44395,42188,42188,34166,34166,34166,34166	7	88	45475,0,0,0,0,0,0	451	0
155417	1253	2762	2084	875	883	301	173	29	14502	264	203	76	269	19	275	0	0	8331	0,0,0,0,0,0	42243	0	679	46464	383	0	45004,42704,42704,34341,34341,34341,34341	6	47	46145,0,0,0,0,0,0	480	0
155652	1111	2668	2090	892	897	292	181	21	14463	276	203	81	337	13	255	0	0	8131	0,0,0,0,0,0	42610	0	691	47150	393	0	45627,43235,43235,34534,34534,34534,34534	6	31	46831,0,0,0,0,0,0	457	0
155834	1109	2598	2019	886	884	289	181	22	14435	283	206	77	314	16	346	0	0	7966	0,0,0,0,0,0	28955	0	767	47909	403	0	46323,43836,43836,34787,34787,34787,34787	6	70	47590,0,0,0,0,0,0	455	0
155967	1179	2527	1922	829	898	286	175	20	14439	296	208	78	269	13	291	0	0	7816	0,0,0,0,0,0	28830	0	784	48683	418	0	47033,44455,44455,35069,35069,35069,35069	6	82	48364,0,0,0,0,0,0	441	0
156185	1143	2425	1896	793	882	270	171	25	14440	306	210	75	343	11	317	0	0	7580	0,0,0,0,0,0	28736	0	669	49347	427	0	47636,44970,44970,35255,35255,35255,35255	6	60	49029,0,0,0,0,0,0	412	0
156412	1144	2349	1870	751	832	261	158	30	14408	321	210	75	251	8	264	0	0	7365	0,0,0,0,0,0	28588	0	709	50045	444	0	48269,45510,45510,35451,35451,35451,35451	6	53	49729,0,0,0,0,0,0	403	0
156667	1101	2320	1808	719	819	253	151	32	14332	334	210	83	334	9	255	0	0	7171	0,0,0,0,0,0	28659	0	632	50668	457	0	48828,45981,45981,35594,35594,35594,35594	5	52	50352,0,0,0,0,0,0	390	0
157063	996	2236	1730	737	774	245	149	32	14228	345	211	105	312	5	221	0	0	6867	0,0,0,0,0,0	42570	0	546	51208	466	0	49302,46362,46362,35628,35628,35628,35628	5	40	50892,0,0,0,0,0,0	384	0
157416	890	2196	1656	718	722	249	148	35	14146	359	211	117	261	10	242	0	0	6579	0,0,0,0,0,0	42571	0	542	51739	478	0	49770,46742,46742,35679,35679,35679,35679	5	40	51423,0,0,0,0,0,0	382	0
157755	889	2104	1643	704	693	243	147	38	13950	369	211	119	251	13	242	0	0	6423	0,0,0,0,0,0	28594	0	593	52317	493	0	50281,47161,47161,35755,35755,35755,35755	5	47	52001,0,0,0,0,0,0	381	0
