S	E	I1	I2	I3	I4	I5_h	I6_h	R_h	R	D1	D2	H	T	P1	P2	Q	QT	NQ	MUT	HOM	VAC	NI	INF	REINF	BSTR	IMM	HCI	HCE	INFV	INFH	VNI
178119	105	122	61	42	41	10	2	0	244	0	0	208	0	0	0	0	0	383	0,0,0,0,0,0	178746	0	0	383	0	0	627,627,627,627,627,627,627	0	0	0,0,0,0,0,0,0	0	0
178055	88	188	62	38	39	10	2	0	262	0	2	343	306	2	77	0	0	427	0,0,0,0,0,0	12435	0	76	459	0	0	691,691,691,691,691,691,691	0	5	76,0,0,0,0,0,0	12	0
177986	108	195	79	42	45	11	2	0	273	0	5	416	80	0	11	0	0	482	0,0,0,0,0,0	12635	0	80	540	0	0	761,761,761,761,761,761,761	0	5	157,0,0,0,0,0,0	14	0
177907	114	209	85	47	56	11	2	1	304	0	10	476	241	0	14	0	0	524	0,0,0,0,0,0	12657	0	84	624	0	0	842,842,842,842,842,842,842	0	12	241,0,0,0,0,0,0	14	0
177830	128	234	89	44	54	9	3	1	341	0	13	545	115	1	25	0	0	561	0,0,0,0,0,0	24464	0	90	715	0	0	921,921,921,921,921,921,921	0	6	332,0,0,0,0,0,0	13	0
177764	135	244	101	49	58	10	3	1	363	0	18	565	265	0	16	0	0	600	0,0,0,0,0,0	24955	0	84	799	0	0	995,995,995,994,994,994,994	0	5	416,0,0,0,0,0,0	17	0
177670	159	274	106	56	59	13	3	1	382	0	23	610	329	1	25	0	0	670	0,0,0,0,0,0	12798	0	118	918	0	0	1099,1098,1098,1097,1097,1097,1097	0	5	535,0,0,0,0,0,0	19	0
177568	178	288	125	57	74	13	4	1	410	1	27	638	236	0	25	0	0	739	0,0,0,0,0,0	12841	0	114	1032	0	0	1207,1206,1206,1204,1204,1204,1204	0	11	649,0,0,0,0,0,0	22	0
177488	165	300	149	67	83	13	5	0	442	1	33	636	266	1	22	0	0	782	0,0,0,0,0,0	12751	0	99	1132	1	0	1294,1293,1293,1289,1289,1289,1289	0	9	750,0,0,0,0,0,0	25	0
177375	180	316	169	66	86	13	5	0	498	2	36	668	90	0	37	0	0	835	0,0,0,0,0,0	12978	0	125	1256	2	0	1412,1411,1411,1407,1407,1407,1407	0	5	875,0,0,0,0,0,0	27	0
177238	193	369	175	75	90	14	5	0	544	2	41	681	98	0	35	0	0	921	0,0,0,0,0,0	13009	0	157	1412	4	0	1555,1554,1554,1549,1549,1549,1549	0	13	1033,0,0,0,0,0,0	27	0
177152	191	394	177	85	90	13	4	1	596	2	41	713	92	2	24	0	0	954	0,0,0,0,0,0	24798	0	115	1527	5	0	1657,1654,1654,1645,1645,1645,1645	0	10	1149,0,0,0,0,0,0	25	0
177037	198	406	207	99	103	17	3	1	624	3	48	716	272	2	32	0	0	1033	0,0,0,0,0,0	25020	0	148	1676	5	0	1796,1791,1791,1776,1776,1776,1776	0	9	1298,0,0,0,0,0,0	26	0
176931	221	386	234	111	115	16	4	1	671	3	53	701	282	0	45	0	0	1087	0,0,0,0,0,0	12970	0	140	1815	6	0	1928,1921,1921,1899,1899,1899,1899	0	11	1438,0,0,0,0,0,0	38	0
176766	261	421	233	113	121	17	4	0	751	3	56	732	287	2	52	0	0	1170	0,0,0,0,0,0	12939	0	196	2011	7	0	2114,2106,2106,2078,2078,2078,2078	0	17	1635,0,0,0,0,0,0	39	0
176623	273	474	238	122	119	17	7	0	811	3	59	725	282	2	56	0	0	1250	0,0,0,0,0,0	13205	0	178	2190	7	0	2286,2275,2275,2238,2238,2238,2238	0	20	1814,0,0,0,0,0,0	41	0
176466	302	498	268	115	131	18	7	1	874	3	63	742	304	2	41	0	0	1339	0,0,0,0,0,0	12920	0	206	2398	7	0	2480,2467,2467,2419,2419,2419,2419	1	18	2022,0,0,0,0,0,0	46	0
176313	304	538	274	131	149	20	8	1	938	4	66	724	248	2	49	0	0	1424	0,0,0,0,0,0	13160	0	208	2607	8	0	2674,2657,2657,2596,2596,2596,2596	1	28	2231,0,0,0,0,0,0	47	0
176160	328	556	274	135	156	24	8	1	1030	4	70	743	240	4	49	0	0	1481	0,0,0,0,0,0	24888	0	205	2809	12	0	2867,2846,2846,2771,2771,2771,2771	1	18	2436,0,0,0,0,0,0	59	0
176009	316	599	305	143	153	27	9	1	1105	4	75	734	292	1	74	0	0	1552	0,0,0,0,0,0	24902	0	199	3010	13	0	3062,3037,3037,2947,2947,2947,2947	1	12	2638,0,0,0,0,0,0	72	0
175826	345	637	329	148	161	29	7	1	1177	6	80	730	304	1	63	0	0	1656	0,0,0,0,0,0	13089	0	247	3259	15	0	3304,3272,3272,3161,3161,3161,3161	1	20	2889,0,0,0,0,0,0	69	0
175592	396	685	346	160	161	31	8	1	1278	7	81	731	329	3	65	0	0	1787	0,0,0,0,0,0	13008	0	293	3551	16	0	3589,3552,3552,3422,3422,3422,3422	1	44	3181,0,0,0,0,0,0	69	0
175353	443	754	376	163	160	41	11	1	1350	7	87	706	261	4	66	0	0	1948	0,0,0,0,0,0	13057	0	308	3858	18	0	3889,3846,3846,3694,3694,3694,3694	1	38	3488,0,0,0,0,0,0	71	0
175150	481	776	412	182	161	45	12	2	1424	8	93	681	263	6	71	0	0	2069	0,0,0,0,0,0	13144	0	289	4147	20	0	4163,4113,4113,3936,3936,3936,3936	2	38	3778,0,0,0,0,0,0	87	0
174878	501	860	455	192	179	43	14	2	1516	9	97	706	340	6	70	0	0	2244	0,0,0,0,0,0	13043	0	344	4491	24	0	4500,4443,4443,4243,4243,4243,4243	2	31	4123,0,0,0,0,0,0	89	0
174641	505	922	489	196	197	43	16	2	1624	10	101	698	330	5	60	0	0	2368	0,0,0,0,0,0	24939	0	321	4811	26	0	4807,4744,4744,4520,4520,4520,4520	2	28	4443,0,0,0,0,0,0	89	0
174411	513	970	526	206	209	43	19	2	1729	12	106	701	305	5	86	0	0	2486	0,0,0,0,0,0	24881	0	319	5129	28	0	5113,5042,5042,4792,4792,4792,4792	2	29	4761,0,0,0,0,0,0	109	0
174112	536	1041	545	241	216	49	21	2	1863	13	107	706	278	2	102	0	0	2649	0,0,0,0,0,0	13065	0	392	5522	29	0	5497,5417,5417,5136,5136,5136,5136	2	41	5154,0,0,0,0,0,0	103	0
173750	615	1095	576	264	245	53	24	4	1998	13	109	674	347	3	94	0	0	2872	0,0,0,0,0,0	13195	0	457	5981	30	0	5943,5855,5855,5542,5542,5542,5542	2	51	5613,0,0,0,0,0,0	123	0
173392	662	1192	613	278	263	53	27	4	2134	15	113	635	285	4	113	0	0	3088	0,0,0,0,0,0	13098	0	475	6457	31	0	6406,6308,6308,5955,5955,5955,5955	3	79	6090,0,0,0,0,0,0	126	0
173024	711	1262	655	301	282	55	32	5	2287	16	116	625	305	4	116	0	0	3298	0,0,0,0,0,0	13075	0	480	6937	33	0	6875,6766,6766,6376,6376,6376,6376	3	47	6571,0,0,0,0,0,0	125	0
172602	758	1402	685	318	289	58	36	4	2460	17	117	614	311	5	124	0	0	3546	0,0,0,0,0,0	13121	0	549	7491	34	0	7413,7292,7292,6859,6859,6859,6859	3	64	7126,0,0,0,0,0,0	134	0
172250	770	1460	750	342	326	61	36	6	2601	20	124	569	314	4	112	0	0	3745	0,0,0,0,0,0	25000	0	492	7981	37	0	7896,7762,7762,7280,7280,7280,7280	3	36	7617,0,0,0,0,0,0	146	0
171879	741	1517	838	379	357	61	40	6	2779	20	129	606	245	6	140	0	0	3933	0,0,0,0,0,0	25013	0	504	8484	40	0	8393,8245,8245,7717,7717,7717,7717	3	42	8120,0,0,0,0,0,0	151	0
171360	848	1628	882	397	363	65	39	7	3006	20	131	628	314	7	171	0	0	4222	0,0,0,0,0,0	13190	0	674	9155	44	0	9053,8891,8891,8309,8309,8309,8309	4	75	8794,0,0,0,0,0,0	150	0
170854	941	1747	911	410	391	68	42	7	3214	22	139	615	255	5	147	0	0	4510	0,0,0,0,0,0	13117	0	691	9848	45	0	9733,9552,9552,8904,8904,8904,8904	4	57	9487,0,0,0,0,0,0	158	0
170324	967	1924	991	422	428	66	43	9	3407	23	142	606	333	12	192	0	0	4841	0,0,0,0,0,0	13121	0	718	10566	46	0	10435,10236,10236,9524,9524,9524,9524	4	58	10205,0,0,0,0,0,0	167	0
169696	1055	2036	1069	467	479	72	54	11	3638	23	146	569	329	9	165	0	0	5232	0,0,0,0,0,0	13053	0	799	11366	47	0	11226,11010,11010,10235,10235,10235,10235	4	75	11005,0,0,0,0,0,0	167	0
169078	1117	2137	1161	522	530	71	63	12	3882	23	150	532	262	9	216	0	0	5601	0,0,0,0,0,0	13029	0	812	12180	50	0	12027,11792,11792,10947,10947,10947,10947	5	69	11820,0,0,0,0,0,0	182	0
168584	1145	2190	1214	592	545	78	68	10	4144	24	152	523	319	8	218	0	0	5832	0,0,0,0,0,0	25234	0	719	12903	53	0	12734,12476,12476,11551,11551,11551,11551	5	50	12543,0,0,0,0,0,0	199	0
168060	1123	2272	1306	600	559	84	67	11	4478	30	156	515	280	5	210	0	0	6011	0,0,0,0,0,0	25042	0	741	13645	56	0	13462,13183,13183,12181,12181,12181,12181	5	46	13285,0,0,0,0,0,0	208	0
167372	1215	2420	1360	628	619	97	62	13	4768	36	156	521	260	9	216	0	0	6401	0,0,0,0,0,0	13417	0	944	14589	58	0	14389,14085,14085,12992,12992,12992,12992	5	101	14229,0,0,0,0,0,0	212	0
166639	1351	2559	1378	662	670	112	63	9	5103	42	158	508	332	20	280	0	0	6795	0,0,0,0,0,0	13200	0	1006	15599	61	0	15378,15047,15047,13855,13855,13855,13855	5	101	15239,0,0,0,0,0,0	225	0
165886	1426	2735	1450	673	710	123	69	9	5463	43	159	503	314	14	287	0	0	7186	0,0,0,0,0,0	13155	0	1016	16612	68	0	16373,16016,16016,14732,14732,14732,14732	6	99	16253,0,0,0,0,0,0	235	0
165139	1556	2826	1545	690	754	138	75	10	5804	47	162	474	319	10	270	0	0	7584	0,0,0,0,0,0	13341	0	1068	17675	75	0	17416,17028,17028,15631,15631,15631,15631	6	107	17319,0,0,0,0,0,0	256	0
164383	1623	2984	1602	715	779	145	77	11	6209	52	166	446	341	19	309	0	0	7925	0,0,0,0,0,0	13164	0	1088	18759	81	0	18484,18062,18062,16545,16545,16545,16545	7	121	18406,0,0,0,0,0,0	261	0
163766	1610	3095	1692	792	786	162	82	12	6526	57	166	428	316	10	289	0	0	8219	0,0,0,0,0,0	25365	0	1010	19770	87	0	19470,19009,19009,17351,17351,17351,17351	7	77	19417,0,0,0,0,0,0	283	0
163156	1597	3144	1793	813	840	170	86	14	6905	61	167	392	348	19	281	0	0	8443	0,0,0,0,0,0	25129	0	976	20744	92	0	20421,19924,19924,18135,18135,18135,18135	7	57	20393,0,0,0,0,0,0	314	0
162389	1696	3301	1837	814	882	190	86	19	7299	66	167	379	314	16	328	0	0	8806	0,0,0,0,0,0	13373	0	1215	21961	95	0	21610,21068,21068,19118,19118,19118,19118	7	128	21610,0,0,0,0,0,0	309	0
161527	1854	3456	1941	830	909	200	91	20	7679	71	168	366	321	19	338	0	0	9281	0,0,0,0,0,0	13205	0	1279	23237	108	0	22860,22277,22277,20176,20176,20176,20176	8	104	22888,0,0,0,0,0,0	323	0
160785	1875	3581	2058	873	952	208	100	19	8054	72	169	330	305	13	319	0	0	9647	0,0,0,0,0,0	28907	0	1186	24421	116	0	24018,23390,23390,21128,21128,21128,21128	8	125	24075,0,0,0,0,0,0	340	0
160117	1829	3695	2177	922	963	218	94	18	8466	78	169	305	301	14	320	0	0	9898	0,0,0,0,0,0	29186	0	1143	25565	121	0	25131,24455,24455,22023,22023,22023,22023	8	100	25219,0,0,0,0,0,0	343	0
159435	1868	3749	2270	955	953	235	103	17	8907	84	170	281	317	14	325	0	0	10133	0,0,0,0,0,0	29116	0	1212	26777	128	0	26311,25583,25583,22957,22957,22957,22957	9	107	26433,0,0,0,0,0,0	348	0
158845	1748	3846	2319	1002	1003	236	110	19	9357	91	170	262	348	10	287	0	0	10264	0,0,0,0,0,0	42785	0	1120	27895	141	0	27398,26616,26616,23799,23799,23799,23799	8	76	27554,0,0,0,0,0,0	380	0
158387	1670	3800	2328	1034	1049	244	110	20	9831	100	173	248	313	15	334	0	0	10235	0,0,0,0,0,0	42541	0	1029	28920	155	0	28391,27553,27553,24529,24529,24529,24529	8	58	28581,0,0,0,0,0,0	393	0
157806	1690	3796	2412	1054	1061	248	116	21	10256	113	173	246	286	15	421	0	0	10377	0,0,0,0,0,0	28441	0	1185	30105	163	0	29539,28640,28640,25397,25397,25397,25397	8	124	29767,0,0,0,0,0,0	373	0
