S	E	I1	I2	I3	I4	I5_h	I6_h	R_h	R	D1	D2	H	T	P1	P2	Q	QT	NQ	MUT	HOM	VAC	NI	INF	REINF	BSTR	IMM	HCI	HCE	INFV	INFH	VNI
178163	96	127	61	34	36	2	2	0	224	1	0	242	0	0	0	0	0	358	0,0,0,0,0,0	178745	0	0	358	0	0	583,583,583,583,583,583,583	0	0	0,0,0,0,0,0,0	0	0
178109	76	167	71	27	36	2	3	0	252	1	2	310	303	0	70	0	0	382	0,0,0,0,0,0	12585	0	60	418	0	0	637,637,637,637,637,637,637	0	8	60,0,0,0,0,0,0	6	0
178048	88	182	85	35	36	4	3	0	258	1	6	418	89	0	7	0	0	433	0,0,0,0,0,0	12512	0	73	491	0	0	699,699,699,699,699,699,699	0	4	133,0,0,0,0,0,0	5	0
177967	110	200	93	39	43	4	4	0	275	1	10	498	257	2	13	0	0	493	0,0,0,0,0,0	12661	0	90	581	0	0	782,782,782,782,782,782,782	0	7	223,0,0,0,0,0,0	7	0
177895	109	222	99	50	40	5	4	0	306	1	15	547	250	2	12	0	0	529	0,0,0,0,0,0	24688	0	77	659	0	0	855,855,855,855,855,855,855	0	2	301,0,0,0,0,0,0	11	0
177851	113	207	111	54	52	6	6	0	326	1	19	638	95	1	13	0	0	549	0,0,0,0,0,0	24753	0	62	721	0	0	903,903,903,903,903,903,903	0	5	363,0,0,0,0,0,0	11	0
177770	118	222	127	59	57	7	7	0	355	1	23	664	264	3	28	0	0	597	0,0,0,0,0,0	12970	0	97	818	1	0	989,989,989,988,988,988,988	0	5	461,0,0,0,0,0,0	16	0
177682	126	254	135	59	52	7	7	0	394	1	29	685	88	0	25	0	0	640	0,0,0,0,0,0	12875	0	97	916	2	0	1084,1084,1084,1082,1082,1082,1082	0	7	560,0,0,0,0,0,0	17	0
177598	128	290	136	61	49	7	7	0	437	2	31	697	240	0	19	0	0	678	0,0,0,0,0,0	12897	0	100	1019	2	0	1175,1175,1175,1172,1172,1172,1172	0	11	663,0,0,0,0,0,0	15	0
177520	151	296	152	64	59	7	9	0	454	2	32	712	75	0	21	0	0	738	0,0,0,0,0,0	12828	0	116	1134	3	0	1272,1270,1270,1263,1263,1263,1263	0	9	779,0,0,0,0,0,0	21	0
177418	169	305	174	64	69	11	9	0	489	2	36	699	264	1	28	0	0	801	0,0,0,0,0,0	12983	0	120	1253	4	0	1382,1380,1380,1372,1372,1372,1372	0	7	899,0,0,0,0,0,0	21	0
177324	171	310	193	82	80	11	8	1	518	2	46	665	91	0	30	0	0	855	0,0,0,0,0,0	24806	0	109	1364	4	0	1485,1482,1482,1473,1473,1473,1473	0	10	1010,0,0,0,0,0,0	25	0
177240	174	317	209	84	88	12	7	2	557	2	54	684	331	2	27	0	0	891	0,0,0,0,0,0	24790	0	103	1470	4	0	1584,1581,1581,1569,1569,1569,1569	0	7	1116,0,0,0,0,0,0	25	0
177126	200	330	211	83	94	11	7	2	619	3	60	664	254	1	37	0	0	936	0,0,0,0,0,0	13029	0	144	1612	6	0	1719,1714,1714,1697,1697,1697,1697	0	11	1260,0,0,0,0,0,0	24	0
177013	206	371	210	77	96	11	6	1	686	5	64	680	304	3	32	0	0	977	0,0,0,0,0,0	13012	0	146	1759	6	0	1854,1848,1848,1823,1823,1823,1823	0	17	1407,0,0,0,0,0,0	24	0
176930	199	373	214	87	109	10	7	1	745	5	66	658	306	4	36	0	0	999	0,0,0,0,0,0	12922	0	123	1881	7	0	1968,1958,1958,1924,1924,1924,1924	0	7	1530,0,0,0,0,0,0	26	0
176803	219	398	229	92	107	12	7	1	803	6	69	704	280	1	38	0	0	1064	0,0,0,0,0,0	12829	0	160	2041	9	0	2124,2111,2111,2067,2067,2067,2067	0	15	1692,0,0,0,0,0,0	27	0
176664	247	423	223	102	110	14	7	1	872	6	77	685	305	3	39	0	0	1126	0,0,0,0,0,0	12939	0	179	2220	9	0	2301,2285,2285,2227,2227,2227,2227	0	11	1871,0,0,0,0,0,0	22	0
176559	247	444	239	101	114	15	6	2	934	7	78	679	268	1	43	0	0	1166	0,0,0,0,0,0	24806	0	153	2372	10	0	2440,2421,2421,2353,2353,2353,2353	0	13	2024,0,0,0,0,0,0	29	0
176435	269	462	245	113	116	16	9	3	988	7	83	701	266	1	33	0	0	1230	0,0,0,0,0,0	24844	0	179	2551	10	0	2612,2588,2588,2504,2504,2504,2504	0	7	2203,0,0,0,0,0,0	36	0
176291	288	497	275	114	116	16	11	2	1042	7	87	711	245	1	59	0	0	1317	0,0,0,0,0,0	13095	0	195	2745	11	0	2794,2766,2766,2670,2670,2670,2670	0	15	2398,0,0,0,0,0,0	37	0
176106	302	573	300	112	122	18	13	2	1098	7	93	689	245	2	45	0	0	1440	0,0,0,0,0,0	13173	0	231	2976	11	0	3019,2988,2988,2878,2878,2878,2878	1	20	2629,0,0,0,0,0,0	45	0
175928	334	613	300	128	139	19	14	2	1161	8	100	667	229	7	42	0	0	1547	0,0,0,0,0,0	13067	0	230	3206	12	0	3246,3210,3210,3083,3083,3083,3083	1	17	2860,0,0,0,0,0,0	51	0
175726	376	661	326	129	151	21	13	3	1224	9	107	697	311	3	50	0	0	1677	0,0,0,0,0,0	13066	0	261	3465	14	0	3500,3459,3459,3314,3314,3314,3314	1	21	3120,0,0,0,0,0,0	49	0
175520	389	732	350	155	158	22	20	1	1277	10	112	692	312	3	69	0	0	1826	0,0,0,0,0,0	12964	0	279	3747	14	0	3771,3724,3724,3556,3556,3556,3556	1	29	3402,0,0,0,0,0,0	51	0
175324	399	761	384	173	186	24	18	2	1346	11	118	674	296	8	55	0	0	1945	0,0,0,0,0,0	24773	0	268	4012	17	0	4031,3977,3977,3786,3786,3786,3786	1	22	3668,0,0,0,0,0,0	65	0
175126	405	801	413	204	177	30	19	1	1439	11	120	659	251	3	73	0	0	2049	0,0,0,0,0,0	25089	0	272	4285	18	0	4294,4234,4234,4020,4020,4020,4020	1	24	3941,0,0,0,0,0,0	67	0
174885	447	866	435	209	199	32	21	2	1517	11	122	661	247	4	72	0	0	2209	0,0,0,0,0,0	12990	0	331	4617	18	0	4617,4548,4548,4304,4304,4304,4304	1	38	4273,0,0,0,0,0,0	75	0
174608	498	934	497	207	206	37	23	2	1600	12	122	641	259	3	81	0	0	2402	0,0,0,0,0,0	12951	0	376	4994	18	0	4981,4903,4903,4627,4627,4627,4627	2	38	4650,0,0,0,0,0,0	81	0
174301	557	945	562	242	229	44	25	3	1697	15	126	617	223	5	78	0	0	2604	0,0,0,0,0,0	12975	0	380	5375	18	0	5355,5270,5270,4969,4969,4969,4969	2	30	5031,0,0,0,0,0,0	97	0
173963	585	1076	584	243	237	48	23	3	1837	17	130	610	309	5	98	0	0	2796	0,0,0,0,0,0	12900	0	440	5813	20	0	5784,5691,5691,5356,5356,5356,5356	2	46	5470,0,0,0,0,0,0	96	0
173609	636	1155	621	271	252	56	26	3	1966	18	133	627	261	9	98	0	0	3017	0,0,0,0,0,0	12922	0	459	6268	24	0	6233,6129,6129,5759,5759,5759,5759	2	40	5926,0,0,0,0,0,0	114	0
173282	649	1236	676	278	271	59	28	4	2105	20	138	619	258	4	96	0	0	3197	0,0,0,0,0,0	24991	0	435	6708	26	0	6666,6551,6551,6141,6141,6141,6141	2	27	6367,0,0,0,0,0,0	124	0
172942	684	1291	714	303	272	57	25	5	2289	23	141	632	253	6	116	0	0	3346	0,0,0,0,0,0	25067	0	440	7151	27	0	7102,6977,6977,6531,6531,6531,6531	2	26	6810,0,0,0,0,0,0	127	0
172521	735	1409	743	334	315	61	32	5	2422	24	145	601	267	5	128	0	0	3629	0,0,0,0,0,0	13249	0	562	7710	32	0	7652,7514,7514,7019,7019,7019,7019	2	51	7372,0,0,0,0,0,0	132	0
172109	800	1460	800	349	341	71	36	5	2604	25	146	593	316	6	139	0	0	3857	0,0,0,0,0,0	13328	0	553	8261	35	0	8190,8038,8038,7496,7496,7496,7496	3	49	7925,0,0,0,0,0,0	155	0
171651	843	1569	852	347	352	75	36	6	2837	29	149	587	237	2	161	0	0	4074	0,0,0,0,0,0	12968	0	590	8850	38	0	8768,8604,8604,8017,8017,8017,8017	3	49	8514,0,0,0,0,0,0	164	0
171117	891	1722	896	359	377	82	38	5	3073	31	155	561	262	7	144	0	0	4365	0,0,0,0,0,0	13251	0	674	9526	39	0	9438,9260,9260,8621,8621,8621,8621	3	69	9190,0,0,0,0,0,0	161	0
170570	973	1843	940	403	398	89	42	5	3287	34	162	560	326	9	169	0	0	4688	0,0,0,0,0,0	13060	0	712	10237	42	0	10142,9947,9947,9248,9248,9248,9248	4	75	9901,0,0,0,0,0,0	175	0
170149	992	1943	988	427	404	99	45	6	3494	34	165	559	318	12	144	0	0	4898	0,0,0,0,0,0	25024	0	630	10862	49	0	10752,10538,10538,9767,9767,9767,9767	4	50	10526,0,0,0,0,0,0	196	0
169693	989	2011	1074	449	460	102	49	7	3706	38	168	557	321	11	166	0	0	5134	0,0,0,0,0,0	25213	0	644	11502	54	0	11375,11143,11143,10310,10310,10310,10310	4	54	11166,0,0,0,0,0,0	208	0
169098	1055	2144	1166	486	477	106	56	9	3940	38	171	520	270	7	202	0	0	5490	0,0,0,0,0,0	13230	0	814	12315	57	0	12175,11921,11921,11010,11010,11010,11010	4	70	11980,0,0,0,0,0,0	213	0
168415	1194	2236	1261	515	495	111	61	10	4232	42	174	489	324	11	209	0	0	5873	0,0,0,0,0,0	12983	0	870	13186	62	0	13031,12758,12758,11781,11781,11781,11781	4	83	12852,0,0,0,0,0,0	221	0
167732	1294	2399	1321	530	527	120	70	8	4525	42	178	471	311	5	212	0	0	6261	0,0,0,0,0,0	12953	0	915	14106	64	0	13938,13642,13642,12578,12578,12578,12578	5	82	13773,0,0,0,0,0,0	228	0
167043	1362	2535	1435	563	585	120	72	8	4794	47	182	438	322	8	226	0	0	6672	0,0,0,0,0,0	13100	0	963	15068	68	0	14884,14560,14560,13398,13398,13398,13398	5	89	14735,0,0,0,0,0,0	253	0
166300	1453	2674	1459	635	614	129	65	10	5161	56	190	431	323	14	222	0	0	7029	0,0,0,0,0,0	13123	0	988	16057	74	0	15862,15514,15514,14262,14262,14262,14262	6	104	15725,0,0,0,0,0,0	244	0
165625	1472	2796	1521	675	672	136	70	9	5514	61	195	422	314	9	258	0	0	7342	0,0,0,0,0,0	25005	0	954	17012	79	0	16799,16423,16423,15071,15071,15071,15071	6	75	16680,0,0,0,0,0,0	256	0
165014	1442	2835	1657	743	689	143	69	14	5877	65	198	424	331	14	265	0	0	7578	0,0,0,0,0,0	25069	0	911	17922	85	0	17691,17286,17286,15826,15826,15826,15826	6	79	17590,0,0,0,0,0,0	273	0
164295	1480	2977	1726	785	716	151	74	16	6255	68	203	417	294	12	306	0	0	7909	0,0,0,0,0,0	13384	0	1070	18991	88	0	18741,18300,18300,16714,16714,16714,16714	7	118	18660,0,0,0,0,0,0	270	0
163477	1619	3142	1777	800	745	168	78	14	6649	74	203	399	310	10	297	0	0	8329	0,0,0,0,0,0	13186	0	1189	20174	98	0	19898,19421,19421,17704,17704,17704,17704	7	117	19844,0,0,0,0,0,0	278	0
162734	1723	3182	1894	787	799	182	83	13	7066	77	206	386	322	13	302	0	0	8650	0,0,0,0,0,0	28788	0	1108	21294	104	0	20997,20482,20482,18629,18629,18629,18629	7	104	20964,0,0,0,0,0,0	301	0
162067	1729	3314	1923	802	860	185	100	13	7466	81	206	371	253	9	299	0	0	8913	0,0,0,0,0,0	29030	0	1101	22399	108	0	22076,21517,21517,19505,19505,19505,19505	7	93	22070,0,0,0,0,0,0	313	0
161366	1703	3494	2006	839	881	186	96	12	7868	89	206	354	306	15	362	0	0	9205	0,0,0,0,0,0	29095	0	1150	23550	115	0	23198,22595,22595,20420,20420,20420,20420	8	104	23222,0,0,0,0,0,0	321	0
160856	1579	3508	2105	868	907	191	97	15	8317	93	210	339	330	19	279	0	0	9255	0,0,0,0,0,0	42599	0	958	24500	126	0	24126,23477,23477,21142,21142,21142,21142	8	63	24173,0,0,0,0,0,0	324	0
160363	1529	3454	2144	933	918	190	110	17	8779	98	211	327	322	17	313	0	0	9278	0,0,0,0,0,0	42618	0	956	25454	133	0	25051,24357,24357,21856,21856,21856,21856	7	72	25127,0,0,0,0,0,0	335	0
159769	1564	3462	2168	958	952	195	112	22	9227	102	215	281	325	17	362	0	0	9411	0,0,0,0,0,0	28939	0	1105	26555	142	0	26124,25379,25379,22692,22692,22692,22692	8	118	26229,0,0,0,0,0,0	345	0
