S	E	I1	I2	I3	I4	I5_h	I6_h	R_h	R	D1	D2	H	T	P1	P2	Q	QT	NQ	MUT	HOM	VAC	NI	INF	REINF	BSTR	IMM	HCI	HCE	INFV	INFH	VNI
178133	107	102	46	46	36	13	3	0	259	1	0	211	0	0	0	0	0	353	0,0,0,0,0,0	178745	0	0	353	0	0	613,613,613,613,613,613,613	0	0	0,0,0,0,0,0,0	0	0
178082	84	169	46	45	37	12	4	0	266	1	0	308	262	0	75	0	0	397	0,0,0,0,0,0	12381	0	67	420	0	0	664,664,664,664,664,664,664	0	7	67,0,0,0,0,0,0	15	0
178018	106	188	55	46	34	13	6	0	277	1	2	419	261	1	13	0	0	448	0,0,0,0,0,0	12580	0	83	504	0	0	730,730,730,730,730,730,730	0	9	151,0,0,0,0,0,0	17	0
177955	120	202	73	42	39	12	6	0	291	1	5	494	327	1	13	0	0	494	0,0,0,0,0,0	12655	0	72	577	0	0	794,794,794,794,794,794,794	0	10	224,0,0,0,0,0,0	22	0
177895	122	217	84	45	46	11	5	1	311	1	8	550	281	1	16	0	0	530	0,0,0,0,0,0	24946	0	74	652	0	0	856,856,856,856,856,856,856	0	4	299,0,0,0,0,0,0	24	0
177826	118	235	98	53	55	11	4	2	332	1	11	579	295	2	15	0	0	574	0,0,0,0,0,0	24835	0	82	733	1	0	926,926,926,926,926,926,926	0	11	381,0,0,0,0,0,0	24	0
177730	151	247	113	52	57	12	5	2	364	1	12	619	266	3	22	0	0	637	0,0,0,0,0,0	12975	0	113	847	1	0	1027,1027,1027,1027,1027,1027,1027	0	10	495,0,0,0,0,0,0	25	0
177649	164	256	125	68	66	10	5	1	384	2	16	662	329	1	23	0	0	694	0,0,0,0,0,0	12642	0	102	950	1	0	1117,1116,1116,1114,1114,1114,1114	0	8	598,0,0,0,0,0,0	28	0
177550	152	305	135	72	78	12	5	1	413	2	21	666	310	1	22	0	0	759	0,0,0,0,0,0	12810	0	118	1068	1	0	1224,1223,1223,1220,1220,1220,1220	0	14	716,0,0,0,0,0,0	33	0
177426	171	348	148	70	72	12	6	1	461	2	29	666	256	2	29	0	0	827	0,0,0,0,0,0	12851	0	142	1210	1	0	1357,1356,1356,1351,1351,1351,1351	0	13	858,0,0,0,0,0,0	30	0
177304	196	369	170	73	75	12	7	1	504	2	33	684	249	2	27	0	0	902	0,0,0,0,0,0	12842	0	149	1357	4	0	1493,1491,1491,1484,1484,1484,1484	0	17	1008,0,0,0,0,0,0	28	0
177199	187	399	204	75	80	9	10	1	544	2	36	729	236	3	37	0	0	964	0,0,0,0,0,0	25013	0	124	1477	8	0	1607,1604,1604,1593,1593,1593,1593	0	7	1132,0,0,0,0,0,0	25	0
177060	197	411	225	82	97	10	10	1	610	2	41	736	131	1	28	0	0	1032	0,0,0,0,0,0	25073	0	154	1630	10	0	1756,1752,1752,1738,1738,1738,1738	0	13	1286,0,0,0,0,0,0	34	0
176909	228	428	237	88	110	13	14	1	669	2	47	760	321	0	50	0	0	1118	0,0,0,0,0,0	13052	0	176	1806	10	0	1926,1921,1921,1901,1901,1901,1901	1	14	1462,0,0,0,0,0,0	33	0
176746	259	458	259	88	106	16	14	2	744	2	52	741	284	1	50	0	0	1200	0,0,0,0,0,0	12890	0	183	1990	11	0	2103,2096,2096,2073,2073,2073,2073	1	20	1647,0,0,0,0,0,0	36	0
176603	286	473	283	86	117	18	15	2	805	2	56	729	278	1	38	0	0	1278	0,0,0,0,0,0	13118	0	182	2173	11	0	2276,2267,2267,2235,2235,2235,2235	1	16	1830,0,0,0,0,0,0	56	0
176438	297	514	305	104	117	19	15	2	870	3	62	720	211	2	35	0	0	1371	0,0,0,0,0,0	12948	0	202	2374	12	0	2467,2456,2456,2416,2416,2416,2416	1	13	2032,0,0,0,0,0,0	55	0
176260	304	572	308	120	117	21	17	2	953	3	69	704	232	2	47	0	0	1459	0,0,0,0,0,0	13070	0	214	2588	14	0	2679,2664,2664,2613,2613,2613,2613	1	13	2247,0,0,0,0,0,0	55	0
176104	295	604	334	130	135	25	18	2	1023	3	73	717	94	1	45	0	0	1541	0,0,0,0,0,0	25082	0	209	2797	15	0	2874,2856,2856,2792,2792,2792,2792	1	19	2457,0,0,0,0,0,0	67	0
175916	313	654	367	134	123	29	15	3	1108	6	78	680	321	3	52	0	0	1635	0,0,0,0,0,0	24946	0	240	3035	18	0	3104,3082,3082,3004,3004,3004,3004	1	23	2697,0,0,0,0,0,0	76	0
175687	368	683	389	149	144	30	16	3	1188	6	83	668	266	2	58	0	0	1779	0,0,0,0,0,0	12925	0	288	3322	19	0	3384,3357,3357,3261,3261,3261,3261	1	30	2985,0,0,0,0,0,0	78	0
175481	400	731	394	153	154	26	15	2	1296	7	87	691	105	2	58	0	0	1873	0,0,0,0,0,0	13028	0	271	3596	19	0	3648,3615,3615,3498,3498,3498,3498	1	27	3259,0,0,0,0,0,0	80	0
175230	435	792	410	162	177	29	15	4	1394	7	91	658	296	1	69	0	0	2020	0,0,0,0,0,0	13050	0	307	3905	21	0	3951,3913,3913,3777,3777,3777,3777	1	28	3568,0,0,0,0,0,0	73	0
174980	471	847	435	177	184	34	21	3	1492	7	95	657	297	2	70	0	0	2169	0,0,0,0,0,0	12843	0	319	4224	22	0	4260,4216,4216,4060,4060,4060,4060	1	32	3887,0,0,0,0,0,0	78	0
174698	496	926	471	205	194	42	21	3	1582	9	99	639	242	7	94	0	0	2355	0,0,0,0,0,0	12972	0	359	4583	23	0	4613,4562,4562,4380,4380,4380,4380	2	34	4247,0,0,0,0,0,0	85	0
174436	536	917	523	240	218	43	23	4	1693	9	104	628	309	2	79	0	0	2500	0,0,0,0,0,0	24866	0	339	4922	25	0	4941,4883,4883,4678,4678,4678,4678	2	23	4587,0,0,0,0,0,0	102	0
174238	523	973	539	244	234	40	26	3	1810	9	107	627	300	5	91	0	0	2579	0,0,0,0,0,0	25053	0	299	5222	28	0	5233,5166,5166,4927,4927,4927,4927	2	18	4888,0,0,0,0,0,0	119	0
173927	567	1021	600	250	233	44	27	5	1950	10	112	612	337	2	108	0	0	2742	0,0,0,0,0,0	12934	0	397	5621	28	0	5621,5546,5546,5279,5279,5279,5279	2	38	5287,0,0,0,0,0,0	116	0
173597	613	1102	626	260	253	52	29	6	2080	14	114	642	304	4	87	0	0	2935	0,0,0,0,0,0	12980	0	441	6061	31	0	6051,5965,5965,5661,5661,5661,5661	2	46	5729,0,0,0,0,0,0	120	0
173267	640	1197	639	273	262	61	34	6	2235	15	117	601	256	4	97	0	0	3106	0,0,0,0,0,0	12972	0	430	6491	32	0	6470,6376,6376,6040,6040,6040,6040	2	40	6160,0,0,0,0,0,0	139	0
172892	670	1298	689	283	273	65	37	6	2397	16	120	607	306	9	109	0	0	3315	0,0,0,0,0,0	13120	0	500	6993	33	0	6960,6854,6854,6476,6476,6476,6476	2	47	6663,0,0,0,0,0,0	145	0
172480	735	1410	699	280	289	73	39	6	2591	18	126	590	257	8	143	0	0	3525	0,0,0,0,0,0	12973	0	535	7529	34	0	7490,7372,7372,6950,6950,6950,6950	3	58	7199,0,0,0,0,0,0	164	0
172125	764	1443	751	320	329	75	40	7	2742	20	130	575	240	5	104	0	0	3722	0,0,0,0,0,0	25220	0	481	8015	34	0	7969,7838,7838,7369,7369,7369,7369	3	41	7685,0,0,0,0,0,0	174	0
171788	759	1485	823	351	335	80	42	8	2918	23	134	562	269	11	129	0	0	3875	0,0,0,0,0,0	24920	0	496	8514	34	0	8457,8311,8311,7786,7786,7786,7786	3	40	8184,0,0,0,0,0,0	176	0
171348	812	1591	873	379	343	80	44	6	3108	25	137	527	317	8	162	0	0	4122	0,0,0,0,0,0	13159	0	615	9127	37	0	9054,8891,8891,8309,8309,8309,8309	3	55	8798,0,0,0,0,0,0	176	0
170869	896	1674	894	402	373	81	51	7	3334	27	138	520	341	8	137	0	0	4371	0,0,0,0,0,0	13032	0	651	9776	42	0	9689,9510,9510,8868,8868,8868,8868	3	58	9449,0,0,0,0,0,0	182	0
170388	977	1787	922	423	394	80	51	9	3544	28	143	509	298	8	176	0	0	4634	0,0,0,0,0,0	13120	0	658	10438	43	0	10342,10145,10145,9437,9437,9437,9437	4	68	10111,0,0,0,0,0,0	182	0
169837	1051	1925	992	429	429	83	55	10	3758	29	148	520	245	1	155	0	0	4964	0,0,0,0,0,0	13126	0	732	11179	44	0	11068,10852,10852,10078,10078,10078,10078	4	66	10852,0,0,0,0,0,0	172	0
169290	1140	2018	1104	459	455	83	61	11	3944	31	150	515	308	10	175	0	0	5320	0,0,0,0,0,0	13035	0	781	11965	47	0	11833,11594,11594,10738,10738,10738,10738	4	85	11639,0,0,0,0,0,0	184	0
168887	1078	2093	1184	496	481	86	64	9	4183	33	152	475	241	5	145	0	0	5482	0,0,0,0,0,0	24958	0	636	12601	50	0	12452,12190,12190,11252,11252,11252,11252	4	53	12275,0,0,0,0,0,0	201	0
168377	1080	2189	1220	556	517	89	60	12	4452	39	155	490	324	7	197	0	0	5711	0,0,0,0,0,0	25164	0	729	13335	52	0	13169,12885,12885,11869,11869,11869,11869	4	50	13009,0,0,0,0,0,0	208	0
167681	1235	2353	1237	570	569	96	62	13	4730	44	156	510	331	11	230	0	0	6122	0,0,0,0,0,0	13195	0	954	14290	55	0	14107,13798,13798,12690,12690,12690,12690	5	85	13964,0,0,0,0,0,0	209	0
167080	1298	2446	1360	582	591	107	65	12	4997	50	158	479	227	14	232	0	0	6449	0,0,0,0,0,0	13024	0	873	15163	58	0	14963,14626,14626,13420,13420,13420,13420	5	93	14838,0,0,0,0,0,0	205	0
166436	1321	2602	1433	627	628	115	75	14	5283	50	162	475	330	10	256	0	0	6801	0,0,0,0,0,0	13297	0	929	16094	60	0	15875,15511,15511,14202,14202,14202,14202	6	92	15769,0,0,0,0,0,0	225	0
165757	1451	2726	1503	639	642	123	79	12	5593	56	165	452	317	11	268	0	0	7163	0,0,0,0,0,0	13123	0	1017	17107	68	0	16870,16472,16472,15041,15041,15041,15041	6	112	16783,0,0,0,0,0,0	247	0
164984	1540	2843	1563	672	702	123	83	10	5998	62	166	432	269	10	268	0	0	7526	0,0,0,0,0,0	13321	0	1059	18166	75	0	17910,17484,17484,15950,15950,15950,15950	6	93	17843,0,0,0,0,0,0	264	0
164441	1521	2881	1650	736	727	126	86	12	6330	68	168	431	340	16	274	0	0	7727	0,0,0,0,0,0	24875	0	877	19044	81	0	18768,18308,18308,16654,16654,16654,16654	7	69	18721,0,0,0,0,0,0	276	0
163869	1463	2978	1761	772	748	143	85	11	6674	73	169	400	303	7	252	0	0	7950	0,0,0,0,0,0	25200	0	919	19960	88	0	19665,19170,19170,17391,17391,17391,17391	7	66	19639,0,0,0,0,0,0	266	0
163005	1624	3175	1764	797	808	154	89	13	7066	79	172	394	350	14	323	0	0	8411	0,0,0,0,0,0	13276	0	1246	21206	92	0	20889,20356,20356,18438,18438,18438,18438	7	127	20887,0,0,0,0,0,0	274	0
162201	1816	3242	1871	818	874	162	99	15	7393	82	173	373	308	12	350	0	0	8882	0,0,0,0,0,0	13176	0	1226	22434	95	0	22088,21513,21513,19443,19443,19443,19443	7	114	22115,0,0,0,0,0,0	278	0
161491	1866	3340	1941	871	910	168	106	17	7773	88	175	366	333	15	327	0	0	9202	0,0,0,0,0,0	28926	0	1136	23574	104	0	23204,22585,22585,20358,20358,20358,20358	8	127	23259,0,0,0,0,0,0	297	0
160829	1844	3463	2020	941	932	181	123	16	8128	93	176	338	304	14	343	0	0	9504	0,0,0,0,0,0	28756	0	1131	24702	114	0	24304,23639,23639,21242,21242,21242,21242	8	100	24391,0,0,0,0,0,0	310	0
160159	1774	3620	2065	975	955	195	111	21	8593	102	176	325	304	19	325	0	0	9695	0,0,0,0,0,0	28981	0	1146	25852	119	0	25422,24709,24709,22139,22139,22139,22139	9	109	25542,0,0,0,0,0,0	328	0
159661	1708	3576	2224	981	989	208	111	22	8981	108	177	326	307	18	334	0	0	9797	0,0,0,0,0,0	42639	0	1024	26875	128	0	26414,25648,25648,22888,22888,22888,22888	8	76	26566,0,0,0,0,0,0	360	0
159184	1646	3586	2288	1000	1003	227	115	20	9381	117	179	295	302	12	345	0	0	9865	0,0,0,0,0,0	42488	0	1021	27892	140	0	27399,26579,26579,23623,23623,23623,23623	8	77	27585,0,0,0,0,0,0	380	0
158570	1679	3651	2322	992	1029	248	124	21	9802	126	182	265	335	27	403	0	0	10045	0,0,0,0,0,0	28763	0	1162	29051	147	0	28526,27651,27651,24496,24496,24496,24496	8	92	28744,0,0,0,0,0,0	393	0
