S	E	I1	I2	I3	I4	I5_h	I6_h	R_h	R	D1	D2	H	T	P1	P2	Q	QT	NQ	MUT	HOM	VAC	NI	INF	REINF	BSTR	IMM	HCI	HCE	INFV	INFH	VNI
178111	104	122	56	44	41	6	1	0	259	2	0	202	0	0	0	0	0	374	0,0,0,0,0,0	178744	0	0	374	0	0	635,635,635,635,635,635,635	0	0	0,0,0,0,0,0,0	0	0
178058	79	173	63	42	37	7	0	1	282	2	2	321	314	0	72	0	0	401	0,0,0,0,0,0	12718	0	65	439	0	0	688,688,688,688,688,688,688	0	8	65,0,0,0,0,0,0	6	0
177980	103	191	61	48	45	6	0	1	303	2	6	397	346	0	15	0	0	454	0,0,0,0,0,0	12604	0	87	526	0	0	768,768,768,768,768,768,768	0	11	152,0,0,0,0,0,0	11	0
177908	112	218	67	43	47	7	0	1	331	2	10	461	286	1	19	0	0	494	0,0,0,0,0,0	12668	0	81	608	0	0	841,841,841,841,841,841,841	0	8	234,0,0,0,0,0,0	11	0
177829	138	208	88	43	54	8	1	1	359	2	15	538	246	0	16	0	0	540	0,0,0,0,0,0	24834	0	84	693	0	0	921,921,921,921,921,921,921	0	7	319,0,0,0,0,0,0	12	0
177779	120	228	98	43	57	8	0	1	390	3	19	548	105	0	19	0	0	554	0,0,0,0,0,0	24755	0	67	761	0	0	975,975,975,975,975,975,975	0	1	387,0,0,0,0,0,0	14	0
177690	132	265	101	40	61	8	1	1	419	3	25	604	252	2	25	0	0	608	0,0,0,0,0,0	12952	0	102	863	0	0	1069,1069,1069,1068,1068,1068,1068	0	11	489,0,0,0,0,0,0	15	0
177584	146	288	115	56	69	9	2	1	442	3	31	609	103	3	22	0	0	685	0,0,0,0,0,0	12787	0	119	982	0	0	1180,1179,1179,1177,1177,1177,1177	0	10	608,0,0,0,0,0,0	18	0
177481	164	309	136	65	67	9	2	2	474	3	34	664	262	1	26	0	0	752	0,0,0,0,0,0	12652	0	126	1109	0	0	1291,1291,1291,1288,1288,1288,1288	0	8	735,0,0,0,0,0,0	18	0
177390	185	324	159	67	62	14	2	2	501	3	37	660	256	0	24	0	0	813	0,0,0,0,0,0	13056	0	122	1231	0	0	1394,1393,1393,1389,1389,1389,1389	0	12	857,0,0,0,0,0,0	20	0
177273	212	340	183	71	66	13	3	1	540	3	41	657	278	1	31	0	0	888	0,0,0,0,0,0	12803	0	145	1376	0	0	1523,1522,1522,1517,1517,1517,1517	0	11	1002,0,0,0,0,0,0	18	0
177205	191	367	185	76	77	15	4	1	579	3	43	671	232	2	25	0	0	915	0,0,0,0,0,0	24792	0	104	1479	1	0	1610,1607,1607,1598,1598,1598,1598	0	8	1106,0,0,0,0,0,0	24	0
177104	193	365	220	92	92	14	3	0	612	4	47	709	250	1	39	0	0	979	0,0,0,0,0,0	24870	0	132	1611	2	0	1732,1728,1728,1713,1713,1713,1713	0	4	1238,0,0,0,0,0,0	24	0
176961	210	393	231	101	100	16	4	0	674	4	52	699	295	1	42	0	0	1055	0,0,0,0,0,0	12920	0	166	1776	4	0	1895,1889,1889,1869,1869,1869,1869	0	16	1405,0,0,0,0,0,0	29	0
176798	258	431	237	110	91	18	8	0	733	4	58	732	233	1	44	0	0	1153	0,0,0,0,0,0	12889	0	196	1971	5	0	2081,2073,2073,2047,2047,2047,2047	0	20	1601,0,0,0,0,0,0	26	0
176645	275	457	260	115	94	20	9	0	806	4	61	733	280	0	36	0	0	1230	0,0,0,0,0,0	12972	0	188	2154	10	0	2257,2247,2247,2212,2212,2212,2212	0	18	1788,0,0,0,0,0,0	29	0
176472	289	544	242	113	98	21	10	0	884	4	69	679	244	2	47	0	0	1317	0,0,0,0,0,0	13060	0	197	2350	13	0	2451,2439,2439,2397,2397,2397,2397	1	18	1986,0,0,0,0,0,0	36	0
176333	309	559	274	117	120	24	11	0	925	4	70	686	299	1	39	0	0	1414	0,0,0,0,0,0	13034	0	194	2545	14	0	2633,2617,2617,2561,2561,2561,2561	1	13	2182,0,0,0,0,0,0	41	0
176189	307	595	297	125	124	25	15	0	992	4	73	711	253	3	59	0	0	1488	0,0,0,0,0,0	24806	0	190	2736	14	0	2813,2794,2794,2725,2725,2725,2725	1	17	2373,0,0,0,0,0,0	49	0
176029	279	641	318	152	136	26	17	0	1066	5	77	722	260	2	43	0	0	1569	0,0,0,0,0,0	24859	0	205	2940	16	0	3010,2987,2987,2906,2906,2906,2906	1	15	2579,0,0,0,0,0,0	58	0
175833	336	663	336	161	157	27	18	0	1129	5	81	710	306	1	61	0	0	1698	0,0,0,0,0,0	12976	0	259	3201	16	0	3260,3232,3232,3133,3133,3133,3133	1	31	2840,0,0,0,0,0,0	65	0
175623	375	691	352	169	173	31	19	0	1221	5	87	676	253	4	69	0	0	1810	0,0,0,0,0,0	13096	0	263	3468	16	0	3519,3486,3486,3370,3370,3370,3370	1	26	3107,0,0,0,0,0,0	68	0
175430	386	734	395	176	175	34	23	0	1298	5	90	694	249	4	65	0	0	1923	0,0,0,0,0,0	13146	0	268	3734	18	0	3773,3734,3734,3597,3597,3597,3597	1	27	3373,0,0,0,0,0,0	66	0
175165	423	811	400	187	188	40	21	2	1406	7	96	677	221	4	63	0	0	2070	0,0,0,0,0,0	13160	0	331	4066	19	0	4095,4051,4051,3893,3893,3893,3893	2	44	3705,0,0,0,0,0,0	81	0
174892	489	860	428	214	188	43	22	2	1499	7	102	655	266	5	76	0	0	2244	0,0,0,0,0,0	12949	0	352	4418	19	0	4438,4387,4387,4206,4206,4206,4206	2	41	4057,0,0,0,0,0,0	86	0
174673	502	897	479	201	205	48	27	2	1599	8	105	675	238	2	81	0	0	2359	0,0,0,0,0,0	25064	0	308	4727	22	0	4736,4678,4678,4468,4468,4468,4468	2	18	4367,0,0,0,0,0,0	104	0
174434	513	958	530	202	206	51	28	4	1700	8	112	701	304	5	86	0	0	2488	0,0,0,0,0,0	25133	0	332	5060	23	0	5061,4994,4994,4753,4753,4753,4753	2	33	4700,0,0,0,0,0,0	126	0
174145	540	1026	547	215	210	51	29	6	1853	9	115	691	243	3	80	0	0	2618	0,0,0,0,0,0	13087	0	374	5432	27	0	5426,5350,5350,5082,5082,5082,5082	2	35	5073,0,0,0,0,0,0	114	0
173827	568	1101	555	233	246	49	29	8	2003	9	118	671	274	6	84	0	0	2781	0,0,0,0,0,0	13148	0	414	5846	28	0	5829,5745,5745,5445,5445,5445,5445	2	53	5487,0,0,0,0,0,0	114	0
173483	627	1152	591	253	271	46	26	11	2152	11	123	645	269	3	95	0	0	2966	0,0,0,0,0,0	12992	0	452	6297	29	0	6272,6177,6177,5841,5841,5841,5841	3	46	5939,0,0,0,0,0,0	112	0
173147	681	1234	640	281	279	50	30	12	2253	11	128	641	304	7	116	0	0	3195	0,0,0,0,0,0	12982	0	465	6759	33	0	6724,6617,6617,6238,6238,6238,6238	3	45	6402,0,0,0,0,0,0	116	0
172772	726	1308	688	312	287	49	31	12	2418	12	131	616	305	6	118	0	0	3401	0,0,0,0,0,0	13173	0	496	7254	36	0	7209,7091,7091,6671,6671,6671,6671	3	41	6899,0,0,0,0,0,0	111	0
172448	719	1348	794	320	294	50	34	12	2575	14	138	588	324	5	114	0	0	3559	0,0,0,0,0,0	25105	0	462	7716	39	0	7664,7533,7533,7064,7064,7064,7064	3	38	7361,0,0,0,0,0,0	120	0
172097	734	1420	801	343	310	59	39	10	2777	14	142	613	304	7	110	0	0	3706	0,0,0,0,0,0	24767	0	501	8218	41	0	8154,8008,8008,7487,7487,7487,7487	3	43	7864,0,0,0,0,0,0	135	0
171647	792	1559	821	391	333	60	35	10	2934	18	146	591	302	6	151	0	0	3991	0,0,0,0,0,0	13304	0	612	8832	45	0	8757,8595,8595,8016,8016,8016,8016	3	62	8480,0,0,0,0,0,0	142	0
171123	874	1679	855	410	361	69	36	8	3161	20	150	573	339	5	145	0	0	4284	0,0,0,0,0,0	13186	0	672	9505	47	0	9415,9239,9239,8609,8609,8609,8609	4	71	9153,0,0,0,0,0,0	141	0
170634	926	1794	892	435	396	75	37	8	3374	22	153	553	299	9	159	0	0	4555	0,0,0,0,0,0	13102	0	663	10169	48	0	10066,9873,9873,9182,9182,9182,9182	4	61	9817,0,0,0,0,0,0	151	0
170107	1022	1865	972	480	420	81	39	6	3574	23	157	576	297	10	187	0	0	4879	0,0,0,0,0,0	13075	0	731	10900	50	0	10780,10567,10567,9806,9806,9806,9806	4	65	10548,0,0,0,0,0,0	158	0
169546	1150	1967	1031	514	460	82	44	5	3761	24	162	551	349	11	185	0	0	5248	0,0,0,0,0,0	12961	0	802	11699	54	0	11564,11328,11328,10482,10482,10482,10482	4	87	11348,0,0,0,0,0,0	164	0
169137	1156	2028	1078	551	470	83	47	4	4000	27	165	542	273	8	188	0	0	5413	0,0,0,0,0,0	24852	0	662	12360	58	0	12207,11946,11946,11011,11011,11011,11011	5	46	12010,0,0,0,0,0,0	188	0
168634	1149	2132	1140	552	509	89	46	4	4294	30	167	526	310	7	190	0	0	5617	0,0,0,0,0,0	24936	0	725	13086	59	0	12918,12635,12635,11621,11621,11621,11621	4	52	12736,0,0,0,0,0,0	198	0
167960	1245	2333	1193	561	524	99	50	5	4572	34	170	532	322	11	234	0	0	6005	0,0,0,0,0,0	13341	0	916	13998	67	0	13814,13508,13508,12409,12409,12409,12409	5	89	13650,0,0,0,0,0,0	199	0
167350	1309	2440	1299	593	590	111	54	4	4787	35	174	499	320	10	225	0	0	6396	0,0,0,0,0,0	13118	0	902	14897	72	0	14693,14358,14358,13156,13156,13156,13156	5	96	14551,0,0,0,0,0,0	221	0
166684	1347	2637	1361	676	586	117	59	5	5060	37	177	491	339	14	246	0	0	6783	0,0,0,0,0,0	13131	0	952	15847	77	0	15624,15261,15261,13957,13957,13957,13957	6	103	15501,0,0,0,0,0,0	228	0
165967	1436	2758	1458	670	649	137	66	6	5377	41	181	476	296	13	232	0	0	7174	0,0,0,0,0,0	13085	0	1016	16858	85	0	16617,16225,16225,14815,14815,14815,14815	6	104	16514,0,0,0,0,0,0	254	0
165164	1604	2973	1491	682	675	146	73	6	5705	44	183	434	310	14	281	0	0	7644	0,0,0,0,0,0	13191	0	1135	17992	92	0	17733,17307,17307,15777,15777,15777,15777	7	110	17649,0,0,0,0,0,0	271	0
164530	1616	3001	1583	747	731	153	83	6	6058	49	189	431	305	10	250	0	0	7914	0,0,0,0,0,0	25485	0	949	18940	98	0	18665,18208,18208,16564,16564,16564,16564	7	67	18597,0,0,0,0,0,0	297	0
163979	1521	3110	1679	795	765	162	88	9	6395	52	191	402	335	9	301	0	0	8120	0,0,0,0,0,0	25181	0	928	19863	108	0	19565,19071,19071,17294,17294,17294,17294	7	57	19520,0,0,0,0,0,0	311	0
163147	1639	3252	1786	856	790	169	95	8	6752	56	196	383	319	10	332	0	0	8587	0,0,0,0,0,0	13451	0	1207	21068	116	0	20751,20219,20219,18305,18305,18305,18305	7	126	20728,0,0,0,0,0,0	305	0
162296	1762	3372	1930	915	844	180	101	9	7079	61	197	389	322	11	283	0	0	9104	0,0,0,0,0,0	13264	0	1238	22302	125	0	21960,21389,21389,19337,19337,19337,19337	8	116	21964,0,0,0,0,0,0	318	0
161526	1804	3488	1991	946	867	196	104	9	7551	66	198	391	291	9	291	0	0	9396	0,0,0,0,0,0	29015	0	1158	23463	134	0	23096,22487,22487,20292,20292,20292,20292	8	106	23128,0,0,0,0,0,0	327	0
160795	1816	3647	2047	946	886	215	112	12	7998	72	200	382	250	15	336	0	0	9669	0,0,0,0,0,0	28541	0	1195	24657	140	0	24262,23606,23606,21244,21244,21244,21244	8	104	24323,0,0,0,0,0,0	351	0
160091	1844	3662	2140	1025	942	229	112	12	8405	82	202	353	299	16	341	0	0	9954	0,0,0,0,0,0	28808	0	1175	25836	146	0	25412,24709,24709,22174,22174,22174,22174	9	116	25504,0,0,0,0,0,0	375	0
159571	1762	3641	2237	1025	955	251	117	15	8875	90	207	311	342	14	311	0	0	9988	0,0,0,0,0,0	42938	0	1025	26864	150	0	26411,25657,25657,22938,22938,22938,22938	8	71	26532,0,0,0,0,0,0	387	0
159075	1704	3544	2324	1020	1025	261	133	16	9341	93	210	298	326	26	366	0	0	10011	0,0,0,0,0,0	42505	0	1022	27882	161	0	27400,26593,26593,23684,23684,23684,23684	8	76	27551,0,0,0,0,0,0	430	0
158484	1740	3579	2345	1037	1026	265	136	21	9801	100	212	266	333	23	418	0	0	10128	0,0,0,0,0,0	29084	0	1145	29027	166	0	28510,27647,27647,24538,24538,24538,24538	9	118	28696,0,0,0,0,0,0	441	0
