S	E	I1	I2	I3	I4	I5_h	I6_h	R_h	R	D1	D2	H	T	P1	P2	Q	QT	NQ	MUT	HOM	VAC	NI	INF	REINF	BSTR	IMM	HCI	HCE	INFV	INFH	VNI
178139	102	107	55	36	44	8	4	0	248	3	0	209	0	0	0	0	0	356	0,0,0,0,0,0	178743	0	0	356	0	0	607,607,607,607,607,607,607	0	0	0,0,0,0,0,0,0	0	0
178094	79	157	64	29	49	8	3	1	256	3	3	307	333	1	83	0	0	389	0,0,0,0,0,0	12580	0	62	418	0	0	652,652,652,652,652,652,652	0	6	62,0,0,0,0,0,0	10	0
178036	92	173	67	32	59	7	3	1	270	3	3	387	76	0	7	0	0	433	0,0,0,0,0,0	12741	0	70	488	0	0	711,711,711,711,711,711,711	0	5	132,0,0,0,0,0,0	11	0
177970	101	195	78	31	63	7	4	1	284	3	9	471	273	0	17	0	0	479	0,0,0,0,0,0	12609	0	75	564	0	0	780,780,780,780,780,780,780	0	7	208,0,0,0,0,0,0	13	0
177909	113	205	91	35	59	8	6	1	304	3	12	547	244	1	15	0	0	517	0,0,0,0,0,0	24683	0	79	643	0	0	843,843,843,843,843,843,843	0	7	287,0,0,0,0,0,0	13	0
177820	130	234	95	40	54	11	6	0	340	3	13	575	291	1	15	0	0	570	0,0,0,0,0,0	24409	0	99	742	0	0	933,933,933,933,933,933,933	0	5	386,0,0,0,0,0,0	22	0
177737	140	257	105	50	58	9	6	0	363	3	18	591	257	0	14	0	0	625	0,0,0,0,0,0	12966	0	95	837	0	0	1020,1020,1020,1020,1020,1020,1020	0	12	481,0,0,0,0,0,0	22	0
177634	157	268	127	55	62	12	9	0	397	3	22	630	266	1	27	0	0	690	0,0,0,0,0,0	12749	0	111	949	0	0	1125,1125,1125,1125,1125,1125,1125	0	10	593,0,0,0,0,0,0	25	0
177540	167	276	158	54	68	13	9	0	431	5	25	639	300	1	31	0	0	745	0,0,0,0,0,0	12807	0	109	1059	0	0	1225,1224,1224,1223,1223,1223,1223	0	9	703,0,0,0,0,0,0	35	0
177430	188	290	169	69	78	12	8	1	464	6	31	636	229	0	30	0	0	814	0,0,0,0,0,0	12995	0	128	1187	0	0	1344,1343,1343,1340,1340,1340,1340	0	12	831,0,0,0,0,0,0	32	0
177330	195	307	188	78	80	13	9	1	505	6	34	662	250	0	32	0	0	870	0,0,0,0,0,0	12740	0	123	1309	1	0	1454,1453,1453,1448,1448,1448,1448	0	17	954,0,0,0,0,0,0	32	0
177230	187	351	195	67	85	15	9	1	560	6	40	654	282	2	34	0	0	909	0,0,0,0,0,0	24955	0	122	1430	2	0	1570,1567,1567,1559,1559,1559,1559	0	7	1076,0,0,0,0,0,0	34	0
177146	179	374	196	74	97	17	7	2	603	7	44	677	258	1	28	0	0	944	0,0,0,0,0,0	24733	0	113	1544	2	0	1672,1668,1668,1655,1655,1655,1655	0	6	1190,0,0,0,0,0,0	35	0
177008	216	391	219	77	101	19	8	2	646	7	52	697	275	4	37	0	0	1031	0,0,0,0,0,0	13169	0	163	1709	2	0	1830,1825,1825,1806,1806,1806,1806	0	14	1355,0,0,0,0,0,0	40	0
176892	230	424	216	89	107	21	5	3	693	9	57	659	249	4	41	0	0	1092	0,0,0,0,0,0	12970	0	159	1869	2	0	1976,1968,1968,1941,1941,1941,1941	0	17	1515,0,0,0,0,0,0	36	0
176769	232	468	225	100	109	24	5	3	739	9	63	657	88	2	43	0	0	1163	0,0,0,0,0,0	12984	0	166	2036	2	0	2130,2120,2120,2084,2084,2084,2084	0	12	1682,0,0,0,0,0,0	45	0
176646	248	485	260	114	108	24	6	3	777	9	66	672	251	2	45	0	0	1245	0,0,0,0,0,0	12944	0	176	2213	2	0	2293,2280,2280,2233,2233,2233,2233	1	23	1859,0,0,0,0,0,0	42	0
176480	290	507	276	110	147	28	6	2	823	9	68	677	239	3	39	0	0	1364	0,0,0,0,0,0	12934	0	216	2427	5	0	2493,2477,2477,2419,2419,2419,2419	1	19	2076,0,0,0,0,0,0	41	0
176329	319	513	294	122	146	28	8	1	901	10	75	682	275	4	49	0	0	1430	0,0,0,0,0,0	24805	0	195	2621	8	0	2680,2661,2661,2591,2591,2591,2591	1	18	2272,0,0,0,0,0,0	50	0
176183	308	555	320	129	149	31	10	1	970	10	80	689	267	3	54	0	0	1502	0,0,0,0,0,0	24840	0	194	2816	9	0	2868,2845,2845,2762,2762,2762,2762	1	15	2468,0,0,0,0,0,0	60	0
175965	343	595	340	137	153	35	13	1	1069	10	85	674	259	4	54	0	0	1616	0,0,0,0,0,0	13078	0	253	3068	11	0	3117,3091,3091,2997,2997,2997,2997	1	24	2721,0,0,0,0,0,0	62	0
175737	357	684	359	130	166	36	15	1	1161	11	89	652	253	2	61	0	0	1747	0,0,0,0,0,0	12948	0	269	3334	14	0	3379,3349,3349,3242,3242,3242,3242	1	29	2989,0,0,0,0,0,0	67	0
175472	418	744	370	133	185	38	15	3	1260	12	96	636	259	3	62	0	0	1903	0,0,0,0,0,0	12968	0	328	3663	14	0	3701,3665,3665,3539,3539,3539,3539	1	33	3318,0,0,0,0,0,0	66	0
175274	443	761	413	165	177	40	19	3	1340	13	98	640	257	5	61	0	0	2018	0,0,0,0,0,0	13033	0	273	3936	15	0	3964,3922,3922,3773,3773,3773,3773	2	31	3592,0,0,0,0,0,0	73	0
175046	440	853	441	159	193	42	20	3	1433	14	102	642	305	2	77	0	0	2148	0,0,0,0,0,0	13150	0	317	4252	16	0	4270,4220,4220,4043,4043,4043,4043	2	42	3908,0,0,0,0,0,0	88	0
174842	447	878	463	185	222	41	23	4	1520	15	106	636	330	3	72	0	0	2259	0,0,0,0,0,0	24998	0	307	4558	17	0	4565,4506,4506,4296,4296,4296,4296	2	26	4215,0,0,0,0,0,0	85	0
174592	479	899	483	202	231	40	26	3	1664	17	110	616	278	0	80	0	0	2360	0,0,0,0,0,0	25097	0	324	4881	21	0	4881,4815,4815,4581,4581,4581,4581	2	26	4539,0,0,0,0,0,0	89	0
174324	551	913	544	207	228	40	27	3	1780	18	111	611	284	3	91	0	0	2510	0,0,0,0,0,0	13002	0	370	5251	22	0	5239,5164,5164,4898,4898,4898,4898	2	38	4909,0,0,0,0,0,0	90	0
174038	556	1018	538	233	237	44	27	3	1918	21	113	613	252	5	84	0	0	2653	0,0,0,0,0,0	13013	0	385	5636	23	0	5615,5530,5530,5230,5230,5230,5230	2	42	5294,0,0,0,0,0,0	95	0
173711	585	1111	577	260	248	47	28	4	2036	22	117	592	261	6	96	0	0	2856	0,0,0,0,0,0	12891	0	427	6062	24	0	6033,5939,5939,5605,5605,5605,5605	2	43	5720,0,0,0,0,0,0	106	0
173351	647	1166	630	273	277	52	28	4	2174	24	120	584	310	5	107	0	0	3073	0,0,0,0,0,0	12968	0	473	6535	24	0	6498,6394,6394,6020,6020,6020,6020	3	57	6193,0,0,0,0,0,0	107	0
172982	723	1226	663	285	287	52	31	5	2345	26	121	607	227	1	116	0	0	3267	0,0,0,0,0,0	13057	0	490	7025	25	0	6973,6858,6858,6445,6445,6445,6445	3	48	6683,0,0,0,0,0,0	108	0
172660	746	1296	699	312	296	52	36	6	2491	29	123	589	271	3	114	0	0	3437	0,0,0,0,0,0	24784	0	452	7479	26	0	7414,7286,7286,6830,6830,6830,6830	3	42	7137,0,0,0,0,0,0	111	0
172384	703	1318	746	353	344	51	39	7	2647	29	125	577	294	6	103	0	0	3554	0,0,0,0,0,0	25230	0	415	7892	29	0	7815,7675,7675,7172,7172,7172,7172	3	29	7551,0,0,0,0,0,0	128	0
171964	752	1440	762	364	359	57	41	8	2839	31	129	573	335	7	171	0	0	3775	0,0,0,0,0,0	13417	0	558	8454	31	0	8366,8212,8212,7659,7659,7659,7659	3	52	8113,0,0,0,0,0,0	137	0
171567	816	1527	798	369	379	63	42	9	3013	32	131	561	264	8	139	0	0	3994	0,0,0,0,0,0	13110	0	568	9022	34	0	8919,8748,8748,8136,8136,8136,8136	3	52	8681,0,0,0,0,0,0	131	0
171137	861	1652	859	385	391	67	43	10	3170	36	135	556	276	4	165	0	0	4258	0,0,0,0,0,0	13023	0	622	9640	40	0	9525,9335,9335,8657,8657,8657,8657	3	65	9300,0,0,0,0,0,0	144	0
170589	936	1770	925	427	420	64	49	10	3379	37	140	526	278	10	163	0	0	4591	0,0,0,0,0,0	12880	0	705	10345	42	0	10219,10014,10014,9281,9281,9281,9281	4	81	10005,0,0,0,0,0,0	150	0
170096	1037	1818	1003	450	439	70	49	9	3594	38	143	505	310	10	179	0	0	4866	0,0,0,0,0,0	13161	0	687	11035	42	0	10893,10669,10669,9868,9868,9868,9868	4	64	10695,0,0,0,0,0,0	146	0
169629	1072	1924	1051	436	479	81	50	13	3828	39	144	512	306	9	155	0	0	5093	0,0,0,0,0,0	25076	0	675	11706	49	0	11551,11307,11307,10433,10433,10433,10433	4	52	11367,0,0,0,0,0,0	167	0
169213	1040	1979	1144	471	497	88	53	10	4062	42	147	496	325	16	196	0	0	5272	0,0,0,0,0,0	24682	0	633	12338	55	0	12171,11905,11905,10952,10952,10952,10952	4	37	12000,0,0,0,0,0,0	182	0
168670	1111	2096	1166	496	515	96	53	11	4337	46	149	487	333	10	197	0	0	5533	0,0,0,0,0,0	13188	0	793	13129	58	0	12944,12654,12654,11615,11615,11615,11615	5	89	12791,0,0,0,0,0,0	181	0
168146	1171	2179	1234	538	526	95	54	11	4590	51	151	509	332	11	200	0	0	5797	0,0,0,0,0,0	13166	0	800	13929	61	0	13721,13405,13405,12268,12268,12268,12268	5	78	13591,0,0,0,0,0,0	185	0
167546	1222	2301	1325	566	547	103	57	10	4862	53	154	489	223	15	207	0	0	6121	0,0,0,0,0,0	13049	0	864	14791	65	0	14567,14224,14224,12993,12993,12993,12993	5	81	14454,0,0,0,0,0,0	195	0
166921	1316	2430	1403	587	547	115	59	9	5144	58	157	476	322	15	248	0	0	6457	0,0,0,0,0,0	13033	0	921	15712	69	0	15469,15097,15097,13760,13760,13760,13760	5	76	15375,0,0,0,0,0,0	220	0
166294	1366	2533	1459	624	583	124	66	10	5466	61	160	442	262	12	233	0	0	6755	0,0,0,0,0,0	13020	0	895	16607	78	0	16351,15952,15952,14516,14516,14516,14516	6	88	16274,0,0,0,0,0,0	227	0
165707	1396	2611	1542	653	610	135	72	10	5782	66	162	445	245	7	203	0	0	7019	0,0,0,0,0,0	25199	0	884	17496	85	0	17222,16792,16792,15247,15247,15247,15247	6	56	17163,0,0,0,0,0,0	265	0
165200	1371	2698	1584	707	631	141	74	12	6092	71	165	441	283	21	250	0	0	7206	0,0,0,0,0,0	25068	0	848	18344	93	0	18051,17587,17587,15919,15919,15919,15919	6	68	18012,0,0,0,0,0,0	264	0
164399	1480	2873	1666	727	646	143	83	14	6474	72	169	415	273	5	263	0	0	7618	0,0,0,0,0,0	13233	0	1112	19460	97	0	19150,18654,18654,16871,16871,16871,16871	6	108	19129,0,0,0,0,0,0	280	0
163659	1577	3005	1784	724	701	148	93	13	6795	75	172	381	315	19	289	0	0	8032	0,0,0,0,0,0	13195	0	1115	20574	105	0	20240,19707,19707,17788,17788,17788,17788	6	99	20245,0,0,0,0,0,0	282	0
162984	1662	3067	1896	743	741	153	95	13	7135	83	174	395	331	9	270	0	0	8357	0,0,0,0,0,0	28543	0	1060	21627	119	0	21273,20702,20702,18644,18644,18644,18644	7	86	21302,0,0,0,0,0,0	289	0
162410	1611	3171	1937	803	788	165	102	12	7483	89	175	382	306	10	285	0	0	8577	0,0,0,0,0,0	28645	0	1009	22634	126	0	22253,21639,21639,19424,19424,19424,19424	7	102	22311,0,0,0,0,0,0	310	0
161792	1600	3248	2014	838	839	176	106	14	7847	93	179	356	243	14	296	0	0	8821	0,0,0,0,0,0	28858	0	1062	23692	138	0	23288,22629,22629,20253,20253,20253,20253	7	90	23369,0,0,0,0,0,0	315	0
161368	1559	3277	2001	862	883	173	115	14	8218	95	181	349	319	11	292	0	0	8870	0,0,0,0,0,0	42630	0	924	24615	146	0	24181,23472,23472,20915,20915,20915,20915	7	60	24293,0,0,0,0,0,0	351	0
160919	1503	3316	2033	895	921	181	117	15	8564	101	181	350	322	11	307	0	0	8966	0,0,0,0,0,0	42805	0	970	25582	156	0	25116,24355,24355,21611,21611,21611,21611	7	70	25260,0,0,0,0,0,0	360	0
160348	1521	3272	2114	959	963	190	117	17	8952	108	185	329	350	16	387	0	0	9136	0,0,0,0,0,0	28666	0	1075	26652	163	0	26156,25345,25345,22420,22420,22420,22420	7	101	26330,0,0,0,0,0,0	349	0
