S	E	I1	I2	I3	I4	I5_h	I6_h	R_h	R	D1	D2	H	T	P1	P2	Q	QT	NQ	MUT	HOM	VAC	NI	INF	REINF	BSTR	IMM	HCI	HCE	INFV	INFH	VNI
178086	127	129	55	30	46	10	3	0	259	1	0	209	0	0	0	0	0	400	0,0,0,0,0,0	178745	0	0	400	0	0	660,660,660,660,660,660,660	0	0	0,0,0,0,0,0,0	0	0
178027	108	186	61	35	36	10	4	0	278	1	0	310	324	1	85	0	0	440	0,0,0,0,0,0	12577	0	72	473	0	0	719,719,719,719,719,719,719	0	4	73,0,0,0,0,0,0	16	0
177945	131	206	73	34	40	12	4	0	298	1	2	424	248	0	12	0	0	500	0,0,0,0,0,0	12601	0	90	564	0	0	802,802,802,802,802,802,802	0	4	164,0,0,0,0,0,0	18	0
177859	134	239	84	46	38	11	4	0	325	2	4	512	272	0	11	0	0	556	0,0,0,0,0,0	12643	0	96	661	0	0	890,890,890,890,890,890,890	0	7	261,0,0,0,0,0,0	16	0
177780	137	266	100	49	36	14	5	1	351	2	5	591	99	0	12	0	0	607	0,0,0,0,0,0	24862	0	96	757	0	0	971,971,971,971,971,971,971	0	6	357,0,0,0,0,0,0	22	0
177712	136	284	115	54	41	15	7	1	372	2	7	608	238	2	22	0	0	652	0,0,0,0,0,0	24785	0	91	848	0	0	1044,1044,1044,1044,1044,1044,1044	0	8	448,0,0,0,0,0,0	35	0
177606	142	320	142	56	46	14	6	2	396	2	14	631	304	1	15	0	0	726	0,0,0,0,0,0	13009	0	121	969	0	0	1154,1154,1154,1154,1154,1154,1154	0	7	569,0,0,0,0,0,0	32	0
177488	155	342	147	76	50	16	6	2	447	2	15	635	91	1	20	0	0	792	0,0,0,0,0,0	12867	0	129	1099	0	0	1275,1275,1275,1274,1274,1274,1274	0	16	699,0,0,0,0,0,0	30	0
177368	195	330	163	98	65	19	5	3	477	3	20	664	88	0	25	0	0	875	0,0,0,0,0,0	12904	0	143	1243	0	0	1402,1401,1401,1401,1401,1401,1401	0	12	843,0,0,0,0,0,0	31	0
177244	213	358	175	106	80	19	4	3	516	4	24	687	255	0	34	0	0	955	0,0,0,0,0,0	12838	0	144	1387	1	0	1535,1534,1534,1532,1532,1532,1532	0	15	988,0,0,0,0,0,0	32	0
177112	229	388	192	113	88	20	5	3	563	4	29	707	245	4	34	0	0	1035	0,0,0,0,0,0	13069	0	154	1542	1	0	1679,1677,1677,1673,1673,1673,1673	0	14	1143,0,0,0,0,0,0	32	0
177001	215	426	208	116	90	20	6	3	625	4	32	719	256	3	47	0	0	1081	0,0,0,0,0,0	24727	0	139	1681	2	0	1803,1801,1801,1793,1793,1793,1793	0	12	1283,0,0,0,0,0,0	31	0
176891	222	441	241	126	95	22	7	4	658	4	35	714	253	2	40	0	0	1154	0,0,0,0,0,0	24850	0	151	1831	4	0	1938,1934,1934,1919,1919,1919,1919	0	10	1435,0,0,0,0,0,0	45	0
176733	244	472	256	137	112	23	11	3	713	4	38	739	255	2	47	0	0	1255	0,0,0,0,0,0	12971	0	196	2026	5	0	2119,2113,2113,2092,2092,2092,2092	1	29	1631,0,0,0,0,0,0	45	0
176560	258	509	278	148	115	24	10	4	793	4	43	738	265	1	62	0	0	1342	0,0,0,0,0,0	12986	0	201	2229	5	0	2314,2306,2306,2279,2279,2279,2279	1	22	1834,0,0,0,0,0,0	57	0
176412	270	535	298	138	121	33	12	4	870	4	49	734	324	1	54	0	0	1407	0,0,0,0,0,0	13085	0	188	2415	7	0	2491,2480,2480,2444,2444,2444,2444	1	19	2022,0,0,0,0,0,0	57	0
176235	305	566	301	126	138	34	16	4	964	5	52	736	255	0	55	0	0	1486	0,0,0,0,0,0	13088	0	232	2646	8	0	2705,2692,2692,2643,2643,2643,2643	1	28	2253,0,0,0,0,0,0	74	0
176039	333	615	344	133	139	42	15	3	1019	6	58	724	263	1	61	0	0	1621	0,0,0,0,0,0	12992	0	265	2910	9	0	2956,2937,2937,2873,2873,2873,2873	1	37	2517,0,0,0,0,0,0	76	0
175872	342	661	352	138	144	35	15	3	1113	8	63	714	241	2	51	0	0	1687	0,0,0,0,0,0	24666	0	229	3137	11	0	3172,3149,3149,3068,3068,3068,3068	1	26	2745,0,0,0,0,0,0	91	0
175685	358	691	367	161	161	35	14	4	1196	9	65	777	257	3	60	0	0	1787	0,0,0,0,0,0	25042	0	245	3380	16	0	3407,3379,3379,3281,3281,3281,3281	2	26	2993,0,0,0,0,0,0	90	0
175442	435	724	405	167	161	38	12	4	1277	12	69	790	276	4	72	0	0	1942	0,0,0,0,0,0	13114	0	314	3689	21	0	3710,3676,3676,3557,3557,3557,3557	2	39	3304,0,0,0,0,0,0	91	0
175165	483	816	410	181	167	40	13	3	1378	12	78	744	228	1	75	0	0	2110	0,0,0,0,0,0	13048	0	345	4032	24	0	4045,4005,4005,3867,3867,3867,3867	2	46	3648,0,0,0,0,0,0	100	0
174902	509	891	426	203	194	37	13	3	1476	14	78	734	252	0	82	0	0	2273	0,0,0,0,0,0	13090	0	346	4379	24	0	4380,4334,4334,4170,4170,4170,4170	2	39	3995,0,0,0,0,0,0	102	0
174613	523	994	466	205	209	43	20	3	1572	14	84	726	308	5	80	0	0	2460	0,0,0,0,0,0	13080	0	373	4749	28	0	4742,4688,4688,4499,4499,4499,4499	2	44	4368,0,0,0,0,0,0	110	0
174299	570	1030	525	234	234	45	21	3	1681	14	90	720	318	7	90	0	0	2659	0,0,0,0,0,0	13142	0	395	5147	28	0	5134,5073,5073,4855,4855,4855,4855	3	44	4766,0,0,0,0,0,0	120	0
173987	564	1120	554	249	256	48	28	4	1827	14	95	691	288	5	82	0	0	2819	0,0,0,0,0,0	25380	0	387	5535	29	0	5517,5448,5448,5204,5204,5204,5204	3	30	5154,0,0,0,0,0,0	121	0
173704	568	1127	621	269	255	55	27	6	2000	14	100	695	332	7	109	0	0	2922	0,0,0,0,0,0	25082	0	372	5907	31	0	5879,5803,5803,5530,5530,5530,5530	3	35	5526,0,0,0,0,0,0	134	0
173360	650	1135	681	303	264	56	27	5	2144	15	106	688	294	5	120	0	0	3116	0,0,0,0,0,0	13166	0	454	6361	32	0	6321,6235,6235,5927,5927,5927,5927	3	56	5980,0,0,0,0,0,0	124	0
172998	715	1213	702	316	288	54	33	5	2297	15	110	692	271	9	122	0	0	3321	0,0,0,0,0,0	13147	0	496	6855	36	0	6804,6705,6705,6350,6350,6350,6350	3	53	6476,0,0,0,0,0,0	134	0
172576	752	1344	727	320	323	57	39	4	2473	16	115	682	251	8	130	0	0	3562	0,0,0,0,0,0	13079	0	543	7402	37	0	7343,7232,7232,6834,6834,6834,6834	3	65	7023,0,0,0,0,0,0	138	0
172173	824	1390	813	321	344	58	39	4	2642	19	119	665	274	5	133	0	0	3789	0,0,0,0,0,0	13311	0	555	7956	39	0	7884,7758,7758,7310,7310,7310,7310	4	58	7577,0,0,0,0,0,0	131	0
171723	831	1538	843	350	376	66	37	5	2834	20	123	678	294	8	139	0	0	4041	0,0,0,0,0,0	13138	0	584	8542	40	0	8459,8321,8321,7826,7826,7826,7826	4	58	8163,0,0,0,0,0,0	161	0
171315	877	1615	913	376	394	66	45	5	2995	20	125	642	322	8	125	0	0	4286	0,0,0,0,0,0	25021	0	580	9126	40	0	9030,8875,8875,8320,8320,8320,8320	4	41	8747,0,0,0,0,0,0	171	0
170941	857	1675	968	390	422	73	46	6	3219	23	126	631	317	1	131	0	0	4431	0,0,0,0,0,0	24895	0	542	9672	41	0	9562,9391,9391,8777,8777,8777,8777	4	44	9293,0,0,0,0,0,0	176	0
170395	921	1790	1013	434	432	79	48	7	3471	24	132	590	276	10	183	0	0	4717	0,0,0,0,0,0	13194	0	713	10383	45	0	10264,10076,10076,9403,9403,9403,9403	4	82	10006,0,0,0,0,0,0	169	0
169839	1037	1865	1049	475	434	86	52	7	3740	27	135	582	316	5	180	0	0	4998	0,0,0,0,0,0	13225	0	748	11134	45	0	10999,10792,10792,10051,10051,10051,10051	5	65	10757,0,0,0,0,0,0	184	0
169225	1128	2041	1068	482	461	95	57	7	4017	28	137	560	329	9	198	0	0	5332	0,0,0,0,0,0	13019	0	811	11946	46	0	11796,11570,11570,10760,10760,10760,10760	5	80	11569,0,0,0,0,0,0	210	0
168623	1167	2227	1128	506	504	99	60	7	4254	32	139	568	339	11	196	0	0	5691	0,0,0,0,0,0	13250	0	835	12781	49	0	12615,12366,12366,11474,11474,11474,11474	5	78	12404,0,0,0,0,0,0	204	0
167977	1272	2334	1199	525	554	106	67	6	4527	34	145	557	320	10	221	0	0	6057	0,0,0,0,0,0	13001	0	863	13649	52	0	13470,13199,13199,12227,12227,12227,12227	5	72	13272,0,0,0,0,0,0	219	0
167482	1249	2376	1311	560	607	110	66	9	4789	36	151	530	275	14	202	0	0	6279	0,0,0,0,0,0	25103	0	756	14406	55	0	14211,13914,13914,12849,12849,12849,12849	5	55	14030,0,0,0,0,0,0	238	0
166990	1192	2457	1374	579	662	124	76	11	5090	37	154	521	329	12	229	0	0	6464	0,0,0,0,0,0	25174	0	752	15157	58	0	14944,14622,14622,13466,13466,13466,13466	5	46	14781,0,0,0,0,0,0	244	0
166294	1316	2592	1448	626	651	131	75	13	5398	42	160	463	314	8	283	0	0	6839	0,0,0,0,0,0	13357	0	1003	16160	62	0	15928,15575,15575,14310,14310,14310,14310	6	91	15785,0,0,0,0,0,0	266	0
165581	1471	2671	1560	672	669	144	80	11	5683	44	160	441	268	19	254	0	0	7267	0,0,0,0,0,0	13174	0	1040	17197	67	0	16941,16557,16557,15176,15176,15176,15176	6	117	16825,0,0,0,0,0,0	288	0
164853	1550	2856	1621	641	705	145	85	13	6065	49	163	426	357	10	249	0	0	7603	0,0,0,0,0,0	13144	0	1082	18280	69	0	18003,17583,17583,16074,16074,16074,16074	6	101	17909,0,0,0,0,0,0	291	0
164083	1604	3059	1681	735	744	146	88	13	6375	53	165	399	233	21	277	0	0	8057	0,0,0,0,0,0	13368	0	1130	19410	73	0	19112,18656,18656,17017,17017,17017,17017	7	125	19039,0,0,0,0,0,0	278	0
163222	1669	3314	1793	764	744	149	96	14	6757	58	166	393	294	20	316	0	0	8529	0,0,0,0,0,0	13053	0	1227	20639	78	0	20320,19827,19827,18054,18054,18054,18054	7	105	20269,0,0,0,0,0,0	288	0
162560	1637	3352	1950	795	781	154	95	13	7171	67	171	385	311	12	254	0	0	8764	0,0,0,0,0,0	25127	0	1048	21685	85	0	21346,20814,20814,18902,18902,18902,18902	7	76	21315,0,0,0,0,0,0	302	0
161899	1600	3445	2087	842	826	168	105	11	7518	70	175	345	349	18	297	0	0	9073	0,0,0,0,0,0	25160	0	1076	22757	93	0	22393,21820,21820,19760,19760,19760,19760	7	77	22388,0,0,0,0,0,0	317	0
160943	1783	3690	2129	823	894	181	111	11	7927	75	179	336	294	13	381	0	0	9611	0,0,0,0,0,0	13434	0	1395	24153	99	0	23764,23147,23147,20926,20926,20926,20926	8	130	23787,0,0,0,0,0,0	344	0
160043	1988	3678	2266	934	952	186	114	9	8312	82	182	329	334	13	323	0	0	10118	0,0,0,0,0,0	13370	0	1360	25518	104	0	25099,24435,24435,22047,22047,22047,22047	8	125	25152,0,0,0,0,0,0	345	0
159277	2013	3838	2290	975	947	197	117	10	8810	88	184	314	263	11	344	0	0	10377	0,0,0,0,0,0	28665	0	1229	26750	110	0	26302,25592,25592,23035,23035,23035,23035	9	124	26385,0,0,0,0,0,0	356	0
158520	2018	3900	2416	1057	945	206	116	12	9268	99	189	299	343	22	354	0	0	10658	0,0,0,0,0,0	29010	0	1286	28032	119	0	27552,26790,26790,24042,24042,24042,24042	9	115	27668,0,0,0,0,0,0	364	0
157800	2035	3982	2435	1089	1023	214	123	12	9734	107	192	291	317	15	347	0	0	10901	0,0,0,0,0,0	28881	0	1285	29319	126	0	28806,27986,27986,25033,25033,25033,25033	9	124	28955,0,0,0,0,0,0	369	0
157286	1954	4012	2493	1089	1036	226	128	13	10203	112	194	277	344	22	373	0	0	10938	0,0,0,0,0,0	42634	0	1093	30410	137	0	29863,28986,28986,25823,25823,25823,25823	9	61	30047,0,0,0,0,0,0	416	0
156847	1852	3987	2531	1123	1066	240	136	14	10635	119	196	278	318	21	367	0	0	10935	0,0,0,0,0,0	42769	0	1081	31490	146	0	30905,29963,29963,26568,26568,26568,26568	8	81	31128,0,0,0,0,0,0	411	0
156201	1833	4018	2572	1133	1068	252	142	15	11182	132	198	269	306	20	418	0	0	11018	0,0,0,0,0,0	28916	0	1245	32730	158	0	32108,31107,31107,27496,27496,27496,27496	9	114	32370,0,0,0,0,0,0	414	0
