S	E	I1	I2	I3	I4	I5_h	I6_h	R_h	R	D1	D2	H	T	P1	P2	Q	QT	NQ	MUT	HOM	VAC	NI	INF	REINF	BSTR	IMM	HCI	HCE	INFV	INFH	VNI
178149	94	126	47	45	45	6	2	0	229	3	0	212	0	0	0	0	0	365	0,0,0,0,0,0	178743	0	0	365	0	0	597,597,597,597,597,597,597	0	0	0,0,0,0,0,0,0	0	0
178101	74	163	60	43	51	8	2	0	236	3	5	333	321	0	75	0	0	401	0,0,0,0,0,0	12389	0	61	427	0	0	645,645,645,645,645,645,645	0	9	62,0,0,0,0,0,0	9	0
178044	81	188	66	39	46	8	1	0	260	4	9	426	292	0	18	0	0	429	0,0,0,0,0,0	12689	0	68	496	0	0	703,703,703,703,703,703,703	0	6	131,0,0,0,0,0,0	10	0
177995	92	185	62	50	55	8	0	1	283	4	11	499	303	2	16	0	0	452	0,0,0,0,0,0	12761	0	61	558	0	0	754,754,754,754,754,754,754	0	7	193,0,0,0,0,0,0	9	0
177938	103	190	79	51	55	9	0	1	302	4	14	534	263	0	19	0	0	487	0,0,0,0,0,0	24638	0	72	629	1	0	814,814,814,814,814,814,814	0	0	265,0,0,0,0,0,0	13	0
177884	106	206	83	50	49	13	3	1	330	4	17	601	96	0	18	0	0	510	0,0,0,0,0,0	24884	0	66	696	1	0	872,872,872,872,872,872,872	0	8	332,0,0,0,0,0,0	13	0
177811	118	220	104	48	48	14	5	1	350	4	23	647	93	0	23	0	0	557	0,0,0,0,0,0	12662	0	87	782	2	0	949,949,949,949,949,949,949	0	7	419,0,0,0,0,0,0	22	0
177724	134	231	115	56	55	15	6	1	376	4	29	653	249	2	17	0	0	612	0,0,0,0,0,0	12904	0	100	882	2	0	1043,1042,1042,1040,1040,1040,1040	0	6	519,0,0,0,0,0,0	28	0
177635	136	259	127	60	64	14	5	2	404	5	35	618	275	1	32	0	0	665	0,0,0,0,0,0	12860	0	103	984	3	0	1137,1137,1137,1134,1134,1134,1134	0	7	622,0,0,0,0,0,0	25	0
177552	153	278	135	53	63	17	6	2	444	5	38	648	347	0	26	0	0	705	0,0,0,0,0,0	12962	0	105	1088	4	0	1226,1225,1225,1221,1221,1221,1221	0	7	727,0,0,0,0,0,0	24	0
177445	173	305	153	57	61	20	7	1	474	5	45	665	279	1	21	0	0	776	0,0,0,0,0,0	13057	0	127	1215	4	0	1345,1344,1344,1339,1339,1339,1339	0	15	854,0,0,0,0,0,0	27	0
177352	182	334	164	61	64	21	7	0	505	5	51	697	247	1	21	0	0	833	0,0,0,0,0,0	25025	0	118	1334	4	0	1455,1453,1453,1445,1445,1445,1445	0	6	973,0,0,0,0,0,0	37	0
177243	193	356	166	80	80	18	7	0	540	5	58	699	270	0	31	0	0	900	0,0,0,0,0,0	25005	0	130	1465	4	0	1581,1578,1578,1567,1567,1567,1567	0	8	1104,0,0,0,0,0,0	40	0
177123	214	366	190	83	89	19	6	0	589	6	61	666	267	1	41	0	0	967	0,0,0,0,0,0	12932	0	144	1610	5	0	1717,1713,1713,1698,1698,1698,1698	0	14	1250,0,0,0,0,0,0	39	0
177013	203	426	191	89	91	20	5	0	637	7	64	709	93	1	36	0	0	1025	0,0,0,0,0,0	12787	0	146	1756	6	0	1848,1842,1842,1823,1823,1823,1823	0	10	1397,0,0,0,0,0,0	42	0
176893	224	440	202	92	101	22	6	0	691	8	67	725	256	1	36	0	0	1087	0,0,0,0,0,0	12957	0	165	1917	10	0	1999,1990,1990,1961,1961,1961,1961	0	18	1562,0,0,0,0,0,0	43	0
176710	259	472	231	106	112	23	7	0	748	8	70	700	247	3	50	0	0	1210	0,0,0,0,0,0	13110	0	217	2132	12	0	2207,2197,2197,2159,2159,2159,2159	1	22	1779,0,0,0,0,0,0	46	0
176552	267	498	262	127	125	24	7	0	802	9	73	717	224	0	50	0	0	1310	0,0,0,0,0,0	13014	0	192	2327	12	0	2394,2381,2381,2335,2335,2335,2335	1	17	1974,0,0,0,0,0,0	55	0
176403	301	513	273	138	133	23	8	0	868	9	77	691	260	4	52	0	0	1389	0,0,0,0,0,0	25007	0	200	2526	13	0	2580,2564,2564,2505,2505,2505,2505	1	11	2174,0,0,0,0,0,0	57	0
176252	307	532	294	150	148	29	12	0	930	9	83	683	246	2	49	0	0	1472	0,0,0,0,0,0	24946	0	189	2714	15	0	2764,2744,2744,2675,2675,2675,2675	1	16	2363,0,0,0,0,0,0	66	0
176096	285	597	301	158	156	27	11	0	1017	10	88	698	244	0	57	0	0	1535	0,0,0,0,0,0	13199	0	201	2914	16	0	2958,2935,2935,2853,2853,2853,2853	1	20	2563,0,0,0,0,0,0	67	0
175906	311	648	308	159	161	30	7	0	1108	15	93	691	297	4	64	0	0	1624	0,0,0,0,0,0	13000	0	242	3152	20	0	3186,3159,3159,3064,3064,3064,3064	1	32	2804,0,0,0,0,0,0	63	0
175709	358	653	338	167	181	31	9	0	1187	15	98	683	279	4	68	0	0	1737	0,0,0,0,0,0	13069	0	256	3407	22	0	3434,3402,3402,3289,3289,3289,3289	1	22	3060,0,0,0,0,0,0	79	0
175476	406	716	354	191	176	33	11	0	1267	15	101	665	314	1	68	0	0	1887	0,0,0,0,0,0	13075	0	297	3706	22	0	3723,3685,3685,3552,3552,3552,3552	1	26	3359,0,0,0,0,0,0	79	0
175220	458	780	368	199	186	37	16	0	1361	15	106	653	241	3	71	0	0	2044	0,0,0,0,0,0	12963	0	320	4032	22	0	4039,3996,3996,3841,3841,3841,3841	2	39	3685,0,0,0,0,0,0	90	0
175036	444	830	394	212	195	35	19	0	1460	15	106	615	327	4	67	0	0	2129	0,0,0,0,0,0	24752	0	249	4282	22	0	4282,4232,4232,4056,4056,4056,4056	2	16	3935,0,0,0,0,0,0	93	0
174808	437	887	440	216	210	39	18	0	1565	16	110	602	243	3	71	0	0	2247	0,0,0,0,0,0	24941	0	297	4579	23	0	4573,4517,4517,4319,4319,4319,4319	2	21	4233,0,0,0,0,0,0	106	0
174506	482	962	463	246	210	39	22	0	1684	17	115	623	324	2	107	0	0	2424	0,0,0,0,0,0	12877	0	386	4964	24	0	4954,4890,4890,4663,4663,4663,4663	2	42	4619,0,0,0,0,0,0	108	0
174193	534	1006	524	264	229	43	23	1	1790	17	122	603	266	3	103	0	0	2623	0,0,0,0,0,0	12912	0	412	5376	25	0	5362,5288,5288,5025,5025,5025,5025	2	34	5031,0,0,0,0,0,0	105	0
173879	583	1048	555	297	258	43	25	1	1914	17	126	583	215	7	98	0	0	2809	0,0,0,0,0,0	12960	0	407	5784	27	0	5765,5682,5682,5386,5386,5386,5386	2	37	5439,0,0,0,0,0,0	96	0
173543	613	1155	559	308	269	50	28	2	2075	18	126	590	318	8	112	0	0	2982	0,0,0,0,0,0	12911	0	438	6225	28	0	6192,6100,6100,5770,5770,5770,5770	2	43	5880,0,0,0,0,0,0	104	0
173190	668	1228	617	297	292	49	30	3	2225	18	129	554	316	3	124	0	0	3181	0,0,0,0,0,0	13139	0	478	6701	30	0	6659,6555,6555,6182,6182,6182,6182	2	57	6356,0,0,0,0,0,0	115	0
172871	679	1285	636	330	336	51	33	3	2371	21	130	580	291	5	102	0	0	3350	0,0,0,0,0,0	24734	0	451	7152	32	0	7094,6978,6978,6563,6563,6563,6563	3	39	6807,0,0,0,0,0,0	116	0
172560	686	1286	712	352	375	59	34	3	2519	24	136	554	293	8	111	0	0	3504	0,0,0,0,0,0	24967	0	442	7593	36	0	7527,7399,7399,6938,6938,6938,6938	3	38	7249,0,0,0,0,0,0	136	0
172098	748	1436	732	365	389	66	37	3	2704	26	142	547	250	4	154	0	0	3773	0,0,0,0,0,0	13218	0	605	8197	39	0	8124,7981,7981,7470,7470,7470,7470	3	53	7853,0,0,0,0,0,0	134	0
171730	816	1499	771	377	403	69	36	3	2868	28	146	570	254	11	164	0	0	3971	0,0,0,0,0,0	12952	0	538	8737	39	0	8649,8490,8490,7920,7920,7920,7920	3	54	8393,0,0,0,0,0,0	139	0
171261	877	1606	834	400	411	66	36	2	3073	30	150	567	255	9	148	0	0	4230	0,0,0,0,0,0	13191	0	635	9373	42	0	9276,9100,9100,8470,8470,8470,8470	3	61	9030,0,0,0,0,0,0	137	0
170807	935	1695	900	400	417	69	42	3	3294	30	154	545	318	5	153	0	0	4458	0,0,0,0,0,0	13170	0	623	9997	44	0	9888,9696,9696,9007,9007,9007,9007	3	48	9654,0,0,0,0,0,0	143	0
170337	989	1823	938	423	413	75	46	3	3510	31	158	564	233	4	163	0	0	4707	0,0,0,0,0,0	13089	0	660	10662	46	0	10540,10328,10328,9571,9571,9571,9571	4	53	10319,0,0,0,0,0,0	160	0
169914	995	1871	1000	457	449	77	51	3	3730	35	164	533	327	5	148	0	0	4900	0,0,0,0,0,0	25153	0	601	11268	46	0	11135,10905,10905,10083,10083,10083,10083	4	44	10925,0,0,0,0,0,0	169	0
169505	977	1957	1071	487	450	91	53	3	3948	39	165	536	259	8	184	0	0	5086	0,0,0,0,0,0	24869	0	633	11899	52	0	11749,11498,11498,10598,10598,10598,10598	4	50	11556,0,0,0,0,0,0	193	0
168891	1109	2079	1127	497	484	101	58	7	4186	40	167	534	313	11	208	0	0	5455	0,0,0,0,0,0	13212	0	848	12745	57	0	12581,12307,12307,11323,11323,11323,11323	4	89	12402,0,0,0,0,0,0	189	0
168330	1197	2148	1167	522	528	104	57	7	4468	45	173	504	321	17	193	0	0	5723	0,0,0,0,0,0	13150	0	785	13534	58	0	13356,13059,13059,11993,11993,11993,11993	5	76	13191,0,0,0,0,0,0	205	0
167778	1224	2303	1245	533	533	117	63	9	4720	46	175	471	333	6	238	0	0	6018	0,0,0,0,0,0	13252	0	813	14349	62	0	14155,13832,13832,12672,12672,12672,12672	5	76	14007,0,0,0,0,0,0	211	0
167145	1323	2417	1340	584	571	125	70	7	4935	52	177	492	295	14	223	0	0	6430	0,0,0,0,0,0	13224	0	920	15276	64	0	15065,14713,14713,13446,13446,13446,13446	5	87	14935,0,0,0,0,0,0	221	0
166460	1412	2493	1416	635	587	134	71	9	5290	56	183	442	332	6	249	0	0	6748	0,0,0,0,0,0	13125	0	943	16221	67	0	15997,15619,15619,14257,14257,14257,14257	6	88	15880,0,0,0,0,0,0	238	0
165930	1398	2589	1449	677	608	139	79	9	5623	60	185	441	282	9	210	0	0	6939	0,0,0,0,0,0	25196	0	828	17051	71	0	16810,16401,16401,14931,14931,14931,14931	5	47	16710,0,0,0,0,0,0	241	0
165434	1340	2717	1521	683	637	147	85	7	5921	63	191	434	324	11	220	0	0	7130	0,0,0,0,0,0	24978	0	836	17889	74	0	17630,17187,17187,15593,15593,15593,15593	5	55	17548,0,0,0,0,0,0	267	0
164605	1484	2948	1591	684	660	152	86	9	6264	69	194	408	291	16	285	0	0	7605	0,0,0,0,0,0	13189	0	1168	19061	77	0	18783,18305,18305,16587,16587,16587,16587	6	110	18721,0,0,0,0,0,0	273	0
163812	1631	3028	1687	725	757	155	94	10	6578	74	195	392	301	8	269	0	0	8077	0,0,0,0,0,0	13204	0	1145	20202	86	0	19902,19389,19389,17544,17544,17544,17544	6	95	19863,0,0,0,0,0,0	283	0
163120	1681	3109	1784	760	822	154	100	10	6925	80	201	382	321	14	291	0	0	8410	0,0,0,0,0,0	28561	0	1067	21265	94	0	20943,20393,20393,18413,18413,18413,18413	7	91	20926,0,0,0,0,0,0	296	0
162499	1686	3201	1886	825	841	172	105	13	7230	84	204	363	330	11	277	0	0	8716	0,0,0,0,0,0	28813	0	1027	22293	103	0	21948,21357,21357,19229,19229,19229,19229	7	98	21956,0,0,0,0,0,0	303	0
161805	1667	3292	1980	881	890	183	109	13	7635	86	205	347	336	15	323	0	0	9002	0,0,0,0,0,0	28624	0	1082	23375	111	0	23007,22377,22377,20107,20107,20107,20107	7	99	23039,0,0,0,0,0,0	321	0
161331	1592	3316	2039	888	935	198	103	17	8020	99	208	334	279	13	283	0	0	9071	0,0,0,0,0,0	42731	0	912	24284	119	0	23891,23217,23217,20789,20789,20789,20789	7	78	23948,0,0,0,0,0,0	325	0
160853	1541	3239	2080	913	979	213	114	16	8487	102	209	306	351	19	332	0	0	9079	0,0,0,0,0,0	42723	0	942	25220	128	0	24800,24080,24080,21485,21485,21485,21485	7	63	24887,0,0,0,0,0,0	362	0
160357	1511	3262	2138	942	977	229	119	19	8872	108	212	289	325	20	379	0	0	9178	0,0,0,0,0,0	28843	0	1004	26220	135	0	25771,25001,25001,22222,22222,22222,22222	7	98	25887,0,0,0,0,0,0	365	0
