S	E	I1	I2	I3	I4	I5_h	I6_h	R_h	R	D1	D2	H	T	P1	P2	Q	QT	NQ	MUT	HOM	VAC	NI	INF	REINF	BSTR	IMM	HCI	HCE	INFV	INFH	VNI
178148	98	129	58	44	44	9	3	0	211	2	0	211	0	0	0	0	0	385	0,0,0,0,0,0	178744	0	0	385	0	0	598,598,598,598,598,598,598	0	0	0,0,0,0,0,0,0	0	0
178087	87	184	57	39	38	9	3	1	234	2	5	333	321	1	83	0	0	417	0,0,0,0,0,0	12386	0	64	452	0	0	659,659,659,659,659,659,659	0	5	67,0,0,0,0,0,0	12	0
178022	98	205	72	39	44	9	4	1	241	2	9	427	89	1	9	0	0	471	0,0,0,0,0,0	12684	0	77	529	0	0	724,724,724,724,724,724,724	0	2	144,0,0,0,0,0,0	13	0
177955	105	214	81	44	48	9	5	1	271	2	11	501	254	0	14	0	0	506	0,0,0,0,0,0	12810	0	75	604	0	0	792,792,792,792,792,792,792	0	7	219,0,0,0,0,0,0	14	0
177893	109	220	104	48	45	8	5	1	296	2	15	534	98	0	16	0	0	539	0,0,0,0,0,0	24663	0	75	679	0	0	859,859,859,859,859,859,859	0	5	294,0,0,0,0,0,0	14	0
177814	126	236	109	54	47	10	5	1	324	2	18	603	156	2	20	0	0	587	0,0,0,0,0,0	24871	0	96	775	0	0	942,942,942,942,942,942,942	0	5	390,0,0,0,0,0,0	16	0
177729	135	254	114	60	55	8	4	0	360	3	24	645	98	1	23	0	0	630	0,0,0,0,0,0	12644	0	98	873	0	0	1032,1032,1032,1032,1032,1032,1032	0	10	488,0,0,0,0,0,0	17	0
177647	138	273	129	70	53	10	4	0	389	3	30	650	300	0	26	0	0	677	0,0,0,0,0,0	12905	0	94	969	0	0	1122,1122,1122,1120,1120,1120,1120	0	4	584,0,0,0,0,0,0	21	0
177526	154	301	151	74	67	11	5	0	419	3	35	615	278	3	23	0	0	763	0,0,0,0,0,0	12885	0	142	1109	2	0	1255,1254,1254,1250,1250,1250,1250	0	9	726,0,0,0,0,0,0	20	0
177438	168	316	164	77	68	14	7	1	452	3	38	644	287	0	30	0	0	814	0,0,0,0,0,0	12940	0	116	1226	2	0	1356,1355,1355,1349,1349,1349,1349	0	14	843,0,0,0,0,0,0	20	0
177338	171	325	185	81	70	16	9	1	503	3	44	654	242	2	34	0	0	857	0,0,0,0,0,0	13056	0	117	1344	2	0	1464,1462,1462,1456,1456,1456,1456	0	13	961,0,0,0,0,0,0	32	0
177254	170	325	204	80	88	20	11	1	540	4	49	690	92	0	22	0	0	898	0,0,0,0,0,0	25032	0	110	1454	2	0	1564,1561,1561,1551,1551,1551,1551	0	10	1071,0,0,0,0,0,0	35	0
177141	172	365	200	87	87	21	13	1	600	4	55	683	269	1	43	0	0	945	0,0,0,0,0,0	24979	0	136	1590	2	0	1691,1687,1687,1675,1675,1675,1675	0	6	1207,0,0,0,0,0,0	48	0
177003	206	387	210	90	94	25	14	0	655	4	58	643	262	2	46	0	0	1026	0,0,0,0,0,0	12898	0	170	1760	2	0	1851,1846,1846,1827,1827,1827,1827	0	23	1377,0,0,0,0,0,0	54	0
176878	225	400	221	96	99	26	13	0	721	5	62	679	241	0	41	0	0	1080	0,0,0,0,0,0	12784	0	150	1908	5	0	1990,1984,1984,1962,1962,1962,1962	0	13	1526,0,0,0,0,0,0	57	0
176740	244	436	226	109	103	26	14	1	777	5	65	701	262	1	42	0	0	1158	0,0,0,0,0,0	12932	0	181	2088	6	0	2159,2150,2150,2118,2118,2118,2118	1	23	1707,0,0,0,0,0,0	55	0
176580	267	476	239	130	110	27	14	2	828	6	67	673	297	2	42	0	0	1263	0,0,0,0,0,0	13089	0	196	2283	8	0	2347,2335,2335,2295,2295,2295,2295	1	21	1904,0,0,0,0,0,0	59	0
176389	299	531	261	138	112	31	16	1	892	6	70	694	272	1	65	0	0	1388	0,0,0,0,0,0	12983	0	233	2514	10	0	2568,2554,2554,2503,2503,2503,2503	1	19	2137,0,0,0,0,0,0	67	0
176249	318	544	273	149	136	32	18	1	946	6	74	675	254	3	52	0	0	1470	0,0,0,0,0,0	25023	0	196	2709	12	0	2754,2735,2735,2669,2669,2669,2669	1	16	2334,0,0,0,0,0,0	80	0
176067	311	607	288	150	141	37	20	1	1038	6	80	656	247	2	56	0	0	1554	0,0,0,0,0,0	24970	0	218	2929	14	0	2971,2949,2949,2871,2871,2871,2871	1	14	2556,0,0,0,0,0,0	91	0
175874	322	658	304	157	157	36	19	2	1127	7	83	675	256	1	67	0	0	1653	0,0,0,0,0,0	13195	0	244	3173	15	0	3207,3180,3180,3088,3088,3088,3088	1	22	2801,0,0,0,0,0,0	86	0
175683	378	651	325	169	178	35	18	2	1211	9	87	677	245	1	62	0	0	1754	0,0,0,0,0,0	12985	0	252	3426	17	0	3453,3421,3421,3308,3308,3308,3308	1	30	3055,0,0,0,0,0,0	79	0
175447	419	705	342	180	178	35	18	2	1318	10	92	665	278	2	72	0	0	1877	0,0,0,0,0,0	13088	0	294	3720	18	0	3739,3703,3703,3573,3573,3573,3573	1	32	3349,0,0,0,0,0,0	82	0
175207	455	763	391	180	169	33	19	2	1420	12	95	649	248	2	69	0	0	2010	0,0,0,0,0,0	13070	0	308	4028	18	0	4041,3998,3998,3847,3847,3847,3847	1	29	3657,0,0,0,0,0,0	80	0
174939	498	825	414	197	181	34	22	2	1521	13	100	623	246	3	75	0	0	2171	0,0,0,0,0,0	12970	0	327	4358	18	0	4362,4314,4314,4144,4144,4144,4144	1	28	3987,0,0,0,0,0,0	87	0
174727	484	894	449	211	193	36	18	4	1613	17	100	596	287	3	69	0	0	2285	0,0,0,0,0,0	24755	0	309	4664	21	0	4657,4601,4601,4401,4401,4401,4401	2	24	4295,0,0,0,0,0,0	86	0
174490	485	944	484	211	210	40	20	4	1737	18	103	593	242	6	76	0	0	2394	0,0,0,0,0,0	24969	0	307	4971	23	0	4954,4892,4892,4670,4670,4670,4670	2	20	4603,0,0,0,0,0,0	98	0
174185	527	1009	516	235	230	41	25	3	1849	18	108	604	325	2	103	0	0	2583	0,0,0,0,0,0	12817	0	401	5374	23	0	5353,5281,5281,5025,5025,5025,5025	2	37	5006,0,0,0,0,0,0	98	0
173869	580	1072	560	255	253	47	29	2	1947	18	114	602	329	4	107	0	0	2796	0,0,0,0,0,0	12970	0	434	5809	24	0	5779,5696,5696,5399,5399,5399,5399	2	35	5441,0,0,0,0,0,0	109	0
173549	638	1113	591	294	266	48	28	4	2077	20	118	593	216	9	112	0	0	2978	0,0,0,0,0,0	12964	0	435	6244	25	0	6202,6108,6108,5774,5774,5774,5774	2	37	5876,0,0,0,0,0,0	105	0
173189	690	1212	631	307	270	52	31	3	2221	22	118	600	309	6	125	0	0	3193	0,0,0,0,0,0	12915	0	480	6725	27	0	6670,6565,6565,6190,6190,6190,6190	2	56	6359,0,0,0,0,0,0	114	0
172816	744	1311	680	302	296	53	35	4	2361	22	122	575	258	6	120	0	0	3421	0,0,0,0,0,0	13194	0	515	7239	30	0	7168,7051,7051,6631,6631,6631,6631	3	48	6873,0,0,0,0,0,0	122	0
172445	741	1433	716	319	335	57	40	4	2508	24	124	583	292	5	119	0	0	3641	0,0,0,0,0,0	24738	0	499	7738	32	0	7655,7526,7526,7063,7063,7063,7063	3	41	7372,0,0,0,0,0,0	126	0
172125	712	1457	813	329	376	64	42	4	2667	27	130	554	289	6	119	0	0	3793	0,0,0,0,0,0	24996	0	456	8196	35	0	8106,7963,7963,7452,7452,7452,7452	3	46	7830,0,0,0,0,0,0	147	0
171642	764	1620	829	356	391	70	42	5	2862	30	135	550	253	4	160	0	0	4072	0,0,0,0,0,0	13129	0	641	8836	38	0	8738,8579,8579,8012,8012,8012,8012	3	63	8471,0,0,0,0,0,0	140	0
171170	885	1649	868	395	423	76	47	4	3059	31	139	568	311	9	168	0	0	4343	0,0,0,0,0,0	12955	0	632	9470	38	0	9360,9186,9186,8561,8561,8561,8561	4	66	9105,0,0,0,0,0,0	152	0
170629	976	1738	958	418	443	76	49	5	3279	32	143	555	255	11	166	0	0	4658	0,0,0,0,0,0	13169	0	719	10193	38	0	10071,9879,9879,9190,9190,9190,9190	4	69	9828,0,0,0,0,0,0	156	0
170128	1027	1878	997	435	471	74	53	7	3494	34	148	531	318	9	179	0	0	4935	0,0,0,0,0,0	13193	0	678	10871	40	0	10740,10530,10530,9777,9777,9777,9777	4	57	10506,0,0,0,0,0,0	154	0
169621	1084	2005	1047	450	487	79	56	7	3724	35	151	545	243	4	155	0	0	5208	0,0,0,0,0,0	13131	0	729	11604	42	0	11460,11227,11227,10394,10394,10394,10394	4	56	11239,0,0,0,0,0,0	176	0
169146	1112	2070	1104	467	540	82	58	7	3965	38	157	514	271	6	167	0	0	5433	0,0,0,0,0,0	25201	0	682	12285	45	0	12127,11875,11875,10968,10968,10968,10968	4	52	11921,0,0,0,0,0,0	175	0
168702	1063	2180	1152	526	547	91	60	9	4217	41	158	516	323	10	205	0	0	5619	0,0,0,0,0,0	24844	0	683	12969	49	0	12794,12517,12517,11527,11527,11527,11527	4	48	12606,0,0,0,0,0,0	198	0
168085	1153	2338	1206	539	576	101	60	11	4473	43	161	515	313	10	233	0	0	5973	0,0,0,0,0,0	13185	0	894	13866	51	0	13673,13369,13369,12278,12278,12278,12278	5	101	13503,0,0,0,0,0,0	196	0
167432	1303	2381	1264	560	610	104	59	13	4806	47	167	491	316	12	203	0	0	6281	0,0,0,0,0,0	13219	0	892	14763	53	0	14555,14227,14227,13049,13049,13049,13049	5	75	14400,0,0,0,0,0,0	208	0
166812	1377	2489	1333	598	629	108	67	14	5101	49	169	471	330	10	258	0	0	6601	0,0,0,0,0,0	13184	0	895	15663	57	0	15437,15081,15081,13803,13803,13803,13803	5	80	15301,0,0,0,0,0,0	219	0
166099	1473	2657	1406	651	668	121	72	12	5361	55	171	484	300	11	233	0	0	7048	0,0,0,0,0,0	13241	0	1022	16688	61	0	16442,16055,16055,14666,14666,14666,14666	6	91	16327,0,0,0,0,0,0	227	0
165389	1497	2812	1494	690	682	138	75	14	5718	60	177	435	339	13	290	0	0	7388	0,0,0,0,0,0	13093	0	997	17689	64	0	17428,17012,17012,15517,15517,15517,15517	6	88	17330,0,0,0,0,0,0	244	0
164818	1459	2890	1615	729	705	138	82	15	6054	63	178	445	295	12	236	0	0	7618	0,0,0,0,0,0	25216	0	882	18569	72	0	18288,17841,17841,16236,16236,16236,16236	6	51	18210,0,0,0,0,0,0	255	0
164275	1390	2996	1685	757	755	144	83	17	6394	66	184	439	310	7	266	0	0	7810	0,0,0,0,0,0	24975	0	924	19494	75	0	19193,18708,18708,16963,16963,16963,16963	6	65	19136,0,0,0,0,0,0	281	0
163414	1528	3156	1759	774	799	155	82	17	6801	74	187	408	340	16	299	0	0	8253	0,0,0,0,0,0	13209	0	1200	20694	83	0	20375,19856,19856,17987,17987,17987,17987	6	115	20340,0,0,0,0,0,0	283	0
162566	1715	3206	1853	807	869	166	96	18	7185	76	189	383	318	13	322	0	0	8712	0,0,0,0,0,0	13248	0	1230	21922	94	0	21580,21022,21022,19014,19014,19014,19014	7	110	21569,0,0,0,0,0,0	284	0
161785	1779	3287	1951	858	929	179	104	18	7579	82	195	367	314	15	339	0	0	9087	0,0,0,0,0,0	28664	0	1171	23092	102	0	22726,22130,22130,19981,19981,19981,19981	7	87	22740,0,0,0,0,0,0	318	0
161119	1791	3375	1978	913	930	201	108	22	8026	86	197	331	332	12	300	0	0	9296	0,0,0,0,0,0	29039	0	1086	24173	114	0	23783,23144,23144,20845,20845,20845,20845	7	99	23822,0,0,0,0,0,0	332	0
160456	1799	3410	2086	940	984	209	113	22	8438	91	198	318	334	12	358	0	0	9541	0,0,0,0,0,0	28671	0	1113	25288	119	0	24869,24186,24186,21722,21722,21722,21722	8	114	24937,0,0,0,0,0,0	348	0
159965	1724	3443	2157	935	1008	225	116	22	8853	98	200	302	282	13	302	0	0	9608	0,0,0,0,0,0	42825	0	981	26268	128	0	25821,25088,25088,22447,22447,22447,22447	8	68	25917,0,0,0,0,0,0	361	0
159507	1649	3398	2199	977	1006	242	124	22	9320	101	201	287	337	18	348	0	0	9595	0,0,0,0,0,0	42643	0	974	27241	137	0	26763,25979,25979,23151,23151,23151,23151	7	72	26890,0,0,0,0,0,0	407	0
159034	1616	3427	2268	987	1013	255	129	25	9682	107	203	255	322	16	392	0	0	9695	0,0,0,0,0,0	28945	0	1060	28298	145	0	27787,26944,26944,23903,23903,23903,23903	8	96	27950,0,0,0,0,0,0	403	0
