S	E	I1	I2	I3	I4	I5_h	I6_h	R_h	R	D1	D2	H	T	P1	P2	Q	QT	NQ	MUT	HOM	VAC	NI	INF	REINF	BSTR	IMM	HCI	HCE	INFV	INFH	VNI
178061	113	143	64	36	58	5	2	0	262	2	0	212	0	0	0	0	0	421	0,0,0,0,0,0	178744	0	0	421	0	0	685,685,685,685,685,685,685	0	0	0,0,0,0,0,0,0	0	0
178007	85	203	67	37	46	5	6	0	283	2	5	332	317	0	94	0	0	449	0,0,0,0,0,0	12386	0	64	485	0	0	739,739,739,739,739,739,739	0	4	64,0,0,0,0,0,0	9	0
177918	116	236	74	35	48	6	7	0	295	2	9	428	86	0	10	0	0	522	0,0,0,0,0,0	12700	0	108	593	0	0	829,829,829,829,829,829,829	0	11	172,0,0,0,0,0,0	13	0
177836	133	237	91	44	60	7	7	0	318	2	11	502	256	0	17	0	0	579	0,0,0,0,0,0	12778	0	92	685	0	0	912,912,912,912,912,912,912	0	5	264,0,0,0,0,0,0	16	0
177746	131	276	103	48	58	10	8	0	350	2	14	536	266	2	22	0	0	634	0,0,0,0,0,0	24666	0	98	784	0	0	1005,1005,1005,1005,1005,1005,1005	0	13	363,0,0,0,0,0,0	19	0
177672	126	280	133	53	64	10	9	0	380	2	17	605	277	0	24	0	0	675	0,0,0,0,0,0	24867	0	90	874	0	0	1084,1084,1084,1084,1084,1084,1084	0	4	453,0,0,0,0,0,0	23	0
177569	142	302	153	51	67	10	9	0	418	2	23	651	100	1	23	0	0	734	0,0,0,0,0,0	12674	0	114	989	1	0	1190,1190,1190,1190,1190,1190,1190	0	12	569,0,0,0,0,0,0	24	0
177456	159	310	181	63	72	10	8	1	455	2	29	658	243	1	22	0	0	803	0,0,0,0,0,0	12925	0	126	1116	1	0	1309,1308,1308,1308,1308,1308,1308	0	14	696,0,0,0,0,0,0	25	0
177334	188	333	180	70	75	13	7	2	506	2	36	616	271	3	32	0	0	866	0,0,0,0,0,0	12878	0	145	1261	1	0	1439,1439,1439,1437,1437,1437,1437	0	12	841,0,0,0,0,0,0	25	0
177207	206	361	208	67	83	12	8	2	551	2	39	640	280	0	25	0	0	945	0,0,0,0,0,0	12938	0	149	1409	2	0	1578,1577,1577,1573,1573,1573,1573	0	17	990,0,0,0,0,0,0	21	0
177085	223	380	233	81	92	14	7	2	580	3	46	652	248	1	34	0	0	1030	0,0,0,0,0,0	13056	0	148	1557	3	0	1716,1715,1715,1709,1709,1709,1709	0	14	1139,0,0,0,0,0,0	26	0
176977	219	391	234	98	93	14	6	2	656	5	51	692	248	1	32	0	0	1055	0,0,0,0,0,0	25024	0	131	1688	4	0	1838,1835,1835,1826,1826,1826,1826	0	7	1271,0,0,0,0,0,0	28	0
176862	221	404	240	108	95	17	9	2	725	6	57	693	269	1	41	0	0	1094	0,0,0,0,0,0	25007	0	135	1822	7	0	1964,1961,1961,1948,1948,1948,1948	0	8	1408,0,0,0,0,0,0	34	0
176694	258	450	248	118	101	19	9	0	781	7	61	650	266	0	55	0	0	1203	0,0,0,0,0,0	12907	0	198	2020	7	0	2151,2147,2147,2130,2130,2130,2130	1	30	1606,0,0,0,0,0,0	45	0
176547	273	491	280	119	112	21	11	0	820	7	65	695	241	1	49	0	0	1307	0,0,0,0,0,0	12829	0	194	2212	10	0	2321,2314,2314,2293,2293,2293,2293	1	19	1800,0,0,0,0,0,0	46	0
176357	314	527	298	126	119	20	15	0	895	8	67	716	316	4	48	0	0	1419	0,0,0,0,0,0	12990	0	230	2445	11	0	2541,2532,2532,2501,2501,2501,2501	1	23	2034,0,0,0,0,0,0	48	0
176158	335	582	306	137	133	22	14	1	980	9	69	682	249	3	49	0	0	1529	0,0,0,0,0,0	13157	0	251	2696	11	0	2781,2768,2768,2725,2725,2725,2725	1	27	2285,0,0,0,0,0,0	57	0
175943	357	636	351	153	137	29	15	2	1041	9	73	707	266	1	71	0	0	1678	0,0,0,0,0,0	12985	0	266	2962	12	0	3035,3019,3019,2962,2962,2962,2962	1	21	2552,0,0,0,0,0,0	64	0
175774	361	655	375	173	145	27	15	3	1131	10	77	682	260	4	59	0	0	1751	0,0,0,0,0,0	24974	0	227	3190	12	0	3251,3230,3230,3158,3158,3158,3158	1	14	2780,0,0,0,0,0,0	72	0
175603	371	684	384	165	166	34	16	3	1227	11	82	671	246	2	53	0	0	1820	0,0,0,0,0,0	24934	0	235	3424	14	0	3477,3451,3451,3360,3360,3360,3360	1	13	3016,0,0,0,0,0,0	87	0
175392	377	755	387	171	187	33	18	4	1326	11	85	673	309	2	95	0	0	1928	0,0,0,0,0,0	13173	0	276	3700	15	0	3739,3708,3708,3602,3602,3602,3602	1	29	3293,0,0,0,0,0,0	85	0
175147	435	818	404	170	184	37	22	3	1427	12	87	664	290	3	70	0	0	2070	0,0,0,0,0,0	13047	0	333	4030	19	0	4051,4014,4014,3885,3885,3885,3885	2	42	3626,0,0,0,0,0,0	81	0
174915	454	867	444	171	206	40	23	3	1520	12	91	652	324	1	86	0	0	2205	0,0,0,0,0,0	13055	0	319	4350	20	0	4356,4313,4313,4160,4160,4160,4160	2	28	3947,0,0,0,0,0,0	98	0
174635	483	950	493	185	209	38	23	4	1619	13	94	632	318	2	87	0	0	2381	0,0,0,0,0,0	13059	0	369	4721	20	0	4714,4663,4663,4482,4482,4482,4482	2	42	4318,0,0,0,0,0,0	98	0
174291	568	1002	514	218	225	39	25	3	1746	14	101	630	244	5	74	0	0	2591	0,0,0,0,0,0	12955	0	412	5137	20	0	5123,5066,5066,4863,4863,4863,4863	2	42	4734,0,0,0,0,0,0	101	0
174028	591	1027	543	243	242	40	27	4	1886	14	101	606	335	4	80	0	0	2713	0,0,0,0,0,0	24785	0	359	5496	21	0	5465,5400,5400,5169,5169,5169,5169	2	22	5093,0,0,0,0,0,0	102	0
173764	586	1083	581	256	258	46	28	5	2019	15	105	588	246	5	104	0	0	2838	0,0,0,0,0,0	25028	0	350	5849	22	0	5810,5737,5737,5476,5476,5476,5476	2	27	5446,0,0,0,0,0,0	129	0
173403	626	1191	625	272	255	49	30	6	2164	16	109	608	328	6	126	0	0	3048	0,0,0,0,0,0	12854	0	487	6336	22	0	6284,6199,6199,5898,5898,5898,5898	2	55	5933,0,0,0,0,0,0	129	0
172984	725	1281	675	280	255	56	30	4	2320	19	117	607	274	4	109	0	0	3302	0,0,0,0,0,0	12938	0	543	6879	26	0	6819,6723,6723,6377,6377,6377,6377	3	49	6478,0,0,0,0,0,0	126	0
172597	760	1353	721	326	291	59	32	4	2463	20	120	585	222	7	112	0	0	3542	0,0,0,0,0,0	12992	0	517	7396	28	0	7323,7214,7214,6826,6826,6826,6826	3	46	6995,0,0,0,0,0,0	127	0
172142	799	1481	747	365	318	62	33	5	2653	21	120	587	318	10	136	0	0	3805	0,0,0,0,0,0	12880	0	594	7991	29	0	7904,7782,7782,7347,7347,7347,7347	3	58	7591,0,0,0,0,0,0	136	0
171732	840	1556	829	372	361	62	37	6	2808	21	122	557	316	9	162	0	0	4057	0,0,0,0,0,0	13137	0	571	8561	30	0	8461,8323,8323,7833,7833,7833,7833	3	49	8161,0,0,0,0,0,0	140	0
171349	848	1640	877	394	397	67	38	6	2982	23	125	558	290	10	137	0	0	4261	0,0,0,0,0,0	24794	0	548	9107	33	0	8994,8841,8841,8294,8294,8294,8294	3	46	8708,0,0,0,0,0,0	142	0
170957	815	1663	961	411	439	79	38	7	3218	27	131	522	288	8	143	0	0	4406	0,0,0,0,0,0	24969	0	532	9639	37	0	9516,9349,9349,8753,8753,8753,8753	3	45	9240,0,0,0,0,0,0	150	0
170409	901	1798	989	445	456	89	40	8	3448	28	135	528	260	9	193	0	0	4718	0,0,0,0,0,0	13161	0	734	10370	42	0	10237,10052,10052,9390,9390,9390,9390	4	76	9972,0,0,0,0,0,0	154	0
169915	994	1907	1012	445	493	97	41	8	3666	30	138	537	321	9	215	0	0	4989	0,0,0,0,0,0	13009	0	711	11081	43	0	10932,10725,10725,9988,9988,9988,9988	4	71	10683,0,0,0,0,0,0	172	0
169354	1084	2012	1064	491	498	98	47	7	3918	31	142	538	339	19	181	0	0	5294	0,0,0,0,0,0	13210	0	769	11855	43	0	11692,11464,11464,10651,10651,10651,10651	5	79	11457,0,0,0,0,0,0	186	0
168768	1182	2132	1153	502	528	101	55	8	4137	33	147	517	313	4	195	0	0	5653	0,0,0,0,0,0	13235	0	805	12661	46	0	12485,12236,12236,11344,11344,11344,11344	5	72	12265,0,0,0,0,0,0	194	0
168137	1258	2290	1215	546	565	111	56	8	4374	37	149	546	284	4	193	0	0	6041	0,0,0,0,0,0	13175	0	881	13543	50	0	13351,13078,13078,12096,12096,12096,12096	5	68	13148,0,0,0,0,0,0	208	0
167619	1282	2368	1242	567	608	119	63	8	4675	41	154	507	329	6	216	0	0	6249	0,0,0,0,0,0	25352	0	779	14319	56	0	14111,13811,13811,12738,12738,12738,12738	5	58	13925,0,0,0,0,0,0	215	0
167089	1258	2479	1310	608	622	127	64	8	4981	46	154	497	254	13	234	0	0	6468	0,0,0,0,0,0	25008	0	805	15118	67	0	14893,14567,14567,13397,13397,13397,13397	5	56	14725,0,0,0,0,0,0	251	0
166401	1380	2628	1406	649	627	140	71	11	5231	46	156	481	315	9	274	0	0	6901	0,0,0,0,0,0	13286	0	1014	16133	71	0	15886,15528,15528,14242,14242,14242,14242	6	114	15740,0,0,0,0,0,0	242	0
165692	1505	2706	1449	674	681	141	73	11	5605	48	161	450	301	15	245	0	0	7229	0,0,0,0,0,0	13229	0	1008	17144	75	0	16876,16488,16488,15095,15095,15095,15095	6	94	16752,0,0,0,0,0,0	260	0
164992	1535	2874	1576	701	700	148	82	11	5916	49	162	418	337	8	293	0	0	7616	0,0,0,0,0,0	13276	0	1032	18175	83	0	17888,17466,17466,15953,15953,15953,15953	6	87	17785,0,0,0,0,0,0	270	0
164212	1640	3078	1643	730	717	160	92	14	6244	52	164	428	297	18	271	0	0	8060	0,0,0,0,0,0	13261	0	1144	19321	90	0	19012,18554,18554,16909,16909,16909,16909	7	106	18932,0,0,0,0,0,0	271	0
163421	1725	3179	1762	765	767	170	92	15	6623	59	168	387	338	13	305	0	0	8460	0,0,0,0,0,0	13194	0	1143	20468	93	0	20137,19643,19643,17870,17870,17870,17870	7	106	20079,0,0,0,0,0,0	281	0
162790	1718	3209	1863	826	806	181	99	13	7010	62	169	379	301	15	293	0	0	8702	0,0,0,0,0,0	25114	0	998	21466	97	0	21114,20583,20583,18677,18677,18677,18677	7	61	21078,0,0,0,0,0,0	306	0
162156	1637	3333	1917	871	852	189	100	10	7440	67	174	359	331	12	299	0	0	8899	0,0,0,0,0,0	25074	0	1036	22501	104	0	22128,21558,21558,19505,19505,19505,19505	7	66	22115,0,0,0,0,0,0	323	0
161242	1702	3623	1983	875	864	205	104	11	7882	78	177	340	347	19	350	0	0	9356	0,0,0,0,0,0	13305	0	1336	23836	113	0	23439,22826,22826,20620,20620,20620,20620	7	130	23452,0,0,0,0,0,0	325	0
160312	1886	3689	2059	923	949	221	116	13	8315	84	179	318	301	14	363	0	0	9843	0,0,0,0,0,0	13266	0	1371	25204	125	0	24779,24122,24122,21758,21758,21758,21758	8	120	24821,0,0,0,0,0,0	347	0
159488	1961	3700	2203	972	1033	232	121	15	8747	91	183	303	320	23	357	0	0	10222	0,0,0,0,0,0	28684	0	1284	26491	132	0	26039,25335,25335,22802,22802,22802,22802	8	109	26109,0,0,0,0,0,0	367	0
158819	2005	3718	2322	1027	1066	244	132	18	9117	94	184	264	339	16	362	0	0	10514	0,0,0,0,0,0	29034	0	1229	27718	141	0	27232,26473,26473,23737,23737,23737,23737	8	115	27337,0,0,0,0,0,0	392	0
157988	2017	3872	2386	1045	1096	261	131	19	9644	102	185	257	342	15	415	0	0	10808	0,0,0,0,0,0	28806	0	1326	29039	154	0	28524,27715,27715,24800,24800,24800,24800	9	122	28659,0,0,0,0,0,0	405	0
157469	1908	3896	2438	1084	1112	281	126	22	10109	112	189	237	281	18	343	0	0	10845	0,0,0,0,0,0	42817	0	1090	30130	161	0	29583,28716,28716,25594,25594,25594,25594	9	79	29750,0,0,0,0,0,0	426	0
157001	1757	3897	2473	1084	1133	285	138	19	10652	116	191	211	342	16	375	0	0	10767	0,0,0,0,0,0	42790	0	1046	31168	175	0	30586,29663,29663,26334,26334,26334,26334	9	74	30788,0,0,0,0,0,0	449	0
156459	1774	3837	2571	1125	1128	289	141	22	11085	122	193	194	325	19	428	0	0	10865	0,0,0,0,0,0	29060	0	1173	32331	190	0	31714,30728,30728,27171,27171,27171,27171	9	106	31955,0,0,0,0,0,0	444	0
