S	E	I1	I2	I3	I4	I5_h	I6_h	R_h	R	D1	D2	H	T	P1	P2	Q	QT	NQ	MUT	HOM	VAC	NI	INF	REINF	BSTR	IMM	HCI	HCE	INFV	INFH	VNI
178080	133	136	48	44	48	5	5	0	245	2	0	212	0	0	0	0	0	419	0,0,0,0,0,0	178744	0	0	419	0	0	666,666,666,666,666,666,666	0	0	0,0,0,0,0,0,0	0	0
178018	101	197	59	39	51	6	5	0	263	2	5	332	318	1	81	0	0	458	0,0,0,0,0,0	12392	0	67	487	0	0	728,728,728,728,728,728,728	0	7	68,0,0,0,0,0,0	11	0
177937	113	220	72	47	53	5	5	0	282	3	9	427	239	0	14	0	0	515	0,0,0,0,0,0	12706	0	87	575	0	0	809,809,809,809,809,809,809	0	4	156,0,0,0,0,0,0	12	0
177860	138	223	90	52	58	5	5	0	301	3	11	500	304	2	17	0	0	571	0,0,0,0,0,0	12805	0	88	664	0	0	887,887,887,887,887,887,887	0	8	245,0,0,0,0,0,0	13	0
177774	136	251	100	50	57	9	4	0	347	4	14	538	95	0	18	0	0	607	0,0,0,0,0,0	24658	0	97	762	0	0	975,975,975,975,975,975,975	0	7	343,0,0,0,0,0,0	13	0
177691	125	272	123	55	58	13	4	0	384	4	17	609	154	1	23	0	0	650	0,0,0,0,0,0	24880	0	92	854	0	0	1061,1061,1061,1061,1061,1061,1061	0	4	435,0,0,0,0,0,0	16	0
177596	138	292	134	60	66	13	4	0	416	4	23	655	266	3	17	0	0	707	0,0,0,0,0,0	12682	0	108	962	0	0	1161,1161,1161,1161,1161,1161,1161	0	5	543,0,0,0,0,0,0	19	0
177497	151	307	148	57	75	12	5	0	461	4	29	664	302	1	30	0	0	755	0,0,0,0,0,0	12917	0	114	1074	2	0	1266,1265,1265,1264,1264,1264,1264	0	10	657,0,0,0,0,0,0	20	0
177399	160	325	164	60	80	17	6	0	497	4	34	622	276	2	28	0	0	812	0,0,0,0,0,0	12881	0	119	1192	3	0	1370,1370,1370,1368,1368,1368,1368	0	3	776,0,0,0,0,0,0	20	0
177292	186	323	184	68	83	18	9	0	542	4	37	649	283	2	41	0	0	871	0,0,0,0,0,0	12936	0	132	1326	3	0	1491,1489,1489,1485,1485,1485,1485	0	20	910,0,0,0,0,0,0	25	0
177157	211	369	193	69	94	21	9	0	576	4	43	656	93	0	28	0	0	966	0,0,0,0,0,0	13080	0	163	1490	3	0	1639,1637,1637,1631,1631,1631,1631	0	12	1074,0,0,0,0,0,0	40	0
177054	215	392	212	72	100	23	11	0	615	4	48	700	257	3	36	0	0	1025	0,0,0,0,0,0	25019	0	125	1614	5	0	1757,1754,1754,1744,1744,1744,1744	0	9	1199,0,0,0,0,0,0	37	0
176948	210	406	231	92	94	25	10	1	671	4	54	696	91	0	29	0	0	1068	0,0,0,0,0,0	25007	0	133	1748	5	0	1878,1874,1874,1861,1861,1861,1861	0	7	1333,0,0,0,0,0,0	44	0
176774	237	467	239	95	89	27	14	1	742	4	57	653	326	0	39	0	0	1168	0,0,0,0,0,0	12896	0	202	1949	6	0	2069,2064,2064,2047,2047,2047,2047	0	22	1535,0,0,0,0,0,0	52	0
176653	260	473	256	113	98	29	13	2	784	4	61	693	244	0	39	0	0	1242	0,0,0,0,0,0	12797	0	179	2127	7	0	2225,2217,2217,2190,2190,2190,2190	0	15	1714,0,0,0,0,0,0	62	0
176472	291	506	283	122	116	25	11	4	847	5	64	714	310	2	55	0	0	1354	0,0,0,0,0,0	12989	0	215	2342	8	0	2433,2423,2423,2388,2388,2388,2388	1	20	1930,0,0,0,0,0,0	53	0
176268	325	558	298	141	125	24	10	4	922	5	66	684	252	2	49	0	0	1481	0,0,0,0,0,0	13114	0	245	2587	9	0	2669,2656,2656,2610,2610,2610,2610	1	25	2176,0,0,0,0,0,0	59	0
176077	337	597	334	151	134	25	11	3	1002	5	70	704	230	3	62	0	0	1589	0,0,0,0,0,0	13006	0	238	2827	9	0	2899,2883,2883,2824,2824,2824,2824	1	20	2416,0,0,0,0,0,0	59	0
175892	362	637	347	163	138	21	10	2	1091	9	74	677	259	4	58	0	0	1678	0,0,0,0,0,0	25030	0	238	3064	10	0	3123,3103,3103,3034,3034,3034,3034	1	17	2654,0,0,0,0,0,0	64	0
175718	364	673	352	174	150	24	12	2	1188	10	79	669	304	8	47	0	0	1749	0,0,0,0,0,0	24905	0	227	3292	11	0	3341,3318,3318,3234,3234,3234,3234	1	20	2883,0,0,0,0,0,0	74	0
175523	362	749	382	169	163	26	13	2	1264	11	82	682	257	0	69	0	0	1864	0,0,0,0,0,0	13174	0	267	3563	11	0	3599,3570,3570,3465,3465,3465,3465	1	30	3154,0,0,0,0,0,0	75	0
175262	437	770	414	174	177	30	15	2	1367	12	86	679	283	2	64	0	0	2017	0,0,0,0,0,0	13011	0	324	3886	14	0	3916,3880,3880,3756,3756,3756,3756	1	45	3479,0,0,0,0,0,0	68	0
175020	462	823	424	188	197	31	16	3	1478	13	91	679	270	3	82	0	0	2141	0,0,0,0,0,0	13102	0	322	4207	16	0	4230,4188,4188,4038,4038,4038,4038	2	29	3801,0,0,0,0,0,0	82	0
174769	478	897	480	210	206	29	16	2	1552	14	93	661	249	0	90	0	0	2316	0,0,0,0,0,0	13123	0	340	4549	16	0	4559,4509,4509,4333,4333,4333,4333	2	34	4143,0,0,0,0,0,0	82	0
174477	540	944	496	233	227	31	20	2	1665	14	97	655	243	4	86	0	0	2491	0,0,0,0,0,0	12946	0	363	4915	18	0	4914,4859,4859,4661,4661,4661,4661	2	40	4510,0,0,0,0,0,0	85	0
174220	537	1008	536	234	234	31	21	4	1810	14	97	620	328	4	89	0	0	2601	0,0,0,0,0,0	24792	0	340	5254	19	0	5242,5179,5179,4956,4956,4956,4956	2	18	4849,0,0,0,0,0,0	90	0
173953	544	1041	591	259	268	34	21	4	1916	15	100	606	240	4	87	0	0	2758	0,0,0,0,0,0	24978	0	363	5621	19	0	5599,5527,5527,5272,5272,5272,5272	2	25	5216,0,0,0,0,0,0	108	0
173594	601	1143	606	266	278	39	25	4	2068	17	105	627	329	6	126	0	0	2958	0,0,0,0,0,0	12814	0	470	6094	19	0	6060,5977,5977,5685,5685,5685,5685	2	48	5689,0,0,0,0,0,0	109	0
173203	671	1225	684	291	280	52	29	2	2176	20	113	613	273	5	107	0	0	3232	0,0,0,0,0,0	12961	0	509	6602	22	0	6558,6465,6465,6132,6132,6132,6132	2	37	6199,0,0,0,0,0,0	115	0
172811	723	1307	716	314	307	58	28	3	2341	22	116	599	221	6	110	0	0	3453	0,0,0,0,0,0	12993	0	509	7111	26	0	7055,6951,6951,6580,6580,6580,6580	2	45	6710,0,0,0,0,0,0	122	0
172371	772	1420	771	347	327	62	30	2	2504	24	116	597	316	12	134	0	0	3729	0,0,0,0,0,0	12971	0	572	7683	28	0	7615,7498,7498,7083,7083,7083,7083	3	57	7283,0,0,0,0,0,0	127	0
171925	836	1548	826	355	348	65	35	3	2661	24	120	568	270	5	165	0	0	4013	0,0,0,0,0,0	13197	0	607	8289	30	0	8204,8073,8073,7605,7605,7605,7605	3	51	7889,0,0,0,0,0,0	141	0
171524	856	1635	830	394	384	73	40	3	2860	25	122	579	241	9	127	0	0	4212	0,0,0,0,0,0	24746	0	545	8834	31	0	8736,8591,8591,8074,8074,8074,8074	3	44	8435,0,0,0,0,0,0	143	0
171147	837	1659	942	418	409	83	46	4	3050	25	126	536	301	6	137	0	0	4394	0,0,0,0,0,0	25074	0	533	9367	35	0	9253,9094,9094,8525,8525,8525,8525	3	46	8968,0,0,0,0,0,0	162	0
170604	917	1771	993	450	444	91	46	4	3267	28	131	526	297	6	192	0	0	4712	0,0,0,0,0,0	13196	0	726	10094	36	0	9970,9792,9792,9157,9157,9157,9157	4	72	9696,0,0,0,0,0,0	170	0
170079	1034	1862	1035	475	456	100	46	5	3489	30	135	548	251	9	194	0	0	5008	0,0,0,0,0,0	13000	0	729	10821	39	0	10684,10486,10486,9779,9779,9779,9779	4	82	10425,0,0,0,0,0,0	184	0
169498	1123	1974	1096	498	468	98	45	6	3767	33	140	542	255	12	176	0	0	5302	0,0,0,0,0,0	13167	0	780	11604	40	0	11456,11238,11238,10458,10458,10458,10458	4	70	11208,0,0,0,0,0,0	196	0
168932	1175	2088	1167	510	499	103	54	6	4032	34	146	522	322	7	200	0	0	5596	0,0,0,0,0,0	13117	0	776	12381	44	0	12220,11981,11981,11126,11126,11126,11126	5	67	11986,0,0,0,0,0,0	189	0
168376	1233	2227	1191	548	535	109	59	6	4276	37	149	527	248	5	176	0	0	5902	0,0,0,0,0,0	13188	0	826	13209	46	0	13030,12765,12765,11813,11813,11813,11813	5	64	12815,0,0,0,0,0,0	206	0
167888	1221	2310	1240	575	582	119	63	7	4546	40	155	493	273	9	204	0	0	6110	0,0,0,0,0,0	25323	0	724	13932	50	0	13736,13448,13448,12413,12413,12413,12413	5	56	13539,0,0,0,0,0,0	211	0
167320	1241	2436	1263	603	630	139	69	8	4836	45	156	490	265	10	231	0	0	6381	0,0,0,0,0,0	24935	0	830	14760	58	0	14545,14231,14231,13106,13106,13106,13106	5	67	14367,0,0,0,0,0,0	251	0
166626	1358	2573	1347	627	656	154	72	9	5116	48	160	485	317	11	290	0	0	6787	0,0,0,0,0,0	13302	0	989	15750	62	0	15514,15171,15171,13941,13941,13941,13941	6	105	15358,0,0,0,0,0,0	258	0
165885	1436	2723	1402	652	698	153	72	11	5497	52	165	469	317	13	243	0	0	7136	0,0,0,0,0,0	13254	0	1009	16764	65	0	16511,16141,16141,14812,14812,14812,14812	6	87	16372,0,0,0,0,0,0	269	0
165222	1516	2786	1537	701	721	161	78	12	5791	54	167	440	326	11	285	0	0	7500	0,0,0,0,0,0	13275	0	1001	17767	70	0	17494,17090,17090,15638,15638,15638,15638	6	93	17376,0,0,0,0,0,0	275	0
164408	1652	2930	1639	737	741	167	85	11	6148	59	169	451	306	14	285	0	0	7951	0,0,0,0,0,0	13283	0	1135	18911	71	0	18619,18182,18182,16611,16611,16611,16611	7	102	18520,0,0,0,0,0,0	280	0
163675	1688	3041	1730	748	759	181	89	13	6584	65	173	407	343	15	298	0	0	8236	0,0,0,0,0,0	13138	0	1051	19967	75	0	19656,19187,19187,17499,17499,17499,17499	7	95	19577,0,0,0,0,0,0	290	0
163102	1610	3120	1837	809	770	184	97	12	6958	73	174	415	298	11	269	0	0	8427	0,0,0,0,0,0	25217	0	926	20898	79	0	20565,20060,20060,18243,18243,18243,18243	6	53	20508,0,0,0,0,0,0	298	0
162516	1559	3230	1895	808	802	191	101	12	7373	80	179	393	333	12	291	0	0	8586	0,0,0,0,0,0	25010	0	1000	21904	82	0	21548,21001,21001,19033,19033,19033,19033	6	66	21515,0,0,0,0,0,0	330	0
161662	1662	3406	1963	842	843	197	103	14	7783	89	182	369	346	17	328	0	0	9016	0,0,0,0,0,0	13262	0	1265	23170	87	0	22789,22201,22201,20083,20083,20083,20083	7	108	22782,0,0,0,0,0,0	330	0
160836	1847	3451	1989	866	946	209	114	17	8195	92	184	350	317	15	349	0	0	9422	0,0,0,0,0,0	13265	0	1284	24452	96	0	24043,23408,23408,21125,21125,21125,21125	7	120	24065,0,0,0,0,0,0	341	0
160115	1902	3474	2106	900	1002	214	125	15	8604	99	190	330	326	17	346	0	0	9723	0,0,0,0,0,0	28720	0	1192	25647	100	0	25210,24528,24528,22073,22073,22073,22073	7	98	25261,0,0,0,0,0,0	359	0
159463	1904	3634	2119	949	1021	231	121	20	8988	105	191	292	336	17	338	0	0	9979	0,0,0,0,0,0	28998	0	1197	26851	104	0	26380,25643,25643,22988,22988,22988,22988	8	110	26466,0,0,0,0,0,0	369	0
158769	1905	3721	2196	1008	1047	240	129	22	9407	110	192	271	285	15	378	0	0	10246	0,0,0,0,0,0	28689	0	1205	28051	116	0	27549,26761,26761,23923,23923,23923,23923	8	121	27667,0,0,0,0,0,0	379	0
158297	1792	3762	2285	1017	1057	264	125	22	9803	125	197	248	278	19	311	0	0	10302	0,0,0,0,0,0	42882	0	1031	29079	126	0	28546,27702,27702,24661,24661,24661,24661	8	76	28696,0,0,0,0,0,0	398	0
157867	1727	3673	2350	1071	1041	267	135	21	10266	129	199	218	347	18	366	0	0	10264	0,0,0,0,0,0	42540	0	1041	30115	136	0	29545,28641,28641,25381,25381,25381,25381	8	80	29732,0,0,0,0,0,0	431	0
157406	1716	3669	2426	1107	1040	263	138	26	10616	137	202	200	318	20	407	0	0	10359	0,0,0,0,0,0	28905	0	1129	31240	146	0	30632,29661,29661,26159,26159,26159,26159	8	110	30858,0,0,0,0,0,0	416	0
