S	E	I1	I2	I3	I4	I5_h	I6_h	R_h	R	D1	D2	H	T	P1	P2	Q	QT	NQ	MUT	HOM	VAC	NI	INF	REINF	BSTR	IMM	HCI	HCE	INFV	INFH	VNI
178130	114	105	42	39	40	7	2	0	266	1	0	212	0	0	0	0	0	349	0,0,0,0,0,0	178745	0	0	349	0	0	616,616,616,616,616,616,616	0	0	0,0,0,0,0,0,0	0	0
178078	87	170	44	37	36	8	2	0	278	1	5	332	323	0	68	0	0	384	0,0,0,0,0,0	12372	0	61	410	0	0	668,668,668,668,668,668,668	0	7	61,0,0,0,0,0,0	11	0
178021	92	190	59	43	37	9	3	0	282	1	9	425	139	0	10	0	0	433	0,0,0,0,0,0	12722	0	71	481	0	0	725,725,725,725,725,725,725	0	7	132,0,0,0,0,0,0	11	0
177955	111	205	69	41	43	9	4	0	297	1	11	500	251	2	16	0	0	482	0,0,0,0,0,0	12798	0	77	559	0	0	793,793,793,793,793,793,793	0	6	210,0,0,0,0,0,0	12	0
177888	120	226	81	40	39	10	3	0	323	2	14	541	264	2	17	0	0	519	0,0,0,0,0,0	24639	0	79	638	0	0	862,862,862,862,862,862,862	0	8	289,0,0,0,0,0,0	17	0
177823	129	233	94	47	54	9	3	0	333	2	19	612	278	1	10	0	0	569	0,0,0,0,0,0	24869	0	84	725	0	0	933,933,933,932,932,932,932	0	3	376,0,0,0,0,0,0	15	0
177749	128	263	98	48	63	9	3	1	357	2	25	654	268	1	24	0	0	612	0,0,0,0,0,0	12656	0	89	816	1	0	1011,1011,1011,1010,1010,1010,1010	0	5	468,0,0,0,0,0,0	15	0
177637	140	311	113	50	67	10	2	2	381	2	31	659	240	0	32	0	0	693	0,0,0,0,0,0	12908	0	127	943	1	0	1127,1127,1127,1126,1126,1126,1126	0	3	595,0,0,0,0,0,0	19	0
177513	154	335	138	64	68	10	3	2	421	2	36	620	91	1	18	0	0	772	0,0,0,0,0,0	12867	0	135	1078	1	0	1257,1256,1256,1255,1255,1255,1255	0	14	730,0,0,0,0,0,0	19	0
177399	172	348	154	78	80	9	3	2	461	2	38	651	284	2	27	0	0	844	0,0,0,0,0,0	12945	0	132	1209	2	0	1379,1378,1378,1375,1375,1375,1375	0	16	862,0,0,0,0,0,0	19	0
177289	165	363	182	79	96	9	3	2	512	2	44	667	247	2	27	0	0	897	0,0,0,0,0,0	13057	0	120	1330	2	0	1497,1496,1496,1491,1491,1491,1491	0	17	983,0,0,0,0,0,0	21	0
177215	163	375	194	76	89	11	2	2	567	3	49	702	249	2	44	0	0	910	0,0,0,0,0,0	25034	0	112	1442	2	0	1590,1588,1588,1579,1579,1579,1579	0	10	1095,0,0,0,0,0,0	26	0
177103	178	394	203	80	92	12	3	2	621	3	55	705	271	3	32	0	0	962	0,0,0,0,0,0	25028	0	139	1581	2	0	1719,1716,1716,1704,1704,1704,1704	0	12	1234,0,0,0,0,0,0	35	0
176955	213	409	212	93	105	18	3	0	677	3	58	669	266	1	40	0	0	1053	0,0,0,0,0,0	12897	0	178	1759	3	0	1889,1883,1883,1865,1865,1865,1865	1	26	1413,0,0,0,0,0,0	43	0
176812	232	443	219	106	114	17	5	0	733	3	62	712	241	1	40	0	0	1136	0,0,0,0,0,0	12785	0	178	1934	6	0	2053,2046,2046,2022,2022,2022,2022	1	28	1589,0,0,0,0,0,0	45	0
176655	252	485	244	113	122	20	7	0	779	4	65	726	254	0	61	0	0	1243	0,0,0,0,0,0	12977	0	194	2124	10	0	2232,2223,2223,2193,2193,2193,2193	1	21	1781,0,0,0,0,0,0	49	0
176456	297	520	266	132	129	22	9	0	844	4	67	699	251	2	52	0	0	1375	0,0,0,0,0,0	13108	0	241	2364	13	0	2460,2449,2449,2409,2409,2409,2409	1	25	2024,0,0,0,0,0,0	59	0
176275	313	563	292	154	141	28	9	0	896	4	71	710	222	2	59	0	0	1500	0,0,0,0,0,0	13021	0	234	2598	13	0	2680,2665,2665,2613,2613,2613,2613	1	24	2258,0,0,0,0,0,0	58	0
176117	317	598	308	163	143	27	10	0	984	4	75	689	257	5	66	0	0	1566	0,0,0,0,0,0	25008	0	206	2804	14	0	2877,2859,2859,2794,2794,2794,2794	1	18	2465,0,0,0,0,0,0	73	0
175958	327	638	314	165	155	30	11	0	1061	6	81	674	245	2	48	0	0	1640	0,0,0,0,0,0	24902	0	210	3012	18	0	3080,3058,3058,2978,2978,2978,2978	1	10	2677,0,0,0,0,0,0	78	0
175757	347	669	345	178	179	31	10	0	1138	7	85	692	245	2	74	0	0	1759	0,0,0,0,0,0	13157	0	259	3271	19	0	3330,3302,3302,3206,3206,3206,3206	1	29	2937,0,0,0,0,0,0	79	0
175527	402	712	356	180	188	33	9	0	1240	9	90	690	285	0	72	0	0	1880	0,0,0,0,0,0	13012	0	287	3558	20	0	3609,3577,3577,3463,3463,3463,3463	1	28	3224,0,0,0,0,0,0	70	0
175290	431	779	370	189	197	35	8	1	1342	10	94	690	275	4	74	0	0	2009	0,0,0,0,0,0	13114	0	302	3858	23	0	3903,3865,3865,3731,3731,3731,3731	2	32	3525,0,0,0,0,0,0	87	0
175032	468	851	428	203	189	39	12	1	1415	11	97	664	253	1	90	0	0	2190	0,0,0,0,0,0	13049	0	346	4206	23	0	4236,4191,4191,4030,4030,4030,4030	2	37	3873,0,0,0,0,0,0	88	0
174723	531	914	459	207	204	42	16	2	1535	11	102	649	250	2	72	0	0	2373	0,0,0,0,0,0	12966	0	378	4588	23	0	4607,4556,4556,4372,4372,4372,4372	2	41	4255,0,0,0,0,0,0	101	0
174470	533	971	502	215	224	45	16	4	1653	11	102	630	282	7	80	0	0	2506	0,0,0,0,0,0	24770	0	339	4923	27	0	4930,4872,4872,4663,4663,4663,4663	2	23	4592,0,0,0,0,0,0	105	0
174207	522	1038	547	236	246	44	17	4	1767	12	106	607	249	5	95	0	0	2650	0,0,0,0,0,0	24985	0	344	5267	28	0	5266,5200,5200,4965,4965,4965,4965	2	29	4936,0,0,0,0,0,0	128	0
173830	571	1147	564	250	267	45	23	4	1921	13	111	626	325	6	114	0	0	2867	0,0,0,0,0,0	12887	0	468	5735	30	0	5727,5652,5652,5388,5388,5388,5388	2	52	5405,0,0,0,0,0,0	118	0
173425	666	1223	609	293	277	50	26	2	2041	14	120	616	274	6	125	0	0	3144	0,0,0,0,0,0	12959	0	519	6256	32	0	6234,6149,6149,5846,5846,5846,5846	2	54	5928,0,0,0,0,0,0	126	0
173009	764	1227	668	336	314	62	29	3	2195	15	124	595	217	9	109	0	0	3400	0,0,0,0,0,0	12999	0	517	6774	34	0	6743,6649,6649,6311,6311,6311,6311	3	48	6446,0,0,0,0,0,0	122	0
172610	799	1337	696	353	332	68	30	3	2376	18	124	600	325	10	149	0	0	3615	0,0,0,0,0,0	12935	0	526	7300	35	0	7254,7148,7148,6769,6769,6769,6769	3	51	6972,0,0,0,0,0,0	138	0
172170	836	1462	787	338	339	71	33	4	2560	18	128	564	259	8	152	0	0	3866	0,0,0,0,0,0	13202	0	568	7868	36	0	7812,7694,7694,7271,7271,7271,7271	3	62	7540,0,0,0,0,0,0	148	0
171804	839	1554	816	363	381	75	39	4	2721	20	130	561	240	5	120	0	0	4067	0,0,0,0,0,0	24773	0	510	8381	38	0	8314,8181,8181,7708,7708,7708,7708	3	44	8053,0,0,0,0,0,0	152	0
171425	826	1581	882	380	416	83	45	4	2947	20	137	526	295	10	134	0	0	4213	0,0,0,0,0,0	24949	0	518	8897	42	0	8825,8679,8679,8155,8155,8155,8155	4	47	8570,0,0,0,0,0,0	175	0
170880	874	1732	922	425	427	95	48	2	3176	21	144	536	255	4	181	0	0	4523	0,0,0,0,0,0	13173	0	705	9601	45	0	9523,9360,9360,8779,8779,8779,8779	4	70	9275,0,0,0,0,0,0	179	0
170352	985	1828	961	439	448	99	48	3	3412	23	148	550	269	13	203	0	0	4808	0,0,0,0,0,0	13007	0	718	10319	46	0	10228,10047,10047,9398,9398,9398,9398	4	80	9993,0,0,0,0,0,0	194	0
169793	1072	1912	1039	460	460	98	53	3	3679	25	152	542	256	9	157	0	0	5094	0,0,0,0,0,0	13211	0	746	11070	47	0	10967,10767,10767,10051,10051,10051,10051	4	74	10745,0,0,0,0,0,0	202	0
169250	1118	2047	1100	472	498	101	58	5	3914	27	156	515	317	8	194	0	0	5394	0,0,0,0,0,0	13125	0	758	11832	48	0	11715,11494,11494,10700,10700,10700,10700	5	66	11507,0,0,0,0,0,0	203	0
168655	1232	2162	1148	503	532	105	64	5	4154	28	158	528	290	4	183	0	0	5746	0,0,0,0,0,0	13191	0	836	12672	51	0	12537,12291,12291,11412,11412,11412,11412	5	65	12347,0,0,0,0,0,0	226	0
168182	1203	2235	1216	537	574	107	63	5	4426	35	163	491	271	6	196	0	0	5935	0,0,0,0,0,0	25328	0	697	13372	52	0	13222,12954,12954,11994,11994,11994,11994	5	62	13047,0,0,0,0,0,0	219	0
167686	1152	2375	1285	588	608	120	67	4	4658	39	164	497	328	12	218	0	0	6195	0,0,0,0,0,0	24930	0	773	14148	56	0	13977,13681,13681,12623,12623,12623,12623	5	55	13823,0,0,0,0,0,0	236	0
166989	1270	2562	1359	596	599	137	73	5	4947	42	167	489	312	15	276	0	0	6596	0,0,0,0,0,0	13344	0	998	15149	58	0	14959,14633,14633,13466,13466,13466,13466	6	109	14825,0,0,0,0,0,0	242	0
166277	1423	2602	1425	624	653	138	76	7	5301	46	174	470	312	15	239	0	0	6941	0,0,0,0,0,0	13167	0	977	16129	63	0	15925,15573,15573,14307,14307,14307,14307	6	99	15805,0,0,0,0,0,0	260	0
165576	1525	2692	1516	678	682	147	83	9	5613	49	176	448	332	8	249	0	0	7323	0,0,0,0,0,0	13264	0	1012	17143	68	0	16920,16536,16536,15158,15158,15158,15158	6	98	16819,0,0,0,0,0,0	268	0
164827	1620	2864	1597	704	702	158	91	8	5943	53	179	450	301	13	264	0	0	7736	0,0,0,0,0,0	13353	0	1083	18231	70	0	17989,17571,17571,16070,16070,16070,16070	7	100	17908,0,0,0,0,0,0	282	0
164034	1629	3050	1692	736	729	167	93	9	6367	58	182	413	329	13	298	0	0	8096	0,0,0,0,0,0	13208	0	1097	19330	74	0	19069,18621,18621,17010,17010,17010,17010	7	106	19008,0,0,0,0,0,0	290	0
163412	1576	3167	1794	780	764	168	101	9	6730	61	184	410	298	13	293	0	0	8350	0,0,0,0,0,0	25215	0	986	20317	81	0	20035,19550,19550,17808,17808,17808,17808	7	69	19996,0,0,0,0,0,0	310	0
162810	1538	3291	1839	801	802	170	107	9	7125	65	189	400	326	9	272	0	0	8548	0,0,0,0,0,0	25058	0	988	21306	88	0	21004,20480,20480,18597,18597,18597,18597	7	65	20986,0,0,0,0,0,0	325	0
161882	1691	3435	1946	826	829	179	105	11	7576	75	191	376	331	21	334	0	0	9011	0,0,0,0,0,0	13296	0	1309	22616	93	0	22292,21730,21730,19708,19708,19708,19708	7	127	22297,0,0,0,0,0,0	329	0
161043	1859	3502	2027	864	908	195	117	14	7947	77	193	353	314	16	345	0	0	9472	0,0,0,0,0,0	13268	0	1294	23912	99	0	23559,22951,22951,20764,20764,20764,20764	8	121	23594,0,0,0,0,0,0	334	0
160240	1930	3576	2116	888	974	195	118	14	8410	87	198	335	312	17	328	0	0	9797	0,0,0,0,0,0	28646	0	1232	25148	106	0	24768,24117,24117,21773,21773,21773,21773	8	105	24830,0,0,0,0,0,0	345	0
159505	1955	3713	2168	960	1008	204	122	16	8802	94	199	305	326	10	311	0	0	10130	0,0,0,0,0,0	28985	0	1226	26378	112	0	25968,25268,25268,22744,22744,22744,22744	8	117	26060,0,0,0,0,0,0	360	0
158763	1967	3768	2305	1016	1062	221	128	16	9199	101	200	292	336	19	381	0	0	10467	0,0,0,0,0,0	28760	0	1256	27630	124	0	27189,26437,26437,23729,23729,23729,23729	9	120	27313,0,0,0,0,0,0	367	0
158220	1888	3786	2329	1055	1084	242	125	19	9682	112	204	279	337	18	350	0	0	10509	0,0,0,0,0,0	42888	0	1057	28683	135	0	28215,27411,27411,24516,24516,24516,24516	9	87	28367,0,0,0,0,0,0	387	0
157714	1810	3705	2368	1084	1122	256	132	18	10215	117	205	247	349	16	369	0	0	10477	0,0,0,0,0,0	42749	0	1072	29747	148	0	29246,28387,28387,25289,25289,25289,25289	8	79	29433,0,0,0,0,0,0	423	0
157289	1703	3726	2414	1102	1127	263	140	22	10632	121	207	221	323	22	422	0	0	10475	0,0,0,0,0,0	28973	0	1077	30822	155	0	30282,29357,29357,26024,26024,26024,26024	9	118	30508,0,0,0,0,0,0	412	0
