S	E	I1	I2	I3	I4	I5_h	I6_h	R_h	R	D1	D2	H	T	P1	P2	Q	QT	NQ	MUT	HOM	VAC	NI	INF	REINF	BSTR	IMM	HCI	HCE	INFV	INFH	VNI
178095	99	133	58	45	52	4	1	0	258	1	0	212	0	0	0	0	0	392	0,0,0,0,0,0	178745	0	0	392	0	0	651,651,651,651,651,651,651	0	0	0,0,0,0,0,0,0	0	0
178032	96	173	61	46	49	3	2	0	278	1	5	337	321	2	78	0	0	430	0,0,0,0,0,0	12389	0	70	463	0	0	714,714,714,714,714,714,714	0	8	71,0,0,0,0,0,0	5	0
177948	114	205	67	53	51	3	2	0	293	1	9	430	240	0	16	0	0	495	0,0,0,0,0,0	12728	0	94	557	0	0	799,799,799,799,799,799,799	0	1	165,0,0,0,0,0,0	6	0
177898	119	215	74	54	55	5	3	0	311	1	11	503	254	0	14	0	0	525	0,0,0,0,0,0	12789	0	76	633	0	0	854,854,854,854,854,854,854	0	6	241,0,0,0,0,0,0	10	0
177823	126	244	85	54	54	8	5	0	332	1	14	536	263	0	25	0	0	576	0,0,0,0,0,0	24662	0	86	719	0	0	931,931,931,931,931,931,931	0	5	327,0,0,0,0,0,0	13	0
177739	142	255	106	52	60	8	5	0	360	2	17	606	336	0	15	0	0	628	0,0,0,0,0,0	24879	0	101	820	0	0	1019,1019,1019,1019,1019,1019,1019	0	7	428,0,0,0,0,0,0	18	0
177654	139	287	127	50	64	10	7	0	383	2	23	653	267	1	28	0	0	684	0,0,0,0,0,0	12659	0	100	920	0	0	1107,1107,1107,1107,1107,1107,1107	0	7	528,0,0,0,0,0,0	20	0
177549	148	308	152	62	60	12	10	0	414	2	29	653	295	1	27	0	0	752	0,0,0,0,0,0	12926	0	123	1043	1	0	1218,1218,1218,1217,1217,1217,1217	0	10	652,0,0,0,0,0,0	30	0
177445	171	323	162	67	72	11	10	0	449	2	34	611	146	1	33	0	0	816	0,0,0,0,0,0	12883	0	122	1167	2	0	1329,1329,1329,1328,1328,1328,1328	0	8	777,0,0,0,0,0,0	37	0
177332	194	344	165	79	76	11	13	0	492	2	38	633	286	0	27	0	0	882	0,0,0,0,0,0	12957	0	136	1302	3	0	1453,1452,1452,1449,1449,1449,1449	0	16	913,0,0,0,0,0,0	30	0
177201	214	349	199	84	92	11	14	0	535	2	45	655	245	2	31	0	0	963	0,0,0,0,0,0	13048	0	149	1450	4	0	1595,1594,1594,1589,1589,1589,1589	0	12	1062,0,0,0,0,0,0	33	0
177078	210	396	214	80	92	12	16	0	596	2	50	700	249	4	40	0	0	1020	0,0,0,0,0,0	25057	0	143	1591	7	0	1732,1729,1729,1721,1721,1721,1721	0	9	1206,0,0,0,0,0,0	35	0
176958	211	440	211	91	95	15	15	0	650	4	56	700	272	2	35	0	0	1078	0,0,0,0,0,0	24990	0	148	1739	7	0	1870,1866,1866,1854,1854,1854,1854	0	12	1354,0,0,0,0,0,0	44	0
176809	231	472	227	97	110	19	13	0	702	7	59	666	267	3	49	0	0	1169	0,0,0,0,0,0	12896	0	183	1923	8	0	2043,2037,2037,2019,2019,2019,2019	1	26	1539,0,0,0,0,0,0	51	0
176658	262	506	248	109	115	18	15	0	745	7	63	700	241	0	42	0	0	1273	0,0,0,0,0,0	12764	0	185	2107	9	0	2214,2207,2207,2183,2183,2183,2183	1	13	1724,0,0,0,0,0,0	56	0
176477	305	520	286	109	116	20	19	0	820	8	66	720	316	1	40	0	0	1375	0,0,0,0,0,0	12953	0	219	2325	11	0	2422,2413,2413,2381,2381,2381,2381	1	25	1944,0,0,0,0,0,0	55	0
176275	319	595	287	127	132	23	15	2	891	11	69	693	249	2	46	0	0	1498	0,0,0,0,0,0	13117	0	246	2567	15	0	2655,2643,2643,2601,2601,2601,2601	1	26	2189,0,0,0,0,0,0	59	0
176085	327	623	320	143	148	28	13	3	970	13	73	705	223	1	70	0	0	1602	0,0,0,0,0,0	13007	0	241	2808	15	0	2887,2871,2871,2816,2816,2816,2816	1	21	2430,0,0,0,0,0,0	61	0
175900	357	650	347	161	165	29	14	3	1030	13	77	682	257	5	66	0	0	1723	0,0,0,0,0,0	25043	0	242	3048	19	0	3114,3095,3095,3025,3025,3025,3025	1	20	2674,0,0,0,0,0,0	76	0
175689	390	664	366	181	183	33	15	3	1127	13	82	672	244	2	66	0	0	1832	0,0,0,0,0,0	24954	0	256	3306	19	0	3362,3339,3339,3257,3257,3257,3257	1	20	2932,0,0,0,0,0,0	90	0
175471	375	754	385	190	198	32	15	3	1222	15	86	685	320	3	89	0	0	1949	0,0,0,0,0,0	13215	0	277	3583	20	0	3630,3602,3602,3505,3505,3505,3505	1	31	3210,0,0,0,0,0,0	84	0
175221	418	812	404	194	206	36	15	3	1331	17	89	675	293	3	73	0	0	2085	0,0,0,0,0,0	13029	0	318	3900	22	0	3929,3897,3897,3782,3782,3782,3782	2	41	3528,0,0,0,0,0,0	77	0
174949	458	859	439	220	218	37	17	2	1435	18	94	667	277	4	81	0	0	2248	0,0,0,0,0,0	13101	0	349	4248	24	0	4266,4228,4228,4091,4091,4091,4091	2	39	3876,0,0,0,0,0,0	96	0
174677	504	927	473	232	225	36	19	3	1535	18	97	647	247	2	87	0	0	2416	0,0,0,0,0,0	13078	0	365	4615	24	0	4621,4574,4574,4408,4408,4408,4408	2	39	4243,0,0,0,0,0,0	96	0
174375	549	990	487	245	233	36	27	2	1681	19	102	634	241	5	91	0	0	2567	0,0,0,0,0,0	12920	0	374	4989	27	0	4990,4936,4936,4745,4745,4745,4745	2	47	4617,0,0,0,0,0,0	101	0
174144	544	1041	540	254	248	42	26	3	1781	21	102	603	337	3	89	0	0	2695	0,0,0,0,0,0	24747	0	340	5331	27	0	5314,5251,5251,5027,5027,5027,5027	2	20	4959,0,0,0,0,0,0	109	0
173884	548	1085	574	273	268	43	26	5	1911	23	106	587	245	3	95	0	0	2817	0,0,0,0,0,0	25021	0	361	5693	27	0	5666,5593,5593,5336,5336,5336,5336	2	33	5321,0,0,0,0,0,0	128	0
173510	614	1139	619	289	268	44	30	6	2093	23	111	599	329	6	138	0	0	3003	0,0,0,0,0,0	12860	0	478	6169	29	0	6133,6052,6052,5760,5760,5760,5760	3	53	5797,0,0,0,0,0,0	125	0
173119	695	1220	647	301	277	52	31	6	2254	26	118	590	324	4	120	0	0	3223	0,0,0,0,0,0	12955	0	507	6677	30	0	6634,6541,6541,6208,6208,6208,6208	3	42	6305,0,0,0,0,0,0	121	0
172743	735	1300	694	332	295	56	30	8	2403	29	121	577	283	7	121	0	0	3442	0,0,0,0,0,0	13003	0	487	7165	31	0	7114,7010,7010,6638,6638,6638,6638	3	52	6794,0,0,0,0,0,0	119	0
172290	777	1434	728	349	323	63	32	7	2592	30	121	575	321	9	127	0	0	3706	0,0,0,0,0,0	12909	0	577	7742	33	0	7678,7562,7562,7150,7150,7150,7150	3	53	7372,0,0,0,0,0,0	131	0
171829	846	1513	794	363	353	69	35	8	2780	33	123	544	319	8	169	0	0	3973	0,0,0,0,0,0	13127	0	595	8333	38	0	8259,8131,8131,7674,7674,7674,7674	3	66	7966,0,0,0,0,0,0	138	0
171463	842	1609	817	376	372	73	36	9	2986	38	125	548	287	10	133	0	0	4125	0,0,0,0,0,0	24832	0	517	8851	41	0	8768,8625,8625,8114,8114,8114,8114	3	46	8485,0,0,0,0,0,0	144	0
171101	815	1647	906	388	409	84	40	8	3179	38	131	520	289	8	127	0	0	4289	0,0,0,0,0,0	24982	0	510	9364	42	0	9273,9115,9115,8550,8550,8550,8550	4	49	8998,0,0,0,0,0,0	160	0
170577	866	1789	909	444	448	91	44	7	3395	40	136	514	252	5	180	0	0	4591	0,0,0,0,0,0	13177	0	703	10066	46	0	9963,9788,9788,9162,9162,9162,9162	4	66	9700,0,0,0,0,0,0	164	0
170066	982	1868	979	442	488	98	44	8	3588	42	141	528	315	13	201	0	0	4901	0,0,0,0,0,0	12959	0	719	10788	47	0	10672,10475,10475,9773,9773,9773,9773	4	77	10422,0,0,0,0,0,0	179	0
169513	1090	1967	1055	460	519	96	50	7	3802	43	144	531	266	15	175	0	0	5237	0,0,0,0,0,0	13192	0	777	11567	48	0	11434,11216,11216,10435,10435,10435,10435	5	78	11202,0,0,0,0,0,0	182	0
168939	1150	2068	1148	483	534	100	58	8	4064	44	150	504	321	6	212	0	0	5541	0,0,0,0,0,0	13217	0	777	12345	51	0	12200,11962,11962,11108,11108,11108,11108	5	69	11980,0,0,0,0,0,0	184	0
168318	1256	2190	1199	526	554	107	64	8	4326	46	152	517	237	3	197	0	0	5896	0,0,0,0,0,0	13103	0	864	13208	57	0	13046,12784,12784,11845,11845,11845,11845	5	60	12845,0,0,0,0,0,0	209	0
167847	1213	2300	1229	562	586	114	70	5	4613	49	158	497	337	7	203	0	0	6074	0,0,0,0,0,0	25265	0	716	13924	61	0	13748,13462,13462,12434,12434,12434,12434	5	58	13561,0,0,0,0,0,0	220	0
167333	1198	2429	1288	585	590	132	71	5	4903	53	159	504	330	17	223	0	0	6293	0,0,0,0,0,0	24916	0	795	14722	67	0	14527,14212,14212,13084,13084,13084,13084	5	71	14360,0,0,0,0,0,0	250	0
166625	1324	2582	1370	623	613	144	75	8	5164	55	163	490	303	11	274	0	0	6731	0,0,0,0,0,0	13302	0	1008	15730	74	0	15516,15172,15172,13936,13936,13936,13936	6	105	15370,0,0,0,0,0,0	259	0
165916	1446	2693	1404	636	650	143	76	10	5544	59	169	469	300	17	235	0	0	7048	0,0,0,0,0,0	13264	0	996	16726	79	0	16495,16121,16121,14781,14781,14781,14781	6	97	16368,0,0,0,0,0,0	269	0
165224	1495	2823	1521	671	678	148	84	11	5858	61	172	442	332	10	256	0	0	7420	0,0,0,0,0,0	13292	0	1017	17747	83	0	17490,17085,17085,15629,15629,15629,15629	6	92	17389,0,0,0,0,0,0	278	0
164458	1594	2977	1597	716	736	160	83	12	6172	67	174	450	294	15	278	0	0	7863	0,0,0,0,0,0	13296	0	1108	18859	86	0	18581,18141,18141,16561,16561,16561,16561	7	90	18502,0,0,0,0,0,0	286	0
163667	1639	3107	1693	758	747	167	83	15	6619	72	179	415	332	15	316	0	0	8194	0,0,0,0,0,0	13222	0	1105	19970	89	0	19675,19203,19203,17505,17505,17505,17505	7	105	19614,0,0,0,0,0,0	285	0
163094	1614	3130	1800	825	787	168	88	15	6967	77	181	420	299	9	269	0	0	8412	0,0,0,0,0,0	25227	0	963	20931	97	0	20615,20103,20103,18265,18265,18265,18265	6	54	20576,0,0,0,0,0,0	291	0
162503	1529	3301	1843	853	809	180	91	14	7355	82	186	399	337	12	317	0	0	8606	0,0,0,0,0,0	25020	0	997	21931	101	0	21592,21040,21040,19053,19053,19053,19053	6	59	21578,0,0,0,0,0,0	315	0
161562	1692	3488	1910	866	850	181	93	15	7808	91	190	374	355	18	346	0	0	9080	0,0,0,0,0,0	13307	0	1335	23263	111	0	22903,22311,22311,20182,20182,20182,20182	7	123	22911,0,0,0,0,0,0	327	0
160686	1898	3515	2011	903	948	193	99	15	8189	97	192	343	311	13	330	0	0	9567	0,0,0,0,0,0	13222	0	1312	24571	122	0	24184,23548,23548,21262,21262,21262,21262	7	121	24220,0,0,0,0,0,0	330	0
159932	1936	3593	2125	932	1017	200	99	14	8595	105	198	334	313	18	356	0	0	9902	0,0,0,0,0,0	28670	0	1219	25791	126	0	25377,24695,24695,22239,22239,22239,22239	8	101	25441,0,0,0,0,0,0	345	0
159227	1911	3678	2229	1001	1031	216	105	16	9021	111	200	301	333	15	329	0	0	10171	0,0,0,0,0,0	28986	0	1204	26996	134	0	26552,25820,25820,23182,23182,23182,23182	8	112	26646,0,0,0,0,0,0	349	0
158476	1954	3708	2311	1055	1086	219	112	17	9491	116	201	295	340	16	361	0	0	10445	0,0,0,0,0,0	28799	0	1258	28250	147	0	27775,26993,26993,24172,24172,24172,24172	8	119	27901,0,0,0,0,0,0	361	0
158007	1869	3736	2352	1046	1117	250	110	18	9910	127	204	270	273	12	356	0	0	10480	0,0,0,0,0,0	42860	0	1029	29278	155	0	28770,27932,27932,24909,24909,24909,24909	8	80	28929,0,0,0,0,0,0	377	0
157546	1784	3686	2429	1035	1113	266	121	16	10415	130	205	256	348	16	376	0	0	10434	0,0,0,0,0,0	42827	0	1048	30324	166	0	29781,28884,28884,25648,25648,25648,25648	8	74	29976,0,0,0,0,0,0	417	0
156991	1784	3721	2512	1050	1102	270	126	19	10827	136	208	228	317	21	395	0	0	10565	0,0,0,0,0,0	28995	0	1166	31487	174	0	30909,29951,29951,26494,26494,26494,26494	8	101	31141,0,0,0,0,0,0	405	0
