S	E	I1	I2	I3	I4	I5_h	I6_h	R_h	R	D1	D2	H	T	P1	P2	Q	QT	NQ	MUT	HOM	VAC	NI	INF	REINF	BSTR	IMM	HCI	HCE	INFV	INFH	VNI
178082	124	126	61	37	55	8	2	0	250	1	0	212	0	0	0	0	0	413	0,0,0,0,0,0	178745	0	0	413	0	0	664,664,664,664,664,664,664	0	0	0,0,0,0,0,0,0	0	0
178025	90	191	67	31	54	8	2	0	272	1	5	331	322	0	91	0	0	443	0,0,0,0,0,0	12405	0	67	481	0	0	721,721,721,721,721,721,721	0	7	68,0,0,0,0,0,0	9	0
177949	105	202	93	41	53	9	3	0	281	1	9	426	241	1	9	0	0	506	0,0,0,0,0,0	12708	0	85	567	0	0	797,797,797,797,797,797,797	0	10	154,0,0,0,0,0,0	10	0
177887	114	224	105	40	58	10	3	0	291	2	12	498	255	2	18	0	0	554	0,0,0,0,0,0	12792	0	77	645	0	0	863,863,863,863,863,863,863	0	6	232,0,0,0,0,0,0	12	0
177829	113	222	106	51	66	11	3	0	328	2	15	538	95	1	14	0	0	572	0,0,0,0,0,0	24661	0	71	717	0	0	923,923,923,923,923,923,923	0	4	304,0,0,0,0,0,0	15	0
177743	138	231	107	51	71	11	3	0	371	2	18	608	276	1	25	0	0	612	0,0,0,0,0,0	24890	0	99	815	1	0	1011,1011,1011,1011,1011,1011,1011	0	8	403,0,0,0,0,0,0	19	0
177641	157	263	110	53	73	11	6	0	405	2	25	660	265	0	31	0	0	673	0,0,0,0,0,0	12681	0	116	931	1	0	1119,1119,1119,1119,1119,1119,1119	0	11	519,0,0,0,0,0,0	19	0
177537	160	295	131	56	82	12	5	0	434	3	31	659	249	0	31	0	0	741	0,0,0,0,0,0	12937	0	123	1054	1	0	1231,1230,1230,1229,1229,1229,1229	0	9	642,0,0,0,0,0,0	30	0
177416	182	325	143	60	92	15	5	0	469	3	36	620	328	3	28	0	0	822	0,0,0,0,0,0	12877	0	137	1192	1	0	1358,1357,1357,1355,1355,1355,1355	0	11	780,0,0,0,0,0,0	29	0
177305	201	328	164	63	108	17	8	0	509	3	40	650	280	1	28	0	0	889	0,0,0,0,0,0	12920	0	130	1321	3	0	1479,1477,1477,1473,1473,1473,1473	0	15	911,0,0,0,0,0,0	29	0
177209	202	369	186	73	104	17	8	0	528	4	46	660	242	1	37	0	0	959	0,0,0,0,0,0	13049	0	132	1453	3	0	1590,1588,1588,1582,1582,1582,1582	0	15	1043,0,0,0,0,0,0	35	0
177109	193	395	202	76	104	19	8	0	584	5	51	706	246	3	29	0	0	997	0,0,0,0,0,0	25031	0	126	1578	4	0	1707,1704,1704,1695,1695,1695,1695	0	13	1169,0,0,0,0,0,0	44	0
176989	194	427	216	86	107	23	10	0	632	5	57	705	271	1	44	0	0	1063	0,0,0,0,0,0	25008	0	144	1723	5	0	1846,1842,1842,1828,1828,1828,1828	0	11	1315,0,0,0,0,0,0	57	0
176839	235	467	224	91	116	24	9	0	674	6	61	671	174	0	41	0	0	1166	0,0,0,0,0,0	12941	0	193	1917	5	0	2020,2015,2015,1994,1994,1994,1994	1	20	1509,0,0,0,0,0,0	67	0
176677	265	470	261	102	117	27	10	0	745	6	66	702	245	1	48	0	0	1252	0,0,0,0,0,0	12841	0	191	2106	7	0	2198,2191,2191,2167,2167,2167,2167	1	30	1699,0,0,0,0,0,0	72	0
176510	290	497	274	111	122	27	14	0	826	6	69	715	254	1	52	0	0	1335	0,0,0,0,0,0	12944	0	198	2303	8	0	2387,2378,2378,2348,2348,2348,2348	1	18	1896,0,0,0,0,0,0	73	0
176327	317	554	287	122	118	30	12	2	898	7	72	685	250	2	49	0	0	1440	0,0,0,0,0,0	13112	0	242	2545	9	0	2616,2603,2603,2559,2559,2559,2559	1	25	2139,0,0,0,0,0,0	76	0
176125	347	597	309	149	128	31	13	1	964	7	75	702	231	1	60	0	0	1574	0,0,0,0,0,0	12989	0	250	2795	10	0	2852,2836,2836,2781,2781,2781,2781	1	26	2389,0,0,0,0,0,0	74	0
175954	352	616	331	156	135	35	13	1	1067	7	79	680	254	4	55	0	0	1638	0,0,0,0,0,0	24984	0	220	3013	12	0	3060,3041,3041,2973,2973,2973,2973	1	20	2609,0,0,0,0,0,0	86	0
175784	362	669	335	158	151	39	13	2	1141	8	84	669	250	5	62	0	0	1727	0,0,0,0,0,0	24941	0	238	3251	13	0	3284,3260,3260,3175,3175,3175,3175	1	19	2848,0,0,0,0,0,0	98	0
175576	370	715	367	164	179	37	13	2	1226	9	88	680	251	1	74	0	0	1845	0,0,0,0,0,0	13188	0	265	3515	15	0	3541,3512,3512,3411,3411,3411,3411	1	30	3113,0,0,0,0,0,0	94	0
175328	409	758	391	166	196	42	14	2	1338	10	92	678	245	1	78	0	0	1976	0,0,0,0,0,0	13016	0	298	3812	16	0	3834,3801,3801,3682,3682,3682,3682	2	38	3411,0,0,0,0,0,0	86	0
175086	428	825	436	176	200	45	12	4	1426	11	97	660	279	6	74	0	0	2122	0,0,0,0,0,0	13109	0	311	4123	17	0	4137,4098,4098,3958,3958,3958,3958	2	26	3723,0,0,0,0,0,0	92	0
174833	460	871	472	208	198	45	15	3	1530	11	100	644	250	2	76	0	0	2269	0,0,0,0,0,0	13086	0	325	4451	17	0	4456,4410,4410,4247,4247,4247,4247	2	33	4051,0,0,0,0,0,0	97	0
174528	526	911	481	233	206	44	18	3	1678	13	105	634	248	3	78	0	0	2419	0,0,0,0,0,0	12954	0	371	4823	18	0	4820,4768,4768,4585,4585,4585,4585	2	46	4424,0,0,0,0,0,0	100	0
174313	529	957	507	233	219	43	19	3	1804	14	105	604	281	4	80	0	0	2507	0,0,0,0,0,0	24830	0	312	5136	18	0	5117,5057,5057,4844,4844,4844,4844	2	18	4737,0,0,0,0,0,0	99	0
174086	531	967	576	233	239	46	23	4	1916	16	109	593	237	2	80	0	0	2615	0,0,0,0,0,0	24998	0	314	5451	19	0	5426,5358,5358,5115,5115,5115,5115	2	27	5052,0,0,0,0,0,0	109	0
173761	569	1059	581	250	244	46	24	6	2076	16	114	603	324	5	123	0	0	2773	0,0,0,0,0,0	12822	0	428	5880	20	0	5848,5770,5770,5491,5491,5491,5491	2	57	5482,0,0,0,0,0,0	119	0
173450	608	1136	614	268	256	49	31	5	2193	16	120	600	322	5	107	0	0	2962	0,0,0,0,0,0	12928	0	445	6326	23	0	6280,6190,6190,5866,5866,5866,5866	2	41	5929,0,0,0,0,0,0	120	0
173102	657	1183	643	304	275	48	34	6	2354	17	123	584	233	7	117	0	0	3144	0,0,0,0,0,0	13009	0	450	6776	24	0	6719,6619,6619,6263,6263,6263,6263	3	50	6379,0,0,0,0,0,0	120	0
172741	690	1310	666	310	275	53	31	6	2520	21	123	587	318	10	132	0	0	3335	0,0,0,0,0,0	12948	0	492	7272	26	0	7201,7089,7089,6688,6688,6688,6688	3	50	6875,0,0,0,0,0,0	117	0
172399	745	1342	725	310	319	56	36	7	2660	21	126	550	327	4	123	0	0	3533	0,0,0,0,0,0	13186	0	494	7765	28	0	7679,7553,7553,7103,7103,7103,7103	3	53	7368,0,0,0,0,0,0	126	0
172094	753	1414	746	340	364	59	38	7	2779	25	127	574	238	6	116	0	0	3714	0,0,0,0,0,0	24724	0	475	8239	31	0	8137,7995,7995,7488,7488,7488,7488	3	42	7843,0,0,0,0,0,0	129	0
171810	725	1407	817	367	401	67	41	7	2947	25	132	544	285	12	127	0	0	3825	0,0,0,0,0,0	24888	0	433	8675	31	0	8563,8406,8406,7846,7846,7846,7846	3	36	8279,0,0,0,0,0,0	143	0
171320	793	1545	831	403	413	76	42	8	3152	26	137	536	253	4	168	0	0	4103	0,0,0,0,0,0	13152	0	651	9326	33	0	9203,9031,9031,8414,8414,8414,8414	3	66	8931,0,0,0,0,0,0	142	0
170923	875	1598	866	415	425	83	41	6	3346	28	140	562	268	12	184	0	0	4303	0,0,0,0,0,0	13076	0	589	9918	33	0	9780,9589,9589,8903,8903,8903,8903	4	62	9523,0,0,0,0,0,0	157	0
170450	952	1671	909	429	447	89	41	7	3577	29	145	553	259	9	163	0	0	4538	0,0,0,0,0,0	13136	0	666	10584	36	0	10433,10222,10222,9469,9469,9469,9469	4	67	10191,0,0,0,0,0,0	167	0
169936	1026	1796	1006	427	456	96	50	8	3766	29	150	525	312	6	186	0	0	4857	0,0,0,0,0,0	13224	0	712	11298	37	0	11132,10902,10902,10078,10078,10078,10078	4	61	10906,0,0,0,0,0,0	173	0
169398	1111	1928	1031	483	463	105	52	9	3981	31	154	536	235	3	172	0	0	5173	0,0,0,0,0,0	13193	0	761	12064	39	0	11886,11633,11633,10727,10727,10727,10727	4	64	11672,0,0,0,0,0,0	193	0
168971	1099	2032	1056	491	499	104	55	8	4237	35	159	510	266	7	172	0	0	5336	0,0,0,0,0,0	25248	0	646	12714	41	0	12524,12249,12249,11264,11264,11264,11264	4	47	12322,0,0,0,0,0,0	197	0
168530	1089	2131	1124	530	498	121	66	8	4451	37	161	504	261	12	177	0	0	5559	0,0,0,0,0,0	24887	0	697	13406	49	0	13199,12900,12900,11825,11825,11825,11825	4	48	13015,0,0,0,0,0,0	218	0
167943	1174	2276	1174	560	547	133	69	9	4659	39	163	499	313	11	237	0	0	5933	0,0,0,0,0,0	13287	0	872	14282	50	0	14057,13728,13728,12550,12550,12550,12550	5	98	13891,0,0,0,0,0,0	238	0
167346	1269	2321	1251	588	565	129	74	8	4984	43	168	475	302	17	201	0	0	6197	0,0,0,0,0,0	13148	0	839	15122	51	0	14882,14530,14530,13263,13263,13263,13263	5	83	14732,0,0,0,0,0,0	242	0
166735	1307	2468	1341	618	593	137	77	11	5242	47	170	441	341	7	245	0	0	6541	0,0,0,0,0,0	13190	0	895	16015	60	0	15757,15377,15377,14009,14009,14009,14009	5	84	15627,0,0,0,0,0,0	258	0
166033	1403	2620	1430	656	622	149	85	12	5512	52	172	446	310	13	251	0	0	6965	0,0,0,0,0,0	13236	0	987	17007	63	0	16733,16323,16323,14850,14850,14850,14850	6	83	16621,0,0,0,0,0,0	252	0
165334	1482	2721	1536	679	636	159	86	11	5867	58	177	408	329	11	276	0	0	7299	0,0,0,0,0,0	13197	0	990	18000	67	0	17711,17272,17272,15691,15691,15691,15691	6	90	17615,0,0,0,0,0,0	272	0
164756	1473	2762	1631	741	661	163	92	11	6216	62	178	416	297	10	220	0	0	7523	0,0,0,0,0,0	25144	0	878	18877	76	0	18571,18101,18101,16412,16412,16412,16412	6	58	18493,0,0,0,0,0,0	279	0
164235	1401	2882	1682	751	728	168	99	11	6540	65	184	413	326	11	225	0	0	7711	0,0,0,0,0,0	25000	0	888	19764	81	0	19439,18933,18933,17111,17111,17111,17111	6	58	19381,0,0,0,0,0,0	308	0
163388	1484	3087	1719	760	762	173	93	13	7004	75	188	388	348	16	329	0	0	8078	0,0,0,0,0,0	13207	0	1168	20930	89	0	20588,20049,20049,18110,18110,18110,18110	6	110	20549,0,0,0,0,0,0	299	0
162551	1668	3202	1785	790	826	173	104	14	7367	76	190	376	299	11	325	0	0	8548	0,0,0,0,0,0	13203	0	1231	22156	98	0	21789,21211,21211,19131,19131,19131,19131	7	112	21776,0,0,0,0,0,0	303	0
161839	1731	3237	1890	837	891	175	113	16	7744	79	194	367	302	14	310	0	0	8874	0,0,0,0,0,0	28639	0	1112	23267	107	0	22877,22259,22259,20033,20033,20033,20033	7	85	22889,0,0,0,0,0,0	320	0
161238	1723	3358	1958	879	931	180	117	16	8067	83	196	337	341	16	316	0	0	9146	0,0,0,0,0,0	28986	0	1081	24345	116	0	23926,23260,23260,20862,20862,20862,20862	7	94	23968,0,0,0,0,0,0	327	0
160534	1742	3402	2043	928	952	188	118	18	8535	89	197	326	341	14	351	0	0	9373	0,0,0,0,0,0	28663	0	1107	25455	124	0	25011,24305,24305,21758,21758,21758,21758	7	95	25080,0,0,0,0,0,0	323	0
160098	1648	3386	2123	946	1006	202	112	22	8900	101	202	317	274	17	292	0	0	9423	0,0,0,0,0,0	42786	0	944	26399	131	0	25927,25170,25170,22437,22437,22437,22437	7	70	26024,0,0,0,0,0,0	332	0
159667	1574	3352	2179	965	1004	215	119	23	9341	105	202	296	350	17	341	0	0	9408	0,0,0,0,0,0	42733	0	961	27359	137	0	26854,26044,26044,23120,23120,23120,23120	7	69	26984,0,0,0,0,0,0	358	0
159190	1553	3340	2213	1022	1016	224	124	26	9720	112	206	270	312	17	392	0	0	9492	0,0,0,0,0,0	28927	0	1040	28396	143	0	27860,26993,26993,23864,23864,23864,23864	7	99	28021,0,0,0,0,0,0	357	0
