S	E	I1	I2	I3	I4	I5_h	I6_h	R_h	R	D1	D2	H	T	P1	P2	Q	QT	NQ	MUT	HOM	VAC	NI	INF	REINF	BSTR	IMM	HCI	HCE	INFV	INFH	VNI
178128	103	116	44	44	45	11	2	0	253	0	0	209	0	0	0	0	0	365	0,0,0,0,0,0	178746	0	0	365	0	0	618,618,618,618,618,618,618	0	0	0,0,0,0,0,0,0	0	0
178069	82	169	52	38	38	11	3	0	279	0	5	335	323	0	80	0	0	393	0,0,0,0,0,0	12395	0	62	428	0	0	677,677,677,677,677,677,677	0	7	63,0,0,0,0,0,0	15	0
178008	91	183	66	51	36	12	2	1	287	0	9	426	239	0	13	0	0	441	0,0,0,0,0,0	12719	0	77	505	0	0	739,739,739,739,739,739,739	0	7	140,0,0,0,0,0,0	14	0
177924	120	207	70	50	44	11	2	1	306	0	11	496	96	1	17	0	0	504	0,0,0,0,0,0	12815	0	95	600	0	0	825,825,825,825,825,825,825	0	11	235,0,0,0,0,0,0	15	0
177850	130	232	86	43	46	11	2	0	332	0	14	542	95	0	8	0	0	550	0,0,0,0,0,0	24654	0	84	686	0	0	900,900,900,900,900,900,900	0	7	321,0,0,0,0,0,0	18	0
177781	131	254	91	54	46	13	2	0	357	0	17	608	155	1	15	0	0	591	0,0,0,0,0,0	24884	0	83	769	1	0	974,974,974,974,974,974,974	0	3	405,0,0,0,0,0,0	17	0
177682	146	271	103	62	47	14	2	0	396	0	23	650	96	0	19	0	0	645	0,0,0,0,0,0	12652	0	105	875	1	0	1077,1077,1077,1077,1077,1077,1077	0	5	511,0,0,0,0,0,0	21	0
177593	160	284	126	70	49	17	3	0	415	0	29	651	256	0	26	0	0	709	0,0,0,0,0,0	12918	0	112	988	1	0	1176,1176,1176,1174,1174,1174,1174	0	10	624,0,0,0,0,0,0	25	0
177480	174	314	135	67	59	17	3	0	462	0	35	609	90	0	34	0	0	769	0,0,0,0,0,0	12885	0	128	1116	1	0	1295,1294,1294,1291,1291,1291,1291	0	14	752,0,0,0,0,0,0	33	0
177380	187	327	149	67	78	17	4	0	498	0	39	634	287	1	26	0	0	829	0,0,0,0,0,0	12914	0	124	1239	2	0	1404,1402,1402,1399,1399,1399,1399	0	13	876,0,0,0,0,0,0	23	0
177263	200	338	168	79	87	16	3	0	547	1	44	656	93	0	26	0	0	891	0,0,0,0,0,0	13037	0	134	1372	3	0	1531,1529,1529,1524,1524,1524,1524	0	15	1010,0,0,0,0,0,0	25	0
177174	195	359	171	84	87	17	3	0	606	1	49	704	253	3	34	0	0	916	0,0,0,0,0,0	25011	0	116	1488	4	0	1638,1636,1636,1626,1626,1626,1626	0	7	1126,0,0,0,0,0,0	28	0
177092	179	394	180	87	88	17	4	0	649	1	55	699	270	0	31	0	0	949	0,0,0,0,0,0	25040	0	122	1610	5	0	1743,1739,1739,1726,1726,1726,1726	0	9	1249,0,0,0,0,0,0	38	0
176945	219	422	191	92	89	20	5	0	704	1	58	663	327	2	45	0	0	1038	0,0,0,0,0,0	12903	0	180	1789	7	0	1908,1902,1902,1884,1884,1884,1884	1	32	1430,0,0,0,0,0,0	40	0
176812	241	440	219	101	104	21	5	1	739	1	62	708	244	0	42	0	0	1131	0,0,0,0,0,0	12783	0	169	1955	10	0	2060,2053,2053,2029,2029,2029,2029	1	19	1599,0,0,0,0,0,0	43	0
176655	260	481	236	111	111	19	9	1	796	1	66	728	307	0	46	0	0	1227	0,0,0,0,0,0	12939	0	191	2144	12	0	2243,2234,2234,2202,2202,2202,2202	1	22	1789,0,0,0,0,0,0	43	0
176486	295	516	246	128	123	23	12	1	847	1	68	696	252	3	48	0	0	1343	0,0,0,0,0,0	13140	0	219	2362	14	0	2446,2434,2434,2391,2391,2391,2391	1	22	2009,0,0,0,0,0,0	52	0
176273	322	554	298	143	133	25	12	1	911	2	72	708	232	2	59	0	0	1487	0,0,0,0,0,0	13004	0	243	2604	15	0	2683,2669,2669,2618,2618,2618,2618	1	25	2252,0,0,0,0,0,0	54	0
176126	326	578	309	154	150	28	13	0	984	2	76	678	261	1	60	0	0	1558	0,0,0,0,0,0	24970	0	195	2797	18	0	2868,2850,2850,2786,2786,2786,2786	1	19	2448,0,0,0,0,0,0	62	0
175949	341	626	319	147	159	31	16	0	1073	4	81	672	238	1	49	0	0	1639	0,0,0,0,0,0	24914	0	226	3024	18	0	3084,3062,3062,2986,2986,2986,2986	1	13	2675,0,0,0,0,0,0	68	0
175762	343	682	336	150	187	34	15	0	1146	5	86	684	313	1	70	0	0	1747	0,0,0,0,0,0	13206	0	246	3274	18	0	3319,3293,3293,3201,3201,3201,3201	1	26	2925,0,0,0,0,0,0	79	0
175516	396	717	365	167	183	38	14	0	1253	7	90	676	243	0	64	0	0	1880	0,0,0,0,0,0	13047	0	298	3571	19	0	3608,3578,3578,3470,3470,3470,3470	1	34	3222,0,0,0,0,0,0	75	0
175266	416	776	396	178	194	41	18	1	1358	7	95	661	272	3	77	0	0	2019	0,0,0,0,0,0	13102	0	305	3876	20	0	3906,3871,3871,3747,3747,3747,3747	2	26	3527,0,0,0,0,0,0	91	0
175023	428	848	437	194	203	38	16	2	1450	9	98	629	255	2	80	0	0	2164	0,0,0,0,0,0	13075	0	318	4197	20	0	4219,4177,4177,4027,4027,4027,4027	2	28	3848,0,0,0,0,0,0	88	0
174715	503	896	473	210	205	39	21	2	1569	9	104	625	244	1	79	0	0	2347	0,0,0,0,0,0	12945	0	376	4577	20	0	4589,4541,4541,4370,4370,4370,4370	2	38	4228,0,0,0,0,0,0	95	0
174481	514	955	490	212	212	39	24	3	1703	9	104	610	332	7	81	0	0	2446	0,0,0,0,0,0	24731	0	315	4893	20	0	4895,4840,4840,4643,4643,4643,4643	2	24	4544,0,0,0,0,0,0	100	0
174263	498	1006	529	229	240	41	25	3	1795	10	107	588	247	4	81	0	0	2568	0,0,0,0,0,0	24996	0	319	5210	23	0	5205,5140,5140,4909,4909,4909,4909	2	26	4863,0,0,0,0,0,0	118	0
173913	567	1080	577	233	247	43	31	2	1929	12	112	618	327	5	109	0	0	2778	0,0,0,0,0,0	12832	0	452	5662	24	0	5648,5574,5574,5309,5309,5309,5309	2	43	5316,0,0,0,0,0,0	121	0
173550	636	1133	624	251	270	45	35	1	2067	13	121	606	333	3	116	0	0	2994	0,0,0,0,0,0	12930	0	467	6131	25	0	6108,6024,6024,5723,5723,5723,5723	2	47	5785,0,0,0,0,0,0	121	0
173178	716	1168	649	284	306	50	35	4	2217	14	125	585	225	8	105	0	0	3208	0,0,0,0,0,0	12991	0	484	6615	27	0	6582,6487,6487,6149,6149,6149,6149	2	45	6269,0,0,0,0,0,0	112	0
172786	770	1291	698	294	312	60	37	4	2354	15	125	590	264	10	124	0	0	3462	0,0,0,0,0,0	12921	0	526	7144	28	0	7097,6989,6989,6605,6605,6605,6605	3	49	6798,0,0,0,0,0,0	126	0
172366	804	1410	754	294	334	64	43	4	2530	16	127	549	321	8	143	0	0	3703	0,0,0,0,0,0	13161	0	544	7684	32	0	7628,7508,7508,7083,7083,7083,7083	3	51	7339,0,0,0,0,0,0	130	0
172048	774	1496	799	330	377	66	44	4	2660	20	128	558	292	8	107	0	0	3886	0,0,0,0,0,0	24768	0	472	8157	35	0	8085,7951,7951,7474,7474,7474,7474	3	40	7812,0,0,0,0,0,0	141	0
171719	752	1495	860	358	430	73	47	4	2853	21	134	524	292	10	130	0	0	4015	0,0,0,0,0,0	24914	0	470	8629	37	0	8548,8400,8400,7872,7872,7872,7872	3	41	8284,0,0,0,0,0,0	163	0
171184	825	1693	868	392	446	83	45	5	3042	24	139	531	299	5	175	0	0	4352	0,0,0,0,0,0	13194	0	698	9325	40	0	9235,9072,9072,8487,8487,8487,8487	3	70	8980,0,0,0,0,0,0	154	0
170683	959	1774	925	399	471	91	42	7	3225	26	144	557	258	8	182	0	0	4661	0,0,0,0,0,0	12984	0	689	10014	42	0	9910,9728,9728,9077,9077,9077,9077	4	69	9670,0,0,0,0,0,0	178	0
170169	1042	1851	1012	446	451	91	44	7	3456	28	149	538	256	13	164	0	0	4937	0,0,0,0,0,0	13158	0	711	10725	44	0	10610,10408,10408,9688,9688,9688,9688	4	75	10382,0,0,0,0,0,0	183	0
169627	1085	1964	1108	467	485	100	52	8	3666	30	154	523	249	6	180	0	0	5261	0,0,0,0,0,0	13177	0	728	11454	47	0	11329,11109,11109,10321,10321,10321,10321	4	57	11112,0,0,0,0,0,0	176	0
169068	1123	2125	1142	491	514	105	55	8	3928	31	156	538	285	3	166	0	0	5555	0,0,0,0,0,0	13140	0	773	12231	50	0	12092,11850,11850,10984,10984,10984,10984	4	54	11889,0,0,0,0,0,0	202	0
168596	1118	2181	1193	516	551	110	54	7	4222	37	161	495	335	6	185	0	0	5723	0,0,0,0,0,0	25249	0	682	12915	51	0	12765,12502,12502,11559,11559,11559,11559	5	53	12574,0,0,0,0,0,0	204	0
168090	1127	2296	1237	554	570	122	58	6	4482	42	162	498	251	9	212	0	0	5964	0,0,0,0,0,0	24874	0	769	13678	61	0	13509,13221,13221,12188,12188,12188,12188	4	60	13340,0,0,0,0,0,0	222	0
167395	1276	2412	1308	583	598	139	62	10	4755	42	166	478	318	13	260	0	0	6378	0,0,0,0,0,0	13348	0	976	14654	66	0	14468,14152,14152,13018,13018,13018,13018	5	99	14318,0,0,0,0,0,0	233	0
166754	1390	2472	1357	603	654	140	66	11	5084	43	172	456	310	17	222	0	0	6682	0,0,0,0,0,0	13182	0	911	15568	68	0	15363,15020,15020,13789,13789,13789,13789	5	89	15232,0,0,0,0,0,0	253	0
166084	1415	2651	1438	631	675	149	78	12	5396	44	173	436	325	11	270	0	0	7037	0,0,0,0,0,0	13161	0	961	16526	75	0	16302,15930,15930,14596,14596,14596,14596	6	90	16191,0,0,0,0,0,0	263	0
165338	1522	2815	1510	679	690	160	84	13	5710	50	175	450	296	13	251	0	0	7460	0,0,0,0,0,0	13335	0	1061	17588	80	0	17346,16942,16942,15494,15494,15494,15494	6	92	17254,0,0,0,0,0,0	273	0
164610	1585	2900	1609	718	719	168	82	16	6106	54	179	407	326	11	285	0	0	7781	0,0,0,0,0,0	13181	0	1053	18646	82	0	18384,17948,17948,16380,16380,16380,16380	6	95	18313,0,0,0,0,0,0	288	0
164026	1547	2965	1703	780	733	172	94	16	6471	58	181	401	296	15	254	0	0	7994	0,0,0,0,0,0	25273	0	909	19556	90	0	19276,18807,18807,17121,17121,17121,17121	6	47	19223,0,0,0,0,0,0	292	0
163446	1492	3099	1751	802	770	172	95	14	6854	64	187	394	327	8	280	0	0	8181	0,0,0,0,0,0	25018	0	971	20529	95	0	20229,19721,19721,17892,17892,17892,17892	6	62	20197,0,0,0,0,0,0	314	0
162570	1599	3255	1806	839	822	172	102	15	7305	71	190	373	348	21	334	0	0	8595	0,0,0,0,0,0	13248	0	1224	21751	102	0	21431,20888,20888,18933,18933,18933,18933	6	120	21419,0,0,0,0,0,0	313	0
161720	1778	3312	1883	888	890	184	106	17	7699	77	192	353	307	12	327	0	0	9041	0,0,0,0,0,0	13283	0	1263	23010	112	0	22664,22080,22080,19977,19977,19977,19977	7	102	22678,0,0,0,0,0,0	319	0
161030	1781	3423	1959	925	937	202	112	19	8077	85	196	335	310	18	330	0	0	9339	0,0,0,0,0,0	28643	0	1143	24152	119	0	23779,23150,23150,20883,20883,20883,20883	7	101	23821,0,0,0,0,0,0	342	0
160368	1749	3579	2033	951	945	216	118	20	8481	89	197	294	335	12	324	0	0	9591	0,0,0,0,0,0	29041	0	1137	25288	128	0	24886,24209,24209,21770,21770,21770,21770	7	108	24958,0,0,0,0,0,0	365	0
159624	1801	3613	2124	993	1014	222	120	22	8918	97	198	280	332	9	355	0	0	9887	0,0,0,0,0,0	28657	0	1209	26496	136	0	26065,25341,25341,22735,22735,22735,22735	8	107	26166,0,0,0,0,0,0	367	0
159100	1784	3598	2183	1022	1048	239	117	23	9323	108	201	270	284	20	314	0	0	9991	0,0,0,0,0,0	42925	0	1033	27526	145	0	27066,26292,26292,23501,23501,23501,23501	8	84	27196,0,0,0,0,0,0	377	0
158636	1728	3558	2262	1063	1056	247	119	21	9741	113	202	247	353	13	366	0	0	10033	0,0,0,0,0,0	42734	0	1021	28543	156	0	28049,27220,27220,24229,24229,24229,24229	8	66	28214,0,0,0,0,0,0	405	0
158111	1677	3597	2330	1095	1046	262	123	24	10156	120	205	231	322	16	401	0	0	10130	0,0,0,0,0,0	28956	0	1110	29647	163	0	29119,28232,28232,25031,25031,25031,25031	8	99	29319,0,0,0,0,0,0	380	0
