S	E	I1	I2	I3	I4	I5_h	I6_h	R_h	R	D1	D2	H	T	P1	P2	Q	QT	NQ	MUT	HOM	VAC	NI	INF	REINF	BSTR	IMM	HCI	HCE	INFV	INFH	VNI
178141	127	119	40	31	36	7	4	0	240	1	0	212	0	0	0	0	0	364	0,0,0,0,0,0	178745	0	0	364	0	0	605,605,605,605,605,605,605	0	0	0,0,0,0,0,0,0	0	0
178096	98	173	51	31	37	7	5	0	242	1	5	334	319	0	61	0	0	402	0,0,0,0,0,0	12392	0	60	424	0	0	650,650,650,650,650,650,650	0	9	60,0,0,0,0,0,0	11	0
178013	113	199	61	37	37	7	5	0	264	1	9	426	242	0	14	0	0	459	0,0,0,0,0,0	12715	0	85	511	0	0	733,733,733,733,733,733,733	0	7	147,0,0,0,0,0,0	15	0
177935	126	215	82	42	48	7	6	0	272	1	12	501	305	0	15	0	0	526	0,0,0,0,0,0	12777	0	95	606	0	0	812,812,812,812,812,812,812	0	5	242,0,0,0,0,0,0	14	0
177864	129	232	91	53	49	6	4	1	300	2	15	540	97	0	20	0	0	564	0,0,0,0,0,0	24684	0	87	693	0	0	885,885,885,885,885,885,885	0	7	329,0,0,0,0,0,0	17	0
177801	132	239	113	59	44	8	4	1	324	2	19	612	343	1	20	0	0	599	0,0,0,0,0,0	24901	0	78	772	0	0	950,950,950,950,950,950,950	0	2	408,0,0,0,0,0,0	19	0
177722	127	264	125	60	61	9	4	1	346	2	25	657	319	3	20	0	0	650	0,0,0,0,0,0	12673	0	92	864	0	0	1035,1035,1035,1035,1035,1035,1035	0	6	500,0,0,0,0,0,0	19	0
177623	141	289	129	66	65	10	6	1	383	2	31	657	246	3	27	0	0	706	0,0,0,0,0,0	12920	0	113	977	0	0	1139,1138,1138,1137,1137,1137,1137	0	5	613,0,0,0,0,0,0	24	0
177521	155	293	151	75	78	10	8	0	417	2	36	615	273	0	28	0	0	770	0,0,0,0,0,0	12880	0	119	1096	0	0	1249,1249,1249,1246,1246,1246,1246	0	5	732,0,0,0,0,0,0	25	0
177420	172	319	169	71	82	12	9	1	450	2	39	633	278	0	28	0	0	834	0,0,0,0,0,0	12946	0	125	1220	2	0	1361,1359,1359,1355,1355,1355,1355	0	11	858,0,0,0,0,0,0	24	0
177306	184	340	182	79	87	13	9	2	496	2	46	646	241	0	27	0	0	894	0,0,0,0,0,0	13061	0	135	1355	2	0	1484,1483,1483,1477,1477,1477,1477	0	8	993,0,0,0,0,0,0	31	0
177207	195	361	189	76	87	15	10	2	552	2	50	692	97	1	31	0	0	933	0,0,0,0,0,0	24994	0	125	1479	5	0	1600,1597,1597,1587,1587,1587,1587	0	8	1120,0,0,0,0,0,0	35	0
177109	186	385	192	91	84	16	11	3	611	2	56	697	92	0	36	0	0	965	0,0,0,0,0,0	24974	0	117	1598	5	0	1713,1709,1709,1696,1696,1696,1696	0	6	1239,0,0,0,0,0,0	42	0
176962	219	417	213	90	89	19	10	2	663	3	59	668	272	0	48	0	0	1057	0,0,0,0,0,0	12924	0	181	1779	5	0	1880,1875,1875,1858,1858,1858,1858	0	22	1420,0,0,0,0,0,0	50	0
176829	231	432	225	106	105	17	12	2	722	3	62	703	245	0	32	0	0	1128	0,0,0,0,0,0	12801	0	162	1938	8	0	2031,2025,2025,2002,2002,2002,2002	0	11	1581,0,0,0,0,0,0	52	0
176684	265	456	247	107	122	16	16	2	763	3	65	727	314	2	49	0	0	1229	0,0,0,0,0,0	12994	0	190	2128	9	0	2209,2200,2200,2168,2168,2168,2168	0	15	1772,0,0,0,0,0,0	47	0
176515	296	502	253	119	122	18	17	2	831	3	68	698	251	3	45	0	0	1327	0,0,0,0,0,0	13129	0	206	2335	10	0	2405,2394,2394,2354,2354,2354,2354	1	26	1980,0,0,0,0,0,0	54	0
176319	305	558	261	142	140	21	17	2	905	4	72	719	228	0	55	0	0	1444	0,0,0,0,0,0	12985	0	244	2578	12	0	2643,2627,2627,2573,2573,2573,2573	1	19	2225,0,0,0,0,0,0	65	0
176125	342	585	297	159	150	22	20	2	964	4	76	691	261	3	71	0	0	1575	0,0,0,0,0,0	25005	0	244	2821	13	0	2875,2856,2856,2789,2789,2789,2789	1	20	2469,0,0,0,0,0,0	78	0
175947	354	606	321	164	164	26	21	2	1054	5	82	677	245	0	55	0	0	1656	0,0,0,0,0,0	24957	0	216	3037	15	0	3088,3065,3065,2986,2986,2986,2986	1	19	2686,0,0,0,0,0,0	90	0
175765	342	663	366	167	184	27	21	4	1115	6	86	691	315	0	84	0	0	1770	0,0,0,0,0,0	13198	0	245	3281	16	0	3322,3295,3295,3197,3197,3197,3197	1	28	2931,0,0,0,0,0,0	83	0
175546	386	708	371	165	191	32	19	4	1225	9	90	678	292	1	80	0	0	1872	0,0,0,0,0,0	13008	0	281	3560	19	0	3591,3559,3559,3445,3445,3445,3445	1	36	3212,0,0,0,0,0,0	88	0
175298	432	749	405	181	206	35	19	4	1313	10	94	667	269	3	79	0	0	2027	0,0,0,0,0,0	13076	0	311	3872	19	0	3898,3860,3860,3725,3725,3725,3725	1	33	3524,0,0,0,0,0,0	95	0
175067	459	819	433	197	200	38	21	5	1399	10	98	640	249	2	88	0	0	2167	0,0,0,0,0,0	13105	0	313	4187	20	0	4198,4154,4154,3995,3995,3995,3995	2	34	3840,0,0,0,0,0,0	91	0
174781	496	885	440	212	214	43	26	6	1529	11	103	641	248	3	78	0	0	2316	0,0,0,0,0,0	12950	0	345	4536	20	0	4539,4489,4489,4311,4311,4311,4311	2	38	4189,0,0,0,0,0,0	101	0
174555	496	955	468	219	214	39	27	7	1651	11	104	605	333	4	88	0	0	2418	0,0,0,0,0,0	24712	0	312	4848	20	0	4841,4783,4783,4578,4578,4578,4578	2	22	4501,0,0,0,0,0,0	108	0
174324	493	996	517	232	232	42	26	9	1754	13	108	591	241	3	72	0	0	2538	0,0,0,0,0,0	25026	0	322	5170	22	0	5157,5090,5090,4853,4853,4853,4853	2	32	4824,0,0,0,0,0,0	120	0
173993	559	1045	538	266	249	45	32	8	1885	14	112	607	319	5	116	0	0	2734	0,0,0,0,0,0	12839	0	428	5598	24	0	5576,5501,5501,5231,5231,5231,5231	2	57	5254,0,0,0,0,0,0	125	0
173609	614	1139	595	293	251	52	32	6	2020	16	119	594	324	6	109	0	0	2976	0,0,0,0,0,0	12975	0	491	6090	26	0	6059,5974,5974,5668,5668,5668,5668	2	41	5746,0,0,0,0,0,0	127	0
173238	682	1175	653	319	281	58	32	7	2161	18	122	586	226	6	115	0	0	3200	0,0,0,0,0,0	12952	0	475	6563	29	0	6524,6429,6429,6088,6088,6088,6088	3	46	6220,0,0,0,0,0,0	129	0
172840	741	1284	669	336	292	67	32	7	2337	19	122	579	307	12	136	0	0	3421	0,0,0,0,0,0	12962	0	523	7087	30	0	7036,6929,6929,6546,6546,6546,6546	3	50	6745,0,0,0,0,0,0	136	0
172430	801	1348	737	337	321	70	37	7	2514	19	125	550	320	7	132	0	0	3651	0,0,0,0,0,0	13182	0	550	7635	32	0	7574,7453,7453,7022,7022,7022,7022	3	64	7293,0,0,0,0,0,0	142	0
172066	806	1480	766	329	344	75	40	7	2683	23	127	558	241	9	127	0	0	3840	0,0,0,0,0,0	24843	0	508	8142	35	0	8070,7935,7935,7455,7455,7455,7455	3	48	7802,0,0,0,0,0,0	142	0
171729	769	1519	836	366	391	78	42	8	2852	24	132	531	292	8	117	0	0	4001	0,0,0,0,0,0	24970	0	480	8623	38	0	8544,8395,8395,7864,7864,7864,7864	3	43	8284,0,0,0,0,0,0	154	0
171195	834	1706	855	399	403	90	42	6	3053	27	136	531	258	4	182	0	0	4329	0,0,0,0,0,0	13187	0	698	9319	42	0	9230,9065,9065,8475,8475,8475,8475	4	66	8984,0,0,0,0,0,0	158	0
170697	950	1763	914	409	447	96	42	7	3252	30	139	545	258	10	170	0	0	4621	0,0,0,0,0,0	13013	0	680	9998	43	0	9892,9709,9709,9058,9058,9058,9058	4	66	9663,0,0,0,0,0,0	167	0
170181	998	1891	979	434	463	96	45	7	3478	31	143	539	261	12	171	0	0	4906	0,0,0,0,0,0	13205	0	702	10702	44	0	10586,10385,10385,9665,9665,9665,9665	4	67	10367,0,0,0,0,0,0	183	0
169637	1075	1980	1057	454	499	98	57	6	3703	32	148	513	312	5	184	0	0	5220	0,0,0,0,0,0	13250	0	736	11436	47	0	11309,11089,11089,10301,10301,10301,10301	4	68	11102,0,0,0,0,0,0	186	0
169056	1174	2109	1098	495	503	105	58	6	3956	35	151	514	242	2	188	0	0	5542	0,0,0,0,0,0	13097	0	816	12254	50	0	12108,11865,11865,10996,10996,10996,10996	5	68	11920,0,0,0,0,0,0	201	0
168592	1176	2152	1164	528	558	107	59	6	4209	39	156	478	333	5	179	0	0	5744	0,0,0,0,0,0	25322	0	689	12943	53	0	12784,12519,12519,11569,11569,11569,11569	5	50	12609,0,0,0,0,0,0	204	0
168136	1104	2294	1218	547	566	122	62	6	4488	46	157	489	259	13	203	0	0	5913	0,0,0,0,0,0	24939	0	709	13651	61	0	13477,13187,13187,12147,12147,12147,12147	5	48	13319,0,0,0,0,0,0	232	0
167454	1209	2434	1316	585	596	131	65	8	4741	48	159	497	310	8	245	0	0	6336	0,0,0,0,0,0	13166	0	959	14609	66	0	14417,14100,14100,12962,12962,12962,12962	5	100	14278,0,0,0,0,0,0	238	0
166763	1379	2480	1371	595	631	134	67	9	5102	50	165	472	305	15	232	0	0	6657	0,0,0,0,0,0	13240	0	957	15569	70	0	15361,15017,15017,13782,13782,13782,13782	6	95	15239,0,0,0,0,0,0	246	0
166114	1415	2635	1458	637	641	145	72	9	5399	53	168	445	326	10	252	0	0	7003	0,0,0,0,0,0	13262	0	934	16507	74	0	16281,15908,15908,14569,14569,14569,14569	6	82	16178,0,0,0,0,0,0	260	0
165340	1505	2820	1507	690	664	150	79	7	5754	60	170	457	300	14	270	0	0	7415	0,0,0,0,0,0	13255	0	1061	17571	80	0	17329,16927,16927,15482,15482,15482,15482	6	94	17244,0,0,0,0,0,0	265	0
164625	1561	2933	1611	726	686	167	80	9	6110	64	174	413	329	11	289	0	0	7764	0,0,0,0,0,0	13172	0	1040	18615	82	0	18354,17919,17919,16355,16355,16355,16355	6	91	18290,0,0,0,0,0,0	264	0
164050	1545	2982	1721	786	732	174	87	9	6417	66	177	421	296	11	268	0	0	8027	0,0,0,0,0,0	25209	0	924	19541	87	0	19261,18790,18790,17099,17099,17099,17099	6	59	19218,0,0,0,0,0,0	291	0
163463	1514	3086	1771	802	764	176	93	11	6812	71	183	410	327	10	285	0	0	8206	0,0,0,0,0,0	24988	0	960	20497	92	0	20198,19691,19691,17865,17865,17865,17865	6	64	20174,0,0,0,0,0,0	309	0
162526	1665	3302	1855	817	769	174	97	11	7263	81	186	377	342	14	327	0	0	8679	0,0,0,0,0,0	13240	0	1294	21788	100	0	21471,20927,20927,18972,18972,18972,18972	7	132	21468,0,0,0,0,0,0	313	0
161713	1805	3381	1941	826	877	182	106	14	7629	84	188	359	306	14	307	0	0	9118	0,0,0,0,0,0	13227	0	1234	23018	109	0	22675,22090,22090,19983,19983,19983,19983	7	104	22699,0,0,0,0,0,0	312	0
160936	1834	3503	2026	854	961	189	106	15	8036	92	194	353	315	16	345	0	0	9473	0,0,0,0,0,0	28745	0	1197	24212	116	0	23846,23219,23219,20960,20960,20960,20960	7	101	23893,0,0,0,0,0,0	321	0
160239	1881	3556	2110	919	988	201	107	20	8430	98	197	311	327	14	320	0	0	9762	0,0,0,0,0,0	28845	0	1174	25387	122	0	24992,24317,24317,21885,21885,21885,21885	8	118	25070,0,0,0,0,0,0	341	0
159467	1916	3617	2209	956	1052	204	114	19	8894	101	197	301	340	17	370	0	0	10068	0,0,0,0,0,0	28732	0	1213	26597	133	0	26175,25456,25456,22864,22864,22864,22864	8	125	26281,0,0,0,0,0,0	341	0
158962	1832	3642	2237	983	1081	223	115	20	9342	109	200	288	269	12	322	0	0	10113	0,0,0,0,0,0	42930	0	1009	27610	138	0	27158,26388,26388,23612,23612,23612,23612	8	75	27294,0,0,0,0,0,0	362	0
158489	1724	3578	2300	1029	1073	237	130	20	9852	112	202	261	351	16	350	0	0	10071	0,0,0,0,0,0	42892	0	1017	28622	149	0	28137,27314,27314,24343,24343,24343,24343	8	78	28308,0,0,0,0,0,0	397	0
158002	1668	3655	2325	1048	1075	244	133	21	10252	119	204	249	316	18	404	0	0	10148	0,0,0,0,0,0	28953	0	1099	29717	156	0	29196,28312,28312,25120,25120,25120,25120	8	103	29403,0,0,0,0,0,0	395	0
