S	E	I1	I2	I3	I4	I5_h	I6_h	R_h	R	D1	D2	H	T	P1	P2	Q	QT	NQ	MUT	HOM	VAC	NI	INF	REINF	BSTR	IMM	HCI	HCE	INFV	INFH	VNI
178117	104	120	61	43	41	3	2	0	253	2	0	212	0	0	0	0	0	374	0,0,0,0,0,0	178744	0	0	374	0	0	629,629,629,629,629,629,629	0	0	0,0,0,0,0,0,0	0	0
178065	86	168	64	40	41	4	1	1	269	2	5	336	321	3	75	0	0	404	0,0,0,0,0,0	12390	0	58	432	0	0	681,681,681,681,681,681,681	0	8	58,0,0,0,0,0,0	5	0
178006	103	184	74	42	45	4	1	1	275	2	9	429	241	2	11	0	0	453	0,0,0,0,0,0	12703	0	76	508	0	0	741,741,741,741,741,741,741	0	4	134,0,0,0,0,0,0	8	0
177940	120	196	76	50	44	6	2	1	297	2	12	504	94	2	15	0	0	494	0,0,0,0,0,0	12792	0	83	591	0	0	810,810,810,810,810,810,810	0	8	217,0,0,0,0,0,0	7	0
177888	96	222	82	49	48	7	2	0	335	2	15	540	152	1	16	0	0	506	0,0,0,0,0,0	24666	0	62	653	0	0	863,863,863,863,863,863,863	0	6	279,0,0,0,0,0,0	13	0
177823	93	245	83	54	54	7	3	0	364	2	18	606	339	0	13	0	0	539	0,0,0,0,0,0	24875	0	81	734	0	0	931,931,931,931,931,931,931	0	3	360,0,0,0,0,0,0	14	0
177738	115	258	102	55	58	7	4	0	383	2	24	650	267	1	17	0	0	599	0,0,0,0,0,0	12656	0	102	837	0	0	1021,1021,1021,1021,1021,1021,1021	0	9	463,0,0,0,0,0,0	16	0
177652	123	280	116	58	69	10	3	0	401	3	31	652	248	0	27	0	0	659	0,0,0,0,0,0	12898	0	105	941	1	0	1115,1115,1115,1113,1113,1113,1113	0	8	568,0,0,0,0,0,0	17	0
177556	140	281	155	59	69	10	3	0	434	3	36	620	277	1	30	0	0	717	0,0,0,0,0,0	12885	0	115	1056	1	0	1221,1220,1220,1217,1217,1217,1217	0	6	683,0,0,0,0,0,0	22	0
177453	164	286	160	71	73	13	6	0	478	3	39	643	163	0	23	0	0	773	0,0,0,0,0,0	12939	0	116	1173	1	0	1330,1329,1329,1325,1325,1325,1325	0	16	800,0,0,0,0,0,0	23	0
177361	182	303	164	75	81	16	7	0	508	3	46	660	247	1	36	0	0	828	0,0,0,0,0,0	13069	0	118	1289	3	0	1436,1434,1434,1427,1427,1427,1427	0	16	918,0,0,0,0,0,0	31	0
177278	184	323	166	76	80	14	7	0	564	4	50	702	305	1	30	0	0	850	0,0,0,0,0,0	25001	0	114	1402	4	0	1536,1534,1534,1523,1523,1523,1523	0	5	1032,0,0,0,0,0,0	37	0
177183	170	377	170	72	84	17	9	0	604	4	56	699	268	0	35	0	0	899	0,0,0,0,0,0	24978	0	127	1525	8	0	1646,1643,1643,1630,1630,1630,1630	0	7	1159,0,0,0,0,0,0	50	0
177051	186	412	191	78	85	16	10	0	654	4	59	664	268	2	36	0	0	978	0,0,0,0,0,0	12870	0	158	1685	8	0	1797,1792,1792,1776,1776,1776,1776	0	23	1319,0,0,0,0,0,0	56	0
176924	205	427	212	86	94	17	12	0	703	4	62	699	243	1	32	0	0	1053	0,0,0,0,0,0	12791	0	154	1838	10	0	1939,1933,1933,1912,1912,1912,1912	1	17	1474,0,0,0,0,0,0	47	0
176775	241	431	227	103	102	15	13	0	769	5	65	715	253	0	37	0	0	1132	0,0,0,0,0,0	12930	0	178	2015	11	0	2110,2103,2103,2075,2075,2075,2075	1	20	1652,0,0,0,0,0,0	46	0
176614	257	469	234	123	115	16	13	0	831	6	68	684	250	1	49	0	0	1227	0,0,0,0,0,0	13107	0	196	2212	11	0	2298,2288,2288,2252,2252,2252,2252	1	21	1849,0,0,0,0,0,0	48	0
176457	266	501	268	133	129	20	12	1	881	6	72	702	230	0	60	0	0	1329	0,0,0,0,0,0	12996	0	198	2408	13	0	2488,2475,2475,2429,2429,2429,2429	1	25	2046,0,0,0,0,0,0	48	0
176305	295	518	271	148	126	23	14	1	963	6	76	677	95	0	48	0	0	1395	0,0,0,0,0,0	24977	0	197	2607	13	0	2680,2663,2663,2605,2605,2605,2605	1	15	2245,0,0,0,0,0,0	52	0
176166	301	532	290	141	142	31	18	1	1036	6	82	671	250	2	49	0	0	1455	0,0,0,0,0,0	24966	0	184	2790	15	0	2860,2839,2839,2766,2766,2766,2766	1	11	2430,0,0,0,0,0,0	66	0
176019	295	558	325	143	154	30	16	1	1111	8	86	678	312	3	78	0	0	1521	0,0,0,0,0,0	13183	0	196	2985	18	0	3047,3023,3023,2935,2935,2935,2935	1	23	2628,0,0,0,0,0,0	73	0
175840	331	604	331	142	150	33	15	1	1201	9	89	675	247	0	46	0	0	1606	0,0,0,0,0,0	13016	0	233	3217	20	0	3273,3243,3243,3140,3140,3140,3140	1	32	2861,0,0,0,0,0,0	62	0
175660	354	635	349	154	173	34	16	2	1267	9	93	661	275	3	62	0	0	1715	0,0,0,0,0,0	13061	0	248	3465	21	0	3512,3476,3476,3352,3352,3352,3352	1	25	3110,0,0,0,0,0,0	71	0
175438	392	699	374	161	176	33	14	4	1350	9	96	645	252	2	74	0	0	1849	0,0,0,0,0,0	13055	0	295	3760	22	0	3794,3753,3753,3607,3607,3607,3607	1	30	3406,0,0,0,0,0,0	75	0
175196	446	732	377	188	186	35	14	4	1455	12	101	641	241	3	69	0	0	1978	0,0,0,0,0,0	12940	0	312	4073	24	0	4101,4053,4053,3884,3884,3884,3884	2	35	3719,0,0,0,0,0,0	77	0
175024	454	776	402	188	185	36	14	6	1547	13	101	613	328	5	70	0	0	2055	0,0,0,0,0,0	24727	0	254	4327	24	0	4341,4287,4287,4093,4093,4093,4093	2	20	3973,0,0,0,0,0,0	77	0
174845	442	821	441	203	198	34	17	6	1621	14	104	603	244	2	63	0	0	2156	0,0,0,0,0,0	24961	0	262	4590	25	0	4590,4529,4529,4311,4311,4311,4311	2	20	4236,0,0,0,0,0,0	94	0
174577	477	935	456	207	198	35	20	6	1712	14	109	617	316	5	100	0	0	2328	0,0,0,0,0,0	12805	0	373	4964	25	0	4954,4883,4883,4630,4630,4630,4630	2	40	4610,0,0,0,0,0,0	92	0
174316	509	961	515	223	210	42	27	4	1808	14	117	609	271	3	86	0	0	2487	0,0,0,0,0,0	12889	0	364	5331	25	0	5309,5229,5229,4942,4942,4942,4942	2	32	4977,0,0,0,0,0,0	89	0
174018	578	968	562	257	246	41	27	5	1907	16	121	591	225	4	94	0	0	2679	0,0,0,0,0,0	12958	0	393	5724	26	0	5694,5605,5605,5286,5286,5286,5286	2	43	5370,0,0,0,0,0,0	97	0
173685	612	1100	583	270	259	48	29	4	2017	18	121	589	259	8	115	0	0	2901	0,0,0,0,0,0	12883	0	452	6175	29	0	6132,6032,6032,5674,5674,5674,5674	2	51	5822,0,0,0,0,0,0	98	0
173326	661	1181	619	268	284	51	28	5	2180	20	123	557	313	3	125	0	0	3092	0,0,0,0,0,0	13133	0	462	6635	31	0	6585,6475,6475,6081,6081,6081,6081	3	51	6282,0,0,0,0,0,0	104	0
173038	681	1249	654	298	326	54	29	5	2263	23	126	581	236	4	86	0	0	3291	0,0,0,0,0,0	24733	0	423	7056	34	0	6994,6872,6872,6433,6433,6433,6433	3	37	6704,0,0,0,0,0,0	110	0
172747	664	1269	728	318	345	59	32	3	2424	24	133	541	291	7	125	0	0	3415	0,0,0,0,0,0	24933	0	411	7465	38	0	7395,7261,7261,6781,6781,6781,6781	3	40	7114,0,0,0,0,0,0	122	0
172335	711	1394	737	347	371	70	32	3	2580	27	139	542	259	4	146	0	0	3662	0,0,0,0,0,0	13154	0	560	8024	40	0	7947,7798,7798,7266,7266,7266,7266	3	54	7673,0,0,0,0,0,0	126	0
171934	804	1483	749	350	392	79	35	3	2746	28	143	558	254	6	157	0	0	3892	0,0,0,0,0,0	12983	0	568	8590	43	0	8497,8333,8333,7744,7744,7744,7744	3	63	8240,0,0,0,0,0,0	143	0
171468	857	1571	816	375	403	82	36	4	2956	30	148	547	336	12	163	0	0	4140	0,0,0,0,0,0	13133	0	614	9205	47	0	9101,8923,8923,8282,8282,8282,8282	4	54	8855,0,0,0,0,0,0	151	0
170996	926	1647	919	399	422	85	42	5	3121	31	153	526	309	5	169	0	0	4440	0,0,0,0,0,0	13095	0	634	9839	50	0	9723,9529,9529,8831,8831,8831,8831	4	59	9490,0,0,0,0,0,0	154	0
170523	980	1774	955	429	424	91	46	5	3333	31	155	539	242	4	154	0	0	4699	0,0,0,0,0,0	13113	0	674	10511	54	0	10383,10168,10168,9400,9400,9400,9400	4	58	10163,0,0,0,0,0,0	172	0
170080	960	1879	987	458	456	96	46	5	3582	36	161	507	342	6	155	0	0	4882	0,0,0,0,0,0	25206	0	612	11119	59	0	10981,10751,10751,9924,9924,9924,9924	4	57	10771,0,0,0,0,0,0	176	0
169643	963	1956	1059	474	497	107	48	5	3793	39	162	516	252	11	167	0	0	5104	0,0,0,0,0,0	24895	0	664	11784	63	0	11631,11378,11378,10470,10470,10470,10470	4	51	11436,0,0,0,0,0,0	193	0
169044	1058	2078	1135	520	522	113	49	8	4014	40	165	523	308	6	214	0	0	5475	0,0,0,0,0,0	13242	0	836	12620	65	0	12454,12177,12177,11184,11184,11184,11184	5	87	12273,0,0,0,0,0,0	198	0
168459	1173	2138	1180	538	561	121	54	9	4301	41	171	500	311	17	217	0	0	5765	0,0,0,0,0,0	13159	0	804	13426	70	0	13249,12950,12950,11875,11875,11875,11875	5	81	13080,0,0,0,0,0,0	206	0
167873	1231	2277	1229	578	561	125	65	11	4581	42	173	468	325	9	227	0	0	6066	0,0,0,0,0,0	13225	0	837	14265	73	0	14071,13747,13747,12581,12581,12581,12581	5	83	13920,0,0,0,0,0,0	218	0
167226	1322	2391	1318	604	559	137	71	11	4886	46	175	473	304	14	229	0	0	6402	0,0,0,0,0,0	13301	0	894	15159	79	0	14951,14602,14602,13347,13347,13347,13347	6	86	14816,0,0,0,0,0,0	229	0
166566	1349	2510	1428	603	589	159	73	13	5226	50	180	418	335	11	231	0	0	6711	0,0,0,0,0,0	13169	0	910	16073	83	0	15851,15477,15477,14129,14129,14129,14129	6	78	15730,0,0,0,0,0,0	250	0
165984	1361	2593	1509	664	589	162	75	14	5558	56	181	419	291	13	210	0	0	6953	0,0,0,0,0,0	25031	0	852	16927	87	0	16688,16287,16287,14841,14841,14841,14841	6	51	16584,0,0,0,0,0,0	259	0
165461	1340	2663	1524	717	619	164	78	15	5922	59	184	411	325	11	232	0	0	7105	0,0,0,0,0,0	24922	0	835	17764	91	0	17508,17075,17075,15516,15516,15516,15516	6	60	17422,0,0,0,0,0,0	291	0
164687	1429	2880	1558	707	646	168	82	15	6323	64	187	386	341	12	279	0	0	7470	0,0,0,0,0,0	13170	0	1082	18851	96	0	18578,18113,18113,16440,16440,16440,16440	6	111	18511,0,0,0,0,0,0	282	0
163932	1601	2930	1657	721	719	171	93	14	6650	68	190	375	299	10	274	0	0	7892	0,0,0,0,0,0	13224	0	1109	19956	104	0	19661,19161,19161,17362,17362,17362,17362	6	95	19616,0,0,0,0,0,0	291	0
163296	1636	2997	1767	729	780	174	99	13	6986	74	195	352	315	15	278	0	0	8182	0,0,0,0,0,0	28606	0	1008	20962	110	0	20646,20109,20109,18175,18175,18175,18175	6	74	20623,0,0,0,0,0,0	310	0
162687	1637	3151	1795	782	802	188	109	15	7307	76	197	327	328	16	263	0	0	8464	0,0,0,0,0,0	28856	0	1036	21995	116	0	21654,21074,21074,18986,18986,18986,18986	7	91	21657,0,0,0,0,0,0	320	0
162059	1635	3207	1887	832	860	188	118	15	7670	77	198	321	344	11	285	0	0	8727	0,0,0,0,0,0	28707	0	1024	23017	124	0	22652,22033,22033,19801,19801,19801,19801	7	95	22681,0,0,0,0,0,0	331	0
161571	1597	3188	1970	853	926	204	113	15	8022	86	201	318	339	19	265	0	0	8851	0,0,0,0,0,0	42724	0	920	23945	126	0	23555,22892,22892,20500,20500,20500,20500	7	67	23609,0,0,0,0,0,0	335	0
161070	1560	3157	2008	909	928	223	119	14	8466	90	202	293	289	13	304	0	0	8904	0,0,0,0,0,0	42754	0	944	24887	135	0	24470,23763,23763,21211,21211,21211,21211	7	77	24551,0,0,0,0,0,0	370	0
160584	1516	3208	2100	920	930	228	121	18	8820	96	205	279	314	20	360	0	0	9023	0,0,0,0,0,0	28833	0	999	25883	140	0	25437,24678,24678,21941,21941,21941,21941	7	100	25547,0,0,0,0,0,0	365	0
