S	E	I1	I2	I3	I4	I5_h	I6_h	R_h	R	D1	D2	H	T	P1	P2	Q	QT	NQ	MUT	HOM	VAC	NI	INF	REINF	BSTR	IMM	HCI	HCE	INFV	INFH	VNI
178100	111	119	52	41	40	13	5	0	265	0	0	207	0	0	0	0	0	381	0,0,0,0,0,0	178746	0	0	381	0	0	646,646,646,646,646,646,646	0	0	0,0,0,0,0,0,0	0	0
178040	90	164	57	37	44	16	4	1	288	0	5	324	317	0	85	0	0	412	0,0,0,0,0,0	12397	0	62	444	0	0	706,706,706,706,706,706,706	0	8	63,0,0,0,0,0,0	18	0
177978	90	197	62	39	39	17	4	1	310	0	9	416	241	0	14	0	0	448	0,0,0,0,0,0	12721	0	73	517	0	0	768,768,768,768,768,768,768	0	7	136,0,0,0,0,0,0	21	0
177913	103	213	71	42	49	17	5	1	321	0	11	489	95	0	8	0	0	500	0,0,0,0,0,0	12782	0	82	599	0	0	835,835,835,835,835,835,835	0	3	218,0,0,0,0,0,0	21	0
177840	116	215	84	46	57	17	6	1	350	0	14	527	262	2	21	0	0	541	0,0,0,0,0,0	24639	0	80	680	0	0	910,910,910,910,910,910,910	0	9	299,0,0,0,0,0,0	32	0
177765	133	230	91	52	51	18	6	1	382	0	17	595	339	1	27	0	0	581	0,0,0,0,0,0	24909	0	91	770	1	0	987,987,987,987,987,987,987	0	6	390,0,0,0,0,0,0	34	0
177680	139	251	110	62	59	15	6	1	400	0	23	641	97	2	20	0	0	642	0,0,0,0,0,0	12669	0	106	876	1	0	1076,1076,1076,1076,1076,1076,1076	0	10	496,0,0,0,0,0,0	35	0
177580	140	292	120	61	70	18	6	1	429	0	29	642	97	0	27	0	0	707	0,0,0,0,0,0	12897	0	114	991	1	0	1180,1180,1180,1179,1179,1179,1179	0	10	611,0,0,0,0,0,0	37	0
177468	160	315	143	67	75	18	6	1	459	0	34	596	332	1	38	0	0	784	0,0,0,0,0,0	12871	0	131	1122	1	0	1300,1300,1300,1299,1299,1299,1299	0	13	742,0,0,0,0,0,0	42	0
177361	187	326	172	82	70	18	6	1	485	0	38	627	283	2	31	0	0	861	0,0,0,0,0,0	12922	0	137	1258	2	0	1420,1419,1419,1415,1415,1415,1415	0	10	879,0,0,0,0,0,0	34	0
177257	194	341	194	99	77	19	4	1	513	2	45	642	244	0	31	0	0	928	0,0,0,0,0,0	13056	0	126	1384	2	0	1534,1532,1532,1528,1528,1528,1528	0	18	1005,0,0,0,0,0,0	37	0
177151	194	390	197	92	79	22	5	1	563	2	50	686	92	1	28	0	0	979	0,0,0,0,0,0	25003	0	139	1522	3	0	1657,1654,1654,1646,1646,1646,1646	0	12	1144,0,0,0,0,0,0	43	0
177072	183	408	206	103	81	23	4	2	605	3	56	688	270	0	36	0	0	1008	0,0,0,0,0,0	25025	0	122	1642	5	0	1757,1753,1753,1741,1741,1741,1741	1	14	1266,0,0,0,0,0,0	50	0
176945	211	425	229	104	98	25	7	2	638	3	59	663	268	0	41	0	0	1099	0,0,0,0,0,0	12909	0	170	1811	7	0	1910,1905,1905,1885,1885,1885,1885	1	25	1437,0,0,0,0,0,0	57	0
176798	239	431	269	117	106	26	8	2	684	3	63	696	246	0	45	0	0	1196	0,0,0,0,0,0	12814	0	178	1988	8	0	2078,2071,2071,2046,2046,2046,2046	1	29	1615,0,0,0,0,0,0	62	0
176625	285	457	278	123	102	26	8	2	769	4	67	716	252	1	38	0	0	1279	0,0,0,0,0,0	12958	0	212	2194	14	0	2278,2268,2268,2234,2234,2234,2234	1	25	1826,0,0,0,0,0,0	60	0
176447	299	511	278	137	112	26	8	2	852	5	69	686	242	2	44	0	0	1371	0,0,0,0,0,0	13119	0	218	2408	18	0	2481,2469,2469,2427,2427,2427,2427	1	22	2043,0,0,0,0,0,0	55	0
176251	308	567	291	153	124	27	8	2	938	5	72	702	225	0	58	0	0	1478	0,0,0,0,0,0	12978	0	231	2639	19	0	2704,2689,2689,2638,2638,2638,2638	1	26	2275,0,0,0,0,0,0	58	0
176103	336	578	306	156	128	24	9	2	1023	5	76	686	260	3	62	0	0	1537	0,0,0,0,0,0	24973	0	206	2844	20	0	2898,2879,2879,2813,2813,2813,2813	1	17	2480,0,0,0,0,0,0	67	0
175927	353	589	324	171	149	30	11	1	1104	6	81	683	248	2	46	0	0	1627	0,0,0,0,0,0	24941	0	226	3069	21	0	3118,3095,3095,3013,3013,3013,3013	1	15	2705,0,0,0,0,0,0	73	0
175746	355	663	344	176	160	30	13	2	1164	7	86	692	248	3	79	0	0	1741	0,0,0,0,0,0	13233	0	258	3324	24	0	3357,3329,3329,3227,3227,3227,3227	1	28	2962,0,0,0,0,0,0	74	0
175521	395	717	376	169	158	32	13	2	1264	9	90	687	254	2	63	0	0	1860	0,0,0,0,0,0	13022	0	286	3610	24	0	3633,3600,3600,3480,3480,3480,3480	2	37	3248,0,0,0,0,0,0	70	0
175325	402	765	404	177	163	33	13	3	1357	9	95	676	273	2	70	0	0	1957	0,0,0,0,0,0	13039	0	271	3880	26	0	3892,3853,3853,3713,3713,3713,3713	2	32	3518,0,0,0,0,0,0	82	0
175076	430	836	432	186	171	32	15	4	1457	9	98	653	248	5	65	0	0	2102	0,0,0,0,0,0	13069	0	316	4197	27	0	4202,4157,4157,3995,3995,3995,3995	2	41	3836,0,0,0,0,0,0	78	0
174807	487	873	444	203	187	33	20	4	1575	11	102	639	247	1	70	0	0	2247	0,0,0,0,0,0	12960	0	338	4539	27	0	4537,4485,4485,4300,4300,4300,4300	2	41	4178,0,0,0,0,0,0	77	0
174577	500	920	486	209	212	35	22	4	1668	11	102	622	323	3	82	0	0	2384	0,0,0,0,0,0	24759	0	325	4864	27	0	4848,4788,4788,4574,4574,4574,4574	2	26	4503,0,0,0,0,0,0	88	0
174372	498	980	509	231	230	35	25	2	1746	12	106	607	244	2	78	0	0	2508	0,0,0,0,0,0	25013	0	311	5175	28	0	5146,5077,5077,4829,4829,4829,4829	2	27	4814,0,0,0,0,0,0	100	0
174051	556	1046	524	250	234	40	34	2	1885	12	112	617	330	4	114	0	0	2684	0,0,0,0,0,0	12855	0	410	5588	28	0	5555,5476,5476,5196,5196,5196,5196	2	52	5227,0,0,0,0,0,0	98	0
173702	620	1107	571	271	235	51	36	1	2018	13	121	612	321	5	106	0	0	2891	0,0,0,0,0,0	13051	0	465	6052	30	0	6012,5922,5922,5601,5601,5601,5601	3	51	5692,0,0,0,0,0,0	117	0
173356	663	1155	620	316	271	50	35	2	2140	14	124	597	224	7	114	0	0	3110	0,0,0,0,0,0	12992	0	460	6513	30	0	6460,6359,6359,6000,6000,6000,6000	3	50	6153,0,0,0,0,0,0	128	0
172988	695	1248	646	332	301	59	36	3	2297	17	124	609	315	10	135	0	0	3317	0,0,0,0,0,0	12953	0	483	6997	30	0	6935,6823,6823,6424,6424,6424,6424	3	54	6637,0,0,0,0,0,0	131	0
172595	766	1323	696	336	327	58	39	4	2456	19	127	559	317	11	157	0	0	3545	0,0,0,0,0,0	13160	0	530	7523	34	0	7450,7326,7326,6881,6881,6881,6881	3	64	7163,0,0,0,0,0,0	137	0
172270	774	1412	722	347	358	62	41	4	2603	25	128	587	243	6	115	0	0	3716	0,0,0,0,0,0	24803	0	472	7994	38	0	7909,7771,7771,7276,7276,7276,7276	4	47	7635,0,0,0,0,0,0	145	0
171945	736	1433	801	353	409	67	41	5	2794	28	134	560	287	7	121	0	0	3840	0,0,0,0,0,0	24984	0	454	8448	41	0	8359,8207,8207,7666,7666,7666,7666	4	37	8090,0,0,0,0,0,0	160	0
171440	817	1604	812	387	413	74	43	5	2981	30	140	547	255	7	173	0	0	4150	0,0,0,0,0,0	13164	0	675	9124	42	0	9025,8857,8857,8255,8255,8255,8255	4	65	8766,0,0,0,0,0,0	156	0
170991	905	1662	870	387	470	82	43	6	3156	30	144	565	259	8	160	0	0	4419	0,0,0,0,0,0	12986	0	620	9746	43	0	9633,9448,9448,8785,8785,8785,8785	4	56	9389,0,0,0,0,0,0	167	0
170522	970	1757	931	413	467	85	47	7	3368	31	148	554	251	10	178	0	0	4670	0,0,0,0,0,0	13151	0	666	10414	44	0	10286,10082,10082,9350,9350,9350,9350	4	65	10057,0,0,0,0,0,0	168	0
170007	1046	1841	1022	409	505	89	55	6	3580	34	152	536	325	5	191	0	0	4967	0,0,0,0,0,0	13186	0	703	11117	47	0	10977,10754,10754,9956,9956,9956,9956	4	59	10761,0,0,0,0,0,0	176	0
169446	1139	1984	1032	453	512	95	57	6	3831	37	154	552	236	4	172	0	0	5272	0,0,0,0,0,0	13130	0	774	11891	50	0	11737,11493,11493,10620,10620,10620,10620	4	63	11536,0,0,0,0,0,0	192	0
168970	1137	2090	1061	471	547	93	58	6	4116	38	159	517	330	7	175	0	0	5457	0,0,0,0,0,0	25279	0	674	12568	51	0	12406,12142,12142,11194,11194,11194,11194	4	44	12213,0,0,0,0,0,0	199	0
168477	1107	2215	1117	520	572	107	60	5	4365	41	160	513	322	10	187	0	0	5698	0,0,0,0,0,0	24876	0	723	13293	57	0	13114,12828,12828,11799,11799,11799,11799	4	54	12938,0,0,0,0,0,0	217	0
167847	1212	2335	1216	549	614	117	64	7	4576	44	165	499	311	9	241	0	0	6107	0,0,0,0,0,0	13241	0	908	14199	62	0	14004,13690,13690,12563,12563,12563,12563	5	93	13844,0,0,0,0,0,0	211	0
167186	1316	2409	1310	571	644	120	67	8	4899	46	170	497	306	18	211	0	0	6437	0,0,0,0,0,0	13183	0	909	15108	66	0	14894,14556,14556,13341,13341,13341,13341	5	92	14754,0,0,0,0,0,0	224	0
166507	1397	2580	1381	580	645	137	75	10	5213	49	172	460	334	10	258	0	0	6795	0,0,0,0,0,0	13261	0	960	16068	74	0	15836,15470,15470,14155,14155,14155,14155	6	77	15714,0,0,0,0,0,0	239	0
165796	1503	2720	1448	614	681	147	82	8	5515	57	175	476	304	10	247	0	0	7195	0,0,0,0,0,0	13256	0	1006	17080	76	0	16831,16434,16434,15010,15010,15010,15010	6	87	16726,0,0,0,0,0,0	255	0
165068	1504	2888	1538	652	683	156	81	9	5924	62	181	436	340	15	273	0	0	7502	0,0,0,0,0,0	13188	0	1005	18090	77	0	17827,17402,17402,15874,15874,15874,15874	6	91	17737,0,0,0,0,0,0	265	0
164462	1526	2939	1618	737	723	159	86	7	6239	66	184	428	300	15	243	0	0	7788	0,0,0,0,0,0	25150	0	942	19033	83	0	18751,18292,18292,16642,16642,16642,16642	6	49	18680,0,0,0,0,0,0	278	0
163895	1479	2999	1723	768	755	164	91	10	6604	69	189	425	323	7	262	0	0	7979	0,0,0,0,0,0	25084	0	934	19967	88	0	19665,19169,19169,17387,17387,17387,17387	6	58	19614,0,0,0,0,0,0	281	0
163006	1592	3184	1798	788	793	169	92	14	7044	74	192	389	342	17	333	0	0	8416	0,0,0,0,0,0	13282	0	1213	21181	96	0	20862,20333,20333,18431,18431,18431,18431	6	116	20831,0,0,0,0,0,0	294	0
162207	1748	3251	1890	818	864	177	101	14	7406	76	194	377	308	16	323	0	0	8849	0,0,0,0,0,0	13270	0	1212	22392	106	0	22046,21476,21476,19425,19425,19425,19425	7	100	22042,0,0,0,0,0,0	295	0
161498	1798	3265	1997	859	930	180	102	15	7818	84	200	367	313	14	310	0	0	9131	0,0,0,0,0,0	28675	0	1120	23517	112	0	23147,22536,22536,20333,20333,20333,20333	7	98	23169,0,0,0,0,0,0	310	0
160811	1808	3395	2077	898	959	195	108	16	8188	89	202	326	340	12	310	0	0	9440	0,0,0,0,0,0	28893	0	1160	24668	124	0	24270,23612,23612,21241,21241,21241,21241	7	101	24322,0,0,0,0,0,0	324	0
160096	1836	3467	2151	947	987	207	116	16	8628	92	203	312	339	19	357	0	0	9711	0,0,0,0,0,0	28645	0	1176	25843	134	0	25416,24712,24712,22175,22175,22175,22175	8	110	25498,0,0,0,0,0,0	330	0
159638	1796	3413	2223	967	1015	219	116	18	9034	101	206	301	281	19	326	0	0	9749	0,0,0,0,0,0	42825	0	962	26805	143	0	26350,25596,25596,22874,22874,22874,22874	8	70	26462,0,0,0,0,0,0	350	0
159161	1707	3418	2249	997	1010	233	126	16	9518	104	207	266	356	21	338	0	0	9740	0,0,0,0,0,0	42644	0	1005	27803	156	0	27318,26511,26511,23600,23600,23600,23600	8	72	27461,0,0,0,0,0,0	391	0
158677	1667	3434	2320	1009	998	243	127	20	9930	111	210	256	320	14	378	0	0	9798	0,0,0,0,0,0	28864	0	1060	28853	168	0	28336,27472,27472,24354,24354,24354,24354	8	109	28515,0,0,0,0,0,0	376	0
