S	E	I1	I2	I3	I4	I5_h	I6_h	R_h	R	D1	D2	H	T	P1	P2	Q	QT	NQ	MUT	HOM	VAC	NI	INF	REINF	BSTR	IMM	HCI	HCE	INFV	INFH	VNI
178093	105	132	48	61	42	6	2	0	255	2	0	212	0	0	0	0	0	396	0,0,0,0,0,0	178744	0	0	396	0	0	653,653,653,653,653,653,653	0	0	0,0,0,0,0,0,0	0	0
178029	91	170	57	60	45	10	2	0	275	2	5	331	324	2	85	0	0	435	0,0,0,0,0,0	12400	0	68	465	0	0	717,717,717,717,717,717,717	0	7	69,0,0,0,0,0,0	9	0
177971	96	180	78	61	43	12	3	1	290	2	9	424	242	1	15	0	0	473	0,0,0,0,0,0	12710	0	70	536	0	0	776,776,776,776,776,776,776	0	7	140,0,0,0,0,0,0	13	0
177918	105	196	87	52	46	12	3	1	313	2	11	496	256	0	14	0	0	501	0,0,0,0,0,0	12797	0	70	606	0	0	830,830,830,830,830,830,830	0	11	210,0,0,0,0,0,0	13	0
177844	111	228	87	60	44	12	4	0	340	2	14	533	263	3	17	0	0	546	0,0,0,0,0,0	24676	0	88	695	0	0	907,907,907,907,907,907,907	0	8	299,0,0,0,0,0,0	22	0
177773	123	236	97	58	47	13	3	0	376	3	17	607	96	1	14	0	0	577	0,0,0,0,0,0	24862	0	85	780	0	0	982,982,982,981,981,981,981	0	5	384,0,0,0,0,0,0	20	0
177692	139	251	107	60	49	12	3	0	407	3	23	652	266	1	22	0	0	621	0,0,0,0,0,0	12657	0	100	880	0	0	1070,1070,1070,1069,1069,1069,1069	0	5	484,0,0,0,0,0,0	22	0
177604	136	281	123	54	59	11	4	0	442	3	29	652	246	0	28	0	0	668	0,0,0,0,0,0	12924	0	99	980	0	0	1164,1164,1164,1162,1162,1162,1162	0	15	584,0,0,0,0,0,0	21	0
177509	141	327	143	50	64	13	4	0	457	3	35	614	275	3	23	0	0	742	0,0,0,0,0,0	12866	0	123	1103	1	0	1272,1271,1271,1267,1267,1267,1267	0	9	708,0,0,0,0,0,0	21	0
177398	176	311	152	67	86	12	4	0	499	3	38	641	284	0	22	0	0	808	0,0,0,0,0,0	12914	0	131	1234	1	0	1394,1392,1392,1387,1387,1387,1387	0	16	839,0,0,0,0,0,0	22	0
177284	196	314	172	80	92	10	6	1	543	3	45	659	241	1	37	0	0	870	0,0,0,0,0,0	13064	0	125	1360	1	0	1517,1515,1515,1507,1507,1507,1507	0	15	965,0,0,0,0,0,0	22	0
177205	188	349	179	80	87	11	9	1	583	3	51	699	249	2	37	0	0	903	0,0,0,0,0,0	25051	0	113	1473	2	0	1614,1611,1611,1601,1601,1601,1601	0	6	1079,0,0,0,0,0,0	29	0
177103	168	379	198	84	92	14	9	1	637	4	57	703	272	2	36	0	0	944	0,0,0,0,0,0	25020	0	119	1590	4	0	1726,1722,1722,1710,1710,1710,1710	0	7	1198,0,0,0,0,0,0	39	0
176977	193	410	210	84	97	18	9	1	683	4	60	663	328	0	39	0	0	1021	0,0,0,0,0,0	12902	0	159	1749	5	0	1876,1870,1870,1851,1851,1851,1851	1	21	1358,0,0,0,0,0,0	48	0
176865	204	436	213	102	100	18	8	2	730	4	64	702	290	0	37	0	0	1081	0,0,0,0,0,0	12800	0	149	1900	5	0	2013,2005,2005,1980,1980,1980,1980	1	18	1509,0,0,0,0,0,0	50	0
176702	251	433	249	112	105	17	9	2	795	4	67	719	257	0	49	0	0	1176	0,0,0,0,0,0	12952	0	196	2094	7	0	2198,2189,2189,2157,2157,2157,2157	1	20	1705,0,0,0,0,0,0	49	0
176531	273	486	263	125	110	18	12	3	851	4	70	693	299	2	36	0	0	1287	0,0,0,0,0,0	13124	0	215	2309	8	0	2401,2389,2389,2346,2346,2346,2346	1	21	1921,0,0,0,0,0,0	54	0
176358	295	535	295	138	112	18	10	4	904	5	72	709	260	1	52	0	0	1403	0,0,0,0,0,0	12980	0	234	2543	8	0	2617,2601,2601,2545,2545,2545,2545	1	16	2155,0,0,0,0,0,0	54	0
176231	307	550	307	146	127	22	12	4	959	5	76	687	257	5	51	0	0	1471	0,0,0,0,0,0	24985	0	200	2743	8	0	2800,2779,2779,2707,2707,2707,2707	1	10	2355,0,0,0,0,0,0	63	0
176104	311	579	323	146	131	24	14	2	1024	6	82	680	247	2	43	0	0	1528	0,0,0,0,0,0	24972	0	183	2926	9	0	2971,2946,2946,2858,2858,2858,2858	1	12	2539,0,0,0,0,0,0	75	0
175910	323	617	359	155	152	22	14	2	1098	8	86	696	252	2	76	0	0	1642	0,0,0,0,0,0	13166	0	241	3165	12	0	3201,3173,3173,3072,3072,3072,3072	1	24	2780,0,0,0,0,0,0	76	0
175717	372	629	368	154	158	24	14	2	1209	9	90	688	285	2	66	0	0	1719	0,0,0,0,0,0	13018	0	254	3416	16	0	3441,3408,3408,3291,3291,3291,3291	1	33	3033,0,0,0,0,0,0	74	0
175497	389	693	394	166	179	27	14	2	1282	9	94	678	278	3	65	0	0	1862	0,0,0,0,0,0	13066	0	285	3700	18	0	3718,3680,3680,3542,3542,3542,3542	1	32	3318,0,0,0,0,0,0	75	0
175247	432	758	423	183	183	23	15	2	1374	9	97	659	324	6	83	0	0	2017	0,0,0,0,0,0	13057	0	317	4017	20	0	4027,3983,3983,3824,3824,3824,3824	1	32	3637,0,0,0,0,0,0	73	0
174962	499	799	436	201	191	23	17	2	1504	10	102	658	248	4	68	0	0	2166	0,0,0,0,0,0	12959	0	338	4357	21	0	4358,4309,4309,4135,4135,4135,4135	1	30	3978,0,0,0,0,0,0	79	0
174753	507	836	449	203	196	25	17	3	1645	10	102	629	276	5	69	0	0	2233	0,0,0,0,0,0	24702	0	285	4642	22	0	4628,4573,4573,4377,4377,4377,4377	1	19	4264,0,0,0,0,0,0	78	0
174541	478	915	485	212	214	28	17	3	1736	12	105	618	253	6	73	0	0	2349	0,0,0,0,0,0	24957	0	297	4935	26	0	4916,4853,4853,4630,4630,4630,4630	2	31	4557,0,0,0,0,0,0	92	0
174254	503	1010	518	226	216	30	20	3	1843	13	110	641	324	7	104	0	0	2523	0,0,0,0,0,0	12834	0	385	5321	26	0	5293,5222,5222,4966,4966,4966,4966	2	42	4943,0,0,0,0,0,0	93	0
173921	577	1035	570	264	233	33	24	2	1956	14	117	632	271	4	90	0	0	2736	0,0,0,0,0,0	12979	0	441	5762	27	0	5723,5641,5641,5349,5349,5349,5349	2	35	5384,0,0,0,0,0,0	94	0
173599	630	1071	583	303	260	36	24	2	2099	18	121	611	218	3	113	0	0	2907	0,0,0,0,0,0	13023	0	423	6187	28	0	6141,6049,6049,5722,5722,5722,5722	2	33	5809,0,0,0,0,0,0	93	0
173238	663	1204	619	300	276	42	27	1	2237	18	121	611	315	9	123	0	0	3131	0,0,0,0,0,0	12890	0	478	6668	28	0	6612,6508,6508,6140,6140,6140,6140	2	43	6290,0,0,0,0,0,0	104	0
172863	713	1304	672	284	306	46	29	2	2385	19	123	574	311	6	133	0	0	3354	0,0,0,0,0,0	13160	0	503	7170	30	0	7100,6985,6985,6575,6575,6575,6575	3	58	6792,0,0,0,0,0,0	114	0
172529	693	1391	693	311	339	48	35	2	2558	22	125	604	229	8	100	0	0	3510	0,0,0,0,0,0	24717	0	441	7610	32	0	7532,7407,7407,6960,6960,6960,6960	3	34	7232,0,0,0,0,0,0	120	0
172212	673	1403	794	331	373	58	37	2	2707	23	133	578	296	4	116	0	0	3669	0,0,0,0,0,0	24934	0	450	8058	36	0	7972,7834,7834,7342,7342,7342,7342	3	39	7682,0,0,0,0,0,0	138	0
171688	756	1579	810	356	386	62	38	5	2903	24	139	576	296	4	163	0	0	3987	0,0,0,0,0,0	13217	0	670	8730	37	0	8637,8484,8484,7939,7939,7939,7939	3	53	8354,0,0,0,0,0,0	141	0
171248	846	1634	882	381	410	67	39	5	3062	27	145	595	267	10	161	0	0	4259	0,0,0,0,0,0	12980	0	615	9348	37	0	9242,9072,9072,8464,8464,8464,8464	3	62	8972,0,0,0,0,0,0	157	0
170749	918	1716	945	409	422	68	39	5	3295	30	150	584	257	11	160	0	0	4517	0,0,0,0,0,0	13179	0	679	10028	39	0	9914,9726,9726,9051,9051,9051,9051	4	67	9654,0,0,0,0,0,0	163	0
170272	990	1802	1001	417	436	74	48	7	3513	30	156	546	320	6	178	0	0	4768	0,0,0,0,0,0	13206	0	663	10693	39	0	10569,10362,10362,9619,9619,9619,9619	4	62	10319,0,0,0,0,0,0	155	0
169753	1090	1908	1059	456	452	84	50	8	3698	30	158	553	239	6	168	0	0	5099	0,0,0,0,0,0	13109	0	757	11451	41	0	11311,11080,11080,10254,10254,10254,10254	4	61	11077,0,0,0,0,0,0	186	0
169326	1075	2001	1074	481	494	80	60	8	3951	32	164	521	337	8	174	0	0	5265	0,0,0,0,0,0	25238	0	633	12083	45	0	11929,11679,11679,10780,10780,10780,10780	4	44	11710,0,0,0,0,0,0	194	0
168875	1045	2134	1096	514	516	89	60	9	4207	36	165	525	330	12	191	0	0	5454	0,0,0,0,0,0	24849	0	692	12773	54	0	12599,12326,12326,11345,11345,11345,11345	4	53	12401,0,0,0,0,0,0	215	0
168262	1148	2271	1161	547	549	101	62	13	4427	36	169	513	300	10	223	0	0	5839	0,0,0,0,0,0	13261	0	885	13659	57	0	13469,13168,13168,12090,12090,12090,12090	5	89	13287,0,0,0,0,0,0	213	0
167596	1277	2332	1237	586	600	100	65	14	4725	38	176	494	262	13	193	0	0	6197	0,0,0,0,0,0	13164	0	904	14566	60	0	14359,14034,14034,12870,12870,12870,12870	5	85	14194,0,0,0,0,0,0	227	0
166956	1329	2472	1352	615	602	107	76	14	5006	39	178	476	285	7	253	0	0	6553	0,0,0,0,0,0	13196	0	909	15478	64	0	15255,14903,14903,13640,13640,13640,13640	5	88	15106,0,0,0,0,0,0	239	0
166284	1427	2595	1444	651	630	118	86	13	5274	44	180	477	299	13	258	0	0	6951	0,0,0,0,0,0	13262	0	980	16462	67	0	16220,15838,15838,14462,14462,14462,14462	6	89	16092,0,0,0,0,0,0	250	0
165580	1460	2729	1556	665	651	127	86	15	5644	50	183	443	345	18	272	0	0	7274	0,0,0,0,0,0	13087	0	987	17452	71	0	17193,16782,16782,15304,15304,15304,15304	6	92	17082,0,0,0,0,0,0	257	0
164998	1468	2783	1636	714	680	135	91	15	5984	58	184	450	306	11	234	0	0	7507	0,0,0,0,0,0	25099	0	893	18343	77	0	18063,17621,17621,16033,16033,16033,16033	6	55	17973,0,0,0,0,0,0	260	0
164438	1431	2879	1682	742	729	144	97	11	6344	60	189	439	325	8	261	0	0	7704	0,0,0,0,0,0	25052	0	899	19246	81	0	18948,18472,18472,16760,16760,16760,16760	6	55	18877,0,0,0,0,0,0	298	0
163572	1558	3051	1751	748	777	145	96	13	6775	67	193	418	356	16	304	0	0	8126	0,0,0,0,0,0	13205	0	1198	20439	90	0	20124,19615,19615,17783,17783,17783,17783	6	122	20073,0,0,0,0,0,0	288	0
162803	1727	3125	1841	783	832	164	107	14	7083	71	196	394	301	10	318	0	0	8579	0,0,0,0,0,0	13230	0	1189	21625	99	0	21285,20734,20734,18750,18750,18750,18750	7	109	21260,0,0,0,0,0,0	285	0
162077	1775	3215	1955	811	875	171	112	12	7467	76	200	377	317	16	306	0	0	8914	0,0,0,0,0,0	28679	0	1125	22750	104	0	22387,21796,21796,19666,19666,19666,19666	7	98	22386,0,0,0,0,0,0	314	0
161454	1764	3335	1980	889	904	181	114	13	7827	83	202	349	333	14	284	0	0	9167	0,0,0,0,0,0	28934	0	1080	23834	111	0	23443,22806,22806,20509,20509,20509,20509	8	111	23471,0,0,0,0,0,0	325	0
160742	1756	3434	2086	911	951	195	116	12	8251	89	203	330	344	19	339	0	0	9449	0,0,0,0,0,0	28648	0	1139	24973	119	0	24556,23876,23876,21424,21424,21424,21424	8	107	24611,0,0,0,0,0,0	328	0
160190	1692	3477	2158	908	965	216	111	14	8708	102	205	328	273	11	292	0	0	9527	0,0,0,0,0,0	42863	0	1004	25974	126	0	25531,24806,24806,22190,22190,22190,22190	8	75	25612,0,0,0,0,0,0	343	0
159668	1685	3444	2209	947	941	227	115	13	9186	105	206	309	333	21	327	0	0	9568	0,0,0,0,0,0	42640	0	1023	26994	134	0	26520,25745,25745,22950,22950,22950,22950	8	79	26632,0,0,0,0,0,0	381	0
159178	1627	3466	2270	988	952	231	122	17	9572	114	209	288	316	17	366	0	0	9656	0,0,0,0,0,0	28887	0	1044	28033	142	0	27527,26697,26697,23703,23703,23703,23703	8	104	27671,0,0,0,0,0,0	364	0
