S	E	I1	I2	I3	I4	I5_h	I6_h	R_h	R	D1	D2	H	T	P1	P2	Q	QT	NQ	MUT	HOM	VAC	NI	INF	REINF	BSTR	IMM	HCI	HCE	INFV	INFH	VNI
178105	124	117	53	35	40	6	5	0	260	1	0	212	0	0	0	0	0	380	0,0,0,0,0,0	178745	0	0	380	0	0	641,641,641,641,641,641,641	0	0	0,0,0,0,0,0,0	0	0
178054	93	177	56	34	42	8	6	0	270	1	5	330	317	0	63	0	0	416	0,0,0,0,0,0	12390	0	59	440	0	0	692,692,692,692,692,692,692	0	5	60,0,0,0,0,0,0	11	0
177992	95	198	68	37	43	11	5	2	285	1	9	420	292	0	12	0	0	457	0,0,0,0,0,0	12703	0	76	517	0	0	754,754,754,754,754,754,754	0	5	137,0,0,0,0,0,0	13	0
177933	101	215	81	39	46	11	4	2	301	2	11	494	254	0	21	0	0	497	0,0,0,0,0,0	12754	0	73	590	0	0	815,815,815,815,815,815,815	0	5	210,0,0,0,0,0,0	15	0
177856	108	252	86	46	43	13	4	3	319	2	14	528	320	0	18	0	0	552	0,0,0,0,0,0	24645	0	92	684	0	0	897,897,897,897,897,897,897	0	7	304,0,0,0,0,0,0	20	0
177780	125	245	108	56	51	15	4	2	341	2	17	601	276	4	16	0	0	604	0,0,0,0,0,0	24908	0	91	775	0	0	976,976,976,976,976,976,976	0	5	395,0,0,0,0,0,0	21	0
177694	134	259	120	56	65	16	6	2	369	2	23	650	268	0	28	0	0	656	0,0,0,0,0,0	12678	0	94	870	0	0	1066,1066,1066,1066,1066,1066,1066	0	5	490,0,0,0,0,0,0	28	0
177589	156	272	129	66	76	19	8	1	399	2	29	643	290	0	30	0	0	726	0,0,0,0,0,0	12935	0	126	995	2	0	1180,1180,1180,1178,1178,1178,1178	0	11	617,0,0,0,0,0,0	38	0
177463	177	312	147	69	84	18	8	3	429	2	34	600	271	3	33	0	0	815	0,0,0,0,0,0	12888	0	134	1131	2	0	1314,1313,1313,1309,1309,1309,1309	0	9	753,0,0,0,0,0,0	40	0
177343	203	321	167	80	81	18	13	2	478	2	38	630	344	0	30	0	0	883	0,0,0,0,0,0	12937	0	134	1265	2	0	1441,1439,1439,1435,1435,1435,1435	0	11	887,0,0,0,0,0,0	34	0
177205	222	357	180	84	83	20	13	2	533	2	45	649	246	0	36	0	0	959	0,0,0,0,0,0	13055	0	151	1417	2	0	1584,1583,1583,1578,1578,1578,1578	0	13	1039,0,0,0,0,0,0	41	0
177103	206	394	203	83	82	23	14	2	583	3	50	698	243	3	31	0	0	1005	0,0,0,0,0,0	25027	0	129	1545	4	0	1699,1697,1697,1689,1689,1689,1689	0	6	1169,0,0,0,0,0,0	52	0
176992	184	434	214	82	97	25	14	3	642	3	56	692	268	2	35	0	0	1050	0,0,0,0,0,0	25006	0	129	1675	5	0	1826,1823,1823,1810,1810,1810,1810	0	14	1300,0,0,0,0,0,0	61	0
176827	224	445	250	97	108	27	13	5	688	3	59	650	272	3	42	0	0	1164	0,0,0,0,0,0	12935	0	193	1868	6	0	2010,2005,2005,1989,1989,1989,1989	0	26	1494,0,0,0,0,0,0	64	0
176673	265	464	284	104	111	28	11	5	734	4	63	693	241	0	43	0	0	1267	0,0,0,0,0,0	12851	0	194	2059	9	0	2183,2177,2177,2156,2156,2156,2156	1	18	1687,0,0,0,0,0,0	64	0
176513	306	488	297	119	113	28	10	4	797	5	66	712	257	0	50	0	0	1361	0,0,0,0,0,0	12964	0	208	2267	9	0	2372,2364,2364,2335,2335,2335,2335	1	19	1895,0,0,0,0,0,0	64	0
176335	309	564	291	132	126	23	12	4	876	5	69	682	292	3	42	0	0	1457	0,0,0,0,0,0	13128	0	226	2492	11	0	2578,2567,2567,2531,2531,2531,2531	1	22	2122,0,0,0,0,0,0	63	0
176147	326	615	323	156	133	27	12	3	927	6	71	696	275	2	66	0	0	1592	0,0,0,0,0,0	13004	0	245	2736	12	0	2806,2792,2792,2743,2743,2743,2743	1	22	2367,0,0,0,0,0,0	68	0
175953	370	623	321	175	154	28	11	3	1027	6	75	670	256	3	56	0	0	1682	0,0,0,0,0,0	25007	0	243	2978	15	0	3042,3024,3024,2961,2961,2961,2961	1	17	2612,0,0,0,0,0,0	79	0
175755	388	673	329	179	158	36	13	2	1126	7	80	664	250	2	76	0	0	1776	0,0,0,0,0,0	24945	0	254	3229	18	0	3284,3262,3262,3183,3183,3183,3183	1	23	2865,0,0,0,0,0,0	88	0
175560	382	724	379	183	167	38	16	2	1203	8	84	678	248	4	74	0	0	1889	0,0,0,0,0,0	13206	0	258	3485	20	0	3527,3500,3500,3405,3405,3405,3405	1	30	3122,0,0,0,0,0,0	89	0
175286	442	787	394	187	181	38	16	2	1315	9	89	674	238	2	59	0	0	2045	0,0,0,0,0,0	13044	0	331	3813	24	0	3850,3818,3818,3705,3705,3705,3705	1	34	3453,0,0,0,0,0,0	89	0
175026	487	812	431	196	199	42	16	3	1430	10	94	667	274	2	75	0	0	2183	0,0,0,0,0,0	13071	0	322	4133	27	0	4164,4127,4127,3995,3995,3995,3995	2	34	3775,0,0,0,0,0,0	109	0
174783	488	911	474	213	198	45	17	3	1505	12	97	644	249	3	89	0	0	2346	0,0,0,0,0,0	13071	0	338	4473	27	0	4492,4446,4446,4284,4284,4284,4284	2	33	4115,0,0,0,0,0,0	109	0
174462	545	988	500	248	202	43	22	3	1618	13	102	631	252	4	88	0	0	2548	0,0,0,0,0,0	12960	0	402	4878	29	0	4889,4836,4836,4647,4647,4647,4647	2	46	4520,0,0,0,0,0,0	111	0
174211	569	1016	527	262	221	44	25	3	1753	13	102	612	331	3	85	0	0	2664	0,0,0,0,0,0	24734	0	351	5229	29	0	5225,5163,5163,4944,4944,4944,4944	2	22	4871,0,0,0,0,0,0	113	0
173979	534	1080	572	271	243	48	26	3	1867	16	107	596	248	2	97	0	0	2774	0,0,0,0,0,0	24967	0	329	5558	31	0	5544,5473,5473,5222,5222,5222,5222	2	33	5200,0,0,0,0,0,0	134	0
173585	604	1158	628	286	248	52	33	3	2020	17	112	603	328	5	126	0	0	3009	0,0,0,0,0,0	12852	0	487	6047	31	0	6025,5945,5945,5663,5663,5663,5663	2	47	5689,0,0,0,0,0,0	139	0
173169	700	1217	690	307	262	57	36	2	2167	19	120	607	321	3	117	0	0	3269	0,0,0,0,0,0	12981	0	527	6576	31	0	6541,6452,6452,6132,6132,6132,6132	3	46	6218,0,0,0,0,0,0	142	0
172818	732	1314	720	328	287	55	34	6	2306	22	124	590	223	9	116	0	0	3470	0,0,0,0,0,0	13004	0	496	7071	33	0	7020,6917,6917,6552,6552,6552,6552	3	42	6713,0,0,0,0,0,0	129	0
172358	779	1468	751	362	305	64	36	6	2470	23	124	598	318	10	131	0	0	3765	0,0,0,0,0,0	12932	0	597	7666	36	0	7602,7487,7487,7076,7076,7076,7076	3	57	7311,0,0,0,0,0,0	141	0
171925	852	1540	816	360	343	63	37	8	2650	24	128	557	326	7	159	0	0	4011	0,0,0,0,0,0	13175	0	582	8247	37	0	8169,8040,8040,7580,7580,7580,7580	3	61	7892,0,0,0,0,0,0	153	0
171525	861	1612	845	391	391	66	37	8	2852	29	129	565	237	10	116	0	0	4203	0,0,0,0,0,0	24764	0	539	8788	39	0	8699,8556,8556,8047,8047,8047,8047	3	43	8434,0,0,0,0,0,0	152	0
171176	819	1661	916	425	421	75	37	6	3043	32	135	538	287	8	133	0	0	4354	0,0,0,0,0,0	25003	0	511	9301	42	0	9202,9043,9043,8477,8477,8477,8477	4	46	8947,0,0,0,0,0,0	162	0
170635	891	1819	939	461	444	81	36	4	3259	36	141	540	261	6	196	0	0	4671	0,0,0,0,0,0	13204	0	726	10027	44	0	9920,9742,9742,9109,9109,9109,9109	4	82	9674,0,0,0,0,0,0	158	0
170119	1020	1878	989	486	470	84	38	4	3475	38	145	560	268	11	181	0	0	4965	0,0,0,0,0,0	13010	0	712	10741	45	0	10619,10422,10422,9719,9719,9719,9719	4	71	10388,0,0,0,0,0,0	162	0
169561	1050	2024	1059	498	492	83	42	4	3744	40	149	553	258	15	186	0	0	5248	0,0,0,0,0,0	13166	0	743	11485	47	0	11349,11134,11134,10365,10365,10365,10365	5	74	11133,0,0,0,0,0,0	168	0
169017	1075	2129	1153	514	520	92	46	7	3999	40	154	519	316	8	199	0	0	5529	0,0,0,0,0,0	13214	0	745	12228	52	0	12081,11847,11847,11006,11006,11006,11006	5	67	11878,0,0,0,0,0,0	175	0
168381	1202	2259	1186	549	559	101	52	7	4252	42	156	539	238	3	190	0	0	5908	0,0,0,0,0,0	13114	0	892	13122	56	0	12958,12698,12698,11766,11766,11766,11766	5	76	12772,0,0,0,0,0,0	189	0
167889	1216	2319	1209	573	606	102	57	4	4566	44	161	499	333	7	225	0	0	6082	0,0,0,0,0,0	25328	0	737	13855	62	0	13677,13393,13393,12375,12375,12375,12375	5	60	13505,0,0,0,0,0,0	205	0
167365	1192	2475	1237	622	619	124	63	4	4838	46	161	507	261	8	208	0	0	6332	0,0,0,0,0,0	24988	0	809	14664	68	0	14464,14152,14152,13034,13034,13034,13034	5	59	14314,0,0,0,0,0,0	230	0
166663	1317	2618	1348	638	631	138	67	7	5107	48	164	494	311	13	287	0	0	6757	0,0,0,0,0,0	13285	0	1002	15664	73	0	15447,15105,15105,13881,13881,13881,13881	6	108	15315,0,0,0,0,0,0	244	0
165952	1442	2733	1402	652	691	141	71	8	5434	50	170	473	307	13	248	0	0	7132	0,0,0,0,0,0	13222	0	1004	16670	78	0	16437,16065,16065,14733,14733,14733,14733	6	93	16323,0,0,0,0,0,0	265	0
165262	1515	2879	1498	666	697	145	79	9	5773	52	171	450	332	9	282	0	0	7479	0,0,0,0,0,0	13239	0	1023	17694	82	0	17440,17035,17035,15584,15584,15584,15584	6	92	17347,0,0,0,0,0,0	273	0
164496	1620	3013	1599	732	737	150	87	9	6072	58	173	466	296	13	282	0	0	7938	0,0,0,0,0,0	13329	0	1096	18794	87	0	18520,18082,18082,16510,16510,16510,16510	6	91	18448,0,0,0,0,0,0	271	0
163667	1690	3174	1686	764	764	160	89	8	6502	64	178	421	328	16	318	0	0	8327	0,0,0,0,0,0	13171	0	1128	19926	91	0	19637,19168,19168,17484,17484,17484,17484	7	98	19584,0,0,0,0,0,0	279	0
163063	1659	3201	1806	822	807	163	96	8	6877	65	179	421	300	12	257	0	0	8554	0,0,0,0,0,0	25154	0	950	20878	96	0	20568,20064,20064,18255,18255,18255,18255	6	48	20537,0,0,0,0,0,0	293	0
162479	1598	3323	1861	841	857	176	103	7	7246	70	185	403	328	8	294	0	0	8759	0,0,0,0,0,0	25052	0	1013	21889	103	0	21558,21011,21011,19046,19046,19046,19046	6	66	21550,0,0,0,0,0,0	314	0
161567	1746	3492	1944	861	878	190	102	9	7688	80	189	375	348	20	355	0	0	9213	0,0,0,0,0,0	13231	0	1330	23215	116	0	22863,22274,22274,20157,20157,20157,20157	7	129	22879,0,0,0,0,0,0	326	0
160704	1861	3590	2010	919	973	199	113	9	8092	85	191	356	319	13	373	0	0	9665	0,0,0,0,0,0	13340	0	1300	24509	125	0	24130,23498,23498,21224,21224,21224,21224	7	124	24174,0,0,0,0,0,0	343	0
159973	1878	3648	2116	971	1038	202	117	12	8499	95	197	340	313	19	358	0	0	9970	0,0,0,0,0,0	28839	0	1218	25722	136	0	25316,24636,24636,22186,22186,22186,22186	8	106	25389,0,0,0,0,0,0	358	0
159258	1933	3717	2180	1004	1060	221	119	15	8939	102	198	302	347	13	350	0	0	10234	0,0,0,0,0,0	28995	0	1226	26944	148	0	26509,25777,25777,23143,23143,23143,23143	8	126	26615,0,0,0,0,0,0	364	0
158548	1927	3827	2263	1055	1062	227	126	15	9387	110	199	296	345	19	377	0	0	10487	0,0,0,0,0,0	28826	0	1226	28167	161	0	27701,26918,26918,24096,24096,24096,24096	8	109	27839,0,0,0,0,0,0	376	0
158029	1833	3817	2361	1050	1106	234	129	16	9847	120	204	283	281	16	324	0	0	10530	0,0,0,0,0,0	42885	0	1056	29223	168	0	28727,27890,27890,24872,24872,24872,24872	8	68	28896,0,0,0,0,0,0	378	0
157494	1780	3774	2401	1078	1101	245	137	18	10389	124	205	254	351	26	352	0	0	10516	0,0,0,0,0,0	42787	0	1085	30306	178	0	29778,28886,28886,25669,25669,25669,25669	8	84	29981,0,0,0,0,0,0	413	0
156984	1740	3781	2522	1111	1064	254	145	18	10789	130	208	228	327	27	431	0	0	10617	0,0,0,0,0,0	29057	0	1157	31458	188	0	30893,29936,29936,26485,26485,26485,26485	8	109	31134,0,0,0,0,0,0	406	0
