S	E	I1	I2	I3	I4	I5_h	I6_h	R_h	R	D1	D2	H	T	P1	P2	Q	QT	NQ	MUT	HOM	VAC	NI	INF	REINF	BSTR	IMM	HCI	HCE	INFV	INFH	VNI
178122	98	130	59	47	46	6	2	0	231	5	0	212	0	0	0	0	0	388	0,0,0,0,0,0	178741	0	0	388	0	0	624,624,624,624,624,624,624	0	0	0,0,0,0,0,0,0	0	0
178050	92	169	57	49	53	6	2	0	258	5	5	332	325	0	73	0	0	428	0,0,0,0,0,0	12409	0	77	466	0	0	696,696,696,696,696,696,696	0	6	78,0,0,0,0,0,0	10	0
177987	112	181	69	53	52	8	3	0	267	5	9	425	243	0	21	0	0	478	0,0,0,0,0,0	12717	0	80	546	0	0	761,761,761,761,761,761,761	0	4	158,0,0,0,0,0,0	9	0
177902	118	211	78	50	52	10	4	0	305	5	11	502	254	0	18	0	0	523	0,0,0,0,0,0	12793	0	92	638	0	0	846,846,846,846,846,846,846	0	7	250,0,0,0,0,0,0	13	0
177819	122	247	90	55	54	10	5	0	325	5	14	540	263	2	14	0	0	583	0,0,0,0,0,0	24677	0	92	732	0	0	934,934,934,934,934,934,934	0	4	344,0,0,0,0,0,0	21	0
177758	122	260	93	69	51	11	5	0	354	5	18	612	277	0	20	0	0	611	0,0,0,0,0,0	24897	0	79	811	0	0	1001,1001,1001,1001,1001,1001,1001	0	6	423,0,0,0,0,0,0	23	0
177685	123	283	105	54	65	11	7	0	384	5	24	660	263	1	22	0	0	648	0,0,0,0,0,0	12701	0	95	905	1	0	1079,1079,1079,1078,1078,1078,1078	0	7	518,0,0,0,0,0,0	21	0
177569	153	297	131	65	64	13	8	0	411	5	30	659	244	0	32	0	0	731	0,0,0,0,0,0	12933	0	133	1034	5	0	1202,1201,1201,1199,1199,1199,1199	0	9	651,0,0,0,0,0,0	28	0
177458	167	315	148	78	68	17	8	0	447	5	35	614	90	1	31	0	0	801	0,0,0,0,0,0	12871	0	128	1159	8	0	1318,1318,1318,1315,1315,1315,1315	0	7	779,0,0,0,0,0,0	29	0
177350	181	352	164	73	70	17	8	0	488	5	38	648	284	0	30	0	0	865	0,0,0,0,0,0	12937	0	137	1296	9	0	1439,1438,1438,1433,1433,1433,1433	0	8	917,0,0,0,0,0,0	30	0
177225	203	386	197	82	77	18	8	0	498	7	45	657	244	0	21	0	0	971	0,0,0,0,0,0	13061	0	161	1457	9	0	1581,1579,1579,1570,1570,1570,1570	0	15	1078,0,0,0,0,0,0	31	0
177122	203	394	208	82	82	19	8	0	570	8	50	701	98	1	25	0	0	996	0,0,0,0,0,0	25037	0	117	1574	10	0	1693,1691,1691,1681,1681,1681,1681	0	9	1196,0,0,0,0,0,0	34	0
177002	188	420	220	91	102	20	9	0	630	8	56	695	276	0	42	0	0	1050	0,0,0,0,0,0	25008	0	137	1710	11	0	1827,1823,1823,1809,1809,1809,1809	0	10	1333,0,0,0,0,0,0	38	0
176843	234	431	248	93	111	25	10	1	682	8	60	651	267	1	48	0	0	1152	0,0,0,0,0,0	12904	0	185	1897	12	0	2004,1999,1999,1981,1981,1981,1981	0	24	1521,0,0,0,0,0,0	52	0
176683	257	475	258	95	112	25	9	3	757	9	63	689	289	2	46	0	0	1231	0,0,0,0,0,0	12795	0	189	2083	16	0	2179,2172,2172,2150,2150,2150,2150	1	22	1709,0,0,0,0,0,0	48	0
176504	306	486	273	87	120	24	13	2	857	9	65	715	253	0	41	0	0	1309	0,0,0,0,0,0	12973	0	216	2298	17	0	2385,2377,2377,2345,2345,2345,2345	1	21	1925,0,0,0,0,0,0	51	0
176341	312	537	302	99	126	26	12	3	910	10	68	682	248	3	47	0	0	1414	0,0,0,0,0,0	13108	0	218	2514	19	0	2593,2580,2580,2534,2534,2534,2534	1	26	2142,0,0,0,0,0,0	60	0
176149	310	593	329	124	132	29	14	3	980	11	72	696	229	3	68	0	0	1531	0,0,0,0,0,0	12984	0	232	2745	20	0	2818,2802,2802,2745,2745,2745,2745	1	25	2374,0,0,0,0,0,0	62	0
175969	329	627	348	149	152	30	14	3	1037	11	77	672	261	4	56	0	0	1649	0,0,0,0,0,0	24990	0	228	2974	20	0	3039,3020,3020,2949,2949,2949,2949	1	19	2603,0,0,0,0,0,0	77	0
175796	344	651	338	155	170	34	16	3	1145	12	82	664	245	0	58	0	0	1708	0,0,0,0,0,0	24967	0	229	3201	24	0	3257,3233,3233,3148,3148,3148,3148	1	14	2833,0,0,0,0,0,0	84	0
175576	368	702	376	160	182	35	15	4	1229	13	86	679	252	4	72	0	0	1838	0,0,0,0,0,0	13138	0	272	3473	25	0	3522,3494,3494,3393,3393,3393,3393	1	33	3106,0,0,0,0,0,0	87	0
175362	399	746	411	170	192	39	14	4	1304	15	90	679	289	2	62	0	0	1971	0,0,0,0,0,0	13014	0	288	3758	29	0	3795,3761,3761,3640,3640,3640,3640	2	31	3392,0,0,0,0,0,0	83	0
175114	425	795	449	196	200	41	15	5	1397	15	94	671	276	3	67	0	0	2121	0,0,0,0,0,0	13128	0	319	4074	33	0	4105,4065,4065,3922,3922,3922,3922	2	34	3710,0,0,0,0,0,0	97	0
174864	464	867	484	194	201	42	17	5	1495	16	97	652	252	2	79	0	0	2269	0,0,0,0,0,0	13129	0	333	4409	33	0	4427,4379,4379,4211,4211,4211,4211	2	30	4045,0,0,0,0,0,0	92	0
174555	519	918	493	222	230	40	18	5	1627	17	102	636	248	3	75	0	0	2440	0,0,0,0,0,0	13012	0	374	4786	33	0	4796,4743,4743,4553,4553,4553,4553	2	47	4422,0,0,0,0,0,0	99	0
174298	519	997	514	221	227	40	19	5	1786	18	102	612	331	4	97	0	0	2537	0,0,0,0,0,0	24720	0	338	5124	34	0	5119,5060,5060,4847,4847,4847,4847	2	27	4760,0,0,0,0,0,0	98	0
174056	495	1080	548	229	246	42	23	5	1897	19	106	601	235	2	78	0	0	2663	0,0,0,0,0,0	24987	0	339	5465	34	0	5448,5380,5380,5135,5135,5135,5135	2	20	5101,0,0,0,0,0,0	101	0
173697	554	1140	602	235	250	46	28	5	2059	19	111	618	324	4	116	0	0	2855	0,0,0,0,0,0	12845	0	453	5917	36	0	5894,5817,5817,5540,5540,5540,5540	2	51	5554,0,0,0,0,0,0	105	0
173308	635	1193	664	266	259	51	31	4	2199	20	116	615	316	5	109	0	0	3099	0,0,0,0,0,0	12940	0	492	6408	39	0	6378,6291,6291,5979,5979,5979,5979	2	45	6046,0,0,0,0,0,0	108	0
172946	688	1226	706	313	283	51	27	6	2357	24	119	599	288	7	105	0	0	3294	0,0,0,0,0,0	13003	0	463	6873	40	0	6834,6737,6737,6390,6390,6390,6390	3	51	6511,0,0,0,0,0,0	109	0
172571	725	1340	734	335	298	54	27	4	2514	25	119	605	324	11	124	0	0	3513	0,0,0,0,0,0	12905	0	524	7401	40	0	7349,7237,7237,6837,6837,6837,6837	3	54	7039,0,0,0,0,0,0	114	0
172142	801	1403	793	328	330	57	35	4	2706	25	122	575	309	7	142	0	0	3747	0,0,0,0,0,0	13143	0	560	7960	42	0	7900,7775,7775,7330,7330,7330,7330	3	54	7599,0,0,0,0,0,0	119	0
171774	810	1519	823	347	360	62	40	4	2855	28	124	593	289	5	129	0	0	3961	0,0,0,0,0,0	24748	0	522	8485	42	0	8412,8272,8272,7773,7773,7773,7773	3	52	8124,0,0,0,0,0,0	135	0
171436	754	1539	892	386	414	71	43	3	3049	28	131	554	289	7	134	0	0	4099	0,0,0,0,0,0	24974	0	478	8963	46	0	8884,8730,8730,8181,8181,8181,8181	3	40	8603,0,0,0,0,0,0	149	0
170921	816	1688	922	420	438	77	43	2	3252	31	136	547	304	6	189	0	0	4404	0,0,0,0,0,0	13217	0	679	9642	48	0	9549,9380,9380,8776,8776,8776,8776	4	71	9282,0,0,0,0,0,0	159	0
170445	908	1770	958	423	477	85	45	3	3457	34	141	566	258	11	196	0	0	4666	0,0,0,0,0,0	12968	0	660	10303	48	0	10196,10009,10009,9340,9340,9340,9340	4	72	9943,0,0,0,0,0,0	172	0
169895	999	1852	1034	451	518	86	47	4	3680	36	144	553	332	14	170	0	0	4987	0,0,0,0,0,0	13229	0	746	11053	49	0	10932,10725,10725,9986,9986,9986,9986	4	63	10693,0,0,0,0,0,0	182	0
169375	1054	1979	1096	442	527	89	54	6	3941	36	147	532	315	8	205	0	0	5241	0,0,0,0,0,0	13246	0	719	11774	52	0	11641,11414,11414,10603,10603,10603,10603	4	67	11416,0,0,0,0,0,0	177	0
168816	1160	2101	1137	471	547	98	61	6	4162	38	149	550	285	3	178	0	0	5575	0,0,0,0,0,0	13129	0	823	12598	56	0	12444,12192,12192,11288,11288,11288,11288	4	59	12241,0,0,0,0,0,0	198	0
168346	1197	2117	1184	519	553	104	61	7	4464	40	154	514	329	5	185	0	0	5735	0,0,0,0,0,0	25297	0	697	13298	59	0	13133,12857,12857,11870,11870,11870,11870	4	53	12942,0,0,0,0,0,0	205	0
167856	1179	2240	1248	546	571	112	65	5	4725	44	155	526	321	12	208	0	0	5961	0,0,0,0,0,0	24859	0	769	14065	64	0	13878,13576,13576,12493,12493,12493,12493	4	56	13710,0,0,0,0,0,0	229	0
167186	1278	2470	1277	587	588	123	68	7	4956	47	159	517	310	13	256	0	0	6391	0,0,0,0,0,0	13269	0	974	15040	65	0	14833,14501,14501,13309,13309,13309,13309	5	105	14685,0,0,0,0,0,0	238	0
166520	1385	2552	1337	610	628	130	67	10	5289	53	165	487	310	17	229	0	0	6709	0,0,0,0,0,0	13272	0	929	15971	69	0	15751,15392,15392,14103,14103,14103,14103	5	92	15618,0,0,0,0,0,0	234	0
165878	1424	2682	1443	645	639	138	76	12	5589	54	166	455	328	13	262	0	0	7047	0,0,0,0,0,0	13267	0	947	16919	76	0	16678,16289,16289,14891,14891,14891,14891	6	79	16566,0,0,0,0,0,0	253	0
165111	1537	2826	1531	685	670	143	79	14	5921	61	168	465	297	14	244	0	0	7471	0,0,0,0,0,0	13325	0	1075	17998	77	0	17737,17317,17317,15807,15807,15807,15807	6	90	17645,0,0,0,0,0,0	260	0
164349	1582	2988	1634	713	701	156	78	14	6293	65	173	418	338	18	280	0	0	7852	0,0,0,0,0,0	13227	0	1067	19068	81	0	18788,18338,18338,16717,16717,16717,16717	6	96	18715,0,0,0,0,0,0	271	0
163755	1586	3035	1696	771	711	161	84	16	6688	69	174	414	291	14	248	0	0	8044	0,0,0,0,0,0	25168	0	934	20000	91	0	19699,19215,19215,17473,17473,17473,17473	6	54	19649,0,0,0,0,0,0	283	0
163204	1550	3145	1770	780	750	163	88	16	7025	75	180	414	309	9	273	0	0	8246	0,0,0,0,0,0	24945	0	963	20968	94	0	20646,20120,20120,18226,18226,18226,18226	6	59	20618,0,0,0,0,0,0	298	0
162337	1692	3291	1868	791	789	166	94	16	7434	84	184	383	340	16	316	0	0	8691	0,0,0,0,0,0	13264	0	1257	22220	103	0	21878,21312,21312,19278,19278,19278,19278	6	129	21874,0,0,0,0,0,0	299	0
161500	1838	3376	1966	849	855	176	104	16	7791	89	186	380	301	8	324	0	0	9164	0,0,0,0,0,0	13171	0	1262	23471	117	0	23102,22495,22495,20311,20311,20311,20311	7	100	23127,0,0,0,0,0,0	309	0
160771	1878	3433	2072	893	929	187	109	17	8171	96	190	365	316	17	356	0	0	9501	0,0,0,0,0,0	28621	0	1162	24636	123	0	24241,23591,23591,21247,21247,21247,21247	7	89	24294,0,0,0,0,0,0	333	0
160046	1878	3621	2084	964	963	204	112	19	8564	100	191	329	334	18	332	0	0	9826	0,0,0,0,0,0	28976	0	1210	25843	135	0	25419,24720,24720,22202,22202,22202,22202	8	116	25503,0,0,0,0,0,0	354	0
159330	1856	3695	2190	1011	982	218	114	20	9030	108	192	310	337	13	357	0	0	10066	0,0,0,0,0,0	28702	0	1173	27014	148	0	26562,25817,25817,23133,23133,23133,23133	8	108	26675,0,0,0,0,0,0	365	0
158828	1765	3658	2254	1046	1029	236	117	21	9477	121	194	299	270	15	330	0	0	10105	0,0,0,0,0,0	42709	0	979	27994	157	0	27514,26722,26722,23864,23864,23864,23864	8	79	27655,0,0,0,0,0,0	370	0
158402	1688	3626	2294	1060	1069	245	123	20	9899	124	196	273	353	17	369	0	0	10105	0,0,0,0,0,0	42698	0	1026	29015	167	0	28500,27648,27648,24574,24574,24574,24574	8	82	28677,0,0,0,0,0,0	413	0
157875	1654	3640	2395	1086	1067	248	130	19	10302	133	197	267	326	21	417	0	0	10220	0,0,0,0,0,0	29014	0	1131	30145	172	0	29593,28681,28681,25388,25388,25388,25388	8	98	29807,0,0,0,0,0,0	399	0
