S	E	I1	I2	I3	I4	I5_h	I6_h	R_h	R	D1	D2	H	T	P1	P2	Q	QT	NQ	MUT	HOM	VAC	NI	INF	REINF	BSTR	IMM	HCI	HCE	INFV	INFH	VNI
178089	127	120	56	42	47	12	1	0	252	0	0	209	0	0	0	0	0	405	0,0,0,0,0,0	178746	0	0	405	0	0	657,657,657,657,657,657,657	0	0	0,0,0,0,0,0,0	0	0
178017	105	188	59	41	47	12	1	0	271	0	5	326	319	1	85	0	0	453	0,0,0,0,0,0	12378	0	80	485	0	0	729,729,729,729,729,729,729	0	10	80,0,0,0,0,0,0	14	0
177944	117	218	68	44	51	12	1	0	282	0	9	422	89	0	13	0	0	511	0,0,0,0,0,0	12699	0	86	571	0	0	802,802,802,802,802,802,802	0	6	166,0,0,0,0,0,0	15	0
177853	130	247	82	42	57	13	1	1	309	0	11	496	254	1	18	0	0	572	0,0,0,0,0,0	12782	0	102	673	0	0	894,894,894,894,894,894,894	0	6	268,0,0,0,0,0,0	15	0
177778	139	253	101	55	70	14	1	1	320	0	14	533	264	1	18	0	0	633	0,0,0,0,0,0	24677	0	95	768	0	0	973,973,973,973,973,973,973	0	4	363,0,0,0,0,0,0	23	0
177688	133	293	113	55	70	13	2	1	360	0	18	602	154	1	26	0	0	679	0,0,0,0,0,0	24853	0	99	868	0	0	1066,1066,1066,1066,1066,1066,1066	0	6	463,0,0,0,0,0,0	23	0
177566	159	309	128	71	83	12	4	1	389	0	24	643	321	1	26	0	0	766	0,0,0,0,0,0	12641	0	135	1003	0	0	1193,1193,1193,1193,1193,1193,1193	0	12	598,0,0,0,0,0,0	23	0
177464	173	314	147	84	81	13	7	1	432	0	30	646	297	1	32	0	0	819	0,0,0,0,0,0	12922	0	119	1122	0	0	1300,1300,1300,1299,1299,1299,1299	0	7	717,0,0,0,0,0,0	28	0
177342	181	348	175	87	87	14	7	1	468	0	36	611	91	1	36	0	0	899	0,0,0,0,0,0	12866	0	144	1266	0	0	1429,1428,1428,1426,1426,1426,1426	0	11	861,0,0,0,0,0,0	34	0
177215	190	396	184	87	90	20	9	1	515	0	39	637	287	3	33	0	0	976	0,0,0,0,0,0	12968	0	151	1417	0	0	1569,1568,1568,1564,1564,1564,1564	0	17	1012,0,0,0,0,0,0	29	0
177078	207	417	205	103	98	18	11	1	562	1	45	656	241	0	30	0	0	1059	0,0,0,0,0,0	13063	0	165	1581	1	0	1722,1720,1720,1712,1712,1712,1712	0	17	1177,0,0,0,0,0,0	38	0
176968	207	436	219	100	97	22	14	1	631	1	50	704	308	3	32	0	0	1095	0,0,0,0,0,0	25012	0	135	1718	1	0	1851,1848,1848,1835,1835,1835,1835	0	10	1314,0,0,0,0,0,0	47	0
176846	208	485	237	104	99	24	13	2	671	1	56	707	274	0	50	0	0	1170	0,0,0,0,0,0	25011	0	154	1870	3	0	1999,1993,1993,1973,1973,1973,1973	0	9	1468,0,0,0,0,0,0	64	0
176694	237	496	250	122	115	27	15	2	728	1	59	667	174	2	45	0	0	1262	0,0,0,0,0,0	12916	0	185	2055	5	0	2174,2167,2167,2140,2140,2140,2140	1	26	1655,0,0,0,0,0,0	74	0
176520	281	511	270	132	115	27	15	2	807	3	63	696	244	2	50	0	0	1351	0,0,0,0,0,0	12855	0	208	2262	6	0	2373,2364,2364,2329,2329,2329,2329	1	21	1863,0,0,0,0,0,0	74	0
176332	311	548	295	137	116	26	18	2	893	3	65	719	316	1	57	0	0	1451	0,0,0,0,0,0	12986	0	222	2486	7	0	2586,2574,2574,2533,2533,2533,2533	1	27	2088,0,0,0,0,0,0	75	0
176107	334	592	325	157	119	31	22	3	984	3	69	684	294	2	44	0	0	1580	0,0,0,0,0,0	13152	0	257	2741	9	0	2834,2821,2821,2772,2772,2772,2772	1	29	2345,0,0,0,0,0,0	81	0
175881	360	648	348	186	135	33	22	1	1056	4	72	703	224	2	68	0	0	1732	0,0,0,0,0,0	13014	0	279	3019	11	0	3100,3083,3083,3021,3021,3021,3021	1	27	2625,0,0,0,0,0,0	90	0
175678	396	665	350	194	145	37	22	1	1177	5	76	677	257	4	64	0	0	1809	0,0,0,0,0,0	24938	0	254	3271	14	0	3344,3322,3322,3247,3247,3247,3247	1	22	2880,0,0,0,0,0,0	91	0
175461	421	716	369	191	155	43	28	2	1273	5	82	660	246	2	71	0	0	1923	0,0,0,0,0,0	24966	0	265	3536	17	0	3601,3576,3576,3487,3487,3487,3487	1	22	3148,0,0,0,0,0,0	102	0
175249	420	771	399	193	175	42	28	1	1374	7	87	677	252	1	74	0	0	2028	0,0,0,0,0,0	13220	0	273	3807	19	0	3864,3834,3834,3728,3728,3728,3728	1	27	3420,0,0,0,0,0,0	109	0
175009	448	830	418	186	189	45	27	2	1493	8	91	674	245	2	69	0	0	2143	0,0,0,0,0,0	13027	0	313	4119	21	0	4163,4127,4127,4000,4000,4000,4000	2	37	3734,0,0,0,0,0,0	103	0
174727	475	886	467	213	211	49	29	3	1583	8	95	656	276	3	85	0	0	2330	0,0,0,0,0,0	13101	0	354	4473	23	0	4505,4463,4463,4316,4316,4316,4316	2	33	4089,0,0,0,0,0,0	116	0
174467	511	914	528	224	212	50	32	3	1698	9	98	622	327	7	100	0	0	2471	0,0,0,0,0,0	13094	0	339	4811	26	0	4830,4782,4782,4611,4611,4611,4611	2	34	4428,0,0,0,0,0,0	116	0
174147	574	981	535	250	221	50	35	2	1835	12	104	615	251	4	83	0	0	2646	0,0,0,0,0,0	12988	0	398	5213	26	0	5222,5167,5167,4970,4970,4970,4970	2	53	4830,0,0,0,0,0,0	120	0
173917	573	1024	563	240	243	54	35	2	1978	13	104	593	281	4	82	0	0	2732	0,0,0,0,0,0	24787	0	330	5541	28	0	5533,5470,5470,5243,5243,5243,5243	2	26	5159,0,0,0,0,0,0	126	0
173658	541	1098	615	252	266	56	33	5	2101	15	106	568	249	4	98	0	0	2861	0,0,0,0,0,0	25035	0	359	5899	29	0	5881,5809,5809,5550,5550,5550,5550	2	29	5518,0,0,0,0,0,0	144	0
173274	591	1197	646	282	276	58	37	5	2253	16	111	587	324	6	124	0	0	3087	0,0,0,0,0,0	12841	0	487	6389	29	0	6367,6284,6284,5988,5988,5988,5988	2	47	6008,0,0,0,0,0,0	139	0
172885	655	1285	698	298	289	63	42	6	2392	16	117	584	274	6	127	0	0	3330	0,0,0,0,0,0	12945	0	516	6908	29	0	6874,6779,6779,6439,6439,6439,6439	3	54	6527,0,0,0,0,0,0	150	0
172489	752	1313	732	326	313	65	40	7	2570	19	120	575	218	9	122	0	0	3541	0,0,0,0,0,0	12998	0	521	7431	31	0	7386,7279,7279,6898,6898,6898,6898	3	47	7050,0,0,0,0,0,0	151	0
172089	781	1463	769	339	331	73	42	7	2711	21	120	565	316	11	140	0	0	3798	0,0,0,0,0,0	12959	0	559	7991	32	0	7928,7807,7807,7373,7373,7373,7373	3	61	7610,0,0,0,0,0,0	159	0
171643	843	1540	847	355	356	74	43	8	2893	22	122	534	321	10	155	0	0	4058	0,0,0,0,0,0	13188	0	589	8580	34	0	8504,8369,8369,7887,7887,7887,7887	3	62	8200,0,0,0,0,0,0	169	0
171269	854	1614	858	383	411	76	45	9	3077	26	124	539	286	8	139	0	0	4241	0,0,0,0,0,0	24712	0	536	9118	36	0	9028,8878,8878,8338,8338,8338,8338	4	52	8738,0,0,0,0,0,0	170	0
170919	828	1641	945	400	444	83	51	10	3269	27	129	507	303	12	153	0	0	4392	0,0,0,0,0,0	25042	0	524	9642	39	0	9540,9372,9372,8773,8773,8773,8773	4	51	9262,0,0,0,0,0,0	179	0
170367	906	1797	984	452	467	89	48	9	3461	33	133	513	252	6	178	0	0	4743	0,0,0,0,0,0	13225	0	740	10381	42	0	10268,10082,10082,9417,9417,9417,9417	4	76	10002,0,0,0,0,0,0	171	0
169846	984	1928	997	460	506	91	48	10	3703	35	138	531	254	10	196	0	0	5014	0,0,0,0,0,0	12999	0	720	11099	44	0	10971,10766,10766,10031,10031,10031,10031	5	72	10722,0,0,0,0,0,0	171	0
169309	1080	2022	1087	481	504	92	51	10	3931	36	143	524	264	10	188	0	0	5317	0,0,0,0,0,0	13153	0	773	11874	46	0	11731,11502,11502,10683,10683,10683,10683	5	75	11498,0,0,0,0,0,0	178	0
168728	1154	2136	1154	502	527	100	58	12	4189	37	149	500	313	6	198	0	0	5631	0,0,0,0,0,0	13202	0	795	12666	52	0	12513,12263,12263,11367,11367,11367,11367	5	75	12292,0,0,0,0,0,0	182	0
168139	1230	2249	1218	530	554	104	66	10	4455	39	152	514	243	2	185	0	0	5951	0,0,0,0,0,0	13182	0	837	13504	55	0	13333,13059,13059,12076,12076,12076,12076	5	73	13130,0,0,0,0,0,0	202	0
167616	1227	2353	1243	563	601	112	69	9	4751	45	157	483	339	8	210	0	0	6168	0,0,0,0,0,0	25298	0	764	14265	60	0	14080,13782,13782,12714,12714,12714,12714	5	59	13891,0,0,0,0,0,0	214	0
167138	1226	2444	1320	598	616	127	73	11	4986	49	158	488	270	19	214	0	0	6404	0,0,0,0,0,0	24998	0	784	15045	69	0	14835,14508,14508,13337,13337,13337,13337	5	57	14671,0,0,0,0,0,0	242	0
166441	1344	2569	1406	636	647	143	82	11	5257	50	160	469	309	12	273	0	0	6827	0,0,0,0,0,0	13328	0	989	16040	71	0	15809,15453,15453,14176,14176,14176,14176	6	109	15667,0,0,0,0,0,0	248	0
165746	1453	2641	1479	647	682	138	82	10	5650	53	165	454	306	15	250	0	0	7122	0,0,0,0,0,0	13262	0	968	17008	74	0	16759,16375,16375,15000,15000,15000,15000	6	99	16636,0,0,0,0,0,0	263	0
165075	1483	2801	1558	677	687	144	87	10	6001	57	166	432	335	10	267	0	0	7437	0,0,0,0,0,0	13241	0	981	17990	82	0	17720,17306,17306,15819,15819,15819,15819	7	88	17618,0,0,0,0,0,0	268	0
164332	1599	2909	1642	742	719	155	90	10	6316	65	167	450	305	14	266	0	0	7856	0,0,0,0,0,0	13238	0	1089	19084	86	0	18793,18344,18344,16730,16730,16730,16730	7	109	18714,0,0,0,0,0,0	266	0
163574	1672	3018	1752	765	743	170	93	11	6708	68	172	408	327	16	314	0	0	8213	0,0,0,0,0,0	13217	0	1088	20178	87	0	19867,19384,19384,17649,17649,17649,17649	7	104	19808,0,0,0,0,0,0	286	0
162984	1642	3094	1822	817	765	174	101	11	7093	69	174	403	294	9	260	0	0	8415	0,0,0,0,0,0	25223	0	952	21132	92	0	20800,20281,20281,18414,18414,18414,18414	7	62	20762,0,0,0,0,0,0	300	0
162390	1585	3257	1866	825	785	183	105	9	7488	75	178	381	320	8	284	0	0	8606	0,0,0,0,0,0	25029	0	1018	22154	95	0	21796,21235,21235,19214,19214,19214,19214	7	57	21785,0,0,0,0,0,0	326	0
161473	1723	3491	1924	833	825	191	104	11	7908	83	180	352	341	21	352	0	0	9091	0,0,0,0,0,0	13265	0	1320	23470	107	0	23090,22488,22488,20322,20322,20322,20322	7	116	23104,0,0,0,0,0,0	331	0
160612	1911	3529	2051	869	933	201	106	13	8248	91	182	334	294	13	336	0	0	9600	0,0,0,0,0,0	13254	0	1326	24792	119	0	24383,23735,23735,21401,21401,21401,21401	8	112	24428,0,0,0,0,0,0	337	0
159876	1946	3575	2187	902	976	202	113	13	8671	98	187	333	318	14	356	0	0	9901	0,0,0,0,0,0	28717	0	1214	26002	128	0	25564,24868,24868,22363,22363,22363,22363	8	101	25638,0,0,0,0,0,0	349	0
159173	1937	3679	2231	980	1019	216	114	16	9090	103	188	303	341	18	333	0	0	10176	0,0,0,0,0,0	29074	0	1185	27184	139	0	26716,25972,25972,23294,23294,23294,23294	8	110	26822,0,0,0,0,0,0	363	0
158387	1980	3789	2318	1021	1073	230	115	16	9516	111	190	282	342	14	385	0	0	10526	0,0,0,0,0,0	28677	0	1300	28484	150	0	27985,27190,27190,24324,24324,24324,24324	8	118	28122,0,0,0,0,0,0	373	0
157860	1901	3793	2396	1017	1102	254	116	16	9977	121	193	268	274	17	327	0	0	10579	0,0,0,0,0,0	42859	0	1063	29542	161	0	29013,28164,28164,25105,25105,25105,25105	8	64	29182,0,0,0,0,0,0	390	0
157357	1859	3778	2459	1050	1075	262	123	15	10446	127	195	245	350	20	377	0	0	10606	0,0,0,0,0,0	42679	0	1107	30645	171	0	30080,29172,29172,25894,25894,25894,25894	8	80	30287,0,0,0,0,0,0	420	0
156851	1830	3823	2525	1063	1081	266	128	19	10826	135	199	231	307	18	409	0	0	10716	0,0,0,0,0,0	28895	0	1174	31817	178	0	31213,30237,30237,26718,26718,26718,26718	8	110	31459,0,0,0,0,0,0	411	0
