S	E	I1	I2	I3	I4	I5_h	I6_h	R_h	R	D1	D2	H	T	P1	P2	Q	QT	NQ	MUT	HOM	VAC	NI	INF	REINF	BSTR	IMM	HCI	HCE	INFV	INFH	VNI
178141	107	109	45	39	50	14	3	0	237	1	0	207	0	0	0	0	0	367	0,0,0,0,0,0	178745	0	0	367	0	0	605,605,605,605,605,605,605	0	0	0,0,0,0,0,0,0	0	0
178085	83	179	44	39	42	13	5	0	250	1	5	328	322	1	95	0	0	405	0,0,0,0,0,0	12399	0	66	433	0	0	661,661,661,661,661,661,661	0	4	66,0,0,0,0,0,0	16	0
178019	93	206	54	41	36	11	5	0	272	1	8	421	88	0	15	0	0	446	0,0,0,0,0,0	12704	0	74	507	0	0	728,728,728,728,728,728,728	0	8	140,0,0,0,0,0,0	17	0
177941	109	215	75	48	45	13	5	0	284	1	10	496	255	1	10	0	0	510	0,0,0,0,0,0	12783	0	90	597	0	0	807,807,807,807,807,807,807	0	7	230,0,0,0,0,0,0	18	0
177877	125	227	90	56	45	11	6	0	296	1	12	533	149	0	18	0	0	560	0,0,0,0,0,0	24659	0	83	680	0	0	875,875,875,875,875,875,875	0	5	313,0,0,0,0,0,0	19	0
177812	116	250	98	59	53	12	4	1	325	2	14	610	337	1	19	0	0	592	0,0,0,0,0,0	24912	0	79	759	0	0	943,943,943,943,943,943,943	0	3	392,0,0,0,0,0,0	19	0
177731	123	271	107	64	61	16	4	1	346	2	20	649	97	3	23	0	0	646	0,0,0,0,0,0	12687	0	98	857	0	0	1030,1030,1030,1029,1029,1029,1029	0	4	490,0,0,0,0,0,0	24	0
177612	157	288	119	69	67	13	3	1	388	3	26	649	248	1	25	0	0	716	0,0,0,0,0,0	12915	0	128	988	0	0	1155,1154,1154,1153,1153,1153,1153	0	8	621,0,0,0,0,0,0	28	0
177514	165	300	144	83	66	12	4	0	424	3	31	614	91	1	28	0	0	774	0,0,0,0,0,0	12884	0	111	1099	1	0	1260,1259,1259,1256,1256,1256,1256	0	7	733,0,0,0,0,0,0	27	0
177399	175	357	154	70	67	17	5	1	464	3	34	639	343	1	26	0	0	845	0,0,0,0,0,0	12927	0	141	1239	3	0	1387,1385,1385,1382,1382,1382,1382	0	14	875,0,0,0,0,0,0	21	0
177293	187	357	184	79	84	19	6	1	493	3	40	655	251	1	27	0	0	916	0,0,0,0,0,0	13051	0	128	1367	3	0	1508,1506,1506,1499,1499,1499,1499	0	12	1003,0,0,0,0,0,0	30	0
177177	203	373	193	87	91	20	7	2	545	3	45	704	249	2	37	0	0	974	0,0,0,0,0,0	25020	0	133	1499	6	0	1631,1629,1629,1620,1620,1620,1620	0	9	1138,0,0,0,0,0,0	38	0
177071	203	417	185	106	93	19	8	2	587	4	51	704	269	1	46	0	0	1031	0,0,0,0,0,0	25039	0	141	1639	7	0	1759,1755,1755,1740,1740,1740,1740	0	13	1279,0,0,0,0,0,0	51	0
176949	222	423	221	117	100	21	8	2	625	4	54	667	267	1	49	0	0	1112	0,0,0,0,0,0	12932	0	162	1800	8	0	1907,1901,1901,1879,1879,1879,1879	0	19	1440,0,0,0,0,0,0	58	0
176794	250	458	232	126	110	23	11	2	678	4	58	704	239	0	36	0	0	1210	0,0,0,0,0,0	12778	0	190	1990	9	0	2083,2076,2076,2048,2048,2048,2048	1	23	1630,0,0,0,0,0,0	50	0
176634	275	464	252	131	118	23	13	3	768	4	61	714	258	2	57	0	0	1276	0,0,0,0,0,0	12953	0	188	2176	12	0	2263,2254,2254,2221,2221,2221,2221	1	20	1818,0,0,0,0,0,0	54	0
176463	294	495	276	143	126	25	16	4	837	4	63	681	295	2	51	0	0	1375	0,0,0,0,0,0	13151	0	218	2393	13	0	2470,2457,2457,2413,2413,2413,2413	1	22	2036,0,0,0,0,0,0	60	0
176252	327	566	282	153	135	29	15	4	914	4	65	701	231	3	75	0	0	1507	0,0,0,0,0,0	13009	0	259	2652	13	0	2717,2702,2702,2646,2646,2646,2646	1	27	2295,0,0,0,0,0,0	67	0
176098	335	616	291	154	127	31	17	4	1000	4	69	675	257	4	53	0	0	1571	0,0,0,0,0,0	25029	0	208	2860	14	0	2917,2897,2897,2827,2827,2827,2827	1	17	2504,0,0,0,0,0,0	78	0
175934	346	648	310	163	138	35	16	3	1072	6	75	672	245	1	52	0	0	1656	0,0,0,0,0,0	24962	0	216	3075	16	0	3123,3099,3099,3016,3016,3016,3016	1	15	2720,0,0,0,0,0,0	88	0
175729	341	711	341	170	166	38	16	3	1145	7	79	678	248	2	66	0	0	1783	0,0,0,0,0,0	13180	0	265	3340	18	0	3377,3349,3349,3249,3249,3249,3249	1	33	2987,0,0,0,0,0,0	86	0
175494	394	745	373	167	174	38	14	3	1252	9	83	674	241	1	74	0	0	1905	0,0,0,0,0,0	13016	0	283	3621	22	0	3650,3618,3618,3503,3503,3503,3503	1	33	3272,0,0,0,0,0,0	82	0
175271	437	752	418	171	184	42	16	2	1356	9	88	656	285	3	80	0	0	2020	0,0,0,0,0,0	13101	0	295	3918	22	0	3937,3899,3899,3762,3762,3762,3762	2	33	3569,0,0,0,0,0,0	94	0
175005	471	832	452	183	195	38	16	3	1450	10	91	630	253	1	80	0	0	2187	0,0,0,0,0,0	13066	0	343	4262	23	0	4272,4226,4226,4064,4064,4064,4064	2	35	3914,0,0,0,0,0,0	94	0
174708	525	878	467	212	210	36	22	2	1580	10	96	629	247	3	81	0	0	2350	0,0,0,0,0,0	12949	0	353	4619	25	0	4623,4572,4572,4390,4390,4390,4390	2	44	4273,0,0,0,0,0,0	97	0
174487	518	941	493	222	225	34	23	3	1692	11	97	607	285	4	81	0	0	2456	0,0,0,0,0,0	24746	0	310	4929	26	0	4919,4860,4860,4652,4652,4652,4652	2	21	4584,0,0,0,0,0,0	100	0
174266	492	1013	525	228	236	38	24	2	1809	14	99	586	244	3	83	0	0	2556	0,0,0,0,0,0	25004	0	313	5243	26	0	5218,5152,5152,4915,4915,4915,4915	2	29	4898,0,0,0,0,0,0	107	0
173946	543	1082	550	242	252	39	28	1	1944	15	104	613	325	6	122	0	0	2736	0,0,0,0,0,0	12835	0	424	5669	27	0	5633,5557,5557,5285,5285,5285,5285	2	44	5324,0,0,0,0,0,0	108	0
173597	593	1147	612	257	265	44	35	1	2069	15	111	605	328	4	115	0	0	2953	0,0,0,0,0,0	12957	0	454	6123	29	0	6079,5993,5993,5685,5685,5685,5685	2	48	5779,0,0,0,0,0,0	114	0
173244	669	1196	633	308	286	45	37	1	2195	18	114	591	215	5	103	0	0	3174	0,0,0,0,0,0	13012	0	486	6608	31	0	6554,6455,6455,6103,6103,6103,6103	3	42	6264,0,0,0,0,0,0	115	0
172857	731	1303	664	334	314	52	36	1	2319	21	114	601	312	11	134	0	0	3434	0,0,0,0,0,0	12940	0	526	7134	34	0	7066,6954,6954,6556,6556,6556,6556	3	57	6791,0,0,0,0,0,0	129	0
172444	788	1421	723	331	341	52	43	1	2466	21	115	574	321	7	143	0	0	3699	0,0,0,0,0,0	13157	0	553	7688	35	0	7606,7482,7482,7037,7037,7037,7037	3	62	7345,0,0,0,0,0,0	136	0
172072	796	1500	764	373	375	55	44	1	2620	28	118	578	242	5	116	0	0	3907	0,0,0,0,0,0	24799	0	497	8184	39	0	8096,7959,7959,7469,7469,7469,7469	3	48	7843,0,0,0,0,0,0	132	0
171703	782	1523	845	390	415	64	50	2	2820	28	124	543	289	8	129	0	0	4069	0,0,0,0,0,0	24996	0	504	8688	41	0	8594,8444,8444,7906,7906,7906,7906	3	43	8347,0,0,0,0,0,0	155	0
171145	866	1684	861	426	427	73	55	3	3044	31	131	539	255	6	169	0	0	4392	0,0,0,0,0,0	13205	0	703	9391	45	0	9286,9122,9122,8533,8533,8533,8533	4	70	9051,0,0,0,0,0,0	155	0
170654	977	1749	936	432	439	81	59	3	3250	31	135	555	262	10	195	0	0	4673	0,0,0,0,0,0	13069	0	680	10074	45	0	9956,9772,9772,9116,9116,9116,9116	4	72	9734,0,0,0,0,0,0	173	0
170112	1032	1887	998	455	453	79	61	4	3491	35	139	540	342	14	175	0	0	4965	0,0,0,0,0,0	13169	0	731	10802	52	0	10675,10473,10473,9749,9749,9749,9749	4	81	10466,0,0,0,0,0,0	187	0
169560	1074	2040	1105	461	486	85	67	5	3683	36	144	517	316	7	180	0	0	5318	0,0,0,0,0,0	13191	0	758	11561	55	0	11421,11199,11199,10401,10401,10401,10401	5	68	11226,0,0,0,0,0,0	190	0
168953	1169	2154	1141	508	512	97	68	5	3953	39	147	528	299	4	174	0	0	5649	0,0,0,0,0,0	13159	0	818	12382	57	0	12231,11987,11987,11111,11111,11111,11111	5	72	12048,0,0,0,0,0,0	208	0
168456	1193	2224	1174	545	541	110	75	6	4227	42	153	496	337	5	186	0	0	5862	0,0,0,0,0,0	25289	0	719	13099	64	0	12937,12671,12671,11717,11717,11717,11717	5	50	12765,0,0,0,0,0,0	214	0
167962	1161	2349	1225	568	566	124	80	7	4505	45	154	489	262	10	208	0	0	6073	0,0,0,0,0,0	24962	0	765	13864	71	0	13684,13391,13391,12341,12341,12341,12341	5	53	13531,0,0,0,0,0,0	246	0
167334	1246	2483	1295	597	618	132	76	12	4750	47	156	489	315	13	283	0	0	6447	0,0,0,0,0,0	13333	0	918	14782	76	0	14583,14261,14261,13107,13107,13107,13107	5	96	14450,0,0,0,0,0,0	250	0
166680	1336	2538	1362	612	656	135	80	12	5122	50	163	464	316	14	247	0	0	6719	0,0,0,0,0,0	13248	0	913	15695	80	0	15482,15134,15134,13885,13885,13885,13885	6	92	15365,0,0,0,0,0,0	260	0
166017	1397	2653	1485	642	675	138	87	14	5423	51	164	431	331	10	266	0	0	7077	0,0,0,0,0,0	13296	0	968	16665	85	0	16432,16054,16054,14695,14695,14695,14695	6	95	16336,0,0,0,0,0,0	275	0
165285	1492	2808	1545	689	696	143	90	17	5758	57	166	437	305	11	255	0	0	7463	0,0,0,0,0,0	13294	0	1048	17716	87	0	17465,17054,17054,15580,15580,15580,15580	6	94	17388,0,0,0,0,0,0	268	0
164523	1555	2959	1638	721	701	151	91	19	6155	62	171	394	333	10	280	0	0	7816	0,0,0,0,0,0	13186	0	1064	18784	90	0	18516,18075,18075,16489,16489,16489,16489	6	96	18456,0,0,0,0,0,0	279	0
163923	1547	2972	1742	772	744	156	96	15	6536	70	173	395	297	12	235	0	0	8029	0,0,0,0,0,0	25120	0	919	19709	94	0	19422,18948,18948,17246,17246,17246,17246	6	52	19381,0,0,0,0,0,0	291	0
163331	1511	3062	1777	813	756	170	103	16	6957	73	177	378	324	6	278	0	0	8192	0,0,0,0,0,0	25009	0	977	20686	98	0	20378,19866,19866,18024,18024,18024,18024	6	60	20358,0,0,0,0,0,0	312	0
162465	1665	3252	1888	820	794	169	101	17	7314	81	180	357	354	17	338	0	0	8689	0,0,0,0,0,0	13244	0	1270	21953	106	0	21621,21069,21069,19082,19082,19082,19082	7	127	21626,0,0,0,0,0,0	320	0
161676	1800	3345	1949	845	880	185	113	20	7668	83	182	339	315	17	324	0	0	9117	0,0,0,0,0,0	13240	0	1234	23185	115	0	22827,22230,22230,20081,20081,20081,20081	7	105	22861,0,0,0,0,0,0	317	0
160918	1834	3451	2063	858	939	189	122	21	8075	89	187	326	309	17	317	0	0	9456	0,0,0,0,0,0	28647	0	1184	24364	126	0	23982,23342,23342,21040,21040,21040,21040	7	101	24041,0,0,0,0,0,0	343	0
160192	1839	3588	2136	923	977	206	134	20	8449	93	189	288	333	16	310	0	0	9803	0,0,0,0,0,0	28832	0	1188	25547	138	0	25136,24451,24451,21984,21984,21984,21984	8	106	25224,0,0,0,0,0,0	356	0
159420	1860	3671	2225	999	998	216	146	19	8904	98	190	273	335	19	359	0	0	10115	0,0,0,0,0,0	28670	0	1223	26759	153	0	26323,25593,25593,22964,22964,22964,22964	8	118	26439,0,0,0,0,0,0	384	0
158885	1817	3682	2251	1005	1038	234	144	20	9367	111	192	254	278	15	321	0	0	10171	0,0,0,0,0,0	42871	0	1044	27801	163	0	27336,26555,26555,23742,23742,23742,23742	8	84	27482,0,0,0,0,0,0	390	0
158331	1791	3627	2356	1025	1031	249	149	19	9860	116	192	231	366	24	360	0	0	10228	0,0,0,0,0,0	42840	0	1090	28886	172	0	28388,27554,27554,24549,24549,24549,24549	8	93	28567,0,0,0,0,0,0	436	0
157823	1748	3673	2436	1050	1026	253	152	23	10242	125	195	225	318	19	411	0	0	10338	0,0,0,0,0,0	28920	0	1143	30026	180	0	29491,28594,28594,25359,25359,25359,25359	8	102	29707,0,0,0,0,0,0	413	0
