S	E	I1	I2	I3	I4	I5_h	I6_h	R_h	R	D1	D2	H	T	P1	P2	Q	QT	NQ	MUT	HOM	VAC	NI	INF	REINF	BSTR	IMM	HCI	HCE	INFV	INFH	VNI
178082	122	125	49	51	35	6	3	0	272	1	0	212	0	0	0	0	0	391	0,0,0,0,0,0	178745	0	0	391	0	0	664,664,664,664,664,664,664	0	0	0,0,0,0,0,0,0	0	0
178038	102	181	54	49	30	6	3	0	277	1	5	330	263	0	70	0	0	425	0,0,0,0,0,0	12377	0	61	452	0	0	708,708,708,708,708,708,708	0	5	61,0,0,0,0,0,0	10	0
177971	106	205	66	52	39	6	6	0	285	1	9	423	91	1	10	0	0	480	0,0,0,0,0,0	12692	0	76	529	0	0	775,775,775,775,775,775,775	0	10	138,0,0,0,0,0,0	10	0
177892	122	228	74	48	37	6	7	0	320	1	11	497	304	1	18	0	0	522	0,0,0,0,0,0	12787	0	90	619	0	0	854,854,854,854,854,854,854	0	7	228,0,0,0,0,0,0	12	0
177831	122	246	84	51	40	6	6	0	344	2	14	534	93	0	15	0	0	555	0,0,0,0,0,0	24675	0	76	695	0	0	918,918,918,918,918,918,918	0	3	304,0,0,0,0,0,0	17	0
177763	129	236	99	66	48	7	6	0	373	2	17	609	279	2	21	0	0	591	0,0,0,0,0,0	24871	0	82	777	0	0	991,991,991,991,991,991,991	0	6	386,0,0,0,0,0,0	17	0
177674	142	258	119	64	50	8	6	0	400	2	23	655	95	3	20	0	0	647	0,0,0,0,0,0	12652	0	102	879	1	0	1084,1084,1084,1084,1084,1084,1084	0	3	489,0,0,0,0,0,0	16	0
177589	145	275	128	65	55	11	6	0	441	2	29	657	97	2	26	0	0	685	0,0,0,0,0,0	12921	0	97	978	1	0	1175,1175,1175,1174,1174,1174,1174	0	5	588,0,0,0,0,0,0	21	0
177482	163	301	148	58	66	11	6	0	474	3	34	615	276	1	30	0	0	753	0,0,0,0,0,0	12897	0	130	1107	2	0	1291,1290,1290,1288,1288,1288,1288	0	9	718,0,0,0,0,0,0	22	0
177368	180	344	171	57	69	15	6	2	494	3	37	636	283	1	32	0	0	842	0,0,0,0,0,0	12915	0	138	1245	4	0	1414,1413,1413,1409,1409,1409,1409	0	9	858,0,0,0,0,0,0	19	0
177238	192	366	202	69	72	16	5	2	535	4	45	648	248	1	28	0	0	922	0,0,0,0,0,0	13027	0	147	1392	4	0	1553,1551,1551,1546,1546,1546,1546	0	17	1005,0,0,0,0,0,0	25	0
177150	179	378	198	80	87	16	5	2	597	4	50	697	249	2	28	0	0	943	0,0,0,0,0,0	25008	0	110	1500	6	0	1654,1652,1652,1643,1643,1643,1643	0	8	1114,0,0,0,0,0,0	31	0
177059	173	398	211	86	105	19	4	3	628	4	56	694	269	0	44	0	0	996	0,0,0,0,0,0	25010	0	124	1623	7	0	1768,1763,1763,1748,1748,1748,1748	0	9	1238,0,0,0,0,0,0	37	0
176917	205	419	223	95	114	24	7	2	676	4	60	660	266	0	41	0	0	1087	0,0,0,0,0,0	12894	0	175	1797	9	0	1928,1923,1923,1904,1904,1904,1904	0	24	1414,0,0,0,0,0,0	48	0
176767	242	436	248	110	129	25	10	2	709	4	64	699	247	2	47	0	0	1200	0,0,0,0,0,0	12799	0	193	1988	11	0	2103,2095,2095,2069,2069,2069,2069	0	20	1607,0,0,0,0,0,0	51	0
176593	293	442	257	122	134	28	13	2	791	4	67	717	313	1	59	0	0	1289	0,0,0,0,0,0	12962	0	212	2199	12	0	2301,2291,2291,2258,2258,2258,2258	1	18	1819,0,0,0,0,0,0	56	0
176440	295	506	260	134	135	26	12	3	862	4	69	692	247	3	48	0	0	1368	0,0,0,0,0,0	13121	0	198	2397	13	0	2484,2472,2472,2429,2429,2429,2429	1	28	2018,0,0,0,0,0,0	60	0
176266	312	536	290	149	133	25	12	3	943	4	73	708	225	1	67	0	0	1457	0,0,0,0,0,0	13021	0	218	2617	14	0	2690,2675,2675,2623,2623,2623,2623	1	23	2239,0,0,0,0,0,0	55	0
176101	345	544	304	164	136	26	12	4	1029	4	77	684	253	2	51	0	0	1531	0,0,0,0,0,0	25027	0	210	2827	16	0	2892,2874,2874,2809,2809,2809,2809	1	18	2451,0,0,0,0,0,0	63	0
175950	357	577	322	162	141	35	14	4	1097	5	82	680	249	2	59	0	0	1608	0,0,0,0,0,0	24942	0	219	3046	16	0	3100,3077,3077,2993,2993,2993,2993	1	15	2670,0,0,0,0,0,0	70	0
175775	336	644	339	160	158	36	16	4	1185	5	88	682	253	3	80	0	0	1689	0,0,0,0,0,0	13201	0	219	3265	16	0	3314,3287,3287,3190,3190,3190,3190	1	29	2889,0,0,0,0,0,0	79	0
175564	392	684	332	163	152	40	17	4	1300	6	92	680	296	2	60	0	0	1780	0,0,0,0,0,0	13034	0	274	3539	17	0	3580,3547,3547,3432,3432,3432,3432	1	32	3163,0,0,0,0,0,0	77	0
175343	413	742	347	175	165	41	15	5	1397	7	96	667	316	3	69	0	0	1898	0,0,0,0,0,0	13052	0	278	3815	20	0	3847,3810,3810,3680,3680,3680,3680	1	25	3440,0,0,0,0,0,0	90	0
175146	420	813	393	201	174	38	15	5	1433	9	99	646	249	3	67	0	0	2054	0,0,0,0,0,0	13086	0	293	4107	22	0	4129,4083,4083,3922,3922,3922,3922	2	36	3733,0,0,0,0,0,0	88	0
174867	468	869	423	220	185	42	16	5	1536	11	104	630	248	2	77	0	0	2223	0,0,0,0,0,0	12943	0	346	4455	23	0	4465,4414,4414,4233,4233,4233,4233	2	39	4081,0,0,0,0,0,0	86	0
174640	477	916	458	235	208	45	16	6	1630	11	104	608	328	4	85	0	0	2355	0,0,0,0,0,0	24715	0	319	4774	24	0	4770,4712,4712,4502,4502,4502,4502	2	19	4401,0,0,0,0,0,0	94	0
174402	469	985	507	241	216	46	16	6	1738	12	108	589	249	3	94	0	0	2480	0,0,0,0,0,0	24964	0	324	5099	25	0	5086,5019,5019,4782,4782,4782,4782	2	22	4726,0,0,0,0,0,0	117	0
174057	537	1041	536	263	232	44	20	6	1885	12	113	604	332	8	109	0	0	2673	0,0,0,0,0,0	12803	0	433	5534	26	0	5516,5441,5441,5173,5173,5173,5173	2	51	5161,0,0,0,0,0,0	107	0
173691	593	1132	586	290	221	48	25	3	2024	12	121	603	323	5	119	0	0	2895	0,0,0,0,0,0	12936	0	465	5999	28	0	5970,5886,5886,5586,5586,5586,5586	2	48	5626,0,0,0,0,0,0	109	0
173357	666	1142	640	310	255	54	23	5	2156	13	125	591	283	5	99	0	0	3090	0,0,0,0,0,0	12982	0	439	6439	29	0	6401,6307,6307,5972,5972,5972,5972	2	32	6066,0,0,0,0,0,0	112	0
173009	696	1249	669	338	278	60	22	6	2278	16	125	593	315	13	122	0	0	3312	0,0,0,0,0,0	12925	0	489	6928	30	0	6873,6767,6767,6386,6386,6386,6386	3	51	6555,0,0,0,0,0,0	116	0
172637	761	1339	704	325	312	63	28	7	2426	17	127	560	324	6	132	0	0	3532	0,0,0,0,0,0	13143	0	515	7441	32	0	7370,7250,7250,6825,6825,6825,6825	3	54	7068,0,0,0,0,0,0	125	0
172314	779	1404	727	339	351	69	24	7	2582	22	128	580	245	9	104	0	0	3693	0,0,0,0,0,0	24767	0	466	7908	34	0	7826,7693,7693,7216,7216,7216,7216	3	34	7536,0,0,0,0,0,0	125	0
172019	728	1451	817	358	388	74	26	6	2722	23	134	548	288	4	127	0	0	3842	0,0,0,0,0,0	24919	0	443	8351	38	0	8259,8111,8111,7583,7583,7583,7583	3	35	7979,0,0,0,0,0,0	139	0
171542	775	1616	843	381	395	80	26	6	2918	25	139	555	259	5	162	0	0	4116	0,0,0,0,0,0	13164	0	642	8991	41	0	8885,8722,8722,8139,8139,8139,8139	3	66	8619,0,0,0,0,0,0	136	0
171059	888	1696	891	398	413	80	27	6	3119	27	142	577	262	12	174	0	0	4393	0,0,0,0,0,0	12992	0	666	9657	42	0	9532,9351,9351,8706,8706,8706,8706	4	68	9286,0,0,0,0,0,0	148	0
170525	1009	1751	958	423	450	81	27	7	3342	28	145	567	262	9	156	0	0	4699	0,0,0,0,0,0	13141	0	717	10374	44	0	10238,10039,10039,9328,9328,9328,9328	4	64	10004,0,0,0,0,0,0	149	0
170021	1051	1859	1042	431	465	84	35	7	3574	28	149	527	313	6	180	0	0	4967	0,0,0,0,0,0	13171	0	685	11057	48	0	10909,10693,10693,9919,9919,9919,9919	4	68	10690,0,0,0,0,0,0	149	0
169466	1098	2022	1078	456	487	88	38	7	3825	29	152	543	296	5	165	0	0	5267	0,0,0,0,0,0	13115	0	761	11815	55	0	11657,11420,11420,10572,10572,10572,10572	4	64	11450,0,0,0,0,0,0	165	0
168996	1114	2085	1130	499	518	98	43	7	4068	30	158	517	331	6	185	0	0	5487	0,0,0,0,0,0	25235	0	671	12483	62	0	12315,12058,12058,11140,11140,11140,11140	4	54	12118,0,0,0,0,0,0	169	0
168543	1104	2188	1197	542	522	113	44	7	4292	35	159	516	263	13	193	0	0	5710	0,0,0,0,0,0	24898	0	713	13197	66	0	13011,12729,12729,11719,11719,11719,11719	4	53	12832,0,0,0,0,0,0	203	0
167917	1206	2337	1260	562	547	131	50	8	4532	35	161	512	305	12	224	0	0	6093	0,0,0,0,0,0	13233	0	904	14105	67	0	13901,13591,13591,12481,12481,12481,12481	5	97	13741,0,0,0,0,0,0	211	0
167270	1311	2385	1327	577	593	131	55	8	4884	38	167	499	311	19	223	0	0	6379	0,0,0,0,0,0	13188	0	893	14999	70	0	14781,14447,14447,13246,13246,13246,13246	5	84	14638,0,0,0,0,0,0	228	0
166631	1367	2522	1398	624	612	136	65	8	5173	40	170	479	335	7	253	0	0	6724	0,0,0,0,0,0	13236	0	937	15938	75	0	15704,15339,15339,14029,14029,14029,14029	5	76	15579,0,0,0,0,0,0	243	0
165892	1492	2674	1479	657	628	150	74	7	5477	44	172	486	302	11	266	0	0	7154	0,0,0,0,0,0	13279	0	1026	16970	79	0	16720,16326,16326,14909,14909,14909,14909	6	83	16612,0,0,0,0,0,0	255	0
165168	1503	2822	1574	692	643	160	72	11	5875	50	176	440	336	12	275	0	0	7466	0,0,0,0,0,0	13190	0	1008	17982	81	0	17717,17294,17294,15772,15772,15772,15772	6	100	17624,0,0,0,0,0,0	269	0
164601	1462	2887	1667	758	677	159	78	12	6212	55	178	431	296	12	220	0	0	7688	0,0,0,0,0,0	25197	0	882	18862	89	0	18579,18124,18124,16489,16489,16489,16489	6	56	18504,0,0,0,0,0,0	274	0
164034	1432	2977	1694	759	737	162	82	13	6613	60	183	419	321	8	256	0	0	7843	0,0,0,0,0,0	24973	0	922	19791	90	0	19490,18999,18999,17232,17232,17232,17232	6	67	19433,0,0,0,0,0,0	295	0
163214	1549	3112	1780	786	766	165	81	14	7025	67	187	390	332	18	324	0	0	8239	0,0,0,0,0,0	13224	0	1167	20951	103	0	20633,20107,20107,18215,18215,18215,18215	6	113	20595,0,0,0,0,0,0	292	0
162404	1721	3151	1875	815	841	170	92	15	7402	70	190	377	310	12	332	0	0	8665	0,0,0,0,0,0	13148	0	1197	22141	116	0	21800,21236,21236,19205,19205,19205,19205	7	100	21785,0,0,0,0,0,0	292	0
161704	1778	3230	1938	849	907	173	101	13	7784	74	195	373	310	11	296	0	0	8976	0,0,0,0,0,0	28690	0	1116	23257	122	0	22890,22285,22285,20104,20104,20104,20104	7	98	22901,0,0,0,0,0,0	314	0
161084	1768	3387	1970	869	952	186	107	18	8132	76	197	332	337	17	311	0	0	9239	0,0,0,0,0,0	29052	0	1106	24361	132	0	23966,23312,23312,20955,20955,20955,20955	8	105	24007,0,0,0,0,0,0	319	0
160339	1776	3484	2071	922	979	193	112	18	8572	82	198	317	350	15	362	0	0	9537	0,0,0,0,0,0	28748	0	1151	25508	145	0	25090,24395,24395,21890,21890,21890,21890	8	113	25156,0,0,0,0,0,0	328	0
159847	1722	3502	2118	943	1009	214	109	21	8965	95	201	311	282	14	328	0	0	9617	0,0,0,0,0,0	42691	0	986	26495	153	0	26047,25303,25303,22619,22619,22619,22619	8	71	26144,0,0,0,0,0,0	325	0
159377	1675	3470	2161	965	1011	227	118	21	9419	99	203	294	349	21	341	0	0	9627	0,0,0,0,0,0	42712	0	999	27487	165	0	27008,26211,26211,23338,23338,23338,23338	8	67	27136,0,0,0,0,0,0	370	0
158897	1598	3575	2230	1001	1001	234	120	25	9755	103	207	279	322	11	373	0	0	9759	0,0,0,0,0,0	29042	0	1079	28554	179	0	28044,27188,27188,24099,24099,24099,24099	8	108	28208,0,0,0,0,0,0	367	0
