S	E	I1	I2	I3	I4	I5_h	I6_h	R_h	R	D1	D2	H	T	P1	P2	Q	QT	NQ	MUT	HOM	VAC	NI	INF	REINF	BSTR	IMM	HCI	HCE	INFV	INFH	VNI
178136	97	130	54	48	41	8	1	0	227	4	0	212	0	0	0	0	0	379	0,0,0,0,0,0	178742	0	0	379	0	0	610,610,610,610,610,610,610	0	0	0,0,0,0,0,0,0	0	0
178060	91	181	55	41	44	10	1	0	254	4	5	332	315	1	67	0	0	423	0,0,0,0,0,0	12379	0	77	456	0	0	686,686,686,686,686,686,686	0	7	77,0,0,0,0,0,0	10	0
178002	102	192	65	43	41	11	2	0	275	4	9	426	294	0	18	0	0	456	0,0,0,0,0,0	12725	0	68	524	0	0	746,746,746,746,746,746,746	0	4	145,0,0,0,0,0,0	16	0
177942	100	217	85	41	43	12	2	0	289	4	11	501	99	0	21	0	0	500	0,0,0,0,0,0	12786	0	80	604	0	0	808,808,808,808,808,808,808	0	6	225,0,0,0,0,0,0	16	0
177877	107	228	99	54	46	12	4	0	301	4	14	538	263	1	23	0	0	550	0,0,0,0,0,0	24652	0	82	688	0	0	877,877,877,877,877,877,877	0	9	309,0,0,0,0,0,0	28	0
177788	133	231	115	65	53	10	4	1	325	4	17	608	155	0	16	0	0	611	0,0,0,0,0,0	24899	0	104	792	0	0	969,969,969,969,969,969,969	0	4	413,0,0,0,0,0,0	23	0
177704	126	256	135	66	58	11	5	1	357	4	23	654	269	0	23	0	0	657	0,0,0,0,0,0	12655	0	91	884	0	0	1058,1058,1058,1058,1058,1058,1058	0	12	505,0,0,0,0,0,0	28	0
177599	133	285	141	67	64	10	5	1	408	4	29	661	252	0	29	0	0	705	0,0,0,0,0,0	12903	0	113	998	1	0	1168,1167,1167,1167,1167,1167,1167	0	14	620,0,0,0,0,0,0	30	0
177471	161	305	153	74	71	9	7	1	456	4	34	620	276	1	33	0	0	780	0,0,0,0,0,0	12893	0	134	1133	1	0	1300,1300,1300,1298,1298,1298,1298	0	14	755,0,0,0,0,0,0	30	0
177360	181	329	166	76	75	13	7	1	496	4	38	645	343	1	30	0	0	847	0,0,0,0,0,0	12925	0	132	1265	1	0	1421,1420,1420,1416,1416,1416,1416	0	14	887,0,0,0,0,0,0	28	0
177239	204	349	188	82	76	15	7	2	535	4	45	660	280	2	30	0	0	921	0,0,0,0,0,0	13054	0	147	1411	2	0	1558,1556,1556,1548,1548,1548,1548	0	18	1034,0,0,0,0,0,0	38	0
177166	183	364	201	69	87	18	9	2	593	4	50	706	94	2	26	0	0	931	0,0,0,0,0,0	25024	0	107	1518	3	0	1654,1650,1650,1635,1635,1635,1635	0	11	1142,0,0,0,0,0,0	38	0
177056	179	401	197	86	100	18	10	2	637	4	56	702	277	0	41	0	0	991	0,0,0,0,0,0	25037	0	141	1658	4	0	1783,1777,1777,1759,1759,1759,1759	1	14	1283,0,0,0,0,0,0	56	0
176914	209	431	211	89	113	21	11	2	681	4	60	660	269	3	50	0	0	1085	0,0,0,0,0,0	12928	0	176	1834	5	0	1945,1938,1938,1914,1914,1914,1914	1	22	1460,0,0,0,0,0,0	64	0
176798	225	452	237	87	102	24	11	3	739	4	64	685	246	2	49	0	0	1138	0,0,0,0,0,0	12804	0	157	1989	7	0	2082,2073,2073,2044,2044,2044,2044	1	19	1615,0,0,0,0,0,0	59	0
176632	255	478	251	97	112	24	10	3	811	6	67	708	256	1	36	0	0	1227	0,0,0,0,0,0	12946	0	193	2185	7	0	2271,2261,2261,2224,2224,2224,2224	1	25	1811,0,0,0,0,0,0	58	0
176456	281	523	267	109	120	23	11	3	877	7	69	676	246	2	48	0	0	1334	0,0,0,0,0,0	13144	0	220	2403	10	0	2476,2463,2463,2418,2418,2418,2418	1	24	2031,0,0,0,0,0,0	61	0
176246	316	551	285	154	140	26	10	4	935	8	71	697	268	1	53	0	0	1482	0,0,0,0,0,0	12967	0	257	2658	12	0	2721,2705,2705,2649,2649,2649,2649	1	25	2287,0,0,0,0,0,0	66	0
176079	343	581	305	158	143	25	7	4	1016	10	75	684	259	7	74	0	0	1562	0,0,0,0,0,0	24986	0	220	2878	12	0	2931,2911,2911,2841,2841,2841,2841	1	17	2507,0,0,0,0,0,0	73	0
175904	348	629	316	171	152	27	9	3	1096	11	80	675	249	2	55	0	0	1652	0,0,0,0,0,0	24963	0	236	3114	14	0	3152,3128,3128,3044,3044,3044,3044	1	19	2744,0,0,0,0,0,0	78	0
175701	356	701	330	176	169	25	11	2	1179	11	85	692	316	0	76	0	0	1768	0,0,0,0,0,0	13226	0	260	3376	15	0	3406,3377,3377,3275,3275,3275,3275	1	27	3007,0,0,0,0,0,0	80	0
175483	394	732	356	179	170	29	11	2	1288	12	90	684	294	1	70	0	0	1871	0,0,0,0,0,0	13019	0	275	3650	16	0	3674,3640,3640,3520,3520,3520,3520	1	37	3281,0,0,0,0,0,0	69	0
175249	417	768	382	194	199	31	11	3	1386	12	94	676	272	3	71	0	0	2002	0,0,0,0,0,0	13065	0	297	3946	18	0	3964,3925,3925,3785,3785,3785,3785	2	30	3577,0,0,0,0,0,0	79	0
175032	445	805	437	201	202	30	12	3	1470	12	97	653	323	3	82	0	0	2132	0,0,0,0,0,0	13084	0	288	4235	19	0	4246,4200,4200,4036,4036,4036,4036	2	31	3867,0,0,0,0,0,0	77	0
174765	486	854	456	229	218	32	17	3	1573	12	101	638	244	6	76	0	0	2292	0,0,0,0,0,0	12981	0	338	4576	19	0	4577,4525,4525,4339,4339,4339,4339	2	41	4208,0,0,0,0,0,0	80	0
174562	489	902	490	236	221	34	20	3	1675	13	101	610	332	4	80	0	0	2392	0,0,0,0,0,0	24702	0	305	4879	21	0	4867,4806,4806,4588,4588,4588,4588	2	24	4513,0,0,0,0,0,0	82	0
174309	472	985	520	242	238	38	19	4	1799	16	104	609	246	3	86	0	0	2514	0,0,0,0,0,0	25028	0	331	5211	22	0	5194,5125,5125,4879,4879,4879,4879	2	25	4846,0,0,0,0,0,0	107	0
174014	531	1048	554	257	235	34	24	5	1917	18	109	623	314	4	106	0	0	2683	0,0,0,0,0,0	12876	0	413	5624	23	0	5597,5517,5517,5232,5232,5232,5232	2	46	5260,0,0,0,0,0,0	102	0
173641	617	1091	607	273	235	36	27	4	2078	21	116	618	326	5	105	0	0	2886	0,0,0,0,0,0	12926	0	460	6089	23	0	6058,5969,5969,5651,5651,5651,5651	2	41	5725,0,0,0,0,0,0	104	0
173315	664	1128	648	318	271	35	29	4	2192	22	120	600	218	6	97	0	0	3093	0,0,0,0,0,0	12967	0	441	6531	24	0	6488,6389,6389,6033,6033,6033,6033	2	39	6167,0,0,0,0,0,0	102	0
172917	722	1239	675	322	297	43	32	4	2353	22	120	601	318	11	129	0	0	3330	0,0,0,0,0,0	12910	0	510	7045	25	0	6993,6882,6882,6486,6486,6486,6486	3	48	6682,0,0,0,0,0,0	111	0
172535	748	1361	733	311	305	45	38	5	2522	22	121	575	308	4	138	0	0	3541	0,0,0,0,0,0	13139	0	520	7565	26	0	7500,7376,7376,6934,6934,6934,6934	3	57	7202,0,0,0,0,0,0	119	0
172183	752	1463	753	335	343	53	44	5	2669	24	122	586	288	7	103	0	0	3743	0,0,0,0,0,0	24784	0	492	8057	29	0	7979,7842,7842,7352,7352,7352,7352	3	43	7694,0,0,0,0,0,0	127	0
171883	741	1450	827	355	387	62	48	6	2835	25	127	559	291	6	124	0	0	3870	0,0,0,0,0,0	24920	0	451	8508	33	0	8420,8268,8268,7726,7726,7726,7726	3	37	8145,0,0,0,0,0,0	142	0
171389	808	1602	824	385	403	69	51	6	3050	26	133	559	252	7	165	0	0	4142	0,0,0,0,0,0	13220	0	654	9159	36	0	9063,8896,8896,8299,8299,8299,8299	3	63	8796,0,0,0,0,0,0	150	0
170927	899	1702	872	395	434	73	50	6	3223	29	136	565	310	12	184	0	0	4425	0,0,0,0,0,0	13055	0	644	9804	37	0	9694,9509,9509,8847,8847,8847,8847	4	61	9442,0,0,0,0,0,0	171	0
170395	989	1807	945	420	452	76	49	5	3434	34	140	561	257	10	158	0	0	4738	0,0,0,0,0,0	13127	0	728	10535	39	0	10408,10204,10204,9474,9474,9474,9474	4	71	10174,0,0,0,0,0,0	168	0
169864	1084	1868	1041	424	486	83	54	9	3654	34	145	537	321	8	186	0	0	5040	0,0,0,0,0,0	13165	0	722	11258	41	0	11119,10897,10897,10099,10099,10099,10099	4	67	10897,0,0,0,0,0,0	172	0
169299	1154	2012	1087	454	499	94	55	10	3896	37	149	557	238	3	183	0	0	5355	0,0,0,0,0,0	13101	0	769	12029	46	0	11876,11633,11633,10762,10762,10762,10762	4	67	11670,0,0,0,0,0,0	195	0
168843	1140	2087	1128	472	532	96	57	9	4187	41	154	524	336	6	168	0	0	5512	0,0,0,0,0,0	25247	0	656	12687	48	0	12524,12261,12261,11317,11317,11317,11317	4	49	12328,0,0,0,0,0,0	194	0
168393	1100	2226	1181	499	532	105	62	7	4443	44	154	520	259	12	186	0	0	5705	0,0,0,0,0,0	24896	0	719	13400	57	0	13218,12929,12929,11893,11893,11893,11893	4	59	13044,0,0,0,0,0,0	216	0
167739	1230	2380	1249	540	546	122	65	9	4663	46	157	516	312	12	245	0	0	6132	0,0,0,0,0,0	13261	0	940	14341	60	0	14143,13826,13826,12686,12686,12686,12686	5	109	13985,0,0,0,0,0,0	223	0
167094	1351	2482	1283	564	584	121	73	9	4975	47	163	497	319	15	207	0	0	6458	0,0,0,0,0,0	13200	0	904	15249	61	0	15036,14692,14692,13457,13457,13457,13457	6	91	14894,0,0,0,0,0,0	239	0
166451	1376	2647	1401	599	617	130	77	12	5224	48	164	473	327	8	223	0	0	6847	0,0,0,0,0,0	13250	0	946	16197	67	0	15964,15590,15590,14246,14246,14246,14246	6	86	15842,0,0,0,0,0,0	247	0
165701	1500	2768	1495	657	666	139	84	10	5507	53	166	491	303	17	255	0	0	7309	0,0,0,0,0,0	13363	0	1054	17260	70	0	17007,16602,16602,15147,15147,15147,15147	6	95	16906,0,0,0,0,0,0	246	0
164926	1573	2890	1582	691	689	147	85	11	5924	58	170	444	330	9	293	0	0	7657	0,0,0,0,0,0	13232	0	1060	18323	75	0	18054,17620,17620,16060,16060,16060,16060	6	104	17973,0,0,0,0,0,0	261	0
164320	1562	2947	1675	744	705	155	92	12	6298	63	173	444	298	12	246	0	0	7880	0,0,0,0,0,0	25175	0	913	19236	84	0	18949,18485,18485,16813,16813,16813,16813	6	50	18887,0,0,0,0,0,0	282	0
163763	1462	3055	1766	759	746	168	93	10	6677	69	178	428	324	8	269	0	0	8049	0,0,0,0,0,0	24965	0	924	20161	87	0	19854,19352,19352,17548,17548,17548,17548	6	66	19812,0,0,0,0,0,0	314	0
162908	1597	3234	1847	773	781	169	94	11	7073	76	183	389	355	21	325	0	0	8495	0,0,0,0,0,0	13232	0	1222	21382	94	0	21056,20517,20517,18579,18579,18579,18579	7	112	21034,0,0,0,0,0,0	320	0
162082	1778	3285	1951	792	851	178	104	12	7449	79	185	373	317	13	309	0	0	8939	0,0,0,0,0,0	13210	0	1240	22617	104	0	22266,21686,21686,19599,19599,19599,19599	7	107	22271,0,0,0,0,0,0	312	0
161324	1807	3401	2050	816	897	174	110	11	7881	86	189	356	315	19	324	0	0	9255	0,0,0,0,0,0	28621	0	1162	23775	114	0	23400,22780,22780,20547,20547,20547,20547	7	99	23430,0,0,0,0,0,0	326	0
160648	1810	3521	2147	859	886	191	118	14	8272	90	190	336	328	16	276	0	0	9532	0,0,0,0,0,0	28863	0	1138	24908	126	0	24506,23840,23840,21441,21441,21441,21441	7	97	24564,0,0,0,0,0,0	330	0
159942	1771	3638	2219	910	918	208	123	15	8717	93	192	315	349	17	329	0	0	9787	0,0,0,0,0,0	28618	0	1153	26058	137	0	25628,24918,24918,22358,22358,22358,22358	8	104	25714,0,0,0,0,0,0	355	0
159414	1724	3617	2259	952	999	216	114	17	9131	108	195	308	262	15	305	0	0	9881	0,0,0,0,0,0	42817	0	1018	27073	147	0	26615,25856,25856,23119,23119,23119,23119	8	79	26730,0,0,0,0,0,0	365	0
158917	1651	3611	2308	986	1004	227	120	17	9597	112	196	288	361	23	338	0	0	9907	0,0,0,0,0,0	42811	0	1054	28121	157	0	27630,26816,26816,23879,23879,23879,23879	8	59	27780,0,0,0,0,0,0	395	0
158427	1650	3577	2369	1031	1021	230	126	21	9977	118	199	282	326	23	384	0	0	10004	0,0,0,0,0,0	28952	0	1087	29208	162	0	28683,27809,27809,24654,24654,24654,24654	8	105	28868,0,0,0,0,0,0	372	0
