S	E	I1	I2	I3	I4	I5_h	I6_h	R_h	R	D1	D2	H	T	P1	P2	Q	QT	NQ	MUT	HOM	VAC	NI	INF	REINF	BSTR	IMM	HCI	HCE	INFV	INFH	VNI
178132	110	125	59	48	37	3	6	0	225	1	0	212	0	0	0	0	0	388	0,0,0,0,0,0	178745	0	0	388	0	0	614,614,614,614,614,614,614	0	0	0,0,0,0,0,0,0	0	0
178063	90	179	71	57	34	3	6	0	237	1	5	331	321	0	75	0	0	440	0,0,0,0,0,0	12383	0	75	463	0	0	683,683,683,683,683,683,683	0	11	75,0,0,0,0,0,0	12	0
177988	112	190	82	59	32	3	6	0	264	1	9	428	241	1	10	0	0	484	0,0,0,0,0,0	12681	0	82	546	0	0	759,759,759,759,759,759,759	0	4	158,0,0,0,0,0,0	12	0
177915	124	204	96	60	41	7	6	0	281	1	11	495	257	2	23	0	0	538	0,0,0,0,0,0	12776	0	84	631	0	0	834,834,834,834,834,834,834	0	6	243,0,0,0,0,0,0	11	0
177820	135	240	111	56	44	10	6	0	309	1	14	534	265	2	17	0	0	602	0,0,0,0,0,0	24640	0	103	736	0	0	931,931,931,931,931,931,931	0	7	348,0,0,0,0,0,0	22	0
177733	146	252	114	65	55	9	4	1	348	2	17	607	336	1	20	0	0	645	0,0,0,0,0,0	24888	0	98	837	0	0	1021,1021,1021,1021,1021,1021,1021	0	4	449,0,0,0,0,0,0	20	0
177647	148	274	124	65	56	12	6	1	388	2	23	653	261	2	31	0	0	685	0,0,0,0,0,0	12651	0	93	930	0	0	1110,1110,1110,1110,1110,1110,1110	0	10	542,0,0,0,0,0,0	22	0
177555	143	304	136	71	63	12	5	1	424	3	29	656	292	2	20	0	0	734	0,0,0,0,0,0	12910	0	106	1036	0	0	1208,1208,1208,1207,1207,1207,1207	0	7	648,0,0,0,0,0,0	29	0
177443	158	321	163	72	66	17	6	1	462	3	34	607	325	2	28	0	0	803	0,0,0,0,0,0	12856	0	125	1160	2	0	1327,1326,1326,1325,1325,1325,1325	0	12	774,0,0,0,0,0,0	28	0
177334	170	356	173	79	72	16	7	2	497	3	37	639	279	2	27	0	0	873	0,0,0,0,0,0	12918	0	133	1295	2	0	1446,1445,1445,1443,1443,1443,1443	0	15	909,0,0,0,0,0,0	30	0
177196	203	374	199	73	81	15	8	2	548	3	44	655	244	1	31	0	0	953	0,0,0,0,0,0	13075	0	154	1449	3	0	1596,1594,1594,1590,1590,1590,1590	0	16	1064,0,0,0,0,0,0	30	0
177096	206	367	216	81	87	18	10	2	611	3	49	699	248	1	33	0	0	985	0,0,0,0,0,0	25024	0	120	1570	4	0	1707,1705,1705,1698,1698,1698,1698	0	9	1186,0,0,0,0,0,0	40	0
176987	192	408	227	76	91	22	9	3	673	3	55	691	274	2	35	0	0	1025	0,0,0,0,0,0	24997	0	133	1702	5	0	1830,1827,1827,1818,1818,1818,1818	0	11	1319,0,0,0,0,0,0	51	0
176823	230	445	234	80	96	20	11	3	743	3	58	656	268	4	44	0	0	1116	0,0,0,0,0,0	12888	0	190	1890	7	0	2010,2006,2006,1992,1992,1992,1992	1	34	1509,0,0,0,0,0,0	54	0
176695	235	484	252	96	96	19	11	3	789	4	62	694	292	0	42	0	0	1193	0,0,0,0,0,0	12788	0	168	2058	7	0	2162,2156,2156,2136,2136,2136,2136	1	17	1677,0,0,0,0,0,0	56	0
176518	268	518	267	90	105	17	11	4	879	4	65	717	253	1	36	0	0	1276	0,0,0,0,0,0	12966	0	204	2257	12	0	2355,2348,2348,2323,2323,2323,2323	1	24	1880,0,0,0,0,0,0	47	0
176326	319	533	291	112	112	17	11	6	948	4	67	687	296	2	38	0	0	1395	0,0,0,0,0,0	13140	0	232	2491	12	0	2577,2568,2568,2534,2534,2534,2534	1	20	2114,0,0,0,0,0,0	52	0
176115	346	597	319	129	132	21	14	5	993	4	71	704	225	2	63	0	0	1558	0,0,0,0,0,0	13011	0	266	2757	14	0	2829,2816,2816,2769,2769,2769,2769	1	29	2381,0,0,0,0,0,0	57	0
175954	359	638	333	145	145	21	12	4	1054	6	75	691	260	5	67	0	0	1653	0,0,0,0,0,0	24998	0	228	2983	16	0	3044,3026,3026,2960,2960,2960,2960	1	18	2609,0,0,0,0,0,0	62	0
175773	358	682	359	155	165	25	16	3	1124	6	80	686	246	2	57	0	0	1760	0,0,0,0,0,0	24991	0	239	3223	17	0	3278,3254,3254,3171,3171,3171,3171	1	22	2850,0,0,0,0,0,0	76	0
175558	377	745	383	161	180	26	19	2	1203	7	85	688	311	1	85	0	0	1891	0,0,0,0,0,0	13209	0	284	3506	19	0	3550,3521,3521,3420,3420,3420,3420	1	30	3135,0,0,0,0,0,0	81	0
175343	424	759	417	167	184	31	20	3	1301	8	89	683	238	2	69	0	0	2002	0,0,0,0,0,0	13038	0	278	3784	20	0	3816,3783,3783,3664,3664,3664,3664	2	33	3413,0,0,0,0,0,0	81	0
175080	458	832	440	178	199	31	19	4	1403	9	93	673	272	3	71	0	0	2157	0,0,0,0,0,0	13086	0	341	4125	21	0	4144,4104,4104,3963,3963,3963,3963	2	35	3754,0,0,0,0,0,0	85	0
174833	477	886	480	197	214	32	21	4	1496	10	96	654	246	3	73	0	0	2307	0,0,0,0,0,0	13080	0	326	4453	22	0	4463,4416,4416,4247,4247,4247,4247	2	43	4083,0,0,0,0,0,0	87	0
174514	547	936	493	220	232	35	27	3	1628	10	101	641	245	2	86	0	0	2490	0,0,0,0,0,0	12962	0	385	4841	23	0	4846,4792,4792,4601,4601,4601,4601	2	43	4472,0,0,0,0,0,0	98	0
174292	547	980	512	228	238	39	26	3	1766	12	103	612	330	4	86	0	0	2570	0,0,0,0,0,0	24700	0	311	5152	23	0	5145,5083,5083,4864,4864,4864,4864	2	19	4783,0,0,0,0,0,0	105	0
174039	530	1053	549	229	255	44	27	3	1898	13	106	606	249	6	96	0	0	2687	0,0,0,0,0,0	24976	0	334	5488	24	0	5473,5404,5404,5157,5157,5157,5157	2	32	5119,0,0,0,0,0,0	120	0
173714	582	1117	573	256	259	44	30	3	2043	14	111	623	268	5	121	0	0	2861	0,0,0,0,0,0	12879	0	425	5915	25	0	5891,5812,5812,5531,5531,5531,5531	2	49	5547,0,0,0,0,0,0	119	0
173343	642	1199	617	271	277	46	32	2	2183	16	118	612	323	3	112	0	0	3084	0,0,0,0,0,0	12994	0	486	6403	25	0	6370,6280,6280,5958,5958,5958,5958	3	49	6035,0,0,0,0,0,0	121	0
172994	696	1249	651	314	306	48	32	3	2311	20	122	595	280	8	112	0	0	3296	0,0,0,0,0,0	12969	0	462	6867	26	0	6826,6725,6725,6364,6364,6364,6364	3	42	6499,0,0,0,0,0,0	122	0
172609	739	1340	693	325	327	57	35	2	2476	21	122	595	319	11	129	0	0	3516	0,0,0,0,0,0	12915	0	519	7389	26	0	7332,7218,7218,6813,6813,6813,6813	3	51	7021,0,0,0,0,0,0	133	0
172198	817	1424	741	322	344	56	36	4	2657	22	125	563	324	9	157	0	0	3740	0,0,0,0,0,0	13197	0	547	7933	31	0	7864,7738,7738,7287,7287,7287,7287	3	57	7566,0,0,0,0,0,0	135	0
171816	820	1526	774	347	377	63	39	4	2828	26	126	576	241	3	107	0	0	3946	0,0,0,0,0,0	24724	0	512	8449	32	0	8366,8228,8228,7733,7733,7733,7733	3	43	8082,0,0,0,0,0,0	135	0
171497	780	1555	845	368	425	67	42	3	3004	28	132	551	291	6	129	0	0	4082	0,0,0,0,0,0	24938	0	480	8932	35	0	8842,8687,8687,8133,8133,8133,8133	3	43	8567,0,0,0,0,0,0	147	0
170957	858	1688	884	404	443	76	41	6	3221	30	138	535	254	6	186	0	0	4394	0,0,0,0,0,0	13176	0	701	9633	37	0	9534,9364,9364,8752,8752,8752,8752	4	76	9269,0,0,0,0,0,0	141	0
170473	973	1760	955	419	458	78	42	5	3410	31	142	568	258	10	203	0	0	4685	0,0,0,0,0,0	13048	0	674	10307	40	0	10193,10004,10004,9326,9326,9326,9326	4	69	9945,0,0,0,0,0,0	157	0
169935	1037	1858	1012	449	487	77	43	7	3662	33	146	554	263	15	163	0	0	4963	0,0,0,0,0,0	13179	0	732	11042	41	0	10917,10708,10708,9960,9960,9960,9960	4	72	10681,0,0,0,0,0,0	165	0
169426	1097	1940	1083	458	510	84	49	8	3908	33	150	524	315	5	180	0	0	5221	0,0,0,0,0,0	13171	0	710	11750	46	0	11614,11385,11385,10566,10566,10566,10566	4	57	11390,0,0,0,0,0,0	169	0
168921	1138	2078	1124	475	527	92	52	8	4143	35	153	544	293	3	189	0	0	5486	0,0,0,0,0,0	13194	0	754	12505	50	0	12352,12099,12099,11191,11191,11191,11191	5	66	12145,0,0,0,0,0,0	189	0
168418	1142	2175	1157	500	555	92	65	7	4441	37	157	507	274	6	203	0	0	5686	0,0,0,0,0,0	25264	0	704	13212	53	0	13049,12775,12775,11793,11793,11793,11793	5	55	12853,0,0,0,0,0,0	199	0
167971	1084	2318	1229	534	571	108	73	8	4651	42	157	502	327	13	207	0	0	5917	0,0,0,0,0,0	24989	0	720	13931	60	0	13749,13448,13448,12371,12371,12371,12371	5	56	13572,0,0,0,0,0,0	218	0
167345	1211	2440	1305	559	594	117	76	11	4882	45	161	490	304	12	239	0	0	6302	0,0,0,0,0,0	13226	0	935	14871	61	0	14666,14335,14335,13147,13147,13147,13147	5	95	14512,0,0,0,0,0,0	225	0
166656	1328	2532	1357	595	617	115	73	12	5242	52	167	472	310	17	232	0	0	6617	0,0,0,0,0,0	13213	0	944	15819	64	0	15595,15239,15239,13959,13959,13959,13959	5	84	15460,0,0,0,0,0,0	239	0
165976	1398	2649	1446	648	649	121	77	13	5546	54	169	444	332	9	248	0	0	6988	0,0,0,0,0,0	13230	0	985	16806	70	0	16561,16175,16175,14785,14785,14785,14785	6	91	16447,0,0,0,0,0,0	243	0
165235	1558	2766	1493	688	680	128	84	14	5869	60	171	458	298	15	276	0	0	7397	0,0,0,0,0,0	13283	0	1067	17876	74	0	17612,17192,17192,15684,15684,15684,15684	6	92	17518,0,0,0,0,0,0	246	0
164508	1591	2913	1602	710	693	138	88	15	6246	66	176	416	331	12	276	0	0	7735	0,0,0,0,0,0	13248	0	1038	18916	78	0	18633,18182,18182,16562,16562,16562,16562	6	87	18559,0,0,0,0,0,0	252	0
163948	1551	2967	1678	791	719	148	91	15	6590	71	177	419	288	11	249	0	0	7945	0,0,0,0,0,0	25198	0	909	19823	86	0	19519,19034,19034,17288,17288,17288,17288	6	61	19467,0,0,0,0,0,0	264	0
163418	1458	3098	1750	812	767	159	94	13	6919	76	182	410	320	9	264	0	0	8138	0,0,0,0,0,0	25093	0	941	20763	92	0	20438,19911,19911,18017,18017,18017,18017	6	55	20408,0,0,0,0,0,0	288	0
162562	1565	3287	1825	802	796	161	93	13	7373	84	185	383	344	19	328	0	0	8529	0,0,0,0,0,0	13253	0	1233	21996	99	0	21649,21085,21085,19053,19053,19053,19053	6	127	21642,0,0,0,0,0,0	290	0
161740	1770	3302	1930	833	880	177	109	11	7721	86	187	367	311	18	337	0	0	9001	0,0,0,0,0,0	13235	0	1253	23246	109	0	22873,22266,22266,20078,20078,20078,20078	7	119	22893,0,0,0,0,0,0	297	0
160997	1850	3384	1999	863	950	183	114	11	8109	94	192	349	310	19	329	0	0	9343	0,0,0,0,0,0	28614	0	1178	24423	115	0	24024,23373,23373,21028,21028,21028,21028	7	102	24070,0,0,0,0,0,0	329	0
160364	1847	3479	2073	894	991	198	122	12	8473	100	193	307	334	12	311	0	0	9604	0,0,0,0,0,0	28993	0	1128	25549	123	0	25120,24419,24419,21896,21896,21896,21896	8	96	25197,0,0,0,0,0,0	339	0
159692	1839	3574	2143	937	1013	209	124	14	8902	105	194	298	333	16	364	0	0	9839	0,0,0,0,0,0	28669	0	1146	26697	130	0	26237,25490,25490,22794,22794,22794,22794	8	109	26345,0,0,0,0,0,0	350	0
159138	1770	3628	2235	950	1032	223	125	18	9314	115	198	281	328	15	325	0	0	9963	0,0,0,0,0,0	42851	0	1048	27743	140	0	27257,26459,26459,23583,23583,23583,23583	8	76	27394,0,0,0,0,0,0	366	0
158628	1702	3600	2308	986	1018	240	132	15	9798	120	199	259	344	20	318	0	0	9986	0,0,0,0,0,0	42710	0	1047	28791	144	0	28273,27421,27421,24350,24350,24350,24350	8	81	28443,0,0,0,0,0,0	406	0
158130	1669	3652	2361	1008	1002	244	133	19	10196	130	202	238	314	17	404	0	0	10069	0,0,0,0,0,0	28893	0	1131	29914	155	0	29360,28446,28446,25146,25146,25146,25146	8	122	29568,0,0,0,0,0,0	387	0
