S	E	I1	I2	I3	I4	I5_h	I6_h	R_h	R	D1	D2	H	T	P1	P2	Q	QT	NQ	MUT	HOM	VAC	NI	INF	REINF	BSTR	IMM	HCI	HCE	INFV	INFH	VNI
178109	113	126	49	45	40	10	3	0	250	1	0	209	0	0	0	0	0	386	0,0,0,0,0,0	178745	0	0	386	0	0	637,637,637,637,637,637,637	0	0	0,0,0,0,0,0,0	0	0
178044	102	174	58	44	36	12	3	0	267	1	5	331	320	0	84	0	0	429	0,0,0,0,0,0	12388	0	71	457	0	0	702,702,702,702,702,702,702	0	7	71,0,0,0,0,0,0	13	0
177961	114	210	68	46	36	14	3	0	284	1	9	421	89	0	11	0	0	491	0,0,0,0,0,0	12717	0	89	547	0	0	785,785,785,785,785,785,785	0	11	161,0,0,0,0,0,0	20	0
177885	131	224	90	49	40	14	3	0	297	1	12	491	303	3	15	0	0	551	0,0,0,0,0,0	12770	0	90	637	0	0	862,862,862,862,862,862,862	0	5	251,0,0,0,0,0,0	19	0
177794	144	252	106	61	48	13	4	0	308	1	15	529	321	1	17	0	0	628	0,0,0,0,0,0	24646	0	104	742	0	0	956,956,956,956,956,956,956	0	9	356,0,0,0,0,0,0	23	0
177699	166	267	116	73	55	14	4	0	333	1	18	600	340	0	23	0	0	695	0,0,0,0,0,0	24882	0	110	851	1	0	1053,1053,1053,1053,1053,1053,1053	0	11	466,0,0,0,0,0,0	26	0
177609	163	308	129	71	63	14	4	0	361	1	23	649	95	2	29	0	0	752	0,0,0,0,0,0	12643	0	107	960	1	0	1147,1147,1147,1147,1147,1147,1147	0	5	575,0,0,0,0,0,0	29	0
177495	162	345	154	76	67	12	4	0	400	1	30	647	245	1	29	0	0	820	0,0,0,0,0,0	12924	0	126	1088	1	0	1265,1265,1265,1264,1264,1264,1264	0	12	703,0,0,0,0,0,0	36	0
177370	166	373	167	88	76	13	5	0	452	1	35	610	276	2	42	0	0	888	0,0,0,0,0,0	12865	0	136	1224	1	0	1397,1396,1396,1395,1395,1395,1395	0	13	839,0,0,0,0,0,0	38	0
177239	184	406	184	80	98	14	7	1	494	1	38	633	340	0	31	0	0	973	0,0,0,0,0,0	12925	0	151	1374	2	0	1537,1536,1536,1533,1533,1533,1533	0	19	990,0,0,0,0,0,0	41	0
177079	219	426	215	86	106	15	9	1	545	1	44	653	246	1	39	0	0	1076	0,0,0,0,0,0	13028	0	179	1553	4	0	1705,1704,1704,1699,1699,1699,1699	1	20	1170,0,0,0,0,0,0	43	0
176960	236	431	226	83	96	18	10	1	634	2	49	694	249	3	36	0	0	1100	0,0,0,0,0,0	25067	0	143	1694	7	0	1837,1835,1835,1827,1827,1827,1827	1	15	1314,0,0,0,0,0,0	50	0
176836	227	459	252	96	100	19	10	1	689	2	55	695	270	1	39	0	0	1163	0,0,0,0,0,0	25017	0	153	1846	8	0	1979,1975,1975,1964,1964,1964,1964	1	11	1467,0,0,0,0,0,0	73	0
176691	260	480	270	96	110	19	10	1	748	2	59	659	262	1	40	0	0	1245	0,0,0,0,0,0	12904	0	189	2035	8	0	2153,2147,2147,2128,2128,2128,2128	1	27	1656,0,0,0,0,0,0	72	0
176550	271	495	292	112	121	21	8	3	808	2	63	696	244	1	45	0	0	1320	0,0,0,0,0,0	12814	0	174	2207	10	0	2315,2308,2308,2283,2283,2283,2283	1	19	1829,0,0,0,0,0,0	65	0
176376	306	510	311	119	129	21	11	2	893	2	66	719	312	2	56	0	0	1407	0,0,0,0,0,0	12972	0	206	2411	13	0	2509,2500,2500,2470,2470,2470,2470	1	21	2035,0,0,0,0,0,0	63	0
176169	320	576	336	128	131	23	11	3	979	2	68	683	296	2	56	0	0	1525	0,0,0,0,0,0	13141	0	249	2661	13	0	2749,2737,2737,2696,2696,2696,2696	1	30	2285,0,0,0,0,0,0	77	0
175939	364	630	343	145	133	23	9	1	1085	4	70	702	225	1	56	0	0	1647	0,0,0,0,0,0	12963	0	271	2931	15	0	3010,2995,2995,2944,2944,2944,2944	1	28	2556,0,0,0,0,0,0	70	0
175745	395	661	353	148	154	21	9	1	1181	4	74	683	257	3	57	0	0	1741	0,0,0,0,0,0	25004	0	247	3177	16	0	3244,3226,3226,3160,3160,3160,3160	1	17	2803,0,0,0,0,0,0	72	0
175567	401	706	378	153	157	25	15	1	1260	4	79	677	249	5	62	0	0	1835	0,0,0,0,0,0	24924	0	242	3419	17	0	3475,3452,3452,3369,3369,3369,3369	1	17	3046,0,0,0,0,0,0	80	0
175347	408	780	404	164	167	22	16	2	1348	4	84	685	321	3	78	0	0	1961	0,0,0,0,0,0	13177	0	286	3704	18	0	3751,3722,3722,3621,3621,3621,3621	2	40	3332,0,0,0,0,0,0	78	0
175089	452	814	434	169	193	25	14	4	1459	5	88	680	243	0	64	0	0	2101	0,0,0,0,0,0	13016	0	314	4018	19	0	4052,4020,4020,3904,3904,3904,3904	2	40	3647,0,0,0,0,0,0	67	0
174846	476	862	457	195	216	28	14	5	1549	5	93	678	277	4	85	0	0	2248	0,0,0,0,0,0	13068	0	324	4343	20	0	4365,4326,4326,4185,4185,4185,4185	2	36	3972,0,0,0,0,0,0	77	0
174588	510	935	497	213	224	30	17	4	1627	5	96	657	258	3	89	0	0	2426	0,0,0,0,0,0	13093	0	358	4701	24	0	4713,4665,4665,4492,4492,4492,4492	2	45	4334,0,0,0,0,0,0	79	0
174271	563	978	509	243	235	35	22	4	1779	6	101	644	244	2	83	0	0	2585	0,0,0,0,0,0	13008	0	382	5084	26	0	5088,5034,5034,4841,4841,4841,4841	2	51	4719,0,0,0,0,0,0	88	0
174036	560	1015	559	251	239	39	28	2	1910	6	101	608	285	3	98	0	0	2691	0,0,0,0,0,0	24752	0	337	5419	28	0	5412,5349,5349,5124,5124,5124,5124	2	26	5054,0,0,0,0,0,0	95	0
173794	513	1093	593	258	256	43	27	2	2055	7	105	590	244	3	89	0	0	2783	0,0,0,0,0,0	25011	0	330	5749	29	0	5734,5663,5663,5408,5408,5408,5408	3	27	5385,0,0,0,0,0,0	116	0
173439	568	1175	615	278	247	46	30	2	2228	8	110	606	329	6	121	0	0	2959	0,0,0,0,0,0	12824	0	463	6212	30	0	6191,6109,6109,5817,5817,5817,5817	3	51	5848,0,0,0,0,0,0	116	0
173036	669	1241	670	300	263	53	30	1	2356	11	116	598	333	5	121	0	0	3226	0,0,0,0,0,0	12954	0	531	6744	30	0	6713,6619,6619,6282,6282,6282,6282	3	52	6380,0,0,0,0,0,0	119	0
172642	717	1295	698	360	279	56	34	2	2531	11	121	586	214	8	121	0	0	3439	0,0,0,0,0,0	12989	0	495	7239	32	0	7204,7100,7100,6726,6726,6726,6726	3	47	6876,0,0,0,0,0,0	119	0
172227	772	1409	726	384	294	58	36	2	2704	13	121	594	320	13	124	0	0	3679	0,0,0,0,0,0	12941	0	561	7802	32	0	7752,7634,7634,7211,7211,7211,7211	3	58	7439,0,0,0,0,0,0	136	0
171809	830	1514	787	364	325	60	37	3	2877	16	124	565	326	9	164	0	0	3917	0,0,0,0,0,0	13159	0	583	8385	33	0	8321,8187,8187,7709,7709,7709,7709	4	68	8022,0,0,0,0,0,0	141	0
171428	851	1592	792	392	368	68	37	3	3067	21	127	566	294	9	122	0	0	4100	0,0,0,0,0,0	24797	0	527	8913	36	0	8837,8689,8689,8160,8160,8160,8160	4	40	8551,0,0,0,0,0,0	144	0
171061	813	1611	908	414	429	77	42	2	3235	21	133	535	286	8	143	0	0	4294	0,0,0,0,0,0	24951	0	520	9437	38	0	9351,9187,9187,8604,8604,8604,8604	4	45	9075,0,0,0,0,0,0	166	0
170524	874	1804	912	434	440	88	42	3	3461	25	139	541	262	5	199	0	0	4594	0,0,0,0,0,0	13225	0	723	10160	42	0	10065,9883,9883,9233,9233,9233,9233	4	75	9799,0,0,0,0,0,0	161	0
170018	993	1881	963	437	469	97	42	3	3672	28	143	556	315	13	177	0	0	4882	0,0,0,0,0,0	13068	0	716	10878	43	0	10766,10563,10563,9840,9840,9840,9840	4	76	10517,0,0,0,0,0,0	183	0
169438	1074	2018	1030	442	494	92	42	3	3935	31	147	542	255	16	182	0	0	5192	0,0,0,0,0,0	13205	0	793	11672	45	0	11546,11323,11323,10524,10524,10524,10524	5	78	11311,0,0,0,0,0,0	182	0
168871	1165	2090	1132	467	535	104	48	4	4145	31	154	504	311	8	203	0	0	5541	0,0,0,0,0,0	13207	0	785	12458	47	0	12320,12075,12075,11197,11197,11197,11197	5	71	12097,0,0,0,0,0,0	189	0
168326	1231	2225	1203	515	563	115	54	4	4321	32	157	521	240	3	181	0	0	5906	0,0,0,0,0,0	13188	0	825	13283	52	0	13124,12852,12852,11876,11876,11876,11876	5	74	12924,0,0,0,0,0,0	206	0
167803	1239	2323	1233	565	594	118	60	5	4608	36	162	489	338	8	217	0	0	6132	0,0,0,0,0,0	25232	0	752	14037	55	0	13862,13567,13567,12511,12511,12511,12511	5	63	13678,0,0,0,0,0,0	216	0
167319	1202	2472	1313	596	583	132	67	5	4855	39	163	482	324	16	223	0	0	6365	0,0,0,0,0,0	24962	0	793	14820	70	0	14624,14300,14300,13137,13137,13137,13137	5	63	14466,0,0,0,0,0,0	253	0
166615	1337	2541	1406	633	643	148	73	8	5136	40	166	470	313	12	256	0	0	6781	0,0,0,0,0,0	13271	0	1006	15831	73	0	15615,15260,15260,13987,13987,13987,13987	6	101	15478,0,0,0,0,0,0	253	0
165923	1459	2602	1425	668	681	147	75	10	5542	43	171	449	310	20	268	0	0	7057	0,0,0,0,0,0	13206	0	962	16792	77	0	16560,16178,16178,14807,14807,14807,14807	6	105	16440,0,0,0,0,0,0	270	0
165232	1506	2792	1513	681	686	154	84	11	5869	45	173	419	337	9	279	0	0	7416	0,0,0,0,0,0	13179	0	1011	17804	85	0	17549,17136,17136,15652,15652,15652,15652	6	98	17452,0,0,0,0,0,0	279	0
164491	1614	2923	1591	715	707	155	92	11	6222	51	174	425	310	15	281	0	0	7797	0,0,0,0,0,0	13305	0	1081	18887	90	0	18612,18165,18165,16556,16556,16556,16556	7	97	18536,0,0,0,0,0,0	283	0
163709	1690	3017	1725	755	710	168	98	13	6627	55	179	393	332	15	308	0	0	8163	0,0,0,0,0,0	13163	0	1101	19989	95	0	19696,19216,19216,17492,17492,17492,17492	7	89	19641,0,0,0,0,0,0	287	0
163131	1661	3077	1818	794	742	173	100	13	6997	60	180	393	307	13	242	0	0	8365	0,0,0,0,0,0	25175	0	961	20951	100	0	20633,20115,20115,18254,18254,18254,18254	7	60	20603,0,0,0,0,0,0	310	0
162569	1556	3250	1823	802	792	179	107	15	7408	63	182	382	327	11	281	0	0	8509	0,0,0,0,0,0	25075	0	973	21927	104	0	21583,21024,21024,19014,19014,19014,19014	7	64	21579,0,0,0,0,0,0	325	0
161663	1679	3415	1950	833	836	189	108	16	7800	72	185	355	340	22	328	0	0	9010	0,0,0,0,0,0	13182	0	1315	23242	111	0	22875,22275,22275,20116,20116,20116,20116	7	120	22897,0,0,0,0,0,0	325	0
160816	1870	3428	2034	897	925	202	113	16	8179	80	186	333	309	11	361	0	0	9469	0,0,0,0,0,0	13322	0	1296	24536	119	0	24139,23494,23494,21174,21174,21174,21174	8	117	24191,0,0,0,0,0,0	344	0
160091	1922	3494	2119	941	979	211	116	19	8577	87	190	326	315	13	357	0	0	9782	0,0,0,0,0,0	28682	0	1205	25737	127	0	25311,24619,24619,22126,22126,22126,22126	8	107	25393,0,0,0,0,0,0	358	0
159453	1914	3614	2139	975	1009	232	121	22	8984	92	191	280	339	19	320	0	0	10004	0,0,0,0,0,0	29053	0	1149	26882	136	0	26425,25682,25682,23006,23006,23006,23006	8	107	26539,0,0,0,0,0,0	376	0
158718	1935	3677	2222	1015	1055	240	130	25	9438	98	193	264	327	13	352	0	0	10274	0,0,0,0,0,0	28640	0	1252	28125	154	0	27638,26844,26844,23981,23981,23981,23981	9	139	27785,0,0,0,0,0,0	389	0
158232	1836	3673	2302	1040	1063	256	129	26	9885	107	197	244	283	13	341	0	0	10299	0,0,0,0,0,0	42943	0	1018	29142	164	0	28625,27778,27778,24721,24721,24721,24721	9	70	28804,0,0,0,0,0,0	406	0
157829	1741	3626	2362	1078	1068	268	138	24	10302	112	198	218	346	17	337	0	0	10281	0,0,0,0,0,0	42760	0	1011	30150	171	0	29597,28689,28689,25413,25413,25413,25413	8	69	29814,0,0,0,0,0,0	434	0
157382	1650	3721	2393	1091	1049	275	142	28	10696	119	200	212	315	19	420	0	0	10321	0,0,0,0,0,0	29050	0	1102	31248	178	0	30657,29683,29683,26171,26171,26171,26171	8	103	30914,0,0,0,0,0,0	419	0
