S	E	I1	I2	I3	I4	I5_h	I6_h	R_h	R	D1	D2	H	T	P1	P2	Q	QT	NQ	MUT	HOM	VAC	NI	INF	REINF	BSTR	IMM	HCI	HCE	INFV	INFH	VNI
178139	128	113	48	48	41	6	3	0	219	1	0	194	0	0	0	63	63	324	0,0,0,0,0,0	178745	0	0	387	0	0	607,607,607,607,607,607,607	0	0	0,0,0,0,0,0,0	0	0
178084	99	181	43	49	39	6	6	0	237	1	1	292	313	0	79	300	70	353	0,0,0,0,0,0	12427	0	66	453	0	0	662,662,662,662,662,662,662	0	6	66,0,0,0,0,0,0	11	0
178016	105	218	50	53	33	7	8	0	252	1	3	403	102	0	17	513	84	390	0,0,0,0,0,0	13011	0	83	536	0	0	731,731,731,731,731,731,731	0	6	149,0,0,0,0,0,0	15	0
177955	111	213	71	59	43	8	8	0	269	3	6	491	159	0	9	594	95	418	0,0,0,0,0,0	13243	0	73	609	0	0	793,793,793,793,793,793,793	0	4	222,0,0,0,0,0,0	16	0
177879	129	211	96	49	52	9	8	0	299	4	10	498	100	1	22	704	117	437	0,0,0,0,0,0	25294	0	86	696	0	0	871,871,871,871,871,871,871	0	6	309,0,0,0,0,0,0	18	0
177817	137	214	113	55	59	10	10	0	311	4	16	550	251	2	21	840	141	457	0,0,0,0,0,0	25095	0	75	770	1	0	936,936,936,936,936,936,936	0	6	384,0,0,0,0,0,0	19	0
177741	143	239	121	52	57	13	12	0	343	4	21	593	320	0	19	972	172	465	0,0,0,0,0,0	13670	0	88	857	2	0	1017,1017,1017,1017,1017,1017,1017	0	5	472,0,0,0,0,0,0	22	0
177674	138	258	128	59	65	13	12	0	370	4	25	607	241	0	19	1139	200	473	0,0,0,0,0,0	13889	0	84	942	2	0	1093,1092,1092,1091,1091,1091,1091	0	6	557,0,0,0,0,0,0	25	0
177605	115	287	141	65	76	13	14	0	399	4	27	618	239	0	15	1644	210	501	0,0,0,0,0,0	14429	0	90	1032	3	0	1167,1167,1167,1165,1165,1165,1165	0	7	648,0,0,0,0,0,0	26	0
177538	135	267	146	68	72	15	15	0	454	4	32	629	312	1	24	1845	236	482	0,0,0,0,0,0	14426	0	82	1115	4	0	1244,1243,1243,1240,1240,1240,1240	0	5	732,0,0,0,0,0,0	31	0
177462	142	278	150	74	75	15	16	0	492	5	37	658	247	2	24	2111	245	505	0,0,0,0,0,0	14939	0	91	1206	5	0	1330,1329,1329,1323,1323,1323,1323	0	4	824,0,0,0,0,0,0	32	0
177397	127	264	174	89	81	14	15	0	538	6	41	671	101	1	30	2000	275	489	0,0,0,0,0,0	26704	0	85	1291	5	0	1408,1406,1406,1397,1397,1397,1397	0	7	909,0,0,0,0,0,0	41	0
177335	135	275	187	84	72	15	17	1	575	6	44	692	98	0	27	2007	278	507	0,0,0,0,0,0	26631	0	96	1385	7	0	1488,1484,1484,1472,1472,1472,1472	0	7	1005,0,0,0,0,0,0	40	0
177251	157	277	186	84	71	21	17	1	629	6	46	722	134	1	18	2339	288	525	0,0,0,0,0,0	15243	0	101	1486	8	0	1583,1579,1579,1564,1564,1564,1564	0	6	1107,0,0,0,0,0,0	43	0
177176	170	270	194	75	79	20	17	1	687	8	49	741	256	3	20	2319	269	556	0,0,0,0,0,0	15317	0	98	1583	9	0	1674,1669,1669,1649,1649,1649,1649	1	9	1205,0,0,0,0,0,0	43	0
177098	179	278	197	75	82	20	18	1	737	9	52	728	274	2	24	2364	271	578	0,0,0,0,0,0	15241	0	108	1690	12	0	1774,1766,1766,1740,1740,1740,1740	1	9	1315,0,0,0,0,0,0	42	0
177037	163	315	202	72	81	24	17	4	763	10	58	736	273	0	31	2368	278	596	0,0,0,0,0,0	15213	0	100	1789	13	0	1864,1854,1854,1820,1820,1820,1820	1	9	1415,0,0,0,0,0,0	39	0
176969	140	352	205	76	82	24	18	5	795	11	69	722	253	0	31	2096	278	619	0,0,0,0,0,0	15430	0	103	1893	13	0	1966,1953,1953,1909,1909,1909,1909	1	8	1519,0,0,0,0,0,0	45	0
176901	151	360	206	79	90	23	19	5	825	11	76	713	254	2	33	2057	284	644	0,0,0,0,0,0	26650	0	115	2007	15	0	2071,2055,2055,1999,1999,1999,1999	1	9	1635,0,0,0,0,0,0	50	0
176849	150	340	207	89	100	20	15	5	877	14	80	699	252	2	29	1835	279	642	0,0,0,0,0,0	26785	0	98	2102	20	0	2154,2135,2135,2070,2070,2070,2070	1	3	1733,0,0,0,0,0,0	46	0
176772	179	326	216	92	107	24	14	5	908	17	86	725	247	0	33	2129	293	665	0,0,0,0,0,0	15052	0	123	2224	21	0	2270,2248,2248,2170,2170,2170,2170	1	10	1855,0,0,0,0,0,0	40	0
176701	189	332	207	94	110	30	15	3	956	17	92	710	263	0	42	2315	311	666	0,0,0,0,0,0	15273	0	120	2345	21	0	2385,2359,2359,2266,2266,2266,2266	1	12	1976,0,0,0,0,0,0	49	0
176594	209	364	207	94	102	28	14	4	1015	18	97	685	258	1	35	2193	326	692	0,0,0,0,0,0	15216	0	149	2493	22	0	2531,2501,2501,2394,2394,2394,2394	1	19	2124,0,0,0,0,0,0	48	0
176516	204	387	204	105	100	30	14	3	1064	18	101	719	263	4	24	2222	310	734	0,0,0,0,0,0	15148	0	130	2624	22	0	2655,2621,2621,2497,2497,2497,2497	1	11	2255,0,0,0,0,0,0	45	0
176444	196	419	216	105	103	31	14	4	1090	19	105	686	134	3	32	2389	348	736	0,0,0,0,0,0	15030	0	128	2753	23	0	2779,2739,2739,2597,2597,2597,2597	1	14	2384,0,0,0,0,0,0	52	0
176361	201	412	233	112	109	35	9	2	1140	24	108	673	262	4	38	2518	367	744	0,0,0,0,0,0	27040	0	127	2881	23	0	2898,2855,2855,2701,2701,2701,2701	1	9	2512,0,0,0,0,0,0	59	0
176296	195	415	246	120	114	35	10	2	1177	24	112	698	88	3	34	2804	390	745	0,0,0,0,0,0	27151	0	125	3007	23	0	3014,2966,2966,2795,2795,2795,2795	1	9	2638,0,0,0,0,0,0	61	0
176219	200	425	238	139	113	37	11	2	1218	25	119	684	316	2	32	3174	400	763	0,0,0,0,0,0	15917	0	149	3154	25	0	3157,3103,3103,2909,2909,2909,2909	1	14	2786,0,0,0,0,0,0	70	0
176154	224	419	256	147	109	42	12	2	1235	25	121	645	96	3	45	3200	439	770	0,0,0,0,0,0	16240	0	145	3300	26	0	3296,3234,3234,3012,3012,3012,3012	1	20	2933,0,0,0,0,0,0	74	0
176057	229	438	261	137	131	39	10	2	1285	27	130	626	238	1	48	3202	465	780	0,0,0,0,0,0	16137	0	154	3453	27	0	3446,3378,3378,3138,3138,3138,3138	2	19	3086,0,0,0,0,0,0	74	0
175985	227	441	292	141	130	41	10	1	1317	27	134	635	270	3	39	3128	469	813	0,0,0,0,0,0	16085	0	151	3602	30	0	3591,3516,3516,3248,3248,3248,3248	2	11	3235,0,0,0,0,0,0	79	0
175872	249	492	297	145	123	44	11	2	1346	27	138	640	304	0	39	3000	448	913	0,0,0,0,0,0	15885	0	198	3799	31	0	3777,3695,3695,3400,3400,3400,3400	2	21	3432,0,0,0,0,0,0	80	0
175764	264	499	310	149	131	43	11	2	1399	30	144	647	247	4	32	3118	469	938	0,0,0,0,0,0	27904	0	183	3979	34	0	3952,3863,3863,3544,3544,3544,3544	2	12	3612,0,0,0,0,0,0	78	0
175684	244	516	338	151	136	42	13	2	1439	30	151	646	274	2	48	3193	486	954	0,0,0,0,0,0	27584	0	155	4135	36	0	4106,4009,4009,3663,3663,3663,3663	2	18	3768,0,0,0,0,0,0	84	0
175572	252	540	331	146	136	42	16	2	1524	30	155	632	274	1	55	3306	486	977	0,0,0,0,0,0	16679	0	186	4319	38	0	4285,4181,4181,3810,3810,3810,3810	2	15	3953,0,0,0,0,0,0	81	0
175466	292	529	352	149	129	43	16	3	1578	31	158	616	263	2	40	3646	494	1016	0,0,0,0,0,0	16475	0	195	4514	38	0	4474,4361,4361,3958,3958,3958,3958	2	18	4148,0,0,0,0,0,0	78	0
175389	302	529	349	139	152	40	17	3	1632	32	162	628	231	0	53	3678	544	984	0,0,0,0,0,0	16679	0	177	4688	41	0	4640,4519,4519,4081,4081,4081,4081	2	20	4322,0,0,0,0,0,0	78	0
175292	312	553	357	156	146	39	20	4	1673	32	162	611	275	2	50	3900	575	1008	0,0,0,0,0,0	16548	0	205	4891	43	0	4830,4698,4698,4227,4227,4227,4227	2	20	4525,0,0,0,0,0,0	76	0
175198	323	573	360	154	145	39	20	5	1728	33	168	602	262	3	48	3988	571	1043	0,0,0,0,0,0	16845	0	197	5087	44	0	5020,4879,4879,4371,4371,4371,4371	2	18	4721,0,0,0,0,0,0	74	0
175118	315	585	364	161	149	37	19	6	1784	34	174	611	244	3	43	4020	567	1063	0,0,0,0,0,0	28411	0	179	5266	44	0	5191,5041,5041,4499,4499,4499,4499	2	7	4900,0,0,0,0,0,0	80	0
175023	308	623	370	165	146	37	20	6	1836	36	176	616	260	0	39	4090	550	1119	0,0,0,0,0,0	28475	0	199	5467	44	0	5382,5222,5222,4643,4643,4643,4643	2	14	5101,0,0,0,0,0,0	76	0
174884	325	643	395	171	140	37	20	6	1908	38	179	614	166	3	48	4452	549	1182	0,0,0,0,0,0	17318	0	246	5713	45	0	5621,5450,5450,4833,4833,4833,4833	2	26	5347,0,0,0,0,0,0	73	0
174756	336	675	392	154	168	37	18	6	1976	41	187	570	253	1	58	4590	562	1218	0,0,0,0,0,0	17194	0	228	5941	45	0	5845,5663,5663,5010,5010,5010,5010	2	15	5575,0,0,0,0,0,0	77	0
174655	304	717	404	159	175	42	21	6	2034	42	187	578	255	3	48	4462	545	1277	0,0,0,0,0,0	17402	0	214	6156	45	0	6048,5856,5856,5164,5164,5164,5164	2	19	5790,0,0,0,0,0,0	77	0
174520	318	750	424	169	179	41	24	5	2082	42	192	572	286	2	66	4211	584	1321	0,0,0,0,0,0	17413	0	256	6409	48	0	6298,6094,6094,5357,5357,5357,5357	3	23	6045,0,0,0,0,0,0	79	0
174401	355	712	443	189	193	45	26	4	2143	43	192	569	229	3	64	4489	614	1349	0,0,0,0,0,0	17028	0	246	6651	52	0	6530,6314,6314,5534,5534,5534,5534	3	24	6287,0,0,0,0,0,0	82	0
174272	354	746	447	168	205	45	28	5	2234	45	197	566	256	2	59	4409	634	1359	0,0,0,0,0,0	28700	0	244	6895	54	0	6771,6543,6543,5719,5719,5719,5719	3	13	6531,0,0,0,0,0,0	82	0
174191	357	715	476	174	222	44	31	5	2284	46	201	548	268	1	67	4745	657	1362	0,0,0,0,0,0	29273	0	223	7117	56	0	6986,6744,6744,5868,5868,5868,5868	3	15	6753,0,0,0,0,0,0	82	0
174067	374	713	504	186	214	44	30	7	2356	47	204	522	230	4	76	5144	682	1383	0,0,0,0,0,0	18197	0	259	7377	57	0	7240,6984,6984,6058,6058,6058,6058	3	27	7014,0,0,0,0,0,0	85	0
173922	388	758	494	188	225	49	30	7	2428	49	208	495	278	4	62	5368	716	1416	0,0,0,0,0,0	17897	0	279	7654	60	0	7510,7240,7240,6265,6265,6265,6265	3	19	7291,0,0,0,0,0,0	87	0
173820	393	776	482	202	222	45	31	8	2507	50	210	498	298	5	65	5863	730	1421	0,0,0,0,0,0	33687	0	240	7894	62	0	7743,7459,7459,6432,6432,6432,6432	3	20	7532,0,0,0,0,0,0	85	0
173765	391	762	516	204	229	46	33	8	2530	50	212	514	263	3	61	5959	755	1426	0,0,0,0,0,0	33850	0	232	8123	65	0	7962,7661,7661,6570,6570,6570,6570	3	22	7762,0,0,0,0,0,0	88	0
173666	395	757	518	209	238	45	33	10	2610	52	213	485	259	4	59	6077	735	1460	0,0,0,0,0,0	33956	0	246	8367	68	0	8197,7881,7881,6737,6737,6737,6737	3	26	8006,0,0,0,0,0,0	90	0
173580	391	762	527	226	233	44	36	10	2668	52	217	492	266	5	67	6171	754	1465	0,0,0,0,0,0	46889	0	231	8597	70	0	8420,8090,8090,6892,6892,6892,6892	3	17	8236,0,0,0,0,0,0	98	0
173515	356	775	522	234	234	44	40	10	2743	56	217	484	259	3	64	6552	760	1445	0,0,0,0,0,0	47263	0	219	8813	74	0	8626,8281,8281,7028,7028,7028,7028	3	10	8452,0,0,0,0,0,0	88	0
173449	372	764	501	235	236	47	41	9	2813	60	219	472	246	2	76	6811	792	1404	0,0,0,0,0,0	34597	0	234	9042	80	0	8846,8484,8484,7171,7171,7171,7171	3	19	8682,0,0,0,0,0,0	99	0
173389	348	750	492	252	255	49	42	7	2881	61	220	471	289	7	65	6417	785	1403	0,0,0,0,0,0	34773	0	212	9257	81	0	9049,8672,8672,7302,7302,7302,7302	3	15	8897,0,0,0,0,0,0	100	0
173339	337	704	524	247	255	50	48	9	2950	61	222	484	337	6	100	6397	843	1322	0,0,0,0,0,0	34282	0	210	9468	81	0	9250,8857,8857,7427,7427,7427,7427	3	22	9108,0,0,0,0,0,0	104	0
173288	360	715	529	236	258	46	43	10	2969	65	227	487	257	5	64	6283	827	1360	0,0,0,0,0,0	34215	0	247	9714	82	0	9487,9073,9073,7571,7571,7571,7571	3	20	9354,0,0,0,0,0,0	100	0
173233	359	726	520	243	249	53	41	10	3014	68	230	461	245	2	57	6140	820	1371	0,0,0,0,0,0	34283	0	224	9935	87	0	9699,9269,9269,7704,7704,7704,7704	3	23	9575,0,0,0,0,0,0	101	0
173224	351	722	507	221	245	54	42	11	3067	72	230	474	291	4	55	5692	783	1359	0,0,0,0,0,0	47111	0	217	10151	89	0	9902,9451,9451,7810,7810,7810,7810	3	16	9791,0,0,0,0,0,0	108	0
173204	345	678	520	209	227	58	43	14	3141	76	231	465	227	4	62	5336	752	1328	0,0,0,0,0,0	46695	0	197	10348	90	0	10088,9619,9619,7913,7913,7913,7913	3	16	9988,0,0,0,0,0,0	113	0
173210	345	668	545	207	217	64	42	14	3120	80	234	464	244	4	71	5513	760	1328	0,0,0,0,0,0	33736	0	210	10556	93	0	10283,9792,9792,8007,8007,8007,8007	3	23	10196,0,0,0,0,0,0	114	0
173183	329	713	519	197	219	71	37	11	3146	86	235	473	238	4	62	5332	754	1331	0,0,0,0,0,0	33619	0	217	10772	95	0	10485,9976,9976,8120,8120,8120,8120	3	18	10413,0,0,0,0,0,0	119	0
173184	312	706	519	202	215	75	35	10	3160	89	239	460	247	4	57	5219	719	1345	0,0,0,0,0,0	33459	0	200	10972	97	0	10675,10145,10145,8214,8214,8214,8214	3	19	10613,0,0,0,0,0,0	123	0
173155	315	676	547	221	227	77	33	9	3155	91	240	463	94	1	67	5017	766	1330	0,0,0,0,0,0	33327	0	228	11197	101	0	10888,10338,10338,8333,8333,8333,8333	3	25	10839,0,0,0,0,0,0	123	0
173143	339	670	517	209	240	78	30	8	3177	94	241	458	253	1	61	4832	728	1355	0,0,0,0,0,0	33018	0	220	11418	102	0	11095,10524,10524,8442,8442,8442,8442	3	22	11060,0,0,0,0,0,0	122	0
173122	331	690	477	212	235	76	30	9	3222	97	245	451	249	0	42	4375	675	1376	0,0,0,0,0,0	45964	0	209	11625	104	0	11292,10702,10702,8550,8550,8550,8550	3	21	11267,0,0,0,0,0,0	120	0
173124	316	676	482	202	230	79	30	10	3250	99	248	457	259	2	59	4285	665	1350	0,0,0,0,0,0	45439	0	183	11806	108	0	11463,10854,10854,8633,8633,8633,8633	3	15	11448,0,0,0,0,0,0	137	0
173112	305	709	473	200	229	74	32	10	3248	100	254	474	271	4	82	4544	710	1312	0,0,0,0,0,0	32637	0	217	12020	111	0	11667,11038,11038,8740,8740,8740,8740	3	24	11662,0,0,0,0,0,0	137	0
173093	306	699	479	191	240	72	32	10	3265	102	257	481	315	2	62	4624	706	1313	0,0,0,0,0,0	32405	0	222	12237	116	0	11871,11222,11222,8848,8848,8848,8848	3	22	11880,0,0,0,0,0,0	139	0
173066	332	699	474	191	222	69	29	11	3286	106	261	480	217	1	66	4508	706	1310	0,0,0,0,0,0	32519	0	228	12465	117	0	12087,11417,11417,8968,8968,8968,8968	3	23	12108,0,0,0,0,0,0	122	0
173039	360	673	470	190	232	70	36	9	3299	107	261	465	300	3	66	4550	691	1340	0,0,0,0,0,0	32575	0	233	12693	122	0	12300,11611,11611,9086,9086,9086,9086	3	21	12336,0,0,0,0,0,0	129	0
173067	350	655	463	215	216	73	33	8	3291	112	263	465	289	6	63	4410	700	1305	0,0,0,0,0,0	32549	0	200	12892	125	0	12485,11772,11772,9163,9163,9163,9163	3	21	12535,0,0,0,0,0,0	127	0
173094	319	669	468	212	219	77	38	7	3268	112	263	446	252	4	69	4399	740	1262	0,0,0,0,0,0	45372	0	190	13081	126	0	12658,11924,11924,9234,9234,9234,9234	3	10	12724,0,0,0,0,0,0	134	0
173135	271	674	462	221	210	81	40	9	3268	112	263	435	241	2	54	4345	724	1235	0,0,0,0,0,0	45613	0	175	13255	127	0	12817,12061,12061,9291,9291,9291,9291	3	17	12898,0,0,0,0,0,0	134	0
173138	282	651	477	226	210	75	44	8	3256	113	266	452	263	4	81	4835	756	1209	0,0,0,0,0,0	32721	0	204	13458	129	0	13007,12231,12231,9382,9382,9382,9382	3	28	13101,0,0,0,0,0,0	144	0
173139	278	625	471	214	214	75	38	10	3292	117	273	435	238	2	57	5036	751	1164	0,0,0,0,0,0	32747	0	180	13637	133	0	13176,12381,12381,9462,9462,9462,9462	3	18	13281,0,0,0,0,0,0	138	0
173158	258	632	448	213	211	73	37	10	3310	121	275	441	263	4	62	4909	730	1142	0,0,0,0,0,0	32866	0	188	13822	136	0	13348,12532,12532,9536,9536,9536,9536	3	22	13466,0,0,0,0,0,0	124	0
173171	279	609	464	202	202	73	38	11	3298	123	276	437	260	1	69	4904	750	1117	0,0,0,0,0,0	32993	0	200	14022	138	0	13533,12695,12695,9619,9619,9619,9619	3	16	13666,0,0,0,0,0,0	123	0
173174	297	587	444	193	198	69	38	7	3332	127	280	448	326	3	54	4925	725	1101	0,0,0,0,0,0	33036	0	185	14205	140	0	13705,12848,12848,9700,9700,9700,9700	3	20	13849,0,0,0,0,0,0	128	0
173236	296	580	437	190	182	77	37	6	3294	128	283	462	238	1	46	4736	689	1110	0,0,0,0,0,0	45962	0	157	14360	143	0	13845,12967,12967,9736,9736,9736,9736	3	8	14004,0,0,0,0,0,0	129	0
173302	267	580	420	192	173	76	35	8	3274	131	288	451	253	1	48	4425	653	1090	0,0,0,0,0,0	45842	0	149	14503	150	0	13977,13077,13077,9766,9766,9766,9766	3	14	14147,0,0,0,0,0,0	133	0
173326	243	605	392	189	187	76	36	9	3259	133	291	445	293	4	61	4561	644	1084	0,0,0,0,0,0	32654	0	184	14685	153	0	14145,13225,13225,9835,9835,9835,9835	3	23	14329,0,0,0,0,0,0	134	0
173362	266	570	400	191	190	73	33	12	3223	134	292	435	272	0	47	4277	631	1092	0,0,0,0,0,0	32441	0	189	14873	155	0	14315,13372,13372,9897,9897,9897,9897	3	21	14517,0,0,0,0,0,0	119	0
173403	265	558	391	200	199	72	31	10	3181	139	297	440	321	3	59	4018	644	1072	0,0,0,0,0,0	32321	0	169	15041	157	0	14471,13507,13507,9951,9951,9951,9951	3	18	14685,0,0,0,0,0,0	110	0
173404	260	575	360	190	181	72	28	11	3226	141	298	470	241	3	55	3824	588	1078	0,0,0,0,0,0	32352	0	177	15217	159	0	14634,13651,13651,10027,10027,10027,10027	3	17	14861,0,0,0,0,0,0	115	0
173437	259	580	360	196	176	69	28	10	3188	144	299	480	250	0	50	3930	588	1080	0,0,0,0,0,0	31685	0	175	15394	159	0	14795,13791,13791,10087,10087,10087,10087	3	22	15038,0,0,0,0,0,0	112	0
173483	268	545	396	175	178	66	28	9	3147	146	305	481	268	7	56	3878	608	1048	0,0,0,0,0,0	45088	0	165	15557	161	0	14946,13921,13921,10135,10135,10135,10135	3	16	15201,0,0,0,0,0,0	115	0
173551	277	507	396	172	182	60	26	8	3114	147	306	460	263	2	47	3753	601	1019	0,0,0,0,0,0	45334	0	156	15712	163	0	15084,14037,14037,10167,10167,10167,10167	2	9	15356,0,0,0,0,0,0	107	0
173603	260	532	372	162	164	55	24	7	3107	149	311	451	262	2	51	3747	580	989	0,0,0,0,0,0	31726	0	159	15871	166	0	15229,14161,14161,10209,10209,10209,10209	2	12	15515,0,0,0,0,0,0	102	0
173629	247	546	363	155	162	56	22	6	3094	152	314	448	274	5	47	3778	592	959	0,0,0,0,0,0	31895	0	164	16035	167	0	15377,14289,14289,10264,10264,10264,10264	2	10	15679,0,0,0,0,0,0	100	0
173682	230	539	369	164	160	56	20	5	3048	156	317	442	312	4	47	3675	603	935	0,0,0,0,0,0	31730	0	150	16183	171	0	15511,14403,14403,10300,10300,10300,10300	2	16	15827,0,0,0,0,0,0	95	0
173745	234	500	382	170	161	51	20	6	3000	156	321	437	252	0	34	3556	575	943	0,0,0,0,0,0	44996	0	137	16318	174	0	15633,14504,14504,10324,10324,10324,10324	2	17	15962,0,0,0,0,0,0	92	0
173767	235	494	380	167	160	53	18	7	2983	158	324	455	268	0	42	3537	569	938	0,0,0,0,0,0	45052	0	161	16475	178	0	15777,14630,14630,10379,10379,10379,10379	2	18	16119,0,0,0,0,0,0	100	0
173846	210	501	367	173	140	49	21	7	2946	159	327	464	270	2	60	3653	580	881	0,0,0,0,0,0	44774	0	122	16596	180	0	15884,14717,14717,10388,10388,10388,10388	2	11	16240,0,0,0,0,0,0	93	0
173936	203	461	361	174	139	51	20	8	2905	160	328	482	246	0	38	3554	535	874	0,0,0,0,0,0	45012	22	119	16714	181	0	15986,14798,14798,10390,10390,10390,10390	2	12	16358,0,0,0,0,0,0	92	22
174003	196	436	348	163	132	53	20	8	2894	165	328	497	245	1	52	3522	530	818	0,0,0,0,0,0	31615	28	128	16839	184	0	16094,14887,14887,10404,10404,10404,10404	2	10	16484,0,0,0,0,0,0	83	47
174065	215	406	338	161	140	50	21	8	2846	165	331	497	243	2	50	3624	535	796	0,0,0,0,0,0	31539	28	141	16980	185	0	16218,14990,14990,10429,10429,10429,10429	2	13	16625,0,0,0,0,0,0	90	72
174138	203	391	325	155	129	52	20	7	2826	167	333	452	268	1	35	3758	480	795	0,0,0,0,0,0	31915	33	122	17104	185	0	16327,15079,15079,10441,10441,10441,10441	2	11	16749,0,0,0,0,0,0	88	103
174188	204	384	316	151	123	46	23	7	2801	167	336	440	292	3	36	3867	457	790	0,0,0,0,0,0	32024	27	127	17230	186	0	16438,15173,15173,10465,10465,10465,10465	2	13	16875,0,0,0,0,0,0	90	124
174268	207	366	302	141	127	44	20	10	2755	167	339	451	238	2	42	3770	439	768	0,0,0,0,0,0	31860	29	107	17337	188	0	16530,15246,15246,10464,10464,10464,10464	2	11	16982,0,0,0,0,0,0	84	147
174332	178	393	293	125	125	42	20	12	2713	168	345	443	291	2	26	3619	418	758	0,0,0,0,0,0	38370	21	111	17448	191	0	16630,15328,15328,10476,10476,10476,10476	2	12	17093,0,0,0,0,0,0	82	165
174418	156	417	259	132	108	42	21	9	2670	169	345	456	242	1	43	3490	412	723	0,0,0,0,0,0	38128	120	109	17557	191	0	16730,15408,15408,10478,10478,10478,10478	2	12	17202,0,0,0,0,0,0	88	264
174455	178	413	248	123	115	43	20	10	2624	169	348	477	219	1	40	3502	411	729	0,0,0,0,0,0	26884	131	141	17695	194	0	16862,15523,15523,10518,10518,10518,10518	2	21	17340,0,0,0,0,0,0	87	381
174512	189	380	266	140	111	43	20	10	2556	169	350	490	272	1	41	3250	399	750	0,0,0,0,0,0	26714	126	119	17813	196	0	16974,15617,15617,10538,10538,10538,10538	2	14	17458,0,0,0,0,0,0	92	481
174577	187	384	256	144	118	43	21	10	2481	170	355	461	244	4	38	3420	423	730	0,0,0,0,0,0	26419	144	126	17938	197	0	17098,15721,15721,10560,10560,10560,10560	2	15	17583,0,0,0,0,0,0	81	613
174635	195	386	266	127	116	41	21	10	2421	171	357	459	244	1	37	3314	419	733	0,0,0,0,0,0	26438	133	124	18059	200	0	17211,15817,15817,10580,10580,10580,10580	2	14	17704,0,0,0,0,0,0	84	732
174683	191	405	274	123	108	43	22	9	2355	172	361	446	223	0	34	3088	407	759	0,0,0,0,0,0	26617	151	127	18184	202	0	17332,15920,15920,10609,10609,10609,10609	2	20	17829,0,0,0,0,0,0	83	866
174734	188	405	287	116	97	45	22	11	2303	173	365	463	262	3	30	2858	396	764	0,0,0,0,0,0	37978	134	119	18302	204	0	17444,16014,16014,10632,10632,10632,10632	2	12	17948,0,0,0,0,0,0	84	980
174748	185	404	286	119	109	45	21	10	2277	175	367	488	97	4	35	2812	399	770	0,0,0,0,0,0	37743	144	132	18432	206	0	17599,16154,16154,10696,10696,10696,10696	2	12	18078,0,0,0,0,0,0	88	1109
174758	205	409	268	130	109	44	21	10	2248	175	369	490	247	2	31	2878	378	808	0,0,0,0,0,0	26303	142	142	18565	215	0	17762,16304,16304,10764,10764,10764,10764	2	23	18211,0,0,0,0,0,0	96	1222
174771	198	408	274	136	112	38	24	10	2229	175	371	488	97	2	33	3022	376	814	0,0,0,0,0,0	26328	169	130	18696	216	0	17913,16440,16440,10824,10824,10824,10824	2	18	18342,0,0,0,0,0,0	88	1369
174787	188	434	266	138	106	33	24	8	2208	177	377	487	273	2	45	3085	395	794	0,0,0,0,0,0	26218	142	131	18827	218	0	18084,16596,16596,10893,10893,10893,10893	2	17	18473,0,0,0,0,0,0	80	1486
174822	200	414	288	126	106	32	22	6	2168	179	383	503	318	0	40	3172	399	789	0,0,0,0,0,0	26267	151	126	18955	218	0	18247,16741,16741,10948,10948,10948,10948	2	10	18601,0,0,0,0,0,0	72	1613
174859	194	402	292	131	111	33	21	7	2132	180	384	527	319	0	38	3403	402	782	0,0,0,0,0,0	26334	162	122	19075	220	0	18403,16881,16881,10999,10999,10999,10999	2	18	18722,0,0,0,0,0,0	73	1749
174892	200	382	280	142	117	32	22	6	2105	181	387	530	105	2	35	3206	409	766	0,0,0,0,0,0	38151	149	110	19185	221	0	18544,17009,17009,11045,11045,11045,11045	2	11	18832,0,0,0,0,0,0	73	1879
174922	180	380	267	141	118	32	21	6	2106	185	388	532	243	2	46	3217	418	721	0,0,0,0,0,0	38180	75	99	19281	224	0	18674,17126,17126,11087,11087,11087,11087	2	13	18928,0,0,0,0,0,0	71	1938
174946	176	374	260	150	121	33	18	7	2082	187	392	535	256	3	39	3310	416	716	0,0,0,0,0,0	26373	72	110	19391	226	0	18816,17254,17254,11136,11136,11136,11136	2	15	19038,0,0,0,0,0,0	71	1996
174959	179	398	250	134	125	35	18	8	2056	188	396	557	240	2	41	3421	425	714	0,0,0,0,0,0	26524	54	130	19521	228	0	18988,17411,17411,11205,11205,11205,11205	2	15	19169,0,0,0,0,0,0	71	2043
174984	180	396	264	117	121	36	19	6	2030	191	402	531	271	1	43	3618	436	697	0,0,0,0,0,0	26896	68	113	19635	228	0	19135,17544,17544,11255,11255,11255,11255	2	16	19283,0,0,0,0,0,0	71	2099
175008	180	396	261	121	121	35	15	6	2004	194	405	514	265	2	33	3660	431	698	0,0,0,0,0,0	26690	77	121	19755	229	0	19287,17681,17681,11309,11309,11309,11309	2	6	19403,0,0,0,0,0,0	66	2164
175005	186	372	255	124	115	37	16	5	2029	195	407	506	246	3	23	3552	379	726	0,0,0,0,0,0	26672	79	122	19877	229	0	19448,17830,17830,11381,11381,11381,11381	2	13	19525,0,0,0,0,0,0	63	2230
175045	167	368	249	133	118	40	15	4	2001	197	409	496	107	1	40	3194	391	699	0,0,0,0,0,0	38449	63	96	19973	230	0	19579,17948,17948,11417,11417,11417,11417	2	6	19621,0,0,0,0,0,0	70	2282
175087	152	375	241	122	122	45	16	4	1974	197	411	483	272	1	39	3182	400	673	0,0,0,0,0,0	38225	227	97	20070	230	0	19691,18045,18045,11441,11441,11441,11441	2	11	19718,0,0,0,0,0,0	75	2477
175123	157	366	247	116	117	43	19	3	1944	197	414	499	235	4	40	3166	419	646	0,0,0,0,0,0	26418	204	110	20181	230	0	19816,18156,18156,11475,11475,11475,11475	2	18	19829,0,0,0,0,0,0	78	2649
175118	188	369	260	117	104	37	19	3	1916	198	417	516	222	0	39	3157	416	678	2,0,0,0,0,0	26281	207	116	20326	231	0	19971,18296,18296,11542,11542,11542,11542	2	13	19945,29,0,0,0,0,0	74	2830
175077	214	393	251	111	111	34	19	3	1911	200	422	530	260	0	28	2999	389	744	6,0,0,0,0,0	26281	178	127	20489	232	0	20152,18465,18465,11642,11642,11642,11642	2	20	20061,76,0,0,0,0,0	65	2976
175060	227	431	250	123	111	37	22	3	1856	200	426	526	287	1	32	2978	380	821	12,0,0,0,0,0	26321	210	112	20649	235	0	20331,18629,18629,11728,11728,11728,11728	2	14	20151,148,0,0,0,0,0	63	3151
174995	252	468	237	130	116	36	22	3	1859	201	427	520	245	1	41	2847	393	868	17,0,0,0,0,0	26238	189	142	20832	237	0	20531,18818,18818,11849,11849,11849,11849	2	24	20260,223,0,0,0,0,0	68	3305
174969	257	486	244	136	132	33	17	4	1832	205	431	530	94	0	31	2599	382	923	23,0,0,0,0,0	37672	185	124	20992	239	0	20702,18976,18976,11937,11937,11937,11937	2	10	20334,310,0,0,0,0,0	69	3454
174897	276	529	253	133	133	33	18	6	1828	206	434	519	296	1	35	2468	384	991	28,0,0,0,0,0	37822	166	152	21180	242	0	20988,19250,19250,12106,12106,12106,12106	2	9	20426,408,0,0,0,0,0	69	3593
174822	292	538	271	152	134	34	17	6	1835	209	436	514	242	2	43	2800	399	1039	31,0,0,0,0,0	25609	181	190	21365	249	0	21266,19518,19518,12269,12269,12269,12269	2	18	20529,492,0,0,0,0,0	71	3740
