S	E	I1	I2	I3	I4	I5_h	I6_h	R_h	R	D1	D2	H	T	P1	P2	Q	QT	NQ	MUT	HOM	VAC	NI	INF	REINF	BSTR	IMM	HCI	HCE	INFV	INFH	VNI
178113	102	132	45	40	50	2	0	0	260	2	0	188	0	0	0	53	53	318	0,0,0,0,0,0	178744	0	0	371	0	0	633,633,633,633,633,633,633	0	0	0,0,0,0,0,0,0	0	0
178060	83	176	50	51	49	3	0	0	269	2	3	312	285	0	71	168	65	347	0,0,0,0,0,0	12579	0	68	439	0	0	686,686,686,686,686,686,686	0	2	68,0,0,0,0,0,0	4	0
177997	107	180	63	53	53	4	0	0	282	2	5	431	275	0	16	632	77	383	0,0,0,0,0,0	12917	0	79	518	0	0	750,750,750,750,750,750,750	0	6	147,0,0,0,0,0,0	3	0
177921	121	196	78	56	48	6	2	0	308	2	8	510	240	0	21	839	97	410	0,0,0,0,0,0	13425	0	82	600	0	0	826,826,826,826,826,826,826	0	4	229,0,0,0,0,0,0	6	0
177858	121	226	79	61	47	4	2	1	335	2	10	541	270	0	16	938	110	430	0,0,0,0,0,0	25756	0	75	675	0	0	891,891,891,891,891,891,891	0	3	304,0,0,0,0,0,0	6	0
177782	132	254	92	58	45	4	2	1	360	2	14	567	256	1	20	1019	130	457	0,0,0,0,0,0	25366	0	93	768	0	0	971,971,971,971,971,971,971	0	4	397,0,0,0,0,0,0	10	0
177735	124	260	103	57	58	6	2	1	384	2	14	615	271	0	15	1121	152	458	0,0,0,0,0,0	13719	0	71	839	0	0	1026,1026,1026,1026,1026,1026,1026	0	8	468,0,0,0,0,0,0	9	0
177657	117	281	109	61	76	8	1	1	414	3	18	641	243	1	23	1220	180	473	0,0,0,0,0,0	13893	0	91	929	1	0	1108,1108,1108,1107,1107,1107,1107	0	3	559,0,0,0,0,0,0	10	0
177552	153	278	136	75	73	10	2	1	435	3	28	672	118	1	21	1357	230	497	0,0,0,0,0,0	14175	0	121	1048	4	0	1223,1222,1222,1220,1220,1220,1220	0	12	681,0,0,0,0,0,0	14	0
177470	162	270	162	77	75	13	4	0	479	3	31	682	105	2	17	1841	247	516	0,0,0,0,0,0	14497	0	97	1145	4	0	1310,1309,1309,1306,1306,1306,1306	0	5	778,0,0,0,0,0,0	16	0
177387	161	290	183	84	73	13	4	0	513	3	35	714	306	1	22	2003	261	547	0,0,0,0,0,0	14738	0	108	1252	5	0	1406,1404,1404,1398,1398,1398,1398	0	6	886,0,0,0,0,0,0	26	0
177336	160	285	192	92	75	13	4	1	543	3	42	707	256	0	20	1714	271	550	0,0,0,0,0,0	26498	0	81	1331	7	0	1474,1471,1471,1460,1460,1460,1460	0	3	967,0,0,0,0,0,0	25	0
177275	155	299	192	86	84	13	5	1	588	3	45	699	325	1	21	1545	275	559	0,0,0,0,0,0	26356	0	96	1425	9	0	1553,1549,1549,1534,1534,1534,1534	0	7	1063,0,0,0,0,0,0	29	0
177187	165	316	179	78	89	14	6	1	658	3	50	699	326	1	34	1896	271	576	0,0,0,0,0,0	14808	0	116	1542	9	0	1661,1655,1655,1635,1635,1635,1635	0	9	1180,0,0,0,0,0,0	28	0
177078	189	337	193	75	84	17	10	1	707	3	52	712	321	1	27	2126	284	621	0,0,0,0,0,0	15141	0	136	1678	11	0	1788,1781,1781,1755,1755,1755,1755	0	11	1318,0,0,0,0,0,0	31	0
176995	189	334	208	83	94	19	11	1	754	3	55	728	102	0	24	2325	292	646	0,0,0,0,0,0	15208	0	109	1788	11	0	1891,1882,1882,1851,1851,1851,1851	1	9	1428,0,0,0,0,0,0	40	0
176910	181	370	216	75	91	21	13	1	804	3	61	716	255	3	38	2482	310	657	0,0,0,0,0,0	15336	0	126	1911	14	0	2007,1995,1995,1955,1955,1955,1955	0	8	1554,0,0,0,0,0,0	38	0
176827	201	367	226	84	97	20	12	1	842	4	65	721	212	0	26	2716	308	699	0,0,0,0,0,0	15508	0	130	2040	15	0	2121,2107,2107,2058,2058,2058,2058	1	13	1684,0,0,0,0,0,0	36	0
176741	209	383	241	93	96	21	11	1	876	4	70	752	266	1	29	2637	330	724	0,0,0,0,0,0	27197	0	130	2170	15	0	2244,2227,2227,2165,2165,2165,2165	1	4	1814,0,0,0,0,0,0	37	0
176659	206	402	250	95	107	24	11	2	908	4	78	736	88	1	26	2414	346	749	0,0,0,0,0,0	27381	0	138	2305	19	0	2374,2352,2352,2274,2274,2274,2274	1	10	1953,0,0,0,0,0,0	39	0
176562	198	423	263	103	112	26	13	3	957	4	82	719	247	0	34	2427	354	784	0,0,0,0,0,0	15366	0	148	2452	20	0	2511,2486,2486,2395,2395,2395,2395	1	16	2100,0,0,0,0,0,0	41	0
176451	222	430	269	107	122	29	14	3	1009	4	86	717	281	1	38	2671	380	813	0,0,0,0,0,0	15569	0	160	2608	24	0	2664,2634,2634,2528,2528,2528,2528	1	21	2259,0,0,0,0,0,0	51	0
176336	233	462	273	119	130	30	13	4	1052	5	89	709	274	4	44	2713	380	880	0,0,0,0,0,0	15707	0	176	2783	25	0	2832,2797,2797,2672,2672,2672,2672	1	19	2434,0,0,0,0,0,0	53	0
176219	261	472	280	120	135	34	12	5	1107	6	95	705	264	0	32	2514	378	936	0,0,0,0,0,0	15648	0	172	2954	27	0	2998,2958,2958,2816,2816,2816,2816	1	20	2607,0,0,0,0,0,0	61	0
176072	297	493	294	117	136	40	11	6	1176	7	97	691	266	3	49	2580	423	965	0,0,0,0,0,0	15622	0	202	3154	29	0	3189,3145,3145,2988,2988,2988,2988	2	24	2808,0,0,0,0,0,0	63	0
175976	294	522	315	119	130	44	11	5	1218	9	103	692	233	3	33	2694	428	1007	0,0,0,0,0,0	27292	0	168	3323	30	0	3350,3299,3299,3118,3118,3118,3118	1	10	2977,0,0,0,0,0,0	74	0
175897	257	553	315	125	134	46	12	5	1279	11	112	700	156	1	45	2769	458	984	0,0,0,0,0,0	27187	0	151	3470	35	0	3493,3436,3436,3231,3231,3231,3231	2	13	3124,0,0,0,0,0,0	80	0
175776	270	565	341	127	138	44	12	4	1340	11	118	709	235	4	53	2847	489	1008	0,0,0,0,0,0	15828	0	189	3663	36	0	3682,3618,3618,3390,3390,3390,3390	2	18	3317,0,0,0,0,0,0	87	0
175630	293	576	361	138	166	43	10	5	1388	13	123	656	84	2	39	3020	502	1085	0,0,0,0,0,0	15882	0	213	3876	37	0	3881,3812,3812,3566,3566,3566,3566	2	25	3530,0,0,0,0,0,0	88	0
175479	304	610	360	145	163	43	9	5	1486	15	127	668	339	2	68	3332	554	1080	0,0,0,0,0,0	15856	0	217	4091	39	0	4094,4019,4019,3749,3749,3749,3749	2	20	3745,0,0,0,0,0,0	79	0
175329	321	624	365	157	173	45	11	6	1568	17	130	667	296	2	52	3395	574	1122	0,0,0,0,0,0	16216	0	222	4313	40	0	4308,4226,4226,3934,3934,3934,3934	2	27	3967,0,0,0,0,0,0	81	0
175160	349	652	368	172	190	49	15	6	1631	17	137	656	260	0	65	3508	612	1183	0,0,0,0,0,0	16455	0	249	4559	43	0	4551,4461,4461,4141,4141,4141,4141	2	23	4213,0,0,0,0,0,0	81	0
175041	340	677	373	171	200	44	17	6	1716	18	143	687	222	5	70	3506	629	1193	0,0,0,0,0,0	27986	0	212	4772	43	0	4753,4655,4655,4304,4304,4304,4304	2	21	4426,0,0,0,0,0,0	97	0
174926	335	679	386	174	198	50	18	5	1806	18	151	680	230	1	58	3864	649	1191	0,0,0,0,0,0	28247	0	198	4970	45	0	4949,4842,4842,4460,4460,4460,4460	2	10	4624,0,0,0,0,0,0	94	0
174799	337	691	417	184	178	56	24	4	1883	18	155	655	246	2	67	3904	638	1249	0,0,0,0,0,0	17012	0	236	5203	48	0	5174,5057,5057,4638,4638,4638,4638	3	22	4860,0,0,0,0,0,0	93	0
174658	347	713	449	193	173	60	22	5	1945	20	161	636	214	3	60	4387	657	1300	0,0,0,0,0,0	17214	0	250	5453	49	0	5416,5289,5289,4831,4831,4831,4831	3	25	5110,0,0,0,0,0,0	110	0
174503	398	714	474	211	176	62	26	6	1991	21	164	621	269	6	59	4513	661	1400	0,0,0,0,0,0	17294	0	287	5741	50	0	5693,5552,5552,5049,5049,5049,5049	3	34	5398,0,0,0,0,0,0	124	0
174334	438	742	472	217	176	59	27	6	2085	22	168	610	272	3	71	4902	693	1438	0,0,0,0,0,0	17448	0	286	6027	51	0	5969,5817,5817,5274,5274,5274,5274	3	30	5684,0,0,0,0,0,0	127	0
174173	470	756	503	225	177	59	29	6	2152	23	173	603	244	4	63	5167	708	1511	0,0,0,0,0,0	17923	0	277	6305	51	0	6239,6076,6076,5492,5492,5492,5492	3	36	5962,0,0,0,0,0,0	138	0
174045	435	817	485	219	199	59	28	7	2250	24	178	591	279	6	67	5018	691	1551	0,0,0,0,0,0	29187	0	237	6541	54	0	6468,6294,6294,5671,5671,5671,5671	3	20	6198,0,0,0,0,0,0	130	0
173958	394	821	504	229	208	53	29	4	2341	25	180	609	238	1	60	5417	695	1543	0,0,0,0,0,0	29619	0	230	6768	58	0	6680,6493,6493,5823,5823,5823,5823	3	17	6425,0,0,0,0,0,0	117	0
173762	422	845	537	221	226	53	27	4	2441	27	181	580	269	3	77	5604	737	1594	0,0,0,0,0,0	18901	0	313	7081	59	0	6983,6786,6786,6075,6075,6075,6075	3	34	6738,0,0,0,0,0,0	113	0
173593	434	873	544	225	236	54	29	5	2538	29	186	593	257	1	81	5756	786	1609	0,0,0,0,0,0	18556	0	299	7379	62	0	7273,7062,7062,6305,6305,6305,6305	3	22	7036,0,0,0,0,0,0	106	0
173455	462	896	556	219	232	54	27	6	2619	30	190	591	210	7	81	5959	786	1660	0,0,0,0,0,0	18772	0	297	7677	65	0	7558,7332,7332,6518,6518,6518,6518	4	41	7335,0,0,0,0,0,0	112	0
173285	442	938	606	229	248	52	30	6	2688	31	191	591	302	3	91	6099	845	1700	0,0,0,0,0,0	19087	0	326	8002	67	0	7872,7631,7631,6761,6761,6761,6761	4	26	7660,0,0,0,0,0,0	119	0
173103	452	970	614	233	257	57	33	6	2790	32	199	585	232	2	77	6292	849	1767	0,0,0,0,0,0	19205	0	329	8334	68	0	8200,7943,7943,7017,7017,7017,7017	4	33	7992,0,0,0,0,0,0	130	0
172961	441	974	615	245	283	58	31	7	2890	39	202	572	224	1	80	6398	871	1776	0,0,0,0,0,0	30461	0	285	8619	69	0	8477,8206,8206,7228,7228,7228,7228	4	21	8277,0,0,0,0,0,0	131	0
172838	448	974	626	255	295	65	29	7	2958	45	206	553	304	7	84	6266	870	1822	0,0,0,0,0,0	30592	0	308	8926	71	0	8776,8486,8486,7441,7441,7441,7441	4	23	8584,0,0,0,0,0,0	130	0
172655	495	992	620	282	275	64	31	8	3068	46	210	565	278	0	99	6963	910	1849	0,0,0,0,0,0	19768	0	359	9284	74	0	9125,8818,8818,7708,7708,7708,7708	4	32	8943,0,0,0,0,0,0	146	0
172475	541	1001	635	278	287	64	32	7	3163	48	215	532	261	7	89	6931	934	1904	0,0,0,0,0,0	20025	0	361	9646	75	0	9476,9150,9150,7974,7974,7974,7974	4	41	9305,0,0,0,0,0,0	140	0
172319	552	1032	646	283	285	70	30	8	3252	52	217	518	268	6	103	6884	1005	1893	0,0,0,0,0,0	34841	0	345	9991	77	0	9808,9464,9464,8219,8219,8219,8219	4	39	9650,0,0,0,0,0,0	131	0
172164	557	1080	648	262	295	67	34	8	3355	54	222	515	275	4	88	7054	1013	1930	0,0,0,0,0,0	34845	0	352	10341	79	0	10148,9784,9784,8468,8468,8468,8468	4	31	10000,0,0,0,0,0,0	126	0
172043	532	1114	677	263	290	73	35	5	3432	55	227	504	244	1	81	7155	1018	1966	0,0,0,0,0,0	34899	0	332	10671	83	0	10467,10082,10082,8689,8689,8689,8689	4	35	10330,0,0,0,0,0,0	138	0
171932	538	1110	699	270	289	74	33	6	3505	58	232	515	231	3	64	6536	972	2041	0,0,0,0,0,0	47911	0	337	11009	85	0	10795,10387,10387,8910,8910,8910,8910	4	25	10668,0,0,0,0,0,0	142	0
171861	513	1084	690	297	295	73	37	5	3597	59	235	505	280	4	101	6369	981	2008	0,0,0,0,0,0	47189	0	284	11292	87	0	11066,10637,10637,9082,9082,9082,9082	4	18	10951,0,0,0,0,0,0	142	0
171766	447	1113	694	322	301	78	42	4	3683	60	236	487	244	4	104	6798	1047	1950	0,0,0,0,0,0	34788	0	304	11599	88	0	11360,10909,10909,9277,9277,9277,9277	4	27	11258,0,0,0,0,0,0	151	0
171660	488	1102	704	330	299	77	44	5	3736	62	239	504	289	4	110	6740	1096	1948	0,0,0,0,0,0	35028	0	353	11947	93	0	11693,11218,11218,9496,9496,9496,9496	5	48	11607,0,0,0,0,0,0	143	0
171570	501	1047	734	322	299	72	50	5	3840	63	243	477	234	5	84	6735	1072	1953	0,0,0,0,0,0	34749	0	317	12263	97	0	11997,11499,11499,9693,9693,9693,9693	5	27	11923,0,0,0,0,0,0	138	0
171465	524	1028	737	327	297	73	50	9	3922	65	249	475	331	6	98	6475	1051	1985	0,0,0,0,0,0	34942	0	345	12606	100	0	12327,11805,11805,9910,9910,9910,9910	5	34	12266,0,0,0,0,0,0	145	0
171356	510	1044	741	331	290	76	49	11	4017	68	253	455	314	4	75	6618	1047	1994	0,0,0,0,0,0	34628	0	325	12928	104	0	12638,12094,12094,10119,10119,10119,10119	5	37	12588,0,0,0,0,0,0	153	0
171269	497	1015	751	320	295	78	48	13	4134	72	254	475	223	2	77	6446	1019	1985	0,0,0,0,0,0	47483	0	297	13225	108	0	12922,12357,12357,10304,10304,10304,10304	5	21	12885,0,0,0,0,0,0	154	0
171231	458	1030	708	320	293	91	51	13	4219	77	255	472	321	2	92	6261	1013	1938	0,0,0,0,0,0	47354	0	291	13518	110	0	13200,12609,12609,10462,10462,10462,10462	5	24	13179,0,0,0,0,0,0	169	0
171172	455	1024	728	316	302	94	55	13	4250	79	258	489	249	4	106	7280	1062	1912	0,0,0,0,0,0	34671	0	320	13836	115	0	13503,12886,12886,10643,10643,10643,10643	5	34	13497,0,0,0,0,0,0	179	0
171102	490	1004	699	323	309	94	53	14	4314	82	262	490	307	7	109	7837	1098	1874	0,0,0,0,0,0	35376	0	336	14171	119	0	13822,13178,13178,10836,10836,10836,10836	5	33	13832,0,0,0,0,0,0	180	0
171096	482	998	684	322	301	96	56	14	4351	84	262	453	268	4	81	7928	1069	1870	0,0,0,0,0,0	35761	0	292	14463	123	0	14094,13422,13422,10975,10975,10975,10975	5	29	14124,0,0,0,0,0,0	175	0
171020	484	1047	637	284	312	96	50	12	4445	93	266	439	275	4	99	7861	1026	1884	0,0,0,0,0,0	35766	0	329	14789	127	0	14406,13709,13709,11167,11167,11167,11167	5	36	14450,0,0,0,0,0,0	166	0
171026	482	1028	646	287	316	99	51	12	4435	95	269	426	244	12	80	7697	1019	1890	0,0,0,0,0,0	35429	0	290	15080	129	0	14679,13951,13951,11300,11300,11300,11300	5	35	14741,0,0,0,0,0,0	171	0
171066	450	1016	646	291	312	102	46	15	4434	97	271	426	264	7	87	7525	1040	1823	0,0,0,0,0,0	48578	0	270	15348	132	0	14928,14169,14169,11404,11404,11404,11404	5	22	15009,0,0,0,0,0,0	181	0
171076	445	978	676	292	335	105	48	13	4404	99	275	413	245	7	81	7372	1035	1844	0,0,0,0,0,0	47962	0	274	15622	135	0	15185,14398,14398,11527,11527,11527,11527	5	25	15283,0,0,0,0,0,0	183	0
171105	435	964	655	298	322	102	43	18	4426	101	277	401	252	2	102	7553	1047	1772	0,0,0,0,0,0	35659	0	266	15888	136	0	15433,14616,14616,11635,11635,11635,11635	5	30	15549,0,0,0,0,0,0	179	0
171140	408	938	632	307	319	104	41	18	4450	108	281	388	300	4	94	7758	1039	1710	0,0,0,0,0,0	35436	0	248	16134	139	0	15662,14816,14816,11729,11729,11729,11729	5	23	15797,0,0,0,0,0,0	171	0
171153	410	907	620	284	321	102	35	16	4496	117	285	398	253	4	86	7361	1003	1676	0,0,0,0,0,0	35365	0	269	16400	144	0	15912,15038,15038,11845,11845,11845,11845	5	40	16064,0,0,0,0,0,0	166	0
171180	418	885	621	286	304	103	37	17	4483	122	290	401	266	2	99	7052	994	1660	0,0,0,0,0,0	34996	0	262	16660	147	0	16156,15253,15253,11951,11951,11951,11951	5	22	16325,0,0,0,0,0,0	165	0
171250	410	868	605	276	311	105	36	14	4457	122	292	413	245	8	83	6389	970	1641	0,0,0,0,0,0	34775	0	240	16898	152	0	16374,15439,15439,12022,12022,12022,12022	4	21	16563,0,0,0,0,0,0	165	0
171321	404	849	588	262	288	100	38	11	4464	124	297	425	245	2	68	6189	920	1609	0,0,0,0,0,0	47441	0	209	17102	158	0	16562,15599,15599,12079,12079,12079,12079	4	15	16767,0,0,0,0,0,0	157	0
171401	378	805	594	245	275	101	41	9	4475	125	297	415	324	6	66	6354	867	1572	0,0,0,0,0,0	47306	0	201	17301	162	0	16741,15751,15751,12126,12126,12126,12126	4	17	16966,0,0,0,0,0,0	158	0
171442	371	817	587	233	267	101	35	13	4452	130	298	441	237	1	70	6598	874	1537	0,0,0,0,0,0	34152	0	258	17553	169	0	16973,15953,15953,12219,12219,12219,12219	4	30	17218,0,0,0,0,0,0	153	0
171483	374	833	566	215	254	96	39	11	4446	130	299	438	266	6	78	6375	844	1533	0,0,0,0,0,0	34549	0	261	17814	171	0	17210,16160,16160,12313,12313,12313,12313	4	31	17479,0,0,0,0,0,0	160	0
171520	363	824	569	229	241	89	39	9	4426	135	302	395	252	4	72	6130	819	1535	0,0,0,0,0,0	34048	0	240	18048	177	0	17426,16348,16348,12399,12399,12399,12399	4	30	17713,0,0,0,0,0,0	153	0
171549	387	784	565	245	243	92	42	8	4389	137	305	409	215	4	68	6030	803	1555	0,0,0,0,0,0	33903	0	262	18308	179	0	17666,16559,16559,12500,12500,12500,12500	4	38	17973,0,0,0,0,0,0	157	0
171551	393	777	572	241	251	79	44	8	4387	138	305	418	273	5	80	6478	831	1526	0,0,0,0,0,0	34199	0	253	18557	183	0	17895,16763,16763,12609,12609,12609,12609	4	22	18222,0,0,0,0,0,0	154	0
171627	384	780	577	235	234	79	43	8	4332	140	307	416	280	3	57	6306	792	1540	0,0,0,0,0,0	47047	0	230	18781	190	0	18099,16937,16937,12670,12670,12670,12670	4	24	18446,0,0,0,0,0,0	150	0
171729	354	747	575	240	244	75	40	7	4283	145	307	412	288	2	57	6068	771	1504	0,0,0,0,0,0	46715	0	201	18974	199	0	18270,17079,17079,12701,12701,12701,12701	4	29	18640,0,0,0,0,0,0	146	0
171738	351	776	567	238	241	80	35	7	4252	150	311	418	260	2	73	6026	763	1525	0,0,0,0,0,0	34259	0	266	19242	199	0	18519,17299,17299,12816,12816,12816,12816	4	35	18908,0,0,0,0,0,0	140	0
171770	372	743	562	240	236	83	35	6	4236	150	313	445	255	4	82	5786	787	1484	0,0,0,0,0,0	34141	0	242	19478	206	0	18733,17487,17487,12902,12902,12902,12902	4	28	19144,0,0,0,0,0,0	147	0
171838	382	735	556	243	227	82	36	6	4170	152	319	418	229	5	59	5734	779	1482	0,0,0,0,0,0	33507	0	228	19702	212	0	18939,17663,17663,12965,12965,12965,12965	4	28	19368,0,0,0,0,0,0	139	0
171882	378	734	546	240	219	71	37	8	4157	153	321	434	242	2	67	5523	765	1460	0,0,0,0,0,0	33587	0	238	19939	213	0	19156,17851,17851,13046,13046,13046,13046	4	30	19605,0,0,0,0,0,0	135	0
171947	372	741	524	234	225	73	37	8	4104	158	323	437	265	5	75	5489	764	1442	0,0,0,0,0,0	33418	0	232	20168	217	0	19364,18030,18030,13112,13112,13112,13112	4	23	19835,0,0,0,0,0,0	134	0
172014	359	740	525	228	213	72	39	8	4060	160	328	431	279	5	63	5332	748	1428	0,0,0,0,0,0	46171	0	212	20380	218	0	19558,18196,18196,13171,13171,13171,13171	4	13	20047,0,0,0,0,0,0	144	0
172097	337	715	525	220	208	77	42	8	4023	161	333	425	302	4	66	4921	726	1398	0,0,0,0,0,0	46369	0	180	20557	221	0	19718,18330,18330,13204,13204,13204,13204	4	19	20224,0,0,0,0,0,0	150	0
172177	334	723	511	207	208	78	39	10	3961	164	334	438	314	5	68	4887	716	1384	0,0,0,0,0,0	32936	0	218	20773	223	0	19912,18493,18493,13256,13256,13256,13256	4	18	20440,0,0,0,0,0,0	147	0
172231	320	716	518	196	213	76	33	11	3925	167	340	428	303	1	60	4950	703	1369	0,0,0,0,0,0	32861	0	214	20985	226	0	20104,18658,18658,13317,13317,13317,13317	3	23	20652,0,0,0,0,0,0	138	0
172290	329	709	518	207	207	73	34	12	3857	168	342	419	241	4	74	5023	747	1330	0,0,0,0,0,0	33074	0	215	21198	230	0	20296,18823,18823,13377,13377,13377,13377	4	32	20865,0,0,0,0,0,0	129	0
172359	335	695	510	192	213	70	32	13	3811	170	346	417	266	1	55	4895	732	1315	0,0,0,0,0,0	45983	0	198	21394	233	0	20471,18972,18972,13423,13423,13423,13423	3	15	21061,0,0,0,0,0,0	125	0
172442	294	685	480	201	209	71	30	10	3802	173	349	426	265	5	60	4747	708	1262	0,0,0,0,0,0	45827	0	163	21554	236	0	20613,19089,19089,13444,13444,13444,13444	3	19	21221,0,0,0,0,0,0	122	0
172527	288	620	492	199	208	72	31	10	3772	176	351	425	133	1	54	4809	687	1223	0,0,0,0,0,0	45672	0	168	21720	240	0	20760,19210,19210,13469,13469,13469,13469	3	19	21387,0,0,0,0,0,0	130	0
172652	270	593	480	196	207	73	32	10	3703	176	354	448	259	2	59	5014	698	1153	0,0,0,0,0,0	46058	29	151	21869	243	0	20889,19312,19312,13465,13465,13465,13465	3	11	21536,0,0,0,0,0,0	133	23
172717	278	588	461	198	196	68	34	10	3659	177	360	440	264	1	61	5527	693	1130	0,0,0,0,0,0	33593	27	190	22057	247	0	21061,19458,19458,13511,13511,13511,13511	3	19	21724,0,0,0,0,0,0	128	47
172828	268	537	446	198	208	66	33	11	3609	181	361	451	291	0	61	5488	693	1063	0,0,0,0,0,0	33507	30	141	22197	248	0	21178,19550,19550,13505,13505,13505,13505	3	17	21864,0,0,0,0,0,0	123	69
172918	247	520	433	181	191	69	33	12	3597	183	362	444	326	2	62	5467	671	1003	0,0,0,0,0,0	33431	25	136	22332	251	0	21293,19642,19642,13509,13509,13509,13509	3	21	21999,0,0,0,0,0,0	129	92
173001	236	523	415	185	173	70	32	12	3545	186	368	448	279	2	37	5277	623	1011	0,0,0,0,0,0	33490	27	150	22480	254	0	21425,19751,19751,13525,13525,13525,13525	3	12	22147,0,0,0,0,0,0	131	117
173083	234	504	424	174	150	64	32	12	3505	189	375	450	232	2	44	5191	593	989	0,0,0,0,0,0	33133	29	141	22619	258	0	21549,19852,19852,13537,13537,13537,13537	3	18	22286,0,0,0,0,0,0	124	137
173148	226	467	412	170	159	62	35	12	3486	190	379	435	262	0	39	4935	557	974	0,0,0,0,0,0	39659	25	141	22761	258	0	21675,19957,19957,13559,13559,13559,13559	3	14	22428,0,0,0,0,0,0	139	156
173303	198	440	407	174	145	60	35	10	3400	194	380	444	226	2	54	4839	538	921	0,0,0,0,0,0	39289	131	105	22865	260	0	21767,20022,20022,13521,13521,13521,13521	3	13	22532,0,0,0,0,0,0	120	262
173387	216	433	379	169	134	55	31	10	3350	198	384	437	99	1	51	4879	546	871	0,0,0,0,0,0	27979	123	145	23008	263	0	21899,20132,20132,13536,13536,13536,13536	3	14	22675,0,0,0,0,0,0	110	369
173475	228	402	378	166	155	51	32	8	3265	199	387	432	277	3	49	4824	539	873	0,0,0,0,0,0	28020	118	142	23150	264	0	22029,20238,20238,13546,13546,13546,13546	2	12	22817,0,0,0,0,0,0	107	474
173566	219	423	356	150	135	48	29	9	3218	203	390	433	267	2	43	4516	523	837	0,0,0,0,0,0	28112	140	127	23272	269	0	22142,20329,20329,13547,13547,13547,13547	2	13	22939,0,0,0,0,0,0	88	581
173666	212	425	330	146	140	47	29	8	3147	204	392	448	92	0	35	4161	481	848	0,0,0,0,0,0	27460	126	130	23403	270	0	22262,20426,20426,13548,13548,13548,13548	2	18	23070,0,0,0,0,0,0	99	686
173725	202	443	325	143	135	49	28	7	3091	204	394	462	269	5	54	4076	493	832	0,0,0,0,0,0	26780	154	142	23542	274	0	22390,20535,20535,13572,13572,13572,13572	2	20	23209,0,0,0,0,0,0	101	819
173803	193	418	324	150	133	47	31	6	3037	205	399	453	253	0	33	3642	464	832	0,0,0,0,0,0	38717	124	115	23657	275	0	22496,20621,20621,13577,13577,13577,13577	2	10	23324,0,0,0,0,0,0	101	918
173894	188	407	316	127	121	39	33	5	3009	207	400	460	329	5	46	3595	439	792	0,0,0,0,0,0	38299	174	105	23762	276	0	22623,20729,20729,13586,13586,13586,13586	2	7	23429,0,0,0,0,0,0	100	1068
173962	182	414	316	122	115	39	30	5	2948	210	403	461	269	2	36	3850	425	793	0,0,0,0,0,0	26988	134	126	23883	281	0	22768,20854,20854,13613,13613,13613,13613	2	13	23550,0,0,0,0,0,0	91	1179
174027	184	416	301	133	120	37	27	6	2875	213	407	472	249	0	31	4064	412	806	0,0,0,0,0,0	27097	153	141	24022	283	0	22927,20992,20992,13648,13648,13648,13648	2	23	23689,0,0,0,0,0,0	93	1315
174093	199	406	296	128	122	39	26	5	2805	216	411	457	166	1	52	3820	417	799	0,0,0,0,0,0	27280	144	135	24155	285	0	23082,21127,21127,13682,13682,13682,13682	2	17	23822,0,0,0,0,0,0	87	1425
174180	189	406	291	123	122	40	22	6	2734	219	414	469	258	1	34	3740	401	792	0,0,0,0,0,0	26963	161	116	24268	288	0	23216,21240,21240,13694,13694,13694,13694	2	16	23935,0,0,0,0,0,0	81	1551
174232	168	410	292	123	117	43	21	4	2697	220	419	481	107	1	38	3353	388	786	0,0,0,0,0,0	26833	137	111	24378	290	0	23361,21369,21369,13729,13729,13729,13729	2	17	24045,0,0,0,0,0,0	76	1663
174282	164	392	291	141	112	42	20	4	2653	223	422	476	260	3	31	3322	375	787	0,0,0,0,0,0	38275	132	116	24491	293	0	23495,21487,21487,13761,13761,13761,13761	2	6	24158,0,0,0,0,0,0	88	1763
174358	156	372	294	150	114	39	20	4	2584	226	429	471	250	5	41	3512	389	756	0,0,0,0,0,0	38587	88	111	24599	296	0	23645,21618,21618,13787,13787,13787,13787	2	12	24266,0,0,0,0,0,0	81	1840
174430	160	364	283	144	118	39	20	4	2524	228	432	484	317	4	42	3345	395	733	0,0,0,0,0,0	26460	68	121	24718	299	0	23788,21741,21741,13809,13809,13809,13809	2	14	24386,0,0,0,0,0,0	79	1899
174504	171	354	268	128	120	40	21	5	2466	231	438	475	320	4	29	3732	391	711	0,0,0,0,0,0	26588	53	113	24829	301	0	23931,21865,21865,13830,13830,13830,13830	2	14	24497,0,0,0,0,0,0	71	1942
174564	174	335	283	113	124	43	24	5	2408	233	440	503	237	3	45	3758	405	691	0,0,0,0,0,0	27012	66	110	24940	301	0	24067,21984,21984,13855,13855,13855,13855	2	17	24608,0,0,0,0,0,0	87	1998
174633	176	346	279	110	121	44	21	7	2332	235	442	500	85	0	37	3888	400	697	0,0,0,0,0,0	27158	67	118	25055	304	0	24211,22109,22109,13879,13879,13879,13879	2	14	24723,0,0,0,0,0,0	83	2046
174678	173	376	261	98	109	40	17	10	2302	238	444	481	268	2	37	3785	379	695	0,0,0,0,0,0	26743	57	119	25172	306	0	24353,22235,22235,13915,13915,13915,13915	2	7	24840,0,0,0,0,0,0	81	2089
174728	185	367	258	97	101	39	16	9	2260	240	446	508	97	0	29	3570	363	700	0,0,0,0,0,0	38564	70	110	25278	311	0	24479,22345,22345,13941,13941,13941,13941	2	14	24946,0,0,0,0,0,0	78	2149
174801	177	346	244	106	107	34	14	8	2217	242	450	498	107	1	27	3429	346	682	0,0,0,0,0,0	38525	192	88	25366	311	0	24589,22439,22439,13947,13947,13947,13947	2	7	25034,0,0,0,0,0,0	73	2303
174880	146	349	250	109	121	33	17	8	2138	242	453	535	261	0	37	3351	349	676	0,0,0,0,0,0	26573	192	89	25455	311	0	24689,22522,22522,13943,13943,13943,13943	1	6	25123,0,0,0,0,0,0	67	2459
174870	179	366	246	99	122	32	14	10	2108	245	455	540	75	1	40	3275	360	698	4,0,0,0,0,0	26599	186	107	25609	314	0	24848,22667,22667,14013,14013,14013,14013	1	11	25230,49,0,0,0,0,0	66	2614
174886	208	374	234	97	120	32	17	9	2064	245	460	539	242	2	41	3364	369	713	8,0,0,0,0,0	26334	236	110	25744	319	0	24994,22798,22798,14063,14063,14063,14063	1	19	25325,92,0,0,0,0,0	59	2795
174869	210	402	223	112	122	32	18	7	2042	245	464	546	112	1	25	3000	364	755	13,0,0,0,0,0	26420	195	104	25884	327	0	25147,22938,22938,14132,14132,14132,14132	1	11	25408,154,0,0,0,0,0	72	2956
174840	253	415	236	120	127	33	19	6	1984	245	468	533	257	2	32	2938	369	834	19,0,0,0,0,0	26209	210	149	26067	332	0	25338,23113,23113,14227,14227,14227,14227	1	7	25508,238,0,0,0,0,0	69	3123
174820	272	451	239	118	121	32	21	5	1950	245	472	507	84	0	38	2454	382	872	24,0,0,0,0,0	37686	193	131	26236	334	0	25521,23281,23281,14316,14316,14316,14316	1	9	25596,320,0,0,0,0,0	70	3266
174783	274	495	236	121	136	32	24	5	1918	245	477	505	237	0	37	2283	376	942	29,0,0,0,0,0	37150	173	137	26410	340	0	25776,23524,23524,14451,14451,14451,14451	1	13	25676,417,0,0,0,0,0	75	3400
174739	270	546	247	126	136	29	23	5	1899	246	480	493	347	5	38	2653	376	1001	33,0,0,0,0,0	25418	168	185	26593	345	0	26038,23774,23773,14589,14589,14589,14589	1	13	25772,505,0,0,0,0,0	71	3536
