S	E	I1	I2	I3	I4	I5_h	I6_h	R_h	R	D1	D2	H	T	P1	P2	Q	QT	NQ	MUT	HOM	VAC	NI	INF	REINF	BSTR	IMM	HCI	HCE	INFV	INFH	VNI
178125	125	123	46	40	32	8	1	0	244	2	0	188	0	0	0	46	46	329	0,0,0,0,0,0	178744	0	0	375	0	0	621,621,621,621,621,621,621	0	0	0,0,0,0,0,0,0	0	0
178061	87	200	56	37	32	9	1	0	260	2	1	327	305	0	55	200	46	376	0,0,0,0,0,0	12507	0	74	449	0	0	685,685,685,685,685,685,685	0	3	74,0,0,0,0,0,0	11	0
177976	113	218	58	39	40	10	1	0	286	2	3	453	261	0	13	313	55	424	0,0,0,0,0,0	12666	0	89	540	0	0	770,770,770,770,770,770,770	0	10	165,0,0,0,0,0,0	11	0
177916	114	237	79	37	43	11	1	0	298	2	8	498	268	2	14	394	67	455	0,0,0,0,0,0	13164	0	72	614	0	0	831,831,831,831,831,831,831	0	5	239,0,0,0,0,0,0	15	0
177844	114	263	93	41	43	12	3	0	319	2	12	590	313	0	19	499	96	473	0,0,0,0,0,0	25235	0	81	695	0	0	905,905,905,905,905,905,905	0	9	320,0,0,0,0,0,0	17	0
177776	130	252	114	52	45	12	3	0	342	3	17	604	90	1	13	743	110	498	0,0,0,0,0,0	25336	0	81	776	0	0	977,977,977,977,977,977,977	0	10	401,0,0,0,0,0,0	17	0
177682	150	273	125	52	48	13	3	0	375	3	22	617	236	1	20	889	134	530	0,0,0,0,0,0	13823	0	109	885	0	0	1075,1075,1075,1075,1075,1075,1075	0	8	510,0,0,0,0,0,0	22	0
177610	137	278	147	74	60	15	4	0	395	3	23	672	251	0	22	1179	160	555	0,0,0,0,0,0	13848	0	89	974	0	0	1152,1152,1152,1151,1151,1151,1151	0	9	599,0,0,0,0,0,0	24	0
177543	123	285	149	91	73	16	4	0	430	3	29	654	90	1	25	1467	203	538	0,0,0,0,0,0	14152	0	85	1059	0	0	1225,1225,1225,1223,1223,1223,1223	0	8	684,0,0,0,0,0,0	25	0
177467	140	280	165	96	77	17	6	0	458	3	37	666	248	2	26	1585	226	555	0,0,0,0,0,0	14343	0	101	1160	1	0	1318,1316,1316,1311,1311,1311,1311	0	9	786,0,0,0,0,0,0	27	0
177365	164	291	167	96	81	17	6	0	514	3	42	688	252	1	27	1882	256	566	0,0,0,0,0,0	14543	0	119	1279	2	0	1430,1427,1427,1420,1420,1420,1420	1	14	906,0,0,0,0,0,0	29	0
177270	167	296	176	91	93	19	6	0	576	3	49	710	241	1	20	1810	267	581	0,0,0,0,0,0	26664	0	109	1388	2	0	1533,1530,1530,1520,1520,1520,1520	1	5	1015,0,0,0,0,0,0	32	0
177212	162	286	189	88	93	24	7	0	631	3	51	708	86	1	38	2071	304	545	0,0,0,0,0,0	26854	0	85	1474	2	0	1610,1606,1606,1591,1591,1591,1591	1	5	1101,0,0,0,0,0,0	42	0
177128	160	299	202	87	95	23	7	1	685	3	56	704	255	1	36	2632	330	543	0,0,0,0,0,0	15413	0	107	1578	5	0	1709,1704,1704,1685,1685,1685,1685	1	7	1207,0,0,0,0,0,0	47	0
177066	139	318	212	86	95	22	5	1	736	5	61	722	253	2	25	2609	338	539	0,0,0,0,0,0	15662	0	94	1672	5	0	1792,1785,1785,1760,1760,1760,1760	1	9	1301,0,0,0,0,0,0	43	0
176989	158	333	206	89	84	24	7	1	785	5	65	685	237	0	29	2685	332	569	0,0,0,0,0,0	15489	0	122	1792	8	0	1901,1891,1891,1857,1857,1857,1857	1	10	1424,0,0,0,0,0,0	47	0
176930	178	335	206	85	80	22	8	1	826	7	68	669	298	2	33	2740	344	570	0,0,0,0,0,0	15715	0	113	1905	9	0	2001,1988,1988,1941,1941,1941,1941	1	9	1538,0,0,0,0,0,0	48	0
176844	186	364	201	93	77	25	6	2	867	8	73	676	272	1	24	2780	337	615	0,0,0,0,0,0	15618	0	125	2030	11	0	2119,2103,2103,2046,2046,2046,2046	1	12	1664,0,0,0,0,0,0	51	0
176787	186	345	203	97	87	22	9	2	925	8	75	680	106	2	19	2618	326	623	0,0,0,0,0,0	27360	0	101	2132	11	0	2214,2194,2194,2124,2124,2124,2124	1	7	1766,0,0,0,0,0,0	45	0
176740	185	336	233	97	96	20	11	3	938	8	79	680	247	1	37	2460	327	651	0,0,0,0,0,0	27187	0	103	2234	14	0	2301,2278,2278,2195,2195,2195,2195	1	14	1871,0,0,0,0,0,0	54	0
176674	182	353	225	103	105	23	12	3	977	8	81	699	249	0	35	2424	331	672	0,0,0,0,0,0	15465	0	123	2356	16	0	2414,2386,2386,2288,2288,2288,2288	1	10	1994,0,0,0,0,0,0	51	0
176590	187	361	234	97	100	24	12	3	1039	9	90	704	246	2	43	2661	345	670	0,0,0,0,0,0	15346	0	121	2478	16	0	2529,2498,2498,2390,2390,2390,2390	1	13	2116,0,0,0,0,0,0	54	0
176491	186	405	238	99	99	23	10	4	1087	10	94	697	245	1	35	2139	328	732	0,0,0,0,0,0	15465	0	160	2635	19	0	2677,2641,2641,2516,2516,2516,2516	1	19	2274,0,0,0,0,0,0	63	0
176415	211	394	258	97	103	22	10	4	1125	11	96	675	241	4	47	2225	348	747	0,0,0,0,0,0	15112	0	146	2779	21	0	2811,2770,2770,2625,2625,2625,2625	1	10	2419,0,0,0,0,0,0	53	0
176339	219	411	262	95	102	21	12	3	1171	11	100	683	231	2	30	2238	334	788	0,0,0,0,0,0	15135	0	138	2918	21	0	2942,2896,2896,2732,2732,2732,2732	1	17	2558,0,0,0,0,0,0	52	0
176282	202	412	262	101	104	22	12	4	1229	13	103	674	265	5	28	2164	329	786	0,0,0,0,0,0	26736	0	113	3031	22	0	3047,2996,2996,2814,2814,2814,2814	1	10	2672,0,0,0,0,0,0	53	0
176210	199	454	251	99	100	21	12	4	1276	14	106	676	337	0	37	2323	349	787	0,0,0,0,0,0	26569	0	137	3169	23	0	3178,3121,3121,2918,2918,2918,2918	2	8	2810,0,0,0,0,0,0	50	0
176133	203	455	265	115	99	21	13	4	1312	15	111	677	250	2	34	2476	355	816	0,0,0,0,0,0	15226	0	145	3315	23	0	3316,3253,3253,3028,3028,3028,3028	2	13	2956,0,0,0,0,0,0	48	0
176059	218	448	300	110	94	21	13	4	1348	17	114	698	104	1	33	2549	370	834	0,0,0,0,0,0	15423	0	155	3468	25	0	3455,3385,3385,3136,3136,3136,3136	2	13	3110,0,0,0,0,0,0	54	0
175975	239	447	308	118	98	24	16	3	1382	17	119	675	270	2	34	2648	375	875	0,0,0,0,0,0	15505	0	173	3641	26	0	3619,3541,3541,3263,3263,3263,3263	2	26	3284,0,0,0,0,0,0	57	0
175898	239	468	291	136	98	24	14	3	1432	19	124	702	244	0	37	2874	378	892	0,0,0,0,0,0	15586	0	154	3794	28	0	3766,3681,3681,3377,3377,3377,3377	2	18	3437,0,0,0,0,0,0	56	0
175808	232	497	294	146	108	29	15	3	1469	19	126	677	260	2	31	2758	377	944	0,0,0,0,0,0	15852	0	174	3969	28	0	3930,3838,3838,3507,3507,3507,3507	2	9	3612,0,0,0,0,0,0	66	0
175714	242	531	287	132	127	29	17	4	1514	19	130	655	298	1	55	2647	395	970	0,0,0,0,0,0	27168	0	177	4146	31	0	4097,3997,3997,3640,3640,3640,3640	2	18	3789,0,0,0,0,0,0	70	0
175633	262	501	309	139	141	32	19	4	1552	21	133	610	223	0	44	2748	410	993	0,0,0,0,0,0	27235	0	160	4308	32	0	4250,4144,4144,3760,3760,3760,3760	2	7	3951,0,0,0,0,0,0	70	0
175536	271	496	332	133	155	30	21	3	1612	22	135	600	98	3	45	3042	411	1027	0,0,0,0,0,0	16127	0	175	4483	32	0	4419,4305,4305,3894,3894,3894,3894	2	14	4126,0,0,0,0,0,0	69	0
175435	272	526	346	145	151	35	23	3	1649	23	138	621	330	3	50	3144	439	1059	0,0,0,0,0,0	16014	0	193	4678	32	0	4605,4482,4482,4039,4039,4039,4039	2	21	4321,0,0,0,0,0,0	74	0
175335	285	533	345	151	144	38	26	2	1722	23	142	613	261	3	62	3668	473	1049	0,0,0,0,0,0	16194	0	193	4870	34	0	4791,4659,4659,4184,4184,4184,4184	2	22	4514,0,0,0,0,0,0	83	0
175220	294	569	342	160	151	40	28	2	1772	25	143	614	237	6	47	3844	483	1101	0,0,0,0,0,0	16786	0	217	5087	34	0	4998,4856,4856,4346,4346,4346,4346	2	16	4731,0,0,0,0,0,0	86	0
175135	313	579	337	168	155	41	24	4	1817	27	146	600	314	3	53	4058	504	1113	0,0,0,0,0,0	16852	0	207	5296	34	0	5198,5045,5045,4491,4491,4491,4491	2	16	4940,0,0,0,0,0,0	85	0
175073	277	617	342	168	161	45	23	4	1859	29	148	567	331	3	53	3845	495	1138	0,0,0,0,0,0	28413	0	179	5475	34	0	5364,5200,5200,4606,4606,4606,4606	2	12	5119,0,0,0,0,0,0	90	0
175000	278	611	373	156	181	48	23	2	1892	31	151	561	240	5	51	4251	541	1129	0,0,0,0,0,0	28484	0	194	5672	34	0	5554,5377,5377,4739,4739,4739,4739	2	14	5316,0,0,0,0,0,0	89	0
174858	316	629	384	158	182	50	26	2	1953	33	155	558	318	1	59	4725	586	1159	0,0,0,0,0,0	17678	0	241	5912	35	0	5789,5602,5602,4929,4929,4929,4929	2	20	5556,0,0,0,0,0,0	91	0
174717	367	641	378	161	185	54	28	3	2022	33	157	529	262	1	65	4816	606	1208	0,0,0,0,0,0	17617	0	248	6162	37	0	6028,5831,5831,5120,5120,5120,5120	2	29	5806,0,0,0,0,0,0	100	0
174601	361	699	394	179	185	52	24	6	2051	35	159	539	262	2	59	4992	635	1259	0,0,0,0,0,0	17492	0	240	6403	38	0	6258,6049,6049,5294,5294,5294,5294	2	17	6047,0,0,0,0,0,0	104	0
174446	408	715	400	187	186	52	21	7	2122	39	163	532	265	1	52	4915	646	1323	0,0,0,0,0,0	17812	0	263	6665	39	0	6514,6294,6294,5500,5500,5500,5500	3	24	6309,0,0,0,0,0,0	101	0
174328	386	758	436	196	178	55	23	7	2166	42	171	534	258	5	60	4923	642	1390	0,0,0,0,0,0	17910	0	248	6913	41	0	6758,6525,6525,5683,5683,5683,5683	3	24	6558,0,0,0,0,0,0	107	0
174220	380	807	450	203	187	52	23	7	2200	44	173	550	311	4	54	4579	648	1454	0,0,0,0,0,0	28979	0	253	7168	42	0	7004,6756,6756,5862,5862,5862,5862	3	15	6813,0,0,0,0,0,0	114	0
174111	384	783	482	226	190	55	24	7	2264	44	176	563	293	2	69	4679	689	1455	0,0,0,0,0,0	28885	0	245	7412	45	0	7241,6980,6980,6036,6036,6036,6036	3	20	7057,0,0,0,0,0,0	124	0
173954	401	833	487	226	200	57	26	7	2328	44	183	543	242	4	71	5015	727	1503	0,0,0,0,0,0	17983	0	281	7694	45	0	7517,7244,7244,6254,6254,6254,6254	3	29	7339,0,0,0,0,0,0	119	0
173806	417	873	505	221	212	62	32	8	2378	44	188	539	243	3	61	4930	739	1583	0,0,0,0,0,0	18103	0	307	8003	45	0	7818,7528,7528,6478,6478,6478,6478	3	28	7648,0,0,0,0,0,0	127	0
173636	415	916	488	234	225	64	33	10	2486	47	192	531	250	1	70	5058	734	1641	0,0,0,0,0,0	33051	0	303	8306	46	0	8114,7811,7811,6711,6711,6711,6711	3	32	7951,0,0,0,0,0,0	129	0
173495	429	937	501	245	229	65	35	9	2561	47	193	529	243	2	62	5021	735	1706	0,0,0,0,0,0	33348	0	294	8600	49	0	8398,8079,8079,6924,6924,6924,6924	3	32	8245,0,0,0,0,0,0	134	0
173364	447	900	543	253	227	70	34	8	2653	50	197	512	234	4	97	5147	791	1683	0,0,0,0,0,0	33173	0	275	8873	51	0	8662,8329,8329,7123,7123,7123,7123	3	32	8518,0,0,0,0,0,0	138	0
173272	420	886	576	266	232	63	31	9	2740	53	198	528	274	7	73	5275	774	1700	0,0,0,0,0,0	46470	0	241	9115	51	0	8895,8547,8547,7285,7285,7285,7285	4	20	8760,0,0,0,0,0,0	136	0
173168	405	854	592	284	243	68	31	10	2833	56	202	507	237	3	77	5307	792	1685	0,0,0,0,0,0	46646	0	265	9380	53	0	9153,8789,8789,7467,7467,7467,7467	4	23	9025,0,0,0,0,0,0	138	0
173082	414	836	594	266	243	72	33	10	2934	58	204	506	273	5	102	5719	819	1639	0,0,0,0,0,0	33721	0	255	9634	55	0	9397,9016,9016,7632,7632,7632,7632	4	29	9279,0,0,0,0,0,0	139	0
172998	410	847	559	275	248	73	36	8	3022	59	211	488	290	5	86	6013	880	1568	0,0,0,0,0,0	33696	0	260	9894	57	0	9650,9250,9250,7799,7799,7799,7799	4	27	9539,0,0,0,0,0,0	144	0
172922	404	855	539	258	248	72	42	8	3123	60	215	499	253	5	88	6301	885	1533	0,0,0,0,0,0	34148	0	254	10149	58	0	9896,9478,9478,7960,7960,7960,7960	4	29	9794,0,0,0,0,0,0	158	0
172843	399	885	550	252	242	71	44	7	3172	64	217	481	239	0	76	6124	882	1561	0,0,0,0,0,0	34217	0	279	10427	61	0	10162,9724,9724,8133,8133,8133,8133	4	37	10072,0,0,0,0,0,0	150	0
172771	416	849	572	265	271	74	48	6	3190	65	219	464	256	6	74	6603	916	1579	0,0,0,0,0,0	33972	0	274	10703	62	0	10427,9968,9968,8301,8301,8301,8301	4	33	10348,0,0,0,0,0,0	157	0
172757	396	826	582	253	274	68	47	6	3243	69	225	454	248	7	70	6264	900	1546	0,0,0,0,0,0	47602	0	225	10928	64	0	10642,10162,10162,8416,8416,8416,8416	4	16	10573,0,0,0,0,0,0	170	0
172754	365	823	581	254	265	76	50	4	3277	70	227	447	327	6	69	6327	909	1505	0,0,0,0,0,0	47132	0	206	11130	68	0	10833,10333,10333,8513,8513,8513,8513	4	24	10775,0,0,0,0,0,0	163	0
172678	371	812	574	261	262	75	50	5	3352	72	234	434	247	0	73	6120	897	1508	0,0,0,0,0,0	34771	0	259	11386	72	0	11083,10564,10564,8675,8675,8675,8675	4	30	11032,0,0,0,0,0,0	161	0
172664	369	774	559	257	254	81	55	5	3418	74	236	453	294	2	88	6170	912	1437	0,0,0,0,0,0	33971	0	211	11596	73	0	11279,10740,10740,8778,8778,8778,8778	4	28	11243,0,0,0,0,0,0	170	0
172629	358	737	594	261	258	79	51	7	3453	78	241	453	251	3	79	5983	909	1429	0,0,0,0,0,0	34161	0	232	11830	74	0	11504,10945,10945,8907,8907,8907,8907	4	33	11478,0,0,0,0,0,0	163	0
172589	382	706	587	255	254	78	50	10	3509	81	245	457	272	4	72	5840	878	1434	0,0,0,0,0,0	33708	0	229	12057	77	0	11723,11144,11144,9035,9035,9035,9035	4	23	11707,0,0,0,0,0,0	157	0
172582	388	693	597	237	262	75	47	12	3523	83	247	458	323	2	68	5774	866	1433	0,0,0,0,0,0	33790	0	227	12285	77	0	11937,11336,11336,9144,9144,9144,9144	4	26	11935,0,0,0,0,0,0	155	0
172589	367	712	567	210	258	77	45	14	3570	86	251	440	263	6	55	5404	836	1400	0,0,0,0,0,0	46593	0	199	12485	79	0	12126,11504,11504,9234,9234,9234,9234	4	20	12135,0,0,0,0,0,0	140	0
172632	320	721	556	210	254	78	47	11	3578	87	252	433	248	2	65	5454	816	1370	0,0,0,0,0,0	46414	0	172	12655	81	0	12283,11639,11639,9291,9291,9291,9291	4	14	12305,0,0,0,0,0,0	149	0
172629	339	714	535	219	242	82	45	11	3583	92	255	444	234	5	72	5619	804	1372	0,0,0,0,0,0	33694	0	240	12892	87	0	12505,11838,11838,9402,9402,9402,9402	4	24	12543,0,0,0,0,0,0	145	0
172646	351	700	484	235	238	84	41	9	3605	98	255	445	270	2	70	5988	791	1342	0,0,0,0,0,0	33767	0	233	13124	89	0	12718,12026,12026,9498,9498,9498,9498	4	21	12775,0,0,0,0,0,0	144	0
172651	344	707	458	223	229	83	43	11	3637	99	261	470	248	2	66	6142	745	1342	0,0,0,0,0,0	34182	0	207	13329	91	0	12913,12199,12199,9591,9591,9591,9591	4	19	12980,0,0,0,0,0,0	151	0
172656	347	723	467	204	224	75	45	10	3627	102	266	424	261	3	70	6332	747	1338	0,0,0,0,0,0	34276	0	217	13549	93	0	13121,12384,12384,9690,9690,9690,9690	4	22	13201,0,0,0,0,0,0	140	0
172716	340	720	476	202	218	69	47	8	3579	102	269	407	335	4	73	6290	773	1299	0,0,0,0,0,0	34063	0	204	13748	98	0	13303,12540,12540,9749,9749,9749,9749	4	24	13400,0,0,0,0,0,0	139	0
172770	318	702	467	198	215	71	42	14	3576	103	270	411	268	2	62	6123	749	1264	0,0,0,0,0,0	46986	0	177	13926	101	0	13464,12679,12679,9801,9801,9801,9801	3	9	13578,0,0,0,0,0,0	129	0
172818	304	661	483	204	207	74	37	15	3566	107	270	415	339	1	69	5856	732	1238	0,0,0,0,0,0	46987	0	186	14111	103	0	13633,12824,12824,9860,9860,9860,9860	3	20	13763,0,0,0,0,0,0	137	0
172858	305	659	475	190	201	74	40	13	3549	110	272	435	87	1	58	5923	747	1197	0,0,0,0,0,0	33957	0	193	14304	105	0	13810,12978,12978,9925,9925,9925,9925	3	18	13956,0,0,0,0,0,0	140	0
172873	289	656	473	195	189	71	40	14	3559	113	274	431	328	2	57	6117	742	1171	0,0,0,0,0,0	34059	0	195	14494	110	0	13984,13131,13131,10001,10001,10001,10001	3	24	14146,0,0,0,0,0,0	134	0
172926	278	669	465	196	182	73	42	13	3515	113	274	431	268	1	61	5612	698	1207	0,0,0,0,0,0	33663	0	194	14685	114	0	14157,13279,13279,10058,10058,10058,10058	3	31	14337,0,0,0,0,0,0	147	0
172966	301	652	478	186	191	71	41	13	3452	117	278	448	262	6	62	5925	718	1202	0,0,0,0,0,0	34156	0	209	14892	117	0	14350,13447,13447,10131,10131,10131,10131	3	23	14545,0,0,0,0,0,0	140	0
173007	306	628	459	191	204	70	37	12	3430	120	282	448	103	2	69	5369	731	1164	0,0,0,0,0,0	33994	0	172	15063	119	0	14506,13582,13582,10185,10185,10185,10185	3	20	14716,0,0,0,0,0,0	129	0
173052	278	636	454	190	196	72	34	15	3411	122	286	442	241	2	57	5199	701	1159	0,0,0,0,0,0	46367	0	172	15234	120	0	14662,13716,13716,10237,10237,10237,10237	3	16	14887,0,0,0,0,0,0	138	0
173138	279	622	416	183	193	68	35	14	3386	124	288	459	257	1	54	4997	671	1125	0,0,0,0,0,0	46202	0	161	15393	123	0	14805,13834,13834,10263,10263,10263,10263	3	14	15046,0,0,0,0,0,0	134	0
173163	264	599	413	193	191	68	32	13	3393	127	290	468	254	2	51	5134	651	1109	0,0,0,0,0,0	33025	0	176	15566	126	0	14964,13973,13973,10326,10326,10326,10326	3	14	15219,0,0,0,0,0,0	130	0
173204	281	555	404	186	193	70	31	15	3388	129	290	443	94	2	50	5167	632	1088	0,0,0,0,0,0	33165	0	174	15739	127	0	15118,14106,14106,10378,10378,10378,10378	3	20	15392,0,0,0,0,0,0	135	0
173244	274	575	401	182	167	65	33	14	3369	130	292	459	282	0	49	5082	607	1090	0,0,0,0,0,0	33132	0	176	15916	127	0	15278,14244,14244,10433,10433,10433,10433	3	26	15569,0,0,0,0,0,0	131	0
173276	277	565	401	178	169	63	33	15	3343	131	295	445	244	3	45	4766	571	1115	0,0,0,0,0,0	32929	0	183	16098	128	0	15445,14390,14390,10496,10496,10496,10496	3	18	15751,0,0,0,0,0,0	124	0
173301	271	581	392	175	160	60	33	14	3327	134	298	437	255	2	59	5008	577	1095	0,0,0,0,0,0	32928	0	183	16280	129	0	15612,14536,14536,10562,10562,10562,10562	3	16	15933,0,0,0,0,0,0	121	0
173335	262	589	388	158	155	66	29	14	3309	138	303	414	243	2	43	4869	552	1095	0,0,0,0,0,0	46288	0	168	16446	132	0	15765,14668,14668,10618,10618,10618,10618	3	16	16099,0,0,0,0,0,0	121	0
173407	253	574	407	146	154	65	29	14	3250	140	307	449	103	5	49	4794	568	1060	0,0,0,0,0,0	45821	0	154	16599	135	0	15903,14783,14783,10647,10647,10647,10647	3	16	16253,0,0,0,0,0,0	126	0
173457	265	560	410	134	169	61	23	15	3196	145	311	454	245	3	57	5109	561	1061	0,0,0,0,0,0	32959	0	172	16771	138	0	16059,14917,14917,10695,10695,10695,10695	3	21	16425,0,0,0,0,0,0	112	0
173477	260	572	421	145	165	60	20	14	3148	148	316	439	257	4	44	5198	567	1076	0,0,0,0,0,0	33290	0	188	16957	142	0	16231,15068,15068,10765,10765,10765,10765	3	18	16612,0,0,0,0,0,0	105	0
173538	274	550	414	150	165	57	24	12	3094	150	318	442	264	1	42	5083	557	1077	0,0,0,0,0,0	33284	0	172	17128	144	0	16386,15199,15199,10806,10806,10806,10806	3	17	16784,0,0,0,0,0,0	101	0
173602	252	528	422	160	159	52	24	11	3062	152	322	440	66	1	42	4650	538	1059	0,0,0,0,0,0	46207	0	136	17265	145	0	16509,15302,15302,10829,10829,10829,10829	2	10	16921,0,0,0,0,0,0	108	0
173679	241	524	418	143	166	57	27	11	3005	152	323	444	313	2	46	4649	520	1056	0,0,0,0,0,0	45672	0	149	17411	149	0	16636,15407,15407,10849,10849,10849,10849	2	15	17067,0,0,0,0,0,0	102	0
173764	238	497	395	135	160	49	26	9	2992	156	325	444	254	2	55	4825	535	965	0,0,0,0,0,0	45935	0	130	17540	150	0	16750,15498,15498,10858,10858,10858,10858	2	12	17196,0,0,0,0,0,0	100	0
173860	224	479	379	135	172	49	27	9	2924	157	331	445	285	0	42	4816	531	934	0,0,0,0,0,0	45621	26	129	17669	152	0	16865,15591,15591,10863,10863,10863,10863	2	7	17325,0,0,0,0,0,0	103	24
173875	231	494	356	133	158	47	29	7	2923	158	335	448	263	2	44	4524	500	948	0,0,0,0,0,0	33259	24	168	17837	153	0	17020,15727,15727,10926,10926,10926,10926	2	29	17493,0,0,0,0,0,0	99	46
173910	231	489	337	144	155	42	29	7	2903	158	341	469	236	1	51	4322	508	919	0,0,0,0,0,0	32535	29	150	17987	155	0	17157,15845,15845,10970,10970,10970,10970	2	9	17643,0,0,0,0,0,0	94	72
173947	241	474	330	150	156	47	30	7	2861	160	343	480	306	4	51	4198	516	912	0,0,0,0,0,0	32225	20	152	18137	157	0	17292,15961,15961,11012,11012,11012,11012	2	25	17793,0,0,0,0,0,0	94	89
173991	242	457	325	149	160	49	32	6	2830	160	345	472	236	3	55	3906	519	895	0,0,0,0,0,0	32172	26	132	18271	157	0	17410,16062,16062,11042,11042,11042,11042	2	15	17927,0,0,0,0,0,0	97	112
174080	216	462	311	154	156	50	33	3	2774	162	345	459	251	4	47	3777	522	860	0,0,0,0,0,0	31927	25	124	18395	158	0	17515,16145,16145,11043,11043,11043,11043	2	13	18051,0,0,0,0,0,0	92	132
174153	195	457	319	148	163	47	28	4	2719	166	347	473	260	3	50	3879	503	854	0,0,0,0,0,0	38758	28	120	18515	159	0	17619,16230,16230,11052,11052,11052,11052	2	8	18171,0,0,0,0,0,0	98	157
174204	203	464	322	142	148	46	28	3	2669	167	350	463	307	2	34	3816	486	867	0,0,0,0,0,0	38767	129	148	18659	164	0	17758,16349,16349,11090,11090,11090,11090	2	13	18315,0,0,0,0,0,0	98	272
174246	216	485	320	142	143	51	26	5	2589	168	355	447	248	0	45	3893	502	881	0,0,0,0,0,0	27165	136	163	18820	167	0	17913,16483,16483,11139,11139,11139,11139	2	23	18476,0,0,0,0,0,0	92	392
174284	220	478	327	153	134	49	29	5	2538	168	361	453	322	2	38	3776	488	902	0,0,0,0,0,0	26939	150	142	18960	170	0	18049,16601,16601,11180,11180,11180,11180	2	10	18617,0,0,0,0,0,0	92	527
174327	230	451	337	141	127	51	31	5	2517	168	361	452	216	4	39	3721	476	892	0,0,0,0,0,0	26971	150	136	19095	171	0	18173,16707,16707,11212,11212,11212,11212	2	13	18752,0,0,0,0,0,0	93	658
174385	214	442	315	158	127	46	30	4	2493	169	363	442	311	1	43	3870	467	865	0,0,0,0,0,0	26673	125	126	19222	171	0	18293,16808,16808,11235,11235,11235,11235	2	11	18879,0,0,0,0,0,0	86	771
174422	233	412	311	158	133	46	28	5	2457	173	368	439	269	1	46	4019	465	856	0,0,0,0,0,0	27155	157	149	19369	173	0	18433,16929,16929,11279,11279,11279,11279	2	17	19026,0,0,0,0,0,0	83	912
174457	226	419	313	149	122	47	26	6	2436	175	370	422	250	3	44	3945	450	852	0,0,0,0,0,0	38878	147	131	19500	174	0	18559,17039,17039,11317,11317,11317,11317	2	11	19157,0,0,0,0,0,0	89	1037
174521	193	442	313	148	129	44	25	5	2376	176	374	456	253	0	37	3649	459	835	0,0,0,0,0,0	38816	153	113	19611	177	0	18700,17161,17161,11348,11348,11348,11348	2	10	19268,0,0,0,0,0,0	91	1172
174526	185	441	312	142	130	46	24	6	2380	177	377	446	293	1	57	3542	459	821	0,0,0,0,0,0	26792	151	132	19741	181	0	18862,17310,17310,11418,11418,11418,11418	2	13	19398,0,0,0,0,0,0	88	1301
174545	202	418	307	145	133	43	21	4	2367	180	381	461	84	2	47	3717	437	832	0,0,0,0,0,0	26872	176	132	19870	184	0	19028,17461,17461,11482,11482,11482,11482	2	20	19527,0,0,0,0,0,0	88	1456
174559	192	446	306	132	130	42	18	7	2348	182	384	452	257	3	32	3476	442	824	0,0,0,0,0,0	26757	143	141	20007	188	0	19201,17618,17618,11552,11552,11552,11552	2	25	19664,0,0,0,0,0,0	88	1575
174594	184	441	320	124	121	38	17	7	2330	183	387	478	262	1	42	3462	417	828	0,0,0,0,0,0	26490	155	125	20129	191	0	19350,17752,17752,11600,11600,11600,11600	2	19	19786,0,0,0,0,0,0	77	1708
174621	205	421	326	124	128	41	16	10	2280	185	389	489	86	4	38	3531	407	854	0,0,0,0,0,0	26700	159	145	20274	193	0	19533,17917,17917,11669,11669,11669,11669	2	20	19931,0,0,0,0,0,0	78	1848
174660	208	406	319	123	126	40	15	9	2257	188	395	502	270	4	48	3271	412	825	0,0,0,0,0,0	38307	155	122	20396	194	0	19690,18057,18057,11720,11720,11720,11720	2	8	20053,0,0,0,0,0,0	79	1972
174680	202	404	296	115	123	40	14	12	2276	188	396	484	306	3	43	3035	417	777	0,0,0,0,0,0	38544	62	118	20512	197	0	19843,18197,18197,11777,11777,11777,11777	2	11	20169,0,0,0,0,0,0	78	2028
174684	198	410	270	118	139	39	16	8	2277	189	398	496	244	3	36	3252	435	755	0,0,0,0,0,0	26197	61	130	20641	198	0	20006,18346,18346,11846,11846,11846,11846	2	14	20298,0,0,0,0,0,0	72	2077
174736	193	404	285	113	134	38	20	6	2230	189	398	482	93	0	38	3418	448	739	0,0,0,0,0,0	26269	63	113	20755	198	0	20160,18483,18483,11886,11886,11886,11886	2	16	20412,0,0,0,0,0,0	77	2128
174754	191	421	288	116	124	40	18	5	2197	192	400	491	259	2	30	3465	427	771	0,0,0,0,0,0	26503	70	135	20887	202	0	20323,18632,18632,11948,11948,11948,11948	2	16	20545,0,0,0,0,0,0	72	2189
174773	186	427	299	107	123	31	18	5	2182	192	403	484	289	1	37	3092	416	775	0,0,0,0,0,0	26592	58	135	21017	208	0	20490,18783,18783,12011,12011,12011,12011	2	12	20675,0,0,0,0,0,0	72	2235
174769	200	422	303	108	109	33	17	5	2183	193	404	492	243	4	38	3330	397	795	0,0,0,0,0,0	26616	73	151	21165	211	0	20675,18954,18954,12094,12094,12094,12094	2	17	20823,0,0,0,0,0,0	71	2293
174775	202	430	294	112	112	31	16	6	2168	194	406	484	273	4	29	3371	388	809	0,0,0,0,0,0	38438	54	136	21299	214	0	20842,19107,19107,12165,12165,12165,12165	2	12	20957,0,0,0,0,0,0	68	2335
174783	215	426	277	121	117	28	17	5	2152	194	411	490	260	3	32	3159	386	815	0,0,0,0,0,0	38041	213	128	21424	218	0	20984,19235,19235,12222,12222,12222,12222	2	10	21083,0,0,0,0,0,0	63	2526
174804	210	437	277	120	120	28	15	4	2118	196	417	466	257	0	28	3252	374	833	0,0,0,0,0,0	26592	198	125	21546	221	0	21121,19357,19357,12267,12267,12267,12267	2	12	21205,0,0,0,0,0,0	55	2692
174751	235	446	296	117	121	31	13	6	2116	196	418	498	105	1	36	3117	357	902	3,0,0,0,0,0	26473	193	139	21725	226	0	21310,19534,19534,12375,12375,12375,12375	2	7	21343,44,0,0,0,0,0	53	2845
174718	276	453	309	116	135	29	15	7	2072	196	420	518	256	3	39	3221	384	949	6,0,0,0,0,0	26478	193	144	21899	234	0	21496,19706,19706,12472,12472,12472,12472	2	10	21479,84,0,0,0,0,0	54	2999
174657	283	481	299	120	144	31	17	6	2088	196	424	506	252	2	44	3270	406	969	9,0,0,0,0,0	26623	196	157	22088	236	0	21696,19892,19892,12590,12590,12590,12590	2	13	21624,128,0,0,0,0,0	58	3152
174581	296	527	296	125	149	34	17	6	2091	197	427	498	300	0	46	3111	432	1012	13,0,0,0,0,0	26676	207	155	22285	241	0	21909,20093,20093,12722,12722,12722,12722	2	13	21752,198,0,0,0,0,0	55	3324
174529	296	555	327	137	133	35	18	6	2084	198	428	497	252	3	43	3271	466	1035	17,0,0,0,0,0	38104	221	154	22478	244	0	22112,20283,20283,12838,12838,12838,12838	2	7	21871,274,0,0,0,0,0	63	3512
174458	280	621	343	153	145	34	18	6	2058	200	430	505	254	4	34	2855	467	1127	22,0,0,0,0,0	38459	191	172	22678	249	0	22411,20569,20569,13011,13011,13011,13011	2	12	21980,367,0,0,0,0,0	68	3663
174385	302	605	370	160	161	31	15	7	2072	202	436	504	234	3	42	3214	463	1181	25,0,0,0,0,0	26272	179	199	22874	254	0	22699,20845,20845,13179,13179,13179,13179	2	18	22100,444,0,0,0,0,0	58	3793
