S	E	I1	I2	I3	I4	I5_h	I6_h	R_h	R	D1	D2	H	T	P1	P2	Q	QT	NQ	MUT	HOM	VAC	NI	INF	REINF	BSTR	IMM	HCI	HCE	INFV	INFH	VNI
178108	113	132	54	39	49	5	2	0	244	0	0	224	0	0	0	62	62	332	0,0,0,0,0,0	178746	0	0	394	0	0	638,638,638,638,638,638,638	0	0	0,0,0,0,0,0,0	0	0
178056	83	192	56	42	42	6	1	1	266	0	1	352	305	0	84	209	71	351	0,0,0,0,0,0	12543	0	62	456	0	0	690,690,690,690,690,690,690	0	2	62,0,0,0,0,0,0	9	0
177978	108	198	68	47	47	6	1	1	287	0	5	447	153	0	13	367	75	400	0,0,0,0,0,0	12939	0	86	543	0	0	768,768,768,768,768,768,768	0	5	149,0,0,0,0,0,0	13	0
177902	118	213	83	53	45	5	3	1	314	0	9	528	258	0	18	631	96	424	0,0,0,0,0,0	12891	0	83	627	0	0	846,846,846,846,846,846,846	0	7	233,0,0,0,0,0,0	9	0
177842	120	227	84	63	48	5	3	0	340	0	14	565	291	3	14	752	105	445	0,0,0,0,0,0	25386	0	73	701	0	0	907,907,907,907,907,907,907	0	3	307,0,0,0,0,0,0	12	0
177775	129	241	90	69	58	4	3	0	361	0	16	619	245	0	21	850	129	465	0,0,0,0,0,0	25282	0	86	787	0	0	977,977,977,977,977,977,977	0	7	393,0,0,0,0,0,0	11	0
177696	133	264	103	70	71	5	4	0	382	0	18	650	108	1	20	1167	157	493	0,0,0,0,0,0	13904	0	98	886	0	0	1061,1061,1061,1061,1061,1061,1061	0	5	492,0,0,0,0,0,0	17	0
177613	138	291	129	62	71	5	5	0	414	0	18	661	212	0	31	1438	206	495	0,0,0,0,0,0	14314	0	104	989	1	0	1152,1152,1152,1150,1150,1150,1150	0	9	596,0,0,0,0,0,0	20	0
177547	142	289	143	73	71	4	6	0	447	0	24	670	232	1	21	1595	209	519	0,0,0,0,0,0	14268	0	92	1081	1	0	1229,1228,1228,1226,1226,1226,1226	0	6	688,0,0,0,0,0,0	20	0
177491	137	272	159	84	77	6	6	0	482	0	32	696	104	0	13	1705	220	521	0,0,0,0,0,0	14708	0	74	1154	2	0	1295,1294,1294,1291,1291,1291,1291	0	5	762,0,0,0,0,0,0	17	0
177400	143	306	159	92	76	5	6	0	525	0	34	726	244	0	27	1783	239	548	0,0,0,0,0,0	14707	0	113	1267	4	0	1396,1394,1394,1389,1389,1389,1389	0	4	877,0,0,0,0,0,0	23	0
177333	143	310	165	89	65	9	7	1	585	0	39	720	361	1	33	1709	260	528	0,0,0,0,0,0	26615	0	85	1352	4	0	1472,1470,1470,1463,1463,1463,1463	0	7	962,0,0,0,0,0,0	21	0
177274	139	322	168	88	73	10	7	1	623	0	41	739	256	1	15	1966	267	540	0,0,0,0,0,0	26628	0	94	1443	7	0	1550,1547,1547,1535,1535,1535,1535	0	2	1055,0,0,0,0,0,0	29	0
177199	158	306	187	89	88	13	6	2	653	0	45	751	262	3	28	1868	277	570	0,0,0,0,0,0	14963	0	111	1552	9	0	1648,1643,1643,1625,1625,1625,1625	1	9	1165,0,0,0,0,0,0	35	0
177132	163	303	195	91	100	13	7	1	692	1	48	762	259	5	36	2067	308	564	0,0,0,0,0,0	14962	0	102	1650	13	0	1729,1724,1724,1703,1703,1703,1703	1	6	1267,0,0,0,0,0,0	31	0
177054	161	331	186	80	106	13	8	1	753	1	52	749	309	1	32	2214	324	561	0,0,0,0,0,0	15060	0	113	1762	14	0	1833,1825,1825,1796,1796,1796,1796	1	6	1380,0,0,0,0,0,0	38	0
176994	163	330	188	99	121	15	7	1	772	1	55	729	85	0	29	2125	351	572	0,0,0,0,0,0	15289	0	106	1863	19	0	1922,1912,1912,1875,1875,1875,1875	1	9	1485,0,0,0,0,0,0	35	0
176895	187	360	193	101	112	17	9	2	811	1	58	736	103	3	25	2146	345	634	0,0,0,0,0,0	15157	0	143	2005	21	0	2050,2037,2037,1993,1993,1993,1993	1	20	1629,0,0,0,0,0,0	41	0
176818	187	364	213	95	120	19	10	2	854	2	62	767	91	1	22	2193	354	654	0,0,0,0,0,0	26689	0	118	2123	21	0	2159,2144,2144,2089,2089,2089,2089	1	12	1747,0,0,0,0,0,0	50	0
176727	197	360	240	99	129	20	10	2	893	3	66	773	250	2	39	2297	369	686	0,0,0,0,0,0	26863	0	124	2243	26	0	2277,2259,2259,2195,2195,2195,2195	1	11	1870,0,0,0,0,0,0	64	0
176657	171	382	248	86	135	20	12	2	958	3	72	749	219	0	44	2530	392	662	0,0,0,0,0,0	15546	0	115	2357	27	0	2386,2364,2364,2287,2287,2287,2287	1	13	1984,0,0,0,0,0,0	64	0
176571	195	395	237	83	134	22	13	2	1016	4	74	739	292	2	34	2492	383	696	0,0,0,0,0,0	15454	0	151	2508	29	0	2523,2497,2497,2403,2403,2403,2403	1	16	2137,0,0,0,0,0,0	62	0
176457	221	425	222	85	143	21	13	3	1074	5	77	730	105	2	38	2896	409	721	0,0,0,0,0,0	15734	0	173	2682	30	0	2689,2657,2657,2545,2545,2545,2545	1	13	2312,0,0,0,0,0,0	59	0
176399	224	434	219	101	141	21	16	3	1102	5	81	729	97	2	35	3210	440	716	0,0,0,0,0,0	16016	0	137	2819	30	0	2811,2774,2774,2640,2640,2640,2640	1	12	2449,0,0,0,0,0,0	55	0
176299	247	448	235	103	129	24	15	4	1147	6	89	694	253	0	40	2918	453	748	0,0,0,0,0,0	16145	0	161	2978	33	0	2963,2920,2920,2769,2769,2769,2769	1	11	2609,0,0,0,0,0,0	57	0
176204	229	467	252	108	136	20	15	5	1211	6	93	713	84	0	31	3082	447	780	0,0,0,0,0,0	27653	0	140	3115	37	0	3092,3046,3046,2883,2883,2883,2883	1	12	2748,0,0,0,0,0,0	65	0
176129	231	459	267	112	148	22	16	4	1254	6	98	685	313	3	39	3313	454	801	0,0,0,0,0,0	27799	0	136	3251	37	0	3223,3172,3172,2990,2990,2990,2990	1	10	2884,0,0,0,0,0,0	73	0
176036	240	487	254	119	140	26	14	3	1317	8	102	669	246	4	50	3969	462	818	0,0,0,0,0,0	16639	0	165	3417	38	0	3381,3324,3324,3117,3117,3117,3117	1	9	3051,0,0,0,0,0,0	68	0
175972	234	477	273	120	149	28	16	3	1361	8	105	666	240	2	48	4150	483	814	0,0,0,0,0,0	16819	0	134	3551	39	0	3508,3444,3444,3214,3214,3214,3214	1	13	3185,0,0,0,0,0,0	71	0
175880	224	517	285	132	138	30	17	3	1403	8	109	635	104	3	40	3948	474	869	0,0,0,0,0,0	16967	0	173	3725	39	0	3673,3601,3601,3345,3345,3345,3345	2	15	3359,0,0,0,0,0,0	71	0
175770	250	514	316	140	135	30	17	5	1451	8	110	638	288	1	38	3892	471	931	0,0,0,0,0,0	16858	0	186	3909	41	0	3850,3772,3772,3489,3489,3489,3489	2	19	3544,0,0,0,0,0,0	76	0
175650	279	536	320	136	138	27	19	6	1514	8	113	600	265	5	45	3738	472	983	0,0,0,0,0,0	16883	0	190	4099	42	0	4037,3951,3951,3644,3644,3644,3644	2	18	3735,0,0,0,0,0,0	73	0
175568	282	545	326	126	149	30	16	6	1573	11	114	613	93	3	36	3631	442	1032	0,0,0,0,0,0	27800	0	175	4274	43	0	4200,4106,4106,3769,3769,3769,3769	2	14	3910,0,0,0,0,0,0	75	0
175504	265	570	328	127	146	32	19	7	1619	11	118	626	241	2	32	3484	428	1059	0,0,0,0,0,0	28029	0	160	4434	43	0	4354,4251,4251,3880,3880,3880,3880	2	14	4070,0,0,0,0,0,0	76	0
175381	283	576	350	138	174	33	17	6	1653	13	122	626	97	1	57	3757	467	1104	0,0,0,0,0,0	16933	0	209	4642	44	0	4556,4445,4445,4044,4044,4044,4044	2	24	4278,0,0,0,0,0,0	84	0
175242	317	607	357	142	176	33	18	5	1710	14	125	614	278	5	62	3841	497	1153	0,0,0,0,0,0	16726	0	231	4870	47	0	4776,4656,4656,4224,4224,4224,4224	2	30	4508,0,0,0,0,0,0	77	0
175098	327	632	390	158	178	34	18	4	1762	14	131	616	297	4	72	3763	539	1198	0,0,0,0,0,0	17114	0	232	5102	48	0	5005,4876,4876,4411,4411,4411,4411	2	23	4741,0,0,0,0,0,0	80	0
174968	350	626	406	165	187	35	19	3	1839	15	133	623	240	1	55	3967	526	1262	0,0,0,0,0,0	16782	0	230	5331	49	0	5221,5083,5083,4586,4586,4586,4586	2	27	4970,0,0,0,0,0,0	72	0
174808	359	691	428	175	179	41	18	3	1889	17	138	592	270	2	67	4386	566	1325	0,0,0,0,0,0	16825	0	269	5597	52	0	5483,5334,5334,4798,4798,4798,4798	3	21	5236,0,0,0,0,0,0	82	0
174677	360	721	422	181	189	41	20	3	1976	17	139	594	257	2	55	4463	576	1358	0,0,0,0,0,0	28669	0	232	5828	53	0	5707,5548,5548,4977,4977,4977,4977	3	24	5467,0,0,0,0,0,0	89	0
174532	383	736	439	198	192	43	22	4	2034	17	146	586	321	4	66	4612	614	1399	0,0,0,0,0,0	28665	0	253	6080	54	0	5953,5784,5784,5174,5174,5174,5174	3	18	5720,0,0,0,0,0,0	97	0
174363	389	783	457	211	189	43	24	5	2113	19	150	560	247	3	83	5180	671	1425	0,0,0,0,0,0	18365	0	275	6352	58	0	6218,6038,6038,5392,5392,5392,5392	3	35	5992,0,0,0,0,0,0	99	0
174203	411	790	459	201	209	46	25	6	2223	19	154	546	329	3	54	5429	680	1461	0,0,0,0,0,0	18170	0	257	6611	59	0	6469,6280,6280,5598,5598,5598,5598	3	24	6251,0,0,0,0,0,0	96	0
174058	424	809	446	231	223	50	26	8	2295	20	156	542	250	5	60	5461	692	1517	0,0,0,0,0,0	18324	0	280	6892	59	0	6742,6539,6539,5809,5809,5809,5809	3	27	6532,0,0,0,0,0,0	112	0
173920	412	856	466	234	221	50	27	8	2371	22	159	522	248	3	82	5545	720	1546	0,0,0,0,0,0	18208	0	280	7173	60	0	7014,6797,6797,6015,6015,6015,6015	3	25	6813,0,0,0,0,0,0	109	0
173755	424	832	499	257	243	53	27	4	2467	23	162	519	247	2	74	5497	747	1588	0,0,0,0,0,0	18515	0	285	7456	62	0	7289,7061,7061,6236,6236,6236,6236	4	33	7096,0,0,0,0,0,0	106	0
173648	405	874	516	248	254	57	25	5	2524	25	165	533	253	5	90	5451	814	1565	0,0,0,0,0,0	29631	0	272	7729	64	0	7552,7307,7307,6423,6423,6423,6423	4	17	7369,0,0,0,0,0,0	109	0
173522	400	886	558	248	246	60	27	5	2602	26	166	541	251	3	73	5455	858	1567	0,0,0,0,0,0	29710	0	273	8000	68	0	7813,7554,7554,6618,6618,6618,6618	4	26	7640,0,0,0,0,0,0	118	0
173406	424	864	570	262	252	61	23	7	2678	30	169	539	255	5	73	5660	865	1591	0,0,0,0,0,0	18812	0	298	8297	69	0	8098,7821,7821,6821,6821,6821,6821	4	37	7937,0,0,0,0,0,0	119	0
173268	447	840	587	247	286	67	26	7	2770	31	170	516	288	5	82	5778	879	1621	0,0,0,0,0,0	18447	0	286	8580	72	0	8369,8078,8078,7026,7026,7026,7026	4	28	8220,0,0,0,0,0,0	133	0
173147	442	909	563	247	282	72	29	6	2845	31	173	518	285	5	95	5423	920	1624	0,0,0,0,0,0	33755	0	296	8880	73	0	8659,8350,8350,7232,7232,7232,7232	4	29	8520,0,0,0,0,0,0	142	0
172999	475	922	575	273	290	71	30	6	2890	34	181	493	252	2	85	5643	924	1712	0,0,0,0,0,0	33624	0	335	9216	76	0	8990,8661,8661,7472,7472,7472,7472	4	37	8857,0,0,0,0,0,0	135	0
172846	512	946	590	275	289	78	32	6	2954	36	182	497	316	5	75	5949	947	1775	0,0,0,0,0,0	33969	0	336	9553	79	0	9315,8968,8968,7712,7712,7712,7712	4	34	9194,0,0,0,0,0,0	129	0
172751	482	937	594	286	311	83	31	6	3042	38	185	508	318	5	71	6270	965	1759	0,0,0,0,0,0	46984	0	268	9821	81	0	9575,9210,9210,7890,7890,7890,7890	4	21	9462,0,0,0,0,0,0	139	0
172685	428	997	590	268	309	89	32	6	3117	39	186	461	258	2	84	6204	981	1732	0,0,0,0,0,0	47213	0	261	10081	84	0	9823,9439,9439,8047,8047,8047,8047	4	22	9722,0,0,0,0,0,0	146	0
172561	410	996	601	274	321	84	33	7	3232	39	188	464	274	1	90	6421	990	1729	0,0,0,0,0,0	34385	0	292	10372	86	0	10104,9703,9703,8250,8250,8250,8250	4	31	10013,0,0,0,0,0,0	140	0
172476	419	947	613	287	318	87	34	6	3326	42	191	492	277	7	88	6432	975	1730	0,0,0,0,0,0	34686	0	296	10667	89	0	10386,9964,9964,8433,8433,8433,8433	4	31	10309,0,0,0,0,0,0	145	0
172363	420	930	649	291	310	91	34	6	3414	44	194	491	266	3	90	6768	1036	1689	0,0,0,0,0,0	34392	0	290	10957	93	0	10666,10226,10226,8629,8629,8629,8629	4	25	10599,0,0,0,0,0,0	154	0
172264	412	927	653	291	299	95	39	5	3517	47	197	475	272	3	90	6844	1032	1684	0,0,0,0,0,0	35050	0	278	11232	98	0	10932,10474,10474,8811,8811,8811,8811	4	31	10874,0,0,0,0,0,0	160	0
172187	422	933	627	300	284	93	40	5	3606	50	199	457	236	0	87	7085	1054	1645	0,0,0,0,0,0	34583	0	295	11526	100	0	11213,10733,10733,8990,8990,8990,8990	5	27	11168,0,0,0,0,0,0	166	0
172166	432	878	647	296	282	98	39	5	3644	57	202	462	259	3	68	6988	1010	1662	0,0,0,0,0,0	47525	0	243	11769	103	0	11445,10942,10942,9116,9116,9116,9116	5	21	11412,0,0,0,0,0,0	174	0
172173	414	861	622	292	281	97	43	4	3699	58	202	462	233	5	71	6406	976	1634	0,0,0,0,0,0	47366	0	241	12008	106	0	11668,11141,11141,9224,9224,9224,9224	4	19	11651,0,0,0,0,0,0	183	0
172140	399	889	627	273	286	97	44	5	3723	61	202	473	256	3	101	6347	985	1630	0,0,0,0,0,0	34312	0	279	12286	110	0	11930,11378,11378,9372,9372,9372,9372	4	28	11930,0,0,0,0,0,0	184	0
172065	405	902	624	258	296	98	45	6	3779	63	205	442	322	5	92	6500	1012	1616	0,0,0,0,0,0	34200	0	277	12566	113	0	12196,11624,11624,9541,9541,9541,9541	4	30	12210,0,0,0,0,0,0	191	0
172026	417	880	620	262	286	99	44	6	3832	67	207	450	224	2	79	6591	1007	1601	0,0,0,0,0,0	34708	0	264	12827	117	0	12444,11849,11849,9683,9683,9683,9683	4	27	12471,0,0,0,0,0,0	195	0
171985	431	863	610	257	286	100	45	7	3881	70	211	474	286	2	79	6519	970	1622	0,0,0,0,0,0	34622	0	259	13082	124	0	12688,12071,12071,9824,9824,9824,9824	4	25	12727,0,0,0,0,0,0	183	0
171940	425	899	602	251	272	96	47	6	3920	71	217	482	245	9	81	6514	938	1654	0,0,0,0,0,0	34633	0	280	13358	129	0	12952,12312,12312,9978,9978,9978,9978	4	24	13003,0,0,0,0,0,0	179	0
171975	412	867	597	245	272	97	47	6	3934	73	221	442	254	2	70	6069	911	1626	0,0,0,0,0,0	46934	0	233	13588	133	0	13168,12501,12501,10068,10068,10068,10068	4	21	13234,0,0,0,0,0,0	174	0
171966	421	814	598	253	264	102	49	5	3976	75	223	453	243	1	80	5886	880	1621	0,0,0,0,0,0	46799	0	241	13827	136	0	13391,12701,12701,10183,10183,10183,10183	4	25	13473,0,0,0,0,0,0	190	0
171963	407	840	582	245	241	98	49	7	4010	77	227	458	258	4	82	6054	863	1599	0,0,0,0,0,0	33867	0	269	14094	139	0	13643,12926,12926,10309,10309,10309,10309	4	31	13740,0,0,0,0,0,0	179	0
171990	380	848	585	251	241	98	43	9	3989	82	230	440	228	6	72	6257	879	1567	0,0,0,0,0,0	33925	0	230	14323	140	0	13855,13112,13112,10399,10399,10399,10399	4	27	13969,0,0,0,0,0,0	167	0
171974	366	853	616	252	252	93	42	11	3971	82	234	440	280	4	77	6190	883	1591	0,0,0,0,0,0	34206	0	264	14583	147	0	14101,13334,13334,10529,10529,10529,10529	4	24	14229,0,0,0,0,0,0	158	0
171949	390	862	594	252	236	97	39	12	3993	85	237	433	319	4	76	6213	872	1598	0,0,0,0,0,0	34131	0	280	14863	149	0	14366,13572,13572,10672,10672,10672,10672	4	22	14509,0,0,0,0,0,0	157	0
171923	400	852	592	260	255	91	39	11	3995	89	239	441	315	5	63	6088	866	1623	0,0,0,0,0,0	34218	0	276	15137	153	0	14623,13804,13804,10811,10811,10811,10811	4	29	14783,0,0,0,0,0,0	154	0
171903	412	855	570	252	256	96	42	9	4018	92	241	453	335	2	72	5740	872	1611	0,0,0,0,0,0	46970	0	260	15397	155	0	14868,14025,14025,10941,10941,10941,10941	4	26	15044,0,0,0,0,0,0	163	0
171932	400	832	561	259	263	94	46	6	4016	93	244	440	236	2	67	5780	858	1597	0,0,0,0,0,0	46800	0	227	15623	158	0	15078,14210,14210,11030,11030,11030,11030	4	20	15270,0,0,0,0,0,0	171	0
171919	395	849	550	247	256	93	44	7	4045	96	245	469	78	1	77	6095	847	1587	0,0,0,0,0,0	33738	0	265	15885	162	0	15322,14429,14429,11156,11156,11156,11156	4	34	15532,0,0,0,0,0,0	167	0
171917	398	842	561	247	246	97	40	10	4043	99	246	459	300	2	87	6472	874	1557	0,0,0,0,0,0	34293	0	250	16134	164	0	15552,14634,14634,11268,11268,11268,11268	4	21	15782,0,0,0,0,0,0	162	0
171944	386	838	551	245	250	98	37	13	4034	100	250	450	257	1	72	6709	851	1554	0,0,0,0,0,0	34712	0	249	16382	166	0	15784,14837,14837,11367,11367,11367,11367	4	27	16030,0,0,0,0,0,0	167	0
171995	362	836	542	255	244	93	38	13	4016	102	250	464	309	5	79	6064	832	1538	0,0,0,0,0,0	34480	0	231	16611	170	0	15992,15018,15018,11443,11443,11443,11443	4	22	16259,0,0,0,0,0,0	163	0
172001	384	808	545	257	238	98	39	13	4007	103	253	474	269	4	72	6255	825	1544	0,0,0,0,0,0	34450	0	261	16867	175	0	16231,15230,15230,11555,11555,11555,11555	4	37	16515,0,0,0,0,0,0	167	0
172062	370	740	559	252	256	92	41	15	3999	105	255	483	266	2	73	6264	834	1476	0,0,0,0,0,0	46985	0	210	17075	177	0	16421,15393,15393,11617,11617,11617,11617	4	17	16723,0,0,0,0,0,0	163	0
172122	304	780	530	235	245	86	41	15	4023	107	258	450	111	3	69	5787	806	1415	0,0,0,0,0,0	47072	0	193	17266	180	0	16595,15542,15542,11671,11671,11671,11671	4	11	16914,0,0,0,0,0,0	158	0
172182	292	769	510	261	216	90	43	14	3997	110	262	446	322	1	70	5948	788	1393	0,0,0,0,0,0	34007	0	217	17481	182	0	16791,15710,15710,11735,11735,11735,11735	4	21	17129,0,0,0,0,0,0	147	0
172198	308	724	522	260	219	82	43	14	3998	113	265	426	282	4	72	6097	794	1364	0,0,0,0,0,0	33948	0	219	17700	183	0	16991,15887,15887,11823,11823,11823,11823	4	23	17348,0,0,0,0,0,0	147	0
172252	312	698	514	262	213	79	44	13	3976	115	268	417	272	2	66	5901	771	1351	0,0,0,0,0,0	33951	0	205	17903	185	0	17176,16046,16046,11883,11883,11883,11883	4	36	17551,0,0,0,0,0,0	141	0
172260	341	697	509	261	203	76	39	13	3957	119	271	414	262	2	68	5690	771	1355	0,0,0,0,0,0	33911	0	239	18138	189	0	17395,16240,16240,11984,11984,11984,11984	4	25	17786,0,0,0,0,0,0	138	0
172321	356	685	494	249	213	75	41	12	3905	122	273	397	309	5	56	5169	712	1401	0,0,0,0,0,0	33387	0	225	18362	191	0	17597,16414,16414,12050,12050,12050,12050	4	27	18010,0,0,0,0,0,0	131	0
172383	317	696	489	244	190	80	43	11	3894	122	277	392	301	3	65	5278	703	1356	0,0,0,0,0,0	46298	0	169	18529	195	0	17749,16542,16542,12090,12090,12090,12090	4	11	18177,0,0,0,0,0,0	135	0
172457	296	662	492	231	197	78	44	10	3875	125	279	399	256	1	65	5307	696	1304	0,0,0,0,0,0	46494	0	172	18701	195	0	17903,16672,16672,12126,12126,12126,12126	4	17	18349,0,0,0,0,0,0	133	0
172524	301	649	482	216	199	81	40	10	3834	130	280	396	294	4	71	5419	690	1278	0,0,0,0,0,0	33180	0	219	18917	198	0	18098,16838,16838,12185,12185,12185,12185	4	34	18566,0,0,0,0,0,0	140	0
172573	303	645	441	207	198	79	41	10	3834	131	284	367	267	1	69	5848	668	1246	0,0,0,0,0,0	33615	0	193	19105	203	0	18266,16982,16982,12238,12238,12238,12238	4	33	18754,0,0,0,0,0,0	151	0
172677	308	633	444	201	205	75	41	10	3731	135	286	380	246	4	61	5854	654	1253	0,0,0,0,0,0	33627	0	205	19306	208	0	18446,17131,17131,12270,12270,12270,12270	4	25	18956,0,0,0,0,0,0	139	0
172768	278	626	442	185	210	73	42	12	3681	136	293	380	254	6	61	5777	653	1203	0,0,0,0,0,0	46832	0	163	19468	209	0	18592,17252,17252,12292,12292,12292,12292	4	10	19118,0,0,0,0,0,0	152	0
172881	259	619	423	168	206	74	43	15	3624	137	297	391	257	1	53	5568	642	1150	0,0,0,0,0,0	46356	0	158	19625	211	0	18731,17363,17363,12298,12298,12298,12298	3	16	19275,0,0,0,0,0,0	151	0
172962	258	575	422	164	201	73	42	16	3595	140	298	399	298	2	67	5452	647	1088	0,0,0,0,0,0	46601	0	159	19784	212	0	18871,17479,17479,12322,12322,12322,12322	3	11	19434,0,0,0,0,0,0	147	0
173076	234	550	408	164	200	73	42	13	3545	141	300	414	251	6	68	5346	640	1031	0,0,0,0,0,0	46441	35	134	19918	212	0	18986,17569,17569,12318,12318,12318,12318	3	14	19568,0,0,0,0,0,0	141	29
173137	246	533	397	164	203	67	34	14	3502	146	303	412	246	2	52	5244	633	1011	0,0,0,0,0,0	33462	29	171	20088	215	0	19138,17698,17698,12356,12356,12356,12356	3	20	19738,0,0,0,0,0,0	131	57
173265	247	497	395	165	178	69	35	14	3430	148	303	406	229	1	49	5094	619	967	0,0,0,0,0,0	33345	32	130	20216	219	0	19243,17777,17777,12337,12337,12337,12337	3	19	19866,0,0,0,0,0,0	123	85
173328	248	508	386	167	187	69	32	12	3348	153	308	402	96	0	59	4945	658	939	0,0,0,0,0,0	32940	23	159	20375	219	0	19386,17897,17897,12370,12370,12370,12370	3	22	20025,0,0,0,0,0,0	127	105
173409	256	497	362	181	160	70	35	11	3300	156	309	424	278	3	48	4400	628	933	0,0,0,0,0,0	32995	25	154	20528	221	0	19519,18007,18007,12389,12389,12389,12389	3	18	20178,0,0,0,0,0,0	119	126
173484	231	511	353	173	151	66	34	9	3267	158	309	433	276	4	42	4131	571	948	0,0,0,0,0,0	32203	30	139	20666	223	0	19638,18104,18104,12402,12402,12402,12402	3	24	20317,0,0,0,0,0,0	121	151
173566	213	516	337	157	145	73	34	9	3227	159	310	401	266	3	44	3622	556	919	0,0,0,0,0,0	38627	23	137	20798	228	0	19752,18197,18197,12411,12411,12411,12411	3	9	20449,0,0,0,0,0,0	132	168
173673	215	492	353	155	152	69	34	10	3119	161	313	408	87	3	38	3480	549	921	0,0,0,0,0,0	38217	116	136	20930	232	0	19878,18299,18299,12414,12414,12414,12414	3	17	20583,0,0,0,0,0,0	134	273
173768	217	493	358	155	154	68	33	11	3011	164	314	398	270	3	55	3778	565	913	0,0,0,0,0,0	26390	144	153	21086	232	0	20022,18418,18418,12430,12430,12430,12430	3	25	20739,0,0,0,0,0,0	138	394
173804	225	494	356	135	165	61	29	10	2985	168	314	404	315	0	41	3861	568	897	0,0,0,0,0,0	26781	130	161	21246	235	0	20172,18548,18548,12478,12478,12478,12478	3	19	20899,0,0,0,0,0,0	126	505
173889	214	480	353	144	161	60	27	11	2922	170	315	410	300	1	37	3850	538	901	0,0,0,0,0,0	27019	151	136	21379	238	0	20292,18647,18647,12487,12487,12487,12487	3	18	21032,0,0,0,0,0,0	116	631
173973	199	468	340	134	162	62	27	12	2879	171	319	426	260	2	50	3843	507	885	0,0,0,0,0,0	27220	131	119	21497	239	0	20402,18736,18736,12491,12491,12491,12491	2	14	21151,0,0,0,0,0,0	110	744
174015	237	442	345	135	149	56	26	9	2838	173	321	441	229	4	48	3885	511	879	0,0,0,0,0,0	26880	149	166	21658	244	0	20554,18867,18867,12536,12536,12536,12536	2	7	21312,0,0,0,0,0,0	108	870
174103	232	429	344	130	134	55	25	8	2788	175	323	442	248	1	26	3814	458	891	0,0,0,0,0,0	38878	122	112	21772	244	0	20656,18949,18949,12535,12535,12535,12535	2	11	21426,0,0,0,0,0,0	103	976
174162	216	450	338	119	124	51	25	9	2751	176	325	445	319	1	39	3720	458	865	0,0,0,0,0,0	38752	149	124	21898	245	0	20804,19078,19078,12571,12571,12571,12571	2	8	21552,0,0,0,0,0,0	95	1099
174240	237	434	331	133	118	53	21	10	2661	179	329	456	324	3	41	4245	467	860	0,0,0,0,0,0	27090	151	142	22036	250	0	20970,19223,19223,12606,12606,12606,12606	2	16	21690,0,0,0,0,0,0	91	1227
174247	242	460	315	118	136	50	21	10	2638	180	329	453	263	2	47	4247	456	886	0,0,0,0,0,0	27306	165	168	22202	255	0	21159,19394,19394,12686,12686,12686,12686	2	21	21857,0,0,0,0,0,0	84	1370
174286	249	454	329	121	139	49	21	9	2577	181	331	464	263	3	49	4410	473	889	0,0,0,0,0,0	27453	140	153	22354	257	0	21340,19556,19556,12747,12747,12747,12747	2	13	22009,0,0,0,0,0,0	86	1489
174343	232	469	325	108	135	50	21	9	2539	183	332	465	265	0	47	3927	464	876	0,0,0,0,0,0	27375	154	127	22482	258	0	21493,19690,19690,12785,12785,12785,12785	2	12	22137,0,0,0,0,0,0	87	1617
174369	224	475	313	117	140	48	20	8	2513	183	336	448	243	3	34	3845	440	897	0,0,0,0,0,0	26655	167	137	22619	260	0	21663,19843,19843,12845,12845,12845,12845	2	20	22275,0,0,0,0,0,0	89	1761
174432	210	466	329	124	133	46	19	9	2453	185	340	433	255	2	43	3848	461	866	0,0,0,0,0,0	38761	149	125	22743	264	0	21811,19973,19973,12879,12879,12879,12879	2	12	22399,0,0,0,0,0,0	83	1883
174467	196	424	332	139	138	49	21	8	2443	185	344	420	265	2	32	3695	436	863	0,0,0,0,0,0	38605	65	115	22857	266	0	21956,20103,20103,12923,12923,12923,12923	2	9	22514,0,0,0,0,0,0	85	1933
174509	192	449	317	134	143	52	19	7	2391	187	346	446	253	3	59	3791	464	842	0,0,0,0,0,0	26936	69	139	22995	267	0	22123,20252,20252,12975,12975,12975,12975	2	7	22652,0,0,0,0,0,0	90	1990
174549	195	443	318	122	138	53	19	6	2366	189	348	447	302	2	44	3978	479	809	0,0,0,0,0,0	26927	55	134	23125	272	0	22288,20399,20399,13025,13025,13025,13025	2	12	22782,0,0,0,0,0,0	85	2033
174572	209	431	323	116	134	48	23	6	2345	190	349	454	217	2	33	3670	444	840	0,0,0,0,0,0	27054	44	148	23271	274	0	22460,20554,20554,13087,13087,13087,13087	2	13	22928,0,0,0,0,0,0	91	2073
174596	202	420	325	126	130	51	22	6	2325	191	352	450	254	5	43	3465	442	834	0,0,0,0,0,0	26718	78	140	23411	274	0	22629,20707,20707,13148,13148,13148,13148	2	11	23068,0,0,0,0,0,0	87	2135
174617	216	421	321	123	128	49	22	5	2296	192	356	473	274	1	38	3446	435	845	0,0,0,0,0,0	26443	55	154	23563	277	0	22819,20879,20879,13220,13220,13220,13220	2	8	23220,0,0,0,0,0,0	87	2177
174667	206	422	314	121	130	49	24	5	2255	194	359	467	260	0	42	3225	430	836	0,0,0,0,0,0	38079	64	117	23678	279	0	22964,21007,21007,13257,13257,13257,13257	2	9	23335,0,0,0,0,0,0	83	2230
174691	186	429	307	134	125	48	19	8	2241	196	362	453	262	1	41	3199	429	819	0,0,0,0,0,0	37880	197	123	23802	279	0	23104,21133,21133,13303,13303,13303,13303	2	7	23459,0,0,0,0,0,0	88	2389
174710	194	412	317	125	122	47	18	9	2228	197	367	471	310	3	51	3477	436	799	0,0,0,0,0,0	26475	185	136	23935	282	0	23251,21264,21264,13353,13353,13353,13353	2	6	23592,0,0,0,0,0,0	85	2539
174697	214	433	299	128	126	45	15	8	2210	200	371	453	279	3	45	3546	448	812	2,0,0,0,0,0	26340	191	123	24091	283	0	23417,21415,21415,13429,13429,13429,13429	2	6	23716,32,0,0,0,0,0	84	2691
174687	240	421	304	136	127	45	15	8	2185	201	377	480	100	0	34	3741	444	844	5,0,0,0,0,0	26966	199	122	24240	288	0	23574,21559,21559,13499,13499,13499,13499	1	8	23830,70,0,0,0,0,0	78	2845
174677	257	449	299	132	119	43	14	8	2166	202	380	503	294	1	55	3717	448	865	9,0,0,0,0,0	26621	195	128	24408	290	0	23755,21724,21724,13581,13581,13581,13581	1	7	23947,122,0,0,0,0,0	79	3000
174627	261	495	285	136	119	45	13	7	2167	202	389	489	264	4	29	3605	432	922	12,0,0,0,0,0	26586	217	147	24582	292	0	23945,21900,21900,13686,13686,13686,13686	1	10	24074,170,0,0,0,0,0	76	3177
174574	266	538	273	138	123	41	13	6	2177	202	395	493	239	1	26	3475	410	982	17,0,0,0,0,0	38526	198	146	24765	294	0	24142,22085,22085,13800,13800,13800,13800	1	11	24177,252,0,0,0,0,0	75	3330
174534	279	549	271	151	149	38	14	5	2154	203	399	478	219	0	40	3322	420	1031	22,0,0,0,0,0	38402	157	151	24952	296	0	24411,22339,22339,13941,13941,13941,13941	1	12	24283,333,0,0,0,0,0	80	3458
174504	282	561	300	148	156	35	14	5	2136	203	402	495	246	0	55	3637	441	1055	24,0,0,0,0,0	26694	187	173	25124	297	0	24664,22578,22578,14069,14069,14069,14069	1	15	24394,395,0,0,0,0,0	68	3605
