S	E	I1	I2	I3	I4	I5_h	I6_h	R_h	R	D1	D2	H	T	P1	P2	Q	QT	NQ	MUT	HOM	VAC	NI	INF	REINF	BSTR	IMM	HCI	HCE	INFV	INFH	VNI
178140	102	127	39	45	35	12	0	0	245	1	0	213	0	0	0	56	56	304	0,0,0,0,0,0	178745	0	0	360	0	0	606,606,606,606,606,606,606	0	0	0,0,0,0,0,0,0	0	0
178084	101	168	43	44	31	16	1	0	255	1	2	312	318	0	73	286	64	340	0,0,0,0,0,0	12669	0	68	428	0	0	662,662,662,662,662,662,662	0	4	68,0,0,0,0,0,0	17	0
178014	108	189	62	48	28	14	2	0	276	1	4	407	322	0	16	439	73	378	0,0,0,0,0,0	12987	0	78	506	0	0	732,732,732,732,732,732,732	0	6	146,0,0,0,0,0,0	24	0
177956	113	202	81	48	32	14	3	0	290	1	6	499	265	3	11	559	78	415	0,0,0,0,0,0	13031	0	78	584	0	0	792,792,792,792,792,792,792	0	2	224,0,0,0,0,0,0	18	0
177907	107	211	85	50	40	14	3	0	319	1	9	556	338	2	9	653	84	426	0,0,0,0,0,0	25151	0	56	640	0	0	842,842,842,842,842,842,842	0	2	280,0,0,0,0,0,0	19	0
177843	105	228	102	52	44	13	3	0	340	1	15	619	234	3	20	970	110	437	0,0,0,0,0,0	25552	0	81	723	0	0	911,911,911,911,911,911,911	0	8	363,0,0,0,0,0,0	19	0
177777	127	226	115	63	44	12	3	0	357	1	21	658	81	2	13	1110	135	455	0,0,0,0,0,0	13812	0	88	812	0	0	985,985,985,984,984,984,984	0	5	452,0,0,0,0,0,0	20	0
177697	141	236	123	72	47	13	3	0	389	1	24	691	108	0	18	1224	155	480	0,0,0,0,0,0	14046	0	95	906	2	0	1071,1071,1071,1069,1069,1069,1069	0	7	548,0,0,0,0,0,0	18	0
177621	146	254	125	65	56	12	4	0	432	1	30	757	293	1	30	1415	193	469	0,0,0,0,0,0	14258	0	96	1001	3	0	1155,1155,1155,1152,1152,1152,1152	0	4	644,0,0,0,0,0,0	18	0
177551	136	281	125	66	74	13	3	0	458	2	37	763	280	2	13	1557	207	491	0,0,0,0,0,0	14584	0	92	1093	3	0	1235,1233,1233,1229,1229,1229,1229	0	10	736,0,0,0,0,0,0	22	0
177456	150	293	153	67	76	15	5	0	488	2	41	765	288	0	31	1663	236	523	0,0,0,0,0,0	14533	0	114	1206	6	0	1339,1337,1337,1332,1332,1332,1332	0	9	851,0,0,0,0,0,0	26	0
177375	156	298	157	83	76	16	5	0	532	2	46	761	244	0	22	1458	239	552	0,0,0,0,0,0	26450	0	98	1303	7	0	1430,1428,1428,1420,1420,1420,1420	0	9	949,0,0,0,0,0,0	33	0
177319	143	303	171	90	85	18	5	0	559	2	51	731	261	2	20	1705	255	560	0,0,0,0,0,0	26556	0	82	1383	10	0	1502,1498,1498,1487,1487,1487,1487	0	7	1032,0,0,0,0,0,0	31	0
177233	143	324	188	90	97	17	6	0	586	2	60	759	246	3	32	1707	284	581	0,0,0,0,0,0	14564	0	117	1497	13	0	1608,1603,1603,1586,1586,1586,1586	1	12	1149,0,0,0,0,0,0	30	0
177172	149	341	170	83	99	19	7	0	642	2	62	763	257	0	33	1948	305	563	0,0,0,0,0,0	14964	0	108	1602	16	0	1696,1689,1689,1664,1664,1664,1664	1	8	1257,0,0,0,0,0,0	34	0
177111	152	324	188	83	112	18	8	0	680	2	68	768	85	1	27	1995	307	578	0,0,0,0,0,0	14978	0	100	1702	16	0	1785,1776,1776,1743,1743,1743,1743	1	9	1357,0,0,0,0,0,0	32	0
177021	159	340	187	96	119	18	7	0	724	3	72	796	261	1	30	2209	334	592	0,0,0,0,0,0	15193	0	122	1821	19	0	1894,1883,1883,1845,1845,1845,1845	1	9	1479,0,0,0,0,0,0	31	0
176939	185	320	198	92	112	16	7	0	794	3	80	794	216	0	30	2242	338	592	0,0,0,0,0,0	15122	0	114	1933	21	0	2003,1990,1990,1943,1943,1943,1943	1	5	1593,0,0,0,0,0,0	33	0
176868	196	301	196	96	119	16	11	0	854	3	86	757	114	0	23	2186	322	613	0,0,0,0,0,0	26952	0	102	2034	23	0	2103,2087,2087,2030,2030,2030,2030	1	8	1695,0,0,0,0,0,0	34	0
176794	187	306	201	107	104	18	14	1	919	3	92	781	83	1	35	2324	339	598	0,0,0,0,0,0	26587	0	109	2140	27	0	2208,2189,2189,2121,2121,2121,2121	1	9	1805,0,0,0,0,0,0	38	0
176718	178	338	198	103	98	17	14	1	982	3	96	786	253	1	33	2836	332	614	0,0,0,0,0,0	15873	0	110	2249	28	0	2310,2289,2289,2213,2213,2213,2213	1	13	1914,0,0,0,0,0,0	42	0
176654	176	365	203	110	90	16	13	2	1014	3	100	748	98	2	28	2614	348	625	0,0,0,0,0,0	15834	0	115	2364	29	0	2418,2392,2392,2300,2300,2300,2300	1	13	2029,0,0,0,0,0,0	40	0
176575	182	388	221	107	87	19	12	2	1048	4	101	761	280	0	26	2819	352	664	0,0,0,0,0,0	15614	0	137	2501	29	0	2544,2513,2513,2406,2406,2406,2406	1	9	2166,0,0,0,0,0,0	41	0
176491	184	379	236	104	99	20	12	2	1108	4	107	736	234	1	30	2484	342	692	0,0,0,0,0,0	15741	0	126	2625	32	0	2668,2634,2634,2512,2512,2512,2512	1	10	2292,0,0,0,0,0,0	45	0
176426	180	394	232	97	105	26	11	2	1156	5	112	745	261	2	41	2532	343	702	0,0,0,0,0,0	15498	0	123	2748	32	0	2786,2747,2747,2606,2606,2606,2606	1	10	2415,0,0,0,0,0,0	46	0
176382	189	397	236	97	113	22	8	3	1176	7	116	729	290	2	31	2913	324	738	0,0,0,0,0,0	27516	0	125	2873	33	0	2903,2856,2856,2689,2689,2689,2689	1	11	2540,0,0,0,0,0,0	53	0
176303	201	402	245	101	119	22	9	3	1214	7	120	754	131	0	31	3219	338	761	0,0,0,0,0,0	27903	0	137	3011	34	0	3035,2982,2982,2796,2796,2796,2796	1	12	2679,0,0,0,0,0,0	59	0
176194	222	421	244	95	125	21	9	4	1278	8	125	738	254	2	48	3276	369	768	0,0,0,0,0,0	16431	0	165	3177	35	0	3194,3137,3137,2933,2933,2933,2933	1	19	2845,0,0,0,0,0,0	56	0
176109	228	436	275	108	137	22	9	3	1279	9	131	722	250	2	38	3440	404	811	0,0,0,0,0,0	16410	0	160	3334	38	0	3341,3278,3278,3052,3052,3052,3052	1	15	3003,0,0,0,0,0,0	57	0
176027	239	429	279	116	145	24	8	4	1329	10	136	684	248	0	37	3014	403	837	0,0,0,0,0,0	16221	0	157	3491	39	0	3487,3417,3417,3168,3168,3168,3168	1	11	3160,0,0,0,0,0,0	57	0
175938	260	463	270	117	131	32	10	5	1372	10	138	675	229	3	42	3165	424	859	0,0,0,0,0,0	16057	0	177	3667	40	0	3655,3577,3577,3299,3299,3299,3299	2	17	3336,0,0,0,0,0,0	69	0
175828	266	486	283	117	143	30	8	4	1428	12	141	666	339	2	36	3288	422	911	0,0,0,0,0,0	16238	0	181	3849	40	0	3832,3747,3747,3444,3444,3444,3444	2	28	3518,0,0,0,0,0,0	74	0
175701	269	533	269	113	148	28	10	4	1513	12	146	648	292	1	48	3330	432	938	0,0,0,0,0,0	27728	0	183	4030	42	0	4011,3921,3921,3599,3599,3599,3599	2	12	3699,0,0,0,0,0,0	79	0
175599	282	555	287	120	152	33	12	4	1537	13	152	645	287	2	37	3507	447	994	0,0,0,0,0,0	27857	0	185	4215	42	0	4192,4094,4094,3743,3743,3743,3743	2	15	3884,0,0,0,0,0,0	82	0
175486	293	560	308	148	165	37	12	4	1563	13	157	624	101	2	55	3020	476	1047	0,0,0,0,0,0	16645	0	205	4419	44	0	4393,4286,4286,3901,3901,3901,3901	2	23	4088,0,0,0,0,0,0	76	0
175385	309	551	335	160	157	39	12	4	1620	13	161	626	341	2	68	3392	516	1047	0,0,0,0,0,0	15898	0	184	4603	45	0	4568,4453,4453,4041,4041,4041,4041	2	20	4272,0,0,0,0,0,0	78	0
175258	317	580	349	177	162	44	16	4	1661	13	165	634	313	4	44	3846	526	1119	0,0,0,0,0,0	16558	0	219	4822	47	0	4782,4658,4658,4213,4213,4213,4213	2	21	4492,0,0,0,0,0,0	81	0
175138	336	589	377	189	161	47	18	2	1708	13	168	624	345	5	62	3917	568	1149	0,0,0,0,0,0	16812	0	224	5044	50	0	4996,4862,4862,4382,4382,4382,4382	2	19	4714,0,0,0,0,0,0	99	0
174985	341	654	389	192	147	53	21	2	1777	14	171	621	239	3	52	4036	581	1216	0,0,0,0,0,0	16993	0	248	5291	52	0	5237,5094,5094,4580,4580,4580,4580	2	25	4961,0,0,0,0,0,0	96	0
174821	348	711	386	170	170	54	19	2	1876	16	173	627	265	1	53	4152	603	1255	0,0,0,0,0,0	28274	0	246	5536	53	0	5475,5325,5325,4782,4782,4782,4782	3	20	5206,0,0,0,0,0,0	115	0
174724	333	730	408	183	188	60	22	2	1904	18	174	606	259	2	50	4100	612	1312	0,0,0,0,0,0	28400	0	216	5752	54	0	5679,5517,5517,4935,4935,4935,4935	2	16	5422,0,0,0,0,0,0	121	0
174580	367	730	440	192	204	59	21	1	1956	20	176	592	276	3	68	4634	656	1357	0,0,0,0,0,0	17588	0	276	6028	55	0	5943,5769,5769,5141,5141,5141,5141	3	26	5698,0,0,0,0,0,0	114	0
174436	388	763	432	189	206	61	22	1	2046	22	180	595	253	2	76	5090	677	1384	0,0,0,0,0,0	17697	0	271	6298	57	0	6203,6016,6016,5344,5344,5344,5344	3	33	5968,0,0,0,0,0,0	112	0
174264	413	772	446	206	186	64	23	1	2165	24	182	583	101	3	76	5306	670	1440	0,0,0,0,0,0	18103	0	273	6571	59	0	6469,6273,6273,5564,5564,5564,5564	3	22	6241,0,0,0,0,0,0	126	0
174100	429	816	492	212	196	64	24	1	2202	25	185	562	304	2	79	5349	707	1526	0,0,0,0,0,0	18114	0	285	6855	63	0	6747,6539,6539,5786,5786,5786,5786	3	29	6525,0,0,0,0,0,0	118	0
173929	441	862	505	221	212	62	26	1	2271	26	190	559	238	7	68	4977	716	1613	0,0,0,0,0,0	18202	0	310	7165	64	0	7051,6828,6828,6025,6025,6025,6025	3	37	6836,0,0,0,0,0,0	122	0
173743	476	896	507	229	218	65	24	2	2364	28	194	531	358	3	67	5052	740	1675	0,0,0,0,0,0	28983	0	305	7470	66	0	7349,7114,7114,6268,6268,6268,6268	3	28	7141,0,0,0,0,0,0	127	0
173612	478	892	533	235	237	64	24	2	2442	30	197	519	234	4	64	4933	770	1693	0,0,0,0,0,0	29097	0	273	7743	67	0	7614,7366,7366,6468,6468,6468,6468	3	21	7414,0,0,0,0,0,0	137	0
173428	463	948	530	259	233	69	23	1	2559	33	200	541	69	2	81	5155	809	1716	0,0,0,0,0,0	18129	0	313	8056	69	0	7920,7658,7658,6713,6713,6713,6713	4	26	7727,0,0,0,0,0,0	129	0
173252	477	968	577	256	232	70	30	1	2646	34	203	496	319	5	78	5464	835	1775	0,0,0,0,0,0	18330	0	330	8386	72	0	8240,7963,7963,6961,6961,6961,6961	4	31	8057,0,0,0,0,0,0	137	0
173111	452	1009	562	278	274	69	32	1	2718	34	206	471	249	5	72	5496	833	1843	0,0,0,0,0,0	33653	0	307	8692	75	0	8537,8244,8244,7181,7181,7181,7181	4	30	8363,0,0,0,0,0,0	132	0
172951	451	1011	582	294	287	65	35	2	2823	35	210	475	308	8	94	5290	889	1836	0,0,0,0,0,0	33545	0	315	9005	80	0	8845,8535,8535,7415,7415,7415,7415	4	31	8677,0,0,0,0,0,0	125	0
172797	479	976	614	298	295	63	37	4	2930	37	216	469	218	2	73	5700	899	1863	0,0,0,0,0,0	33603	0	312	9315	85	0	9148,8823,8823,7644,7644,7644,7644	4	27	8987,0,0,0,0,0,0	128	0
172711	457	960	626	296	297	65	42	3	3036	37	216	488	293	6	93	5769	932	1811	0,0,0,0,0,0	46736	0	264	9579	87	0	9401,9057,9057,7814,7814,7814,7814	4	21	9251,0,0,0,0,0,0	136	0
172584	468	977	611	296	319	66	44	4	3118	41	218	457	239	8	92	6066	963	1818	0,0,0,0,0,0	47056	0	311	9889	90	0	9701,9339,9339,8028,8028,8028,8028	4	23	9562,0,0,0,0,0,0	134	0
172443	468	1007	616	314	310	76	47	8	3197	41	219	469	321	5	114	6549	1023	1815	0,0,0,0,0,0	34282	0	329	10217	94	0	10018,9637,9637,8257,8257,8257,8257	4	36	9890,0,0,0,0,0,0	135	0
172306	463	998	645	320	291	84	52	9	3313	44	221	460	256	2	90	6777	1036	1817	0,0,0,0,0,0	34661	0	299	10517	96	0	10307,9910,9910,8470,8470,8470,8470	4	36	10190,0,0,0,0,0,0	146	0
172231	456	991	620	322	292	82	58	6	3418	45	225	476	264	5	94	6798	1029	1792	0,0,0,0,0,0	34664	0	274	10792	98	0	10571,10154,10154,8639,8639,8639,8639	4	21	10465,0,0,0,0,0,0	155	0
172183	445	973	654	313	291	80	57	6	3468	50	226	452	289	5	77	6664	987	1826	0,0,0,0,0,0	34772	0	291	11082	102	0	10846,10405,10405,8801,8801,8801,8801	4	35	10755,0,0,0,0,0,0	158	0
172117	435	1006	650	290	272	94	53	7	3537	55	230	452	253	4	96	6758	1010	1790	0,0,0,0,0,0	34572	0	295	11377	105	0	11130,10665,10665,8976,8976,8976,8976	4	32	11051,0,0,0,0,0,0	171	0
172070	438	932	686	300	292	89	57	7	3585	59	231	464	277	3	70	7119	1039	1755	0,0,0,0,0,0	47486	0	272	11643	112	0	11382,10895,10895,9126,9126,9126,9126	4	24	11317,0,0,0,0,0,0	171	0
172051	426	923	664	297	303	81	57	8	3639	60	237	450	241	4	67	6595	993	1758	0,0,0,0,0,0	47517	0	259	11898	116	0	11626,11115,11115,9258,9258,9258,9258	4	26	11572,0,0,0,0,0,0	171	0
171993	433	942	628	279	298	86	61	8	3714	63	241	446	264	2	99	6805	999	1728	0,0,0,0,0,0	34357	0	299	12193	121	0	11910,11375,11375,9429,9429,9429,9429	5	34	11869,0,0,0,0,0,0	169	0
171945	431	974	605	263	293	82	61	14	3767	64	247	434	256	4	88	6728	987	1722	0,0,0,0,0,0	34923	0	284	12478	122	0	12183,11624,11624,9588,9588,9588,9588	5	32	12154,0,0,0,0,0,0	172	0
171919	419	941	609	276	293	85	60	16	3812	66	250	431	340	3	81	6573	976	1707	0,0,0,0,0,0	34724	0	259	12739	122	0	12430,11846,11846,9724,9724,9724,9724	5	38	12415,0,0,0,0,0,0	173	0
171865	439	896	608	289	274	92	55	16	3886	74	252	419	263	3	94	6571	961	1692	0,0,0,0,0,0	34599	0	266	13007	124	0	12684,12080,12080,9878,9878,9878,9878	5	37	12683,0,0,0,0,0,0	181	0
171846	411	889	628	298	260	92	56	17	3916	78	255	417	273	7	94	7064	965	1669	0,0,0,0,0,0	34687	0	264	13269	128	0	12931,12301,12301,10009,10009,10009,10009	5	30	12945,0,0,0,0,0,0	173	0
171823	380	884	623	300	258	92	54	18	3978	81	255	432	242	6	78	7110	953	1638	0,0,0,0,0,0	47751	0	246	13512	131	0	13158,12507,12507,10134,10134,10134,10134	5	20	13188,0,0,0,0,0,0	176	0
171853	359	826	614	301	258	92	56	15	4031	84	257	448	220	4	70	7034	932	1574	0,0,0,0,0,0	47848	0	214	13722	135	0	13353,12677,12677,10215,10215,10215,10215	5	24	13398,0,0,0,0,0,0	175	0
171815	392	782	612	310	249	92	51	16	4079	89	259	456	253	7	95	6837	920	1568	0,0,0,0,0,0	34922	0	263	13983	138	0	13600,12902,12902,10356,10356,10356,10356	5	24	13659,0,0,0,0,0,0	162	0
171810	387	834	574	298	238	91	52	14	4093	91	264	443	268	4	71	6946	923	1551	0,0,0,0,0,0	34472	0	263	14244	143	0	13843,13120,13120,10478,10478,10478,10478	5	26	13921,0,0,0,0,0,0	164	0
171790	380	818	585	285	224	91	48	14	4144	97	270	411	252	4	80	6980	912	1519	0,0,0,0,0,0	35188	0	249	14487	149	0	14076,13330,13330,10602,10602,10602,10602	5	28	14165,0,0,0,0,0,0	155	0
171819	385	798	572	262	236	89	46	13	4151	101	274	421	240	4	74	6490	871	1517	0,0,0,0,0,0	34761	0	230	14713	153	0	14287,13515,13515,10692,10692,10692,10692	4	21	14392,0,0,0,0,0,0	154	0
171826	404	797	564	267	216	87	48	12	4145	103	277	423	262	5	69	6446	843	1540	0,0,0,0,0,0	34338	0	258	14973	155	0	14531,13732,13732,10808,10808,10808,10808	4	29	14652,0,0,0,0,0,0	146	0
171885	387	757	566	268	215	89	46	13	4136	106	278	441	294	3	59	6267	816	1512	0,0,0,0,0,0	47193	0	208	15180	157	0	14721,13894,13894,10872,10872,10872,10872	4	14	14859,0,0,0,0,0,0	148	0
171931	363	758	523	271	229	82	47	11	4143	109	279	434	253	7	69	5936	820	1453	0,0,0,0,0,0	46837	0	201	15378	162	0	14902,14051,14051,10938,10938,10938,10938	4	14	15057,0,0,0,0,0,0	152	0
171948	352	762	541	267	232	83	48	10	4106	113	284	430	234	5	71	5570	806	1479	0,0,0,0,0,0	33694	0	238	15614	164	0	15124,14247,14247,11038,11038,11038,11038	4	27	15293,0,0,0,0,0,0	141	0
171976	377	776	528	235	231	91	45	13	4072	116	286	431	258	2	78	5589	784	1499	0,0,0,0,0,0	33324	0	261	15874	168	0	15364,14458,14458,11140,11140,11140,11140	4	30	15554,0,0,0,0,0,0	141	0
171965	380	797	546	240	227	89	42	13	4038	119	290	397	260	1	73	5617	791	1530	0,0,0,0,0,0	33654	0	255	16130	169	0	15605,14675,14675,11264,11264,11264,11264	4	36	15810,0,0,0,0,0,0	146	0
171975	375	806	570	220	206	82	39	14	4042	123	294	398	267	3	67	5469	758	1540	0,0,0,0,0,0	33767	0	238	16366	172	0	15827,14871,14871,11366,11366,11366,11366	4	23	16046,0,0,0,0,0,0	141	0
171988	366	803	543	210	237	81	34	14	4041	129	300	406	235	2	56	5795	731	1543	0,0,0,0,0,0	33553	0	249	16615	173	0	16062,15079,15079,11474,11474,11474,11474	4	21	16295,0,0,0,0,0,0	136	0
172029	368	770	542	233	247	74	40	13	3998	131	301	401	261	8	77	5731	772	1502	0,0,0,0,0,0	46339	0	231	16843	178	0	16271,15261,15261,11555,11555,11555,11555	4	23	16523,0,0,0,0,0,0	144	0
172105	369	720	547	238	239	71	35	11	3967	137	307	392	252	3	82	5798	806	1413	0,0,0,0,0,0	46475	0	201	17042	181	0	16454,15417,15417,11606,11606,11606,11606	4	17	16722,0,0,0,0,0,0	151	0
172138	371	721	534	242	246	70	35	11	3930	139	309	394	240	2	72	6300	844	1375	0,0,0,0,0,0	34202	0	236	17274	187	0	16667,15603,15603,11692,11692,11692,11692	4	28	16954,0,0,0,0,0,0	138	0
172163	370	745	509	210	242	74	31	12	3930	144	316	392	248	3	66	6163	843	1338	0,0,0,0,0,0	34195	0	223	17494	192	0	16871,15782,15782,11776,11776,11776,11776	4	29	17174,0,0,0,0,0,0	126	0
172213	343	734	535	221	232	75	29	11	3888	147	318	398	271	3	61	6016	815	1354	0,0,0,0,0,0	33783	0	210	17701	196	0	17060,15945,15945,11842,11842,11842,11842	4	20	17381,0,0,0,0,0,0	130	0
172245	356	740	509	202	209	75	34	11	3897	148	320	406	88	3	57	5781	763	1362	0,0,0,0,0,0	33847	0	230	17926	201	0	17266,16125,16125,11924,11924,11924,11924	4	24	17606,0,0,0,0,0,0	132	0
172262	352	742	484	202	232	80	33	13	3872	148	326	410	264	1	58	5556	759	1366	0,0,0,0,0,0	33599	0	211	18134	205	0	17461,16297,16297,12008,12008,12008,12008	4	27	17814,0,0,0,0,0,0	140	0
172352	324	709	490	215	226	75	36	12	3829	150	328	407	287	4	51	5294	708	1367	0,0,0,0,0,0	46531	0	176	18310	207	0	17618,16427,16427,12037,12037,12037,12037	4	8	17990,0,0,0,0,0,0	139	0
172418	290	686	507	214	213	74	37	11	3810	152	334	438	297	2	66	5223	698	1323	0,0,0,0,0,0	46257	0	185	18488	214	0	17783,16567,16567,12083,12083,12083,12083	4	18	18169,0,0,0,0,0,0	147	0
172456	296	659	510	217	211	73	40	11	3782	153	338	449	271	4	79	5297	728	1278	0,0,0,0,0,0	33143	0	202	18685	221	0	17964,16724,16724,12148,12148,12148,12148	4	29	18367,0,0,0,0,0,0	140	0
172492	290	663	485	214	199	76	37	8	3785	156	341	454	306	4	65	4960	716	1248	0,0,0,0,0,0	33362	0	201	18885	224	0	18145,16881,16881,12214,12214,12214,12214	4	31	18567,0,0,0,0,0,0	139	0
172546	281	651	496	200	187	74	40	8	3758	158	347	442	327	1	61	4719	689	1240	0,0,0,0,0,0	32827	0	187	19066	233	0	18311,17024,17024,12265,12265,12265,12265	3	18	18748,0,0,0,0,0,0	132	0
172629	267	652	494	183	188	76	37	8	3701	161	350	429	254	1	50	4611	651	1246	0,0,0,0,0,0	45843	0	186	19251	235	0	18477,17162,17162,12300,12300,12300,12300	3	17	18933,0,0,0,0,0,0	140	0
172667	255	638	483	173	188	72	38	8	3712	162	350	422	228	0	65	4697	650	1197	0,0,0,0,0,0	45568	0	180	19426	240	0	18634,17298,17298,12353,12353,12353,12353	3	25	19109,0,0,0,0,0,0	145	0
172775	248	598	467	184	188	70	34	9	3653	165	355	443	254	4	57	4772	648	1141	0,0,0,0,0,0	45809	0	139	19563	242	0	18755,17394,17394,12354,12354,12354,12354	3	12	19246,0,0,0,0,0,0	129	0
172865	235	605	428	195	186	69	34	10	3595	167	357	454	227	4	59	4806	688	1064	0,0,0,0,0,0	45612	20	167	19726	247	0	18898,17512,17512,12375,12375,12375,12375	3	11	19410,0,0,0,0,0,0	130	18
172934	255	565	423	195	181	64	35	9	3558	168	359	428	247	3	42	5040	662	1056	0,0,0,0,0,0	32993	30	164	19884	253	0	19039,17630,17630,12404,12404,12404,12404	3	19	19569,0,0,0,0,0,0	120	43
173009	249	548	417	196	186	64	30	11	3504	172	360	436	307	1	55	5117	649	1041	0,0,0,0,0,0	33112	20	154	20037	255	0	19171,17739,17739,12425,12425,12425,12425	3	26	19722,0,0,0,0,0,0	112	62
173122	238	538	401	186	180	60	32	11	3442	173	363	438	279	2	55	5206	628	1007	0,0,0,0,0,0	33075	36	145	20181	256	0	19296,17838,17838,12424,12424,12424,12424	3	16	19866,0,0,0,0,0,0	108	91
173189	240	524	375	194	190	53	33	11	3396	176	365	441	240	2	46	4875	602	1007	0,0,0,0,0,0	32731	26	166	20346	257	0	19442,17961,17961,12456,12456,12456,12456	3	13	20031,0,0,0,0,0,0	110	113
173265	227	531	357	184	190	56	32	12	3345	179	368	430	257	4	68	4837	615	962	0,0,0,0,0,0	32771	26	154	20498	260	0	19576,18072,18072,12478,12478,12478,12478	3	21	20184,0,0,0,0,0,0	108	135
173380	233	495	355	168	186	57	36	11	3270	180	375	422	255	4	52	4617	605	925	0,0,0,0,0,0	39278	20	138	20634	263	0	19698,18167,18167,12474,12474,12474,12474	3	13	20320,0,0,0,0,0,0	121	153
173491	220	491	340	169	176	59	34	10	3193	185	378	411	250	1	62	4647	635	854	0,0,0,0,0,0	39370	154	131	20765	265	0	19817,18263,18263,12472,12472,12472,12472	3	9	20451,0,0,0,0,0,0	123	281
173557	210	477	341	164	187	59	34	9	3139	188	381	426	273	3	54	4660	628	844	0,0,0,0,0,0	27434	120	141	20901	270	0	19947,18372,18372,12495,12495,12495,12495	3	20	20588,0,0,0,0,0,0	113	383
173618	209	490	321	149	186	58	36	8	3095	190	386	432	284	0	48	4533	602	847	0,0,0,0,0,0	27451	135	151	21051	273	0	20088,18491,18491,12526,12526,12526,12526	3	20	20739,0,0,0,0,0,0	109	502
173667	219	491	333	135	170	57	40	6	3046	192	390	438	226	0	52	4230	574	871	0,0,0,0,0,0	27516	153	157	21203	279	0	20236,18618,18618,12567,12567,12567,12567	3	22	20891,0,0,0,0,0,0	120	632
173703	212	512	328	135	150	62	39	6	3011	195	393	445	241	3	35	4184	553	885	0,0,0,0,0,0	26973	135	158	21360	281	0	20385,18748,18748,12615,12615,12615,12615	3	12	21048,0,0,0,0,0,0	111	754
173746	226	476	331	142	140	63	38	6	2985	198	395	441	98	1	43	3773	535	881	0,0,0,0,0,0	26859	146	146	21505	282	0	20520,18864,18864,12653,12653,12653,12653	3	11	21193,0,0,0,0,0,0	112	876
173828	224	469	309	138	143	65	37	7	2930	200	396	452	254	2	37	3553	510	875	0,0,0,0,0,0	38406	134	118	21621	286	0	20626,18950,18950,12656,12656,12656,12656	2	8	21310,0,0,0,0,0,0	123	988
173896	218	472	301	142	144	60	39	7	2868	202	397	456	233	4	37	3366	502	874	0,0,0,0,0,0	38425	131	137	21755	289	0	20790,19093,19093,12695,12695,12695,12695	2	9	21444,0,0,0,0,0,0	120	1090
173965	205	459	300	135	155	56	36	9	2823	203	400	446	233	1	47	3577	505	841	0,0,0,0,0,0	26444	144	128	21882	290	0	20938,19222,19222,12725,12725,12725,12725	2	14	21571,0,0,0,0,0,0	112	1216
173997	215	461	307	128	157	48	34	9	2783	205	402	490	248	1	50	3564	503	847	0,0,0,0,0,0	26673	182	157	22037	292	0	21118,19383,19383,12789,12789,12789,12789	2	28	21726,0,0,0,0,0,0	107	1358
174052	222	442	301	138	149	51	34	10	2736	207	404	467	264	1	39	3592	480	857	0,0,0,0,0,0	26942	148	129	22163	296	0	21274,19521,19521,12830,12830,12830,12830	2	9	21852,0,0,0,0,0,0	100	1482
174077	226	463	302	126	149	48	33	9	2699	209	405	461	240	0	33	3415	446	901	0,0,0,0,0,0	26649	158	151	22312	298	0	21451,19680,19680,12896,12896,12896,12896	2	16	22001,0,0,0,0,0,0	105	1606
174105	232	469	286	124	155	49	30	12	2664	212	408	432	319	5	51	3632	443	902	0,0,0,0,0,0	26806	146	148	22456	302	0	21626,19838,19838,12959,12959,12959,12959	2	22	22145,0,0,0,0,0,0	100	1730
174193	210	455	292	138	134	49	28	9	2615	214	409	443	256	2	52	3752	467	839	0,0,0,0,0,0	38746	148	101	22558	303	0	21753,19945,19945,12969,12969,12969,12969	2	9	22247,0,0,0,0,0,0	105	1859
174256	191	438	308	143	138	48	30	7	2560	215	412	468	226	1	40	3785	470	826	0,0,0,0,0,0	38657	65	120	22675	307	0	21893,20067,20067,12998,12998,12998,12998	2	10	22365,0,0,0,0,0,0	109	1918
174289	181	449	311	140	128	47	31	4	2533	215	418	489	248	3	46	3674	465	822	0,0,0,0,0,0	26961	66	125	22801	308	0	22053,20211,20211,13050,13050,13050,13050	2	22	22491,0,0,0,0,0,0	105	1964
174283	189	450	300	138	136	41	28	7	2532	218	424	478	97	4	29	3655	442	840	0,0,0,0,0,0	26954	61	148	22950	310	0	22246,20388,20388,13136,13136,13136,13136	2	10	22640,0,0,0,0,0,0	95	2017
174340	192	426	322	133	131	44	29	7	2474	222	426	478	248	2	54	3640	469	808	0,0,0,0,0,0	26554	74	126	23076	310	0	22400,20524,20524,13174,13174,13174,13174	2	14	22766,0,0,0,0,0,0	87	2080
174385	190	396	325	134	119	43	30	7	2462	223	432	461	239	3	38	3558	467	770	0,0,0,0,0,0	26487	74	109	23184	311	0	22540,20648,20648,13209,13209,13209,13209	2	14	22874,0,0,0,0,0,0	93	2140
174463	182	401	302	132	106	44	27	9	2421	224	435	503	255	1	35	3181	443	751	0,0,0,0,0,0	26231	71	111	23293	313	0	22676,20765,20765,13226,13226,13226,13226	2	17	22983,0,0,0,0,0,0	91	2193
174535	171	391	298	122	111	43	29	9	2373	227	437	468	282	0	31	3217	419	746	0,0,0,0,0,0	38048	63	111	23402	315	0	22816,20887,20887,13250,13250,13250,13250	2	8	23092,0,0,0,0,0,0	91	2243
174608	177	380	290	117	115	41	27	10	2314	230	437	480	245	0	40	3278	420	727	0,0,0,0,0,0	38168	221	107	23509	316	0	22931,20984,20984,13259,13259,13259,13259	2	11	23199,0,0,0,0,0,0	95	2420
174646	171	366	267	111	127	41	27	10	2306	232	442	485	265	0	36	3391	402	708	0,0,0,0,0,0	26768	194	105	23614	318	0	23047,21086,21086,13285,13285,13285,13285	2	21	23304,0,0,0,0,0,0	86	2575
174651	175	382	250	104	134	40	25	9	2294	236	446	487	222	3	35	3419	374	736	2,0,0,0,0,0	26255	223	107	23754	319	0	23196,21221,21221,13343,13343,13343,13343	2	10	23412,33,0,0,0,0,0	81	2758
174659	213	381	267	106	124	42	26	8	2233	237	450	487	288	3	51	3537	400	759	5,0,0,0,0,0	26369	215	128	23905	322	0	23365,21373,21373,13411,13411,13411,13411	2	14	23530,67,0,0,0,0,0	76	2931
174675	219	385	270	97	125	40	22	6	2215	241	451	500	231	2	32	3725	391	767	9,0,0,0,0,0	26605	196	106	24038	327	0	23512,21505,21505,13462,13462,13462,13462	2	12	23626,107,0,0,0,0,0	70	3085
174662	241	419	255	89	135	42	23	5	2178	242	455	507	85	1	26	3806	388	816	14,0,0,0,0,0	26713	197	128	24197	333	0	23685,21664,21664,13542,13542,13542,13542	2	11	23717,175,0,0,0,0,0	72	3248
174632	243	449	257	94	133	42	24	5	2167	243	457	503	229	0	34	3512	379	863	19,0,0,0,0,0	38408	231	133	24363	336	0	23861,21826,21826,13632,13632,13632,13632	2	12	23808,251,0,0,0,0,0	81	3424
174605	274	454	279	102	128	39	21	6	2132	245	461	514	228	2	44	3285	407	890	23,0,0,0,0,0	38528	146	131	24527	339	0	24120,22073,22073,13765,13765,13765,13765	2	9	23899,325,0,0,0,0,0	72	3532
174569	286	494	272	108	133	42	21	6	2105	246	464	515	312	4	31	3481	433	923	27,0,0,0,0,0	26735	154	181	24700	347	0	24371,22311,22311,13895,13895,13895,13895	1	12	23996,406,0,0,0,0,0	69	3660
