S	E	I1	I2	I3	I4	I5_h	I6_h	R_h	R	D1	D2	H	T	P1	P2	Q	QT	NQ	MUT	HOM	VAC	NI	INF	REINF	BSTR	IMM	HCI	HCE	INFV	INFH	VNI
178121	96	102	52	43	36	8	4	0	283	1	0	196	0	0	0	50	50	291	0,0,0,0,0,0	178745	0	0	341	0	0	625,625,625,625,625,625,625	0	0	0,0,0,0,0,0,0	0	0
178080	80	148	51	38	28	8	3	1	308	1	0	313	320	0	61	106	51	305	0,0,0,0,0,0	12517	0	55	396	0	0	666,666,666,666,666,666,666	0	3	55,0,0,0,0,0,0	10	0
178009	79	196	59	37	30	8	3	1	320	1	3	410	235	0	15	345	70	342	0,0,0,0,0,0	12882	0	81	479	0	0	739,739,739,739,739,739,739	0	1	138,0,0,0,0,0,0	13	0
177947	103	190	63	40	40	9	3	1	343	1	6	526	317	3	17	606	73	375	0,0,0,0,0,0	13053	0	73	552	0	0	802,802,802,802,802,802,802	0	3	211,0,0,0,0,0,0	16	0
177892	101	201	82	40	41	9	3	1	367	1	8	579	300	0	20	880	98	379	0,0,0,0,0,0	25348	0	69	621	0	0	859,859,859,859,859,859,859	0	5	280,0,0,0,0,0,0	23	0
177836	104	208	90	48	48	7	3	1	386	1	14	608	255	0	14	1065	113	395	0,0,0,0,0,0	25866	0	64	685	0	0	917,917,917,917,917,917,917	0	3	344,0,0,0,0,0,0	19	0
177766	115	219	105	50	48	11	5	1	409	1	16	627	256	0	24	1184	142	411	0,0,0,0,0,0	13948	0	88	772	1	0	992,992,992,992,992,992,992	0	4	432,0,0,0,0,0,0	22	0
177699	115	235	122	58	58	11	5	0	420	1	22	654	248	1	15	1269	157	447	0,0,0,0,0,0	14019	0	88	860	1	0	1068,1067,1067,1064,1064,1064,1064	0	5	520,0,0,0,0,0,0	25	0
177612	140	259	124	64	58	12	6	0	446	1	24	667	317	1	15	1375	171	492	0,0,0,0,0,0	14143	0	109	968	2	0	1161,1160,1160,1157,1157,1157,1157	0	8	629,0,0,0,0,0,0	23	0
177541	156	250	143	65	69	15	7	0	470	1	29	680	261	1	17	1465	183	522	0,0,0,0,0,0	14255	0	94	1062	2	0	1242,1240,1240,1235,1235,1235,1235	0	5	723,0,0,0,0,0,0	26	0
177467	155	273	152	69	69	15	9	0	502	1	34	699	88	2	32	1628	214	528	0,0,0,0,0,0	14387	0	107	1167	5	0	1330,1328,1328,1320,1320,1320,1320	0	9	831,0,0,0,0,0,0	34	0
177391	151	283	170	75	71	16	8	0	540	2	39	670	231	0	22	1600	240	534	0,0,0,0,0,0	26274	0	90	1258	6	0	1414,1411,1411,1402,1402,1402,1402	0	6	923,0,0,0,0,0,0	36	0
177343	141	289	176	83	73	14	8	0	574	3	42	679	92	1	18	1409	237	547	0,0,0,0,0,0	26175	0	89	1348	6	0	1485,1480,1480,1465,1465,1465,1465	0	4	1013,0,0,0,0,0,0	37	0
177255	145	316	185	79	63	16	10	0	627	4	46	691	295	1	31	1274	259	555	0,0,0,0,0,0	14381	0	110	1454	10	0	1586,1581,1581,1561,1561,1561,1561	0	3	1123,0,0,0,0,0,0	36	0
177170	152	325	193	81	77	16	11	0	666	4	51	700	247	3	31	1308	267	588	0,0,0,0,0,0	14244	0	112	1567	10	0	1690,1683,1683,1658,1658,1658,1658	0	7	1236,0,0,0,0,0,0	42	0
177077	156	348	191	90	78	14	11	0	722	4	55	715	303	1	27	1632	282	606	0,0,0,0,0,0	14564	0	119	1685	11	0	1801,1792,1792,1762,1762,1762,1762	0	8	1355,0,0,0,0,0,0	40	0
176966	184	357	223	92	85	12	11	0	752	4	60	698	328	1	15	1653	270	694	0,0,0,0,0,0	14731	0	142	1828	11	0	1934,1924,1924,1887,1887,1887,1887	0	8	1498,0,0,0,0,0,0	34	0
176901	171	368	239	94	98	13	12	2	780	4	64	720	251	1	25	1862	291	704	0,0,0,0,0,0	14725	0	113	1940	12	0	2034,2021,2021,1974,1974,1974,1974	0	10	1611,0,0,0,0,0,0	32	0
176824	170	372	235	101	115	11	12	2	834	4	66	738	249	2	32	1915	318	698	0,0,0,0,0,0	26699	0	118	2058	14	0	2141,2125,2125,2068,2068,2068,2068	1	9	1730,0,0,0,0,0,0	37	0
176742	181	366	225	112	122	9	12	2	898	5	72	731	276	0	35	1996	326	701	0,0,0,0,0,0	26622	0	116	2174	14	0	2255,2236,2236,2169,2169,2169,2169	1	12	1846,0,0,0,0,0,0	39	0
176645	205	379	233	116	105	10	14	2	955	6	76	755	241	1	43	2339	337	725	0,0,0,0,0,0	15429	0	145	2320	14	0	2392,2369,2369,2289,2289,2289,2289	1	15	1992,0,0,0,0,0,0	38	0
176545	210	410	237	108	106	10	15	2	1015	7	81	737	308	0	36	2602	346	750	0,0,0,0,0,0	15532	0	150	2469	15	0	2534,2508,2508,2413,2413,2413,2413	1	14	2142,0,0,0,0,0,0	44	0
176429	238	428	260	108	101	13	13	3	1057	8	88	721	241	1	36	2740	377	784	0,0,0,0,0,0	15526	0	172	2641	17	0	2698,2667,2667,2556,2556,2556,2556	1	15	2316,0,0,0,0,0,0	49	0
176330	250	445	262	115	101	16	13	3	1108	8	95	685	322	1	37	2743	370	832	0,0,0,0,0,0	15696	0	156	2796	19	0	2848,2812,2812,2682,2682,2682,2682	1	13	2473,0,0,0,0,0,0	50	0
176232	257	467	277	118	111	18	11	3	1143	10	99	680	305	1	45	2772	403	856	0,0,0,0,0,0	15808	0	166	2960	21	0	3002,2961,2961,2811,2811,2811,2811	1	14	2638,0,0,0,0,0,0	53	0
176128	251	502	278	131	114	19	16	3	1185	10	109	676	241	4	29	2943	402	909	0,0,0,0,0,0	27356	0	162	3119	24	0	3160,3113,3113,2944,2944,2944,2944	1	7	2797,0,0,0,0,0,0	50	0
176048	252	494	293	135	120	23	15	2	1239	11	114	642	256	0	36	3074	417	915	0,0,0,0,0,0	27610	0	146	3264	26	0	3296,3243,3243,3056,3056,3056,3056	1	16	2943,0,0,0,0,0,0	52	0
175926	279	522	287	142	122	31	17	3	1289	11	117	639	228	1	43	3137	434	966	0,0,0,0,0,0	16112	0	207	3471	27	0	3488,3429,3429,3217,3217,3217,3217	2	19	3150,0,0,0,0,0,0	54	0
175821	308	523	303	139	127	34	17	2	1342	11	119	648	263	1	49	3511	454	997	0,0,0,0,0,0	16423	0	187	3656	29	0	3660,3594,3594,3356,3356,3356,3356	2	16	3335,0,0,0,0,0,0	62	0
175695	320	559	323	144	130	35	16	2	1387	14	121	631	247	2	43	3717	470	1057	0,0,0,0,0,0	16696	0	205	3861	31	0	3856,3782,3782,3519,3519,3519,3519	2	21	3541,0,0,0,0,0,0	72	0
175552	333	578	339	154	150	38	17	2	1442	16	125	643	320	5	44	3696	479	1130	0,0,0,0,0,0	16549	0	211	4069	34	0	4058,3978,3978,3693,3693,3693,3693	2	10	3749,0,0,0,0,0,0	64	0
175415	334	640	369	160	146	41	20	2	1474	16	129	642	260	2	54	3768	533	1177	0,0,0,0,0,0	16654	0	221	4288	36	0	4270,4183,4183,3869,3869,3869,3869	2	29	3969,0,0,0,0,0,0	82	0
175289	319	671	384	170	160	44	23	2	1532	17	135	646	80	2	35	3732	526	1245	0,0,0,0,0,0	27934	0	210	4499	36	0	4473,4377,4377,4036,4036,4036,4036	2	13	4180,0,0,0,0,0,0	83	0
175177	327	666	412	174	168	45	24	2	1595	18	138	640	107	4	47	3903	524	1292	0,0,0,0,0,0	28188	0	207	4706	38	0	4669,4565,4565,4193,4193,4193,4193	2	23	4389,0,0,0,0,0,0	90	0
175009	367	704	418	175	168	49	26	2	1669	19	140	620	310	1	70	4243	569	1338	0,0,0,0,0,0	17428	0	267	4970	44	0	4925,4812,4812,4406,4406,4406,4406	2	14	4653,0,0,0,0,0,0	84	0
174841	376	744	432	180	177	51	27	3	1755	19	141	614	143	2	48	4289	568	1419	0,0,0,0,0,0	17286	0	260	5228	47	0	5174,5052,5052,4615,4615,4615,4615	2	22	4911,0,0,0,0,0,0	85	0
174669	388	786	433	187	199	51	28	3	1839	20	143	625	274	2	79	4925	641	1431	0,0,0,0,0,0	17465	0	270	5499	48	0	5436,5305,5305,4833,4833,4833,4833	2	33	5182,0,0,0,0,0,0	91	0
174500	395	800	473	208	205	54	31	1	1912	20	147	591	253	3	59	4985	658	1508	0,0,0,0,0,0	17891	0	273	5776	48	0	5705,5563,5563,5054,5054,5054,5054	2	24	5459,0,0,0,0,0,0	100	0
174319	434	808	507	209	225	54	31	2	1982	21	154	588	321	0	65	4555	685	1583	0,0,0,0,0,0	17863	0	299	6072	53	0	5994,5841,5841,5290,5290,5290,5290	2	18	5755,0,0,0,0,0,0	102	0
174162	439	824	537	212	231	52	29	3	2077	23	157	586	320	9	66	4581	701	1623	0,0,0,0,0,0	28821	0	284	6354	56	0	6268,6102,6102,5507,5507,5507,5507	3	17	6037,0,0,0,0,0,0	105	0
174010	432	871	544	208	232	53	24	6	2181	26	159	584	296	5	82	4938	737	1627	0,0,0,0,0,0	29167	0	278	6630	60	0	6533,6356,6356,5718,5718,5718,5718	3	30	6313,0,0,0,0,0,0	109	0
173822	448	916	557	215	244	57	26	8	2262	28	163	547	320	0	86	5414	779	1684	0,0,0,0,0,0	18382	0	323	6954	60	0	6851,6660,6660,5973,5973,5973,5973	3	34	6637,0,0,0,0,0,0	117	0
173596	499	906	594	229	245	61	32	6	2381	31	166	535	304	5	79	5738	803	1763	0,0,0,0,0,0	18336	0	344	7301	60	0	7189,6986,6986,6255,6255,6255,6255	3	35	6984,0,0,0,0,0,0	120	0
173413	502	945	613	242	246	63	35	3	2478	31	175	523	241	1	78	5832	838	1808	0,0,0,0,0,0	18618	0	318	7618	61	0	7499,7282,7282,6503,6503,6503,6503	3	23	7302,0,0,0,0,0,0	127	0
173270	513	958	596	252	262	67	38	2	2580	31	177	516	300	7	79	6009	854	1832	0,0,0,0,0,0	18939	0	311	7927	64	0	7797,7564,7564,6725,6725,6725,6725	3	19	7611,0,0,0,0,0,0	132	0
173058	537	1002	602	240	280	74	37	4	2697	33	182	515	305	2	74	6296	850	1922	0,0,0,0,0,0	18796	0	370	8299	64	0	8162,7913,7913,7016,7016,7016,7016	3	32	7983,0,0,0,0,0,0	138	0
172954	542	996	612	249	279	76	39	5	2772	37	185	521	238	2	86	6121	837	1956	0,0,0,0,0,0	30309	0	294	8592	67	0	8445,8177,8177,7211,7211,7211,7211	3	21	8277,0,0,0,0,0,0	155	0
172804	516	1047	647	248	264	73	45	4	2870	39	189	527	218	4	83	6411	842	1998	0,0,0,0,0,0	30458	0	337	8931	67	0	8774,8487,8487,7453,7453,7453,7453	3	20	8616,0,0,0,0,0,0	159	0
172566	566	1091	675	272	271	76	44	5	2947	42	191	516	254	3	93	6980	883	2112	0,0,0,0,0,0	19876	0	420	9348	71	0	9181,8876,8876,7776,7776,7776,7776	4	39	9033,0,0,0,0,0,0	159	0
172303	601	1153	710	284	282	74	43	6	3053	45	192	491	252	0	94	6981	889	2258	0,0,0,0,0,0	20006	0	437	9785	73	0	9606,9284,9284,8120,8120,8120,8120	4	40	9470,0,0,0,0,0,0	160	0
172077	610	1249	685	276	292	70	42	7	3197	48	193	508	260	4	105	7037	923	2301	0,0,0,0,0,0	35147	0	408	10190	80	0	9999,9659,9659,8430,8430,8430,8430	4	42	9875,0,0,0,0,0,0	152	0
171889	569	1271	737	277	300	74	42	4	3337	50	196	495	230	4	95	7343	946	2324	0,0,0,0,0,0	35019	0	371	10559	82	0	10359,10001,10001,8705,8705,8705,8705	4	37	10244,0,0,0,0,0,0	148	0
171651	568	1298	790	315	334	74	41	6	3419	52	198	479	323	4	96	7596	1012	2408	0,0,0,0,0,0	35796	0	436	10995	87	0	10784,10405,10405,9037,9037,9037,9037	5	44	10680,0,0,0,0,0,0	143	0
171513	589	1252	800	328	349	77	47	6	3530	53	202	487	278	6	92	7453	1025	2417	0,0,0,0,0,0	48132	0	374	11375	87	0	11152,10749,10749,9291,9291,9291,9291	5	21	11060,0,0,0,0,0,0	140	0
171395	546	1248	803	334	374	79	47	8	3649	57	206	468	284	5	99	7324	1112	2319	0,0,0,0,0,0	47677	0	336	11710	88	0	11475,11050,11050,9513,9513,9513,9513	5	24	11395,0,0,0,0,0,0	155	0
171242	527	1237	846	330	401	83	49	7	3757	60	207	457	251	6	129	7566	1197	2276	0,0,0,0,0,0	35638	0	379	12085	92	0	11836,11389,11389,9771,9771,9771,9771	5	39	11770,0,0,0,0,0,0	161	0
171024	618	1188	865	342	399	84	49	9	3894	65	209	444	266	5	116	7971	1260	2285	0,0,0,0,0,0	35831	0	432	12516	94	0	12252,11784,11784,10087,10087,10087,10087	5	38	12201,0,0,0,0,0,0	164	0
170883	636	1115	855	383	415	81	51	10	4040	66	211	455	299	3	111	8057	1309	2227	0,0,0,0,0,0	36135	0	355	12871	96	0	12593,12103,12103,10328,10328,10328,10328	5	28	12556,0,0,0,0,0,0	169	0
170775	588	1152	851	372	409	84	54	11	4170	68	212	455	284	5	120	8111	1317	2193	0,0,0,0,0,0	36218	0	355	13223	103	0	12930,12416,12416,10551,10551,10551,10551	5	34	12909,0,0,0,0,0,0	166	0
170681	580	1164	819	364	368	91	59	15	4323	69	213	430	263	7	124	8464	1325	2120	0,0,0,0,0,0	36185	0	346	13567	108	0	13259,12719,12719,10762,10762,10762,10762	5	41	13253,0,0,0,0,0,0	165	0
170631	548	1112	813	369	364	93	63	16	4451	72	214	415	240	9	95	8213	1319	2043	0,0,0,0,0,0	48846	0	294	13859	113	0	13536,12972,12972,10926,10926,10926,10926	5	26	13546,0,0,0,0,0,0	184	0
170638	509	1103	752	353	370	101	65	19	4546	74	216	429	241	5	97	7980	1288	1965	0,0,0,0,0,0	48683	0	287	14145	116	0	13805,13211,13211,11058,11058,11058,11058	5	26	13832,0,0,0,0,0,0	183	0
170595	522	1052	757	352	371	97	67	20	4616	75	222	428	266	6	86	8189	1272	1946	0,0,0,0,0,0	35947	0	316	14457	121	0	14104,13483,13483,11229,11229,11229,11229	5	29	14144,0,0,0,0,0,0	202	0
170599	472	1046	736	361	368	97	67	21	4675	78	226	414	294	0	103	8348	1268	1879	0,0,0,0,0,0	35932	0	284	14736	127	0	14366,13717,13717,11357,11357,11357,11357	5	34	14424,0,0,0,0,0,0	192	0
170611	476	1004	731	343	334	106	67	21	4743	79	231	406	244	2	105	8040	1208	1853	0,0,0,0,0,0	35991	0	292	15029	129	0	14642,13961,13961,11488,11488,11488,11488	5	26	14717,0,0,0,0,0,0	191	0
170601	501	993	703	320	315	109	64	20	4804	83	233	398	307	3	87	8135	1119	1886	0,0,0,0,0,0	36243	0	318	15344	133	0	14938,14227,14227,11641,11641,11641,11641	5	29	15032,0,0,0,0,0,0	195	0
170589	511	951	695	325	312	111	62	18	4852	86	234	391	281	4	92	7959	1105	1862	0,0,0,0,0,0	36070	0	292	15634	138	0	15209,14470,14470,11782,11782,11782,11782	5	28	15322,0,0,0,0,0,0	199	0
170655	471	947	683	316	323	109	57	18	4842	91	234	413	248	5	76	7647	1077	1829	0,0,0,0,0,0	48390	0	256	15888	141	0	15442,14671,14671,11866,11866,11866,11866	5	25	15576,0,0,0,0,0,0	201	0
170652	441	969	661	307	330	107	54	17	4878	93	237	417	307	3	81	7220	1044	1825	0,0,0,0,0,0	48056	0	276	16163	144	0	15700,14902,14902,11995,11995,11995,11995	5	25	15851,0,0,0,0,0,0	189	0
170646	448	961	652	293	330	113	54	16	4895	98	240	428	327	2	96	7153	1034	1817	0,0,0,0,0,0	35539	0	294	16457	146	0	15977,15149,15149,12135,12135,12135,12135	5	31	16145,0,0,0,0,0,0	185	0
170669	461	940	661	279	319	107	53	16	4899	100	242	424	263	5	84	7083	1012	1808	0,0,0,0,0,0	34782	0	296	16752	151	0	16249,15389,15389,12257,12257,12257,12257	5	30	16440,0,0,0,0,0,0	193	0
170735	444	928	642	274	308	102	49	18	4891	107	248	435	287	9	94	7187	998	1749	0,0,0,0,0,0	35009	0	271	17020	156	0	16497,15604,15604,12347,12347,12347,12347	5	29	16708,0,0,0,0,0,0	181	0
170774	428	913	646	255	309	104	45	17	4894	110	251	431	322	5	80	7182	962	1738	0,0,0,0,0,0	35075	0	260	17279	158	0	16738,15815,15815,12446,12446,12446,12446	5	28	16967,0,0,0,0,0,0	181	0
170815	427	898	667	265	286	106	47	15	4854	111	255	444	254	4	83	7041	936	1760	0,0,0,0,0,0	34892	0	275	17553	163	0	16993,16038,16038,12551,12551,12551,12551	5	22	17243,0,0,0,0,0,0	174	0
170891	403	880	643	279	274	105	45	15	4843	112	256	408	272	1	79	6721	903	1726	0,0,0,0,0,0	48028	0	231	17786	167	0	17205,16219,16219,12617,12617,12617,12617	5	10	17476,0,0,0,0,0,0	180	0
170975	372	880	619	278	279	104	42	16	4807	115	259	413	261	0	76	6473	881	1693	0,0,0,0,0,0	47391	0	233	18016	172	0	17415,16397,16397,12678,12678,12678,12678	4	22	17706,0,0,0,0,0,0	183	0
171059	390	848	599	275	284	110	46	16	4744	115	260	398	259	1	84	6395	890	1662	0,0,0,0,0,0	34393	0	258	18276	174	0	17650,16598,16598,12751,12751,12751,12751	4	29	17966,0,0,0,0,0,0	167	0
171092	425	819	612	266	270	116	45	16	4703	120	262	397	247	9	73	6391	882	1671	0,0,0,0,0,0	34342	0	269	18538	182	0	17890,16808,16808,12850,12850,12850,12850	4	28	18228,0,0,0,0,0,0	182	0
171164	395	828	609	267	239	111	47	14	4685	124	263	400	307	6	78	6207	878	1618	0,0,0,0,0,0	34229	0	224	18755	190	0	18086,16975,16975,12908,12908,12908,12908	4	29	18445,0,0,0,0,0,0	172	0
171247	378	809	619	244	243	104	49	12	4650	125	266	391	239	6	75	6257	858	1588	0,0,0,0,0,0	34275	0	235	18990	193	0	18300,17157,17157,12970,12970,12970,12970	4	35	18680,0,0,0,0,0,0	174	0
171306	358	801	598	248	240	98	52	11	4640	127	267	375	255	3	72	6344	838	1557	0,0,0,0,0,0	34374	0	226	19211	198	0	18501,17330,17330,13036,13036,13036,13036	4	29	18902,0,0,0,0,0,0	176	0
171418	345	788	592	242	242	91	48	13	4566	132	269	388	245	3	74	5902	824	1524	0,0,0,0,0,0	46769	0	220	19425	204	0	18693,17489,17489,13073,13073,13073,13073	4	16	19117,0,0,0,0,0,0	172	0
171546	344	729	608	216	225	91	45	14	4517	139	272	399	251	4	73	5788	782	1476	0,0,0,0,0,0	46769	0	202	19625	207	0	18871,17634,17634,13095,13095,13095,13095	4	17	19317,0,0,0,0,0,0	162	0
171610	331	729	572	206	235	86	44	16	4501	144	272	389	255	4	64	6426	759	1444	0,0,0,0,0,0	34640	0	227	19848	211	0	19072,17806,17806,13158,13158,13158,13158	4	25	19541,0,0,0,0,0,0	150	0
171685	349	728	545	207	219	87	49	14	4444	145	274	383	294	3	73	6475	796	1388	0,0,0,0,0,0	34645	0	233	20077	216	0	19276,17980,17980,13217,13217,13217,13217	4	28	19770,0,0,0,0,0,0	163	0
171763	353	696	532	214	223	94	50	11	4386	147	277	389	239	2	67	6657	796	1366	0,0,0,0,0,0	34439	0	220	20294	220	0	19474,18148,18148,13271,13271,13271,13271	4	27	19988,0,0,0,0,0,0	163	0
171844	350	669	511	209	222	93	51	11	4356	150	280	417	271	4	66	6623	756	1349	0,0,0,0,0,0	34623	0	205	20497	222	0	19657,18302,18302,13316,13316,13316,13316	4	21	20192,0,0,0,0,0,0	166	0
171965	317	692	481	208	222	81	51	11	4284	153	281	408	275	5	76	6645	758	1294	0,0,0,0,0,0	34587	0	189	20685	224	0	19820,18434,18434,13332,13332,13332,13332	4	19	20380,0,0,0,0,0,0	154	0
172070	304	689	477	198	227	76	48	12	4207	156	282	404	258	1	53	6576	706	1313	0,0,0,0,0,0	47306	0	193	20877	225	0	19990,18574,18574,13359,13359,13359,13359	4	14	20572,0,0,0,0,0,0	149	0
172167	317	647	483	201	221	73	43	15	4135	158	286	385	265	4	55	6084	708	1277	0,0,0,0,0,0	47238	0	204	21078	228	0	20171,18726,18726,13396,13396,13396,13396	4	15	20773,0,0,0,0,0,0	139	0
172248	323	645	475	216	221	64	46	14	4045	159	290	401	245	5	76	5871	751	1239	0,0,0,0,0,0	33992	0	215	21287	236	0	20361,18886,18886,13444,13444,13444,13444	4	24	20983,0,0,0,0,0,0	132	0
172312	315	644	465	211	229	65	43	12	3993	163	294	403	277	2	57	5976	775	1197	0,0,0,0,0,0	33982	0	195	21481	239	0	20534,19032,19032,13490,13490,13490,13490	4	23	21177,0,0,0,0,0,0	130	0
172401	299	616	458	215	228	61	42	11	3952	165	298	395	241	4	60	5711	760	1159	0,0,0,0,0,0	33927	0	169	21646	243	0	20681,19154,19154,13512,13512,13512,13512	4	25	21342,0,0,0,0,0,0	122	0
172522	273	607	428	199	211	62	44	11	3919	168	302	417	253	1	40	4896	708	1116	0,0,0,0,0,0	46262	0	147	21793	245	0	20807,19253,19253,13507,13507,13507,13507	4	11	21489,0,0,0,0,0,0	111	0
172650	238	576	427	203	215	64	41	11	3844	173	304	413	264	6	58	4931	690	1074	0,0,0,0,0,0	46075	0	139	21929	249	0	20922,19342,19342,13493,13493,13493,13493	3	14	21626,0,0,0,0,0,0	119	0
172759	204	563	411	203	212	61	35	11	3805	176	306	406	89	0	67	4706	695	994	0,0,0,0,0,0	46211	0	133	22061	250	0	21034,19429,19429,13487,13487,13487,13487	3	12	21758,0,0,0,0,0,0	122	0
172847	211	528	410	195	179	56	36	12	3786	176	310	431	243	5	53	4998	674	941	0,0,0,0,0,0	46188	27	148	22207	253	0	21164,19535,19535,13501,13501,13501,13501	3	13	21904,0,0,0,0,0,0	116	21
172986	215	525	370	193	160	52	30	13	3706	182	314	410	274	1	52	4943	627	918	0,0,0,0,0,0	33588	28	151	22357	255	0	21292,19634,19634,13488,13488,13488,13488	3	15	22054,0,0,0,0,0,0	97	46
173120	236	492	350	179	164	54	30	14	3608	184	315	425	105	2	46	5033	599	906	0,0,0,0,0,0	33209	33	143	22498	257	0	21408,19722,19722,13469,13469,13469,13469	3	13	22195,0,0,0,0,0,0	93	72
173261	239	471	365	176	148	49	31	12	3491	184	319	403	330	5	46	5080	596	883	0,0,0,0,0,0	33095	34	138	22630	264	0	21519,19806,19806,13446,13446,13446,13446	3	22	22327,0,0,0,0,0,0	101	102
173373	215	466	371	157	144	51	29	12	3422	186	320	431	242	2	47	4863	555	878	0,0,0,0,0,0	33445	27	127	22753	268	0	21621,19884,19884,13432,13432,13432,13432	3	17	22450,0,0,0,0,0,0	103	125
173482	223	463	365	143	134	47	29	11	3336	188	325	428	254	3	36	4764	501	903	0,0,0,0,0,0	32912	28	143	22894	272	0	21743,19981,19981,13429,13429,13429,13429	3	17	22591,0,0,0,0,0,0	94	150
173588	211	435	364	144	140	47	26	10	3262	190	329	429	95	1	32	4660	474	893	0,0,0,0,0,0	39164	31	120	23012	275	0	21844,20059,20059,13419,13419,13419,13419	3	14	22709,0,0,0,0,0,0	97	176
173671	202	426	337	141	149	46	25	11	3214	192	332	439	252	4	43	4565	486	840	0,0,0,0,0,0	39332	118	126	23138	277	0	21961,20155,20155,13427,13427,13427,13427	3	16	22835,0,0,0,0,0,0	93	277
173763	206	418	325	134	135	52	21	14	3152	194	332	442	250	2	44	4408	471	820	0,0,0,0,0,0	27807	136	129	23265	279	0	22076,20248,20248,13429,13429,13429,13429	2	14	22962,0,0,0,0,0,0	81	395
173850	196	421	330	123	134	54	21	12	3076	195	334	463	261	5	51	4235	457	822	0,0,0,0,0,0	27455	139	123	23388	281	0	22187,20338,20338,13430,13430,13430,13430	2	15	23085,0,0,0,0,0,0	88	518
173955	198	422	326	113	146	53	20	11	2970	196	336	465	273	3	39	4300	457	821	0,0,0,0,0,0	27573	136	136	23521	284	0	22310,20437,20437,13429,13429,13429,13429	2	21	23219,0,0,0,0,0,0	96	635
174037	204	420	320	117	141	55	19	10	2886	198	339	449	238	3	53	4328	482	794	0,0,0,0,0,0	27411	123	135	23652	289	0	22431,20537,20537,13438,13438,13438,13438	2	24	23350,0,0,0,0,0,0	99	731
174109	205	426	299	121	136	50	21	9	2832	199	339	439	97	2	41	4120	475	783	0,0,0,0,0,0	27177	134	125	23778	292	0	22546,20632,20632,13449,13449,13449,13449	2	15	23476,0,0,0,0,0,0	90	844
174187	204	411	301	127	147	50	19	10	2747	202	341	436	280	6	27	3885	466	793	0,0,0,0,0,0	38995	149	126	23903	293	0	22662,20728,20728,13458,13458,13458,13458	2	17	23601,0,0,0,0,0,0	93	968
174253	194	421	286	141	137	49	20	10	2689	203	343	447	249	2	38	3728	476	772	0,0,0,0,0,0	38530	140	118	24021	294	0	22801,20848,20848,13485,13485,13485,13485	2	11	23719,0,0,0,0,0,0	90	1084
174327	183	412	288	141	134	48	21	9	2632	205	346	438	298	1	36	3910	467	760	0,0,0,0,0,0	26741	146	113	24135	295	0	22942,20969,20969,13507,13507,13507,13507	2	17	23833,0,0,0,0,0,0	82	1209
174366	195	392	304	140	125	44	18	10	2593	209	350	445	235	3	47	3882	463	755	0,0,0,0,0,0	26820	155	138	24271	297	0	23107,21116,21116,13557,13557,13557,13557	2	20	23969,0,0,0,0,0,0	78	1338
174434	186	389	304	146	115	46	19	10	2536	209	352	450	267	4	36	3921	457	748	0,0,0,0,0,0	26880	173	114	24385	297	0	23246,21238,21238,13581,13581,13581,13581	2	11	24083,0,0,0,0,0,0	73	1482
174487	201	367	304	137	119	44	18	8	2497	211	353	458	250	0	36	3402	445	745	0,0,0,0,0,0	27074	168	129	24513	298	0	23392,21365,21365,13616,13616,13616,13616	2	13	24211,0,0,0,0,0,0	70	1619
174523	186	380	284	134	117	46	18	7	2483	211	357	471	228	2	44	3428	442	723	0,0,0,0,0,0	26335	144	109	24619	302	0	23526,21485,21485,13653,13653,13653,13653	2	10	24318,0,0,0,0,0,0	72	1739
174599	172	377	285	125	112	48	19	8	2431	212	358	475	330	2	34	3130	408	730	0,0,0,0,0,0	38378	149	106	24724	303	0	23661,21602,21602,13671,13671,13671,13671	2	20	24423,0,0,0,0,0,0	75	1860
174673	156	368	283	122	115	51	19	6	2380	213	360	456	323	0	26	3186	384	730	0,0,0,0,0,0	38217	69	100	24823	304	0	23787,21709,21709,13686,13686,13686,13686	2	6	24522,0,0,0,0,0,0	84	1914
174730	150	365	264	126	106	54	21	6	2346	214	364	456	255	2	40	3136	379	707	0,0,0,0,0,0	26504	72	95	24915	307	0	23911,21818,21818,13705,13705,13705,13705	2	9	24615,0,0,0,0,0,0	82	1968
174754	160	367	246	127	107	51	20	7	2322	216	369	460	260	2	46	3358	378	700	0,0,0,0,0,0	26443	86	125	25039	308	0	24065,21958,21958,13756,13756,13756,13756	2	9	24739,0,0,0,0,0,0	92	2036
174811	178	320	264	119	107	46	18	4	2288	219	372	447	262	1	32	3266	366	686	0,0,0,0,0,0	26513	70	105	25143	310	0	24208,22084,22084,13785,13785,13785,13785	2	13	24843,0,0,0,0,0,0	79	2090
174890	177	331	238	106	98	42	22	4	2246	219	373	436	257	0	33	3166	358	656	0,0,0,0,0,0	26430	61	98	25239	312	0	24335,22193,22193,13796,13796,13796,13796	2	14	24939,0,0,0,0,0,0	78	2138
174962	178	341	231	111	97	40	21	4	2161	221	379	408	265	1	27	3067	354	665	0,0,0,0,0,0	26323	69	107	25344	314	0	24468,22308,22308,13813,13813,13813,13813	2	18	25045,0,0,0,0,0,0	72	2199
175049	168	327	224	105	104	37	19	4	2103	222	384	442	212	1	26	2816	344	640	0,0,0,0,0,0	37965	70	76	25419	315	0	24574,22397,22397,13810,13810,13810,13810	2	7	25120,0,0,0,0,0,0	71	2256
175118	140	333	224	115	94	34	20	4	2055	223	386	438	260	2	30	2822	336	624	0,0,0,0,0,0	38002	206	77	25495	317	0	24661,22470,22470,13807,13807,13807,13807	1	2	25196,0,0,0,0,0,0	63	2429
175161	134	346	239	110	78	36	18	4	2006	225	389	490	288	3	34	2852	337	624	0,0,0,0,0,0	26015	188	118	25614	317	0	24791,22584,22584,13835,13835,13835,13835	1	11	25315,0,0,0,0,0,0	62	2582
175167	180	334	257	103	84	33	17	4	1950	226	391	510	260	1	22	2549	308	700	2,0,0,0,0,0	25851	194	113	25754	319	0	24947,22726,22726,13894,13894,13894,13894	1	10	25428,28,0,0,0,0,0	66	2738
175175	205	337	254	99	90	33	17	4	1911	226	395	485	254	4	27	2626	301	734	5,0,0,0,0,0	25959	194	105	25887	322	0	25095,22859,22859,13949,13949,13949,13949	1	13	25529,61,0,0,0,0,0	69	2896
175162	230	370	245	89	96	29	18	4	1876	226	401	516	247	2	37	2591	300	777	10,0,0,0,0,0	25730	200	114	26042	324	0	25263,23012,23012,14024,14024,14024,14024	1	12	25633,114,0,0,0,0,0	60	3051
175120	246	418	249	85	102	24	16	3	1848	231	404	500	152	1	27	2354	304	836	13,0,0,0,0,0	25581	214	136	26206	331	0	25443,23180,23180,14120,14120,14120,14120	1	8	25749,165,0,0,0,0,0	53	3222
175088	246	453	244	88	102	21	17	2	1847	233	405	523	262	2	26	2356	294	877	17,0,0,0,0,0	37112	204	123	26357	337	0	25610,23335,23335,14205,14205,14205,14205	1	10	25844,223,0,0,0,0,0	50	3400
175046	263	491	248	99	93	24	15	3	1820	235	409	525	312	2	27	2432	286	947	23,0,0,0,0,0	37255	170	130	26527	339	0	25862,23576,23575,14339,14339,14339,14339	1	9	25933,305,0,0,0,0,0	48	3535
175011	264	511	254	108	99	25	16	3	1806	236	413	526	268	1	41	2524	300	977	26,0,0,0,0,0	25831	167	164	26690	340	0	26107,23808,23808,14463,14463,14463,14463	1	12	26034,367,0,0,0,0,0	52	3669
