S	E	I1	I2	I3	I4	I5_h	I6_h	R_h	R	D1	D2	H	T	P1	P2	Q	QT	NQ	MUT	HOM	VAC	NI	INF	REINF	BSTR	IMM	HCI	HCE	INFV	INFH	VNI
178083	108	137	48	56	40	9	0	0	265	0	0	222	0	0	0	56	56	342	0,0,0,0,0,0	178746	0	0	398	0	0	663,663,663,663,663,663,663	0	0	0,0,0,0,0,0,0	0	0
178028	102	185	56	47	34	10	1	0	281	0	2	334	283	0	81	142	72	363	0,0,0,0,0,0	12529	0	73	471	0	0	718,718,718,718,718,718,718	0	9	73,0,0,0,0,0,0	8	0
177944	133	199	67	48	38	10	1	0	300	0	6	423	334	1	12	278	81	415	0,0,0,0,0,0	12741	0	92	564	0	0	803,803,803,803,803,803,803	0	7	166,0,0,0,0,0,0	13	0
177874	122	221	83	59	49	10	1	0	318	0	9	501	316	1	13	438	90	455	0,0,0,0,0,0	12954	0	80	645	0	0	874,874,874,874,874,874,874	0	6	247,0,0,0,0,0,0	19	0
177810	118	252	102	57	44	10	4	0	336	0	13	534	252	2	19	561	115	472	0,0,0,0,0,0	25256	0	79	724	0	0	940,940,940,940,940,940,940	0	9	326,0,0,0,0,0,0	16	0
177743	122	254	124	64	51	11	4	0	354	0	19	582	84	0	17	639	144	486	0,0,0,0,0,0	25367	0	81	805	0	0	1010,1010,1010,1010,1010,1010,1010	0	2	407,0,0,0,0,0,0	19	0
177654	137	270	127	63	62	11	5	0	394	0	23	627	254	0	25	813	172	503	0,0,0,0,0,0	13603	0	102	905	2	0	1102,1102,1102,1102,1102,1102,1102	0	5	509,0,0,0,0,0,0	19	0
177560	139	277	151	71	67	12	6	0	435	0	28	672	246	3	25	1088	204	519	0,0,0,0,0,0	13796	0	105	1010	2	0	1202,1201,1201,1200,1200,1200,1200	0	9	614,0,0,0,0,0,0	24	0
177457	160	295	155	73	64	14	7	0	484	1	36	669	297	0	23	1241	226	542	0,0,0,0,0,0	14068	0	116	1126	2	0	1312,1311,1311,1309,1309,1309,1309	0	9	730,0,0,0,0,0,0	29	0
177360	183	292	180	76	69	14	8	0	521	2	41	684	90	0	18	1528	246	576	0,0,0,0,0,0	14127	0	120	1245	3	0	1422,1421,1421,1416,1416,1416,1416	0	11	850,0,0,0,0,0,0	30	0
177284	183	307	184	77	78	11	9	0	563	2	48	708	83	0	30	1762	273	576	0,0,0,0,0,0	14728	0	103	1347	5	0	1515,1512,1512,1503,1503,1503,1503	1	8	954,0,0,0,0,0,0	34	0
177193	174	332	185	73	78	15	11	0	629	2	54	707	264	1	29	1762	288	580	0,0,0,0,0,0	26435	0	107	1455	6	0	1622,1618,1618,1603,1603,1603,1603	1	4	1063,0,0,0,0,0,0	39	0
177128	162	340	198	69	83	16	11	1	677	2	59	737	295	4	30	1906	304	575	0,0,0,0,0,0	26704	0	98	1553	6	0	1707,1701,1701,1682,1682,1682,1682	1	6	1161,0,0,0,0,0,0	49	0
177030	170	349	204	73	94	18	11	1	723	4	69	732	312	3	25	2159	311	608	0,0,0,0,0,0	15030	0	121	1674	7	0	1822,1816,1816,1792,1792,1792,1792	1	6	1283,0,0,0,0,0,0	51	0
176941	177	343	237	83	93	19	12	1	765	4	71	700	220	1	31	2501	321	643	0,0,0,0,0,0	15105	0	127	1799	9	0	1932,1924,1924,1894,1894,1894,1894	1	18	1409,0,0,0,0,0,0	59	0
176833	186	370	235	95	93	18	14	1	820	4	77	695	249	1	27	2821	326	685	0,0,0,0,0,0	15465	0	139	1938	9	0	2065,2055,2055,2017,2017,2017,2017	1	15	1548,0,0,0,0,0,0	57	0
176728	218	383	242	102	101	19	14	1	854	4	80	730	240	0	33	2985	332	747	0,0,0,0,0,0	15834	0	151	2089	13	0	2202,2188,2188,2141,2141,2141,2141	1	24	1701,0,0,0,0,0,0	62	0
176617	234	390	246	122	106	21	12	1	908	5	84	721	97	1	33	2987	323	808	0,0,0,0,0,0	15967	0	156	2246	14	0	2347,2330,2330,2272,2272,2272,2272	1	18	1859,0,0,0,0,0,0	61	0
176543	213	404	262	107	105	21	14	1	985	5	86	706	102	0	33	3027	326	800	0,0,0,0,0,0	27496	0	119	2363	16	0	2454,2434,2434,2365,2365,2365,2365	1	9	1978,0,0,0,0,0,0	67	0
176478	206	423	268	101	106	22	17	1	1026	6	92	678	326	4	41	2987	349	794	0,0,0,0,0,0	27558	0	122	2483	18	0	2566,2542,2542,2457,2457,2457,2457	1	11	2099,0,0,0,0,0,0	73	0
176388	212	449	268	109	106	28	18	1	1066	6	95	679	263	1	51	3054	374	816	0,0,0,0,0,0	16003	0	152	2633	20	0	2706,2678,2678,2577,2577,2577,2577	2	17	2250,0,0,0,0,0,0	72	0
176263	236	456	290	103	119	28	23	1	1126	6	95	692	250	2	34	3225	390	865	0,0,0,0,0,0	16099	0	178	2809	23	0	2870,2838,2838,2725,2725,2725,2725	2	25	2427,0,0,0,0,0,0	83	0
176154	263	463	278	110	134	27	20	2	1187	8	100	677	293	0	36	3199	407	888	0,0,0,0,0,0	15921	0	171	2980	25	0	3034,2997,2997,2865,2865,2865,2865	2	16	2600,0,0,0,0,0,0	75	0
176024	282	514	282	120	138	27	20	2	1225	9	103	670	238	5	45	3367	426	957	0,0,0,0,0,0	16072	0	198	3177	26	0	3220,3177,3177,3025,3025,3025,3025	2	26	2797,0,0,0,0,0,0	76	0
175886	303	546	305	129	141	29	20	2	1267	10	108	665	335	4	45	3155	460	1013	0,0,0,0,0,0	16269	0	206	3384	27	0	3419,3371,3371,3197,3197,3197,3197	2	25	3004,0,0,0,0,0,0	77	0
175786	285	558	320	121	153	30	20	4	1347	12	110	662	243	2	46	3134	476	1011	0,0,0,0,0,0	27742	0	168	3551	29	0	3576,3521,3521,3329,3329,3329,3329	2	16	3173,0,0,0,0,0,0	70	0
175688	267	570	336	136	161	32	20	3	1406	13	114	674	234	3	47	3462	500	1022	0,0,0,0,0,0	27867	0	175	3724	32	0	3739,3679,3679,3462,3462,3462,3462	2	17	3347,0,0,0,0,0,0	78	0
175567	286	577	344	152	163	33	20	3	1464	15	122	660	256	1	49	3678	508	1067	0,0,0,0,0,0	16608	0	198	3922	35	0	3929,3862,3862,3622,3622,3622,3622	2	21	3546,0,0,0,0,0,0	74	0
175446	302	590	352	162	180	34	20	4	1516	15	125	650	245	5	51	3890	521	1119	0,0,0,0,0,0	16745	0	209	4131	36	0	4126,4051,4051,3782,3782,3782,3782	2	24	3756,0,0,0,0,0,0	76	0
175313	289	626	375	163	188	36	22	2	1587	16	129	634	263	2	59	3817	525	1174	0,0,0,0,0,0	16615	0	218	4349	37	0	4336,4253,4253,3956,3956,3956,3956	3	33	3974,0,0,0,0,0,0	81	0
175151	339	650	356	167	185	35	21	3	1692	16	131	636	332	6	63	3941	521	1232	0,0,0,0,0,0	16789	0	242	4589	39	0	4564,4474,4474,4153,4153,4153,4153	3	23	4215,0,0,0,0,0,0	83	0
174983	352	705	369	152	186	36	22	3	1786	16	136	642	93	2	59	4199	567	1255	0,0,0,0,0,0	16923	0	258	4847	40	0	4816,4717,4717,4366,4366,4366,4366	3	20	4473,0,0,0,0,0,0	81	0
174915	339	668	396	164	206	40	23	3	1836	18	138	654	269	2	52	4159	612	1224	0,0,0,0,0,0	28675	0	182	5031	41	0	4987,4878,4878,4489,4489,4489,4489	3	10	4657,0,0,0,0,0,0	87	0
174802	344	652	420	182	207	40	23	5	1910	19	142	627	310	6	73	4412	649	1219	0,0,0,0,0,0	28762	0	210	5243	41	0	5190,5072,5072,4649,4649,4649,4649	3	14	4869,0,0,0,0,0,0	95	0
174664	343	704	418	191	197	43	29	5	1983	19	150	620	251	1	56	4513	642	1283	0,0,0,0,0,0	17567	0	251	5494	42	0	5434,5305,5305,4843,4843,4843,4843	3	23	5120,0,0,0,0,0,0	91	0
174501	366	737	427	187	194	49	27	6	2076	23	153	629	308	3	53	4278	617	1370	0,0,0,0,0,0	17382	0	274	5768	44	0	5695,5556,5556,5058,5058,5058,5058	3	29	5394,0,0,0,0,0,0	101	0
174374	358	767	463	190	210	47	26	7	2126	24	154	659	275	3	63	4555	651	1410	0,0,0,0,0,0	16955	0	258	6026	45	0	5938,5787,5787,5246,5246,5246,5246	3	21	5652,0,0,0,0,0,0	108	0
174228	373	797	473	218	202	51	26	9	2184	27	158	631	249	4	64	4466	669	1471	0,0,0,0,0,0	17453	0	272	6298	46	0	6202,6039,6039,5453,5453,5453,5453	3	28	5924,0,0,0,0,0,0	116	0
174037	426	828	477	230	208	52	23	9	2265	30	161	618	274	3	81	4777	713	1531	0,0,0,0,0,0	17337	0	317	6613	50	0	6510,6335,6335,5705,5705,5705,5705	3	29	6240,0,0,0,0,0,0	111	0
173939	407	832	504	234	221	54	23	10	2328	30	164	601	270	1	59	4769	708	1567	0,0,0,0,0,0	29405	0	240	6853	50	0	6738,6549,6549,5870,5870,5870,5870	3	13	6480,0,0,0,0,0,0	107	0
173809	418	841	515	227	220	60	21	8	2431	31	165	590	230	2	72	4681	696	1606	0,0,0,0,0,0	29170	0	272	7125	51	0	6997,6795,6795,6067,6067,6067,6067	3	18	6752,0,0,0,0,0,0	110	0
173628	449	870	551	236	223	64	25	7	2497	31	165	572	253	0	71	4942	716	1702	0,0,0,0,0,0	17636	0	324	7450	53	0	7310,7093,7093,6316,6316,6316,6316	3	29	7077,0,0,0,0,0,0	117	0
173415	479	915	552	237	249	64	27	7	2602	32	167	561	333	6	70	5162	774	1749	0,0,0,0,0,0	18109	0	349	7797	56	0	7641,7412,7412,6588,6588,6588,6588	3	34	7426,0,0,0,0,0,0	115	0
173232	501	958	561	228	264	61	30	6	2698	34	173	572	270	5	95	5365	820	1783	0,0,0,0,0,0	18080	0	336	8130	62	0	7962,7718,7718,6841,6841,6841,6841	4	29	7760,0,0,0,0,0,0	121	0
173067	493	1001	574	248	272	66	28	5	2774	38	180	520	237	3	86	5852	876	1806	0,0,0,0,0,0	18512	0	314	8442	66	0	8269,8010,8010,7078,7078,7078,7078	4	24	8072,0,0,0,0,0,0	129	0
172889	493	1023	585	272	293	63	27	5	2870	41	185	524	321	4	92	6449	898	1858	0,0,0,0,0,0	18901	0	337	8779	67	0	8598,8323,8323,7333,7333,7333,7333	4	32	8409,0,0,0,0,0,0	128	0
172740	494	1003	623	292	304	70	29	4	2958	43	186	524	323	3	84	6427	899	1916	0,0,0,0,0,0	30385	0	311	9092	69	0	8901,8610,8610,7560,7560,7560,7560	4	22	8722,0,0,0,0,0,0	130	0
172586	504	1015	640	309	299	63	29	4	3062	45	190	535	298	4	89	6473	926	1933	0,0,0,0,0,0	30665	0	336	9428	70	0	9229,8919,8919,7802,7802,7802,7802	4	20	9058,0,0,0,0,0,0	143	0
172351	547	1068	650	315	304	67	35	4	3168	45	192	535	319	3	96	6551	977	2009	0,0,0,0,0,0	19770	0	419	9851	72	0	9640,9312,9312,8127,8127,8127,8127	4	36	9481,0,0,0,0,0,0	136	0
172123	576	1108	656	303	323	74	38	5	3297	46	197	505	279	4	113	7290	1031	2047	0,0,0,0,0,0	19643	0	406	10259	73	0	10038,9691,9691,8440,8440,8440,8440	4	41	9889,0,0,0,0,0,0	152	0
171899	614	1119	695	319	329	84	42	5	3390	50	200	506	287	4	84	7696	1059	2143	0,0,0,0,0,0	35460	0	414	10671	78	0	10439,10074,10074,8752,8752,8752,8752	4	49	10302,0,0,0,0,0,0	154	0
171718	599	1169	727	317	332	84	43	8	3496	52	201	464	321	3	128	7547	1130	2141	0,0,0,0,0,0	35641	0	379	11050	80	0	10805,10420,10420,9027,9027,9027,9027	5	43	10681,0,0,0,0,0,0	166	0
171566	582	1200	747	316	334	82	40	9	3613	54	203	481	276	4	96	8095	1140	2161	0,0,0,0,0,0	35899	0	365	11415	81	0	11158,10751,10751,9279,9279,9279,9279	5	31	11046,0,0,0,0,0,0	168	0
171400	562	1208	782	323	345	89	41	9	3727	55	205	461	278	3	83	7605	1141	2209	0,0,0,0,0,0	48876	0	345	11765	82	0	11498,11073,11073,9533,9533,9533,9533	5	30	11396,0,0,0,0,0,0	168	0
171315	529	1186	783	342	347	90	43	9	3835	57	210	453	248	4	87	7716	1137	2183	0,0,0,0,0,0	48602	0	319	12084	85	0	11806,11357,11357,9731,9731,9731,9731	5	25	11715,0,0,0,0,0,0	172	0
171193	548	1161	775	350	357	92	47	10	3940	59	214	447	253	5	118	7825	1184	2146	0,0,0,0,0,0	35852	0	360	12443	87	0	12153,11680,11680,9966,9966,9966,9966	5	39	12074,0,0,0,0,0,0	169	0
171098	550	1126	776	347	372	94	47	9	4049	61	217	452	273	5	112	8451	1235	2077	0,0,0,0,0,0	35999	0	337	12785	88	0	12479,11981,11981,10176,10176,10176,10176	5	36	12416,0,0,0,0,0,0	172	0
170971	557	1136	772	331	359	96	45	8	4180	68	223	463	305	2	120	8751	1223	2073	0,0,0,0,0,0	36493	0	351	13134	92	0	12819,12298,12298,10409,10409,10409,10409	5	40	12766,0,0,0,0,0,0	168	0
170871	529	1140	775	353	373	98	50	9	4256	68	224	450	281	6	92	8299	1209	2109	0,0,0,0,0,0	36468	0	360	13492	98	0	13160,12613,12613,10629,10629,10629,10629	5	38	13125,0,0,0,0,0,0	183	0
170817	529	1135	771	334	374	108	51	11	4318	72	226	426	251	7	110	8410	1211	2091	0,0,0,0,0,0	36083	0	328	13818	101	0	13470,12896,12896,10811,10811,10811,10811	5	40	13451,0,0,0,0,0,0	181	0
170795	518	1097	788	328	362	113	51	12	4381	73	228	391	266	5	92	8458	1231	2026	0,0,0,0,0,0	49101	0	284	14103	103	0	13739,13139,13139,10957,10957,10957,10957	5	22	13736,0,0,0,0,0,0	194	0
170779	480	1065	783	331	349	108	56	13	4477	74	231	381	294	5	107	7795	1187	1985	0,0,0,0,0,0	48592	0	286	14388	104	0	14009,13382,13382,11101,11101,11101,11101	5	19	14021,0,0,0,0,0,0	194	0
170774	469	1045	792	334	318	111	55	15	4519	81	233	396	265	7	95	7877	1168	1956	0,0,0,0,0,0	36032	0	307	14696	107	0	14299,13641,13641,11248,11248,11248,11248	5	33	14329,0,0,0,0,0,0	191	0
170699	482	1061	736	334	305	107	53	13	4633	87	236	399	250	8	92	7738	1155	1923	0,0,0,0,0,0	35570	0	334	15027	111	0	14612,13928,13928,11440,11440,11440,11440	5	36	14660,0,0,0,0,0,0	192	0
170656	495	1060	720	319	317	111	52	14	4677	88	237	395	239	3	81	7906	1133	1941	0,0,0,0,0,0	35509	0	334	15358	116	0	14925,14212,14212,11617,11617,11617,11617	5	40	14992,0,0,0,0,0,0	192	0
170628	473	1014	732	322	327	117	58	14	4732	90	239	396	254	2	83	7271	1071	1972	0,0,0,0,0,0	35449	0	296	15654	117	0	15204,14464,14464,11769,11769,11769,11769	5	32	15288,0,0,0,0,0,0	205	0
170604	473	1020	734	322	325	120	62	14	4741	91	240	369	237	6	121	6995	1102	1954	0,0,0,0,0,0	35197	0	325	15976	123	0	15507,14737,14737,11931,11931,11931,11931	5	35	15611,0,0,0,0,0,0	221	0
170638	485	958	729	319	328	122	60	16	4758	93	240	379	240	3	109	6929	1140	1861	0,0,0,0,0,0	47559	0	278	16245	133	0	15756,14955,14955,12038,12038,12038,12038	5	27	15881,0,0,0,0,0,0	216	0
170674	469	918	704	326	315	127	65	17	4793	95	243	381	246	7	75	7051	1078	1846	0,0,0,0,0,0	47394	0	264	16509	135	0	16002,15172,15172,12143,12143,12143,12143	5	24	16145,0,0,0,0,0,0	217	0
170633	459	936	685	305	312	125	60	19	4867	100	245	384	281	9	108	6915	1045	1837	0,0,0,0,0,0	35074	0	301	16808	139	0	16284,15427,15427,12302,12302,12302,12302	5	40	16445,0,0,0,0,0,0	215	0
170659	444	948	649	296	304	117	60	16	4900	104	249	397	253	6	89	7413	1060	1758	0,0,0,0,0,0	35069	0	276	17080	144	0	16537,15650,15650,12412,12412,12412,12412	5	30	16717,0,0,0,0,0,0	208	0
170708	442	889	640	313	300	112	61	15	4907	106	253	399	252	2	91	7270	1060	1697	0,0,0,0,0,0	35396	0	267	17344	147	0	16781,15862,15862,12508,12508,12508,12508	5	26	16981,0,0,0,0,0,0	205	0
170739	432	915	639	311	281	112	59	14	4879	110	255	406	247	2	88	7584	1051	1698	0,0,0,0,0,0	35245	0	283	17622	155	0	17040,16090,16090,12618,12618,12618,12618	5	29	17261,0,0,0,0,0,0	200	0
170779	423	869	629	306	294	113	55	12	4889	119	258	411	294	3	71	7549	1012	1677	0,0,0,0,0,0	35513	0	245	17867	156	0	17267,16288,16288,12709,12709,12709,12709	5	24	17506,0,0,0,0,0,0	191	0
170890	390	864	610	277	294	111	60	11	4854	123	262	389	250	3	91	7439	996	1610	0,0,0,0,0,0	48282	0	220	18086	159	0	17465,16453,16453,12752,12752,12752,12752	5	23	17725,0,0,0,0,0,0	198	0
170951	381	831	577	267	283	119	61	9	4875	129	263	414	227	6	70	7521	925	1594	0,0,0,0,0,0	48199	0	221	18302	164	0	17662,16622,16622,12817,12817,12817,12817	5	22	17941,0,0,0,0,0,0	205	0
171000	401	808	588	259	282	112	62	10	4828	131	265	397	262	5	88	7014	905	1607	0,0,0,0,0,0	35375	0	261	18564	167	0	17902,16831,16831,12909,12909,12909,12909	4	26	18203,0,0,0,0,0,0	210	0
171090	382	834	562	259	267	109	64	8	4771	133	267	382	255	5	83	6597	865	1612	0,0,0,0,0,0	34384	0	235	18794	173	0	18108,17005,17005,12963,12963,12963,12963	4	24	18433,0,0,0,0,0,0	202	0
171187	385	815	531	270	259	109	63	9	4713	136	269	386	327	5	89	6970	882	1550	0,0,0,0,0,0	34817	0	239	19037	173	0	18327,17190,17190,13020,13020,13020,13020	4	30	18676,0,0,0,0,0,0	211	0
171271	391	767	535	264	255	111	60	10	4672	139	271	402	258	1	72	6700	848	1535	0,0,0,0,0,0	34597	0	232	19263	180	0	18532,17363,17363,13076,13076,13076,13076	4	38	18902,0,0,0,0,0,0	206	0
171346	378	778	515	257	252	105	55	9	4631	147	273	392	240	1	80	6362	852	1488	0,0,0,0,0,0	34187	0	234	19491	186	0	18737,17538,17538,13137,13137,13137,13137	4	35	19130,0,0,0,0,0,0	198	0
171478	350	767	520	251	246	102	51	6	4543	155	277	402	272	6	65	5979	818	1469	0,0,0,0,0,0	47220	0	207	19699	187	0	18925,17691,17691,13162,13162,13162,13162	4	19	19338,0,0,0,0,0,0	185	0
171545	337	769	506	253	263	103	49	7	4478	158	278	415	256	2	59	5972	824	1456	0,0,0,0,0,0	46958	0	214	19913	187	0	19118,17857,17857,13221,13221,13221,13221	4	20	19552,0,0,0,0,0,0	192	0
171552	356	759	494	240	256	104	48	10	4482	163	282	403	287	5	80	5921	815	1442	0,0,0,0,0,0	33921	0	243	20152	192	0	19340,18054,18054,13323,13323,13323,13323	4	31	19791,0,0,0,0,0,0	183	0
171640	333	776	493	228	251	112	47	8	4406	167	285	412	267	2	79	5870	820	1420	0,0,0,0,0,0	33660	0	230	20379	196	0	19544,18225,18225,13375,13375,13375,13375	4	36	20019,0,0,0,0,0,0	180	0
171698	345	733	511	239	247	112	46	9	4346	172	288	405	254	5	81	6013	832	1401	0,0,0,0,0,0	33789	0	223	20600	199	0	19744,18398,18398,13440,13440,13440,13440	5	26	20241,0,0,0,0,0,0	181	0
171750	354	744	524	241	237	106	45	9	4270	175	291	407	242	4	72	6281	849	1402	0,0,0,0,0,0	34209	0	245	20844	201	0	19968,18591,18591,13520,13520,13520,13520	5	32	20485,0,0,0,0,0,0	179	0
171761	372	743	528	235	242	103	46	6	4240	177	293	397	270	0	69	5916	847	1422	0,0,0,0,0,0	34274	0	254	21093	206	0	20197,18794,18794,13622,13622,13622,13622	5	23	20734,0,0,0,0,0,0	167	0
171857	364	720	503	240	238	95	47	4	4204	179	295	397	258	5	64	5867	824	1383	0,0,0,0,0,0	46858	0	190	21281	211	0	20364,18933,18933,13653,13653,13653,13653	4	16	20923,0,0,0,0,0,0	163	0
171967	314	714	498	225	246	98	48	4	4155	180	297	402	308	3	57	5800	805	1338	0,0,0,0,0,0	46794	0	173	21450	215	0	20512,19053,19053,13666,13666,13666,13666	4	12	21092,0,0,0,0,0,0	162	0
172038	288	726	488	223	230	96	43	6	4123	186	299	413	247	1	81	5469	809	1285	0,0,0,0,0,0	34131	0	209	21659	216	0	20699,19211,19211,13717,13717,13717,13717	4	29	21301,0,0,0,0,0,0	154	0
172074	301	689	505	226	213	99	40	9	4098	189	303	397	240	4	53	5331	770	1303	0,0,0,0,0,0	33421	0	210	21865	221	0	20885,19373,19373,13784,13784,13784,13784	4	20	21507,0,0,0,0,0,0	152	0
172177	286	674	471	234	227	100	39	10	4028	193	307	411	248	3	65	5443	758	1273	0,0,0,0,0,0	33287	0	187	22049	225	0	21049,19508,19508,13807,13807,13807,13807	4	25	21691,0,0,0,0,0,0	152	0
172265	278	663	468	238	207	95	37	10	3975	199	311	425	257	3	57	5182	731	1255	0,0,0,0,0,0	46330	0	190	22238	227	0	21218,19649,19649,13840,13840,13840,13840	4	14	21880,0,0,0,0,0,0	156	0
172381	277	606	482	220	212	93	36	12	3915	200	312	403	303	1	59	4985	706	1220	0,0,0,0,0,0	46103	0	174	22407	232	0	21364,19766,19766,13847,13847,13847,13847	4	7	22049,0,0,0,0,0,0	159	0
172493	283	583	469	207	185	93	39	12	3866	202	314	430	309	5	60	4699	672	1187	0,0,0,0,0,0	46412	0	174	22579	234	0	21515,19889,19889,13860,13860,13860,13860	3	15	22222,0,0,0,0,0,0	154	0
172607	252	559	480	197	178	99	35	11	3805	205	318	408	255	0	47	5088	665	1135	0,0,0,0,0,0	46322	29	134	22715	235	0	21633,19981,19981,13856,13856,13856,13856	3	12	22359,0,0,0,0,0,0	163	24
172694	246	561	489	187	166	91	36	9	3741	205	321	405	302	2	58	4864	673	1103	0,0,0,0,0,0	33130	30	176	22890	239	0	21787,20108,20108,13880,13880,13880,13880	3	22	22535,0,0,0,0,0,0	156	50
172781	255	545	473	171	165	88	40	9	3691	205	323	417	242	4	52	4682	637	1100	0,0,0,0,0,0	32769	24	169	23054	247	0	21929,20225,20225,13898,13898,13898,13898	3	19	22700,0,0,0,0,0,0	164	69
172898	258	507	448	188	157	83	35	10	3629	209	324	403	310	1	47	4686	612	1064	0,0,0,0,0,0	32747	28	144	23196	250	0	22049,20319,20319,13890,13890,13890,13890	3	15	22843,0,0,0,0,0,0	154	96
172962	265	492	438	177	157	79	34	11	3592	212	327	414	87	4	41	4411	580	1062	0,0,0,0,0,0	32623	24	150	23342	254	0	22177,20426,20426,13913,13913,13913,13913	3	16	22989,0,0,0,0,0,0	143	119
173043	252	526	395	170	162	74	26	11	3537	220	330	410	250	4	51	4729	589	1016	0,0,0,0,0,0	32473	17	149	23488	257	0	22304,20530,20530,13926,13926,13926,13926	3	23	23136,0,0,0,0,0,0	128	133
173135	226	516	407	158	170	71	27	9	3475	221	331	424	269	3	47	4637	578	997	0,0,0,0,0,0	39240	25	138	23624	259	0	22421,20624,20624,13931,13931,13931,13931	3	15	23272,0,0,0,0,0,0	123	154
173266	207	488	400	168	170	69	28	8	3386	222	334	410	257	1	42	4614	556	974	0,0,0,0,0,0	39161	150	132	23755	262	0	22541,20718,20718,13918,13918,13918,13918	3	9	23403,0,0,0,0,0,0	114	279
173371	193	481	363	160	148	64	25	9	3374	223	335	427	309	2	61	4476	535	899	0,0,0,0,0,0	27444	115	131	23883	266	0	22658,20811,20811,13913,13913,13913,13913	3	9	23531,0,0,0,0,0,0	105	379
173465	211	467	334	158	133	63	24	9	3319	227	336	433	254	1	50	4489	532	858	0,0,0,0,0,0	27686	144	152	24030	272	0	22788,20917,20917,13920,13920,13920,13920	2	17	23679,0,0,0,0,0,0	94	488
173557	224	424	335	164	141	55	23	8	3247	229	339	444	283	1	33	4318	506	860	0,0,0,0,0,0	27431	126	127	24156	273	0	22905,21012,21012,13922,13922,13922,13922	2	16	23806,0,0,0,0,0,0	86	585
173629	230	426	351	154	131	52	23	7	3173	229	341	435	251	1	45	4212	503	864	0,0,0,0,0,0	26869	141	150	24303	276	0	23041,21125,21125,13943,13943,13943,13943	2	10	23954,0,0,0,0,0,0	88	698
173685	221	436	343	146	120	57	26	6	3134	231	341	433	223	2	39	4163	484	865	0,0,0,0,0,0	27087	113	133	24435	277	0	23158,21224,21224,13963,13963,13963,13963	2	10	24086,0,0,0,0,0,0	83	794
173795	201	443	318	136	108	55	25	8	3083	232	342	443	262	3	34	4238	447	839	0,0,0,0,0,0	39178	131	108	24542	279	0	23253,21297,21297,13946,13946,13946,13946	2	9	24193,0,0,0,0,0,0	92	898
173900	185	450	309	139	118	51	20	9	2986	235	344	432	259	1	36	4291	444	828	0,0,0,0,0,0	38839	169	123	24664	280	0	23400,21422,21422,13958,13958,13958,13958	2	7	24315,0,0,0,0,0,0	86	1043
173946	198	442	299	137	109	48	20	8	2956	237	346	436	257	1	39	4477	433	820	0,0,0,0,0,0	27593	149	144	24804	285	0	23560,21562,21562,14003,14003,14003,14003	2	13	24456,0,0,0,0,0,0	80	1161
174020	214	445	282	125	123	50	20	6	2875	239	347	453	100	0	34	4420	421	838	0,0,0,0,0,0	27573	164	139	24943	286	0	23718,21699,21699,14033,14033,14033,14033	2	16	24596,0,0,0,0,0,0	76	1293
174075	233	413	306	131	117	51	23	5	2805	239	348	468	104	0	34	4331	425	849	0,0,0,0,0,0	27347	142	128	25067	291	0	23859,21822,21822,14063,14063,14063,14063	2	17	24720,0,0,0,0,0,0	76	1410
174159	222	419	294	127	117	43	22	5	2749	240	349	480	254	0	40	3731	413	831	0,0,0,0,0,0	27361	143	122	25189	291	0	24002,21945,21945,14081,14081,14081,14081	2	11	24842,0,0,0,0,0,0	80	1526
174244	194	431	306	120	106	41	22	5	2680	243	354	499	243	1	40	3597	413	807	0,0,0,0,0,0	26886	153	122	25310	293	0	24141,22062,22062,14096,14096,14096,14096	1	11	24963,0,0,0,0,0,0	72	1642
174349	179	412	290	116	108	39	24	6	2620	245	358	499	274	2	29	3616	384	784	0,0,0,0,0,0	38451	178	103	25413	293	0	24265,22166,22166,14096,14096,14096,14096	1	7	25066,0,0,0,0,0,0	82	1779
174417	168	394	277	128	117	39	23	6	2573	245	359	503	105	0	35	3730	378	768	0,0,0,0,0,0	38599	69	107	25519	294	0	24408,22291,22291,14121,14121,14121,14121	1	12	25172,0,0,0,0,0,0	82	1832
174493	170	386	285	116	122	39	23	6	2498	246	362	513	254	1	44	3466	375	766	0,0,0,0,0,0	27002	67	116	25632	298	0	24547,22411,22411,14140,14140,14140,14140	1	11	25285,0,0,0,0,0,0	73	1881
174550	166	364	282	118	134	39	22	6	2454	247	364	502	252	3	36	3588	380	745	0,0,0,0,0,0	26700	61	105	25737	300	0	24682,22529,22529,14164,14164,14164,14164	1	7	25391,0,0,0,0,0,0	74	1929
174601	178	364	287	116	128	36	23	6	2388	248	371	491	268	3	57	3645	402	730	0,0,0,0,0,0	26838	78	126	25861	303	0	24837,22666,22666,14202,14202,14202,14202	1	15	25515,0,0,0,0,0,0	76	1990
174657	178	387	279	114	125	35	20	7	2321	250	373	485	248	0	47	3461	426	712	0,0,0,0,0,0	26674	66	124	25985	304	0	24984,22795,22795,14234,14234,14234,14234	1	14	25639,0,0,0,0,0,0	80	2043
174702	174	388	291	116	118	35	18	7	2269	253	375	491	224	2	36	3480	419	721	0,0,0,0,0,0	26513	53	117	26099	307	0	25124,22919,22919,14267,14267,14267,14267	1	7	25753,0,0,0,0,0,0	67	2086
174754	193	359	285	127	110	35	20	8	2225	253	377	500	248	1	23	3415	401	728	0,0,0,0,0,0	38397	70	112	26210	309	0	25271,23049,23049,14303,14303,14303,14303	1	6	25864,0,0,0,0,0,0	71	2145
174795	179	368	275	113	112	31	19	7	2213	254	380	479	106	3	46	3277	416	681	0,0,0,0,0,0	38573	217	95	26306	310	0	25380,23145,23145,14323,14323,14323,14323	1	8	25960,0,0,0,0,0,0	79	2312
174841	181	384	264	104	112	33	19	6	2164	256	382	481	233	1	32	3358	410	687	0,0,0,0,0,0	26409	187	122	26426	312	0	25509,23257,23257,14350,14350,14350,14350	1	12	26080,0,0,0,0,0,0	73	2463
174858	189	388	262	105	120	34	19	3	2126	258	384	462	278	2	33	3111	412	705	2,0,0,0,0,0	26419	222	103	26557	313	0	25643,23377,23377,14393,14393,14393,14393	1	9	26183,28,0,0,0,0,0	73	2648
174888	190	415	257	104	111	34	18	3	2079	260	387	437	296	4	46	3258	434	695	6,0,0,0,0,0	26035	191	98	26689	318	0	25788,23505,23505,14434,14434,14434,14434	1	9	26272,73,0,0,0,0,0	66	2794
174839	218	429	270	118	102	34	19	2	2061	263	391	456	235	1	27	3193	419	771	10,0,0,0,0,0	26540	206	145	26863	325	0	25974,23678,23678,14536,14536,14536,14536	1	10	26390,130,0,0,0,0,0	70	2952
174791	229	469	279	114	107	31	20	2	2044	264	396	457	253	1	33	3183	418	831	15,0,0,0,0,0	26235	223	148	27039	329	0	26155,23846,23846,14635,14635,14635,14635	1	9	26502,196,0,0,0,0,0	68	3126
174751	244	485	314	119	113	34	21	2	2001	265	397	479	273	1	30	2847	426	904	19,0,0,0,0,0	37584	199	144	27214	334	0	26342,24020,24020,14735,14735,14735,14735	1	9	26604,270,0,0,0,0,0	73	3292
174711	249	516	307	122	118	34	20	3	1998	266	402	502	148	1	30	2553	411	955	24,0,0,0,0,0	37588	157	144	27386	338	0	26608,24273,24273,14875,14875,14875,14875	1	9	26693,353,0,0,0,0,0	66	3415
174665	272	515	312	130	127	34	16	3	1996	271	405	503	321	0	44	3257	429	977	28,0,0,0,0,0	26312	148	173	27560	341	0	26856,24509,24509,15006,15006,15006,15006	1	14	26790,432,0,0,0,0,0	64	3532
