S	E	I1	I2	I3	I4	I5_h	I6_h	R_h	R	D1	D2	H	T	P1	P2	Q	QT	NQ	MUT	HOM	VAC	NI	INF	REINF	BSTR	IMM	HCI	HCE	INFV	INFH	VNI
178089	97	121	53	43	48	10	1	0	282	2	0	234	0	0	0	59	59	314	0,0,0,0,0,0	178744	0	0	373	0	0	657,657,657,657,657,657,657	0	0	0,0,0,0,0,0,0	0	0
178034	84	170	51	41	45	11	1	0	305	2	2	325	297	0	78	124	61	342	0,0,0,0,0,0	12510	0	69	443	0	0	712,712,712,712,712,712,712	0	5	70,0,0,0,0,0,0	12	0
177993	76	184	66	48	40	11	2	0	322	2	2	383	237	0	12	366	64	363	0,0,0,0,0,0	12794	0	58	501	0	0	754,754,754,754,754,754,754	0	3	128,0,0,0,0,0,0	14	0
177938	82	182	75	56	49	12	2	0	345	2	3	477	330	0	14	555	73	385	0,0,0,0,0,0	13039	0	67	568	0	0	811,811,811,811,811,811,811	0	5	195,0,0,0,0,0,0	14	0
177867	104	209	77	53	48	15	2	0	362	3	6	530	333	1	26	641	109	399	0,0,0,0,0,0	25182	0	88	656	0	0	885,885,885,885,885,885,885	0	6	283,0,0,0,0,0,0	15	0
177815	118	207	86	61	54	16	3	0	374	3	9	587	303	1	13	820	133	412	0,0,0,0,0,0	25617	0	71	728	0	0	941,941,941,941,941,941,941	0	8	355,0,0,0,0,0,0	17	0
177761	108	231	93	58	49	17	6	0	408	3	12	609	303	1	23	1112	158	404	0,0,0,0,0,0	13626	0	70	799	0	0	1001,1001,1001,1000,1000,1000,1000	0	4	426,0,0,0,0,0,0	20	0
177691	108	252	103	56	65	14	8	0	432	3	14	626	246	1	31	1275	202	404	0,0,0,0,0,0	14063	0	91	890	0	0	1076,1076,1076,1074,1074,1074,1074	0	3	517,0,0,0,0,0,0	25	0
177623	121	231	128	62	71	13	10	0	465	3	19	650	91	1	18	1449	221	415	0,0,0,0,0,0	14274	0	88	977	1	0	1152,1151,1151,1148,1148,1148,1148	0	6	605,0,0,0,0,0,0	27	0
177565	133	223	131	67	75	15	10	0	501	4	22	642	106	1	15	1801	236	418	0,0,0,0,0,0	14407	0	82	1060	1	0	1222,1221,1221,1216,1216,1216,1216	0	10	688,0,0,0,0,0,0	28	0
177497	138	249	124	74	71	15	10	0	535	4	29	650	104	1	25	2101	253	428	0,0,0,0,0,0	14860	0	92	1151	2	0	1302,1300,1300,1293,1293,1293,1293	0	10	780,0,0,0,0,0,0	32	0
177446	131	260	135	82	74	15	11	0	556	4	32	657	252	0	14	2056	254	454	0,0,0,0,0,0	26728	0	80	1228	6	0	1365,1362,1362,1352,1352,1352,1352	0	7	861,0,0,0,0,0,0	36	0
177390	135	258	132	88	76	17	10	0	600	5	35	636	246	3	17	1908	247	469	0,0,0,0,0,0	26952	0	86	1309	11	0	1437,1433,1433,1419,1419,1419,1419	1	10	947,0,0,0,0,0,0	34	0
177339	149	247	141	85	72	22	10	0	640	6	35	661	253	1	17	1973	244	482	0,0,0,0,0,0	14793	0	89	1395	14	0	1506,1501,1501,1482,1482,1482,1482	1	4	1036,0,0,0,0,0,0	29	0
177296	145	245	151	88	74	20	11	1	670	7	38	689	83	1	37	2015	272	462	0,0,0,0,0,0	15024	0	80	1474	15	0	1569,1562,1562,1538,1538,1538,1538	1	6	1116,0,0,0,0,0,0	38	0
177239	147	249	149	92	66	21	11	1	719	8	44	682	286	2	32	2262	275	460	0,0,0,0,0,0	15285	0	82	1554	17	0	1645,1636,1636,1607,1607,1607,1607	1	8	1198,0,0,0,0,0,0	41	0
177177	150	261	159	91	65	24	12	2	744	8	53	692	97	1	17	2165	283	479	0,0,0,0,0,0	15167	0	91	1645	17	0	1729,1719,1719,1683,1683,1683,1683	1	9	1289,0,0,0,0,0,0	41	0
177094	149	298	157	92	64	22	9	2	789	11	59	700	97	0	26	2098	290	501	0,0,0,0,0,0	15085	0	109	1756	17	0	1838,1826,1826,1781,1781,1781,1781	1	12	1400,0,0,0,0,0,0	47	0
177044	150	278	173	93	71	22	12	2	830	11	60	711	91	0	12	2119	273	526	0,0,0,0,0,0	26794	0	82	1837	18	0	1913,1898,1898,1845,1845,1845,1845	1	4	1482,0,0,0,0,0,0	48	0
177005	141	290	188	82	68	22	12	3	858	11	66	731	113	1	25	1923	265	538	0,0,0,0,0,0	26898	0	77	1914	18	0	1982,1965,1965,1902,1902,1902,1902	1	3	1559,0,0,0,0,0,0	50	0
176948	163	296	185	79	68	20	9	6	892	12	68	730	118	1	25	1924	267	553	0,0,0,0,0,0	14944	0	112	2023	21	0	2077,2057,2057,1982,1982,1982,1982	1	6	1669,0,0,0,0,0,0	47	0
176894	166	303	184	85	76	18	10	8	919	12	71	700	261	1	31	2279	276	566	0,0,0,0,0,0	15038	0	99	2122	22	0	2161,2137,2137,2054,2054,2054,2054	1	10	1769,0,0,0,0,0,0	48	0
176831	156	324	196	90	74	15	11	8	952	12	77	695	250	0	37	2524	301	565	0,0,0,0,0,0	15399	0	102	2224	22	0	2260,2233,2233,2137,2137,2137,2137	1	15	1871,0,0,0,0,0,0	45	0
176768	149	333	203	96	79	17	11	7	991	12	80	723	313	2	19	2589	290	598	0,0,0,0,0,0	15497	0	106	2332	22	0	2359,2329,2329,2221,2221,2221,2221	1	5	1979,0,0,0,0,0,0	45	0
176695	161	327	205	110	91	17	10	8	1024	12	86	710	88	0	26	2471	276	645	0,0,0,0,0,0	15556	0	126	2458	23	0	2477,2442,2442,2320,2320,2320,2320	1	9	2106,0,0,0,0,0,0	46	0
176658	167	337	199	109	97	18	10	9	1042	12	88	691	216	1	34	2423	291	646	0,0,0,0,0,0	27041	0	112	2568	25	0	2572,2532,2532,2389,2389,2389,2389	1	12	2217,0,0,0,0,0,0	46	0
176609	163	352	209	100	93	21	9	9	1074	12	95	657	259	1	46	2644	318	629	0,0,0,0,0,0	27113	0	101	2671	25	0	2673,2627,2627,2466,2466,2466,2466	1	10	2320,0,0,0,0,0,0	44	0
176518	181	375	225	93	94	26	11	8	1102	13	100	650	250	0	39	2838	336	669	0,0,0,0,0,0	15727	0	150	2820	27	0	2817,2766,2766,2585,2585,2585,2585	1	13	2470,0,0,0,0,0,0	44	0
176454	183	377	245	107	88	32	11	8	1125	13	103	630	237	3	39	3158	360	683	0,0,0,0,0,0	15952	0	137	2957	28	0	2945,2888,2888,2683,2683,2683,2683	1	15	2608,0,0,0,0,0,0	52	0
176377	193	402	243	103	93	28	11	7	1170	14	105	630	110	2	30	3232	361	712	0,0,0,0,0,0	16002	0	142	3100	28	0	3078,3015,3015,2790,2790,2790,2790	1	9	2751,0,0,0,0,0,0	60	0
176281	216	420	248	104	97	27	13	6	1212	14	108	622	257	2	25	2807	362	763	0,0,0,0,0,0	16039	0	156	3258	28	0	3229,3160,3160,2915,2915,2915,2915	1	18	2909,0,0,0,0,0,0	63	0
176190	230	414	260	115	99	26	15	6	1265	14	112	613	321	3	34	2735	358	801	0,0,0,0,0,0	15671	0	151	3409	29	0	3374,3300,3300,3036,3036,3036,3036	2	16	3060,0,0,0,0,0,0	61	0
176124	227	429	265	124	88	21	16	6	1319	14	113	600	248	3	32	2654	355	815	0,0,0,0,0,0	27470	0	133	3542	30	0	3495,3415,3415,3131,3131,3131,3131	2	13	3193,0,0,0,0,0,0	62	0
176075	218	464	262	111	93	24	15	5	1349	14	116	625	249	2	35	2673	369	818	0,0,0,0,0,0	27109	0	135	3678	31	0	3622,3534,3534,3222,3222,3222,3222	2	10	3330,0,0,0,0,0,0	58	0
176021	223	454	282	114	110	27	16	5	1362	14	118	624	248	0	43	3078	396	830	0,0,0,0,0,0	16264	0	145	3822	32	0	3754,3659,3659,3318,3318,3318,3318	2	13	3474,0,0,0,0,0,0	62	0
175938	234	478	311	109	111	28	16	4	1377	15	125	619	257	5	38	2942	410	877	0,0,0,0,0,0	15864	0	177	4001	32	0	3925,3820,3820,3446,3446,3446,3446	2	8	3653,0,0,0,0,0,0	67	0
175833	243	488	331	96	119	34	15	4	1436	16	131	578	243	3	44	3012	422	904	0,0,0,0,0,0	15701	0	170	4170	34	0	4090,3980,3980,3583,3583,3583,3583	2	16	3822,0,0,0,0,0,0	67	0
175730	282	495	304	104	129	34	17	4	1496	17	134	579	305	2	35	2787	422	943	0,0,0,0,0,0	16014	0	176	4348	34	0	4264,4146,4146,3722,3722,3722,3722	2	20	4000,0,0,0,0,0,0	66	0
175645	288	517	323	106	142	36	16	3	1515	19	136	576	265	2	49	2990	415	1013	0,0,0,0,0,0	15625	0	179	4526	35	0	4433,4306,4306,3851,3851,3851,3851	2	14	4178,0,0,0,0,0,0	70	0
175548	275	544	315	120	145	38	18	5	1579	19	140	571	230	3	53	3063	461	994	0,0,0,0,0,0	27248	0	174	4702	36	0	4604,4470,4470,3986,3986,3986,3986	2	8	4354,0,0,0,0,0,0	79	0
175451	272	571	323	131	144	38	20	4	1627	21	144	572	88	0	47	3328	486	1013	0,0,0,0,0,0	27711	0	191	4891	38	0	4791,4647,4647,4129,4129,4129,4129	2	15	4543,0,0,0,0,0,0	78	0
175336	288	575	336	145	156	43	21	3	1675	21	147	592	85	1	44	3679	528	1036	0,0,0,0,0,0	16540	0	213	5105	38	0	5000,4846,4846,4292,4292,4292,4292	2	14	4757,0,0,0,0,0,0	79	0
175229	307	608	344	150	141	47	24	3	1721	23	149	584	255	3	62	3611	553	1068	0,0,0,0,0,0	16499	0	210	5316	38	0	5198,5034,5034,4445,4445,4445,4445	2	21	4968,0,0,0,0,0,0	95	0
175180	296	599	379	138	154	49	27	4	1747	23	150	596	75	1	49	3843	566	1076	0,0,0,0,0,0	16752	0	178	5495	38	0	5363,5187,5187,4554,4554,4554,4554	2	15	5147,0,0,0,0,0,0	98	0
175080	314	623	377	140	160	49	28	3	1793	23	156	571	228	2	55	3860	593	1098	0,0,0,0,0,0	16617	0	215	5708	40	0	5573,5386,5386,4710,4710,4710,4710	2	17	5360,0,0,0,0,0,0	110	0
174972	317	646	402	158	149	49	29	2	1838	25	159	565	324	0	52	4023	602	1148	0,0,0,0,0,0	17013	0	214	5923	41	0	5782,5584,5584,4870,4870,4870,4870	2	19	5575,0,0,0,0,0,0	108	0
174883	285	663	430	168	146	50	32	2	1898	26	163	567	338	6	50	4041	592	1182	0,0,0,0,0,0	28288	0	193	6114	44	0	5969,5761,5761,5008,5008,5008,5008	2	10	5767,0,0,0,0,0,0	108	0
174807	305	639	436	190	158	51	33	2	1928	27	170	559	308	1	56	4203	603	1209	0,0,0,0,0,0	28440	0	205	6316	48	0	6168,5947,5947,5147,5147,5147,5147	2	15	5970,0,0,0,0,0,0	110	0
174732	326	660	448	187	165	52	29	4	1938	29	176	564	311	2	67	4484	614	1253	0,0,0,0,0,0	17495	0	235	6547	52	0	6393,6156,6156,5299,5299,5299,5299	2	28	6202,0,0,0,0,0,0	116	0
174594	338	713	437	181	171	53	30	4	2009	31	185	569	303	3	62	4314	609	1314	0,0,0,0,0,0	17247	0	258	6804	53	0	6647,6397,6397,5494,5494,5494,5494	2	20	6459,0,0,0,0,0,0	115	0
174497	342	706	435	196	181	52	27	5	2083	35	187	551	235	0	55	4370	617	1322	0,0,0,0,0,0	32675	0	210	7016	53	0	6853,6591,6591,5646,5646,5646,5646	2	25	6671,0,0,0,0,0,0	112	0
174381	373	727	442	202	169	49	27	3	2145	38	190	527	332	4	70	4375	624	1365	0,0,0,0,0,0	32440	0	251	7268	54	0	7097,6822,6822,5827,5827,5827,5827	3	24	6923,0,0,0,0,0,0	107	0
174252	385	743	468	211	180	46	27	2	2199	40	193	504	228	1	52	4022	635	1425	0,0,0,0,0,0	32470	0	249	7517	57	0	7341,7054,7054,6013,6013,6013,6013	3	25	7172,0,0,0,0,0,0	98	0
174152	364	775	479	208	187	48	30	4	2263	40	196	526	253	6	56	4078	636	1455	0,0,0,0,0,0	45359	0	235	7751	58	0	7568,7267,7267,6176,6176,6176,6176	3	16	7406,0,0,0,0,0,0	113	0
174082	343	779	490	215	206	47	28	5	2310	44	197	511	244	3	74	4125	672	1436	0,0,0,0,0,0	45816	0	220	7971	58	0	7778,7463,7463,6317,6317,6317,6317	3	21	7626,0,0,0,0,0,0	117	0
173957	357	771	499	224	202	49	30	6	2406	44	201	507	298	6	78	4678	697	1435	0,0,0,0,0,0	32363	0	265	8236	59	0	8035,7705,7705,6508,6508,6508,6508	3	38	7891,0,0,0,0,0,0	105	0
173842	388	749	503	222	228	54	35	4	2472	45	204	459	99	2	66	4856	736	1443	0,0,0,0,0,0	32865	0	253	8483	67	0	8274,7931,7931,6684,6684,6684,6684	3	33	8139,0,0,0,0,0,0	118	0
173760	381	746	506	228	223	60	38	4	2543	48	209	468	278	1	78	4940	747	1435	0,0,0,0,0,0	32865	0	229	8711	69	0	8496,8138,8138,6836,6836,6836,6836	3	37	8367,0,0,0,0,0,0	116	0
173662	365	769	503	233	231	61	40	4	2619	48	211	477	244	4	73	5046	759	1443	0,0,0,0,0,0	33234	0	251	8959	72	0	8735,8362,8362,7004,7004,7004,7004	3	36	8615,0,0,0,0,0,0	126	0
173581	361	788	487	238	221	64	41	4	2698	50	213	486	329	1	75	5337	803	1397	0,0,0,0,0,0	33474	0	251	9207	75	0	8974,8583,8583,7164,7164,7164,7164	3	24	8863,0,0,0,0,0,0	129	0
173523	349	740	514	253	230	63	43	6	2759	52	214	495	334	6	58	5185	764	1428	0,0,0,0,0,0	46018	0	209	9416	76	0	9172,8767,8767,7292,7292,7292,7292	4	23	9072,0,0,0,0,0,0	147	0
173492	316	760	494	241	229	63	43	5	2825	55	223	495	260	4	76	5193	768	1378	0,0,0,0,0,0	46266	0	204	9617	80	0	9370,8946,8946,7406,7406,7406,7406	4	18	9273,0,0,0,0,0,0	151	0
173379	363	732	485	247	244	62	38	8	2903	58	227	463	314	7	74	5492	787	1384	0,0,0,0,0,0	33378	0	268	9882	87	0	9628,9189,9189,7591,7591,7591,7591	4	38	9539,0,0,0,0,0,0	159	0
173272	398	748	486	253	229	65	41	8	2953	60	233	452	300	4	81	5542	822	1398	0,0,0,0,0,0	33470	0	272	10151	91	0	9889,9433,9433,7773,7773,7773,7773	4	41	9808,0,0,0,0,0,0	152	0
173227	383	739	497	247	235	62	39	11	3006	63	237	449	253	5	76	5642	835	1367	0,0,0,0,0,0	33478	0	217	10369	92	0	10098,9625,9625,7900,7900,7900,7900	4	29	10026,0,0,0,0,0,0	150	0
173156	397	744	465	239	244	59	40	12	3085	64	241	434	270	5	74	5312	828	1360	0,0,0,0,0,0	33215	0	254	10621	94	0	10339,9848,9848,8055,8055,8055,8055	4	26	10278,0,0,0,0,0,0	145	0
173088	404	745	474	234	246	58	40	14	3134	68	241	416	221	5	78	5232	830	1371	0,0,0,0,0,0	33344	0	244	10865	96	0	10571,10062,10062,8204,8204,8204,8204	4	33	10522,0,0,0,0,0,0	134	0
173028	386	746	491	240	238	62	41	14	3187	69	244	420	249	5	56	5074	816	1388	0,0,0,0,0,0	46324	0	230	11095	100	0	10791,10265,10265,8343,8343,8343,8343	4	20	10753,0,0,0,0,0,0	139	0
172991	367	769	496	245	227	69	42	16	3208	72	244	449	237	2	67	4822	801	1414	0,0,0,0,0,0	46259	0	216	11314	101	0	10998,10453,10453,8464,8464,8464,8464	4	18	10972,0,0,0,0,0,0	148	0
172951	359	779	490	238	220	75	40	16	3258	75	245	451	315	3	71	4867	771	1430	0,0,0,0,0,0	32924	0	249	11562	103	0	11232,10667,10667,8600,8600,8600,8600	4	31	11220,0,0,0,0,0,0	142	0
172909	362	771	489	238	228	81	39	14	3289	77	249	416	255	6	79	5002	785	1423	0,0,0,0,0,0	33121	0	232	11796	103	0	11454,10868,10868,8730,8730,8730,8730	4	26	11454,0,0,0,0,0,0	143	0
172892	359	725	508	223	231	83	36	15	3340	81	253	410	216	8	67	5447	752	1413	0,0,0,0,0,0	33067	0	206	12001	104	0	11649,11045,11045,8835,8835,8835,8835	4	36	11659,0,0,0,0,0,0	139	0
172909	329	716	507	217	233	83	40	14	3357	85	256	410	246	11	66	5343	743	1382	0,0,0,0,0,0	33305	0	193	12192	107	0	11828,11203,11203,8915,8915,8915,8915	4	23	11850,0,0,0,0,0,0	133	0
172876	344	713	501	220	227	90	43	12	3375	88	257	417	248	3	85	5358	748	1390	0,0,0,0,0,0	33075	0	237	12428	110	0	12051,11405,11405,9041,9041,9041,9041	4	29	12088,0,0,0,0,0,0	139	0
172851	339	727	483	221	209	87	46	10	3422	90	261	412	213	2	55	5379	712	1400	0,0,0,0,0,0	46091	0	215	12645	111	0	12258,11592,11592,9155,9155,9155,9155	4	20	12306,0,0,0,0,0,0	151	0
172893	327	720	482	208	217	85	44	9	3400	98	263	417	242	2	66	5530	709	1374	0,0,0,0,0,0	46400	0	189	12835	113	0	12434,11745,11745,9221,9221,9221,9221	4	14	12497,0,0,0,0,0,0	151	0
172929	311	735	479	203	208	80	41	9	3387	100	264	423	254	4	73	5821	692	1365	0,0,0,0,0,0	34016	0	206	13044	115	0	12627,11913,11913,9298,9298,9298,9298	4	31	12706,0,0,0,0,0,0	142	0
172942	317	698	495	215	209	82	39	11	3370	102	266	427	277	5	68	5940	710	1345	0,0,0,0,0,0	33740	0	211	13256	119	0	12823,12086,12086,9387,9387,9387,9387	4	28	12918,0,0,0,0,0,0	136	0
172940	325	679	499	212	196	77	44	9	3394	104	267	423	297	4	66	6132	710	1322	0,0,0,0,0,0	34070	0	215	13471	119	0	13023,12265,12265,9486,9486,9486,9486	4	29	13133,0,0,0,0,0,0	143	0
172927	341	676	486	218	212	73	43	11	3384	106	269	445	230	3	67	6172	720	1329	0,0,0,0,0,0	33846	0	232	13699	124	0	13237,12458,12458,9597,9597,9597,9597	4	24	13362,0,0,0,0,0,0	137	0
172909	340	687	503	226	200	73	46	12	3371	107	272	457	300	2	65	6286	722	1353	0,0,0,0,0,0	34392	0	222	13921	124	0	13447,12646,12646,9707,9707,9707,9707	4	30	13584,0,0,0,0,0,0	137	0
172932	312	700	504	224	195	71	43	12	3365	111	277	444	314	2	63	5850	709	1340	0,0,0,0,0,0	47536	0	189	14108	126	0	13622,12800,12800,9781,9781,9781,9781	4	19	13771,0,0,0,0,0,0	133	0
172972	304	671	479	217	216	74	42	9	3368	115	279	442	251	1	57	5684	711	1292	0,0,0,0,0,0	47039	0	186	14290	131	0	13788,12944,12944,9842,9842,9842,9842	4	20	13953,0,0,0,0,0,0	131	0
173002	306	654	477	225	221	66	41	8	3348	118	280	453	148	4	66	5194	721	1269	0,0,0,0,0,0	33615	0	207	14497	133	0	13979,13111,13111,9919,9919,9919,9919	3	22	14160,0,0,0,0,0,0	128	0
173023	319	625	481	213	211	61	48	9	3350	119	287	456	255	2	47	5212	707	1251	0,0,0,0,0,0	33631	0	203	14697	137	0	14165,13275,13275,9998,9998,9998,9998	3	29	14360,0,0,0,0,0,0	115	0
173047	323	600	472	221	206	64	52	8	3345	120	288	463	272	3	65	4868	706	1232	0,0,0,0,0,0	33056	0	190	14884	141	0	14337,13425,13425,10069,10069,10069,10069	3	20	14547,0,0,0,0,0,0	126	0
173068	317	619	442	217	207	63	50	6	3344	124	289	473	305	0	63	4866	705	1210	0,0,0,0,0,0	32829	0	202	15085	143	0	14522,13588,13588,10147,10147,10147,10147	3	25	14748,0,0,0,0,0,0	128	0
173109	288	629	444	209	200	67	41	7	3328	133	291	504	257	5	56	4970	677	1201	0,0,0,0,0,0	33103	0	168	15254	144	0	14675,13720,13720,10200,10200,10200,10200	3	16	14917,0,0,0,0,0,0	124	0
173109	272	639	440	203	203	69	40	9	3332	137	293	488	247	1	49	4788	670	1196	0,0,0,0,0,0	46056	0	195	15448	145	0	14856,13881,13881,10286,10286,10286,10286	3	16	15111,0,0,0,0,0,0	135	0
173182	283	620	433	206	188	67	39	8	3287	138	295	480	270	0	52	4592	646	1190	0,0,0,0,0,0	45973	0	174	15623	146	0	15014,14014,14014,10326,10326,10326,10326	3	16	15286,0,0,0,0,0,0	135	0
173204	270	636	411	206	186	66	38	8	3284	140	297	478	286	5	58	4549	648	1165	0,0,0,0,0,0	32826	0	191	15813	147	0	15189,14168,14168,10398,10398,10398,10398	3	24	15476,0,0,0,0,0,0	131	0
173235	284	635	406	192	187	64	36	9	3255	144	299	482	254	1	68	4772	674	1130	0,0,0,0,0,0	32829	0	183	15993	150	0	15352,14310,14310,10459,10459,10459,10459	3	21	15656,0,0,0,0,0,0	122	0
173235	301	602	416	193	201	62	40	8	3243	146	299	493	234	3	52	4751	671	1144	0,0,0,0,0,0	32552	0	197	16190	151	0	15533,14471,14471,10545,10545,10545,10545	3	16	15853,0,0,0,0,0,0	128	0
173299	278	568	425	196	211	61	40	10	3206	149	303	478	94	2	58	4670	668	1111	0,0,0,0,0,0	45809	0	152	16341	154	0	15669,14585,14585,10577,10577,10577,10577	3	11	16004,0,0,0,0,0,0	129	0
173375	257	534	428	179	213	53	40	10	3202	151	304	480	279	3	51	4598	655	1049	0,0,0,0,0,0	46005	0	129	16467	158	0	15778,14674,14674,10588,10588,10588,10588	3	12	16130,0,0,0,0,0,0	124	0
173451	247	516	406	175	196	55	42	10	3187	153	308	449	260	2	54	4521	644	993	0,0,0,0,0,0	46037	0	144	16610	161	0	15908,14781,14781,10610,10610,10610,10610	3	11	16273,0,0,0,0,0,0	118	0
173540	234	511	394	174	168	60	41	8	3147	157	312	465	265	3	59	4514	624	958	0,0,0,0,0,0	46063	27	125	16735	162	0	16019,14871,14871,10617,10617,10617,10617	3	14	16398,0,0,0,0,0,0	129	26
173655	225	484	383	175	162	56	34	11	3085	162	314	452	254	0	51	4475	610	909	0,0,0,0,0,0	32445	32	120	16854	163	0	16119,14948,14948,10605,10605,10605,10605	3	12	16517,0,0,0,0,0,0	118	53
173707	205	515	366	152	147	64	30	10	3064	169	317	439	242	6	37	4420	588	891	0,0,0,0,0,0	32408	28	135	16983	169	0	16233,15043,15043,10628,10628,10628,10628	3	15	16647,0,0,0,0,0,0	103	78
173780	202	486	340	150	152	61	30	9	3046	171	319	420	273	1	29	4336	543	878	0,0,0,0,0,0	32302	26	125	17107	170	0	16342,15132,15132,10641,10641,10641,10641	3	17	16771,0,0,0,0,0,0	101	102
173849	203	467	340	152	142	57	31	8	3000	175	322	417	95	0	38	3934	495	897	0,0,0,0,0,0	32215	23	139	17245	172	0	16465,15234,15234,10663,10663,10663,10663	3	21	16909,0,0,0,0,0,0	102	123
173941	209	432	347	142	135	55	29	8	2944	179	325	433	252	2	37	3525	451	898	0,0,0,0,0,0	31451	29	127	17371	175	0	16575,15322,15322,10665,10665,10665,10665	2	17	17035,0,0,0,0,0,0	100	148
174009	213	432	331	139	121	57	31	8	2898	179	328	446	109	3	50	3312	454	870	0,0,0,0,0,0	38802	37	136	17505	177	0	16695,15422,15422,10686,10686,10686,10686	2	14	17169,0,0,0,0,0,0	108	182
174111	195	426	334	130	122	55	29	7	2824	182	331	468	253	1	34	3223	430	861	0,0,0,0,0,0	38050	116	111	17614	179	0	16799,15504,15504,10682,10682,10682,10682	2	13	17278,0,0,0,0,0,0	109	281
174184	212	409	319	147	134	54	31	6	2732	183	335	462	317	0	44	3112	433	873	0,0,0,0,0,0	26347	132	146	17759	180	0	16938,15621,15621,10709,10709,10709,10709	2	21	17423,0,0,0,0,0,0	110	398
174211	218	405	326	137	135	55	29	7	2697	186	340	459	252	1	51	3144	459	846	0,0,0,0,0,0	26374	145	150	17906	183	0	17081,15746,15746,10759,10759,10759,10759	2	16	17570,0,0,0,0,0,0	118	523
174269	202	425	291	140	124	55	25	5	2677	190	343	453	274	1	45	3142	458	804	0,0,0,0,0,0	26038	142	116	18020	185	0	17190,15838,15838,10777,10777,10777,10777	2	23	17684,0,0,0,0,0,0	107	644
174312	201	435	286	127	131	54	26	4	2633	191	346	438	244	0	35	2964	442	818	0,0,0,0,0,0	26122	157	130	18150	187	0	17315,15945,15945,10811,10811,10811,10811	2	13	17814,0,0,0,0,0,0	103	777
174379	204	415	307	136	123	50	23	6	2563	193	347	421	222	0	36	2941	434	824	0,0,0,0,0,0	25890	140	128	18277	188	0	17434,16045,16045,10830,10830,10830,10830	2	17	17941,0,0,0,0,0,0	99	898
174414	188	417	305	132	137	46	20	6	2537	195	349	434	253	2	30	3007	431	814	0,0,0,0,0,0	37669	127	126	18401	190	0	17558,16152,16152,10867,10867,10867,10867	2	16	18065,0,0,0,0,0,0	92	1006
174449	198	399	312	126	126	44	20	6	2514	197	355	452	241	4	37	3027	400	825	0,0,0,0,0,0	38062	156	113	18513	193	0	17698,16277,16277,10913,10913,10913,10913	2	11	18178,0,0,0,0,0,0	82	1145
174504	197	404	287	131	113	43	21	6	2482	200	358	446	302	2	35	3352	410	786	0,0,0,0,0,0	26285	150	124	18638	193	0	17852,16413,16413,10954,10954,10954,10954	2	10	18303,0,0,0,0,0,0	71	1280
174539	176	396	307	141	111	42	24	6	2443	200	361	439	232	0	41	3177	397	800	0,0,0,0,0,0	26415	141	118	18755	194	0	18000,16545,16545,11001,11001,11001,11001	2	14	18420,0,0,0,0,0,0	74	1408
174575	176	392	292	156	122	38	25	5	2401	201	363	461	291	3	49	3468	437	764	0,0,0,0,0,0	26622	137	129	18882	196	0	18158,16687,16687,11055,11055,11055,11055	2	15	18547,0,0,0,0,0,0	77	1531
174585	182	405	304	139	117	35	24	5	2380	203	367	427	87	0	39	3309	443	763	0,0,0,0,0,0	26387	141	141	19023	197	0	18337,16851,16851,11131,11131,11131,11131	2	14	18688,0,0,0,0,0,0	71	1651
174604	199	417	286	132	110	39	24	3	2360	205	367	437	311	1	29	3184	413	794	0,0,0,0,0,0	26215	166	142	19166	199	0	18510,17007,17007,11199,11199,11199,11199	2	16	18831,0,0,0,0,0,0	71	1794
174663	207	391	292	118	119	34	21	5	2317	209	370	438	226	0	41	3084	417	765	0,0,0,0,0,0	37791	156	105	19270	200	0	18641,17122,17122,11227,11227,11227,11227	2	9	18935,0,0,0,0,0,0	70	1926
174711	191	387	292	113	116	35	19	5	2295	212	370	428	85	1	27	2922	389	764	0,0,0,0,0,0	38091	63	103	19375	200	0	18784,17249,17249,11266,11266,11266,11266	2	10	19040,0,0,0,0,0,0	65	1982
174764	183	397	274	103	112	36	21	6	2266	213	371	422	254	2	38	3171	397	729	0,0,0,0,0,0	25904	63	109	19483	203	0	18926,17375,17375,11301,11301,11301,11301	2	11	19148,0,0,0,0,0,0	61	2034
174815	182	385	264	98	124	39	20	6	2225	214	374	453	250	2	33	3422	393	719	0,0,0,0,0,0	26696	62	115	19595	206	0	19069,17502,17502,11337,11337,11337,11337	2	12	19260,0,0,0,0,0,0	61	2085
174858	166	382	257	108	133	39	23	5	2180	214	381	456	244	2	34	3177	396	712	0,0,0,0,0,0	26267	79	111	19705	209	0	19216,17632,17632,11379,11379,11379,11379	2	13	19370,0,0,0,0,0,0	63	2148
174915	163	370	258	108	129	42	22	5	2136	216	382	462	242	0	44	3277	407	685	0,0,0,0,0,0	26357	70	99	19805	210	0	19345,17746,17746,11405,11405,11405,11405	2	11	19471,0,0,0,0,0,0	69	2211
174964	185	361	253	119	118	41	21	5	2077	218	384	453	244	0	32	3297	397	701	0,0,0,0,0,0	26415	61	122	19924	214	0	19503,17887,17887,11449,11449,11449,11449	2	9	19590,0,0,0,0,0,0	67	2253
174980	180	361	248	118	108	37	21	5	2082	219	387	467	96	1	26	3305	361	712	0,0,0,0,0,0	38351	64	98	20018	218	0	19635,18007,18007,11497,11497,11497,11497	1	7	19684,0,0,0,0,0,0	66	2308
175017	171	347	244	123	108	35	21	6	2067	219	388	485	252	1	35	3439	368	681	0,0,0,0,0,0	38122	210	90	20106	221	0	19737,18097,18097,11519,11519,11519,11519	1	15	19772,0,0,0,0,0,0	64	2485
175070	160	347	240	118	96	34	23	5	2043	220	390	471	347	2	37	3395	351	667	0,0,0,0,0,0	26569	216	103	20207	223	0	19853,18197,18197,11539,11539,11539,11539	1	7	19874,0,0,0,0,0,0	65	2666
175065	162	362	249	117	104	33	22	5	2011	222	394	494	240	1	31	3566	351	698	2,0,0,0,0,0	26987	210	97	20330	227	0	19990,18322,18322,11597,11597,11597,11597	1	9	19968,30,0,0,0,0,0	67	2839
175042	199	376	252	118	93	36	22	7	1980	222	399	517	87	1	26	3729	335	761	7,0,0,0,0,0	26988	214	137	20502	230	0	20180,18497,18497,11693,11693,11693,11693	1	13	20093,77,0,0,0,0,0	68	3028
175001	228	403	260	117	90	37	23	8	1955	223	401	550	238	1	33	3507	328	830	10,0,0,0,0,0	27022	196	130	20665	231	0	20361,18666,18666,11791,11791,11791,11791	1	12	20209,124,0,0,0,0,0	73	3198
174954	263	409	276	119	104	35	19	11	1929	225	402	528	258	2	31	3265	333	892	14,0,0,0,0,0	26663	199	135	20839	234	0	20544,18837,18837,11895,11895,11895,11895	1	6	20325,182,0,0,0,0,0	67	3361
174949	276	434	287	118	105	36	18	10	1882	226	405	529	225	0	35	3188	332	942	20,0,0,0,0,0	38143	184	120	21000	236	0	20723,19000,19000,11976,11976,11976,11976	1	3	20408,262,0,0,0,0,0	68	3522
174896	270	477	277	126	101	40	24	10	1893	226	406	469	245	1	33	3108	337	978	25,0,0,0,0,0	38244	195	143	21180	239	0	20991,19256,19256,12126,12126,12126,12126	1	8	20499,352,0,0,0,0,0	72	3680
174858	275	510	290	124	111	38	23	8	1872	228	409	485	309	3	39	2903	353	1018	28,0,0,0,0,0	26308	155	174	21353	241	0	21259,19511,19511,12266,12266,12266,12266	1	12	20602,423,0,0,0,0,0	79	3804
