S	E	I1	I2	I3	I4	I5_h	I6_h	R_h	R	D1	D2	H	T	P1	P2	Q	QT	NQ	MUT	HOM	VAC	NI	INF	REINF	BSTR	IMM	HCI	HCE	INFV	INFH	VNI
178071	105	139	69	49	38	14	1	0	259	1	0	205	0	0	0	71	71	344	0,0,0,0,0,0	178745	0	0	415	0	0	675,675,675,675,675,675,675	0	0	0,0,0,0,0,0,0	0	0
177996	94	188	76	49	41	14	1	0	284	1	2	306	295	1	83	144	73	390	0,0,0,0,0,0	12504	0	83	499	0	0	750,750,750,750,750,750,750	0	6	84,0,0,0,0,0,0	17	0
177934	109	197	83	49	45	14	3	0	306	1	5	367	265	0	15	194	86	414	0,0,0,0,0,0	12620	0	70	569	0	0	812,812,812,812,812,812,812	0	7	154,0,0,0,0,0,0	15	0
177866	105	223	103	56	41	14	4	1	324	1	8	434	85	0	14	332	90	456	0,0,0,0,0,0	12970	0	84	653	0	0	881,881,881,881,881,881,881	0	4	238,0,0,0,0,0,0	18	0
177782	124	230	113	61	53	15	4	1	348	1	14	481	290	0	19	407	111	489	0,0,0,0,0,0	24990	0	96	750	0	0	969,969,969,969,969,969,969	0	3	335,0,0,0,0,0,0	21	0
177698	133	259	134	64	43	13	4	1	378	1	18	543	248	0	22	761	135	515	0,0,0,0,0,0	25239	0	96	847	0	0	1057,1057,1057,1057,1057,1057,1057	0	7	432,0,0,0,0,0,0	17	0
177614	135	290	139	63	45	12	4	2	416	1	25	575	80	0	20	1177	157	531	0,0,0,0,0,0	13902	0	99	946	0	0	1144,1144,1144,1144,1144,1144,1144	0	7	531,0,0,0,0,0,0	15	0
177522	146	304	144	71	58	13	6	2	447	1	32	599	258	0	10	1276	172	570	0,0,0,0,0,0	13953	0	102	1048	0	0	1243,1242,1242,1241,1241,1241,1241	0	3	633,0,0,0,0,0,0	20	0
177440	159	311	157	80	66	15	7	2	471	1	37	626	86	0	23	1701	220	575	0,0,0,0,0,0	14008	0	108	1157	0	0	1335,1335,1335,1332,1332,1332,1332	0	7	742,0,0,0,0,0,0	24	0
177348	188	291	178	78	68	16	7	2	525	2	43	627	287	4	19	1844	229	597	0,0,0,0,0,0	14579	0	118	1276	0	0	1440,1439,1439,1435,1435,1435,1435	0	8	861,0,0,0,0,0,0	26	0
177271	195	306	175	82	78	18	8	2	565	2	44	642	248	1	32	1950	249	613	0,0,0,0,0,0	14700	0	102	1381	0	0	1529,1527,1527,1520,1520,1520,1520	0	12	966,0,0,0,0,0,0	30	0
177180	173	341	201	83	72	17	8	2	616	3	50	681	286	1	27	2060	279	616	0,0,0,0,0,0	26500	0	112	1489	5	0	1631,1628,1628,1619,1619,1619,1619	0	6	1079,0,0,0,0,0,0	36	0
177098	181	329	229	91	72	18	8	2	661	3	54	705	254	3	21	2249	278	650	0,0,0,0,0,0	26684	0	109	1597	7	0	1727,1724,1724,1712,1712,1712,1712	1	6	1188,0,0,0,0,0,0	36	0
177001	183	347	231	89	81	18	12	2	717	3	62	695	83	0	18	2515	260	701	0,0,0,0,0,0	15414	0	121	1717	8	0	1843,1839,1839,1822,1822,1822,1822	1	12	1309,0,0,0,0,0,0	41	0
176891	186	382	231	92	88	25	17	2	762	3	67	697	89	2	40	2437	306	715	0,0,0,0,0,0	15458	0	144	1863	8	0	1978,1972,1972,1949,1949,1949,1949	1	11	1455,0,0,0,0,0,0	45	0
176803	200	403	235	89	92	28	18	2	799	4	73	695	257	1	38	2236	335	730	0,0,0,0,0,0	15438	0	141	2002	10	0	2106,2097,2097,2062,2062,2062,2062	1	16	1596,0,0,0,0,0,0	51	0
176709	216	426	239	98	90	28	21	2	837	4	76	711	252	3	33	2352	357	761	0,0,0,0,0,0	15175	0	149	2151	12	0	2240,2227,2227,2179,2179,2179,2179	1	16	1747,0,0,0,0,0,0	56	0
176582	215	469	260	100	85	25	19	3	900	5	83	740	263	3	29	2698	368	805	0,0,0,0,0,0	15692	0	162	2313	14	0	2395,2379,2379,2322,2322,2322,2322	1	13	1909,0,0,0,0,0,0	54	0
176449	242	470	277	104	96	26	19	4	963	7	89	735	156	1	25	2473	378	856	0,0,0,0,0,0	27457	0	167	2479	16	0	2556,2537,2537,2472,2472,2472,2472	1	15	2077,0,0,0,0,0,0	53	0
176347	276	454	298	112	96	24	18	4	1013	9	95	702	264	4	30	2552	383	895	0,0,0,0,0,0	27164	0	156	2630	21	0	2701,2679,2679,2598,2598,2598,2598	1	8	2233,0,0,0,0,0,0	55	0
176243	277	468	290	116	102	25	16	5	1096	10	98	683	268	2	31	2520	379	915	0,0,0,0,0,0	15561	0	151	2779	23	0	2844,2818,2818,2725,2725,2725,2725	1	20	2382,0,0,0,0,0,0	57	0
176116	278	507	292	113	111	30	16	6	1166	10	101	675	291	1	46	2232	399	948	0,0,0,0,0,0	15577	0	175	2954	24	0	3007,2977,2977,2872,2872,2872,2872	1	15	2557,0,0,0,0,0,0	55	0
175993	273	533	309	114	122	32	15	6	1231	12	106	657	253	1	53	2459	438	960	0,0,0,0,0,0	15194	0	180	3132	26	0	3173,3140,3140,3020,3020,3020,3020	2	19	2737,0,0,0,0,0,0	56	0
175855	276	560	327	125	129	34	17	6	1290	13	114	643	330	3	41	3057	446	1022	0,0,0,0,0,0	15640	0	193	3324	27	0	3364,3325,3325,3187,3187,3187,3187	2	17	2930,0,0,0,0,0,0	67	0
175736	292	550	348	129	153	38	19	5	1342	14	120	645	272	4	48	3190	470	1059	0,0,0,0,0,0	15874	0	198	3521	28	0	3552,3506,3506,3344,3344,3344,3344	2	18	3127,0,0,0,0,0,0	68	0
175632	283	570	352	125	161	36	17	5	1422	16	127	655	314	5	39	3208	469	1075	0,0,0,0,0,0	27853	0	168	3687	30	0	3713,3662,3662,3479,3479,3479,3479	2	16	3294,0,0,0,0,0,0	77	0
175556	279	584	355	127	177	39	16	5	1459	19	130	674	253	0	49	3122	497	1080	0,0,0,0,0,0	27723	0	175	3862	30	0	3870,3811,3811,3600,3600,3600,3600	2	16	3469,0,0,0,0,0,0	75	0
175465	282	568	371	137	177	40	18	4	1529	21	134	647	351	3	59	3422	510	1083	0,0,0,0,0,0	16378	0	183	4047	30	0	4047,3979,3979,3738,3738,3738,3738	2	10	3654,0,0,0,0,0,0	75	0
175319	309	571	371	147	189	40	19	4	1620	22	135	631	282	3	39	3692	507	1139	0,0,0,0,0,0	16494	0	223	4271	31	0	4260,4186,4186,3919,3919,3919,3919	2	25	3878,0,0,0,0,0,0	72	0
175172	334	576	379	143	196	45	24	4	1711	22	140	636	276	2	45	3969	511	1186	0,0,0,0,0,0	16748	0	224	4494	32	0	4479,4397,4397,4104,4104,4104,4104	2	26	4102,0,0,0,0,0,0	76	0
175030	352	607	384	153	199	48	24	4	1776	23	146	596	233	1	55	4386	554	1213	0,0,0,0,0,0	17006	0	239	4732	33	0	4708,4617,4617,4292,4292,4292,4292	2	24	4340,0,0,0,0,0,0	82	0
174892	363	665	384	157	189	49	25	4	1845	23	150	603	268	2	56	4416	538	1294	0,0,0,0,0,0	17162	0	244	4977	34	0	4942,4841,4841,4481,4481,4481,4481	3	23	4585,0,0,0,0,0,0	83	0
174762	366	679	394	175	190	46	27	5	1924	23	155	606	232	3	48	4288	542	1335	0,0,0,0,0,0	28902	0	224	5199	37	0	5160,5050,5050,4657,4657,4657,4657	2	14	4808,0,0,0,0,0,0	83	0
174615	368	727	399	183	199	49	27	4	1991	25	159	615	264	2	59	4043	585	1367	0,0,0,0,0,0	28536	0	251	5448	40	0	5398,5279,5279,4853,4853,4853,4853	3	16	5057,0,0,0,0,0,0	94	0
174439	396	764	431	180	212	48	27	5	2057	27	160	613	274	6	71	4450	621	1437	0,0,0,0,0,0	17263	0	289	5739	41	0	5677,5547,5547,5082,5082,5082,5082	3	21	5349,0,0,0,0,0,0	94	0
174315	402	774	449	193	205	52	24	4	2131	31	166	591	244	1	64	4445	646	1453	0,0,0,0,0,0	17243	0	244	5982	42	0	5908,5767,5767,5262,5262,5262,5262	3	16	5592,0,0,0,0,0,0	95	0
174150	427	819	471	208	206	52	21	5	2186	34	167	588	252	4	77	4724	707	1497	0,0,0,0,0,0	17331	0	303	6283	45	0	6195,6042,6042,5491,5491,5491,5491	3	33	5893,0,0,0,0,0,0	96	0
174009	411	868	476	211	224	51	24	5	2260	35	172	607	259	1	64	4787	733	1532	0,0,0,0,0,0	17796	0	272	6555	46	0	6460,6294,6294,5696,5696,5696,5696	3	30	6165,0,0,0,0,0,0	93	0
173839	430	884	506	224	246	52	22	5	2322	37	179	605	253	6	70	4786	752	1612	0,0,0,0,0,0	17631	0	308	6859	51	0	6758,6578,6578,5932,5932,5932,5932	3	26	6471,0,0,0,0,0,0	101	0
173652	440	907	546	244	231	49	28	5	2424	37	183	611	303	5	70	4946	801	1644	0,0,0,0,0,0	29155	0	302	7159	57	0	7053,6861,6861,6173,6173,6173,6173	3	16	6773,0,0,0,0,0,0	105	0
173535	432	894	568	252	240	46	33	5	2511	42	188	608	294	6	76	4936	798	1667	0,0,0,0,0,0	29394	0	261	7419	60	0	7303,7098,7098,6359,6359,6359,6359	3	17	7034,0,0,0,0,0,0	109	0
173335	457	953	552	255	257	42	35	4	2617	43	196	577	241	7	109	5388	869	1682	0,0,0,0,0,0	18299	0	356	7775	63	0	7653,7432,7432,6635,6635,6635,6635	3	31	7391,0,0,0,0,0,0	114	0
173128	496	966	582	266	294	49	43	4	2674	44	200	563	306	6	93	5764	960	1736	0,0,0,0,0,0	18230	0	370	8144	65	0	8009,7772,7772,6918,6918,6918,6918	3	41	7760,0,0,0,0,0,0	127	0
172945	522	984	603	283	282	59	36	6	2771	49	206	541	275	3	101	5943	964	1805	0,0,0,0,0,0	18603	0	346	8488	67	0	8345,8092,8092,7179,7179,7179,7179	3	24	8105,0,0,0,0,0,0	139	0
172776	537	1019	615	292	292	69	41	7	2841	50	207	508	258	5	91	6178	1006	1859	0,0,0,0,0,0	18882	0	347	8836	70	0	8681,8410,8410,7433,7433,7433,7433	4	28	8454,0,0,0,0,0,0	146	0
172585	544	1065	627	304	297	63	43	6	2950	52	210	487	235	6	93	6441	1035	1908	0,0,0,0,0,0	18791	0	369	9206	70	0	9039,8751,8751,7710,7710,7710,7710	4	44	8824,0,0,0,0,0,0	161	0
172407	543	1078	654	311	306	69	42	7	3063	54	212	493	302	3	74	6202	1024	1979	0,0,0,0,0,0	30559	0	352	9555	73	0	9378,9072,9072,7969,7969,7969,7969	4	28	9174,0,0,0,0,0,0	164	0
172244	532	1142	661	307	294	72	39	6	3174	58	217	491	336	7	97	6493	1054	1993	0,0,0,0,0,0	30176	0	335	9896	73	0	9710,9386,9386,8218,8218,8218,8218	4	24	9515,0,0,0,0,0,0	169	0
172017	589	1149	699	305	297	79	40	7	3284	61	219	486	285	6	98	6879	1062	2096	0,0,0,0,0,0	20145	0	409	10302	78	0	10106,9764,9764,8530,8530,8530,8530	4	34	9923,0,0,0,0,0,0	179	0
171786	610	1199	724	310	307	83	39	6	3398	65	219	500	285	6	102	7059	1100	2172	0,0,0,0,0,0	19589	0	422	10727	80	0	10517,10155,10155,8850,8850,8850,8850	5	35	10349,0,0,0,0,0,0	174	0
171641	583	1217	718	319	314	73	43	3	3545	67	223	526	278	2	104	7244	1105	2162	0,0,0,0,0,0	34782	0	341	11073	81	0	10852,10470,10470,9091,9091,9091,9091	5	32	10695,0,0,0,0,0,0	167	0
171481	569	1276	719	343	323	76	41	4	3617	72	225	516	331	4	85	6999	1085	2262	0,0,0,0,0,0	35292	0	393	11464	85	0	11230,10825,10825,9361,9361,9361,9361	5	35	11088,0,0,0,0,0,0	167	0
171385	583	1234	733	360	334	73	43	3	3699	73	226	499	251	4	113	7309	1115	2245	0,0,0,0,0,0	35231	0	350	11813	89	0	11562,11132,11132,9576,9576,9576,9576	5	29	11437,0,0,0,0,0,0	163	0
171263	566	1205	768	380	325	80	45	6	3805	75	228	518	285	8	102	7207	1159	2210	0,0,0,0,0,0	48016	0	346	12157	93	0	11894,11442,11442,9804,9804,9804,9804	5	27	11782,0,0,0,0,0,0	160	0
171145	564	1157	817	372	336	83	47	6	3910	77	232	496	334	10	97	7184	1169	2207	0,0,0,0,0,0	47932	0	356	12513	97	0	12238,11762,11762,10035,10035,10035,10035	5	28	12138,0,0,0,0,0,0	166	0
171056	547	1158	782	362	362	91	52	6	4016	79	235	476	300	3	121	7600	1212	2142	0,0,0,0,0,0	35953	0	334	12843	101	0	12555,12054,12054,10239,10239,10239,10239	5	42	12468,0,0,0,0,0,0	166	0
170940	546	1165	758	357	372	100	52	8	4129	83	236	482	262	5	114	7966	1271	2079	0,0,0,0,0,0	35485	0	371	13210	106	0	12904,12378,12378,10470,10470,10470,10470	5	33	12835,0,0,0,0,0,0	177	0
170863	535	1157	747	353	394	102	59	9	4205	85	237	459	316	6	113	7805	1287	2060	0,0,0,0,0,0	35708	0	332	13543	107	0	13221,12669,12669,10667,10667,10667,10667	5	44	13168,0,0,0,0,0,0	178	0
170792	536	1144	751	362	356	104	60	10	4304	87	240	445	311	11	94	8207	1233	2080	0,0,0,0,0,0	35680	0	338	13883	108	0	13545,12966,12966,10866,10866,10866,10866	5	46	13508,0,0,0,0,0,0	190	0
170737	514	1137	765	372	344	107	57	12	4366	91	244	425	264	4	102	8335	1247	2049	0,0,0,0,0,0	36134	0	326	14206	113	0	13854,13248,13248,11047,11047,11047,11047	5	33	13832,0,0,0,0,0,0	193	0
170712	472	1116	767	371	354	117	56	13	4428	96	244	421	269	2	83	8063	1225	2028	0,0,0,0,0,0	48766	0	296	14501	115	0	14131,13498,13498,11198,11198,11198,11198	5	32	14127,0,0,0,0,0,0	205	0
170662	467	1082	766	361	356	126	61	13	4508	99	245	421	268	5	110	8193	1245	1974	0,0,0,0,0,0	48272	0	308	14808	119	0	14422,13763,13763,11368,11368,11368,11368	5	24	14434,0,0,0,0,0,0	221	0
170608	495	1078	732	343	348	126	62	11	4592	103	248	419	273	4	117	8351	1233	1951	0,0,0,0,0,0	35959	0	341	15150	122	0	14747,14059,14059,11558,11558,11558,11558	5	40	14776,0,0,0,0,0,0	220	0
170578	517	1034	746	343	365	126	62	11	4605	109	250	412	336	5	100	8890	1254	1939	0,0,0,0,0,0	36155	0	327	15477	123	0	15053,14335,14335,11724,11724,11724,11724	5	37	15103,0,0,0,0,0,0	212	0
170539	501	1032	727	356	370	130	59	15	4652	115	250	413	265	4	97	8592	1253	1922	0,0,0,0,0,0	36752	0	322	15794	129	0	15350,14605,14605,11891,11891,11891,11891	5	39	15420,0,0,0,0,0,0	212	0
170507	490	1051	715	359	366	125	57	15	4692	117	252	397	262	3	97	8514	1214	1949	0,0,0,0,0,0	36310	0	327	16117	134	0	15655,14880,14880,12058,12058,12058,12058	6	41	15743,0,0,0,0,0,0	197	0
170519	476	1050	696	359	358	126	62	17	4712	119	252	399	267	1	111	8766	1182	1945	0,0,0,0,0,0	36323	0	313	16427	138	0	15943,15136,15136,12195,12195,12195,12195	6	33	16053,0,0,0,0,0,0	191	0
170550	457	1024	700	346	353	131	66	17	4729	119	254	393	246	3	93	8372	1165	1912	0,0,0,0,0,0	48968	0	255	16681	141	0	16179,15343,15343,12296,12296,12296,12296	6	20	16307,0,0,0,0,0,0	220	0
170589	423	1007	680	326	347	133	59	19	4782	125	256	371	310	5	101	8236	1145	1830	0,0,0,0,0,0	48593	0	258	16933	149	0	16412,15547,15547,12393,12393,12393,12393	6	28	16560,0,0,0,0,0,0	219	0
170594	437	1001	649	330	316	127	56	21	4829	128	258	371	263	7	99	8120	1108	1808	0,0,0,0,0,0	36276	0	295	17232	152	0	16692,15796,15796,12528,12528,12528,12528	6	44	16859,0,0,0,0,0,0	212	0
170649	421	991	677	319	301	129	56	17	4794	131	261	354	254	8	102	8312	1108	1786	0,0,0,0,0,0	36042	0	273	17509	154	0	16946,16017,16017,12625,12625,12625,12625	6	33	17136,0,0,0,0,0,0	206	0
170704	416	939	688	312	290	126	58	14	4802	135	262	353	245	1	86	7916	1085	1744	0,0,0,0,0,0	36051	0	256	17763	160	0	17179,16219,16219,12712,12712,12712,12712	5	23	17391,0,0,0,0,0,0	196	0
170680	440	932	683	299	289	122	57	14	4829	138	263	344	231	2	100	7929	1060	1762	0,0,0,0,0,0	35709	0	304	18066	162	0	17463,16474,16474,12862,12862,12862,12862	5	34	17694,0,0,0,0,0,0	198	0
170733	448	924	659	278	272	126	56	15	4828	142	265	372	317	8	67	7433	993	1770	0,0,0,0,0,0	35380	0	279	18340	168	0	17715,16694,16694,12959,12959,12959,12959	5	31	17968,0,0,0,0,0,0	197	0
170809	414	890	655	284	263	123	54	16	4824	147	267	376	318	4	92	6988	974	1709	0,0,0,0,0,0	48036	0	216	18551	173	0	17907,16857,16857,13014,13014,13014,13014	5	17	18179,0,0,0,0,0,0	208	0
170931	382	834	638	288	249	124	55	17	4808	150	270	357	303	2	68	6797	937	1633	0,0,0,0,0,0	47794	0	195	18746	176	0	18082,17000,17000,13039,13039,13039,13039	5	15	18374,0,0,0,0,0,0	203	0
171004	368	834	615	294	246	121	56	17	4764	155	272	353	324	8	82	6566	922	1612	0,0,0,0,0,0	34645	0	262	19004	181	0	18318,17202,17202,13117,13117,13117,13117	5	26	18632,0,0,0,0,0,0	200	0
171105	365	782	606	295	258	112	58	16	4717	159	273	364	236	3	83	6879	912	1564	0,0,0,0,0,0	34507	0	216	19219	183	0	18508,17361,17361,13157,13157,13157,13157	5	27	18847,0,0,0,0,0,0	188	0
171162	360	793	578	286	254	113	58	18	4686	162	276	372	250	7	89	6890	912	1530	0,0,0,0,0,0	34659	0	257	19474	187	0	18742,17564,17564,13241,13241,13241,13241	5	33	19102,0,0,0,0,0,0	188	0
171198	385	742	575	271	253	112	57	18	4691	165	279	357	244	5	77	6737	876	1519	0,0,0,0,0,0	34739	0	249	19723	190	0	18973,17765,17765,13334,13334,13334,13334	5	30	19352,0,0,0,0,0,0	187	0
171278	392	749	585	260	234	108	53	18	4617	171	281	371	277	5	83	6919	875	1506	0,0,0,0,0,0	35064	0	234	19958	190	0	19185,17946,17946,13396,13396,13396,13396	4	30	19587,0,0,0,0,0,0	185	0
171463	352	749	551	247	235	101	52	17	4518	175	286	383	90	2	50	6737	837	1450	0,0,0,0,0,0	47376	0	181	20138	191	0	19343,18067,18067,13379,13379,13379,13379	4	8	19767,0,0,0,0,0,0	185	0
171598	319	694	552	243	242	87	50	20	4475	179	287	395	312	2	57	6090	793	1394	0,0,0,0,0,0	46895	0	162	20301	194	0	19484,18178,18178,13378,13378,13378,13378	4	11	19930,0,0,0,0,0,0	158	0
171719	287	714	529	221	218	87	50	17	4433	183	288	390	262	4	66	6162	770	1336	0,0,0,0,0,0	33809	0	187	20487	196	0	19647,18310,18310,13394,13394,13394,13394	4	19	20116,0,0,0,0,0,0	155	0
171844	269	707	524	221	213	88	50	16	4335	185	294	396	240	4	75	5964	772	1300	0,0,0,0,0,0	33991	0	197	20682	198	0	19820,18451,18451,13411,13411,13411,13411	4	28	20311,0,0,0,0,0,0	150	0
171946	291	663	525	205	212	78	51	14	4278	188	295	400	274	7	53	6036	738	1287	0,0,0,0,0,0	33929	0	190	20869	204	0	19985,18586,18586,13437,13437,13437,13437	4	30	20498,0,0,0,0,0,0	147	0
172046	295	635	516	200	205	76	51	14	4221	190	297	417	276	4	55	5754	692	1286	0,0,0,0,0,0	33799	0	193	21059	208	0	20153,18726,18726,13465,13465,13465,13465	4	21	20688,0,0,0,0,0,0	141	0
172100	303	650	492	204	200	77	49	14	4163	193	301	414	229	4	67	5461	709	1266	0,0,0,0,0,0	33554	0	213	21274	208	0	20350,18895,18895,13530,13530,13530,13530	3	19	20903,0,0,0,0,0,0	142	0
172202	283	643	480	202	200	73	48	10	4102	196	307	393	270	6	63	5114	723	1206	0,0,0,0,0,0	46469	0	163	21436	210	0	20495,19013,19013,13545,13545,13545,13545	3	17	21065,0,0,0,0,0,0	152	0
172350	260	631	472	203	196	70	52	8	3999	197	308	405	254	1	53	4972	714	1170	0,0,0,0,0,0	46582	0	171	21606	213	0	20642,19128,19128,13539,13539,13539,13539	3	15	21237,0,0,0,0,0,0	140	0
172429	282	598	441	197	198	71	54	9	3959	198	310	428	261	6	56	4718	671	1170	0,0,0,0,0,0	32360	0	199	21803	215	0	20818,19276,19276,13580,13580,13580,13580	3	17	21434,0,0,0,0,0,0	132	0
172512	285	577	445	180	195	75	50	11	3902	202	312	416	240	4	62	4946	660	1147	0,0,0,0,0,0	32504	0	182	21980	220	0	20971,19403,19403,13607,13607,13607,13607	3	17	21611,0,0,0,0,0,0	135	0
172669	253	568	441	169	200	63	48	9	3803	208	315	416	259	2	61	5057	672	1070	0,0,0,0,0,0	32896	0	142	22122	221	0	21091,19493,19493,13581,13581,13581,13581	3	8	21753,0,0,0,0,0,0	122	0
172781	226	559	423	158	191	64	51	7	3757	210	319	423	260	3	59	4938	665	1007	0,0,0,0,0,0	46153	0	136	22258	224	0	21208,19585,19585,13576,13576,13576,13576	3	15	21889,0,0,0,0,0,0	139	0
172893	220	561	393	157	172	64	48	6	3698	214	320	412	246	3	45	5055	663	952	0,0,0,0,0,0	46100	0	149	22401	230	0	21330,19681,19681,13573,13573,13573,13573	3	14	22032,0,0,0,0,0,0	138	0
173027	219	504	386	145	180	61	48	8	3634	214	320	428	274	1	33	4960	622	921	0,0,0,0,0,0	46015	0	138	22538	231	0	21444,19768,19768,13555,13555,13555,13555	3	17	22169,0,0,0,0,0,0	131	0
173170	202	472	366	141	172	58	49	9	3569	217	321	419	241	0	46	4801	596	864	0,0,0,0,0,0	45909	31	106	22639	236	0	21523,19823,19823,13516,13516,13516,13516	2	9	22270,0,0,0,0,0,0	130	26
173308	189	468	354	131	171	55	47	7	3474	220	322	435	314	1	50	4784	590	825	0,0,0,0,0,0	32883	25	120	22760	236	0	21622,19896,19896,13488,13488,13488,13488	2	7	22391,0,0,0,0,0,0	119	48
173418	187	458	352	135	161	53	43	9	3382	222	326	423	257	1	47	4558	571	818	0,0,0,0,0,0	32826	31	136	22896	236	0	21737,19986,19986,13480,13480,13480,13480	2	13	22527,0,0,0,0,0,0	113	75
173526	200	441	344	135	154	51	40	11	3289	225	330	431	313	3	47	4630	567	798	0,0,0,0,0,0	32206	34	147	23037	242	0	21859,20082,20082,13478,13478,13478,13478	2	14	22668,0,0,0,0,0,0	117	101
173639	212	420	324	141	161	48	34	11	3194	231	331	402	259	2	38	4504	535	805	0,0,0,0,0,0	32427	19	129	23164	245	0	21964,20163,20163,13464,13464,13464,13464	2	15	22796,0,0,0,0,0,0	106	116
173766	193	411	322	134	152	48	35	10	3107	234	334	412	233	1	35	4135	510	785	0,0,0,0,0,0	32242	24	104	23271	245	0	22051,20227,20227,13435,13435,13435,13435	2	7	22903,0,0,0,0,0,0	97	135
173859	188	394	301	127	143	48	29	11	3070	239	337	396	290	2	45	3812	492	738	0,0,0,0,0,0	38597	28	107	23379	245	0	22142,20297,20297,13425,13425,13425,13425	2	9	23011,0,0,0,0,0,0	99	159
173981	181	379	298	114	134	52	31	9	2989	240	338	437	256	1	50	3378	495	694	0,0,0,0,0,0	38647	132	105	23483	246	0	22236,20368,20368,13402,13402,13402,13402	2	15	23115,0,0,0,0,0,0	102	267
174094	176	383	287	117	123	47	31	9	2897	243	339	452	241	3	42	3316	480	684	0,0,0,0,0,0	26489	148	113	23595	248	0	22335,20445,20445,13385,13385,13385,13385	2	18	23227,0,0,0,0,0,0	97	397
174201	180	370	281	114	121	44	28	8	2809	247	343	460	242	0	36	3514	460	678	0,0,0,0,0,0	26462	150	104	23696	254	0	22426,20515,20515,13365,13365,13365,13365	2	12	23329,0,0,0,0,0,0	92	518
174282	171	365	272	118	121	43	25	9	2743	248	349	461	314	2	33	3468	435	680	0,0,0,0,0,0	26553	158	96	23791	257	0	22517,20588,20588,13359,13359,13359,13359	2	13	23425,0,0,0,0,0,0	84	657
174370	165	396	271	115	111	42	23	12	2641	249	351	457	229	5	30	3156	412	711	0,0,0,0,0,0	26547	141	126	23912	262	0	22624,20674,20674,13358,13358,13358,13358	2	15	23546,0,0,0,0,0,0	78	780
174404	186	362	275	121	118	42	20	11	2604	252	351	461	262	1	36	3125	416	708	0,0,0,0,0,0	26225	132	122	24034	263	0	22735,20769,20769,13385,13385,13385,13385	2	6	23668,0,0,0,0,0,0	76	890
174470	176	370	263	109	113	46	20	9	2563	254	353	470	255	3	34	2876	413	684	0,0,0,0,0,0	38227	136	105	24137	265	0	22830,20847,20847,13389,13389,13389,13389	2	8	23771,0,0,0,0,0,0	83	1006
174565	148	360	270	113	114	40	17	10	2497	256	356	464	106	2	28	2864	387	675	0,0,0,0,0,0	37747	175	81	24213	270	0	22930,20930,20930,13381,13381,13381,13381	2	12	23847,0,0,0,0,0,0	82	1149
174621	159	348	267	102	115	40	17	9	2454	256	358	461	231	2	32	2993	378	670	0,0,0,0,0,0	26162	188	114	24324	273	0	23074,21057,21057,13413,13413,13413,13413	2	15	23958,0,0,0,0,0,0	79	1312
174685	181	333	262	107	120	41	18	8	2373	256	362	492	268	2	38	3089	385	677	0,0,0,0,0,0	26115	152	124	24447	274	0	23224,21188,21188,13443,13443,13443,13443	2	10	24081,0,0,0,0,0,0	76	1444
174741	175	316	258	105	124	39	16	6	2343	259	364	513	239	0	37	2992	374	659	0,0,0,0,0,0	26270	145	100	24544	277	0	23357,21306,21306,13470,13470,13470,13470	2	7	24178,0,0,0,0,0,0	72	1568
174809	169	317	262	97	120	40	18	4	2282	262	366	479	279	0	41	2947	369	654	0,0,0,0,0,0	25844	144	108	24650	279	0	23492,21422,21422,13490,13490,13490,13490	2	13	24285,0,0,0,0,0,0	68	1688
174883	163	326	270	90	103	39	17	4	2221	263	367	491	236	1	29	2705	337	671	0,0,0,0,0,0	25831	163	100	24747	282	0	23611,21524,21524,13500,13500,13500,13500	1	5	24382,0,0,0,0,0,0	66	1823
174947	156	330	268	99	94	39	17	5	2155	264	372	469	89	0	21	2490	325	678	0,0,0,0,0,0	37713	160	91	24837	283	0	23732,21630,21630,13518,13518,13518,13518	1	10	24472,0,0,0,0,0,0	71	1963
175009	160	323	265	105	94	36	22	5	2088	265	374	461	268	4	36	2552	344	661	0,0,0,0,0,0	37431	81	98	24934	284	0	23867,21748,21748,13542,13542,13542,13542	1	12	24569,0,0,0,0,0,0	64	2030
175077	156	307	250	103	90	35	23	4	2061	265	375	467	247	4	30	3164	328	636	0,0,0,0,0,0	25793	75	82	25016	285	0	23992,21858,21858,13557,13557,13557,13557	1	9	24651,0,0,0,0,0,0	66	2090
175114	150	332	249	104	83	32	23	4	2013	265	377	474	248	1	37	3173	335	638	0,0,0,0,0,0	26231	58	107	25124	285	0	24130,21982,21982,13592,13592,13592,13592	1	7	24759,0,0,0,0,0,0	69	2139
175154	156	328	236	105	91	35	21	6	1968	267	379	479	246	0	28	3075	323	649	0,0,0,0,0,0	26211	79	110	25236	286	0	24270,22107,22107,13629,13629,13629,13629	1	10	24871,0,0,0,0,0,0	59	2196
175205	158	328	242	105	89	31	20	5	1911	268	384	480	263	4	32	3216	326	647	0,0,0,0,0,0	26385	60	97	25333	286	0	24396,22217,22217,13652,13652,13652,13652	1	7	24968,0,0,0,0,0,0	62	2241
175249	167	318	235	97	97	34	20	5	1871	268	385	491	239	2	29	2903	314	654	0,0,0,0,0,0	26321	62	111	25442	288	0	24538,22344,22344,13686,13686,13686,13686	1	9	25077,0,0,0,0,0,0	56	2289
175283	164	325	220	97	101	30	19	5	1846	269	387	488	259	3	28	2822	307	649	0,0,0,0,0,0	37847	59	107	25548	289	0	24680,22471,22471,13727,13727,13727,13727	1	10	25183,0,0,0,0,0,0	59	2335
175342	163	327	213	99	86	33	20	3	1800	269	391	487	256	2	21	2937	299	642	0,0,0,0,0,0	38183	211	84	25632	289	0	24783,22560,22560,13736,13736,13736,13736	1	7	25267,0,0,0,0,0,0	65	2510
175379	150	331	207	90	82	31	19	3	1791	272	391	514	216	3	29	2910	285	625	0,0,0,0,0,0	26095	200	82	25712	291	0	24874,22640,22640,13747,13747,13747,13747	1	9	25347,0,0,0,0,0,0	66	2670
175363	163	348	206	84	106	30	15	2	1757	276	396	519	261	3	30	2954	300	652	3,0,0,0,0,0	25868	191	107	25848	296	0	25020,22774,22774,13812,13812,13812,13812	1	6	25450,34,0,0,0,0,0	56	2816
175377	187	339	191	85	112	31	13	2	1734	278	397	528	243	2	29	2567	300	658	6,0,0,0,0,0	26253	201	83	25959	297	0	25146,22887,22887,13853,13853,13853,13853	1	8	25531,64,0,0,0,0,0	55	2985
175380	192	374	197	83	109	29	16	2	1688	278	398	520	248	0	27	2178	308	692	10,0,0,0,0,0	25579	194	106	26095	299	0	25287,23015,23015,13907,13907,13907,13907	1	6	25623,109,0,0,0,0,0	52	3135
175342	214	394	215	94	119	27	12	4	1643	280	402	505	254	4	43	2362	349	726	16,0,0,0,0,0	25722	183	116	26250	303	0	25452,23168,23168,13992,13992,13992,13992	1	5	25714,175,0,0,0,0,0	62	3283
175331	217	415	219	107	122	27	13	4	1606	280	405	509	80	0	22	2114	328	792	21,0,0,0,0,0	37587	211	107	26385	306	0	25597,23300,23300,14056,14056,14056,14056	1	10	25784,242,0,0,0,0,0	54	3448
175278	237	437	231	120	124	31	13	5	1579	281	410	493	235	0	34	2206	353	840	27,0,0,0,0,0	37133	147	132	26552	309	0	25853,23546,23546,14198,14198,14198,14198	1	7	25862,333,0,0,0,0,0	57	3554
175238	267	430	253	121	118	33	17	5	1568	282	414	505	248	5	41	2385	366	873	30,0,0,0,0,0	25840	159	150	26700	313	0	26092,23774,23774,14321,14321,14321,14321	1	10	25948,398,0,0,0,0,0	65	3676
175206	243	463	262	117	121	33	17	5	1578	283	418	501	272	1	34	2450	401	855	34,0,0,0,0,0	25536	165	138	26832	319	0	26306,23980,23980,14429,14429,14429,14429	1	13	26013,468,0,0,0,0,0	66	3811
175131	255	479	263	132	124	36	18	3	1601	284	420	505	244	3	36	2610	427	880	38,0,0,0,0,0	25534	173	178	27009	320	0	26580,24245,24244,14587,14587,14587,14587	1	10	26087,572,0,0,0,0,0	71	3940
175069	269	501	289	134	122	38	18	4	1594	285	423	501	249	1	34	2676	441	930	41,0,0,0,0,0	25878	157	179	27183	326	0	26838,24493,24493,14732,14732,14732,14732	1	12	26162,676,0,0,0,0,0	73	4065
174971	272	549	287	132	118	37	20	4	1643	286	427	513	97	1	52	2891	458	957	44,0,0,0,0,0	26015	169	185	27365	331	0	27103,24751,24750,14898,14898,14898,14898	1	16	26245,780,0,0,0,0,0	75	4206
174906	269	550	319	138	131	38	14	4	1654	292	431	512	240	5	32	2902	459	1000	47,0,0,0,0,0	38226	153	163	27525	336	0	27354,24995,24993,15042,15042,15042,15042	1	9	26309,880,0,0,0,0,0	77	4325
174851	253	570	317	142	154	41	14	4	1675	292	433	513	263	4	39	2897	469	1022	50,0,0,0,0,0	37816	126	178	27697	342	0	27600,25232,25230,15179,15179,15179,15179	1	21	26373,989,0,0,0,0,0	82	4416
174763	281	550	316	168	163	43	16	4	1715	292	435	522	307	2	56	3246	516	1021	53,0,0,0,0,0	26261	139	185	27878	348	0	27866,25493,25488,15339,15339,15339,15339	1	16	26433,1115,0,0,0,0,0	81	4520
174686	282	581	320	178	156	43	19	4	1748	293	436	524	310	4	51	3618	546	1033	54,0,0,0,0,0	26337	143	187	28061	352	0	28125,25744,25739,15488,15488,15488,15488	1	13	26505,1228,0,0,0,0,0	84	4630
174606	271	592	348	181	163	43	19	6	1786	293	438	542	241	2	45	3826	545	1072	55,0,0,0,0,0	27128	118	192	28245	361	0	28379,25992,25985,15638,15638,15638,15638	1	16	26572,1351,0,0,0,0,0	95	4714
174487	307	585	373	169	179	45	16	6	1836	297	446	512	306	1	65	4104	556	1118	57,0,0,0,0,0	26897	132	226	28465	368	0	28675,26284,26274,15829,15829,15829,15829	1	14	26653,1494,0,0,0,0,0	99	4810
174349	349	604	380	182	182	43	22	6	1885	297	447	533	269	4	52	4183	590	1172	59,0,0,0,0,0	27217	117	236	28695	375	0	28988,26591,26580,16039,16039,16039,16039	1	16	26725,1657,0,0,0,0,0	89	4892
174286	357	600	396	173	190	40	21	6	1929	299	449	521	330	4	57	4286	608	1169	61,0,0,0,0,0	39064	123	196	28886	382	0	29252,26852,26837,16188,16188,16188,16188	1	4	26775,1804,0,0,0,0,0	91	4986
174219	328	619	412	188	198	49	21	6	1955	300	451	563	259	3	49	4209	648	1167	62,0,0,0,0,0	39125	300	194	29071	393	0	29477,27070,27053,16317,16317,16317,16317	1	5	26841,1929,0,0,0,0,0	92	5211
174121	343	649	422	180	187	52	19	8	2011	302	452	538	255	2	61	4760	643	1209	64,0,0,0,0,0	27636	273	228	29294	399	0	29735,27323,27302,16477,16477,16477,16477	1	21	26902,2097,0,0,0,0,0	96	5414
174028	362	663	430	181	172	55	21	8	2066	304	456	530	218	1	53	4951	638	1246	65,0,0,0,0,0	27685	270	230	29515	408	0	29988,27575,27548,16633,16633,16633,16633	1	13	26960,2265,0,0,0,0,0	98	5609
173920	379	717	416	178	178	57	22	6	2111	305	457	521	329	3	50	4955	640	1307	67,0,0,0,0,0	27943	290	256	29761	420	0	30263,27844,27813,16808,16808,16808,16808	1	15	27011,2471,0,0,0,0,0	100	5821
173774	395	768	421	193	177	63	23	7	2159	306	460	518	286	1	66	4666	656	1384	68,0,0,0,0,0	27642	298	285	30037	432	0	30564,28142,28107,17014,17014,17014,17014	1	21	27080,2686,0,0,0,0,0	103	6027
173606	411	814	447	207	211	66	20	8	2187	308	461	539	244	4	57	4405	679	1497	71,0,0,0,0,0	27522	297	311	30336	448	0	30882,28458,28418,17241,17241,17241,17241	2	27	27140,2935,0,0,0,0,0	107	6228
173480	416	817	454	222	213	62	18	6	2279	311	468	513	272	2	62	4706	700	1502	73,0,0,0,0,0	39558	287	249	30579	458	0	31153,28728,28683,17424,17424,17424,17424	1	13	27191,3133,0,0,0,0,0	107	6430
173371	412	814	474	230	229	58	21	6	2347	311	473	488	281	2	58	4403	682	1556	74,0,0,0,0,0	39231	598	262	30833	467	0	31525,29100,29048,17651,17651,17651,17651	1	13	27246,3339,0,0,0,0,0	112	6747
173204	435	842	495	240	229	56	25	4	2429	311	476	494	248	1	93	4725	758	1564	76,0,0,0,0,0	27560	627	306	31128	479	0	31928,29504,29446,17920,17920,17920,17920	1	14	27293,3597,0,0,0,0,0	109	7163
173030	470	849	499	238	247	62	29	4	2529	311	478	486	270	5	90	4971	815	1579	78,0,0,0,0,0	27985	655	305	31421	493	0	32316,29894,29830,18186,18186,18186,18186	2	21	27339,3854,0,0,0,0,0	120	7722
172844	488	960	495	231	250	64	34	3	2587	311	479	496	275	2	84	5107	865	1657	79,0,0,0,0,0	28038	611	356	31763	508	0	32764,30343,30271,18488,18488,18488,18488	2	23	27385,4161,0,0,0,0,0	131	8248
172685	503	983	528	242	244	61	36	5	2665	313	481	510	261	3	69	4892	861	1736	81,0,0,0,0,0	27906	611	316	32063	526	0	33165,30745,30667,18755,18755,18755,18755	2	17	27428,4432,0,0,0,0,0	147	8782
172440	526	1038	556	235	265	61	33	7	2780	316	489	510	222	2	82	5279	878	1836	82,0,0,0,0,0	28105	659	377	32420	548	0	33630,31213,31127,19094,19094,19094,19094	2	19	27468,4766,0,0,0,0,0	141	9373
172243	535	1047	610	257	281	58	34	8	2863	318	492	517	273	6	85	5451	921	1901	83,0,0,0,0,0	40167	616	357	32761	565	0	34074,31660,31567,19404,19404,19404,19404	2	20	27502,5086,0,0,0,0,0	135	9895
172064	528	1105	645	260	292	51	30	10	2943	321	497	516	250	2	69	5534	928	1983	84,0,0,0,0,0	40003	772	354	33099	584	0	34538,32127,32025,19711,19711,19711,19711	2	15	27532,5407,0,0,0,0,0	137	10582
171835	547	1094	673	299	317	58	33	9	3057	324	500	519	302	6	95	5827	960	2061	86,0,0,0,0,0	28975	788	387	33458	613	0	35056,32653,32541,20070,20070,20070,20070	2	28	27562,5764,0,0,0,0,0	139	11279
171652	573	1119	679	307	322	64	33	8	3160	326	503	536	274	2	116	6111	998	2099	86,0,0,0,0,0	28825	842	389	33837	628	0	35647,33250,33125,20441,20441,20441,20441	2	22	27596,6122,0,0,0,0,0	139	11999
171413	581	1206	704	323	326	63	33	7	3255	329	506	536	268	5	86	6803	1054	2182	88,0,0,0,0,0	29521	800	430	34257	642	0	36270,33883,33745,20862,20862,20862,20862	2	28	27624,6523,0,0,0,0,0	147	12675
171150	665	1248	711	307	325	65	31	7	3396	331	510	522	328	8	91	6495	1032	2320	89,0,0,0,0,0	29753	790	466	34710	656	0	36929,34549,34398,21308,21308,21308,21308	2	17	27654,6957,0,0,0,0,0	156	13343
170847	736	1276	751	341	329	63	31	8	3514	335	515	528	262	2	107	7017	1064	2463	90,0,0,0,0,0	29394	762	493	35183	677	0	37631,35259,35096,21795,21795,21795,21795	2	27	27677,7425,0,0,0,0,0	156	13990
170629	733	1347	738	381	341	63	34	7	3623	335	515	546	241	8	86	7097	1095	2542	91,0,0,0,0,0	41151	810	428	35600	692	0	38243,35882,35704,22199,22199,22199,22199	2	17	27699,7832,0,0,0,0,0	161	14672
170445	711	1397	777	379	362	65	34	8	3712	338	518	552	248	4	116	7515	1191	2534	91,0,0,0,0,0	41450	841	435	36013	716	0	38895,36547,36352,22606,22606,22606,22606	2	26	27724,8239,0,0,0,0,0	159	15380
170159	736	1483	824	376	381	69	35	8	3813	341	521	522	333	8	142	7906	1297	2607	92,0,0,0,0,0	47181	929	512	36503	741	0	39626,37294,37081,23100,23100,23100,23100	2	33	27744,8730,0,0,0,0,0	171	16164
169889	740	1542	859	381	399	77	35	7	3951	343	523	533	293	5	126	8601	1375	2658	93,0,0,0,0,0	47011	915	493	36965	773	0	40351,38031,37803,23579,23579,23579,23579	2	24	27766,9192,0,0,0,0,0	175	16935
169687	716	1555	907	400	395	86	37	7	4086	343	527	524	292	8	117	8793	1425	2671	93,0,0,0,0,0	47940	841	469	37413	794	0	41031,38724,38478,24005,24005,24005,24005	2	27	27790,9633,0,0,0,0,0	174	17629
169423	734	1508	942	431	434	93	38	8	4259	343	533	517	316	5	113	9208	1440	2740	93,0,0,0,0,0	48000	888	492	37878	823	0	41733,39440,39177,24472,24472,24472,24472	2	26	27824,10086,0,0,0,0,0	188	18353
169236	699	1533	952	454	450	102	40	8	4386	348	538	478	244	10	135	8993	1449	2781	93,0,0,0,0,0	48200	848	454	38316	844	0	42395,40119,39835,24883,24883,24883,24883	2	19	27857,10505,0,0,0,0,0	181	19057
169117	676	1458	977	472	472	103	40	6	4535	351	539	459	265	8	130	9064	1450	2748	93,0,0,0,0,0	71352	851	394	38693	864	0	43004,40744,40440,25235,25235,25235,25235	2	15	27883,10869,0,0,0,0,0	195	19758
169065	594	1442	975	464	460	109	46	8	4686	352	545	443	295	5	141	9440	1459	2631	93,0,0,0,0,0	71575	648	336	39008	886	0	43609,41371,41044,25556,25556,25556,25556	2	22	27901,11183,0,0,0,0,0	191	20286
168944	586	1435	956	461	480	107	55	7	4812	354	549	442	273	5	163	9132	1470	2610	94,0,0,0,0,0	48191	641	429	39416	907	0	44322,42106,41755,25961,25961,25961,25961	2	23	27919,11591,0,0,0,0,0	202	20802
168808	616	1385	968	467	463	111	58	6	4951	359	554	427	322	6	143	9274	1494	2574	94,0,0,0,0,0	47824	665	415	39814	927	0	45009,42816,42441,26361,26361,26361,26361	2	24	27936,11986,0,0,0,0,0	204	21328
168668	620	1371	946	477	466	123	67	8	5084	361	555	439	253	6	150	9067	1506	2564	94,0,0,0,0,0	47950	624	435	40219	960	0	45682,43514,43115,26757,26757,26757,26757	3	32	27960,12393,0,0,0,0,0	210	21826
168540	636	1340	930	494	447	131	68	8	5231	364	557	410	225	8	157	8782	1475	2571	94,0,0,0,0,0	47650	672	435	40637	979	0	46378,44233,43810,27161,27161,27161,27161	2	17	27979,12808,0,0,0,0,0	234	22370
168419	635	1396	892	461	438	131	79	7	5365	364	559	427	292	6	134	8612	1429	2603	94,0,0,0,0,0	47462	642	426	41039	1003	0	47048,44930,44482,27551,27551,27551,27551	2	17	27997,13209,0,0,0,0,0	238	22883
168432	621	1311	889	464	435	129	80	9	5450	366	560	435	240	3	128	8361	1412	2517	94,0,0,0,0,0	71443	638	330	41354	1019	0	47625,45535,45058,27827,27827,27827,27827	2	14	28007,13525,0,0,0,0,0	249	23397
168462	561	1246	861	456	446	132	80	11	5561	368	562	418	309	3	117	8267	1348	2434	95,0,0,0,0,0	71280	876	299	41636	1038	0	48156,46100,45596,28103,28103,28103,28103	2	10	28015,13811,0,0,0,0,0	249	24108
168420	550	1246	839	426	440	135	77	15	5658	372	568	409	307	7	140	8303	1331	2382	95,0,0,0,0,0	47333	858	377	41989	1065	0	48779,46758,46226,28444,28444,28444,28444	2	23	28026,14175,0,0,0,0,0	241	24790
168357	589	1193	819	431	431	140	73	14	5749	381	569	395	284	8	133	8892	1307	2369	95,0,0,0,0,0	47954	924	386	42353	1087	0	49472,47479,46919,28799,28799,28799,28799	2	11	28037,14546,0,0,0,0,0	243	25557
168306	581	1158	843	443	414	141	77	14	5812	385	572	391	286	6	135	9206	1304	2353	95,0,0,0,0,0	47776	872	377	42713	1106	0	50143,48177,47590,29136,29136,29136,29136	2	17	28044,14916,0,0,0,0,0	239	26261
168249	584	1205	833	432	403	133	75	16	5853	389	574	388	271	5	132	9197	1279	2386	96,0,0,0,0,0	48107	877	405	43103	1124	0	50851,48914,48297,29495,29495,29495,29495	2	19	28051,15313,0,0,0,0,0	240	26968
168240	578	1223	821	411	392	132	75	15	5890	391	578	404	315	6	117	8960	1232	2400	96,0,0,0,0,0	48190	871	389	43470	1148	0	51541,49637,48987,29821,29821,29821,29821	2	16	28058,15692,0,0,0,0,0	239	27642
168270	564	1186	817	404	386	137	74	13	5919	398	578	393	302	7	101	8582	1162	2406	97,0,0,0,0,0	71701	895	335	43785	1172	0	52155,50282,49601,30095,30095,30095,30095	2	12	28065,16016,0,0,0,0,0	235	28352
168363	502	1169	807	395	377	144	70	15	5921	403	580	404	274	3	129	8271	1142	2322	97,0,0,0,0,0	70998	1046	279	44049	1190	0	52842,51001,50288,30365,30365,30365,30365	1	13	28070,16285,0,0,0,0,0	248	29188
168371	506	1169	788	394	378	140	66	18	5926	408	582	399	317	8	136	7871	1169	2272	97,0,0,0,0,0	47391	1059	371	44398	1216	0	53613,51805,51059,30716,30716,30716,30716	1	8	28074,16650,0,0,0,0,0	249	30028
168391	529	1127	778	383	376	138	66	17	5948	410	583	412	254	7	121	7835	1176	2221	97,0,0,0,0,0	47079	1042	345	44719	1241	0	54396,52621,51844,31069,31069,31069,31069	1	20	28077,16986,0,0,0,0,0	245	30833
168404	549	1111	776	368	379	148	69	16	5931	410	585	432	226	4	116	8346	1170	2230	97,0,0,0,0,0	47845	1078	356	45048	1271	0	55151,53408,52599,31414,31414,31414,31414	1	19	28081,17330,0,0,0,0,0	255	31693
168396	554	1142	756	373	350	140	67	16	5951	413	588	405	288	7	137	7861	1195	2187	97,0,0,0,0,0	47780	1054	352	45381	1292	0	55914,54201,53363,31772,31772,31772,31772	1	18	28091,17668,0,0,0,0,0	252	32512
168440	567	1100	740	373	372	128	67	14	5941	416	588	382	268	3	100	7214	1129	2218	98,0,0,0,0,0	47334	1070	348	45713	1310	0	56646,54967,54095,32087,32087,32087,32087	1	14	28096,18006,0,0,0,0,0	239	33343
168560	529	1061	752	359	368	132	61	11	5896	427	590	397	254	5	118	7078	1121	2141	98,0,0,0,0,0	70458	1104	276	45977	1324	0	57335,55691,54785,32351,32351,32351,32351	1	7	28103,18272,0,0,0,0,0	238	34194
168647	462	1048	738	346	383	135	61	12	5892	432	590	380	299	5	92	7312	1071	2102	98,0,0,0,0,0	70761	1394	251	46203	1349	0	58058,56444,55510,32633,32633,32633,32633	1	14	28104,18519,0,0,0,0,0	233	35259
168735	446	1051	712	340	391	131	63	12	5838	435	592	420	266	3	112	7630	1075	2059	98,0,0,0,0,0	46718	1341	311	46503	1362	0	58861,57283,56314,32953,32953,32953,32953	1	26	28109,18823,0,0,0,0,0	237	36285
168822	460	1007	669	337	351	132	61	12	5860	441	594	413	258	5	99	7669	1014	2003	98,0,0,0,0,0	47210	1350	283	46779	1371	0	59630,58084,57083,33256,33256,33256,33256	1	15	28110,19102,0,0,0,0,0	222	37322
168945	462	960	663	321	359	129	63	14	5791	442	597	404	325	8	110	7506	991	1966	98,0,0,0,0,0	46967	1386	279	47043	1386	0	60386,58875,57840,33541,33541,33541,33541	1	10	28111,19377,0,0,0,0,0	227	38376
169092	420	955	657	324	325	121	63	18	5729	444	598	404	329	9	109	7650	990	1875	98,0,0,0,0,0	38658	1368	257	47278	1409	0	61105,59629,58561,33796,33796,33796,33796	1	11	28114,19625,0,0,0,0,0	218	39387
169168	422	936	663	330	317	114	63	21	5661	448	603	391	293	6	102	7147	967	1878	98,0,0,0,0,0	38807	1385	285	47542	1430	0	61846,60403,59303,34093,34093,34093,34093	1	21	28118,19898,0,0,0,0,0	205	40385
169328	400	885	661	310	305	110	62	18	5606	453	608	395	316	5	87	6732	908	1825	98,0,0,0,0,0	40706	1347	224	47747	1449	0	62535,61127,59994,34326,34326,34326,34326	1	7	28119,20118,0,0,0,0,0	203	41397
169513	370	862	624	300	294	101	58	17	5533	461	613	397	244	4	94	6489	854	1755	98,0,0,0,0,0	40472	1090	210	47943	1466	0	63229,61856,60690,34542,34542,34542,34542	1	7	28123,20321,0,0,0,0,0	182	42213
169615	360	834	602	301	299	97	52	15	5492	465	614	403	264	4	100	6845	876	1669	98,0,0,0,0,0	38082	1058	241	48174	1477	0	63947,62605,61408,34800,34800,34800,34800	1	15	28125,20559,0,0,0,0,0	177	42998
169790	323	810	598	310	293	92	47	15	5381	470	617	416	229	5	86	6069	849	1624	98,0,0,0,0,0	37644	1096	209	48374	1487	0	64638,63330,62100,35007,35007,35007,35007	1	8	28126,20764,0,0,0,0,0	170	43783
169956	326	774	587	283	270	88	44	16	5309	473	620	397	290	2	82	5884	796	1576	98,0,0,0,0,0	37212	1103	206	48575	1494	0	65318,64045,62782,35216,35216,35216,35216	1	10	28129,20966,0,0,0,0,0	166	44554
170097	329	758	589	267	265	81	46	16	5200	477	621	422	320	7	87	5418	779	1556	98,0,0,0,0,0	36837	1086	231	48791	1510	0	66021,64780,63484,35445,35445,35445,35445	1	9	28129,21191,0,0,0,0,0	144	45299
170212	332	701	587	277	259	74	42	17	5140	482	623	470	244	2	74	5420	759	1513	98,0,0,0,0,0	36893	1099	222	48995	1529	0	66701,65491,64167,35677,35677,35677,35677	1	12	28132,21406,0,0,0,0,0	130	46053
170387	301	679	570	257	237	69	44	13	5080	483	626	470	264	3	60	5195	691	1466	98,0,0,0,0,0	39211	1099	156	49138	1543	0	67328,66149,64795,35854,35854,35854,35854	1	7	28132,21560,0,0,0,0,0	135	46849
170593	275	661	538	231	242	64	43	13	4971	486	629	443	250	3	78	4928	668	1386	99,0,0,0,0,0	39235	955	158	49286	1556	0	67935,66791,65405,36005,36005,36005,36005	1	14	28134,21716,0,0,0,0,0	125	47537
170714	285	639	525	201	243	65	41	15	4899	489	630	422	313	3	72	4919	650	1349	99,0,0,0,0,0	29824	925	195	49464	1574	0	68559,67446,66034,36198,36198,36198,36198	1	8	28134,21904,0,0,0,0,0	129	48159
170900	281	584	479	196	236	64	40	14	4829	492	631	428	274	5	69	5054	596	1284	99,0,0,0,0,0	29909	860	146	49602	1582	0	69170,68090,66648,36346,36346,36346,36346	1	9	28134,22049,0,0,0,0,0	133	48750
171108	248	573	445	182	224	60	37	12	4728	495	634	416	247	1	62	4741	563	1206	99,0,0,0,0,0	29948	863	134	49726	1592	0	69745,68696,67226,36472,36472,36472,36472	1	8	28134,22180,0,0,0,0,0	123	49366
171247	246	544	439	175	203	64	35	9	4649	499	636	442	246	1	66	4494	538	1168	99,0,0,0,0,0	29381	875	148	49864	1603	0	70338,69317,67822,36637,36637,36637,36637	1	14	28134,22325,0,0,0,0,0	121	49945
171463	241	497	429	173	183	60	33	8	4520	502	637	448	249	2	60	4664	485	1131	99,0,0,0,0,0	24213	883	143	49998	1613	0	70909,69923,68397,36762,36762,36762,36762	1	8	28134,22467,0,0,0,0,0	109	50563
171663	236	452	410	172	174	56	32	7	4400	503	641	432	312	4	58	4590	476	1056	99,0,0,0,0,0	30462	898	115	50110	1618	0	71490,70534,68981,36897,36897,36897,36897	1	2	28135,22580,0,0,0,0,0	101	51176
171863	204	443	372	150	164	52	31	8	4310	506	643	453	280	6	44	4337	445	971	99,0,0,0,0,0	30680	1187	100	50206	1622	0	72059,71133,69554,37018,37018,37018,37018	1	2	28135,22677,0,0,0,0,0	92	52023
172038	188	423	367	142	146	49	27	9	4202	509	646	481	270	1	55	4406	429	913	99,0,0,0,0,0	23966	1248	115	50315	1628	0	72617,71719,70117,37145,37145,37145,37145	0	8	28135,22790,0,0,0,0,0	86	52951
172193	168	435	359	133	133	48	27	8	4085	510	647	488	296	1	38	4266	397	906	99,0,0,0,0,0	24167	1190	114	50421	1636	0	73143,72274,70649,37263,37263,37263,37263	0	9	28135,22904,0,0,0,0,0	87	53820
172366	162	408	351	130	126	48	25	8	3960	513	649	517	245	2	39	3910	376	874	99,0,0,0,0,0	23637	1198	103	50517	1643	0	73697,72855,71208,37380,37380,37380,37380	0	0	28135,23005,0,0,0,0,0	84	54696
172560	164	373	354	124	124	43	23	6	3808	516	651	506	317	2	42	3718	372	833	99,0,0,0,0,0	23559	1217	108	50619	1650	0	74219,73408,71735,37481,37481,37481,37481	0	6	28135,23110,0,0,0,0,0	82	55586
172738	156	346	333	124	107	42	20	6	3702	518	654	516	251	2	35	3308	332	796	99,0,0,0,0,0	23061	1263	86	50699	1657	0	74746,73963,72269,37592,37592,37592,37592	0	3	28135,23195,0,0,0,0,0	72	56500
172936	131	331	320	112	105	42	20	6	3570	518	655	518	241	2	35	3056	303	758	99,0,0,0,0,0	27515	1228	74	50768	1662	0	75268,74511,72797,37699,37699,37699,37699	0	4	28135,23266,0,0,0,0,0	72	57379
173105	133	320	303	92	84	39	18	4	3470	521	657	508	244	1	27	2788	260	729	99,0,0,0,0,0	27480	589	89	50856	1663	0	75965,75235,73503,37910,37910,37910,37910	0	3	28135,23355,0,0,0,0,0	66	57774
173272	131	301	288	99	81	37	19	4	3329	521	664	524	275	1	37	2606	252	704	99,0,0,0,0,0	21625	640	70	50924	1665	0	76676,75972,74221,38117,38117,38117,38117	0	1	28136,23423,0,0,0,0,0	69	58247
173458	114	288	272	92	78	33	17	3	3201	524	666	523	249	0	26	2554	227	667	99,0,0,0,0,0	21135	590	66	50986	1669	0	77353,76678,74909,38297,38297,38297,38297	0	2	28136,23488,0,0,0,0,0	62	58681
173627	94	265	253	88	75	32	15	7	3100	524	666	520	230	2	31	2350	211	611	99,0,0,0,0,0	21633	618	51	51035	1672	0	78030,77380,75595,38489,38489,38489,38489	0	3	28136,23540,0,0,0,0,0	57	59120
173776	95	247	250	87	70	29	14	6	2978	525	669	488	266	1	23	2055	195	597	99,0,0,0,0,0	21188	605	61	51089	1679	0	78717,78091,76292,38701,38701,38701,38701	0	5	28136,23598,0,0,0,0,0	50	59565
173950	108	221	231	80	66	29	14	7	2844	525	671	483	287	1	24	2045	191	558	99,0,0,0,0,0	20944	584	65	51150	1683	0	79410,78812,76996,38909,38909,38909,38909	0	4	28136,23663,0,0,0,0,0	50	59978
174123	102	206	218	77	64	24	13	7	2709	525	678	512	344	1	17	1893	160	544	99,0,0,0,0,0	26361	533	56	51204	1685	0	80078,79506,77674,39102,39102,39102,39102	0	3	28137,23718,0,0,0,0,0	45	60345
174275	94	187	207	71	62	25	11	8	2598	526	682	515	86	0	18	1611	157	500	99,0,0,0,0,0	26234	814	38	51240	1688	0	80474,79923,78077,39146,39146,39146,39146	0	6	28137,23756,0,0,0,0,0	41	60946
174370	86	188	201	60	49	27	12	7	2535	526	685	496	237	1	24	1630	158	465	99,0,0,0,0,0	15323	797	50	51286	1692	0	80895,80362,78507,39221,39221,39221,39221	0	2	28137,23805,0,0,0,0,0	40	61530
174501	74	181	184	61	48	25	12	6	2441	526	687	528	261	1	24	1559	155	430	99,0,0,0,0,0	15292	774	39	51324	1693	0	81295,80781,78915,39274,39274,39274,39274	0	0	28137,23844,0,0,0,0,0	40	62096
174624	65	196	164	54	39	23	9	6	2345	529	692	514	243	0	16	1418	143	407	99,0,0,0,0,0	15247	852	53	51370	1700	0	81700,81202,79327,39336,39336,39336,39336	0	5	28138,23895,0,0,0,0,0	34	62716
174749	75	172	157	54	39	22	6	6	2241	532	693	533	109	0	13	1364	127	398	99,0,0,0,0,0	14957	776	41	51409	1702	0	82099,81616,79733,39396,39396,39396,39396	0	2	28139,23934,0,0,0,0,0	30	63303
174858	77	174	146	42	43	23	7	5	2140	533	698	528	150	0	8	1086	112	400	99,0,0,0,0,0	14975	806	48	51455	1704	0	82499,82032,80141,39465,39465,39465,39465	0	4	28139,23982,0,0,0,0,0	30	63894
174988	70	164	137	43	39	23	8	3	2033	533	705	533	249	0	10	933	98	386	99,0,0,0,0,0	25518	783	35	51487	1707	0	82881,82431,80531,39515,39515,39515,39515	0	1	28139,24016,0,0,0,0,0	30	64457
175092	58	153	130	46	40	23	8	3	1949	533	711	511	258	1	19	1034	104	354	99,0,0,0,0,0	25708	1040	29	51514	1709	0	83303,82865,80958,39581,39581,39581,39581	0	0	28139,24045,0,0,0,0,0	32	65237
175209	46	148	120	42	45	20	7	3	1855	534	717	525	258	0	13	1311	106	322	99,0,0,0,0,0	14746	1054	28	51540	1711	0	83697,83273,81358,39622,39622,39622,39622	0	1	28139,24073,0,0,0,0,0	29	66004
175331	39	134	110	38	52	17	7	4	1759	535	720	504	273	0	16	1392	105	292	99,0,0,0,0,0	15123	1060	28	51566	1713	0	84057,83647,81725,39644,39644,39644,39644	0	1	28139,24100,0,0,0,0,0	23	66770
175426	50	109	112	40	47	18	7	3	1676	535	723	515	281	1	17	1479	102	281	99,0,0,0,0,0	14997	1020	34	51598	1715	0	84457,84059,82131,39694,39694,39694,39694	0	0	28139,24134,0,0,0,0,0	26	67507
175525	51	95	102	35	44	20	6	4	1602	535	727	536	92	0	10	1689	93	260	99,0,0,0,0,0	15181	1096	26	51621	1718	0	84830,84445,82511,39741,39741,39741,39741	0	0	28139,24160,0,0,0,0,0	27	68309
175641	42	95	101	35	35	19	4	5	1502	536	731	539	248	0	11	1610	86	245	99,0,0,0,0,0	15361	1042	23	51643	1719	0	85212,84841,82900,39777,39777,39777,39777	0	0	28139,24183,0,0,0,0,0	25	69076
175728	41	87	96	23	35	19	4	4	1437	536	736	535	80	0	11	1655	84	221	99,0,0,0,0,0	21066	1077	25	51667	1720	0	85591,85232,83286,39833,39833,39833,39833	0	0	28140,24207,0,0,0,0,0	25	69879
175811	36	82	94	23	31	19	3	4	1366	537	740	527	265	0	11	1606	81	207	99,0,0,0,0,0	20838	402	15	51680	1723	0	86126,85778,83830,39971,39971,39971,39971	0	2	28140,24222,0,0,0,0,0	26	70167
175909	27	92	84	20	32	18	3	3	1278	537	743	522	269	1	8	1618	80	196	99,0,0,0,0,0	12432	318	23	51699	1727	0	86683,86348,84396,40097,40097,40097,40097	0	0	28140,24244,0,0,0,0,0	23	70406
175989	25	81	83	20	24	14	3	3	1217	537	750	528	87	1	5	1419	73	177	99,0,0,0,0,0	12204	341	17	51714	1729	0	87220,86897,84941,40222,40222,40222,40222	0	1	28140,24261,0,0,0,0,0	20	70641
176060	26	69	80	17	29	13	3	2	1156	537	754	523	269	0	6	1200	73	164	99,0,0,0,0,0	12208	344	17	51731	1729	0	87752,87438,85481,40351,40351,40351,40351	0	1	28140,24278,0,0,0,0,0	17	70885
176137	29	54	81	17	27	13	3	0	1091	537	757	524	84	0	5	865	63	161	99,0,0,0,0,0	11755	313	16	51747	1729	0	88313,88010,86050,40493,40493,40493,40493	0	2	28140,24294,0,0,0,0,0	16	71104
176211	32	53	77	17	24	14	3	0	1017	537	761	526	102	0	4	745	60	160	99,0,0,0,0,0	11662	350	20	51766	1730	0	88870,88579,86618,40639,40639,40639,40639	0	2	28140,24314,0,0,0,0,0	14	71336
176281	32	45	70	11	23	14	3	0	964	537	766	555	96	0	7	573	49	149	100,0,0,0,0,0	20007	343	15	51780	1731	0	89431,89150,87188,40795,40795,40795,40795	0	0	28140,24329,0,0,0,0,0	17	71577
176343	31	44	63	9	16	12	2	0	919	538	769	532	108	0	4	346	39	138	100,0,0,0,0,0	19867	307	13	51793	1731	0	89602,89329,87364,40727,40727,40727,40727	0	1	28140,24342,0,0,0,0,0	15	71802
176412	31	42	59	7	14	11	1	0	858	539	772	543	269	0	7	270	32	133	100,0,0,0,0,0	11087	299	13	51806	1731	0	89780,89514,87544,40647,40647,40647,40647	0	0	28140,24355,0,0,0,0,0	12	72003
176453	27	39	53	8	15	11	1	0	822	539	778	521	104	0	2	261	28	126	100,0,0,0,0,0	10961	324	11	51817	1731	0	89936,89675,87704,40565,40565,40565,40565	0	1	28140,24366,0,0,0,0,0	12	72231
176496	29	43	46	9	10	11	1	0	782	539	780	530	79	0	3	188	23	126	100,0,0,0,0,0	10983	304	17	51832	1733	0	90103,89849,87876,40496,40496,40496,40496	0	0	28140,24383,0,0,0,0,0	14	72459
176555	23	42	47	9	9	11	1	0	728	539	782	537	89	0	0	173	14	128	100,0,0,0,0,0	10919	305	9	51841	1733	0	90252,90006,88030,40407,40407,40407,40407	0	1	28140,24392,0,0,0,0,0	13	72694
176591	19	44	49	5	8	8	1	0	698	539	784	536	98	0	3	194	13	121	100,0,0,0,0,0	10987	337	10	51851	1733	0	90406,90166,88188,40331,40331,40331,40331	0	1	28140,24402,0,0,0,0,0	10	72932
176622	19	42	47	6	9	7	1	0	667	539	787	550	258	0	3	183	12	119	100,0,0,0,0,0	19369	334	16	51865	1735	0	90549,90315,88336,40255,40255,40255,40255	0	1	28140,24418,0,0,0,0,0	9	73164
176665	16	44	40	9	8	7	1	0	626	539	791	554	99	1	3	175	17	108	100,0,0,0,0,0	19528	155	9	51874	1735	0	90768,90539,88560,40219,40219,40219,40219	0	1	28140,24427,0,0,0,0,0	9	73275
176712	11	39	41	10	9	5	2	0	583	539	795	593	104	0	2	221	19	98	100,0,0,0,0,0	10903	150	4	51877	1736	0	90958,90734,88755,40160,40160,40160,40160	0	1	28140,24430,0,0,0,0,0	7	73384
