S	E	I1	I2	I3	I4	I5_h	I6_h	R_h	R	D1	D2	H	T	P1	P2	Q	QT	NQ	MUT	HOM	VAC	NI	INF	REINF	BSTR	IMM	HCI	HCE	INFV	INFH	VNI
178116	147	125	51	37	32	8	6	0	223	1	0	197	0	0	0	54	54	352	0,0,0,0,0,0	178745	0	0	406	0	0	630,630,630,630,630,630,630	0	0	0,0,0,0,0,0,0	0	0
178064	110	189	59	37	32	8	10	0	234	1	2	304	269	2	66	127	60	385	0,0,0,0,0,0	12770	0	61	468	0	0	682,682,682,682,682,682,682	0	7	62,0,0,0,0,0,0	15	0
177988	115	216	78	38	39	9	12	0	246	1	4	388	251	0	16	231	85	422	0,0,0,0,0,0	12671	0	88	556	0	0	759,759,759,759,759,759,759	0	3	150,0,0,0,0,0,0	22	0
177916	130	221	96	53	38	9	13	0	264	1	5	502	243	2	21	362	102	458	0,0,0,0,0,0	12766	0	86	644	0	0	833,833,833,833,833,833,833	0	5	238,0,0,0,0,0,0	25	0
177852	127	238	111	52	44	9	13	0	293	1	6	558	261	1	15	694	120	474	0,0,0,0,0,0	25345	0	83	727	0	0	902,902,902,902,902,902,902	0	4	321,0,0,0,0,0,0	24	0
177797	129	248	108	57	47	13	13	0	317	1	16	619	248	1	17	756	141	474	0,0,0,0,0,0	24919	0	71	798	0	0	961,961,961,961,961,961,961	0	4	392,0,0,0,0,0,0	23	0
177697	136	270	120	58	55	13	13	1	358	1	24	663	268	0	23	943	172	493	0,0,0,0,0,0	13797	0	102	900	0	0	1064,1064,1064,1064,1064,1064,1064	0	7	494,0,0,0,0,0,0	28	0
177607	146	286	127	60	71	13	11	2	393	3	27	662	272	1	23	1080	207	507	0,0,0,0,0,0	13930	0	105	1005	0	0	1159,1158,1158,1157,1157,1157,1157	0	7	599,0,0,0,0,0,0	26	0
177507	163	300	153	68	78	14	13	2	414	3	31	657	325	0	26	1260	245	544	0,0,0,0,0,0	14034	0	123	1126	2	0	1264,1263,1263,1261,1261,1261,1261	0	10	722,0,0,0,0,0,0	30	0
177414	163	325	162	72	76	11	12	2	467	4	38	650	106	0	17	1339	236	585	0,0,0,0,0,0	14186	0	109	1234	3	0	1366,1365,1365,1362,1362,1362,1362	0	7	831,0,0,0,0,0,0	25	0
177316	157	347	185	74	86	11	14	2	506	5	43	666	243	0	23	1450	255	619	0,0,0,0,0,0	14181	0	110	1344	3	0	1472,1471,1471,1466,1466,1466,1466	0	11	941,0,0,0,0,0,0	26	0
177220	175	333	196	80	96	14	15	2	561	6	48	660	98	1	19	1388	281	628	0,0,0,0,0,0	26313	0	112	1455	4	0	1579,1577,1577,1569,1569,1569,1569	0	7	1053,0,0,0,0,0,0	30	0
177128	176	335	204	88	90	16	15	4	633	6	51	683	245	2	38	1422	307	617	0,0,0,0,0,0	25980	0	104	1559	5	0	1680,1677,1677,1666,1666,1666,1666	0	5	1158,0,0,0,0,0,0	33	0
177057	165	336	208	99	90	18	14	4	691	7	57	698	299	3	26	1450	295	635	0,0,0,0,0,0	14557	0	101	1660	6	0	1768,1764,1764,1749,1749,1749,1749	0	9	1260,0,0,0,0,0,0	33	0
176967	180	343	208	106	84	21	12	4	750	9	62	686	251	3	33	1627	320	634	0,0,0,0,0,0	14276	0	117	1774	10	0	1881,1874,1874,1852,1852,1852,1852	1	6	1378,0,0,0,0,0,0	40	0
176886	171	353	221	114	88	22	14	5	793	10	69	685	308	4	38	1745	358	625	0,0,0,0,0,0	14568	0	108	1883	11	0	1989,1980,1980,1949,1949,1949,1949	1	11	1488,0,0,0,0,0,0	38	0
176763	178	391	223	115	84	23	11	5	870	14	69	698	242	2	30	1971	355	670	0,0,0,0,0,0	14794	0	156	2038	12	0	2132,2121,2121,2084,2084,2084,2084	1	16	1644,0,0,0,0,0,0	39	0
176676	186	392	223	117	101	21	10	6	925	15	74	716	253	2	33	2151	367	683	0,0,0,0,0,0	14908	0	129	2166	13	0	2256,2242,2242,2192,2192,2192,2192	1	7	1773,0,0,0,0,0,0	41	0
176594	194	399	235	108	102	22	13	4	984	15	76	700	247	1	32	2351	372	701	0,0,0,0,0,0	26855	0	131	2295	15	0	2373,2356,2356,2295,2295,2295,2295	1	5	1904,0,0,0,0,0,0	41	0
176520	206	373	261	121	103	20	13	3	1034	15	77	724	241	2	29	2771	384	713	0,0,0,0,0,0	27128	0	121	2415	16	0	2483,2463,2463,2392,2392,2392,2392	1	7	2024,0,0,0,0,0,0	43	0
176417	223	396	242	124	104	23	15	3	1104	15	80	693	300	0	42	3093	391	736	0,0,0,0,0,0	15909	0	157	2571	17	0	2624,2601,2601,2517,2517,2517,2517	1	14	2181,0,0,0,0,0,0	49	0
176341	237	415	234	109	111	23	16	2	1158	17	83	685	303	3	29	3222	372	773	0,0,0,0,0,0	16075	0	149	2718	20	0	2757,2728,2728,2626,2626,2626,2626	1	13	2328,0,0,0,0,0,0	48	0
176221	243	442	245	118	125	27	17	2	1201	18	87	681	250	2	37	2965	381	836	0,0,0,0,0,0	16146	0	170	2889	20	0	2921,2888,2888,2771,2771,2771,2771	1	10	2499,0,0,0,0,0,0	50	0
176110	255	471	255	123	127	29	17	3	1247	18	91	674	301	0	51	3120	405	872	0,0,0,0,0,0	15975	0	180	3069	21	0	3088,3050,3050,2914,2914,2914,2914	1	15	2679,0,0,0,0,0,0	62	0
176000	268	479	276	132	127	29	17	4	1299	19	96	675	267	1	51	3169	406	922	0,0,0,0,0,0	16240	0	174	3243	21	0	3255,3212,3212,3057,3057,3057,3057	1	18	2853,0,0,0,0,0,0	61	0
175934	253	511	276	135	115	37	19	3	1340	19	104	667	247	0	38	2959	395	951	0,0,0,0,0,0	27447	0	143	3386	22	0	3389,3339,3339,3159,3159,3159,3159	1	6	2997,0,0,0,0,0,0	65	0
175859	251	506	317	142	126	39	20	3	1357	21	105	648	250	0	45	2934	421	980	0,0,0,0,0,0	27746	0	160	3546	24	0	3538,3480,3480,3274,3274,3274,3274	1	9	3157,0,0,0,0,0,0	75	0
175731	267	530	323	146	136	39	22	3	1417	22	110	670	250	1	40	2827	417	1046	0,0,0,0,0,0	15800	0	199	3744	26	0	3725,3662,3662,3437,3437,3437,3437	2	25	3355,0,0,0,0,0,0	79	0
175580	291	554	336	150	133	38	20	1	1504	26	113	627	256	0	49	3062	417	1105	0,0,0,0,0,0	16007	0	224	3965	29	0	3937,3868,3868,3621,3621,3621,3621	2	24	3577,0,0,0,0,0,0	79	0
175476	295	563	366	170	143	38	20	1	1531	27	116	612	251	1	54	3007	458	1137	0,0,0,0,0,0	15873	0	197	4163	30	0	4123,4046,4046,3770,3770,3770,3770	2	17	3775,0,0,0,0,0,0	79	0
175342	307	614	352	169	143	39	22	4	1610	27	117	602	87	2	47	3167	453	1193	0,0,0,0,0,0	16048	0	235	4396	32	0	4339,4254,4254,3948,3948,3948,3948	2	13	4009,0,0,0,0,0,0	74	0
175175	341	655	354	159	145	46	21	4	1693	29	124	599	280	1	56	3674	466	1255	0,0,0,0,0,0	16293	0	246	4645	33	0	4586,4492,4492,4157,4157,4157,4157	2	21	4258,0,0,0,0,0,0	78	0
175068	323	672	356	173	171	46	22	4	1751	31	129	622	246	4	47	3680	492	1271	0,0,0,0,0,0	28122	0	199	4844	34	0	4780,4678,4678,4310,4310,4310,4310	2	16	4457,0,0,0,0,0,0	90	0
174945	319	707	377	194	158	45	22	4	1809	33	133	616	265	3	61	3908	517	1305	0,0,0,0,0,0	28454	0	225	5067	36	0	4996,4884,4884,4482,4482,4482,4482	2	20	4680,0,0,0,0,0,0	93	0
174766	339	752	399	187	187	49	18	6	1863	37	143	624	287	1	64	4485	573	1358	0,0,0,0,0,0	17360	0	272	5338	38	0	5267,5145,5145,4710,4710,4710,4710	2	24	4952,0,0,0,0,0,0	88	0
174557	389	773	412	206	197	51	20	4	1952	38	147	642	291	4	63	4712	617	1431	0,0,0,0,0,0	17397	0	296	5632	40	0	5553,5424,5424,4959,4959,4959,4959	2	19	5246,0,0,0,0,0,0	99	0
174383	416	806	418	206	210	52	21	4	2041	39	150	628	327	2	58	5213	629	1500	0,0,0,0,0,0	17741	0	294	5923	44	0	5834,5693,5693,5188,5188,5188,5188	2	37	5538,0,0,0,0,0,0	103	0
174207	433	845	447	216	223	57	25	4	2095	41	153	587	299	2	81	5349	699	1547	0,0,0,0,0,0	18117	0	315	6236	46	0	6138,5984,5984,5430,5430,5430,5430	3	30	5851,0,0,0,0,0,0	106	0
174036	457	876	474	223	213	68	26	5	2171	42	155	560	308	2	78	5421	727	1610	0,0,0,0,0,0	18352	0	309	6544	49	0	6436,6268,6268,5667,5667,5667,5667	3	39	6160,0,0,0,0,0,0	116	0
173908	439	883	472	242	249	64	25	9	2256	42	157	553	302	2	72	5420	741	1633	0,0,0,0,0,0	29593	0	250	6795	50	0	6678,6499,6499,5854,5854,5854,5854	3	20	6411,0,0,0,0,0,0	129	0
173752	441	888	523	239	255	63	27	8	2345	45	160	551	316	5	69	5246	788	1648	0,0,0,0,0,0	29473	0	272	7066	52	0	6942,6751,6751,6065,6065,6065,6065	3	22	6682,0,0,0,0,0,0	131	0
173515	474	930	544	248	263	61	31	5	2469	46	160	555	259	7	97	5659	845	1706	0,0,0,0,0,0	18624	0	352	7419	53	0	7282,7081,7081,6355,6355,6355,6355	3	40	7035,0,0,0,0,0,0	124	0
173316	492	949	567	253	281	63	34	4	2573	48	166	551	252	2	84	5694	876	1763	0,0,0,0,0,0	18870	0	340	7758	54	0	7613,7397,7397,6621,6621,6621,6621	4	28	7374,0,0,0,0,0,0	131	0
173099	495	1022	580	252	287	64	34	3	2688	53	169	552	327	6	90	5620	917	1817	0,0,0,0,0,0	18389	0	355	8114	54	0	7959,7729,7729,6904,6904,6904,6904	4	42	7730,0,0,0,0,0,0	141	0
172906	505	1045	598	264	281	63	38	2	2818	54	172	550	245	7	89	5647	929	1865	0,0,0,0,0,0	18493	0	333	8448	54	0	8285,8042,8042,7165,7165,7165,7165	4	45	8064,0,0,0,0,0,0	148	0
172703	536	1046	634	271	289	64	42	4	2928	55	174	525	235	1	69	5649	937	1945	0,0,0,0,0,0	18666	0	363	8817	54	0	8644,8384,8384,7447,7447,7447,7447	4	35	8433,0,0,0,0,0,0	143	0
172541	572	1042	645	275	287	67	45	4	3035	57	176	522	317	5	87	5604	944	1989	0,0,0,0,0,0	29805	0	341	9162	56	0	8976,8699,8699,7697,7697,7697,7697	4	27	8778,0,0,0,0,0,0	156	0
172428	544	1060	619	281	309	74	43	5	3145	58	180	533	293	4	77	5521	962	1968	0,0,0,0,0,0	29739	0	301	9461	60	0	9265,8969,8969,7899,7899,7899,7899	4	27	9077,0,0,0,0,0,0	170	0
172207	574	1104	614	298	321	85	42	4	3254	61	182	512	283	6	108	6251	1033	2005	0,0,0,0,0,0	19132	0	403	9866	61	0	9659,9344,9344,8208,8208,8208,8208	4	44	9482,0,0,0,0,0,0	178	0
172002	590	1165	628	323	316	88	39	4	3339	68	184	492	262	8	124	6486	1105	2044	0,0,0,0,0,0	19215	0	402	10262	68	0	10042,9708,9708,8502,8502,8502,8502	5	38	9879,0,0,0,0,0,0	180	0
171824	587	1176	697	342	312	84	42	5	3419	71	187	505	256	2	100	6614	1141	2099	0,0,0,0,0,0	34619	0	384	10644	74	0	10414,10059,10059,8778,8778,8778,8778	5	32	10263,0,0,0,0,0,0	179	0
171652	575	1195	719	328	319	88	45	4	3560	71	190	496	301	5	96	6706	1099	2170	0,0,0,0,0,0	34516	0	374	11020	76	0	10778,10403,10403,9046,9046,9046,9046	5	43	10639,0,0,0,0,0,0	192	0
171494	604	1165	722	346	362	95	49	3	3640	71	195	477	285	2	99	6960	1104	2239	0,0,0,0,0,0	34799	0	401	11415	82	0	11160,10761,10761,9318,9318,9318,9318	5	45	11034,0,0,0,0,0,0	192	0
171385	579	1137	772	358	342	90	53	3	3756	74	197	461	301	5	102	7124	1113	2218	0,0,0,0,0,0	47884	0	322	11737	88	0	11470,11049,11049,9528,9528,9528,9528	5	19	11356,0,0,0,0,0,0	194	0
171290	543	1151	767	354	340	96	55	6	3864	78	202	450	302	4	110	7085	1149	2157	0,0,0,0,0,0	47952	0	323	12060	91	0	11782,11339,11339,9733,9733,9733,9733	5	35	11679,0,0,0,0,0,0	202	0
171166	539	1133	780	353	353	100	52	10	3975	80	205	447	362	7	108	7699	1204	2106	0,0,0,0,0,0	35425	0	358	12416	93	0	12125,11658,11658,9967,9967,9967,9967	5	51	12036,0,0,0,0,0,0	194	0
171082	535	1114	777	336	361	102	54	11	4083	83	208	444	324	3	97	8120	1192	2087	0,0,0,0,0,0	35987	0	330	12743	98	0	12436,11944,11944,10164,10164,10164,10164	5	34	12363,0,0,0,0,0,0	199	0
170981	530	1124	780	354	351	105	56	15	4156	85	209	434	294	7	97	8172	1181	2119	0,0,0,0,0,0	36171	0	338	13084	101	0	12761,12246,12246,10377,10377,10377,10377	5	36	12705,0,0,0,0,0,0	203	0
170865	533	1134	789	328	344	98	60	16	4274	89	216	417	317	7	123	8423	1193	2093	0,0,0,0,0,0	36284	0	350	13430	106	0	13098,12559,12559,10603,10603,10603,10603	5	37	13051,0,0,0,0,0,0	203	0
170812	536	1104	775	341	340	95	60	18	4354	93	218	417	337	2	94	8964	1184	2067	0,0,0,0,0,0	36781	0	334	13760	110	0	13411,12844,12844,10786,10786,10786,10786	6	31	13381,0,0,0,0,0,0	186	0
170801	497	1095	774	317	334	98	59	19	4434	97	221	412	318	6	95	8867	1161	2013	0,0,0,0,0,0	48886	0	280	14040	112	0	13676,13082,13082,10925,10925,10925,10925	5	25	13661,0,0,0,0,0,0	192	0
170813	459	1023	786	330	346	98	52	20	4491	105	223	388	283	7	77	8549	1121	1973	0,0,0,0,0,0	49292	0	266	14306	114	0	13926,13304,13304,11045,11045,11045,11045	5	24	13928,0,0,0,0,0,0	192	0
170751	482	989	782	338	343	92	52	19	4564	110	224	372	317	11	122	9130	1172	1906	0,0,0,0,0,0	36377	0	323	14628	117	0	14231,13583,13583,11228,11228,11228,11228	5	38	14251,0,0,0,0,0,0	182	0
170733	503	963	746	337	346	90	50	17	4621	114	226	384	268	4	98	9319	1172	1863	0,0,0,0,0,0	36980	0	297	14923	121	0	14507,13831,13831,11373,11373,11373,11373	6	35	14546,0,0,0,0,0,0	182	0
170760	490	969	707	314	330	93	55	18	4665	115	230	378	268	6	101	8856	1136	1822	0,0,0,0,0,0	36850	0	293	15215	124	0	14781,14073,14073,11496,11496,11496,11496	6	51	14838,0,0,0,0,0,0	180	0
170760	500	957	698	324	325	99	59	17	4656	119	232	378	251	2	85	8441	1117	1845	0,0,0,0,0,0	36698	0	294	15510	124	0	15058,14320,14320,11633,11633,11633,11633	6	34	15133,0,0,0,0,0,0	183	0
170797	474	943	688	310	313	106	56	19	4681	125	234	393	232	6	101	8647	1129	1761	0,0,0,0,0,0	36000	0	264	15771	130	0	15301,14532,14532,11735,11735,11735,11735	6	36	15395,0,0,0,0,0,0	197	0
170865	418	942	655	305	305	100	57	20	4717	126	236	380	304	3	82	8256	1088	1694	0,0,0,0,0,0	48531	0	236	16010	130	0	15521,14722,14722,11811,11811,11811,11811	6	18	15634,0,0,0,0,0,0	204	0
170933	396	925	641	294	313	101	57	18	4698	129	241	389	278	4	85	7628	1073	1654	0,0,0,0,0,0	48629	0	230	16239	131	0	15732,14903,14903,11882,11882,11882,11882	5	28	15863,0,0,0,0,0,0	203	0
170953	400	912	633	282	320	103	53	20	4693	132	245	385	260	5	87	7511	1087	1616	0,0,0,0,0,0	35407	0	269	16505	134	0	15981,15123,15123,11995,11995,11995,11995	5	32	16129,0,0,0,0,0,0	192	0
170982	395	898	605	283	324	104	50	22	4695	137	251	417	325	6	91	7821	1085	1574	0,0,0,0,0,0	35568	0	265	16769	137	0	16226,15338,15338,12099,12099,12099,12099	6	38	16393,0,0,0,0,0,0	196	0
171050	383	870	613	271	305	100	53	19	4689	138	255	405	287	5	92	7823	1084	1511	0,0,0,0,0,0	35494	0	247	17013	141	0	16451,15531,15531,12176,12176,12176,12176	5	28	16638,0,0,0,0,0,0	184	0
171063	378	851	604	281	291	94	51	18	4714	142	259	405	236	2	66	6939	1024	1526	0,0,0,0,0,0	35690	0	247	17258	143	0	16680,15735,15735,12281,12281,12281,12281	5	29	16883,0,0,0,0,0,0	174	0
171154	378	811	594	285	284	96	52	17	4669	146	260	410	275	5	86	6838	989	1511	0,0,0,0,0,0	34732	0	226	17484	144	0	16884,15907,15907,12334,12334,12334,12334	5	26	17109,0,0,0,0,0,0	181	0
171255	353	805	587	283	263	93	49	18	4625	152	263	421	307	4	63	6663	941	1492	0,0,0,0,0,0	47378	0	202	17688	145	0	17069,16061,16061,12375,12375,12375,12375	5	19	17313,0,0,0,0,0,0	178	0
171310	354	758	581	285	271	93	49	17	4609	152	267	396	253	3	72	6439	917	1474	0,0,0,0,0,0	47122	0	222	17908	148	0	17272,16236,16236,12446,12446,12446,12446	5	18	17533,0,0,0,0,0,0	174	0
171402	365	727	557	272	265	82	51	14	4584	156	271	424	240	0	85	6147	879	1440	0,0,0,0,0,0	34526	0	217	18122	152	0	17466,16400,16400,12494,12494,12494,12494	4	18	17747,0,0,0,0,0,0	160	0
171487	368	716	555	261	249	82	48	14	4531	159	276	422	278	3	79	6038	900	1379	0,0,0,0,0,0	34264	0	209	18328	157	0	17653,16556,16556,12539,12539,12539,12539	4	27	17954,0,0,0,0,0,0	152	0
171547	388	687	525	241	249	81	49	13	4526	163	277	442	257	3	75	6094	867	1353	0,0,0,0,0,0	33873	0	222	18549	159	0	17853,16729,16729,12606,12606,12606,12606	4	19	18175,0,0,0,0,0,0	157	0
171591	355	741	528	232	238	88	48	10	4468	166	281	438	263	4	76	6064	858	1372	0,0,0,0,0,0	34000	0	247	18789	166	0	18075,16922,16922,12690,12690,12690,12690	4	31	18416,0,0,0,0,0,0	164	0
171675	333	761	513	202	222	92	43	12	4440	171	282	416	214	1	67	6171	834	1332	0,0,0,0,0,0	34078	0	209	18996	168	0	18261,17078,17078,12736,12736,12736,12736	4	15	18623,0,0,0,0,0,0	152	0
171774	321	724	529	207	215	87	43	10	4377	174	285	416	111	2	53	5841	797	1329	0,0,0,0,0,0	46851	0	186	19179	171	0	18425,17214,17214,12765,12765,12765,12765	4	10	18806,0,0,0,0,0,0	153	0
171896	306	676	519	209	212	81	45	8	4332	176	286	414	234	1	62	5715	777	1271	0,0,0,0,0,0	46446	0	164	19340	176	0	18566,17326,17326,12771,12771,12771,12771	4	15	18968,0,0,0,0,0,0	147	0
171967	320	650	502	199	219	72	45	10	4296	179	287	424	96	2	56	5361	751	1256	0,0,0,0,0,0	33429	0	212	19549	180	0	18754,17486,17486,12824,12824,12824,12824	4	21	19178,0,0,0,0,0,0	145	0
172093	323	608	482	213	227	70	43	9	4205	183	290	410	254	2	63	5538	722	1244	0,0,0,0,0,0	33586	0	183	19731	185	0	18912,17613,17613,12834,12834,12834,12834	4	22	19360,0,0,0,0,0,0	139	0
172172	316	637	460	214	198	77	42	10	4142	184	294	385	298	3	70	5267	730	1214	0,0,0,0,0,0	33367	0	213	19941	188	0	19102,17774,17774,12884,12884,12884,12884	4	27	19570,0,0,0,0,0,0	139	0
172285	301	633	439	211	197	72	41	12	4069	187	299	414	243	3	50	5278	711	1183	0,0,0,0,0,0	33445	0	165	20105	190	0	19246,17890,17890,12893,12893,12893,12893	3	21	19734,0,0,0,0,0,0	127	0
172376	274	622	425	202	202	70	34	13	4036	192	300	438	263	1	55	5101	680	1149	0,0,0,0,0,0	33262	0	164	20270	191	0	19390,18009,18009,12913,12913,12913,12913	3	17	19899,0,0,0,0,0,0	129	0
172482	257	607	430	191	205	71	33	10	3961	195	304	443	226	3	55	4683	662	1132	0,0,0,0,0,0	46007	0	174	20446	192	0	19547,18137,18137,12934,12934,12934,12934	3	13	20075,0,0,0,0,0,0	125	0
172591	259	571	423	204	201	67	32	7	3885	199	307	468	337	0	46	3977	624	1133	0,0,0,0,0,0	45450	0	158	20598	199	0	19681,18244,18244,12941,12941,12941,12941	3	12	20227,0,0,0,0,0,0	125	0
172681	257	591	402	202	184	71	37	7	3804	199	311	460	253	3	70	3980	649	1095	0,0,0,0,0,0	32088	0	183	20780	200	0	19843,18379,18379,12970,12970,12970,12970	3	18	20409,0,0,0,0,0,0	133	0
172791	254	571	397	196	191	67	38	7	3720	200	314	443	242	3	58	4227	646	1068	0,0,0,0,0,0	31979	0	155	20932	203	0	19973,18483,18483,12972,12972,12972,12972	3	12	20561,0,0,0,0,0,0	136	0
172880	257	581	400	196	192	67	41	8	3606	202	316	442	219	3	46	4325	635	1099	0,0,0,0,0,0	32304	0	186	21118	205	0	20138,18620,18620,13003,13003,13003,13003	3	23	20747,0,0,0,0,0,0	133	0
172980	244	553	396	190	192	64	40	7	3557	205	318	462	246	2	52	4202	629	1050	0,0,0,0,0,0	45726	0	133	21245	211	0	20246,18705,18705,12998,12998,12998,12998	3	14	20874,0,0,0,0,0,0	128	0
173088	220	559	375	181	186	61	40	8	3500	207	321	440	246	3	58	4333	630	992	0,0,0,0,0,0	45582	0	140	21384	214	0	20365,18799,18799,12996,12996,12996,12996	3	8	21013,0,0,0,0,0,0	131	0
173186	215	509	387	190	182	62	40	8	3431	210	326	438	274	1	54	4304	614	971	0,0,0,0,0,0	45477	0	143	21525	217	0	20488,18898,18898,13001,13001,13001,13001	3	11	21154,0,0,0,0,0,0	126	0
173273	231	485	385	193	176	61	40	10	3350	212	330	438	237	3	58	4342	609	962	0,0,0,0,0,0	45316	27	162	21686	220	0	20632,19016,19016,13023,13023,13023,13023	3	12	21315,0,0,0,0,0,0	123	20
173396	246	477	349	179	169	56	39	11	3277	215	332	451	256	5	56	4444	592	923	0,0,0,0,0,0	32255	32	141	21822	227	0	20747,19105,19105,13011,13011,13011,13011	2	19	21451,0,0,0,0,0,0	108	47
173446	248	507	340	172	155	60	36	11	3218	218	335	462	343	4	41	4542	582	936	0,0,0,0,0,0	32546	24	171	21993	227	0	20898,19234,19234,13052,13052,13052,13052	2	21	21622,0,0,0,0,0,0	115	69
173532	256	482	346	168	150	54	33	13	3154	219	339	495	203	6	31	4593	555	934	0,0,0,0,0,0	32414	29	147	22139	228	0	21026,19339,19339,13064,13064,13064,13064	2	10	21768,0,0,0,0,0,0	109	90
173625	232	496	316	161	154	52	33	14	3100	220	343	500	236	3	43	4597	543	901	0,0,0,0,0,0	32656	29	141	22277	231	0	21147,19436,19436,13068,13068,13068,13068	2	15	21907,0,0,0,0,0,0	105	116
173706	219	492	323	149	168	47	33	13	3030	221	345	504	231	4	46	4152	529	902	0,0,0,0,0,0	32503	23	138	22413	233	0	21264,19531,19531,13077,13077,13077,13077	2	17	22043,0,0,0,0,0,0	106	136
173778	212	479	319	141	166	47	35	12	2989	222	346	494	319	1	53	4338	547	852	0,0,0,0,0,0	39247	27	129	22541	235	0	21374,19621,19621,13088,13088,13088,13088	2	11	22171,0,0,0,0,0,0	107	160
173886	208	440	326	140	154	51	34	12	2921	224	350	492	329	3	43	4491	527	826	0,0,0,0,0,0	39162	142	113	22653	237	0	21477,19702,19702,13078,13078,13078,13078	2	10	22283,0,0,0,0,0,0	111	289
173938	205	451	324	145	143	50	30	13	2865	229	353	463	280	3	39	4279	510	838	0,0,0,0,0,0	27428	148	144	22794	240	0	21612,19817,19817,13109,13109,13109,13109	2	17	22424,0,0,0,0,0,0	97	414
173994	226	414	329	149	134	50	34	13	2817	229	357	433	247	3	40	4146	493	843	0,0,0,0,0,0	27376	123	123	22916	242	0	21723,19910,19910,13125,13125,13125,13125	2	14	22546,0,0,0,0,0,0	104	513
174103	192	456	311	143	130	44	28	15	2733	231	360	438	280	2	36	4036	484	820	0,0,0,0,0,0	27223	136	118	23028	248	0	21825,19989,19989,13112,13112,13112,13112	2	19	22658,0,0,0,0,0,0	96	622
174188	187	438	296	145	131	43	27	14	2683	233	361	447	251	0	33	3883	436	831	0,0,0,0,0,0	26890	148	124	23148	252	0	21934,20078,20078,13113,13113,13113,13113	2	17	22778,0,0,0,0,0,0	88	740
174265	198	407	299	146	123	45	24	12	2623	237	367	449	308	1	53	3959	454	788	0,0,0,0,0,0	26907	138	127	23273	254	0	22051,20175,20175,13123,13123,13123,13123	2	14	22903,0,0,0,0,0,0	87	855
174345	185	400	291	139	114	44	23	11	2585	239	370	459	349	2	35	3851	441	755	0,0,0,0,0,0	38736	120	98	23370	256	0	22142,20247,20247,13119,13119,13119,13119	2	10	23001,0,0,0,0,0,0	92	959
174401	167	414	280	130	122	42	21	11	2543	242	373	466	245	0	36	3869	431	745	0,0,0,0,0,0	38271	156	102	23469	259	0	22276,20365,20365,13149,13149,13149,13149	2	7	23100,0,0,0,0,0,0	85	1092
174475	165	419	277	114	123	43	18	11	2481	246	374	462	252	2	29	3573	410	749	0,0,0,0,0,0	27007	149	123	23589	262	0	22423,20493,20493,13174,13174,13174,13174	2	16	23220,0,0,0,0,0,0	72	1212
174498	181	398	294	107	119	42	19	10	2456	247	375	471	105	1	39	3068	407	753	0,0,0,0,0,0	26469	177	121	23710	264	0	22562,20617,20617,13219,13219,13219,13219	2	13	23341,0,0,0,0,0,0	69	1350
174541	173	419	280	104	129	41	20	7	2409	247	376	478	269	1	54	3326	421	745	0,0,0,0,0,0	26196	145	130	23840	264	0	22714,20752,20752,13262,13262,13262,13262	2	16	23471,0,0,0,0,0,0	74	1469
174578	182	389	278	115	131	38	23	6	2378	247	381	495	243	3	37	3671	418	738	0,0,0,0,0,0	26775	162	125	23963	266	0	22866,20887,20887,13307,13307,13307,13307	2	19	23594,0,0,0,0,0,0	76	1602
174605	194	384	270	115	127	39	24	7	2352	247	382	503	250	0	37	3386	414	739	0,0,0,0,0,0	26670	145	133	24095	267	0	23023,21029,21029,13361,13361,13361,13361	2	16	23726,0,0,0,0,0,0	71	1729
174627	198	381	282	110	124	36	24	6	2326	248	384	495	83	1	32	3385	402	753	0,0,0,0,0,0	38542	153	125	24220	270	0	23171,21162,21162,13413,13413,13413,13413	2	18	23851,0,0,0,0,0,0	74	1854
174671	198	386	297	90	122	35	22	6	2282	251	386	474	256	2	30	3370	392	758	0,0,0,0,0,0	38288	65	121	24338	274	0	23321,21296,21296,13456,13456,13456,13456	2	10	23969,0,0,0,0,0,0	64	1908
174704	195	393	294	88	125	39	23	5	2236	252	392	468	260	4	34	3097	395	762	0,0,0,0,0,0	26551	72	128	24461	279	0	23474,21433,21433,13502,13502,13502,13502	2	19	24092,0,0,0,0,0,0	67	1961
174729	213	418	275	84	110	38	23	6	2203	253	394	458	100	1	27	3002	391	770	0,0,0,0,0,0	26352	69	136	24595	281	0	23640,21582,21582,13559,13559,13559,13559	2	10	24226,0,0,0,0,0,0	69	2018
174741	193	431	281	97	125	41	20	6	2159	255	397	471	98	2	27	2893	397	791	0,0,0,0,0,0	25723	49	129	24723	283	0	23797,21725,21725,13618,13618,13618,13618	2	13	24354,0,0,0,0,0,0	70	2052
174738	210	440	276	109	115	40	21	6	2133	256	402	471	257	5	37	2901	400	811	0,0,0,0,0,0	26108	73	144	24867	285	0	23979,21892,21892,13696,13696,13696,13696	2	12	24499,0,0,0,0,0,0	69	2110
174789	188	435	278	111	122	37	20	5	2101	257	403	485	261	1	36	3131	399	792	0,0,0,0,0,0	26281	77	109	24974	287	0	24115,22013,22013,13726,13726,13726,13726	2	14	24606,0,0,0,0,0,0	67	2172
174856	171	407	288	125	119	39	19	5	2053	259	405	469	87	1	31	2424	387	781	0,0,0,0,0,0	37930	66	95	25070	288	0	24242,22123,22123,13745,13745,13745,13745	2	4	24702,0,0,0,0,0,0	71	2221
174897	168	390	295	126	116	38	21	4	2023	259	409	453	236	1	40	2419	408	746	0,0,0,0,0,0	37530	197	109	25180	290	0	24366,22232,22232,13774,13774,13774,13774	2	9	24812,0,0,0,0,0,0	74	2375
174914	185	377	294	131	118	38	19	5	1994	261	410	476	255	1	32	2467	418	744	0,0,0,0,0,0	25521	211	126	25305	293	0	24505,22357,22357,13820,13820,13820,13820	1	11	24937,0,0,0,0,0,0	71	2542
174873	225	400	285	124	124	39	17	5	1978	264	412	480	90	1	35	2646	422	792	3,0,0,0,0,0	25804	191	135	25478	300	0	24689,22527,22527,13917,13917,13917,13917	1	9	25068,45,0,0,0,0,0	64	2692
174841	232	432	275	125	123	37	17	5	1977	266	416	493	273	2	37	2833	409	832	7,0,0,0,0,0	25821	213	115	25632	303	0	24847,22673,22673,13998,13998,13998,13998	1	14	25171,97,0,0,0,0,0	63	2861
174812	254	463	272	128	122	37	19	4	1951	267	417	518	313	1	39	2925	399	896	12,0,0,0,0,0	25808	222	142	25817	307	0	25043,22854,22854,14095,14095,14095,14095	1	6	25292,162,0,0,0,0,0	65	3036
174751	279	485	289	132	120	36	16	4	1943	271	420	509	244	4	41	2935	393	964	16,0,0,0,0,0	26020	211	153	26005	311	0	25246,23044,23044,14212,14212,14212,14212	2	18	25412,233,0,0,0,0,0	66	3213
174727	276	493	330	131	119	39	20	2	1917	272	420	515	246	0	37	2980	396	1012	20,0,0,0,0,0	37876	205	139	26170	313	0	25419,23203,23203,14298,14298,14298,14298	2	8	25509,303,0,0,0,0,0	68	3367
174670	266	544	321	132	125	42	22	1	1929	273	421	515	257	1	49	2852	416	1036	25,0,0,0,0,0	38137	135	142	26356	321	0	25691,23463,23463,14448,14448,14448,14448	1	9	25600,402,0,0,0,0,0	69	3470
174618	261	561	301	152	143	43	22	1	1945	273	426	493	131	1	47	3116	415	1068	29,0,0,0,0,0	26361	177	176	26533	322	0	25957,23718,23717,14593,14593,14593,14593	1	12	25699,480,0,0,0,0,0	78	3605
174564	276	545	325	156	152	40	23	1	1960	275	429	505	245	1	52	3265	439	1078	32,0,0,0,0,0	26371	186	174	26708	323	0	26205,23954,23954,14729,14729,14729,14729	1	9	25782,572,0,0,0,0,0	73	3747
174500	303	552	324	164	150	47	24	0	1976	276	430	542	278	2	61	3634	473	1091	37,0,0,0,0,0	26527	158	198	26906	324	0	26488,24224,24224,14889,14889,14889,14889	1	17	25875,678,0,0,0,0,0	74	3873
174475	309	555	353	168	149	46	24	0	1956	276	435	531	281	1	50	3802	500	1104	40,0,0,0,0,0	27007	167	180	27082	328	0	26757,24480,24480,15023,15023,15023,15023	1	12	25956,774,0,0,0,0,0	79	4004
174415	291	577	364	167	150	50	23	0	1992	278	439	548	265	2	42	3687	496	1126	42,0,0,0,0,0	26994	160	193	27269	334	0	27037,24748,24748,15178,15178,15178,15178	1	12	26043,877,0,0,0,0,0	75	4130
174342	291	586	369	164	153	55	22	1	2040	281	442	522	89	2	45	3616	522	1118	44,0,0,0,0,0	38740	176	176	27445	337	0	27294,24997,24996,15330,15330,15330,15330	1	9	26117,980,0,0,0,0,0	85	4273
174279	273	587	366	176	167	59	22	1	2089	282	445	484	230	2	51	3616	517	1133	46,0,0,0,0,0	38696	133	178	27620	340	0	27539,25235,25232,15470,15470,15470,15470	1	5	26200,1075,0,0,0,0,0	93	4368
174188	281	616	352	178	171	62	23	1	2143	282	449	502	96	1	60	3859	553	1130	49,0,0,0,0,0	26801	133	219	27835	345	0	27830,25519,25514,15646,15646,15646,15646	1	14	26283,1210,0,0,0,0,0	95	4472
174142	297	626	352	190	170	63	26	0	2143	284	453	506	253	4	65	4207	603	1121	50,0,0,0,0,0	27298	129	211	28044	347	0	28117,25797,25789,15800,15800,15800,15800	1	13	26374,1328,0,0,0,0,0	99	4564
174053	306	669	367	187	181	64	26	1	2152	285	455	512	343	3	67	4217	655	1145	52,0,0,0,0,0	27266	123	234	28271	356	0	28411,26083,26072,15976,15976,15976,15976	1	19	26448,1487,0,0,0,0,0	107	4652
173966	336	677	377	199	183	63	28	4	2170	285	458	497	237	7	49	4402	659	1204	53,0,0,0,0,0	27385	139	236	28500	363	0	28718,26380,26368,16157,16157,16157,16157	1	20	26540,1628,0,0,0,0,0	106	4754
173861	358	683	388	199	188	62	29	5	2225	287	461	532	325	6	67	4493	664	1243	55,0,0,0,0,0	27426	126	238	28730	372	0	29019,26674,26659,16343,16343,16343,16343	1	13	26620,1786,0,0,0,0,0	109	4844
173786	343	701	394	216	181	59	28	7	2278	289	464	527	225	1	56	4139	664	1258	56,0,0,0,0,0	39043	133	205	28934	375	0	29301,26950,26932,16508,16508,16508,16508	1	17	26695,1917,0,0,0,0,0	109	4937
173712	353	703	384	215	198	59	25	8	2331	291	467	496	258	2	55	4284	665	1272	57,0,0,0,0,0	38961	295	223	29148	384	0	29548,27188,27168,16653,16653,16653,16653	1	6	26778,2052,0,0,0,0,0	118	5156
173585	357	738	407	229	204	58	25	6	2374	291	472	500	267	5	71	4619	708	1310	59,0,0,0,0,0	27438	298	260	29395	398	0	29834,27470,27446,16841,16841,16841,16841	1	15	26853,2233,0,0,0,0,0	114	5372
173465	399	749	419	226	209	61	27	6	2420	292	473	505	295	2	63	4820	702	1388	60,0,0,0,0,0	27796	276	276	29664	406	0	30126,27758,27729,17030,17030,17030,17030	2	22	26948,2413,0,0,0,0,0	119	5560
173325	427	784	426	244	200	63	27	8	2470	294	478	532	287	1	65	5242	713	1458	62,0,0,0,0,0	28027	313	289	29942	419	0	30429,28055,28022,17236,17236,17236,17236	2	13	27027,2621,0,0,0,0,0	135	5779
173218	437	785	454	243	215	65	26	11	2519	295	478	542	259	3	86	5240	737	1488	64,0,0,0,0,0	28463	288	266	30204	425	0	30719,28341,28302,17417,17417,17417,17417	2	21	27097,2816,0,0,0,0,0	137	5976
173046	442	861	483	230	198	65	27	11	2606	296	481	523	215	2	72	5246	761	1545	66,0,0,0,0,0	28529	285	315	30513	435	0	31060,28677,28635,17657,17657,17657,17657	2	16	27168,3061,0,0,0,0,0	140	6158
172906	438	898	499	234	212	68	30	10	2669	299	483	504	262	1	54	5114	753	1626	68,0,0,0,0,0	39794	292	278	30783	447	0	31359,28972,28925,17862,17862,17862,17862	1	18	27231,3275,0,0,0,0,0	134	6331
172793	443	907	509	239	218	68	29	12	2738	302	488	475	299	6	75	5067	780	1633	69,0,0,0,0,0	39470	635	277	31052	457	0	31734,29346,29293,18096,18096,18096,18096	2	18	27283,3498,0,0,0,0,0	136	6644
172672	451	899	541	249	233	65	28	11	2798	307	492	477	348	3	83	5400	788	1678	72,0,0,0,0,0	28278	592	298	31341	466	0	32129,29740,29680,18341,18341,18341,18341	2	22	27336,3739,0,0,0,0,0	134	7084
172487	488	948	554	239	243	62	31	9	2881	307	497	486	225	1	86	5344	779	1786	74,0,0,0,0,0	28494	599	352	31681	480	0	32567,30177,30110,18638,18638,18638,18638	2	25	27399,4025,0,0,0,0,0	141	7590
172266	526	989	583	259	262	66	29	7	2948	310	501	473	270	4	86	5769	839	1875	76,0,0,0,0,0	28666	589	377	32040	500	0	33035,30650,30575,18971,18971,18971,18971	2	23	27458,4338,0,0,0,0,0	143	8109
172074	542	1014	606	278	276	63	29	7	3040	313	504	505	249	4	80	5407	819	1989	77,0,0,0,0,0	28813	594	374	32395	520	0	33496,31114,31030,19284,19284,19284,19284	2	13	27516,4651,0,0,0,0,0	149	8622
171847	572	1088	612	282	285	66	34	8	3131	314	507	487	269	6	104	5359	862	2077	78,0,0,0,0,0	28534	672	400	32783	535	0	33976,31595,31503,19624,19624,19624,19624	2	29	27580,4988,0,0,0,0,0	159	9198
171714	553	1108	623	288	308	71	38	8	3209	314	512	489	251	5	93	5518	884	2105	80,0,0,0,0,0	40026	610	333	33110	544	0	34390,32010,31909,19890,19890,19890,19890	2	12	27636,5267,0,0,0,0,0	167	9729
171575	541	1115	662	306	304	68	32	7	3300	322	514	468	257	9	101	5486	908	2120	81,0,0,0,0,0	40160	769	335	33438	552	0	34835,32458,32346,20169,20169,20169,20169	2	23	27680,5557,0,0,0,0,0	166	10378
171394	579	1128	690	321	329	65	38	5	3356	324	517	483	278	6	111	5970	977	2173	82,0,0,0,0,0	28530	794	400	33812	579	0	35379,33008,32885,20520,20520,20520,20520	2	32	27724,5909,0,0,0,0,0	144	11056
171140	642	1154	715	332	352	66	39	7	3448	328	523	453	230	5	109	6674	1049	2251	83,0,0,0,0,0	29378	791	456	34248	601	0	36021,33655,33521,20954,20954,20954,20954	2	25	27777,6311,0,0,0,0,0	156	11717
170892	705	1216	722	344	355	74	39	9	3533	330	527	467	233	6	115	7237	1113	2342	84,0,0,0,0,0	29571	730	464	34690	627	0	36657,34300,34152,21384,21384,21384,21384	2	36	27831,6722,0,0,0,0,0	151	12327
170673	672	1322	715	375	357	80	40	9	3642	331	530	464	267	5	128	7558	1175	2386	86,0,0,0,0,0	30464	810	439	35118	641	0	37280,34930,34769,21792,21792,21792,21792	2	23	27873,7120,0,0,0,0,0	160	13034
170374	706	1426	725	387	351	88	47	7	3770	332	533	477	326	7	137	8080	1271	2459	87,0,0,0,0,0	30646	821	518	35621	659	0	38005,35658,35486,22290,22290,22290,22290	2	22	27921,7590,0,0,0,0,0	177	13737
170149	728	1412	790	413	375	90	53	8	3857	335	536	474	348	6	94	8037	1285	2576	87,0,0,0,0,0	41702	775	460	36056	689	0	38644,36306,36119,22714,22714,22714,22714	2	24	27962,8002,0,0,0,0,0	197	14383
169970	686	1422	820	429	393	92	52	9	3996	340	537	455	320	3	102	8665	1318	2576	88,0,0,0,0,0	42427	846	412	36450	709	0	39268,36940,36738,23105,23105,23105,23105	2	20	27993,8381,0,0,0,0,0	194	15107
169745	695	1471	843	436	389	97	50	11	4125	344	540	481	270	6	141	9121	1399	2582	89,0,0,0,0,0	47862	856	468	36898	735	0	39958,37643,37424,23546,23546,23546,23546	2	29	28024,8822,0,0,0,0,0	193	15847
169554	688	1478	866	438	396	109	56	11	4261	345	544	460	275	3	118	9179	1388	2643	89,0,0,0,0,0	47739	894	442	37326	750	0	40613,38309,38073,23954,23954,23954,23954	3	34	28056,9229,0,0,0,0,0	202	16603
169340	710	1485	883	444	423	118	59	11	4377	349	547	440	313	7	118	9158	1363	2759	90,0,0,0,0,0	47966	907	474	37780	773	0	41278,38983,38731,24376,24376,24376,24376	3	29	28094,9665,0,0,0,0,0	219	17350
169159	714	1476	907	454	434	123	57	11	4511	353	547	432	261	6	147	9342	1419	2746	90,0,0,0,0,0	48244	913	464	38211	808	0	41950,39672,39399,24789,24789,24789,24789	3	35	28116,10101,0,0,0,0,0	229	18122
168986	744	1467	948	450	453	122	58	11	4597	356	554	428	244	10	128	9374	1407	2835	91,0,0,0,0,0	48288	861	490	38681	829	0	42658,40396,40100,25218,25218,25218,25218	3	28	28146,10554,0,0,0,0,0	238	18826
168908	692	1416	915	484	453	125	57	11	4766	360	559	414	294	8	139	8939	1425	2717	91,0,0,0,0,0	72144	850	354	39018	846	0	43227,40978,40663,25529,25529,25529,25529	3	19	28161,10888,0,0,0,0,0	247	19529
168860	594	1428	910	500	447	124	60	8	4892	363	560	410	294	6	137	8860	1429	2634	91,0,0,0,0,0	71544	640	331	39330	869	0	43828,41600,41263,25848,25848,25848,25848	3	20	28195,11183,0,0,0,0,0	246	20043
168773	582	1400	957	508	426	118	57	11	4983	368	563	429	256	7	143	8749	1408	2640	91,0,0,0,0,0	47474	627	426	39736	890	0	44512,42306,41944,26225,26225,26225,26225	3	23	28227,11570,0,0,0,0,0	239	20543
168640	622	1370	960	471	441	122	56	13	5118	369	564	414	282	11	134	8990	1434	2608	91,0,0,0,0,0	47473	684	429	40146	912	0	45209,43024,42639,26628,26628,26628,26628	3	20	28254,11970,0,0,0,0,0	229	21103
168545	659	1315	944	451	440	126	61	14	5251	373	567	387	302	7	139	9193	1435	2561	92,0,0,0,0,0	47988	637	412	40531	942	0	45893,43732,43322,27011,27011,27011,27011	3	26	28270,12359,0,0,0,0,0	225	21614
168488	646	1290	965	432	455	140	64	14	5305	374	573	378	302	5	124	8967	1388	2604	92,0,0,0,0,0	48208	643	398	40908	963	0	46562,44425,43989,27366,27366,27366,27366	3	24	28294,12728,0,0,0,0,0	238	22129
168390	633	1275	925	436	446	151	64	13	5460	379	574	394	240	9	138	9101	1391	2539	92,0,0,0,0,0	47563	627	399	41281	992	0	47201,45088,44628,27729,27729,27729,27729	3	24	28313,13101,0,0,0,0,0	242	22633
168415	563	1232	892	457	440	143	66	16	5566	380	576	411	288	5	110	8996	1304	2489	93,0,0,0,0,0	71749	680	297	41565	1006	0	47746,45660,45174,27990,27990,27990,27990	3	12	28328,13380,0,0,0,0,0	249	23187
168467	511	1214	855	451	406	150	69	15	5646	383	579	388	292	3	130	8452	1261	2395	93,0,0,0,0,0	71357	899	301	41847	1027	0	48271,46221,45707,28265,28265,28265,28265	2	18	28340,13664,0,0,0,0,0	250	23903
168475	525	1165	849	436	379	147	72	14	5716	385	583	370	243	8	146	8511	1227	2346	94,0,0,0,0,0	47609	879	362	42178	1059	0	48876,46858,46315,28560,28560,28560,28560	2	20	28357,14002,0,0,0,0,0	260	24627
168471	570	1134	853	434	372	147	66	13	5709	392	585	395	240	3	132	8443	1224	2352	94,0,0,0,0,0	47150	889	385	42545	1079	0	49560,47570,46996,28884,28884,28884,28884	2	15	28372,14367,0,0,0,0,0	247	25343
168492	591	1135	828	389	368	146	65	13	5734	398	587	391	265	6	117	8380	1205	2317	94,0,0,0,0,0	47229	905	367	42900	1092	0	50211,48249,47644,29177,29177,29177,29177	2	19	28389,14717,0,0,0,0,0	249	26066
168503	579	1152	806	359	383	140	59	14	5757	404	590	395	295	8	118	7959	1159	2319	94,0,0,0,0,0	47380	940	358	43236	1115	0	50842,48908,48273,29465,29465,29465,29465	2	23	28399,15060,0,0,0,0,0	251	26808
168478	611	1148	795	354	382	130	58	13	5776	411	590	394	274	9	130	7718	1165	2313	95,0,0,0,0,0	47329	925	395	43613	1133	0	51539,49634,48969,29802,29802,29802,29802	2	23	28410,15442,0,0,0,0,0	236	27533
168524	560	1128	782	382	388	126	55	12	5782	415	592	394	316	8	111	7364	1164	2257	95,0,0,0,0,0	70424	910	286	43886	1147	0	52139,50259,49566,30057,30057,30057,30057	2	17	28415,15722,0,0,0,0,0	241	28249
168619	477	1143	752	372	374	120	59	15	5804	417	594	413	312	8	104	7517	1125	2172	95,0,0,0,0,0	70949	1020	273	44142	1165	0	52820,50968,50246,30330,30330,30330,30330	2	20	28422,15986,0,0,0,0,0	244	29059
168659	480	1105	734	368	379	121	58	13	5808	423	598	414	257	5	131	7285	1137	2108	96,0,0,0,0,0	47071	1094	335	44457	1188	0	53562,51740,50988,30655,30655,30655,30655	2	17	28431,16308,0,0,0,0,0	232	29913
168703	528	1062	722	369	372	128	58	18	5762	423	601	409	317	3	116	7171	1121	2118	96,0,0,0,0,0	46503	1126	354	44786	1215	0	54306,52519,51733,30982,30982,30982,30982	2	25	28439,16649,0,0,0,0,0	232	30807
168722	531	1052	734	371	370	123	58	21	5734	425	605	419	226	3	114	6993	1089	2150	96,0,0,0,0,0	46170	1065	344	45111	1239	0	55042,53286,52470,31315,31315,31315,31315	2	25	28446,16988,0,0,0,0,0	225	31655
168756	501	1053	744	373	368	111	56	22	5728	429	605	426	260	7	112	6540	1062	2144	97,0,0,0,0,0	46026	1046	325	45402	1274	0	55785,54059,53213,31636,31636,31636,31636	2	28	28447,17304,0,0,0,0,0	213	32475
168787	502	1058	718	363	339	120	55	18	5743	434	609	432	250	4	121	6200	1063	2092	97,0,0,0,0,0	45760	1118	328	45707	1298	0	56540,54846,53970,31968,31968,31968,31968	2	22	28454,17619,0,0,0,0,0	207	33338
168912	479	1010	698	350	337	120	52	21	5715	437	615	423	305	7	89	6011	1005	2041	97,0,0,0,0,0	69355	1143	242	45926	1323	0	57192,55530,54622,32208,32208,32208,32208	2	14	28460,17850,0,0,0,0,0	217	34198
169011	410	1020	693	337	333	116	52	18	5700	439	617	421	274	6	95	6081	990	1971	97,0,0,0,0,0	69735	1335	245	46150	1344	0	57907,56274,55338,32479,32479,32479,32479	2	14	28462,18088,0,0,0,0,0	219	35203
169068	424	970	695	319	347	116	51	17	5675	444	620	441	345	5	115	6283	1001	1921	97,0,0,0,0,0	45550	1368	293	46427	1365	0	58682,57079,56114,32800,32800,32800,32800	2	20	28469,18374,0,0,0,0,0	214	36235
169158	415	949	674	304	334	109	50	18	5665	446	624	450	259	2	105	6058	992	1843	97,0,0,0,0,0	45640	1428	262	46670	1385	0	59443,57873,56877,33098,33098,33098,33098	2	22	28469,18631,0,0,0,0,0	196	37319
169237	430	893	648	302	315	102	45	21	5678	449	626	434	290	5	83	5951	921	1814	98,0,0,0,0,0	45473	1366	256	46914	1400	0	60202,58662,57638,33400,33400,33400,33400	2	11	28471,18882,0,0,0,0,0	187	38352
169320	418	875	634	299	308	98	41	21	5651	452	629	456	276	5	91	5765	876	1797	98,0,0,0,0,0	37082	1389	267	47163	1418	0	60959,59449,58396,33694,33694,33694,33694	2	12	28476,19138,0,0,0,0,0	188	39400
169462	412	839	644	295	291	99	46	23	5551	454	630	435	267	4	97	5672	823	1803	98,0,0,0,0,0	36951	1454	247	47393	1437	0	61677,60202,59116,33948,33948,33948,33948	2	16	28478,19380,0,0,0,0,0	177	40493
169652	358	803	647	289	287	100	50	22	5450	456	632	446	254	2	72	5561	770	1764	98,0,0,0,0,0	39557	1312	201	47586	1447	0	62351,60911,59791,34160,34160,34160,34160	2	13	28480,19579,0,0,0,0,0	186	41457
169815	328	800	603	307	283	89	47	20	5357	460	637	444	327	1	80	5301	749	1708	98,0,0,0,0,0	39202	1101	218	47792	1459	0	63024,61617,60464,34376,34376,34376,34376	1	11	28481,19793,0,0,0,0,0	186	42259
169911	366	775	588	294	268	86	49	20	5287	461	641	432	233	2	98	5598	738	1688	98,0,0,0,0,0	36809	1099	259	48035	1477	0	63746,62369,61187,34641,34641,34641,34641	1	12	28482,20051,0,0,0,0,0	173	43071
170024	368	772	563	286	260	78	48	18	5219	466	644	456	245	7	99	5717	742	1633	98,0,0,0,0,0	36742	1119	231	48250	1494	0	64482,63135,61923,34899,34899,34899,34899	1	14	28484,20279,0,0,0,0,0	156	43846
170163	350	774	539	279	261	79	46	18	5127	466	644	456	271	2	82	5577	735	1593	98,0,0,0,0,0	36832	1063	223	48462	1505	0	65176,63861,62618,35129,35129,35129,35129	1	9	28485,20497,0,0,0,0,0	157	44602
170242	359	743	544	254	258	85	43	20	5082	467	649	463	314	7	78	5143	694	1592	98,0,0,0,0,0	36657	1074	233	48686	1515	0	65892,64606,63336,35394,35394,35394,35394	1	13	28486,20726,0,0,0,0,0	154	45357
170362	369	737	556	249	241	82	44	18	4967	467	654	464	330	3	81	4775	670	1608	99,0,0,0,0,0	36376	1071	236	48909	1528	0	66609,65353,64053,35642,35642,35642,35642	1	11	28487,20957,0,0,0,0,0	156	46096
170549	318	706	559	241	237	77	41	13	4876	473	656	443	280	2	61	4910	621	1558	99,0,0,0,0,0	38725	1100	162	49064	1536	0	67241,66017,64686,35820,35820,35820,35820	1	12	28488,21119,0,0,0,0,0	155	46886
170708	280	717	545	223	203	73	39	10	4815	476	657	460	318	2	73	4902	586	1494	99,0,0,0,0,0	38787	862	172	49227	1549	0	67880,66687,65328,36011,36011,36011,36011	1	12	28488,21293,0,0,0,0,0	143	47516
170836	298	683	526	229	206	64	38	10	4720	478	658	469	235	5	66	4851	578	1466	99,0,0,0,0,0	29588	927	206	49422	1560	0	68541,67380,65992,36219,36219,36219,36219	1	13	28489,21498,0,0,0,0,0	139	48162
170976	283	658	536	214	206	65	37	11	4615	481	664	465	255	3	70	5003	566	1433	99,0,0,0,0,0	29789	880	185	49596	1571	0	69180,68049,66634,36411,36411,36411,36411	1	13	28489,21682,0,0,0,0,0	131	48789
171080	280	653	516	204	205	67	39	12	4543	482	665	471	256	3	63	4844	561	1403	99,0,0,0,0,0	29747	897	192	49783	1577	0	69811,68709,67269,36617,36617,36617,36617	1	16	28489,21873,0,0,0,0,0	144	49379
171238	296	600	511	195	194	61	33	14	4450	485	669	469	290	3	74	4425	521	1369	99,0,0,0,0,0	29876	887	175	49946	1591	0	70431,69359,67892,36790,36790,36790,36790	1	16	28489,22044,0,0,0,0,0	129	49994
171365	288	569	486	205	177	58	30	14	4395	489	670	464	273	4	79	4119	542	1271	99,0,0,0,0,0	24162	869	155	50094	1600	0	71038,69994,68503,36969,36969,36969,36969	1	12	28489,22200,0,0,0,0,0	116	50592
171539	249	558	485	187	155	52	26	13	4315	493	674	477	254	0	38	3939	484	1228	99,0,0,0,0,0	30146	894	133	50216	1612	0	71637,70622,69105,37129,37129,37129,37129	1	6	28489,22329,0,0,0,0,0	104	51251
171699	234	536	463	174	152	52	28	10	4229	494	675	490	231	1	42	3867	461	1178	99,0,0,0,0,0	29794	1249	133	50341	1620	0	72199,71214,69672,37272,37272,37272,37272	1	6	28490,22461,0,0,0,0,0	110	52160
171880	233	508	456	157	144	60	25	9	4096	496	682	493	276	0	62	3503	435	1148	99,0,0,0,0,0	23489	1264	140	50476	1625	0	72793,71838,70271,37419,37419,37419,37419	1	8	28491,22599,0,0,0,0,0	103	53052
172036	237	477	437	150	132	52	26	7	4011	498	683	494	240	3	52	3387	408	1103	99,0,0,0,0,0	23239	1234	139	50608	1632	0	73397,72470,70879,37575,37575,37575,37575	1	6	28491,22737,0,0,0,0,0	94	53951
172215	230	464	419	133	146	45	27	8	3873	499	687	486	229	1	36	3168	380	1084	99,0,0,0,0,0	23149	1220	131	50726	1645	0	73960,73066,71447,37699,37699,37699,37699	1	5	28491,22865,0,0,0,0,0	95	54828
172396	219	451	387	134	141	44	29	6	3749	500	690	473	236	2	44	3267	371	1034	99,0,0,0,0,0	22659	1229	109	50828	1653	0	74505,73639,71998,37813,37813,37813,37813	1	5	28491,22974,0,0,0,0,0	86	55727
172577	216	418	356	133	131	46	31	6	3642	500	690	495	262	3	49	3191	371	960	99,0,0,0,0,0	23074	1262	102	50923	1660	0	75045,74210,72545,37933,37933,37933,37933	1	8	28491,23075,0,0,0,0,0	87	56634
172777	176	403	365	130	136	45	28	6	3485	503	692	483	248	3	31	2742	355	928	99,0,0,0,0,0	27350	1165	85	51006	1662	0	75598,74791,73105,38061,38061,38061,38061	1	2	28491,23159,0,0,0,0,0	86	57487
172951	158	374	346	111	115	46	30	6	3412	503	694	488	335	1	40	2525	314	866	99,0,0,0,0,0	26850	612	82	51080	1670	0	76294,75514,73811,38275,38275,38275,38275	0	1	28491,23240,0,0,0,0,0	91	57925
173108	136	350	342	105	106	38	27	7	3323	505	699	486	249	2	44	2481	291	813	99,0,0,0,0,0	21467	611	81	51155	1676	0	77004,76250,74529,38490,38490,38490,38490	0	1	28492,23320,0,0,0,0,0	83	58364
173259	115	324	332	112	104	31	25	7	3229	507	701	493	294	1	29	2475	276	767	99,0,0,0,0,0	21291	580	69	51221	1679	0	77723,76993,75257,38708,38708,38708,38708	0	5	28492,23387,0,0,0,0,0	76	58786
173413	111	295	303	116	91	31	22	7	3143	511	703	487	267	5	35	2460	263	706	99,0,0,0,0,0	21202	588	71	51286	1685	0	78413,77707,75956,38914,38914,38914,38914	0	4	28492,23457,0,0,0,0,0	67	59185
173544	120	290	275	105	83	30	24	7	3046	512	710	475	260	3	35	2612	266	661	99,0,0,0,0,0	21357	564	78	51359	1691	0	79124,78444,76678,39142,39142,39142,39142	0	4	28492,23535,0,0,0,0,0	70	59590
173666	112	285	251	103	90	27	20	7	2959	515	711	502	254	0	23	2404	250	638	99,0,0,0,0,0	21321	581	76	51431	1695	0	79853,79196,77417,39385,39385,39385,39385	0	4	28492,23610,0,0,0,0,0	61	60001
173821	91	252	244	108	93	30	19	7	2853	516	712	480	251	3	34	2375	247	590	99,0,0,0,0,0	26463	565	52	51480	1698	0	80503,79870,78076,39574,39574,39574,39574	0	1	28492,23661,0,0,0,0,0	64	60401
174017	74	244	228	94	81	30	16	7	2720	519	716	459	290	0	28	1872	220	547	99,0,0,0,0,0	26509	807	49	51524	1703	0	80912,80304,78493,39611,39611,39611,39611	0	4	28493,23706,0,0,0,0,0	59	60963
174141	88	192	225	89	80	28	14	5	2642	522	720	448	329	3	24	1984	185	531	99,0,0,0,0,0	15490	821	57	51579	1706	0	81333,80745,78921,39674,39674,39674,39674	0	3	28493,23762,0,0,0,0,0	52	61557
174262	95	181	204	83	76	26	14	5	2554	522	724	449	253	2	26	2147	186	493	99,0,0,0,0,0	15788	827	61	51638	1709	0	81745,81178,79342,39743,39743,39743,39743	0	3	28493,23824,0,0,0,0,0	48	62153
174400	93	173	173	62	83	26	13	3	2469	523	728	447	289	1	20	1914	165	458	100,0,0,0,0,0	15778	791	46	51679	1714	0	82127,81577,79731,39786,39786,39786,39786	0	3	28493,23868,0,0,0,0,0	45	62744
174528	87	173	155	57	76	23	12	4	2377	523	731	468	271	2	25	1848	160	423	100,0,0,0,0,0	15486	856	43	51720	1717	0	82510,81976,80121,39832,39832,39832,39832	0	0	28493,23910,0,0,0,0,0	42	63357
174659	81	172	136	55	70	23	9	5	2277	525	734	459	239	0	18	1947	157	389	100,0,0,0,0,0	15695	837	41	51758	1720	0	82890,82373,80509,39873,39873,39873,39873	0	1	28493,23950,0,0,0,0,0	36	63963
174794	73	169	131	53	66	24	7	6	2160	526	737	492	283	0	19	1638	158	365	100,0,0,0,0,0	26270	788	34	51789	1723	0	83278,82778,80904,39922,39922,39922,39922	0	1	28493,23982,0,0,0,0,0	36	64567
174935	67	149	124	50	58	20	8	7	2058	526	744	466	96	0	15	1676	156	320	100,0,0,0,0,0	26169	1065	32	51819	1725	0	83656,83172,81287,39950,39950,39950,39950	0	1	28493,24013,0,0,0,0,0	31	65348
175053	58	147	119	46	50	18	9	7	1967	526	746	490	239	1	10	1748	145	302	100,0,0,0,0,0	15414	1024	33	51849	1728	0	84061,83590,81697,39996,39996,39996,39996	0	3	28493,24044,0,0,0,0,0	29	66086
175154	58	127	118	43	51	15	8	7	1890	526	749	515	244	0	17	1683	132	288	100,0,0,0,0,0	15154	1025	34	51878	1733	0	84455,83996,82096,40037,40037,40037,40037	0	1	28493,24077,0,0,0,0,0	25	66848
175271	58	117	112	34	49	14	7	6	1800	527	751	521	129	0	17	1494	115	276	100,0,0,0,0,0	15227	1074	33	51908	1736	0	84844,84398,82491,40079,40079,40079,40079	0	1	28493,24108,0,0,0,0,0	22	67635
175372	60	109	102	28	46	14	6	4	1723	529	753	502	264	2	14	1214	102	263	100,0,0,0,0,0	15169	1043	32	51938	1738	0	85247,84813,82900,40127,40127,40127,40127	0	2	28493,24139,0,0,0,0,0	22	68378
175477	54	109	96	29	41	11	4	5	1632	529	759	516	266	0	9	1141	94	250	100,0,0,0,0,0	14789	1051	27	51963	1740	0	85633,85212,83292,40166,40166,40166,40166	0	1	28493,24164,0,0,0,0,0	17	69160
175588	47	103	85	29	39	8	2	6	1548	529	762	530	250	0	5	1097	80	233	100,0,0,0,0,0	20476	1014	21	51983	1741	0	86029,85620,83693,40212,40212,40212,40212	0	2	28493,24185,0,0,0,0,0	14	69908
175663	33	105	83	31	32	7	1	7	1492	529	763	495	274	1	12	809	75	217	100,0,0,0,0,0	20107	356	21	52003	1743	0	86598,86199,84271,40366,40366,40366,40366	0	1	28493,24205,0,0,0,0,0	11	70167
175754	35	92	83	27	32	8	1	5	1411	529	769	476	242	0	7	798	68	210	100,0,0,0,0,0	11609	372	22	52022	1746	0	87142,86754,84823,40500,40500,40500,40500	0	0	28493,24227,0,0,0,0,0	11	70440
175839	30	94	79	30	31	8	1	5	1329	529	771	546	102	0	10	669	74	199	100,0,0,0,0,0	11416	324	20	52037	1751	0	87689,87312,85379,40629,40629,40629,40629	0	2	28493,24245,0,0,0,0,0	13	70677
175911	29	86	88	23	28	9	0	5	1263	530	774	576	87	0	5	611	62	201	100,0,0,0,0,0	11472	321	25	52061	1752	0	88248,87879,85945,40773,40773,40773,40773	0	0	28493,24269,0,0,0,0,0	10	70901
175986	26	82	89	25	27	6	0	4	1194	530	777	589	254	1	9	634	61	194	100,0,0,0,0,0	11361	341	21	52081	1753	0	88790,88432,86496,40904,40904,40904,40904	0	0	28493,24290,0,0,0,0,0	8	71144
176059	32	77	80	26	23	7	0	3	1129	530	780	562	252	0	7	602	64	181	100,0,0,0,0,0	11485	340	24	52101	1757	0	89351,89006,87067,41055,41055,41055,41055	0	0	28493,24313,0,0,0,0,0	7	71372
176145	28	57	83	27	20	7	1	3	1059	530	786	560	230	0	5	503	57	166	100,0,0,0,0,0	19974	330	8	52107	1759	0	89874,89538,87598,41178,41178,41178,41178	0	1	28493,24320,0,0,0,0,0	8	71613
176212	21	54	82	23	15	6	1	3	1010	530	789	586	106	0	5	622	50	152	100,0,0,0,0,0	19999	321	14	52120	1760	0	90051,89723,87779,41108,41108,41108,41108	0	0	28493,24334,0,0,0,0,0	8	71839
176290	19	54	81	20	10	4	1	3	942	530	792	593	231	0	4	533	48	141	100,0,0,0,0,0	11471	327	14	52131	1763	0	90216,89897,87949,41022,41022,41022,41022	0	1	28493,24347,0,0,0,0,0	5	72072
176348	15	51	78	19	10	4	1	3	893	530	794	576	80	0	1	530	41	137	100,0,0,0,0,0	11391	316	12	52143	1763	0	90366,90053,88102,40929,40929,40929,40929	0	0	28493,24359,0,0,0,0,0	5	72294
176408	17	47	71	17	9	7	1	3	841	530	795	586	96	0	3	490	37	132	100,0,0,0,0,0	11379	335	13	52156	1763	0	90512,90206,88252,40841,40841,40841,40841	0	0	28493,24372,0,0,0,0,0	5	72528
176463	20	39	59	14	11	6	0	3	800	531	800	568	78	0	5	505	33	116	100,0,0,0,0,0	11385	296	9	52164	1764	0	90661,90362,88405,40752,40752,40752,40752	0	1	28493,24381,0,0,0,0,0	6	72748
176520	15	41	58	11	9	5	0	3	749	531	804	538	220	0	4	561	29	110	100,0,0,0,0,0	11478	326	7	52171	1764	0	90803,90511,88551,40658,40658,40658,40658	0	1	28493,24388,0,0,0,0,0	5	72973
176563	12	48	51	8	5	5	1	2	710	531	810	537	65	0	2	503	22	108	100,0,0,0,0,0	19740	351	10	52184	1764	0	90954,90667,88706,40585,40585,40585,40585	0	0	28493,24401,0,0,0,0,0	6	73217
176611	14	40	56	7	3	5	1	1	664	531	813	569	85	0	2	485	19	107	100,0,0,0,0,0	20096	177	9	52193	1765	0	91159,90878,88917,40548,40548,40548,40548	0	0	28493,24410,0,0,0,0,0	7	73335
176662	17	40	41	6	4	5	1	0	620	531	819	553	98	0	1	460	17	97	100,0,0,0,0,0	11264	171	11	52204	1765	0	91376,91101,89140,40502,40502,40502,40502	0	0	28493,24421,0,0,0,0,0	7	73448
