S	E	I1	I2	I3	I4	I5_h	I6_h	R_h	R	D1	D2	H	T	P1	P2	Q	QT	NQ	MUT	HOM	VAC	NI	INF	REINF	BSTR	IMM	HCI	HCE	INFV	INFH	VNI
178094	106	121	47	43	41	4	2	0	287	1	0	192	0	0	0	47	47	317	0,0,0,0,0,0	178745	0	0	364	0	0	652,652,652,652,652,652,652	0	0	0,0,0,0,0,0,0	0	0
178035	86	184	55	39	42	4	3	0	294	1	3	323	337	3	62	96	55	358	0,0,0,0,0,0	12413	0	75	439	0	0	711,711,711,711,711,711,711	0	4	75,0,0,0,0,0,0	8	0
177977	100	186	76	48	43	4	3	0	304	1	4	420	289	0	21	265	72	388	0,0,0,0,0,0	12583	0	75	515	0	0	769,769,769,769,769,769,769	0	7	151,0,0,0,0,0,0	8	0
177923	104	200	83	50	48	5	3	0	322	1	7	494	336	0	24	366	95	398	0,0,0,0,0,0	13135	0	71	586	0	0	825,825,825,825,825,825,825	0	4	222,0,0,0,0,0,0	9	0
177872	113	201	93	59	46	7	3	0	341	1	10	560	78	0	10	461	106	416	0,0,0,0,0,0	24994	0	69	655	0	0	879,879,879,879,879,879,879	0	2	291,0,0,0,0,0,0	10	0
177833	111	203	96	53	52	10	2	1	368	1	16	635	339	0	15	553	116	411	0,0,0,0,0,0	24910	0	54	710	0	0	923,923,923,923,923,923,923	0	1	346,0,0,0,0,0,0	9	0
177764	106	236	102	50	39	14	2	0	414	1	18	657	265	0	32	925	155	394	0,0,0,0,0,0	13654	0	79	790	0	0	995,995,995,995,995,995,995	0	6	426,0,0,0,0,0,0	13	0
177688	121	236	119	59	47	13	2	1	438	1	21	664	108	0	10	1157	160	437	0,0,0,0,0,0	13937	0	91	880	1	0	1074,1074,1074,1073,1073,1073,1073	0	8	517,0,0,0,0,0,0	15	0
177610	130	252	133	64	50	11	5	1	464	1	25	684	292	1	23	1287	178	467	0,0,0,0,0,0	14107	0	100	980	1	0	1159,1159,1159,1157,1157,1157,1157	0	11	617,0,0,0,0,0,0	14	0
177521	144	263	139	73	55	10	6	1	502	1	31	695	232	0	21	1421	206	484	0,0,0,0,0,0	14108	0	106	1087	1	0	1255,1254,1254,1251,1251,1251,1251	0	10	724,0,0,0,0,0,0	20	0
177448	151	271	149	78	61	12	7	1	534	1	33	699	245	1	20	1550	218	511	0,0,0,0,0,0	14402	0	96	1182	2	0	1340,1339,1339,1333,1333,1333,1333	0	10	820,0,0,0,0,0,0	19	0
177389	146	273	161	74	68	12	7	1	574	1	40	701	293	3	19	1499	220	521	0,0,0,0,0,0	26166	0	84	1263	5	0	1415,1412,1412,1403,1403,1403,1403	0	4	904,0,0,0,0,0,0	24	0
177344	136	279	168	70	71	11	8	1	613	1	44	714	281	3	21	1543	232	511	0,0,0,0,0,0	26176	0	79	1341	7	0	1476,1473,1473,1460,1460,1460,1460	0	7	984,0,0,0,0,0,0	21	0
177284	136	280	184	68	70	15	8	0	653	1	47	717	255	1	19	1717	240	521	0,0,0,0,0,0	14708	0	88	1426	10	0	1552,1547,1547,1530,1530,1530,1530	0	9	1072,0,0,0,0,0,0	22	0
177232	119	289	189	80	72	17	10	0	686	1	51	705	260	0	22	1765	240	536	0,0,0,0,0,0	14625	0	86	1512	10	0	1627,1620,1620,1596,1596,1596,1596	1	8	1158,0,0,0,0,0,0	23	0
177156	131	288	186	89	77	17	8	1	737	3	53	704	319	1	31	1633	263	533	0,0,0,0,0,0	14755	0	110	1623	10	0	1724,1716,1716,1687,1687,1687,1687	1	6	1269,0,0,0,0,0,0	28	0
177088	154	298	171	95	81	18	6	0	774	5	56	679	261	0	29	1519	256	567	0,0,0,0,0,0	14719	0	114	1736	11	0	1824,1813,1813,1775,1775,1775,1775	1	10	1383,0,0,0,0,0,0	32	0
177008	183	289	175	83	88	20	9	0	823	5	63	659	254	0	30	1732	261	586	0,0,0,0,0,0	14607	0	114	1851	12	0	1932,1919,1919,1873,1873,1873,1873	1	4	1499,0,0,0,0,0,0	28	0
176951	197	299	171	80	89	24	12	0	850	5	68	667	225	2	27	1755	270	602	0,0,0,0,0,0	26367	0	100	1950	14	0	2024,2007,2007,1949,1949,1949,1949	1	8	1600,0,0,0,0,0,0	41	0
176863	198	333	174	85	83	29	11	1	888	6	75	651	151	2	16	1701	267	646	0,0,0,0,0,0	26526	0	123	2072	15	0	2143,2123,2123,2055,2055,2055,2055	1	10	1722,0,0,0,0,0,0	44	0
176801	190	345	204	80	87	31	10	1	910	8	79	653	111	2	26	1998	273	674	0,0,0,0,0,0	14733	0	113	2186	16	0	2246,2223,2223,2141,2141,2141,2141	1	9	1837,0,0,0,0,0,0	45	0
176694	225	351	220	91	89	25	8	2	948	9	84	672	226	0	29	2046	287	722	0,0,0,0,0,0	14949	0	152	2338	16	0	2392,2365,2365,2270,2270,2270,2270	1	8	1989,0,0,0,0,0,0	41	0
176603	232	394	214	95	89	26	7	3	984	10	89	639	256	1	29	2065	300	757	0,0,0,0,0,0	15004	0	146	2483	17	0	2529,2498,2498,2387,2387,2387,2387	1	9	2135,0,0,0,0,0,0	39	0
176496	228	437	225	92	95	26	7	4	1032	11	93	635	103	0	29	2185	309	801	0,0,0,0,0,0	15026	0	156	2638	18	0	2676,2641,2641,2517,2517,2517,2517	1	10	2290,0,0,0,0,0,0	41	0
176400	234	466	247	93	103	25	9	4	1052	11	102	644	305	4	31	2278	319	858	0,0,0,0,0,0	15027	0	163	2800	19	0	2828,2787,2787,2644,2644,2644,2644	1	8	2452,0,0,0,0,0,0	45	0
176321	238	458	271	93	113	29	12	3	1088	12	108	639	272	2	23	2203	312	902	0,0,0,0,0,0	26609	0	133	2934	19	0	2957,2912,2912,2750,2750,2750,2750	1	8	2586,0,0,0,0,0,0	54	0
176235	231	457	276	105	124	29	12	2	1149	14	112	648	234	0	34	2202	320	914	0,0,0,0,0,0	26906	0	137	3071	20	0	3090,3040,3040,2862,2862,2862,2862	1	10	2724,0,0,0,0,0,0	59	0
176099	254	480	281	114	139	30	14	2	1205	14	114	657	259	0	64	2534	392	920	0,0,0,0,0,0	15450	0	202	3272	21	0	3283,3228,3228,3029,3029,3029,3029	1	20	2926,0,0,0,0,0,0	66	0
175937	279	496	301	120	141	32	12	4	1289	16	119	632	262	1	37	2992	400	981	0,0,0,0,0,0	15820	0	208	3480	23	0	3486,3426,3426,3212,3212,3212,3212	1	13	3134,0,0,0,0,0,0	54	0
175828	268	567	308	117	131	37	14	4	1336	16	120	601	253	2	64	3301	470	972	0,0,0,0,0,0	16217	0	188	3668	24	0	3662,3596,3596,3357,3357,3357,3357	1	23	3322,0,0,0,0,0,0	57	0
175707	254	579	329	133	148	35	16	4	1401	16	124	614	155	3	43	3428	489	1005	0,0,0,0,0,0	16304	0	190	3857	25	0	3844,3771,3771,3511,3511,3511,3511	2	20	3511,0,0,0,0,0,0	61	0
175573	267	611	346	136	153	40	17	4	1456	16	127	615	260	3	58	3802	515	1055	0,0,0,0,0,0	16462	0	218	4077	25	0	4058,3977,3977,3687,3687,3687,3687	2	23	3731,0,0,0,0,0,0	70	0
175451	298	583	353	145	163	42	17	5	1539	17	133	606	262	3	51	3938	559	1042	0,0,0,0,0,0	28203	0	189	4266	25	0	4245,4157,4157,3843,3843,3843,3843	2	14	3920,0,0,0,0,0,0	81	0
175353	313	583	359	156	165	43	18	7	1597	17	135	577	292	1	47	4208	578	1059	0,0,0,0,0,0	28433	0	195	4463	26	0	4431,4334,4334,3987,3987,3987,3987	2	16	4117,0,0,0,0,0,0	86	0
175248	325	605	349	179	168	43	19	5	1648	19	138	562	265	4	64	4356	588	1100	0,0,0,0,0,0	17371	0	205	4668	27	0	4625,4519,4519,4140,4140,4140,4140	2	31	4322,0,0,0,0,0,0	85	0
175121	343	634	366	181	159	48	20	4	1709	20	141	574	149	4	58	4580	625	1126	0,0,0,0,0,0	17343	0	218	4885	28	0	4832,4718,4718,4308,4308,4308,4308	2	16	4539,0,0,0,0,0,0	90	0
174996	347	663	367	186	174	46	21	4	1773	22	147	558	271	4	55	4664	622	1182	0,0,0,0,0,0	17495	0	225	5109	29	0	5050,4926,4926,4481,4481,4481,4481	2	14	4763,0,0,0,0,0,0	91	0
174840	355	696	398	181	184	49	21	4	1841	24	153	550	303	1	52	4422	600	1284	0,0,0,0,0,0	17522	0	256	5365	30	0	5296,5163,5163,4684,4684,4684,4684	2	23	5019,0,0,0,0,0,0	95	0
174669	379	751	410	182	183	51	25	3	1914	24	155	549	271	4	55	4279	614	1367	0,0,0,0,0,0	17215	0	279	5643	33	0	5564,5421,5421,4905,4905,4905,4905	2	24	5297,0,0,0,0,0,0	103	0
174592	372	747	408	185	204	51	29	3	1971	24	160	560	276	5	54	4146	630	1366	0,0,0,0,0,0	28526	0	201	5845	34	0	5759,5603,5603,5043,5043,5043,5043	2	18	5499,0,0,0,0,0,0	108	0
174503	365	761	440	201	206	56	25	3	1992	30	164	545	232	4	81	4126	691	1363	0,0,0,0,0,0	28558	0	232	6075	37	0	5978,5809,5809,5200,5200,5200,5200	2	20	5729,0,0,0,0,0,0	118	0
174348	389	752	490	198	211	63	22	4	2067	33	169	536	303	10	70	4582	716	1409	0,0,0,0,0,0	17744	0	272	6345	40	0	6241,6060,6060,5411,5411,5411,5411	2	21	5999,0,0,0,0,0,0	124	0
174214	413	756	489	212	230	63	20	5	2137	35	172	558	258	3	63	4784	728	1455	0,0,0,0,0,0	17476	0	270	6612	44	0	6496,6303,6303,5606,5606,5606,5606	3	22	6267,0,0,0,0,0,0	119	0
174056	425	813	509	194	210	71	20	7	2229	36	176	550	244	3	78	4972	739	1503	0,0,0,0,0,0	17613	0	280	6894	44	0	6771,6565,6565,5824,5824,5824,5824	3	28	6549,0,0,0,0,0,0	115	0
173887	437	864	499	196	242	70	27	8	2298	36	182	552	306	4	66	5406	750	1585	0,0,0,0,0,0	17844	0	297	7193	45	0	7065,6846,6846,6056,6056,6056,6056	3	26	6848,0,0,0,0,0,0	132	0
173730	453	882	517	213	235	68	28	8	2388	37	187	523	272	4	91	5491	774	1622	0,0,0,0,0,0	18289	0	303	7492	50	0	7358,7124,7124,6282,6282,6282,6282	3	20	7147,0,0,0,0,0,0	118	0
173596	429	914	544	234	249	69	31	9	2443	39	189	533	310	3	70	5534	816	1654	0,0,0,0,0,0	29636	0	283	7774	52	0	7632,7384,7384,6487,6487,6487,6487	3	15	7430,0,0,0,0,0,0	123	0
173472	416	938	552	249	252	69	30	11	2528	39	190	520	350	3	81	5978	855	1651	0,0,0,0,0,0	29954	0	275	8047	54	0	7895,7632,7632,6682,6682,6682,6682	3	24	7703,0,0,0,0,0,0	134	0
173274	466	958	588	270	250	75	32	9	2591	39	194	500	258	3	86	6183	893	1746	0,0,0,0,0,0	19308	0	363	8414	55	0	8254,7974,7974,6962,6962,6962,6962	4	39	8070,0,0,0,0,0,0	141	0
173113	471	975	585	255	280	76	31	9	2713	41	197	517	317	0	73	6340	893	1780	0,0,0,0,0,0	19058	0	322	8734	59	0	8563,8267,8267,7197,7197,7197,7197	4	28	8390,0,0,0,0,0,0	140	0
172955	475	988	622	257	279	78	33	11	2807	42	199	511	263	4	80	6239	891	1841	0,0,0,0,0,0	34508	0	321	9054	63	0	8874,8561,8561,7432,7432,7432,7432	4	30	8710,0,0,0,0,0,0	141	0
172788	508	988	618	273	293	80	36	9	2906	44	203	481	268	6	87	5808	905	1891	0,0,0,0,0,0	34185	0	337	9386	68	0	9197,8868,8868,7678,7678,7678,7678	4	31	9042,0,0,0,0,0,0	144	0
172636	514	981	618	291	312	78	35	9	3017	48	207	478	244	6	96	6430	965	1864	0,0,0,0,0,0	34142	0	315	9701	70	0	9504,9158,9158,7908,7908,7908,7908	4	32	9357,0,0,0,0,0,0	157	0
172530	493	965	624	317	313	77	38	8	3121	50	210	481	298	4	95	5931	969	1858	0,0,0,0,0,0	47041	0	281	9983	71	0	9777,9414,9414,8098,8098,8098,8098	4	21	9639,0,0,0,0,0,0	157	0
172405	471	1027	638	291	299	82	44	9	3218	52	210	480	256	3	86	6146	996	1856	0,0,0,0,0,0	47378	0	320	10303	74	0	10085,9702,9702,8315,8315,8315,8315	4	23	9959,0,0,0,0,0,0	163	0
172278	484	1030	618	281	324	84	45	7	3324	55	216	445	311	11	89	6514	1002	1864	0,0,0,0,0,0	34791	0	320	10621	77	0	10396,9993,9993,8535,8535,8535,8535	4	32	10278,0,0,0,0,0,0	167	0
172151	479	1003	671	295	313	88	45	6	3419	56	220	460	261	5	82	6625	1045	1849	0,0,0,0,0,0	34351	0	313	10931	82	0	10694,10273,10273,8746,8746,8746,8746	4	37	10589,0,0,0,0,0,0	168	0
172061	478	1002	646	301	314	88	47	5	3522	59	223	478	248	8	98	6710	1054	1822	0,0,0,0,0,0	34402	0	301	11228	87	0	10980,10538,10538,8934,8934,8934,8934	4	29	10887,0,0,0,0,0,0	174	0
171974	452	1017	615	304	320	96	48	5	3625	64	226	469	232	4	84	7153	1061	1791	0,0,0,0,0,0	34772	0	292	11517	91	0	11258,10795,10795,9116,9116,9116,9116	4	28	11176,0,0,0,0,0,0	169	0
171881	463	1002	639	310	319	96	51	6	3684	65	230	455	265	2	97	7408	1100	1780	0,0,0,0,0,0	35401	0	325	11839	95	0	11569,11083,11083,9318,9318,9318,9318	4	37	11498,0,0,0,0,0,0	178	0
171845	435	972	670	302	319	91	54	6	3752	68	232	453	336	6	69	7380	1039	1804	0,0,0,0,0,0	47924	0	255	12095	96	0	11812,11304,11304,9458,9458,9458,9458	4	18	11754,0,0,0,0,0,0	186	0
171811	400	957	683	309	307	95	56	10	3809	71	238	441	256	5	91	7154	1040	1767	0,0,0,0,0,0	48145	0	262	12356	99	0	12063,11531,11531,9601,9601,9601,9601	4	30	12015,0,0,0,0,0,0	189	0
171752	421	899	685	320	314	95	51	11	3882	74	242	443	312	6	101	7140	1038	1747	0,0,0,0,0,0	34884	0	286	12641	102	0	12336,11782,11782,9767,9767,9767,9767	4	34	12300,0,0,0,0,0,0	189	0
171717	423	892	654	315	274	103	56	12	3976	79	245	403	287	3	85	7474	1025	1692	0,0,0,0,0,0	35159	0	265	12901	107	0	12581,12004,12004,9905,9905,9905,9905	4	26	12560,0,0,0,0,0,0	185	0
171701	408	921	633	295	272	107	58	10	4010	84	247	393	269	4	82	6979	1023	1671	0,0,0,0,0,0	35428	0	285	13185	111	0	12849,12245,12245,10047,10047,10047,10047	4	25	12844,0,0,0,0,0,0	182	0
171666	431	904	619	292	268	101	61	11	4055	85	253	402	291	2	96	6910	1022	1654	0,0,0,0,0,0	34796	0	286	13471	113	0	13120,12491,12491,10199,10199,10199,10199	4	24	13130,0,0,0,0,0,0	183	0
171653	415	882	623	278	269	102	58	12	4111	89	254	407	240	6	94	6703	994	1633	0,0,0,0,0,0	34672	0	248	13715	118	0	13349,12696,12696,10319,10319,10319,10319	4	29	13374,0,0,0,0,0,0	184	0
171640	392	854	633	281	281	103	60	9	4143	92	258	411	241	4	69	6380	992	1612	0,0,0,0,0,0	47354	0	246	13964	119	0	13585,12908,12908,10442,10442,10442,10442	4	19	13624,0,0,0,0,0,0	190	0
171688	358	858	607	272	274	105	58	9	4161	96	260	410	297	3	74	5755	959	1573	0,0,0,0,0,0	46876	0	216	14175	124	0	13780,13077,13077,10515,10515,10515,10515	4	25	13835,0,0,0,0,0,0	180	0
171691	368	824	619	270	275	99	56	9	4174	99	262	391	293	4	90	5839	950	1561	0,0,0,0,0,0	33743	0	260	14430	129	0	14019,13290,13290,10632,10632,10632,10632	4	35	14090,0,0,0,0,0,0	177	0
171709	366	794	601	261	271	101	56	9	4208	102	268	377	234	1	82	6003	959	1491	0,0,0,0,0,0	33722	0	237	14665	133	0	14239,13484,13484,10731,10731,10731,10731	4	23	14325,0,0,0,0,0,0	172	0
171752	353	764	564	274	273	104	55	10	4220	104	273	389	256	4	69	6104	940	1447	0,0,0,0,0,0	34003	0	217	14884	134	0	14443,13662,13662,10810,10810,10810,10810	4	25	14544,0,0,0,0,0,0	175	0
171791	344	758	545	268	258	99	57	8	4233	107	278	406	242	4	81	5806	935	1394	0,0,0,0,0,0	33715	0	205	15084	139	0	14630,13825,13825,10882,10882,10882,10882	4	29	14744,0,0,0,0,0,0	170	0
171813	359	731	532	259	263	103	61	9	4228	107	281	411	245	3	54	5510	902	1406	0,0,0,0,0,0	33587	0	232	15314	143	0	14845,14014,14014,10975,10975,10975,10975	4	24	14974,0,0,0,0,0,0	181	0
171919	324	731	519	247	247	103	60	9	4193	111	283	421	253	2	53	5593	822	1409	0,0,0,0,0,0	46652	0	195	15510	145	0	15021,14160,14160,11010,11010,11010,11010	4	22	15170,0,0,0,0,0,0	185	0
171985	316	704	516	246	230	103	57	10	4180	116	283	431	300	2	69	5318	798	1374	0,0,0,0,0,0	46384	0	193	15702	147	0	15195,14308,14308,11062,11062,11062,11062	4	13	15362,0,0,0,0,0,0	176	0
172031	310	682	520	245	235	100	58	12	4150	117	286	415	276	5	58	5514	763	1387	0,0,0,0,0,0	33272	0	206	15905	151	0	15382,14470,14470,11130,11130,11130,11130	4	22	15565,0,0,0,0,0,0	178	0
172106	316	666	524	238	219	96	54	11	4102	123	291	442	234	2	67	5578	754	1359	0,0,0,0,0,0	33326	0	213	16114	155	0	15571,14630,14630,11183,11183,11183,11183	4	19	15774,0,0,0,0,0,0	167	0
172139	320	690	493	217	209	88	52	13	4104	126	295	417	306	0	66	5509	717	1352	0,0,0,0,0,0	33261	0	219	16334	157	0	15776,14809,14809,11266,11266,11266,11266	4	28	15994,0,0,0,0,0,0	154	0
172206	323	663	493	227	206	93	45	16	4045	133	296	406	307	6	57	5594	723	1327	0,0,0,0,0,0	33490	0	193	16527	160	0	15950,14957,14957,11316,11316,11316,11316	4	20	16187,0,0,0,0,0,0	148	0
172262	331	656	481	235	208	91	41	17	3989	138	297	405	248	2	64	5416	719	1324	0,0,0,0,0,0	33527	0	201	16728	162	0	16133,15114,15114,11375,11375,11375,11375	4	28	16388,0,0,0,0,0,0	152	0
172368	303	650	465	230	201	85	39	18	3944	142	301	394	259	1	60	5069	701	1272	0,0,0,0,0,0	46675	0	157	16882	165	0	16271,15226,15226,11389,11389,11389,11389	4	16	16542,0,0,0,0,0,0	143	0
172448	303	636	461	230	188	80	39	14	3900	144	303	405	237	0	56	5010	676	1261	0,0,0,0,0,0	46256	0	182	17063	168	0	16434,15363,15363,11427,11427,11427,11427	3	23	16723,0,0,0,0,0,0	149	0
172513	294	646	439	227	184	79	38	15	3858	147	306	397	264	5	50	4963	664	1243	0,0,0,0,0,0	33309	0	184	17244	172	0	16599,15503,15503,11473,11473,11473,11473	3	20	16904,0,0,0,0,0,0	137	0
172582	273	659	424	216	198	76	34	17	3808	151	308	389	287	6	64	5071	687	1193	0,0,0,0,0,0	32779	0	184	17426	175	0	16761,15639,15639,11514,11514,11514,11514	3	16	17086,0,0,0,0,0,0	132	0
172629	277	634	424	205	216	69	33	17	3778	154	310	391	259	5	61	5078	707	1151	0,0,0,0,0,0	32953	0	192	17618	176	0	16936,15790,15790,11573,11573,11573,11573	3	20	17278,0,0,0,0,0,0	122	0
172700	273	621	393	218	221	68	31	17	3736	155	313	391	237	2	69	5028	712	1113	0,0,0,0,0,0	33316	0	173	17792	177	0	17091,15921,15921,11610,11610,11610,11610	3	24	17452,0,0,0,0,0,0	120	0
172774	290	589	424	214	229	70	33	12	3637	157	317	383	256	2	55	4938	693	1156	0,0,0,0,0,0	33014	0	199	17992	180	0	17271,16073,16073,11657,11657,11657,11657	3	22	17653,0,0,0,0,0,0	111	0
172890	280	568	434	190	205	66	37	11	3590	157	318	410	242	0	59	4827	680	1100	0,0,0,0,0,0	45827	0	146	18135	184	0	17394,16170,16170,11656,11656,11656,11656	3	12	17797,0,0,0,0,0,0	127	0
173001	231	563	418	193	202	69	38	9	3547	157	318	394	262	4	54	4784	665	1049	0,0,0,0,0,0	46118	0	127	18264	185	0	17504,16256,16256,11651,11651,11651,11651	3	10	17926,0,0,0,0,0,0	125	0
173060	235	536	410	181	189	68	39	9	3541	158	320	403	237	2	50	4915	624	1034	0,0,0,0,0,0	33112	0	164	18426	187	0	17649,16379,16379,11688,11688,11688,11688	3	15	18088,0,0,0,0,0,0	121	0
173117	246	520	405	175	182	68	40	6	3503	160	324	399	253	1	57	5073	618	1018	0,0,0,0,0,0	32995	0	172	18596	190	0	17802,16509,16509,11729,11729,11729,11729	3	21	18259,0,0,0,0,0,0	132	0
173212	246	529	392	172	166	66	40	7	3428	162	326	408	293	1	51	5217	597	1014	0,0,0,0,0,0	33323	0	167	18763	191	0	17950,16630,16630,11749,11749,11749,11749	3	14	18426,0,0,0,0,0,0	123	0
173265	255	548	385	156	151	69	38	6	3381	165	327	441	258	0	49	5220	604	998	0,0,0,0,0,0	46395	0	168	18928	195	0	18097,16755,16755,11790,11790,11790,11790	3	16	18591,0,0,0,0,0,0	123	0
173355	238	505	384	147	163	68	37	7	3348	166	328	464	91	1	46	4988	567	975	0,0,0,0,0,0	46022	0	127	19053	197	0	18203,16840,16840,11791,11791,11791,11791	3	13	18716,0,0,0,0,0,0	128	0
173474	205	480	380	153	158	67	35	6	3288	170	330	463	271	0	45	4722	559	919	0,0,0,0,0,0	45887	0	103	19154	200	0	18287,16901,16901,11767,11767,11767,11767	2	9	18817,0,0,0,0,0,0	125	0
173599	201	419	381	165	160	68	32	5	3207	176	333	461	231	3	42	4439	554	872	0,0,0,0,0,0	45969	31	105	19256	204	0	18372,16963,16963,11741,11741,11741,11741	2	6	18919,0,0,0,0,0,0	118	28
173708	201	394	380	163	146	68	33	6	3132	177	338	435	259	1	53	4424	545	840	0,0,0,0,0,0	32575	21	118	19373	205	0	18474,17042,17042,11731,11731,11731,11731	2	15	19036,0,0,0,0,0,0	121	48
173793	202	387	350	145	144	65	37	5	3101	177	340	447	265	2	40	4299	534	796	0,0,0,0,0,0	32415	31	126	19498	207	0	18580,17127,17127,11733,11733,11733,11733	2	10	19161,0,0,0,0,0,0	123	73
173880	191	402	339	149	135	63	35	5	3022	180	345	444	271	3	47	3999	513	801	0,0,0,0,0,0	32212	34	121	19615	211	0	18683,17209,17209,11733,11733,11733,11733	2	17	19278,0,0,0,0,0,0	120	103
173987	192	373	323	138	146	61	32	7	2956	181	350	470	264	4	34	3572	469	796	0,0,0,0,0,0	31705	30	108	19721	213	0	18772,17277,17277,11717,11717,11717,11717	2	8	19384,0,0,0,0,0,0	115	129
174094	193	371	291	139	133	60	30	8	2894	182	351	471	298	2	46	3465	465	752	0,0,0,0,0,0	31592	26	108	19830	214	0	18861,17344,17344,11700,11700,11700,11700	2	14	19493,0,0,0,0,0,0	116	152
174193	175	369	263	134	118	62	28	8	2861	184	351	479	253	1	33	3228	425	724	0,0,0,0,0,0	38503	25	95	19923	216	0	18936,17401,17401,11681,11681,11681,11681	2	9	19586,0,0,0,0,0,0	113	176
174277	165	368	245	125	110	62	30	9	2818	184	353	458	248	2	32	3157	417	688	0,0,0,0,0,0	38317	120	100	20019	221	0	19028,17474,17474,11677,11677,11677,11677	2	10	19682,0,0,0,0,0,0	115	289
174363	177	357	244	111	105	62	34	9	2745	184	355	464	269	1	42	3112	405	685	0,0,0,0,0,0	26178	155	106	20124	222	0	19124,17550,17550,11673,11673,11673,11673	2	16	19787,0,0,0,0,0,0	115	430
174405	193	366	252	102	97	63	29	10	2684	187	358	436	89	1	32	3065	393	709	0,0,0,0,0,0	26064	121	137	20259	224	0	19251,17660,17660,11707,11707,11707,11707	2	17	19922,0,0,0,0,0,0	106	536
174486	199	372	251	114	90	62	24	9	2590	190	359	465	228	2	22	2797	371	741	0,0,0,0,0,0	25924	144	125	20384	226	0	19369,17757,17757,11717,11717,11717,11717	2	17	20047,0,0,0,0,0,0	99	654
174551	193	375	244	102	96	53	21	9	2546	194	362	441	246	0	33	2727	346	738	0,0,0,0,0,0	25574	125	116	20498	228	0	19478,17847,17847,11729,11729,11729,11729	2	18	20161,0,0,0,0,0,0	86	763
174621	189	390	233	97	95	51	20	9	2481	195	365	461	292	3	39	2735	331	744	0,0,0,0,0,0	25773	119	116	20613	229	0	19586,17937,17937,11739,11739,11739,11739	2	8	20276,0,0,0,0,0,0	75	870
174715	165	357	240	106	113	42	18	10	2416	196	368	466	261	1	36	2673	337	704	0,0,0,0,0,0	38050	135	80	20693	230	0	19661,17994,17994,11721,11721,11721,11721	2	10	20356,0,0,0,0,0,0	76	986
174745	159	359	246	110	109	39	17	10	2382	197	373	466	292	4	36	2565	342	697	0,0,0,0,0,0	37715	146	120	20814	231	0	19814,18131,18131,11774,11774,11774,11774	2	14	20477,0,0,0,0,0,0	77	1111
174760	157	367	231	114	101	40	17	9	2375	198	377	462	302	4	34	2237	335	692	0,0,0,0,0,0	25762	136	118	20931	232	0	19971,18275,18275,11836,11836,11836,11836	2	13	20594,0,0,0,0,0,0	74	1227
174799	169	359	235	115	99	40	17	10	2322	198	383	447	297	2	32	2423	326	708	0,0,0,0,0,0	25451	146	120	21049	234	0	20113,18401,18401,11877,11877,11877,11877	2	19	20712,0,0,0,0,0,0	74	1355
174828	194	365	229	110	101	42	16	8	2265	201	387	477	224	2	41	2689	359	698	0,0,0,0,0,0	25493	158	135	21179	240	0	20273,18545,18545,11932,11932,11932,11932	2	15	20843,0,0,0,0,0,0	67	1485
174878	186	362	225	110	92	39	16	7	2239	203	389	485	318	1	38	2862	369	661	0,0,0,0,0,0	25959	151	91	21269	241	0	20389,18647,18647,11954,11954,11954,11954	2	14	20933,0,0,0,0,0,0	66	1613
174958	166	350	241	108	96	31	15	7	2179	205	390	474	222	2	25	2922	359	648	0,0,0,0,0,0	25743	140	87	21356	241	0	20499,18740,18740,11959,11959,11959,11959	2	7	21020,0,0,0,0,0,0	59	1740
175022	146	334	230	111	109	30	15	5	2146	206	392	472	246	1	24	2809	347	628	0,0,0,0,0,0	37964	157	83	21436	244	0	20609,18835,18835,11972,11972,11972,11972	1	3	21100,0,0,0,0,0,0	64	1877
175074	138	337	225	105	101	29	12	4	2118	208	395	477	254	2	33	2965	353	594	0,0,0,0,0,0	38053	48	88	21524	244	0	20732,18944,18944,11998,11998,11998,11998	1	7	21188,0,0,0,0,0,0	57	1916
175113	156	332	227	115	97	27	9	4	2059	210	397	499	250	2	40	3172	358	605	0,0,0,0,0,0	26130	62	120	21644	245	0	20879,19075,19075,12040,12040,12040,12040	1	9	21308,0,0,0,0,0,0	55	1975
175144	153	345	230	112	92	30	6	5	2016	212	401	513	79	1	22	3216	345	623	0,0,0,0,0,0	26257	71	97	21741	246	0	21010,19193,19193,12078,12078,12078,12078	1	10	21405,0,0,0,0,0,0	54	2034
175215	156	319	229	115	98	27	7	5	1959	213	403	510	97	2	34	3306	326	625	0,0,0,0,0,0	26482	68	93	21833	247	0	21136,19302,19302,12094,12094,12094,12094	1	12	21497,0,0,0,0,0,0	56	2092
175265	143	333	221	107	97	30	7	5	1917	213	408	505	235	1	30	3178	331	607	0,0,0,0,0,0	26265	69	95	21928	248	0	21267,19418,19418,12122,12122,12122,12122	1	10	21592,0,0,0,0,0,0	52	2149
175300	140	333	221	112	93	34	9	4	1875	214	411	506	290	2	42	3185	343	599	0,0,0,0,0,0	26361	65	106	22033	249	0	21405,19542,19542,12161,12161,12161,12161	1	12	21697,0,0,0,0,0,0	54	2204
175326	145	317	218	116	86	38	7	4	1857	216	416	495	248	0	25	2769	324	603	0,0,0,0,0,0	37914	59	97	22130	250	0	21540,19664,19664,12205,12205,12205,12205	1	11	21794,0,0,0,0,0,0	58	2253
175378	145	301	226	108	80	39	8	4	1824	216	417	497	261	2	33	2780	325	582	0,0,0,0,0,0	37993	201	81	22211	252	0	21630,19741,19741,12213,12213,12213,12213	1	5	21875,0,0,0,0,0,0	63	2430
175414	143	307	227	102	91	38	10	4	1774	216	420	460	155	0	23	2929	340	578	0,0,0,0,0,0	26132	218	97	22308	255	0	21741,19839,19839,12237,12237,12237,12237	1	19	21972,0,0,0,0,0,0	59	2607
175407	156	326	230	100	88	38	15	4	1744	216	422	476	238	2	34	2849	361	592	4,0,0,0,0,0	26363	221	88	22437	255	0	21885,19971,19971,12298,12298,12298,12298	1	7	22060,41,0,0,0,0,0	56	2800
175386	191	327	235	91	101	36	16	4	1718	216	425	489	111	0	26	2727	362	635	9,0,0,0,0,0	25701	232	106	22583	257	0	22047,20120,20120,12376,12376,12376,12376	1	9	22152,95,0,0,0,0,0	64	2985
175358	216	349	239	84	105	40	20	3	1685	216	431	490	87	1	23	2384	327	726	14,0,0,0,0,0	25811	189	113	22737	261	0	22219,20279,20279,12463,12463,12463,12463	1	13	22244,157,0,0,0,0,0	67	3141
175303	235	401	219	83	116	41	19	3	1674	217	435	517	259	0	37	2455	353	761	20,0,0,0,0,0	25562	221	132	22908	264	0	22405,20453,20453,12569,12569,12569,12569	1	14	22343,230,0,0,0,0,0	70	3311
175258	245	449	224	99	121	38	18	4	1629	218	443	508	148	0	23	2361	345	849	25,0,0,0,0,0	37514	195	132	23077	266	0	22590,20625,20625,12672,12672,12672,12672	1	7	22428,315,0,0,0,0,0	69	3475
175183	266	481	229	109	121	40	15	3	1630	221	448	479	315	1	40	2290	354	907	31,0,0,0,0,0	37488	175	134	23247	270	0	22856,20881,20881,12828,12828,12828,12828	1	10	22495,421,0,0,0,0,0	70	3616
175089	287	512	254	100	138	37	16	2	1636	221	454	503	234	3	53	2653	400	944	35,0,0,0,0,0	25703	184	198	23444	273	0	23157,21173,21173,13011,13011,13011,13011	1	21	22595,519,0,0,0,0,0	65	3775
175005	285	542	269	127	142	35	16	2	1643	224	456	482	138	2	38	2739	422	994	38,0,0,0,0,0	25925	167	186	23629	275	0	23435,21442,21441,13177,13177,13177,13177	1	16	22683,617,0,0,0,0,0	65	3909
174948	265	580	292	125	145	37	16	1	1653	225	459	472	310	2	47	2727	467	993	40,0,0,0,0,0	25791	190	169	23791	283	0	23695,21693,21692,13324,13324,13324,13324	1	20	22764,702,0,0,0,0,0	67	4049
174849	253	603	319	123	166	38	17	1	1685	225	467	472	258	2	49	3010	500	1019	44,0,0,0,0,0	25902	163	188	23974	289	0	23968,21958,21957,13495,13495,13495,13495	1	10	22841,811,0,0,0,0,0	70	4182
174780	262	621	318	140	171	42	19	2	1697	225	469	489	243	4	52	3287	543	1030	46,0,0,0,0,0	26433	162	199	24170	294	0	24250,22229,22227,13656,13656,13656,13656	1	21	22928,925,0,0,0,0,0	73	4312
174639	306	606	347	155	175	42	20	3	1753	225	475	472	260	5	45	3428	554	1097	49,0,0,0,0,0	38724	150	227	24393	301	0	24565,22537,22535,13872,13872,13872,13872	1	14	23019,1062,0,0,0,0,0	93	4430
174592	303	607	340	184	174	43	23	3	1777	225	475	474	231	1	51	3563	588	1086	50,0,0,0,0,0	38102	136	171	24562	304	0	24815,22778,22774,14007,14007,14007,14007	1	9	23092,1160,0,0,0,0,0	89	4543
174490	304	644	334	205	156	49	22	4	1835	228	475	475	295	1	53	3930	592	1122	52,0,0,0,0,0	26862	155	216	24775	307	0	25110,23064,23060,14190,14190,14190,14190	1	18	23177,1291,0,0,0,0,0	90	4660
174424	304	636	353	213	151	53	25	4	1879	229	475	507	255	3	57	4358	607	1128	55,0,0,0,0,0	27140	141	194	24967	309	0	25378,23324,23318,14341,14341,14341,14341	2	20	23238,1423,0,0,0,0,0	93	4765
174306	320	623	380	227	159	55	25	4	1936	231	480	499	250	2	52	4285	601	1188	56,0,0,0,0,0	27305	126	222	25181	317	0	25678,23620,23612,14536,14536,14536,14536	2	14	23312,1568,0,0,0,0,0	102	4856
174153	375	634	395	219	173	54	23	4	2000	234	482	498	297	0	75	4258	651	1222	59,0,0,0,0,0	27366	127	275	25441	333	0	26015,23950,23940,14766,14766,14766,14766	2	25	23396,1756,0,0,0,0,0	109	4943
174013	395	675	395	216	190	51	24	5	2063	235	484	493	258	1	61	4722	666	1280	61,0,0,0,0,0	27734	126	254	25691	338	0	26334,24264,24252,14979,14979,14979,14979	2	30	23467,1940,0,0,0,0,0	97	5026
173883	397	697	397	228	209	53	24	5	2126	239	488	502	261	3	55	4647	658	1347	63,0,0,0,0,0	39384	127	241	25925	345	0	26644,24569,24554,15187,15187,15187,15187	2	14	23542,2106,0,0,0,0,0	106	5111
173809	364	733	418	223	219	55	24	8	2160	242	491	481	259	3	74	4546	695	1341	64,0,0,0,0,0	39561	313	212	26132	351	0	26887,24805,24787,15330,15330,15330,15330	2	7	23600,2259,0,0,0,0,0	103	5350
173666	387	758	426	221	205	61	28	7	2251	244	492	472	249	4	94	4948	736	1350	67,0,0,0,0,0	28075	290	270	26392	361	0	27184,25100,25077,15533,15533,15533,15533	2	26	23662,2465,0,0,0,0,0	113	5555
173530	410	778	443	217	209	66	33	8	2314	244	494	475	233	3	64	5316	778	1378	68,0,0,0,0,0	28110	319	272	26651	374	0	27481,25392,25366,15732,15732,15732,15732	2	18	23731,2665,0,0,0,0,0	121	5792
173418	419	811	460	221	218	69	34	9	2344	244	499	485	323	2	69	5253	802	1430	69,0,0,0,0,0	28285	297	280	26921	384	0	27778,25686,25653,15923,15923,15923,15923	2	23	23794,2881,0,0,0,0,0	125	6002
173276	398	856	470	234	219	71	32	10	2434	246	500	513	254	5	66	5436	792	1488	71,0,0,0,0,0	28455	292	284	27198	392	0	28084,25987,25951,16131,16131,16131,16131	2	17	23849,3106,0,0,0,0,0	128	6211
173095	418	922	483	232	237	69	34	8	2497	247	504	486	253	4	77	5811	813	1582	73,0,0,0,0,0	28415	304	335	27525	402	0	28438,26340,26297,16384,16384,16384,16384	2	20	23905,3384,0,0,0,0,0	131	6428
172993	440	892	508	245	249	75	30	11	2550	249	504	460	236	4	72	5912	832	1607	75,0,0,0,0,0	40192	289	265	27781	411	0	28716,26615,26566,16561,16561,16561,16561	2	14	23950,3601,0,0,0,0,0	143	6635
172910	414	903	506	237	239	80	34	12	2656	250	505	476	312	4	74	5800	833	1580	76,0,0,0,0,0	40335	594	233	28014	415	0	29072,26970,26914,16767,16767,16767,16767	2	11	24003,3785,0,0,0,0,0	137	6950
172729	436	929	511	250	260	76	34	13	2751	250	507	448	273	6	81	5728	856	1640	78,0,0,0,0,0	29086	614	331	28339	424	0	29509,27409,27346,17063,17063,17063,17063	2	18	24037,4082,0,0,0,0,0	139	7377
172525	494	907	547	256	282	72	34	12	2855	252	510	454	265	1	93	5934	889	1703	80,0,0,0,0,0	28707	632	353	28685	434	0	29978,27880,27810,17384,17384,17384,17384	2	17	24080,4393,0,0,0,0,0	134	7945
172331	520	958	567	271	273	70	32	12	2947	253	512	457	248	3	84	6067	916	1775	80,0,0,0,0,0	28986	583	369	29041	449	0	30449,28353,28274,17705,17705,17705,17705	2	23	24138,4703,0,0,0,0,0	135	8466
172173	521	1005	566	291	275	73	33	12	3028	255	514	455	245	4	85	5759	888	1876	82,0,0,0,0,0	28905	609	352	29389	455	0	30894,28801,28712,17995,17995,17995,17995	2	17	24183,5011,0,0,0,0,0	146	8998
171964	556	1066	588	294	283	79	36	9	3098	258	515	462	268	3	99	6354	924	1978	83,0,0,0,0,0	29055	575	397	29777	468	0	31388,29297,29199,18337,18337,18337,18337	2	19	24221,5374,0,0,0,0,0	144	9485
171784	598	1060	633	305	293	80	38	9	3161	260	525	460	299	2	86	6587	959	2048	84,0,0,0,0,0	41077	645	369	30136	479	0	31852,29767,29657,18649,18649,18649,18649	2	12	24269,5695,0,0,0,0,0	161	10044
171619	593	1089	651	300	312	79	44	9	3259	263	528	466	256	7	103	6473	998	2070	85,0,0,0,0,0	40947	732	370	30494	493	0	32333,30253,30132,18962,18962,18962,18962	2	29	24305,6027,0,0,0,0,0	153	10659
171392	625	1173	627	316	314	78	41	13	3367	267	533	470	224	6	97	7096	1035	2139	86,0,0,0,0,0	29888	812	416	30899	509	0	32922,30849,30715,19353,19353,19353,19353	2	22	24341,6407,0,0,0,0,0	161	11352
171123	633	1266	690	328	317	81	47	11	3444	268	538	441	245	4	103	7467	1073	2289	87,0,0,0,0,0	30138	765	473	31359	523	0	33600,31533,31387,19811,19811,19811,19811	2	22	24372,6846,0,0,0,0,0	155	12016
170844	681	1345	727	320	320	76	53	11	3561	269	539	460	245	12	117	7840	1168	2354	88,0,0,0,0,0	30668	755	483	31827	542	0	34272,32215,32055,20276,20276,20276,20276	2	18	24403,7298,0,0,0,0,0	167	12663
170525	731	1400	785	346	350	75	53	12	3655	272	542	479	242	8	87	7914	1162	2578	89,0,0,0,0,0	30842	805	529	32336	569	0	34986,32940,32766,20782,20782,20782,20782	2	26	24436,7796,0,0,0,0,0	172	13338
170152	798	1469	806	396	389	74	50	14	3778	277	543	489	317	6	106	7852	1193	2789	90,0,0,0,0,0	31448	747	569	32890	589	0	35723,33687,33500,21324,21324,21324,21324	2	23	24471,8329,0,0,0,0,0	165	13981
169847	828	1534	841	392	403	83	54	13	3926	280	545	496	229	5	122	7846	1242	2893	91,0,0,0,0,0	41949	764	520	33395	607	0	36436,34411,34209,21825,21825,21825,21825	2	23	24504,8813,0,0,0,0,0	181	14619
169590	822	1570	882	417	408	86	54	11	4074	284	548	501	243	4	129	8422	1330	2909	91,0,0,0,0,0	42384	864	503	33884	626	0	37151,35139,34919,22298,22298,22298,22298	2	20	24525,9297,0,0,0,0,0	204	15343
169290	837	1594	946	436	433	87	56	11	4219	287	550	487	298	5	149	8391	1441	2948	92,0,0,0,0,0	47554	931	541	34407	647	0	37927,35928,35691,22821,22821,22821,22821	2	30	24550,9810,0,0,0,0,0	205	16148
169048	811	1617	995	442	461	83	54	11	4378	292	554	471	288	6	156	9051	1532	2931	93,0,0,0,0,0	47661	868	498	34893	664	0	38641,36657,36401,23286,23286,23286,23286	2	20	24578,10281,0,0,0,0,0	203	16849
168820	807	1580	1023	472	488	90	56	10	4550	294	556	453	269	8	142	9167	1558	2958	93,0,0,0,0,0	48190	903	488	35360	690	0	39326,37358,37082,23730,23730,23730,23730	2	25	24604,10738,0,0,0,0,0	203	17610
168588	825	1615	1019	478	485	97	56	13	4711	299	560	477	233	6	144	9445	1581	2994	93,0,0,0,0,0	48200	941	521	35856	718	0	40048,38098,37800,24196,24196,24196,24196	2	37	24626,11233,0,0,0,0,0	204	18364
168357	809	1647	1041	474	499	111	56	14	4871	304	563	436	280	7	154	9287	1620	3017	93,0,0,0,0,0	47757	879	504	36342	739	0	40745,38813,38494,24651,24651,24651,24651	2	35	24647,11714,0,0,0,0,0	217	19094
168226	705	1676	1013	503	510	118	60	11	5051	308	565	457	258	8	123	9323	1594	2991	94,0,0,0,0,0	71869	880	423	36748	760	0	41366,39454,39112,25021,25021,25021,25021	2	20	24668,12117,0,0,0,0,0	231	19806
168124	660	1611	1023	510	494	124	63	13	5244	312	568	448	267	7	148	9583	1588	2897	94,0,0,0,0,0	71836	648	402	37129	782	0	42039,40150,39785,25404,25404,25404,25404	2	22	24693,12492,0,0,0,0,0	250	20331
167905	721	1557	1045	492	493	132	71	13	5431	314	572	429	266	7	184	10150	1657	2854	94,0,0,0,0,0	48532	598	508	37614	807	0	42827,40960,40572,25898,25898,25898,25898	3	49	24716,12971,0,0,0,0,0	255	20795
167759	732	1519	1040	485	517	126	73	12	5588	319	576	426	301	8	153	10055	1670	2822	94,0,0,0,0,0	48748	640	458	38045	836	0	43534,41692,41278,26317,26317,26317,26317	3	30	24734,13407,0,0,0,0,0	246	21293
167694	731	1464	1004	543	502	128	78	11	5690	319	582	418	275	8	140	10015	1628	2822	94,0,0,0,0,0	48504	645	443	38472	855	0	44246,42433,41988,26702,26702,26702,26702	3	26	24748,13834,0,0,0,0,0	241	21810
167564	735	1500	973	537	482	135	83	12	5818	322	585	387	258	9	140	9768	1608	2837	94,0,0,0,0,0	48764	668	494	38944	879	0	44998,43213,42738,27140,27140,27140,27140	3	34	24766,14303,0,0,0,0,0	255	22319
167435	743	1522	968	518	496	139	86	14	5914	325	586	390	238	3	176	9459	1608	2864	95,0,0,0,0,0	48280	591	483	39411	898	0	45738,43983,43478,27571,27571,27571,27571	3	37	24780,14771,0,0,0,0,0	269	22780
167454	675	1471	971	516	496	148	80	14	5997	335	589	400	241	5	132	9249	1540	2817	95,0,0,0,0,0	72009	586	354	39748	918	0	46342,44615,44080,27862,27862,27862,27862	3	17	24793,15109,0,0,0,0,0	280	23262
167488	629	1411	942	507	475	159	82	16	6104	340	593	403	298	9	144	9031	1527	2678	95,0,0,0,0,0	71391	886	349	40079	938	0	46904,45218,44651,28160,28160,28160,28160	3	23	24798,15450,0,0,0,0,0	288	23983
167436	639	1372	936	520	485	162	76	15	6162	347	596	398	300	2	156	9556	1512	2678	96,0,0,0,0,0	48414	902	447	40508	957	0	47589,45936,45338,28535,28535,28535,28535	3	24	24810,15879,0,0,0,0,0	286	24724
167421	638	1324	956	485	493	156	74	20	6226	354	599	384	309	8	160	9965	1539	2587	96,0,0,0,0,0	48597	850	397	40888	977	0	48273,46651,46020,28862,28862,28862,28862	3	26	24826,16258,0,0,0,0,0	273	25412
167399	647	1335	940	468	492	156	79	19	6253	358	600	379	255	9	153	10020	1540	2577	96,0,0,0,0,0	48736	949	436	41307	996	0	48980,47392,46725,29207,29207,29207,29207	3	28	24837,16680,0,0,0,0,0	273	26173
167369	668	1306	911	436	490	154	87	19	6345	360	601	409	318	7	153	9437	1492	2560	96,0,0,0,0,0	48614	892	412	41699	1020	0	49673,48117,47418,29552,29552,29552,29552	3	26	24847,17078,0,0,0,0,0	277	26875
167357	656	1311	871	414	487	154	89	19	6420	363	605	373	284	5	147	9307	1444	2538	96,0,0,0,0,0	48338	945	410	42087	1044	0	50332,48810,48076,29872,29872,29872,29872	3	26	24856,17472,0,0,0,0,0	287	27636
167459	607	1239	855	409	453	151	87	17	6494	370	605	376	300	5	118	8940	1367	2434	96,0,0,0,0,0	71662	910	307	42377	1065	0	50915,49427,48658,30098,30098,30098,30098	3	17	24859,17770,0,0,0,0,0	285	28357
167549	532	1246	816	403	433	150	84	15	6532	378	608	381	304	4	115	8862	1303	2361	97,0,0,0,0,0	71367	1050	307	42669	1083	0	51620,50167,49364,30387,30387,30387,30387	2	14	24865,18069,0,0,0,0,0	283	29188
167615	521	1221	840	439	400	142	78	15	6474	389	612	371	242	9	119	8841	1277	2364	97,0,0,0,0,0	47384	1051	375	43037	1091	0	52419,51003,50162,30733,30733,30733,30733	2	20	24872,18433,0,0,0,0,0	258	30039
167627	587	1154	827	432	393	134	76	15	6490	395	616	364	248	6	113	8640	1222	2381	97,0,0,0,0,0	47595	1119	397	43423	1104	0	53210,51829,50952,31095,31095,31095,31095	2	22	24878,18823,0,0,0,0,0	254	30937
167730	582	1137	808	420	369	123	74	15	6474	398	616	377	311	8	139	8315	1178	2335	97,0,0,0,0,0	47574	1051	343	43749	1122	0	53964,52622,51706,31398,31398,31398,31398	2	17	24884,19155,0,0,0,0,0	236	31756
167797	581	1121	814	416	374	111	74	16	6422	403	617	401	261	8	131	8111	1192	2299	97,0,0,0,0,0	47158	1045	349	44075	1148	0	54705,53399,52449,31712,31712,31712,31712	2	26	24885,19498,0,0,0,0,0	220	32606
167856	590	1142	793	382	378	110	74	13	6378	411	619	419	251	5	129	8455	1207	2262	97,0,0,0,0,0	47438	1093	372	44437	1160	0	55484,54214,53227,32049,32049,32049,32049	2	21	24889,19860,0,0,0,0,0	213	33450
167978	537	1120	745	367	359	110	74	11	6409	415	621	419	328	4	108	8250	1133	2179	98,0,0,0,0,0	71336	1112	262	44692	1170	0	56163,54927,53906,32304,32304,32304,32304	2	20	24893,20119,0,0,0,0,0	221	34307
168148	454	1082	741	359	368	105	67	12	6361	422	627	409	227	4	92	7767	1084	2092	98,0,0,0,0,0	71180	1402	241	44916	1188	0	56874,55677,54619,32548,32548,32548,32548	2	11	24898,20347,0,0,0,0,0	219	35409
168297	453	1034	722	359	363	102	70	11	6277	429	629	440	259	5	132	7546	1078	2025	98,0,0,0,0,0	46939	1394	290	45194	1200	0	57667,56507,55412,32835,32835,32835,32835	2	22	24901,20631,0,0,0,0,0	207	36499
168372	459	1038	714	344	372	93	69	10	6209	435	631	443	358	6	113	7447	1106	1983	98,0,0,0,0,0	46770	1413	328	45503	1219	0	58468,57347,56216,33168,33168,33168,33168	2	26	24906,20949,0,0,0,0,0	205	37579
168472	464	1003	716	354	376	86	64	10	6129	440	632	447	281	3	107	7708	1097	1966	98,0,0,0,0,0	46763	1415	296	45781	1239	0	59222,58136,56971,33461,33461,33461,33461	2	19	24909,21239,0,0,0,0,0	197	38653
168583	462	958	683	367	371	84	64	13	6086	441	634	457	336	4	115	7424	1074	1915	98,0,0,0,0,0	38843	1353	284	46047	1258	0	59988,58940,57741,33760,33760,33760,33760	2	32	24910,21520,0,0,0,0,0	190	39661
168679	463	963	669	363	339	83	55	15	6030	451	636	469	233	5	91	7688	1023	1912	98,0,0,0,0,0	38861	1381	290	46318	1279	0	60759,59745,58513,34062,34062,34062,34062	2	12	24913,21805,0,0,0,0,0	182	40734
168843	415	936	668	354	315	76	57	15	5971	458	638	464	306	4	88	7131	964	1857	98,0,0,0,0,0	40575	1348	228	46531	1295	0	61468,60489,59224,34308,34308,34308,34308	2	15	24913,22025,0,0,0,0,0	171	41755
169031	366	917	642	343	298	83	59	16	5894	459	638	453	239	5	93	6811	912	1796	99,0,0,0,0,0	40896	1141	206	46725	1308	0	62166,61221,59922,34522,34522,34522,34522	2	14	24913,22227,0,0,0,0,0	195	42614
169187	350	871	638	336	302	81	54	18	5802	467	640	472	264	2	119	6162	909	1723	99,0,0,0,0,0	38255	1120	235	46944	1326	0	62868,61958,60626,34745,34745,34745,34745	2	20	24914,22456,0,0,0,0,0	180	43469
169362	350	829	608	321	289	84	54	17	5719	471	642	451	294	3	94	6343	878	1657	99,0,0,0,0,0	37713	1079	235	47170	1335	0	63583,62710,61342,34973,34973,34973,34973	2	17	24915,22688,0,0,0,0,0	170	44262
169507	367	813	595	285	279	86	51	16	5625	477	645	462	287	2	106	6382	842	1634	99,0,0,0,0,0	37829	1068	249	47408	1347	0	64317,63481,62077,35222,35222,35222,35222	2	13	24916,22935,0,0,0,0,0	175	45007
169664	369	763	597	282	277	81	47	20	5521	478	647	460	262	1	72	6521	784	1632	99,0,0,0,0,0	38049	1061	220	47619	1358	0	65010,64208,62772,35445,35445,35445,35445	2	11	24917,23153,0,0,0,0,0	169	45725
169799	371	734	596	257	275	83	42	19	5438	482	650	440	284	7	83	6168	730	1628	99,0,0,0,0,0	37795	1098	231	47839	1371	0	65716,64947,63479,35681,35681,35681,35681	1	5	24919,23379,0,0,0,0,0	159	46480
170054	312	719	570	242	254	84	40	15	5319	486	651	460	238	7	70	5832	691	1530	99,0,0,0,0,0	39463	1145	146	47977	1379	0	66316,65582,64080,35807,35807,35807,35807	1	9	24920,23521,0,0,0,0,0	157	47311
170257	264	682	553	228	253	79	40	15	5231	490	654	451	269	4	64	5540	633	1466	99,0,0,0,0,0	39625	906	152	48122	1386	0	66954,66254,64720,35970,35970,35970,35970	1	10	24922,23670,0,0,0,0,0	147	47943
170389	264	656	531	211	243	78	39	15	5168	494	658	454	239	2	97	5333	638	1384	99,0,0,0,0,0	30260	913	201	48314	1396	0	67648,66980,65417,36191,36191,36191,36191	1	11	24923,23869,0,0,0,0,0	140	48573
170515	265	640	543	191	233	73	37	15	5072	499	663	465	291	2	68	4979	613	1369	99,0,0,0,0,0	29932	884	187	48486	1412	0	68275,67638,66048,36380,36380,36380,36380	1	10	24924,24054,0,0,0,0,0	126	49191
170672	273	629	519	188	204	65	38	16	4979	499	664	475	246	2	63	4842	587	1329	99,0,0,0,0,0	29914	919	198	48673	1423	0	68917,68313,66694,36567,36567,36567,36567	1	6	24925,24245,0,0,0,0,0	120	49815
170873	271	608	515	166	209	64	39	14	4820	499	668	473	265	2	64	4610	571	1301	99,0,0,0,0,0	29841	893	166	48828	1434	0	69508,68938,67288,36708,36708,36708,36708	1	5	24925,24408,0,0,0,0,0	121	50420
171045	260	581	499	154	207	60	37	12	4716	502	673	474	244	1	59	4469	559	1239	99,0,0,0,0,0	24318	922	151	48971	1442	0	70125,69584,67907,36871,36871,36871,36871	1	7	24925,24557,0,0,0,0,0	106	51065
171285	229	566	446	150	216	58	36	13	4567	505	675	478	253	3	56	4154	519	1182	99,0,0,0,0,0	30651	896	129	49094	1448	0	70722,70214,68507,36998,36998,36998,36998	1	5	24926,24683,0,0,0,0,0	100	51683
171489	207	535	437	142	212	50	35	11	4443	506	679	496	260	4	55	4083	490	1128	99,0,0,0,0,0	30240	1238	118	49206	1454	0	71278,70801,69067,37115,37115,37115,37115	1	7	24926,24799,0,0,0,0,0	101	52614
171671	197	487	447	139	188	49	35	13	4331	508	681	505	242	1	56	4047	475	1067	99,0,0,0,0,0	24044	1188	125	49318	1468	0	71844,71397,69638,37235,37235,37235,37235	1	7	24926,24919,0,0,0,0,0	96	53490
171860	202	442	436	136	174	52	33	13	4205	510	683	513	279	2	51	3953	458	1017	99,0,0,0,0,0	23606	1246	116	49428	1474	0	72416,71996,70213,37359,37359,37359,37359	1	7	24926,25032,0,0,0,0,0	95	54387
172047	190	435	410	130	162	46	35	11	4085	511	684	494	306	3	42	3859	435	973	99,0,0,0,0,0	23546	1255	120	49541	1481	0	72972,72583,70776,37483,37483,37483,37483	0	4	24927,25149,0,0,0,0,0	97	55322
172231	160	444	381	117	146	43	33	10	3980	513	688	476	253	1	50	3767	401	923	99,0,0,0,0,0	23727	1176	102	49638	1486	0	73514,73154,71322,37585,37585,37585,37585	0	4	24927,25249,0,0,0,0,0	84	56154
172427	153	421	349	118	138	41	31	10	3850	517	691	480	239	2	33	3434	364	887	99,0,0,0,0,0	23231	1229	98	49729	1493	0	74067,73736,71880,37701,37701,37701,37701	0	9	24928,25344,0,0,0,0,0	78	57055
172577	147	386	318	130	131	36	27	11	3767	520	696	467	304	5	39	3208	348	827	99,0,0,0,0,0	27379	1235	82	49808	1496	0	74613,74308,72434,37841,37841,37841,37841	0	3	24929,25423,0,0,0,0,0	73	57983
172731	125	340	309	126	132	33	25	12	3691	521	701	462	152	0	42	3446	333	757	99,0,0,0,0,0	27780	542	74	49874	1504	0	75340,75059,73169,38066,38066,38066,38066	0	4	24929,25493,0,0,0,0,0	66	58395
172926	113	313	295	122	122	37	25	12	3557	521	703	444	253	3	44	3312	341	686	99,0,0,0,0,0	22328	563	76	49947	1507	0	76053,75797,73887,38253,38253,38253,38253	0	3	24929,25567,0,0,0,0,0	62	58796
173131	120	289	277	112	100	39	22	14	3416	523	703	475	270	1	35	3313	320	639	99,0,0,0,0,0	21931	578	79	50022	1512	0	76765,76536,74607,38444,38444,38444,38444	0	0	24929,25645,0,0,0,0,0	62	59212
173303	124	265	243	114	87	36	21	16	3308	525	704	465	240	3	28	3181	298	592	99,0,0,0,0,0	21880	600	74	50092	1517	0	77498,77295,75348,38660,38660,38660,38660	0	6	24929,25719,0,0,0,0,0	62	59646
173500	115	229	245	103	71	33	19	13	3184	528	706	494	272	1	21	2893	241	574	99,0,0,0,0,0	21890	582	53	50141	1521	0	78151,77973,76009,38824,38824,38824,38824	0	2	24930,25770,0,0,0,0,0	52	60073
173681	108	212	231	90	72	34	20	12	3049	529	708	482	327	4	31	2927	235	532	99,0,0,0,0,0	21848	591	47	50183	1526	0	78845,78691,76711,39011,39011,39011,39011	0	1	24930,25816,0,0,0,0,0	57	60504
173845	95	201	215	77	65	34	19	13	2940	530	712	492	319	1	22	2673	210	496	99,0,0,0,0,0	27161	596	47	50229	1527	0	79533,79404,77409,39213,39213,39213,39213	0	1	24930,25862,0,0,0,0,0	54	60943
174022	82	192	201	63	71	30	19	10	2809	530	717	486	260	0	18	2812	184	474	99,0,0,0,0,0	26984	813	43	50271	1529	0	79957,79849,77839,39258,39258,39258,39258	0	1	24930,25906,0,0,0,0,0	52	61543
174192	69	173	191	68	63	25	18	11	2685	530	721	496	275	0	23	2770	174	433	99,0,0,0,0,0	16400	817	43	50311	1532	0	80371,80284,78259,39286,39286,39286,39286	0	2	24931,25948,0,0,0,0,0	46	62162
174348	61	178	194	60	54	22	15	12	2544	532	726	513	289	0	17	2256	153	431	99,0,0,0,0,0	16254	819	50	50361	1533	0	80772,80704,78666,39324,39324,39324,39324	0	3	24932,25997,0,0,0,0,0	40	62762
174505	62	168	187	47	52	21	14	13	2417	533	727	544	235	0	13	1950	137	414	99,0,0,0,0,0	15785	840	36	50396	1534	0	81155,81104,79056,39357,39357,39357,39357	0	2	24932,26033,0,0,0,0,0	37	63414
174653	61	156	172	43	51	24	13	9	2297	534	733	546	95	1	17	1721	128	392	99,0,0,0,0,0	15644	776	42	50436	1536	0	81537,81503,79445,39399,39399,39399,39399	0	1	24932,26074,0,0,0,0,0	37	63971
174768	59	143	165	41	58	24	12	8	2197	535	736	525	253	2	14	1617	124	378	99,0,0,0,0,0	15439	800	44	50474	1543	0	81928,81909,79843,39457,39457,39457,39457	0	6	24932,26115,0,0,0,0,0	38	64565
174904	52	129	161	41	54	22	11	7	2090	536	739	526	340	2	13	1455	112	358	98,0,0,0,0,0	26172	802	32	50506	1543	0	82341,82337,80264,39517,39517,39517,39517	0	1	24932,26147,0,0,0,0,0	37	65198
175041	52	125	141	39	51	22	9	4	1981	538	743	548	232	0	13	1360	106	333	98,0,0,0,0,0	26152	1049	35	50540	1545	0	82739,82750,80667,39558,39558,39558,39558	0	7	24933,26180,0,0,0,0,0	35	65969
175158	44	120	131	33	54	22	9	2	1888	538	747	535	254	0	15	1261	99	314	99,0,0,0,0,0	14972	1013	26	50565	1546	0	83137,83159,81070,39598,39598,39598,39598	0	2	24933,26206,0,0,0,0,0	38	66726
175270	49	119	120	30	43	21	9	3	1795	538	749	520	106	1	10	1087	89	302	99,0,0,0,0,0	14835	1033	34	50596	1549	0	83532,83567,81471,39637,39637,39637,39637	0	3	24933,26240,0,0,0,0,0	32	67483
175357	52	112	114	29	40	21	9	2	1722	538	750	531	229	1	8	970	87	290	99,0,0,0,0,0	14887	1058	36	50627	1554	0	83956,84001,81900,39706,39706,39706,39706	0	2	24933,26271,0,0,0,0,0	35	68262
175464	42	112	108	25	36	21	7	4	1630	538	759	562	151	0	12	935	79	272	99,0,0,0,0,0	14597	1105	28	50654	1555	0	84327,84385,82278,39745,39745,39745,39745	0	3	24933,26299,0,0,0,0,0	33	69080
175556	39	97	105	23	37	19	5	5	1560	539	761	554	145	1	7	933	78	247	99,0,0,0,0,0	14643	1016	23	50674	1558	0	84725,84793,82681,39797,39797,39797,39797	0	1	24933,26320,0,0,0,0,0	25	69846
175641	28	100	103	26	34	19	4	5	1484	540	762	607	91	0	10	913	78	236	99,0,0,0,0,0	20272	1080	21	50695	1558	0	85128,85204,83090,39860,39860,39860,39860	0	1	24933,26341,0,0,0,0,0	25	70648
175750	30	81	89	31	31	16	3	5	1404	541	765	600	105	0	5	919	66	215	100,0,0,0,0,0	20272	358	15	50709	1559	0	85685,85773,83654,39985,39985,39985,39985	0	0	24933,26356,0,0,0,0,0	20	70908
175826	31	78	83	22	32	13	2	1	1350	542	766	582	134	0	8	886	67	194	100,0,0,0,0,0	11784	335	26	50734	1560	0	86230,86327,84206,40108,40108,40108,40108	0	0	24933,26382,0,0,0,0,0	18	71142
175911	40	72	78	18	27	11	2	1	1274	542	770	547	302	0	9	849	65	183	100,0,0,0,0,0	11720	339	20	50753	1562	0	86775,86880,84758,40238,40238,40238,40238	0	1	24933,26402,0,0,0,0,0	17	71394
175995	41	78	63	21	25	9	2	0	1196	542	774	534	250	1	5	780	55	184	100,0,0,0,0,0	11598	361	27	50776	1566	0	87346,87459,85336,40375,40375,40375,40375	0	3	24933,26427,0,0,0,0,0	16	71636
176070	36	87	55	19	18	9	3	0	1130	542	777	556	325	1	11	750	57	170	100,0,0,0,0,0	11667	326	12	50787	1567	0	87890,88012,85888,40511,40511,40511,40511	0	2	24933,26439,0,0,0,0,0	16	71883
176134	28	84	57	19	19	8	2	1	1067	542	785	545	93	0	3	994	49	168	100,0,0,0,0,0	11732	339	19	50807	1567	0	88444,88574,86449,40654,40654,40654,40654	0	1	24933,26459,0,0,0,0,0	13	72135
176219	27	75	58	19	22	8	1	1	984	543	789	525	241	0	3	1047	47	163	100,0,0,0,0,0	20325	349	15	50821	1568	0	89011,89150,87024,40794,40794,40794,40794	0	0	24933,26474,0,0,0,0,0	11	72382
176289	26	61	64	18	17	6	5	1	920	543	796	540	100	0	9	958	45	152	100,0,0,0,0,0	20267	317	10	50830	1569	0	89169,89315,87185,40703,40703,40703,40703	0	0	24933,26483,0,0,0,0,0	11	72592
176352	24	59	59	16	18	5	5	1	867	543	797	573	271	1	9	1066	42	144	100,0,0,0,0,0	11929	329	17	50845	1571	0	89314,89466,87333,40607,40607,40607,40607	0	0	24933,26500,0,0,0,0,0	12	72817
176397	23	52	56	16	20	6	5	1	825	543	802	550	105	0	7	1100	40	138	100,0,0,0,0,0	12057	306	13	50855	1574	0	89471,89630,87494,40525,40525,40525,40525	0	1	24933,26511,0,0,0,0,0	11	73040
176452	22	42	63	13	18	4	5	1	779	543	804	584	93	0	9	1152	40	127	100,0,0,0,0,0	12001	333	9	50864	1574	0	89633,89798,87660,40441,40441,40441,40441	0	0	24933,26520,0,0,0,0,0	11	73300
176509	15	41	61	14	18	3	5	1	732	543	804	561	79	0	2	1054	36	121	100,0,0,0,0,0	12031	326	8	50872	1574	0	89786,89956,87817,40353,40353,40353,40353	0	1	24933,26528,0,0,0,0,0	9	73544
176553	18	41	45	15	15	3	5	1	696	543	811	545	95	0	5	1014	34	108	100,0,0,0,0,0	11871	321	11	50881	1576	0	89945,90121,87980,40274,40274,40274,40274	0	1	24933,26539,0,0,0,0,0	9	73776
176597	16	34	43	13	13	2	3	2	666	544	813	550	238	0	5	1110	27	97	100,0,0,0,0,0	20364	326	7	50887	1577	0	90105,90285,88143,40195,40195,40195,40195	0	0	24933,26546,0,0,0,0,0	6	74026
176636	13	37	41	10	12	2	3	2	627	544	819	573	99	0	2	698	22	96	100,0,0,0,0,0	20560	145	10	50897	1577	0	90315,90500,88358,40154,40154,40154,40154	0	1	24933,26556,0,0,0,0,0	5	74127
176679	11	35	37	11	13	2	2	2	585	545	824	608	247	0	3	601	20	91	100,0,0,0,0,0	11416	175	9	50905	1578	0	90532,90722,88580,40103,40103,40103,40103	0	2	24933,26564,0,0,0,0,0	4	74244
