S	E	I1	I2	I3	I4	I5_h	I6_h	R_h	R	D1	D2	H	T	P1	P2	Q	QT	NQ	MUT	HOM	VAC	NI	INF	REINF	BSTR	IMM	HCI	HCE	INFV	INFH	VNI
178188	92	107	41	38	44	6	0	0	229	1	0	226	0	0	0	54	54	274	0,0,0,0,0,0	178745	0	0	328	0	0	558,558,558,558,558,558,558	0	0	0,0,0,0,0,0,0	0	0
178135	79	153	48	34	37	6	0	0	251	1	2	341	311	0	64	113	52	305	0,0,0,0,0,0	12566	0	61	390	0	0	611,611,611,611,611,611,611	0	5	62,0,0,0,0,0,0	7	0
178071	90	174	60	35	36	5	0	0	270	1	4	411	283	0	15	320	61	339	0,0,0,0,0,0	12677	0	73	463	0	0	675,675,675,675,675,675,675	0	10	135,0,0,0,0,0,0	5	0
178014	104	177	71	39	38	4	0	0	292	1	6	452	262	1	14	407	75	358	0,0,0,0,0,0	12879	0	64	527	0	0	733,733,733,733,733,733,733	0	4	199,0,0,0,0,0,0	4	0
177954	102	201	82	39	36	7	0	0	315	1	9	529	284	0	14	461	84	383	0,0,0,0,0,0	24935	0	71	598	0	0	796,796,796,796,796,796,796	0	2	270,0,0,0,0,0,0	4	0
177884	109	220	90	46	39	8	0	0	339	1	10	563	241	0	14	543	112	400	0,0,0,0,0,0	25332	0	82	680	0	0	869,869,869,869,869,869,869	0	5	352,0,0,0,0,0,0	9	0
177804	120	227	106	52	34	8	1	0	380	1	13	604	93	0	13	789	120	428	0,0,0,0,0,0	13253	0	92	771	1	0	952,952,952,952,952,952,952	0	3	444,0,0,0,0,0,0	13	0
177728	135	232	119	59	49	8	3	0	395	1	17	645	97	1	14	1021	145	460	0,0,0,0,0,0	13735	0	95	867	1	0	1037,1036,1036,1035,1035,1035,1035	0	7	540,0,0,0,0,0,0	18	0
177631	141	274	112	64	52	12	4	0	432	1	23	653	340	0	19	1145	173	486	0,0,0,0,0,0	13927	0	110	977	2	0	1139,1138,1138,1136,1136,1136,1136	0	5	651,0,0,0,0,0,0	18	0
177571	144	260	148	68	60	13	6	0	451	1	24	694	238	1	23	1411	202	497	0,0,0,0,0,0	14243	0	86	1063	2	0	1211,1210,1210,1205,1205,1205,1205	0	4	737,0,0,0,0,0,0	19	0
177481	166	269	164	69	62	15	7	0	483	1	29	720	243	4	24	1596	234	518	0,0,0,0,0,0	14485	0	101	1164	4	0	1312,1309,1309,1302,1302,1302,1302	0	7	840,0,0,0,0,0,0	25	0
177437	163	266	179	67	66	19	9	0	506	1	33	718	260	0	24	1857	255	514	0,0,0,0,0,0	26613	0	84	1247	5	0	1377,1373,1373,1360,1360,1360,1360	0	9	924,0,0,0,0,0,0	34	0
177356	165	291	173	70	65	20	9	0	558	2	37	734	250	0	23	1775	277	516	0,0,0,0,0,0	26624	0	107	1354	5	0	1474,1469,1469,1453,1453,1453,1453	0	7	1031,0,0,0,0,0,0	41	0
177297	166	311	178	73	71	20	11	0	578	2	39	738	246	2	23	2009	282	548	0,0,0,0,0,0	14988	0	97	1451	7	0	1555,1549,1549,1527,1527,1527,1527	0	6	1130,0,0,0,0,0,0	46	0
177235	168	300	175	80	87	18	12	0	624	2	45	747	118	0	18	2064	276	564	0,0,0,0,0,0	14970	0	92	1543	8	0	1641,1633,1633,1604,1604,1604,1604	0	7	1223,0,0,0,0,0,0	47	0
177139	182	323	187	84	84	17	14	0	663	2	51	734	165	1	37	2248	317	574	0,0,0,0,0,0	14842	0	122	1663	10	0	1755,1745,1745,1710,1710,1710,1710	1	7	1345,0,0,0,0,0,0	50	0
177048	183	348	205	94	77	17	17	0	701	2	54	735	276	1	35	2661	341	600	0,0,0,0,0,0	15626	0	123	1785	13	0	1866,1854,1854,1813,1813,1813,1813	1	15	1470,0,0,0,0,0,0	56	0
176948	193	381	210	99	77	16	15	1	748	3	55	727	97	3	25	2666	354	637	0,0,0,0,0,0	15750	0	137	1922	14	0	1991,1978,1978,1929,1929,1929,1929	1	13	1607,0,0,0,0,0,0	54	0
176891	177	388	219	99	89	18	17	1	784	4	59	736	251	0	21	2538	346	661	0,0,0,0,0,0	27262	0	100	2020	16	0	2078,2062,2062,2004,2004,2004,2004	1	13	1707,0,0,0,0,0,0	55	0
176811	181	393	235	95	97	19	16	1	828	6	64	738	95	1	27	2796	347	689	0,0,0,0,0,0	27423	0	123	2142	17	0	2194,2174,2174,2105,2105,2105,2105	1	12	1830,0,0,0,0,0,0	70	0
176712	181	396	249	104	96	16	16	1	897	6	72	698	281	1	33	2713	317	741	0,0,0,0,0,0	16088	0	138	2280	17	0	2329,2306,2306,2224,2224,2224,2224	1	13	1968,0,0,0,0,0,0	66	0
176586	211	423	251	110	108	15	17	1	943	6	75	721	261	3	36	2827	350	785	0,0,0,0,0,0	15708	0	174	2451	20	0	2493,2466,2466,2370,2370,2370,2370	1	16	2142,0,0,0,0,0,0	59	0
176471	234	424	245	113	112	15	18	1	1028	7	78	726	274	2	36	2709	332	829	0,0,0,0,0,0	15879	0	149	2602	20	0	2635,2606,2606,2502,2502,2502,2502	1	16	2293,0,0,0,0,0,0	53	0
176358	252	447	255	103	113	17	15	2	1094	10	80	741	319	1	42	3020	334	868	0,0,0,0,0,0	16000	0	162	2765	21	0	2790,2756,2756,2638,2638,2638,2638	1	16	2457,0,0,0,0,0,0	54	0
176254	243	490	263	105	129	17	17	1	1133	10	84	721	281	1	41	3390	360	904	0,0,0,0,0,0	16045	0	185	2949	22	0	2963,2922,2922,2779,2779,2779,2779	1	20	2642,0,0,0,0,0,0	53	0
176176	236	507	270	109	128	18	17	0	1185	11	89	715	280	2	46	2989	363	922	0,0,0,0,0,0	27942	0	158	3106	23	0	3112,3064,3064,2895,2895,2895,2895	2	10	2800,0,0,0,0,0,0	56	0
176041	250	544	269	110	136	22	19	0	1247	13	95	690	278	3	39	3430	388	962	0,0,0,0,0,0	28059	0	196	3301	24	0	3301,3248,3248,3060,3060,3060,3060	2	12	2996,0,0,0,0,0,0	61	0
175864	271	578	299	132	132	22	19	0	1317	15	97	665	266	0	43	3331	414	1039	0,0,0,0,0,0	16337	0	230	3529	26	0	3523,3466,3466,3261,3261,3261,3261	2	26	3225,0,0,0,0,0,0	66	0
175740	287	586	325	137	147	20	23	0	1368	15	98	668	250	3	57	3920	469	1056	0,0,0,0,0,0	16688	0	199	3728	28	0	3710,3646,3646,3418,3418,3418,3418	2	21	3425,0,0,0,0,0,0	68	0
175606	294	584	362	165	147	19	23	0	1424	17	105	648	298	3	45	3824	483	1111	0,0,0,0,0,0	16820	0	201	3931	28	0	3912,3841,3841,3587,3587,3587,3587	2	20	3628,0,0,0,0,0,0	74	0
175488	302	608	375	164	152	25	27	0	1468	19	118	643	305	2	57	4046	520	1133	0,0,0,0,0,0	16722	0	217	4149	29	0	4131,4049,4049,3758,3758,3758,3758	2	33	3846,0,0,0,0,0,0	75	0
175369	312	644	385	158	154	26	28	0	1528	22	120	677	245	1	46	4293	539	1168	0,0,0,0,0,0	17194	0	202	4351	31	0	4323,4234,4234,3916,3916,3916,3916	2	11	4048,0,0,0,0,0,0	89	0
175234	309	670	411	167	147	28	28	0	1605	23	124	659	256	1	46	4082	549	1211	0,0,0,0,0,0	28299	0	212	4561	34	0	4528,4432,4432,4088,4088,4088,4088	2	15	4258,0,0,0,0,0,0	97	0
175091	326	668	421	163	166	31	27	0	1699	26	128	642	86	2	45	3903	564	1238	0,0,0,0,0,0	28535	0	222	4782	36	0	4743,4640,4640,4268,4268,4268,4268	2	18	4479,0,0,0,0,0,0	96	0
174919	362	663	436	185	180	34	26	1	1779	30	131	601	278	5	63	3988	595	1291	0,0,0,0,0,0	17031	0	263	5043	38	0	4997,4884,4884,4483,4483,4483,4483	2	26	4740,0,0,0,0,0,0	103	0
174789	388	666	443	189	196	38	28	1	1844	32	132	581	339	3	66	4261	638	1310	0,0,0,0,0,0	17324	0	239	5282	39	0	5225,5102,5102,4663,4663,4663,4663	3	23	4980,0,0,0,0,0,0	85	0
174647	383	729	444	195	197	39	30	1	1912	34	135	576	236	2	76	4744	708	1309	0,0,0,0,0,0	17196	0	257	5539	40	0	5469,5336,5336,4858,4858,4858,4858	3	27	5237,0,0,0,0,0,0	93	0
174531	378	749	444	215	185	45	29	3	1994	36	137	547	238	2	69	4770	715	1330	0,0,0,0,0,0	17885	0	238	5779	40	0	5697,5552,5552,5033,5033,5033,5033	3	23	5477,0,0,0,0,0,0	88	0
174425	396	758	461	217	195	45	28	5	2040	37	139	576	249	3	50	4876	693	1407	0,0,0,0,0,0	17539	0	255	6037	40	0	5942,5783,5783,5212,5212,5212,5212	3	20	5735,0,0,0,0,0,0	94	0
174307	383	768	489	209	203	48	25	7	2125	39	143	562	245	1	62	5002	681	1444	0,0,0,0,0,0	29247	0	241	6279	41	0	6176,6005,6005,5390,5390,5390,5390	3	21	5977,0,0,0,0,0,0	104	0
174179	384	771	508	227	196	47	28	7	2212	39	148	551	298	2	62	4846	674	1487	0,0,0,0,0,0	29456	0	237	6516	42	0	6408,6226,6226,5571,5571,5571,5571	3	14	6215,0,0,0,0,0,0	119	0
174051	385	811	500	227	202	54	32	7	2287	40	150	566	291	2	71	5344	702	1509	0,0,0,0,0,0	18025	0	273	6790	43	0	6673,6476,6476,5769,5769,5769,5769	3	25	6489,0,0,0,0,0,0	117	0
173860	405	869	497	231	203	52	32	9	2397	40	151	553	250	2	52	5861	681	1608	0,0,0,0,0,0	18393	0	312	7103	45	0	6975,6766,6766,6016,6016,6016,6016	3	32	6803,0,0,0,0,0,0	124	0
173638	466	899	528	237	202	59	30	10	2483	41	153	564	266	3	78	6560	726	1695	0,0,0,0,0,0	18956	0	358	7457	50	0	7320,7099,7099,6301,6301,6301,6301	3	35	7158,0,0,0,0,0,0	124	0
173450	512	918	524	248	217	63	32	10	2573	42	157	579	310	7	85	6283	795	1719	0,0,0,0,0,0	19585	0	330	7786	52	0	7643,7407,7407,6557,6557,6557,6557	4	42	7487,0,0,0,0,0,0	126	0
173271	506	964	540	249	232	64	30	9	2676	43	162	564	335	4	88	6510	810	1775	0,0,0,0,0,0	19301	0	314	8104	52	0	7956,7706,7706,6804,6804,6804,6804	4	32	7805,0,0,0,0,0,0	135	0
173159	470	1016	542	250	243	63	31	6	2757	45	164	575	239	2	73	6250	805	1810	0,0,0,0,0,0	30423	0	291	8395	55	0	8237,7969,7969,7003,7003,7003,7003	4	16	8097,0,0,0,0,0,0	128	0
173010	466	1018	568	264	267	63	34	6	2837	46	167	552	315	2	79	6088	833	1847	0,0,0,0,0,0	30332	0	302	8698	57	0	8532,8248,8248,7226,7226,7226,7226	4	23	8400,0,0,0,0,0,0	126	0
172821	485	1044	618	281	252	61	34	7	2928	48	167	527	318	2	99	6951	897	1878	0,0,0,0,0,0	19752	0	355	9053	60	0	8875,8575,8575,7493,7493,7493,7493	4	31	8755,0,0,0,0,0,0	115	0
172652	510	1042	630	322	277	58	39	7	2989	51	169	509	252	2	79	7357	933	1945	0,0,0,0,0,0	20114	0	350	9402	62	0	9213,8895,8895,7746,7746,7746,7746	4	36	9104,0,0,0,0,0,0	118	0
172460	562	1026	662	322	297	65	40	6	3084	52	170	537	294	1	93	7600	975	1999	0,0,0,0,0,0	35425	0	365	9767	66	0	9567,9232,9232,8019,8019,8019,8019	4	34	9470,0,0,0,0,0,0	137	0
172319	570	1032	673	323	300	75	41	6	3177	55	175	513	224	9	97	7274	1022	1992	0,0,0,0,0,0	35452	0	332	10093	72	0	9884,9530,9530,8249,8249,8249,8249	4	31	9796,0,0,0,0,0,0	138	0
172189	552	1053	669	324	303	77	38	5	3297	62	177	480	312	4	100	7529	1052	1964	0,0,0,0,0,0	35417	0	321	10419	73	0	10199,9825,9825,8472,8472,8472,8472	5	47	10122,0,0,0,0,0,0	140	0
172142	507	1033	654	322	315	83	37	5	3403	65	180	501	247	5	79	7192	1025	1926	0,0,0,0,0,0	48272	0	265	10681	77	0	10449,10053,10053,8622,8622,8622,8622	4	27	10384,0,0,0,0,0,0	146	0
172024	515	1037	667	332	297	86	35	5	3497	68	183	468	238	5	85	7357	1065	1904	0,0,0,0,0,0	48426	0	323	11004	79	0	10760,10344,10344,8837,8837,8837,8837	4	29	10707,0,0,0,0,0,0	160	0
171935	498	1056	670	324	304	86	37	5	3574	70	187	475	253	2	89	7552	1076	1899	0,0,0,0,0,0	35401	0	311	11312	84	0	11057,10619,10619,9030,9030,9030,9030	4	30	11016,0,0,0,0,0,0	151	0
171841	498	1059	675	311	322	90	40	4	3644	72	190	476	247	4	92	7680	1087	1908	0,0,0,0,0,0	35399	0	314	11623	90	0	11354,10894,10894,9226,9226,9226,9226	5	38	11327,0,0,0,0,0,0	152	0
171719	500	1055	735	313	319	98	40	5	3697	74	191	477	300	8	92	7704	1099	1961	0,0,0,0,0,0	35971	0	337	11958	93	0	11677,11195,11195,9447,9447,9447,9447	5	37	11663,0,0,0,0,0,0	160	0
171632	492	1036	743	306	334	100	38	7	3791	75	192	464	269	7	102	7227	1118	1931	0,0,0,0,0,0	35601	0	307	12263	98	0	11968,11464,11464,9636,9636,9636,9636	5	22	11969,0,0,0,0,0,0	159	0
171531	496	1048	752	318	326	96	39	6	3865	77	192	450	237	3	93	7262	1136	1939	0,0,0,0,0,0	35314	0	345	12608	99	0	12297,11769,11769,9851,9851,9851,9851	5	36	12314,0,0,0,0,0,0	166	0
171484	467	1037	724	312	309	97	43	6	3996	78	193	446	135	4	83	7263	1078	1911	0,0,0,0,0,0	48064	0	274	12882	101	0	12557,12006,12006,10004,10004,10004,10004	5	24	12588,0,0,0,0,0,0	155	0
171438	440	1034	715	300	305	91	45	8	4095	78	197	435	251	2	82	7180	1026	1904	0,0,0,0,0,0	47991	0	279	13158	106	0	12821,12246,12246,10159,10159,10159,10159	5	32	12864,0,0,0,0,0,0	163	0
171385	465	998	710	297	308	94	47	6	4155	81	200	425	260	3	94	7012	1041	1878	0,0,0,0,0,0	34556	0	328	13483	111	0	13129,12527,12527,10339,10339,10339,10339	5	38	13189,0,0,0,0,0,0	163	0
171328	485	1000	686	294	314	94	49	7	4203	84	202	447	242	7	102	6896	1033	1889	0,0,0,0,0,0	34874	0	317	13803	111	0	13430,12802,12802,10517,10517,10517,10517	5	52	13509,0,0,0,0,0,0	169	0
171268	512	988	649	302	326	99	53	8	4246	86	209	437	279	6	92	6899	1012	1917	0,0,0,0,0,0	34395	0	336	14139	115	0	13751,13095,13095,10707,10707,10707,10707	5	31	13845,0,0,0,0,0,0	168	0
171200	493	994	651	320	319	96	51	7	4310	92	213	440	331	4	115	6764	1054	1870	0,0,0,0,0,0	34905	0	299	14436	119	0	14036,13356,13356,10883,10883,10883,10883	5	32	14142,0,0,0,0,0,0	166	0
171141	477	1010	633	312	326	102	51	11	4376	92	215	418	248	5	73	6871	1046	1865	0,0,0,0,0,0	34596	0	307	14739	125	0	14324,13620,13620,11055,11055,11055,11055	5	29	14445,0,0,0,0,0,0	164	0
171146	449	1008	620	309	323	107	52	10	4410	95	217	403	244	6	101	6761	1023	1845	0,0,0,0,0,0	47726	0	262	14998	128	0	14567,13836,13836,11173,11173,11173,11173	5	17	14704,0,0,0,0,0,0	180	0
171190	393	979	623	285	314	111	53	11	4469	97	221	400	243	2	92	6738	981	1777	0,0,0,0,0,0	47288	0	221	15221	128	0	14775,14017,14017,11255,11255,11255,11255	5	18	14927,0,0,0,0,0,0	183	0
171183	407	976	616	284	311	108	49	10	4475	104	223	395	247	5	108	6868	1018	1733	0,0,0,0,0,0	34953	0	297	15518	133	0	15054,14267,14267,11396,11396,11396,11396	5	27	15224,0,0,0,0,0,0	179	0
171159	452	935	645	276	312	109	56	10	4461	105	226	393	237	4	95	6930	1026	1759	0,0,0,0,0,0	34576	0	296	15814	136	0	15331,14516,14516,11544,11544,11544,11544	5	26	15520,0,0,0,0,0,0	184	0
171164	446	928	644	298	286	118	55	11	4459	108	229	380	266	5	85	7067	1043	1732	0,0,0,0,0,0	34889	0	277	16090	139	0	15590,14747,14747,11669,11669,11669,11669	5	19	15796,0,0,0,0,0,0	187	0
171155	435	924	648	304	282	119	59	12	4462	112	234	368	264	6	71	6973	1020	1751	0,0,0,0,0,0	34849	0	280	16366	143	0	15850,14980,14980,11802,11802,11802,11802	5	31	16072,0,0,0,0,0,0	186	0
171157	444	920	640	286	274	123	56	13	4481	118	234	370	245	7	88	6702	984	1759	0,0,0,0,0,0	34443	0	286	16646	150	0	16110,15212,15212,11928,11928,11928,11928	5	28	16353,0,0,0,0,0,0	184	0
171202	421	891	622	284	264	129	55	12	4507	121	238	362	264	4	83	6463	950	1716	0,0,0,0,0,0	47099	0	227	16874	151	0	16321,15396,15396,12010,12010,12010,12010	5	20	16581,0,0,0,0,0,0	191	0
171191	385	901	635	290	254	124	54	12	4533	122	245	372	236	4	78	6263	938	1705	0,0,0,0,0,0	47407	0	249	17122	153	0	16558,15608,15608,12131,12131,12131,12131	4	22	16829,0,0,0,0,0,0	192	0
171203	417	857	637	306	245	122	53	13	4518	125	250	371	307	4	77	6609	937	1700	0,0,0,0,0,0	34443	0	274	17395	155	0	16816,15836,15836,12250,12250,12250,12250	4	35	17103,0,0,0,0,0,0	186	0
171248	405	835	618	307	242	119	53	13	4528	128	250	381	283	8	72	6532	899	1680	0,0,0,0,0,0	34328	0	240	17631	159	0	17029,16022,16022,12331,12331,12331,12331	4	21	17339,0,0,0,0,0,0	181	0
171295	391	833	608	297	263	112	54	11	4493	134	255	360	303	4	78	6307	879	1679	0,0,0,0,0,0	34281	0	251	17885	160	0	17265,16227,16227,12422,12422,12422,12422	4	29	17593,0,0,0,0,0,0	184	0
171331	382	819	612	301	259	113	56	11	4469	138	255	367	260	7	82	6427	896	1646	0,0,0,0,0,0	34379	0	255	18138	162	0	17497,16430,16430,12516,12516,12516,12516	4	33	17846,0,0,0,0,0,0	187	0
171359	396	789	596	294	251	111	58	9	4488	140	255	348	276	3	80	6265	886	1609	0,0,0,0,0,0	34280	0	245	18383	166	0	17721,16627,16627,12610,12610,12610,12610	4	24	18091,0,0,0,0,0,0	183	0
171420	381	786	574	301	247	109	55	13	4460	143	257	343	254	2	65	6234	862	1591	0,0,0,0,0,0	46875	0	231	18615	169	0	17933,16810,16810,12683,12683,12683,12683	4	21	18323,0,0,0,0,0,0	175	0
171524	357	777	538	276	244	111	57	11	4447	146	258	362	252	2	74	6159	843	1517	0,0,0,0,0,0	46996	0	205	18816	175	0	18113,16958,16958,12717,12717,12717,12717	4	14	18524,0,0,0,0,0,0	176	0
171616	333	785	532	263	246	107	52	12	4389	152	259	362	252	9	84	6382	870	1448	0,0,0,0,0,0	33905	0	207	19020	178	0	18295,17111,17111,12758,12758,12758,12758	4	29	18729,0,0,0,0,0,0	171	0
171715	331	745	522	256	243	112	46	13	4343	158	262	350	254	7	77	6395	858	1397	0,0,0,0,0,0	34255	0	203	19221	180	0	18475,17260,17260,12793,12793,12793,12793	4	23	18930,0,0,0,0,0,0	159	0
171785	334	701	528	234	225	112	45	12	4342	163	265	363	271	4	62	5987	829	1350	0,0,0,0,0,0	34175	0	192	19411	184	0	18646,17406,17406,12838,12838,12838,12838	4	20	19120,0,0,0,0,0,0	162	0
171866	329	657	550	234	228	109	41	9	4284	168	271	369	254	6	72	5875	826	1322	0,0,0,0,0,0	33955	0	200	19605	190	0	18825,17556,17556,12882,12882,12882,12882	4	21	19315,0,0,0,0,0,0	164	0
171994	311	666	500	219	234	108	42	7	4223	169	273	370	273	5	77	6052	827	1253	0,0,0,0,0,0	34251	0	188	19791	193	0	18989,17688,17688,12895,12895,12895,12895	4	16	19501,0,0,0,0,0,0	166	0
172139	276	642	486	212	221	109	44	9	4163	170	275	398	242	1	53	5680	791	1199	0,0,0,0,0,0	46926	0	151	19940	195	0	19117,17787,17787,12883,12883,12883,12883	3	6	19650,0,0,0,0,0,0	162	0
172272	267	630	467	199	192	109	44	7	4109	173	277	401	283	5	57	5421	741	1167	0,0,0,0,0,0	46638	0	168	20110	196	0	19266,17905,17905,12886,12886,12886,12886	3	16	19820,0,0,0,0,0,0	163	0
172349	299	601	453	196	211	99	40	6	4037	177	278	419	255	2	57	5336	722	1177	0,0,0,0,0,0	33800	0	210	20317	202	0	19451,18062,18062,12934,12934,12934,12934	3	24	20028,0,0,0,0,0,0	161	0
172465	305	600	447	176	201	93	38	9	3951	179	282	421	290	1	53	5322	699	1161	0,0,0,0,0,0	33272	0	183	20495	207	0	19608,18189,18189,12947,12947,12947,12947	3	16	20206,0,0,0,0,0,0	154	0
172540	295	608	418	188	188	94	39	10	3897	183	286	412	249	2	63	5455	691	1139	0,0,0,0,0,0	33394	0	194	20682	214	0	19776,18330,18330,12986,12986,12986,12986	3	25	20394,0,0,0,0,0,0	148	0
172614	298	563	424	190	186	87	36	9	3865	188	286	405	237	4	51	4998	671	1113	0,0,0,0,0,0	46322	0	146	20822	221	0	19897,18430,18430,13003,13003,13003,13003	3	12	20534,0,0,0,0,0,0	145	0
172736	272	534	432	191	183	82	37	7	3793	189	290	395	101	2	46	4861	659	1072	0,0,0,0,0,0	46071	0	144	20962	226	0	20018,18524,18524,12995,12995,12995,12995	3	10	20674,0,0,0,0,0,0	132	0
172848	245	529	403	202	190	78	40	4	3725	189	293	398	248	3	46	4623	665	1022	0,0,0,0,0,0	45995	0	144	21105	228	0	20141,18622,18622,12995,12995,12995,12995	3	11	20817,0,0,0,0,0,0	138	0
172953	230	511	379	186	172	73	40	3	3713	191	295	401	277	7	42	4391	625	966	0,0,0,0,0,0	45784	25	130	21231	232	0	20249,18706,18706,12989,12989,12989,12989	2	10	20943,0,0,0,0,0,0	128	20
173069	218	507	362	182	172	71	38	5	3628	194	300	415	232	1	62	4213	625	925	0,0,0,0,0,0	32240	24	143	21372	234	0	20372,18804,18804,12985,12985,12985,12985	2	17	21084,0,0,0,0,0,0	121	42
173163	243	472	369	168	167	67	36	8	3555	196	302	407	117	2	50	4170	589	933	0,0,0,0,0,0	32340	26	161	21531	236	0	20510,18915,18915,12999,12999,12999,12999	2	14	21243,0,0,0,0,0,0	118	64
173297	220	468	364	168	168	66	37	8	3448	198	304	400	226	2	50	3991	569	922	0,0,0,0,0,0	32286	31	131	21661	238	0	20617,18997,18997,12977,12977,12977,12977	2	14	21373,0,0,0,0,0,0	112	86
173414	211	471	356	151	166	61	32	9	3369	201	305	432	253	1	46	3977	532	916	0,0,0,0,0,0	32104	22	135	21789	245	0	20725,19079,19079,12964,12964,12964,12964	2	14	21501,0,0,0,0,0,0	107	107
173513	225	483	330	134	150	53	29	11	3307	203	308	432	272	1	40	4130	494	910	0,0,0,0,0,0	31940	18	147	21932	250	0	20848,19178,19178,12968,12968,12968,12968	2	15	21645,0,0,0,0,0,0	97	122
173633	231	428	337	143	164	47	30	12	3203	205	313	431	305	2	51	3976	512	868	0,0,0,0,0,0	38823	29	116	22046	254	0	20946,19252,19252,12949,12949,12949,12949	2	11	21760,0,0,0,0,0,0	94	148
173733	224	438	336	149	147	48	30	11	3108	207	315	431	271	2	42	3974	508	864	0,0,0,0,0,0	38707	127	128	22170	259	0	21059,19343,19343,12948,12948,12948,12948	2	8	21884,0,0,0,0,0,0	98	261
173775	212	483	333	141	156	46	26	11	3032	210	321	464	328	1	41	4026	524	873	0,0,0,0,0,0	27084	138	159	22330	260	0	21212,19475,19475,12993,12993,12993,12993	2	19	22044,0,0,0,0,0,0	93	379
173821	214	482	326	138	158	49	23	11	2988	213	323	451	250	0	28	3916	494	896	0,0,0,0,0,0	26958	125	148	22473	265	0	21344,19588,19588,13026,13026,13026,13026	2	17	22188,0,0,0,0,0,0	89	487
173899	205	452	325	131	159	55	23	12	2946	213	326	439	268	1	47	4131	498	852	0,0,0,0,0,0	26997	139	123	22594	269	0	21456,19679,19679,13032,13032,13032,13032	2	17	22310,0,0,0,0,0,0	90	605
173959	209	422	330	131	163	53	22	12	2905	213	327	460	262	1	44	3999	487	843	0,0,0,0,0,0	27147	124	141	22736	269	0	21586,19789,19789,13057,13057,13057,13057	2	14	22452,0,0,0,0,0,0	94	703
174035	226	405	319	142	150	48	20	11	2848	214	328	450	215	2	46	3817	471	839	0,0,0,0,0,0	26736	149	139	22877	269	0	21713,19894,19894,13073,13073,13073,13073	2	11	22593,0,0,0,0,0,0	88	827
174119	217	415	287	132	146	49	23	11	2801	214	332	452	252	2	36	3758	456	813	0,0,0,0,0,0	38670	133	127	23002	271	0	21830,19990,19990,13081,13081,13081,13081	2	9	22718,0,0,0,0,0,0	85	934
174197	191	420	274	126	138	49	24	10	2768	214	335	480	253	0	36	3571	439	783	0,0,0,0,0,0	38493	155	101	23100	274	0	21954,20097,20097,13095,13095,13095,13095	2	8	22816,0,0,0,0,0,0	85	1066
174266	190	418	278	119	144	51	23	9	2694	217	337	450	78	1	42	3334	443	780	0,0,0,0,0,0	26518	174	131	23229	276	0	22108,20231,20231,13127,13127,13127,13127	2	16	22945,0,0,0,0,0,0	91	1215
174306	179	428	280	126	138	53	21	9	2647	219	340	455	320	4	49	3322	458	767	0,0,0,0,0,0	26248	136	124	23353	278	0	22257,20362,20362,13169,13169,13169,13169	2	15	23070,0,0,0,0,0,0	89	1326
174369	195	410	282	142	141	47	20	6	2572	220	342	488	212	2	40	3394	460	777	0,0,0,0,0,0	26587	123	134	23489	278	0	22419,20505,20505,13207,13207,13207,13207	2	14	23206,0,0,0,0,0,0	88	1427
174414	190	413	270	140	134	53	21	7	2540	220	344	528	219	2	46	3443	469	752	0,0,0,0,0,0	26694	153	124	23612	279	0	22563,20632,20632,13246,13246,13246,13246	2	12	23329,0,0,0,0,0,0	82	1557
174449	185	406	266	152	131	51	18	8	2511	223	346	484	262	4	45	3712	468	741	0,0,0,0,0,0	26812	143	127	23736	282	0	22715,20768,20768,13293,13293,13293,13293	2	17	23453,0,0,0,0,0,0	85	1674
174529	189	391	258	145	134	52	18	5	2453	224	348	465	224	3	40	3577	449	738	0,0,0,0,0,0	38633	158	113	23850	282	0	22851,20884,20884,13311,13311,13311,13311	2	8	23567,0,0,0,0,0,0	91	1806
174603	175	367	256	136	140	48	17	5	2419	226	354	472	256	4	40	3809	441	698	0,0,0,0,0,0	38744	73	91	23941	284	0	22978,20995,20995,13327,13327,13327,13327	2	9	23658,0,0,0,0,0,0	88	1868
174641	168	372	258	118	127	48	16	6	2406	228	358	449	243	1	36	3601	419	688	0,0,0,0,0,0	26891	86	115	24055	286	0	23134,21134,21134,13372,13372,13372,13372	2	10	23773,0,0,0,0,0,0	87	1937
174726	168	359	262	115	120	51	12	8	2331	230	364	474	265	4	34	3712	408	679	0,0,0,0,0,0	26751	63	101	24154	288	0	23257,21239,21239,13378,13378,13378,13378	2	13	23872,0,0,0,0,0,0	78	1982
174772	169	348	251	109	112	48	11	7	2316	231	372	483	260	0	41	3811	409	639	0,0,0,0,0,0	26698	72	96	24250	288	0	23378,21345,21345,13402,13402,13402,13402	2	11	23968,0,0,0,0,0,0	85	2038
174815	167	340	248	101	104	49	9	6	2297	233	377	490	255	3	30	3620	375	643	0,0,0,0,0,0	26629	62	101	24350	289	0	23513,21465,21465,13436,13436,13436,13436	2	15	24068,0,0,0,0,0,0	71	2080
174920	157	341	250	101	93	48	9	5	2210	233	379	474	283	0	22	3229	346	653	0,0,0,0,0,0	26541	60	90	24437	292	0	23624,21557,21557,13426,13426,13426,13426	2	15	24155,0,0,0,0,0,0	71	2126
174997	152	313	247	115	92	42	10	5	2159	234	380	505	308	1	34	3022	348	623	0,0,0,0,0,0	38138	74	79	24517	293	0	23736,21653,21653,13432,13432,13432,13432	1	6	24235,0,0,0,0,0,0	63	2185
175074	149	295	234	123	88	40	11	5	2109	235	383	479	248	0	25	2856	325	615	0,0,0,0,0,0	38089	190	83	24600	295	0	23834,21735,21735,13430,13430,13430,13430	1	10	24318,0,0,0,0,0,0	59	2336
175118	149	288	236	113	86	38	13	5	2080	235	385	495	241	3	41	2672	319	604	0,0,0,0,0,0	25803	217	97	24695	297	0	23945,21832,21832,13449,13449,13449,13449	1	17	24413,0,0,0,0,0,0	58	2510
175168	144	332	221	115	86	36	12	4	2000	237	391	506	246	0	26	2530	312	634	4,0,0,0,0,0	26181	194	87	24821	298	0	24077,21946,21946,13475,13475,13475,13475	1	6	24499,40,0,0,0,0,0	56	2678
175170	188	328	204	120	88	30	14	3	1965	238	398	513	246	0	19	2646	294	678	10,0,0,0,0,0	25681	188	96	24958	301	0	24231,22086,22086,13537,13537,13537,13537	1	8	24577,100,0,0,0,0,0	56	2836
175170	207	348	201	117	90	29	15	3	1929	239	398	548	106	0	35	2695	294	713	14,0,0,0,0,0	25984	182	116	25098	303	0	24377,22217,22217,13595,13595,13595,13595	1	14	24676,142,0,0,0,0,0	57	2982
175111	239	379	210	123	95	27	14	3	1905	240	400	568	257	3	31	2601	295	792	19,0,0,0,0,0	25719	190	135	25280	305	0	24565,22393,22393,13704,13704,13704,13704	1	13	24786,216,0,0,0,0,0	52	3132
175113	252	393	223	134	96	32	13	3	1847	240	400	571	263	2	28	2563	305	838	23,0,0,0,0,0	37754	182	114	25421	305	0	24720,22534,22534,13767,13767,13767,13767	1	5	24858,285,0,0,0,0,0	51	3281
175099	247	452	231	125	110	29	14	2	1789	240	408	563	102	0	36	2567	318	890	29,0,0,0,0,0	37879	148	120	25578	309	0	24962,22763,22762,13882,13882,13882,13882	1	7	24923,378,0,0,0,0,0	57	3404
175086	225	480	252	133	125	31	15	2	1748	240	409	543	263	0	38	2836	342	919	32,0,0,0,0,0	26001	158	150	25724	313	0	25197,22985,22985,13991,13991,13991,13991	1	11	24999,450,0,0,0,0,0	58	3530
175035	237	510	271	134	120	33	16	2	1735	242	411	543	86	3	37	2789	350	971	35,0,0,0,0,0	25961	163	183	25906	315	0	25463,23240,23239,14134,14134,14134,14134	1	14	25092,540,0,0,0,0,0	57	3651
174962	259	520	301	135	137	30	16	3	1724	242	417	514	317	0	42	2886	371	1027	38,0,0,0,0,0	25917	169	192	26092	321	0	25738,23504,23503,14292,14292,14292,14292	1	16	25195,627,0,0,0,0,0	63	3788
174906	247	538	330	156	146	35	17	2	1708	243	418	560	295	1	45	2619	405	1064	40,0,0,0,0,0	25896	167	181	26267	328	0	25986,23743,23741,14432,14432,14432,14432	1	12	25283,717,0,0,0,0,0	70	3924
174809	269	566	342	146	155	38	21	3	1729	243	425	543	252	4	65	3181	444	1093	43,0,0,0,0,0	26180	189	207	26470	334	0	26279,24027,24025,14613,14613,14613,14613	1	8	25374,832,0,0,0,0,0	76	4062
174764	276	546	362	150	169	41	18	3	1744	246	427	541	267	4	57	3375	496	1066	44,0,0,0,0,0	38286	186	163	26631	336	0	26516,24256,24253,14744,14744,14744,14744	1	10	25452,917,0,0,0,0,0	77	4201
174689	281	537	349	157	175	43	22	4	1810	246	433	538	104	1	32	3526	480	1084	46,0,0,0,0,0	38626	115	167	26798	340	0	26763,24496,24492,14889,14889,14889,14889	1	12	25525,1012,0,0,0,0,0	78	4288
174617	281	557	341	149	176	49	23	3	1864	247	439	543	248	0	62	3735	511	1065	48,0,0,0,0,0	26699	146	181	26973	347	0	27023,24750,24744,15039,15039,15039,15039	1	13	25604,1112,0,0,0,0,0	85	4406
174530	276	599	347	161	179	52	21	4	1883	249	445	542	261	0	55	4032	548	1087	50,0,0,0,0,0	26933	159	204	27175	350	0	27292,25010,25003,15202,15202,15202,15202	1	9	25680,1241,0,0,0,0,0	90	4521
174412	295	601	353	178	189	54	20	5	1939	250	450	511	230	1	54	4148	582	1108	52,0,0,0,0,0	26967	130	215	27389	352	0	27575,25288,25279,15386,15386,15386,15386	1	17	25766,1369,0,0,0,0,0	93	4620
174332	291	651	358	186	185	52	19	6	1964	251	451	512	255	2	50	4261	600	1142	53,0,0,0,0,0	27182	124	218	27600	359	0	27863,25567,25557,15554,15554,15554,15554	1	15	25856,1496,0,0,0,0,0	90	4711
174219	311	657	378	182	191	53	19	6	2025	251	454	507	251	4	67	4637	613	1178	55,0,0,0,0,0	27303	130	230	27826	365	0	28162,25860,25848,15746,15746,15746,15746	2	20	25932,1650,0,0,0,0,0	88	4808
174142	318	654	386	193	188	50	21	5	2079	251	459	542	244	3	42	4564	605	1205	57,0,0,0,0,0	39105	113	196	28018	371	0	28438,26131,26116,15909,15909,15909,15909	1	5	25992,1787,0,0,0,0,0	94	4896
174062	313	667	404	195	189	54	23	4	2117	252	466	537	247	4	56	4450	614	1231	60,0,0,0,0,0	39371	277	213	28224	378	0	28680,26366,26348,16054,16054,16054,16054	1	17	26046,1944,0,0,0,0,0	96	5103
173944	321	701	399	185	193	57	25	4	2190	253	474	526	305	3	60	4012	601	1280	61,0,0,0,0,0	27377	348	231	28446	388	0	28955,26637,26616,16233,16233,16233,16233	1	16	26113,2106,0,0,0,0,0	96	5366
173836	361	703	405	197	192	55	27	6	2235	254	475	504	326	2	66	3931	623	1317	63,0,0,0,0,0	27129	281	256	28696	395	0	29236,26913,26888,16412,16412,16412,16412	1	17	26177,2298,0,0,0,0,0	94	5560
173719	371	728	407	217	206	61	24	8	2274	255	476	493	325	5	54	4166	654	1360	66,0,0,0,0,0	27088	290	268	28953	407	0	29523,27193,27165,16597,16597,16597,16597	1	22	26241,2498,0,0,0,0,0	95	5769
173566	394	784	421	213	214	58	23	7	2330	258	478	476	286	2	68	4217	668	1439	68,0,0,0,0,0	27143	283	284	29228	416	0	29822,27490,27457,16808,16808,16808,16808	1	18	26296,2724,0,0,0,0,0	97	5968
173433	406	808	444	232	206	65	24	7	2379	262	480	468	260	4	51	4281	673	1512	70,0,0,0,0,0	27577	305	278	29501	423	0	30122,27787,27748,17008,17008,17008,17008	2	23	26349,2947,0,0,0,0,0	101	6168
173303	418	843	459	251	204	71	24	6	2421	264	482	456	238	4	65	4469	688	1582	72,0,0,0,0,0	39449	245	281	29775	431	0	30421,28084,28039,17209,17209,17209,17209	2	18	26393,3183,0,0,0,0,0	107	6336
173180	402	873	470	248	228	72	26	6	2491	265	485	473	261	4	71	4927	707	1612	73,0,0,0,0,0	39433	614	273	30043	441	0	30794,28457,28405,17444,17444,17444,17444	2	17	26442,3409,0,0,0,0,0	116	6730
172974	457	927	485	249	221	67	29	5	2576	268	488	448	228	2	88	4930	771	1664	75,0,0,0,0,0	27822	642	353	30376	461	0	31254,28919,28861,17763,17763,17763,17763	2	23	26496,3705,0,0,0,0,0	107	7174
172805	478	920	522	264	225	64	33	6	2668	269	492	447	265	4	69	5063	791	1715	77,0,0,0,0,0	27762	625	322	30684	476	0	31661,29329,29263,18035,18035,18035,18035	2	18	26543,3979,0,0,0,0,0	109	7724
172614	508	956	538	287	247	63	33	9	2728	270	493	450	244	7	75	5117	825	1807	79,0,0,0,0,0	27878	605	362	31032	491	0	32111,29780,29707,18341,18341,18341,18341	2	21	26595,4288,0,0,0,0,0	117	8262
172455	516	1016	530	289	242	69	35	8	2820	271	495	437	286	4	96	5367	867	1830	80,0,0,0,0,0	27947	599	334	31351	509	0	32517,30188,30106,18612,18612,18612,18612	2	29	26641,4574,0,0,0,0,0	122	8768
172203	542	1062	554	313	282	68	32	7	2910	273	500	459	262	6	81	5492	908	1945	81,0,0,0,0,0	28210	594	389	31731	520	0	33002,30672,30585,18965,18965,18965,18965	2	17	26694,4911,0,0,0,0,0	126	9261
172034	556	1090	589	330	281	63	33	6	2988	275	501	461	243	4	93	5596	923	2019	82,0,0,0,0,0	39852	615	353	32070	535	0	33425,31098,31002,19250,19250,19250,19250	2	11	26732,5225,0,0,0,0,0	125	9797
171845	557	1116	630	344	279	65	34	5	3089	278	504	443	269	4	83	5387	967	2058	83,0,0,0,0,0	40240	818	360	32417	551	0	33931,31609,31503,19584,19584,19584,19584	2	20	26777,5540,0,0,0,0,0	129	10518
171600	612	1146	680	350	291	73	35	5	3168	279	507	454	240	6	112	5732	1027	2160	84,0,0,0,0,0	28648	811	443	32846	568	0	34528,32210,32093,19989,19989,19989,19989	2	23	26824,5936,0,0,0,0,0	134	11231
171340	666	1170	720	354	319	77	35	6	3269	282	508	476	106	2	87	5534	1030	2311	85,0,0,0,0,0	28927	827	449	33285	580	0	35173,32863,32734,20430,20430,20430,20430	2	16	26877,6330,0,0,0,0,0	134	11946
171044	725	1290	680	378	322	86	35	6	3384	286	510	487	263	7	119	5907	1076	2440	86,0,0,0,0,0	28607	771	512	33770	608	0	35872,33565,33425,20911,20911,20911,20911	2	20	26926,6788,0,0,0,0,0	143	12600
170780	773	1303	705	378	367	89	32	8	3510	288	513	475	317	4	120	6330	1143	2504	87,0,0,0,0,0	29388	764	477	34231	626	0	36532,34234,34081,21361,21361,21361,21361	2	13	26963,7226,0,0,0,0,0	144	13268
170495	785	1416	738	382	372	93	31	6	3620	291	517	455	326	5	128	6804	1235	2582	88,0,0,0,0,0	29432	773	495	34709	648	0	37205,34918,34750,21831,21831,21831,21831	2	20	27003,7684,0,0,0,0,0	148	13905
170208	780	1457	805	403	391	99	31	6	3754	293	519	445	325	7	104	6893	1264	2702	88,0,0,0,0,0	40894	760	477	35172	665	0	37882,35605,35424,22305,22305,22305,22305	2	17	27037,8127,0,0,0,0,0	151	14550
169952	760	1515	846	426	415	105	29	6	3876	295	521	487	226	2	112	7223	1311	2785	89,0,0,0,0,0	41297	888	485	35641	687	0	38605,36338,36142,22781,22781,22781,22781	2	21	27076,8574,0,0,0,0,0	162	15284
169665	760	1581	889	438	423	102	32	7	4030	296	523	476	234	4	137	7608	1375	2850	90,0,0,0,0,0	46734	857	513	36140	703	0	39365,37107,36896,23286,23286,23286,23286	2	20	27107,9054,0,0,0,0,0	177	15990
169405	752	1597	942	455	422	116	34	8	4190	300	525	473	301	7	126	7830	1376	2942	91,0,0,0,0,0	46898	882	497	36612	730	0	40098,37853,37626,23769,23769,23769,23769	2	24	27133,9518,0,0,0,0,0	173	16726
169157	751	1641	952	454	447	114	34	7	4362	301	526	482	279	7	184	8183	1467	2926	91,0,0,0,0,0	46907	876	518	37111	752	0	40821,38590,38344,24241,24241,24241,24241	2	21	27165,10004,0,0,0,0,0	199	17458
168915	755	1652	984	493	471	117	36	8	4481	306	528	453	301	7	151	8270	1553	2955	92,0,0,0,0,0	47023	880	534	37616	784	0	41544,39330,39063,24713,24713,24713,24713	2	31	27188,10512,0,0,0,0,0	191	18185
168701	787	1656	1007	484	504	121	31	11	4605	310	529	461	232	2	163	8860	1623	2967	92,0,0,0,0,0	47422	902	509	38111	805	0	42255,40058,39768,25163,25163,25163,25163	2	22	27207,11004,0,0,0,0,0	192	18951
168594	742	1570	1021	509	510	133	34	9	4779	314	531	412	257	6	126	8314	1562	2957	93,0,0,0,0,0	71609	873	385	38477	825	0	42834,40657,40345,25495,25495,25495,25495	2	20	27228,11364,0,0,0,0,0	216	19666
168499	686	1535	1030	510	496	142	39	8	4950	316	535	397	285	3	154	8586	1563	2875	93,0,0,0,0,0	71331	644	408	38870	843	0	43512,41356,41020,25873,25873,25873,25873	2	23	27250,11749,0,0,0,0,0	225	20181
168281	702	1530	1027	503	478	142	44	8	5175	319	537	389	337	6	148	9181	1565	2861	94,0,0,0,0,0	47908	640	487	39335	866	0	44270,42134,41777,26349,26349,26349,26349	2	23	27269,12213,0,0,0,0,0	226	20681
168129	720	1466	1012	494	481	140	49	7	5386	320	542	427	255	12	149	9762	1580	2782	94,0,0,0,0,0	48278	672	441	39759	886	0	44979,42866,42486,26770,26770,26770,26770	2	24	27284,12637,0,0,0,0,0	223	21227
167972	748	1470	989	482	467	144	58	7	5544	322	543	415	308	10	159	9775	1609	2749	94,0,0,0,0,0	48366	662	493	40228	913	0	45734,43646,43240,27218,27218,27218,27218	2	18	27297,13114,0,0,0,0,0	234	21765
167916	741	1430	979	484	453	143	63	7	5657	326	547	390	292	4	138	10040	1567	2726	95,0,0,0,0,0	48601	659	422	40630	935	0	46412,44351,43916,27581,27581,27581,27581	2	15	27308,13521,0,0,0,0,0	244	22284
167828	695	1499	938	484	440	138	69	7	5771	329	548	391	264	5	140	10234	1552	2711	95,0,0,0,0,0	48734	634	449	41053	964	0	47123,45091,44626,27977,27977,27977,27977	2	26	27321,13953,0,0,0,0,0	243	22788
167828	618	1471	906	457	467	146	73	8	5890	330	552	404	281	6	105	9809	1439	2699	95,0,0,0,0,0	72413	627	330	41368	982	0	47701,45694,45202,28259,28259,28259,28259	2	21	27331,14271,0,0,0,0,0	241	23291
167851	566	1436	888	462	456	149	79	8	5962	333	556	391	307	2	145	9327	1412	2624	96,0,0,0,0,0	72270	891	347	41693	1006	0	48291,46321,45798,28556,28556,28556,28556	2	15	27341,14602,0,0,0,0,0	258	24007
167827	574	1345	925	447	459	141	81	8	6047	335	557	388	328	9	176	9277	1425	2547	96,0,0,0,0,0	48369	898	398	42076	1023	0	48949,47014,46460,28902,28902,28902,28902	2	16	27351,14987,0,0,0,0,0	266	24731
167746	597	1309	920	462	446	132	84	5	6145	339	561	377	283	4	128	9417	1423	2527	96,0,0,0,0,0	48425	889	430	42484	1048	0	49680,47774,47190,29285,29285,29285,29285	2	17	27363,15404,0,0,0,0,0	249	25454
167731	625	1247	881	484	433	131	89	4	6214	345	562	356	310	8	150	8996	1419	2471	96,0,0,0,0,0	47678	887	406	42862	1078	0	50371,48497,47880,29614,29614,29614,29614	2	16	27372,15796,0,0,0,0,0	244	26157
167691	618	1276	871	456	410	122	90	4	6296	350	562	354	254	7	138	8697	1394	2449	96,0,0,0,0,0	48105	938	401	43245	1097	0	51054,49209,48562,29955,29955,29955,29955	2	12	27382,16183,0,0,0,0,0	238	26897
167668	630	1303	855	440	402	123	89	3	6312	354	567	348	244	9	110	8288	1325	2517	97,0,0,0,0,0	47491	885	416	43637	1122	0	51735,49924,49243,30291,30291,30291,30291	2	19	27391,16582,0,0,0,0,0	241	27614
167791	563	1264	812	435	391	123	85	6	6348	359	569	358	297	10	120	7978	1253	2420	97,0,0,0,0,0	71256	905	290	43910	1143	0	52301,50524,49808,30498,30498,30498,30498	2	16	27397,16865,0,0,0,0,0	244	28319
167911	477	1231	774	439	406	126	86	6	6357	361	572	373	307	5	122	7861	1246	2293	97,0,0,0,0,0	70816	1057	277	44173	1159	0	53002,51258,50508,30763,30763,30763,30763	2	14	27403,17135,0,0,0,0,0	245	29176
167989	494	1148	782	432	392	128	87	9	6344	366	575	374	230	3	147	8186	1217	2246	97,0,0,0,0,0	47360	1075	334	44491	1176	0	53764,52055,51269,31077,31077,31077,31077	2	17	27409,17459,0,0,0,0,0	241	30034
168062	512	1105	777	420	382	120	83	12	6326	371	576	373	344	7	150	8493	1240	2159	97,0,0,0,0,0	47354	1096	326	44803	1192	0	54504,52831,52011,31383,31383,31383,31383	2	22	27415,17776,0,0,0,0,0	241	30912
168091	538	1090	767	412	371	116	70	16	6313	382	580	377	227	1	115	8363	1183	2181	97,0,0,0,0,0	47483	1071	359	45142	1214	0	55254,53614,52761,31718,31718,31718,31718	2	19	27419,18128,0,0,0,0,0	218	31729
168146	561	1036	792	391	355	112	72	19	6296	384	582	376	250	3	120	8045	1152	2167	97,0,0,0,0,0	47282	1083	336	45459	1236	0	55997,54393,53505,32037,32037,32037,32037	2	22	27425,18455,0,0,0,0,0	214	32582
168205	533	1069	744	388	356	103	72	19	6284	387	586	376	223	6	86	7560	1082	2183	97,0,0,0,0,0	47000	1054	346	45788	1256	0	56734,55167,54244,32356,32356,32356,32356	2	24	27434,18790,0,0,0,0,0	205	33409
168352	479	1018	727	385	342	99	74	18	6274	391	587	355	240	2	112	7082	1043	2081	97,0,0,0,0,0	70372	1070	238	46009	1273	0	57374,55841,54884,32579,32579,32579,32579	2	15	27438,19018,0,0,0,0,0	206	34235
168497	423	984	697	379	340	99	75	17	6245	400	590	397	238	1	116	7292	1048	1949	97,0,0,0,0,0	70646	1319	238	46233	1289	0	58096,56599,55609,32839,32839,32839,32839	2	18	27445,19248,0,0,0,0,0	194	35236
168600	407	974	702	382	341	95	69	18	6164	404	590	375	322	10	134	7648	1106	1864	97,0,0,0,0,0	46883	1421	292	46505	1311	0	58849,57389,56365,33132,33132,33132,33132	2	15	27451,19531,0,0,0,0,0	195	36348
168722	411	932	676	386	336	94	71	19	6102	405	592	390	251	2	99	7446	1074	1832	97,0,0,0,0,0	46996	1313	281	46766	1332	0	59614,58190,57131,33418,33418,33418,33418	2	22	27455,19803,0,0,0,0,0	194	37329
168874	401	912	677	373	304	91	75	17	6020	407	595	396	330	10	110	6840	1040	1793	97,0,0,0,0,0	46573	1322	261	47008	1351	0	60341,58953,57859,33669,33669,33669,33669	2	21	27458,20058,0,0,0,0,0	190	38317
169029	395	896	672	365	280	92	71	17	5919	411	599	423	303	2	87	6900	995	1776	97,0,0,0,0,0	38091	1406	261	47250	1371	0	61077,59724,58595,33926,33926,33926,33926	2	15	27459,20314,0,0,0,0,0	189	39395
169132	413	869	646	337	275	83	67	16	5891	416	601	427	242	6	91	6645	930	1760	98,0,0,0,0,0	38161	1330	270	47499	1392	0	61834,60513,59353,34215,34215,34215,34215	2	14	27460,20579,0,0,0,0,0	180	40386
169264	400	847	640	314	270	83	67	17	5821	419	604	434	243	2	83	6207	871	1750	98,0,0,0,0,0	40395	1376	246	47735	1404	0	62549,61263,60070,34478,34478,34478,34478	1	12	27464,20819,0,0,0,0,0	172	41437
169461	367	807	650	296	275	82	68	16	5693	424	607	445	320	5	94	6080	875	1670	98,0,0,0,0,0	39702	1077	190	47915	1414	0	63202,61950,60723,34661,34661,34661,34661	1	4	27464,21005,0,0,0,0,0	186	42245
169596	320	838	602	285	273	81	62	19	5627	431	612	423	280	1	86	6211	851	1610	98,0,0,0,0,0	37238	1103	227	48122	1436	0	63924,62705,61447,34903,34903,34903,34903	1	14	27467,21222,0,0,0,0,0	172	43075
169765	319	814	589	287	256	84	60	19	5503	435	615	426	235	4	80	5566	821	1588	98,0,0,0,0,0	37482	1076	223	48332	1449	0	64600,63417,62124,35110,35110,35110,35110	1	13	27471,21436,0,0,0,0,0	172	43855
169936	323	771	570	283	239	76	55	14	5420	441	618	438	259	7	76	4971	759	1558	98,0,0,0,0,0	36650	1047	198	48517	1463	0	65248,64099,62774,35296,35296,35296,35296	1	16	27473,21631,0,0,0,0,0	165	44601
170115	313	726	561	260	248	74	55	14	5318	443	619	461	266	4	101	5056	753	1484	98,0,0,0,0,0	36559	1144	183	48695	1469	0	65932,64815,63459,35505,35505,35505,35505	1	9	27474,21811,0,0,0,0,0	159	45396
170275	310	667	544	237	251	66	54	17	5259	446	620	471	346	3	81	5211	724	1405	98,0,0,0,0,0	36630	1099	167	48847	1487	0	66553,65465,64081,35684,35684,35684,35684	1	13	27477,21973,0,0,0,0,0	158	46154
170455	296	653	535	216	238	61	51	19	5148	452	622	485	252	5	70	4666	686	1364	98,0,0,0,0,0	39160	1118	173	49014	1497	0	67207,66152,64737,35876,35876,35876,35876	1	12	27482,22144,0,0,0,0,0	154	46932
170648	255	631	516	198	228	60	52	20	5056	457	625	475	242	6	54	4486	634	1306	98,0,0,0,0,0	38640	921	144	49148	1507	0	67805,66783,65339,36027,36027,36027,36027	1	9	27482,22285,0,0,0,0,0	142	47572
170778	273	605	518	180	213	57	47	22	4967	459	627	485	311	2	80	4624	621	1272	98,0,0,0,0,0	29558	877	189	49325	1520	0	68462,67471,65999,36230,36230,36230,36230	1	17	27484,22470,0,0,0,0,0	147	48172
170998	258	575	521	166	208	53	43	21	4810	461	632	487	263	5	51	4577	595	1229	98,0,0,0,0,0	29373	917	146	49458	1533	0	69052,68094,66592,36358,36358,36358,36358	1	11	27485,22611,0,0,0,0,0	133	48798
171159	250	579	497	159	192	51	41	21	4698	465	634	503	318	6	53	4479	557	1212	98,0,0,0,0,0	29274	889	180	49634	1539	0	69670,68746,67213,36529,36529,36529,36529	1	10	27485,22792,0,0,0,0,0	119	49427
171316	241	541	486	159	189	42	37	23	4607	467	638	480	257	1	52	4678	535	1160	98,0,0,0,0,0	29708	903	148	49769	1552	0	70288,69393,67835,36701,36701,36701,36701	1	12	27486,22937,0,0,0,0,0	104	50020
171486	251	532	445	155	166	41	35	24	4501	468	642	497	257	3	48	4710	475	1150	99,0,0,0,0,0	24417	876	151	49909	1563	0	70876,70010,68425,36849,36849,36849,36849	1	7	27486,23083,0,0,0,0,0	100	50625
171687	231	515	405	146	172	40	32	22	4380	471	645	525	241	3	42	4579	420	1121	99,0,0,0,0,0	30567	892	122	50021	1575	0	71458,70625,69012,36989,36989,36989,36989	1	6	27486,23205,0,0,0,0,0	98	51227
171890	209	476	421	144	182	41	27	20	4214	475	647	508	258	2	51	3767	413	1087	98,0,0,0,0,0	30133	1302	108	50128	1579	0	72021,71219,69579,37105,37105,37105,37105	1	3	27490,23310,0,0,0,0,0	94	52200
172066	187	494	395	141	160	44	26	20	4087	478	648	495	247	2	60	3639	415	1032	98,0,0,0,0,0	23509	1258	138	50255	1590	0	72586,71814,70149,37232,37232,37232,37232	1	8	27491,23444,0,0,0,0,0	81	53108
172268	196	469	383	137	151	44	25	17	3927	480	649	483	249	2	38	3511	393	1012	98,0,0,0,0,0	23485	1215	139	50383	1601	0	73163,72426,70731,37354,37354,37354,37354	1	6	27492,23579,0,0,0,0,0	78	53988
172401	187	443	385	130	147	37	24	13	3844	480	655	483	257	1	41	3337	381	972	98,0,0,0,0,0	23022	1269	115	50496	1604	0	73733,73020,71306,37508,37508,37508,37508	1	5	27493,23691,0,0,0,0,0	79	54907
172574	182	411	369	132	153	35	26	11	3714	481	658	481	300	3	45	3487	374	934	98,0,0,0,0,0	23182	1199	110	50597	1613	0	74276,73592,71855,37629,37629,37629,37629	1	5	27493,23799,0,0,0,0,0	72	55795
172737	163	390	344	133	143	37	27	10	3617	483	662	492	223	0	53	3713	364	873	99,0,0,0,0,0	23297	1192	97	50687	1621	0	74814,74157,72399,37747,37747,37747,37747	0	4	27494,23893,0,0,0,0,0	72	56661
172892	147	377	345	122	135	35	24	13	3507	485	664	479	226	2	37	3463	345	840	99,0,0,0,0,0	27968	1244	93	50775	1629	0	75340,74708,72931,37873,37873,37873,37873	0	2	27495,23986,0,0,0,0,0	77	57575
173074	133	344	323	121	141	32	24	12	3389	486	667	510	255	3	32	2935	320	798	99,0,0,0,0,0	27475	593	77	50850	1631	0	76059,75456,73659,38084,38084,38084,38084	0	3	27495,24063,0,0,0,0,0	63	57984
173218	130	333	308	115	121	30	22	11	3301	488	669	528	251	1	47	2895	308	751	99,0,0,0,0,0	21688	566	95	50937	1640	0	76801,76223,74408,38314,38314,38314,38314	0	5	27495,24155,0,0,0,0,0	60	58388
173400	122	309	295	114	107	28	19	12	3176	490	674	510	285	1	40	2987	292	702	99,0,0,0,0,0	21735	608	76	51009	1645	0	77473,76922,75089,38499,38499,38499,38499	0	8	27496,24230,0,0,0,0,0	56	58828
173555	108	288	294	105	106	27	19	11	3065	491	677	513	249	1	29	2934	284	663	99,0,0,0,0,0	21713	545	68	51076	1647	0	78161,77634,75786,38704,38704,38704,38704	0	5	27496,24299,0,0,0,0,0	50	59177
173716	100	279	280	104	99	24	19	8	2944	493	680	524	250	0	34	2646	263	642	99,0,0,0,0,0	21795	617	81	51152	1652	0	78879,78379,76513,38918,38918,38918,38918	0	7	27496,24379,0,0,0,0,0	49	59614
173872	100	253	265	95	91	24	20	8	2842	494	682	488	302	1	35	2652	252	596	99,0,0,0,0,0	21469	558	68	51219	1654	0	79542,79064,77183,39111,39111,39111,39111	0	4	27496,24447,0,0,0,0,0	49	60000
174044	100	228	251	89	81	21	17	9	2728	495	683	512	251	2	26	2518	236	551	99,0,0,0,0,0	27130	603	47	51266	1655	0	80237,79783,77887,39311,39311,39311,39311	0	5	27496,24495,0,0,0,0,0	44	60429
174199	79	222	224	81	73	16	15	9	2646	496	686	504	259	0	20	2284	217	493	99,0,0,0,0,0	26742	838	44	51310	1656	0	80638,80205,78295,39352,39352,39352,39352	0	3	27496,24540,0,0,0,0,0	37	61069
174328	77	213	227	70	51	16	15	8	2556	496	689	497	105	0	23	2170	201	468	99,0,0,0,0,0	15666	835	50	51359	1659	0	81054,80640,78718,39404,39404,39404,39404	0	2	27496,24591,0,0,0,0,0	32	61680
174444	83	187	205	68	49	17	14	6	2485	498	690	481	103	0	14	2019	178	445	99,0,0,0,0,0	15872	792	54	51411	1661	0	81474,81076,79145,39469,39469,39469,39469	0	1	27496,24644,0,0,0,0,0	31	62268
174598	76	183	190	64	44	17	13	6	2364	499	692	456	240	1	20	2032	172	415	100,0,0,0,0,0	15549	816	42	51450	1664	0	81835,81455,79511,39487,39487,39487,39487	0	2	27496,24685,0,0,0,0,0	31	62873
174717	71	185	181	57	44	15	13	5	2265	499	694	453	117	0	7	1804	163	403	100,0,0,0,0,0	15697	809	50	51499	1665	0	82255,81889,79939,39562,39562,39562,39562	0	2	27496,24735,0,0,0,0,0	30	63474
174838	80	153	174	57	34	17	14	5	2179	499	696	440	270	0	18	1731	144	385	100,0,0,0,0,0	15281	809	39	51532	1673	0	82632,82281,80323,39613,39613,39613,39613	0	3	27496,24775,0,0,0,0,0	30	64067
174955	67	145	155	53	45	13	13	5	2094	499	702	454	92	0	13	1691	143	348	100,0,0,0,0,0	26127	807	29	51557	1677	0	83026,82688,80725,39673,39673,39673,39673	0	1	27496,24802,0,0,0,0,0	29	64640
175069	52	139	151	51	48	13	13	5	1998	499	708	462	78	1	13	1471	126	341	100,0,0,0,0,0	26009	1023	38	51595	1677	0	83446,83122,81150,39739,39739,39739,39739	0	3	27496,24840,0,0,0,0,0	26	65413
175184	42	133	152	45	42	13	13	4	1911	499	708	481	232	0	16	1192	120	320	100,0,0,0,0,0	14958	1114	31	51626	1677	0	83840,83528,81550,39778,39778,39778,39778	0	0	27496,24871,0,0,0,0,0	26	66258
175294	46	123	133	39	41	14	13	3	1829	499	712	471	265	0	11	1037	109	300	100,0,0,0,0,0	14791	1064	31	51657	1678	0	84235,83937,81951,39826,39826,39826,39826	0	2	27496,24903,0,0,0,0,0	25	67043
175378	56	115	122	34	40	13	12	2	1758	500	716	466	260	0	16	966	103	289	100,0,0,0,0,0	14483	1064	44	51696	1683	0	84648,84362,82370,39888,39888,39888,39888	0	1	27496,24945,0,0,0,0,0	26	67818
175492	49	108	115	30	36	13	10	2	1671	501	719	487	105	1	10	929	94	267	100,0,0,0,0,0	14587	1078	28	51721	1686	0	85033,84760,82762,39936,39936,39936,39936	0	1	27496,24972,0,0,0,0,0	25	68611
175576	58	105	98	32	33	12	7	3	1595	503	724	495	95	1	15	927	93	252	100,0,0,0,0,0	14622	1079	38	51756	1689	0	85431,85170,83166,39996,39996,39996,39996	0	0	27496,25010,0,0,0,0,0	20	69402
175679	46	95	94	29	35	10	8	3	1520	503	724	485	144	0	11	816	87	230	100,0,0,0,0,0	20111	1063	16	51770	1691	0	85799,85547,83540,40037,40037,40037,40037	0	0	27496,25026,0,0,0,0,0	17	70198
175794	37	95	92	24	34	8	8	3	1423	504	724	498	245	0	8	913	80	218	100,0,0,0,0,0	20142	349	22	51789	1694	0	86378,86139,84126,40172,40172,40172,40172	0	2	27496,25047,0,0,0,0,0	15	70452
175885	36	100	85	25	25	7	7	4	1340	504	728	521	89	1	6	772	72	213	100,0,0,0,0,0	11673	325	31	51819	1695	0	86966,86737,84722,40321,40321,40321,40321	0	2	27496,25078,0,0,0,0,0	13	70692
175950	35	87	83	23	34	7	6	3	1281	505	732	526	96	0	5	751	73	202	100,0,0,0,0,0	11575	346	22	51838	1698	0	87521,87302,85285,40461,40461,40461,40461	0	0	27496,25100,0,0,0,0,0	12	70951
176035	34	73	82	23	37	7	5	4	1205	507	734	540	258	0	14	775	75	186	100,0,0,0,0,0	11402	345	22	51857	1701	0	88085,87877,85859,40604,40604,40604,40604	0	1	27496,25120,0,0,0,0,0	10	71204
176119	28	62	68	21	40	5	4	3	1151	508	737	547	267	0	10	815	74	154	100,0,0,0,0,0	11637	361	11	51866	1703	0	88630,88431,86411,40730,40730,40730,40730	0	0	27496,25131,0,0,0,0,0	10	71459
176199	25	62	70	17	28	5	4	3	1085	508	740	522	92	0	7	852	61	150	100,0,0,0,0,0	11626	359	15	51881	1703	0	89177,88987,86966,40866,40866,40866,40866	0	0	27496,25146,0,0,0,0,0	9	71718
176258	22	55	64	15	29	4	3	3	1042	509	742	513	86	0	7	726	56	136	100,0,0,0,0,0	20242	331	13	51892	1705	0	89741,89558,87538,41021,41021,41021,41021	0	1	27496,25158,0,0,0,0,0	7	71965
176323	17	53	55	16	30	4	4	2	988	509	745	547	112	0	4	716	48	131	100,0,0,0,0,0	20172	307	15	51907	1705	0	89901,89724,87701,40942,40942,40942,40942	0	3	27496,25173,0,0,0,0,0	7	72192
176370	21	50	55	12	21	4	4	3	950	509	747	562	248	0	8	708	40	127	100,0,0,0,0,0	11598	309	17	51923	1706	0	90052,89881,87856,40856,40856,40856,40856	0	0	27496,25189,0,0,0,0,0	8	72415
176446	23	43	54	11	17	4	5	3	882	509	749	567	89	0	5	594	39	118	100,0,0,0,0,0	11535	310	12	51934	1707	0	90218,90056,88026,40767,40767,40767,40767	0	0	27496,25200,0,0,0,0,0	9	72637
176496	21	45	47	13	17	3	4	3	834	510	753	557	95	0	3	579	34	116	100,0,0,0,0,0	11408	336	10	51944	1707	0	90356,90199,88168,40680,40680,40680,40680	0	0	27496,25210,0,0,0,0,0	9	72878
176556	20	43	46	13	13	3	4	3	780	510	755	552	83	0	4	594	33	109	100,0,0,0,0,0	11418	330	11	51954	1708	0	90521,90372,88338,40600,40600,40600,40600	0	0	27496,25221,0,0,0,0,0	9	73127
176611	17	36	48	12	14	3	4	2	728	510	761	538	98	0	3	632	30	104	100,0,0,0,0,0	11398	343	8	51962	1708	0	90673,90529,88493,40514,40514,40514,40514	0	0	27496,25229,0,0,0,0,0	7	73371
176660	15	29	49	11	13	3	4	2	688	510	762	569	85	0	3	554	28	96	100,0,0,0,0,0	20039	358	6	51968	1708	0	90831,90692,88655,40440,40440,40440,40440	0	1	27496,25235,0,0,0,0,0	8	73644
176718	18	32	37	9	14	4	4	2	633	510	765	590	99	1	3	479	29	89	100,0,0,0,0,0	20062	195	13	51980	1709	0	91056,90926,88886,40394,40394,40394,40394	0	1	27496,25247,0,0,0,0,0	7	73776
176752	12	33	39	6	11	4	5	2	604	510	768	563	233	0	4	402	29	81	100,0,0,0,0,0	11337	171	7	51987	1709	0	91269,91144,89106,40355,40355,40355,40355	0	0	27496,25254,0,0,0,0,0	8	73905
