S	E	I1	I2	I3	I4	I5_h	I6_h	R_h	R	D1	D2	H	T	P1	P2	Q	QT	NQ	MUT	HOM	VAC	NI	INF	REINF	BSTR	IMM	HCI	HCE	INFV	INFH	VNI
178111	127	109	46	36	45	10	1	0	261	0	0	192	0	0	0	58	58	316	0,0,0,0,0,0	178746	0	0	374	0	0	635,635,635,635,635,635,635	0	0	0,0,0,0,0,0,0	0	0
178064	97	166	60	33	36	12	1	0	277	0	0	283	295	0	74	257	61	344	0,0,0,0,0,0	12716	0	60	434	0	0	682,682,682,682,682,682,682	0	7	60,0,0,0,0,0,0	12	0
178017	98	176	75	36	40	15	1	0	287	0	1	389	97	0	10	337	63	378	0,0,0,0,0,0	12812	0	59	495	0	0	729,729,729,729,729,729,729	0	2	121,0,0,0,0,0,0	13	0
177931	119	206	81	42	42	13	1	0	307	0	4	477	324	1	13	509	70	434	0,0,0,0,0,0	12994	0	96	591	0	0	816,816,816,816,816,816,816	0	9	217,0,0,0,0,0,0	16	0
177862	132	225	90	46	40	17	3	0	323	0	8	552	250	1	17	585	93	460	0,0,0,0,0,0	24990	0	85	676	0	0	886,886,886,886,886,886,886	0	6	302,0,0,0,0,0,0	17	0
177814	115	236	115	51	48	19	4	0	331	0	13	610	251	0	17	668	118	470	0,0,0,0,0,0	25396	0	62	737	1	0	937,937,937,937,937,937,937	0	3	364,0,0,0,0,0,0	24	0
177732	122	264	126	58	46	19	4	0	360	0	15	655	148	0	20	904	147	492	0,0,0,0,0,0	13704	0	93	829	2	0	1021,1021,1021,1021,1021,1021,1021	0	7	457,0,0,0,0,0,0	29	0
177662	133	247	145	70	51	20	5	0	394	0	19	680	255	0	13	977	161	510	0,0,0,0,0,0	13877	0	82	911	2	0	1095,1095,1095,1095,1095,1095,1095	0	4	539,0,0,0,0,0,0	30	0
177596	142	252	155	74	61	19	7	0	419	0	21	657	253	1	24	1103	198	512	0,0,0,0,0,0	13827	0	91	1003	2	0	1171,1171,1171,1169,1169,1169,1169	0	5	631,0,0,0,0,0,0	29	0
177516	158	261	169	71	62	19	7	0	459	0	24	691	302	0	30	1300	212	535	0,0,0,0,0,0	14012	0	102	1104	3	0	1259,1259,1259,1256,1256,1256,1256	0	7	733,0,0,0,0,0,0	32	0
177425	157	296	158	79	68	18	8	0	507	0	30	691	304	2	19	1449	237	547	0,0,0,0,0,0	14350	0	108	1210	5	0	1363,1361,1361,1356,1356,1356,1356	0	9	841,0,0,0,0,0,0	33	0
177356	159	310	161	88	75	18	9	0	537	0	33	708	302	0	20	1287	247	573	0,0,0,0,0,0	26214	0	97	1307	6	0	1445,1443,1443,1435,1435,1435,1435	0	7	939,0,0,0,0,0,0	33	0
177280	153	325	170	81	75	20	7	2	591	0	42	722	270	0	20	1514	258	573	0,0,0,0,0,0	26114	0	97	1405	6	0	1535,1532,1532,1520,1520,1520,1520	0	6	1037,0,0,0,0,0,0	37	0
177172	180	332	187	80	85	20	8	1	634	0	47	702	246	2	26	1742	276	616	0,0,0,0,0,0	14695	0	136	1539	8	0	1662,1657,1657,1641,1641,1641,1641	0	11	1172,0,0,0,0,0,0	40	0
177104	188	341	189	79	85	21	10	1	680	1	47	714	263	2	45	2065	301	612	0,0,0,0,0,0	14936	0	112	1646	13	0	1753,1746,1746,1723,1723,1723,1723	1	12	1283,0,0,0,0,0,0	42	0
177011	187	355	196	96	90	21	13	1	721	2	53	707	271	0	22	2472	309	649	0,0,0,0,0,0	15341	0	125	1770	15	0	1868,1859,1859,1830,1830,1830,1830	1	10	1409,0,0,0,0,0,0	43	0
176921	198	369	206	102	95	21	14	1	762	2	55	696	96	4	31	2552	326	679	0,0,0,0,0,0	15430	0	138	1907	16	0	1989,1978,1978,1940,1940,1940,1940	1	13	1547,0,0,0,0,0,0	42	0
176804	215	386	221	105	88	21	18	2	824	2	60	719	303	1	29	2845	348	706	0,0,0,0,0,0	15682	0	145	2044	24	0	2127,2114,2114,2067,2067,2067,2067	1	16	1691,0,0,0,0,0,0	46	0
176734	218	406	214	106	90	25	16	3	862	3	69	710	240	2	33	2942	367	708	0,0,0,0,0,0	27369	0	116	2159	25	0	2235,2218,2218,2160,2160,2160,2160	1	11	1807,0,0,0,0,0,0	52	0
176648	214	405	242	98	102	27	19	3	909	3	76	707	83	1	31	2931	374	733	0,0,0,0,0,0	27416	0	126	2285	26	0	2353,2334,2334,2266,2266,2266,2266	1	12	1933,0,0,0,0,0,0	61	0
176548	207	434	254	94	105	31	17	5	965	3	83	722	293	0	38	3327	384	758	0,0,0,0,0,0	15955	0	145	2430	27	0	2495,2472,2472,2390,2390,2390,2390	1	15	2079,0,0,0,0,0,0	66	0
176446	227	433	266	98	110	27	16	6	1026	3	88	715	305	0	30	3342	382	795	0,0,0,0,0,0	16345	0	147	2579	27	0	2634,2607,2607,2513,2513,2513,2513	1	8	2228,0,0,0,0,0,0	59	0
176352	219	463	274	98	112	33	17	6	1077	4	91	684	283	1	29	3270	388	828	0,0,0,0,0,0	16293	0	157	2736	28	0	2777,2746,2746,2635,2635,2635,2635	1	9	2386,0,0,0,0,0,0	63	0
176260	231	453	282	111	123	34	18	6	1129	4	95	724	235	3	31	3323	367	885	0,0,0,0,0,0	16376	0	153	2887	30	0	2914,2879,2879,2753,2753,2753,2753	1	23	2538,0,0,0,0,0,0	77	0
176140	241	476	296	122	107	33	18	6	1202	5	100	702	256	3	43	3026	368	925	0,0,0,0,0,0	16244	0	176	3063	31	0	3088,3047,3047,2902,2902,2902,2902	1	17	2715,0,0,0,0,0,0	85	0
176050	247	473	316	133	125	29	16	6	1242	7	102	692	251	5	28	3093	372	967	0,0,0,0,0,0	27712	0	158	3219	34	0	3231,3185,3185,3021,3021,3021,3021	1	13	2871,0,0,0,0,0,0	82	0
175960	247	489	319	138	120	27	17	7	1311	7	104	658	283	0	49	2994	390	967	0,0,0,0,0,0	27613	0	154	3376	34	0	3378,3327,3327,3143,3143,3143,3143	2	14	3028,0,0,0,0,0,0	94	0
175847	266	507	330	132	137	28	15	9	1361	7	107	648	264	4	46	3381	422	993	0,0,0,0,0,0	16052	0	190	3567	34	0	3560,3502,3502,3293,3293,3293,3293	2	21	3219,0,0,0,0,0,0	81	0
175729	288	542	327	114	139	34	16	9	1430	7	111	648	253	1	44	3414	422	1038	0,0,0,0,0,0	16294	0	197	3765	34	0	3747,3681,3681,3447,3447,3447,3447	2	21	3417,0,0,0,0,0,0	80	0
175609	307	547	351	122	144	35	15	9	1482	9	116	645	296	1	42	3281	428	1093	0,0,0,0,0,0	16305	0	202	3967	34	0	3939,3867,3867,3607,3607,3607,3607	2	28	3619,0,0,0,0,0,0	82	0
175502	311	564	347	134	146	31	17	8	1554	10	122	632	313	3	48	3460	435	1115	0,0,0,0,0,0	16357	0	187	4156	34	0	4124,4043,4043,3755,3755,3755,3755	2	21	3808,0,0,0,0,0,0	80	0
175390	313	585	385	156	133	33	18	8	1585	11	129	627	326	3	54	3683	476	1147	0,0,0,0,0,0	16415	0	210	4368	34	0	4331,4240,4240,3916,3916,3916,3916	2	19	4020,0,0,0,0,0,0	82	0
175284	312	622	363	161	140	31	17	8	1660	12	136	605	262	3	52	3587	472	1174	0,0,0,0,0,0	28225	0	193	4563	34	0	4524,4425,4425,4069,4069,4069,4069	2	17	4215,0,0,0,0,0,0	83	0
175167	310	633	386	156	155	31	17	6	1735	13	137	594	244	4	42	3576	478	1210	0,0,0,0,0,0	27914	0	213	4776	35	0	4726,4618,4618,4231,4231,4231,4231	2	13	4428,0,0,0,0,0,0	73	0
175032	327	653	406	179	157	32	17	6	1779	14	144	627	264	1	61	3990	509	1262	0,0,0,0,0,0	16896	0	232	5008	35	0	4953,4835,4835,4414,4414,4414,4414	3	17	4660,0,0,0,0,0,0	70	0
174890	346	677	407	176	167	30	18	7	1864	16	148	623	269	2	62	4125	532	1289	0,0,0,0,0,0	17162	0	247	5253	37	0	5183,5056,5056,4603,4603,4603,4603	3	26	4905,0,0,0,0,0,0	73	0
174764	358	717	427	179	169	34	18	6	1906	16	152	642	313	0	52	4276	559	1343	0,0,0,0,0,0	17186	0	251	5504	37	0	5425,5287,5287,4790,4790,4790,4790	3	33	5156,0,0,0,0,0,0	81	0
174640	363	709	443	195	181	40	17	7	1976	17	158	611	218	1	59	4361	578	1370	0,0,0,0,0,0	17206	0	234	5735	40	0	5651,5502,5502,4967,4967,4967,4967	3	16	5388,0,0,0,0,0,0	81	0
174472	374	762	438	205	193	45	15	7	2059	18	158	605	266	5	74	4679	599	1433	0,0,0,0,0,0	17158	0	276	6008	45	0	5912,5753,5753,5182,5182,5182,5182	3	30	5662,0,0,0,0,0,0	88	0
174349	365	773	463	206	197	43	20	5	2147	18	160	579	277	1	67	4601	610	1457	0,0,0,0,0,0	29127	0	231	6238	46	0	6135,5965,5965,5356,5356,5356,5356	3	13	5892,0,0,0,0,0,0	91	0
174285	338	773	457	207	219	47	21	5	2212	19	163	579	311	4	56	4889	652	1410	0,0,0,0,0,0	29323	0	209	6445	48	0	6331,6148,6148,5488,5488,5488,5488	3	22	6099,0,0,0,0,0,0	92	0
174125	370	783	477	215	227	49	22	5	2283	21	169	580	281	3	81	5605	727	1416	0,0,0,0,0,0	18256	0	288	6735	49	0	6615,6418,6418,5712,5712,5712,5712	3	23	6389,0,0,0,0,0,0	92	0
173994	407	744	479	231	250	52	21	4	2367	24	173	560	255	6	77	5907	743	1441	0,0,0,0,0,0	18660	0	259	6991	52	0	6863,6654,6654,5901,5901,5901,5901	3	22	6645,0,0,0,0,0,0	98	0
173871	419	787	488	230	246	54	20	4	2425	26	176	557	248	9	79	5986	776	1468	0,0,0,0,0,0	18955	0	278	7269	53	0	7129,6905,6905,6098,6098,6098,6098	3	31	6923,0,0,0,0,0,0	97	0
173736	429	845	488	217	242	57	20	4	2499	28	181	560	241	4	64	5943	788	1510	0,0,0,0,0,0	18925	0	277	7547	54	0	7401,7162,7162,6303,6303,6303,6303	3	28	7201,0,0,0,0,0,0	105	0
173559	436	882	528	216	259	60	22	4	2568	29	183	561	328	7	72	6001	804	1599	0,0,0,0,0,0	18661	0	310	7857	55	0	7704,7452,7452,6543,6543,6543,6543	4	27	7511,0,0,0,0,0,0	104	0
173444	425	895	517	234	257	63	22	5	2666	29	189	540	275	1	76	5998	798	1615	0,0,0,0,0,0	30087	0	264	8120	56	0	7960,7693,7693,6730,6730,6730,6730	4	21	7774,0,0,0,0,0,0	116	0
173289	424	930	531	233	246	71	23	5	2775	29	190	506	243	4	80	6345	840	1618	0,0,0,0,0,0	30254	0	296	8416	59	0	8246,7966,7966,6952,6952,6952,6952	4	16	8071,0,0,0,0,0,0	127	0
173129	493	937	523	254	256	76	22	6	2826	30	194	486	232	3	78	6300	845	1716	0,0,0,0,0,0	19569	0	338	8754	63	0	8575,8276,8276,7198,7198,7198,7198	4	34	8409,0,0,0,0,0,0	138	0
172986	505	927	548	267	275	82	24	6	2896	33	197	514	252	8	103	6383	904	1724	0,0,0,0,0,0	19303	0	307	9059	67	0	8869,8554,8554,7416,7416,7416,7416	4	25	8715,0,0,0,0,0,0	132	0
172839	533	946	566	269	289	83	26	7	2954	34	200	494	330	5	83	6641	970	1742	0,0,0,0,0,0	34283	0	321	9378	70	0	9180,8848,8848,7646,7646,7646,7646	4	34	9035,0,0,0,0,0,0	136	0
172701	564	915	598	265	313	88	28	6	3028	34	206	477	247	2	73	6376	969	1802	0,0,0,0,0,0	34670	0	322	9696	76	0	9492,9141,9141,7871,7871,7871,7871	4	36	9353,0,0,0,0,0,0	144	0
172611	541	934	598	287	304	88	29	6	3101	35	212	479	276	4	85	6297	997	1784	0,0,0,0,0,0	34309	0	286	9979	79	0	9766,9395,9395,8054,8054,8054,8054	4	28	9637,0,0,0,0,0,0	149	0
172535	494	975	594	287	285	89	33	7	3196	36	215	481	239	2	75	6267	969	1788	0,0,0,0,0,0	47172	0	274	10254	80	0	10029,9639,9639,8224,8224,8224,8224	4	25	9912,0,0,0,0,0,0	149	0
172448	480	954	629	302	301	90	34	6	3248	37	217	462	269	4	82	6426	1003	1787	0,0,0,0,0,0	47035	0	288	10541	82	0	10305,9894,9894,8406,8406,8406,8406	4	26	10199,0,0,0,0,0,0	154	0
172325	476	991	623	287	307	99	36	7	3336	41	218	441	342	5	85	6646	984	1835	0,0,0,0,0,0	34616	0	322	10864	83	0	10615,10184,10184,8623,8623,8623,8623	4	33	10522,0,0,0,0,0,0	151	0
172205	482	966	643	299	321	100	36	8	3425	42	219	429	306	6	96	6599	1029	1818	0,0,0,0,0,0	34420	0	315	11178	86	0	10915,10465,10465,8832,8832,8832,8832	4	42	10836,0,0,0,0,0,0	161	0
172136	454	936	664	294	330	99	41	8	3519	43	222	473	303	7	89	7033	1053	1765	0,0,0,0,0,0	34816	0	272	11447	90	0	11173,10703,10703,8995,8995,8995,8995	4	28	11105,0,0,0,0,0,0	157	0
172057	456	953	656	276	306	95	42	8	3627	45	225	436	305	7	83	7074	1000	1784	0,0,0,0,0,0	35252	0	319	11769	91	0	11482,10987,10987,9189,9189,9189,9189	4	38	11427,0,0,0,0,0,0	159	0
172007	446	923	666	273	316	94	46	8	3691	49	227	415	283	4	96	7491	1012	1752	0,0,0,0,0,0	35236	0	260	12029	91	0	11729,11213,11213,9337,9337,9337,9337	5	30	11687,0,0,0,0,0,0	162	0
171934	434	921	644	279	325	98	45	9	3774	53	230	435	294	8	99	7118	1058	1688	0,0,0,0,0,0	48242	0	275	12299	99	0	11989,11452,11452,9503,9503,9503,9503	4	19	11957,0,0,0,0,0,0	175	0
171911	423	877	638	280	321	101	41	11	3855	56	232	414	231	3	73	7319	1022	1659	0,0,0,0,0,0	47752	0	239	12536	102	0	12212,11654,11654,9626,9626,9626,9626	4	20	12194,0,0,0,0,0,0	175	0
171895	422	876	610	291	314	102	43	11	3891	56	235	418	251	3	77	7097	1023	1635	0,0,0,0,0,0	35283	0	259	12792	106	0	12455,11873,11873,9755,9755,9755,9755	4	30	12450,0,0,0,0,0,0	179	0
171842	454	879	589	296	278	97	42	12	3958	61	238	406	233	3	87	7056	1000	1635	0,0,0,0,0,0	35128	0	291	13083	107	0	12730,12124,12124,9918,9918,9918,9918	4	32	12741,0,0,0,0,0,0	161	0
171811	446	870	596	304	275	96	45	12	3988	62	241	408	333	4	88	7028	1007	1625	0,0,0,0,0,0	35108	0	278	13357	111	0	12989,12358,12358,10062,10062,10062,10062	4	42	13015,0,0,0,0,0,0	164	0
171828	433	864	607	289	269	95	46	11	3995	64	245	405	324	3	72	7232	996	1607	0,0,0,0,0,0	34951	0	245	13599	116	0	13218,12560,12560,10167,10167,10167,10167	4	25	13258,0,0,0,0,0,0	160	0
171810	410	900	586	292	277	96	50	10	3998	66	251	416	265	1	68	7031	953	1658	0,0,0,0,0,0	35169	0	268	13868	117	0	13473,12791,12791,10303,10303,10303,10303	5	25	13527,0,0,0,0,0,0	161	0
171811	391	892	599	276	277	101	53	10	4016	68	252	417	305	7	80	6450	940	1649	0,0,0,0,0,0	47409	0	249	14116	119	0	13705,12997,12997,10416,10416,10416,10416	5	27	13776,0,0,0,0,0,0	175	0
171823	384	869	620	265	262	98	51	10	4039	72	253	420	247	5	87	6596	927	1622	0,0,0,0,0,0	47598	0	248	14364	120	0	13935,13201,13201,10525,10525,10525,10525	5	28	14024,0,0,0,0,0,0	174	0
171827	416	859	619	252	260	99	44	15	4024	75	256	400	272	4	83	6395	906	1643	0,0,0,0,0,0	34737	0	273	14634	123	0	14187,13426,13426,10647,10647,10647,10647	4	34	14294,0,0,0,0,0,0	167	0
171815	410	857	590	278	235	98	42	19	4065	76	261	391	217	6	76	6235	884	1626	0,0,0,0,0,0	34439	0	266	14899	127	0	14435,13648,13648,10775,10775,10775,10775	4	32	14559,0,0,0,0,0,0	161	0
171868	395	830	584	256	242	100	42	20	4065	80	264	365	244	2	80	6292	906	1543	0,0,0,0,0,0	34314	0	210	15108	132	0	14628,13815,13815,10843,10843,10843,10843	4	29	14768,0,0,0,0,0,0	158	0
171868	389	829	589	263	254	98	39	19	4047	85	266	354	250	3	71	6313	928	1533	0,0,0,0,0,0	34033	0	264	15370	137	0	14874,14034,14034,10963,10963,10963,10963	4	35	15031,0,0,0,0,0,0	165	0
171869	403	775	595	261	257	93	34	18	4085	89	267	372	251	2	72	5989	890	1528	0,0,0,0,0,0	34158	0	234	15602	139	0	15089,14226,14226,11067,11067,11067,11067	4	24	15263,0,0,0,0,0,0	157	0
171908	377	770	597	252	244	90	33	19	4096	92	268	403	258	2	65	5785	860	1503	0,0,0,0,0,0	47039	0	213	15814	141	0	15284,14395,14395,11143,11143,11143,11143	4	28	15475,0,0,0,0,0,0	151	0
172019	348	744	564	255	251	88	32	20	4062	94	269	415	308	3	69	5541	842	1440	0,0,0,0,0,0	46506	0	195	16011	142	0	15460,14541,14541,11175,11175,11175,11175	4	13	15672,0,0,0,0,0,0	148	0
172017	346	775	552	246	239	88	30	19	4065	97	272	417	310	3	79	5951	860	1416	0,0,0,0,0,0	33971	0	259	16268	145	0	15701,14756,14756,11293,11293,11293,11293	4	23	15929,0,0,0,0,0,0	135	0
172040	393	740	538	242	230	77	30	17	4066	99	274	405	261	5	70	5575	819	1431	0,0,0,0,0,0	33873	0	240	16505	148	0	15919,14947,14947,11386,11386,11386,11386	4	26	16166,0,0,0,0,0,0	132	0
172076	377	762	530	226	226	85	32	17	4037	102	276	401	226	0	64	5284	783	1455	0,0,0,0,0,0	33811	0	227	16730	151	0	16126,15128,15128,11468,11468,11468,11468	4	25	16391,0,0,0,0,0,0	129	0
172076	354	816	518	213	231	84	31	18	4022	104	279	406	281	2	73	5197	794	1453	0,0,0,0,0,0	33274	0	243	16971	154	0	16351,15329,15329,11577,11577,11577,11577	4	23	16632,0,0,0,0,0,0	135	0
172065	359	852	519	213	244	76	29	20	3981	107	281	432	292	6	53	5005	766	1526	0,0,0,0,0,0	33320	0	280	17250	155	0	16612,15563,15563,11709,11709,11709,11709	4	27	16911,0,0,0,0,0,0	124	0
172138	340	812	532	216	260	77	29	18	3931	110	283	447	104	3	57	4647	756	1510	0,0,0,0,0,0	45731	0	205	17454	156	0	16797,15720,15720,11762,11762,11762,11762	4	25	17115,0,0,0,0,0,0	129	0
172196	335	789	537	214	251	73	28	17	3910	112	284	441	248	1	69	4532	756	1471	0,0,0,0,0,0	45660	0	205	17656	160	0	16980,15877,15877,11821,11821,11821,11821	4	12	17319,0,0,0,0,0,0	128	0
172213	336	770	539	221	245	65	29	18	3911	112	287	456	252	4	71	5067	742	1463	0,0,0,0,0,0	32984	0	227	17885	161	0	17193,16065,16065,11914,11914,11914,11914	4	20	17548,0,0,0,0,0,0	124	0
172260	330	760	541	236	248	61	27	16	3858	116	293	468	251	2	71	4992	732	1471	0,0,0,0,0,0	33125	0	225	18108	163	0	17399,16243,16243,11988,11988,11988,11988	4	30	17771,0,0,0,0,0,0	115	0
172282	343	722	523	236	251	60	27	14	3874	117	297	454	315	1	75	5134	736	1426	0,0,0,0,0,0	32983	0	220	18325	166	0	17600,16420,16420,12073,12073,12073,12073	4	22	17988,0,0,0,0,0,0	115	0
172306	358	735	495	239	247	62	27	12	3844	120	301	451	283	4	71	5261	752	1411	0,0,0,0,0,0	33121	0	245	18568	168	0	17825,16618,16618,12168,12168,12168,12168	4	22	18231,0,0,0,0,0,0	106	0
172375	359	722	484	228	245	62	31	11	3806	121	302	454	276	4	80	5596	800	1331	0,0,0,0,0,0	33234	0	204	18771	170	0	18007,16773,16773,12220,12220,12220,12220	3	13	18434,0,0,0,0,0,0	110	0
172433	323	719	488	227	230	67	34	12	3787	123	303	462	294	2	60	5680	785	1303	0,0,0,0,0,0	46680	0	187	18958	171	0	18175,16917,16917,12270,12270,12270,12270	3	11	18621,0,0,0,0,0,0	128	0
172501	312	725	464	221	220	65	32	11	3763	126	306	461	325	2	54	5550	727	1312	0,0,0,0,0,0	46594	0	193	19149	174	0	18347,17062,17062,12318,12318,12318,12318	3	17	18812,0,0,0,0,0,0	121	0
172549	309	702	456	230	213	58	32	10	3750	127	310	461	255	5	56	5923	712	1288	0,0,0,0,0,0	33776	0	201	19348	176	0	18529,17219,17219,12379,12379,12379,12379	3	18	19011,0,0,0,0,0,0	111	0
172598	312	683	468	218	214	58	31	12	3706	129	317	438	274	4	60	5949	696	1288	0,0,0,0,0,0	33727	0	190	19533	182	0	18699,17365,17365,12432,12432,12432,12432	3	11	19196,0,0,0,0,0,0	101	0
172664	277	692	476	222	196	57	29	11	3670	132	320	441	275	1	61	5785	686	1263	0,0,0,0,0,0	33883	0	178	19711	183	0	18859,17500,17500,12473,12473,12473,12473	3	13	19374,0,0,0,0,0,0	97	0
172730	269	629	486	217	202	63	29	12	3654	134	321	426	257	4	65	5650	684	1211	0,0,0,0,0,0	46305	0	157	19864	187	0	18994,17613,17613,12501,12501,12501,12501	3	12	19527,0,0,0,0,0,0	102	0
172819	251	597	474	203	207	66	29	13	3630	135	322	427	254	2	63	5426	695	1132	0,0,0,0,0,0	46918	0	149	20015	188	0	19124,17720,17720,12515,12515,12515,12515	3	14	19678,0,0,0,0,0,0	105	0
172907	232	558	458	201	196	67	27	14	3624	138	324	409	246	1	56	5025	672	1067	0,0,0,0,0,0	46638	0	132	20147	190	0	19240,17813,17813,12523,12523,12523,12523	3	6	19810,0,0,0,0,0,0	104	0
173013	210	516	451	194	193	70	27	11	3598	139	324	404	269	2	52	4915	663	998	0,0,0,0,0,0	46100	17	119	20263	194	0	19337,17888,17888,12512,12512,12512,12512	2	12	19926,0,0,0,0,0,0	112	16
173104	229	488	433	186	183	63	27	10	3555	141	327	413	237	3	70	5041	664	945	0,0,0,0,0,0	33209	25	158	20420	195	0	19475,18001,18001,12529,12529,12529,12529	2	20	20083,0,0,0,0,0,0	100	34
173216	230	450	412	189	177	66	30	11	3497	141	327	412	231	1	50	5216	639	915	0,0,0,0,0,0	32876	23	137	20557	196	0	19589,18090,18090,12522,12522,12522,12522	2	18	20221,0,0,0,0,0,0	94	53
173315	215	456	382	182	180	67	23	13	3437	145	331	419	92	1	45	4822	607	898	0,0,0,0,0,0	32815	25	126	20682	197	0	19697,18175,18175,12519,12519,12519,12519	2	12	20346,0,0,0,0,0,0	99	72
173442	194	445	369	163	182	64	19	13	3374	149	332	420	250	2	43	5123	580	856	0,0,0,0,0,0	32836	27	109	20789	199	0	19785,18239,18239,12491,12491,12491,12491	2	11	20453,0,0,0,0,0,0	90	96
173567	191	408	382	166	177	62	20	13	3272	150	338	403	225	0	44	4870	577	829	0,0,0,0,0,0	33275	24	117	20904	201	0	19884,18314,18314,12470,12470,12470,12470	2	10	20568,0,0,0,0,0,0	94	117
173665	192	388	347	162	174	60	22	13	3232	151	340	422	288	2	42	4757	542	803	0,0,0,0,0,0	39452	33	119	21019	205	0	19981,18389,18389,12462,12462,12462,12462	2	9	20683,0,0,0,0,0,0	86	148
173797	203	381	329	142	162	53	23	12	3151	151	342	466	246	0	49	4719	500	793	0,0,0,0,0,0	39253	138	120	21139	206	0	20087,18470,18470,12443,12443,12443,12443	2	6	20803,0,0,0,0,0,0	92	267
173873	188	412	283	133	135	53	24	11	3138	153	343	454	303	1	38	4457	466	762	0,0,0,0,0,0	27698	141	117	21253	209	0	20189,18554,18554,12447,12447,12447,12447	2	18	20917,0,0,0,0,0,0	92	390
173961	190	412	279	126	134	52	22	10	3059	155	346	448	272	2	30	4155	459	756	0,0,0,0,0,0	27323	143	122	21375	209	0	20298,18641,18641,12448,12448,12448,12448	2	10	21039,0,0,0,0,0,0	88	510
174055	176	407	286	112	119	48	19	11	3002	159	352	448	244	0	34	3696	401	766	0,0,0,0,0,0	26998	148	111	21483	212	0	20399,18721,18721,12443,12443,12443,12443	2	19	21147,0,0,0,0,0,0	80	640
174132	175	386	283	117	119	50	23	10	2938	160	353	447	274	2	34	3297	391	762	0,0,0,0,0,0	26778	125	109	21592	214	0	20500,18803,18803,12445,12445,12445,12445	2	18	21256,0,0,0,0,0,0	91	741
174208	190	381	288	113	115	49	22	10	2855	160	355	440	265	0	34	3048	378	780	0,0,0,0,0,0	26274	150	136	21725	217	0	20623,18905,18905,12459,12459,12459,12459	2	18	21390,0,0,0,0,0,0	87	873
174261	186	385	278	121	132	46	20	11	2788	160	358	430	305	1	29	2934	399	769	0,0,0,0,0,0	37653	129	125	21850	217	0	20744,19008,19008,12484,12484,12484,12484	2	9	21515,0,0,0,0,0,0	87	984
174353	171	370	267	123	132	43	21	9	2736	163	358	448	244	0	41	2543	397	730	0,0,0,0,0,0	38026	125	88	21938	219	0	20859,19105,19105,12487,12487,12487,12487	2	8	21603,0,0,0,0,0,0	80	1099
174435	158	375	269	120	131	41	19	9	2664	165	360	443	243	0	44	2675	384	729	0,0,0,0,0,0	25600	170	114	22049	222	0	20998,19225,19225,12505,12505,12505,12505	2	20	21714,0,0,0,0,0,0	79	1241
174495	182	366	266	127	132	39	20	8	2583	167	361	446	254	4	41	2760	391	741	0,0,0,0,0,0	25842	148	129	22175	226	0	21150,19358,19358,12541,12541,12541,12541	2	23	21840,0,0,0,0,0,0	76	1362
174559	173	363	279	134	123	37	22	6	2520	168	362	455	323	1	42	2820	399	732	0,0,0,0,0,0	25624	143	119	22291	229	0	21297,19487,19487,12572,12572,12572,12572	2	15	21956,0,0,0,0,0,0	78	1477
174614	166	370	287	136	112	32	24	5	2465	169	366	432	266	3	41	2880	408	719	0,0,0,0,0,0	25815	146	128	22421	229	0	21448,19619,19619,12610,12610,12610,12610	2	15	22086,0,0,0,0,0,0	78	1595
174688	178	354	279	133	111	32	19	6	2405	174	367	459	226	2	35	3267	409	697	0,0,0,0,0,0	25827	153	109	22528	231	0	21587,19740,19740,12631,12631,12631,12631	2	11	22193,0,0,0,0,0,0	68	1721
174777	169	341	274	121	113	30	18	5	2352	175	371	470	226	3	31	3352	392	674	0,0,0,0,0,0	38454	147	90	22618	231	0	21704,19839,19839,12636,12636,12636,12636	1	4	22283,0,0,0,0,0,0	63	1837
174856	155	339	267	120	106	32	16	6	2301	176	372	486	260	0	30	3432	390	645	0,0,0,0,0,0	38289	65	87	22707	231	0	21819,19936,19936,12643,12643,12643,12643	1	8	22372,0,0,0,0,0,0	59	1888
174917	169	326	244	118	103	31	14	5	2266	179	374	468	235	0	29	3548	393	612	0,0,0,0,0,0	26475	68	108	22813	233	0	21960,20061,20061,12671,12671,12671,12671	1	9	22478,0,0,0,0,0,0	52	1935
174968	166	313	238	111	101	31	14	6	2242	179	377	470	277	4	27	3371	377	597	0,0,0,0,0,0	26459	72	97	22909	234	0	22084,20170,20170,12694,12694,12694,12694	1	13	22574,0,0,0,0,0,0	55	1991
175021	163	330	232	106	95	28	14	7	2190	179	381	464	258	2	37	3203	377	591	0,0,0,0,0,0	26226	52	112	23018	237	0	22219,20288,20288,12723,12723,12723,12723	1	11	22683,0,0,0,0,0,0	58	2033
175096	155	339	235	113	100	27	12	6	2099	181	383	480	253	1	26	3284	382	599	0,0,0,0,0,0	26399	74	106	23123	239	0	22350,20402,20402,12739,12739,12739,12739	1	15	22788,0,0,0,0,0,0	60	2095
175138	156	370	226	101	96	28	14	6	2046	181	384	481	256	2	25	3001	365	626	0,0,0,0,0,0	26070	64	114	23235	242	0	22492,20528,20528,12776,12776,12776,12776	1	9	22900,0,0,0,0,0,0	61	2151
175145	174	351	240	98	96	30	14	6	2024	181	387	481	107	0	20	2595	343	660	0,0,0,0,0,0	37791	73	115	23349	244	0	22636,20659,20659,12833,12833,12833,12833	1	7	23014,0,0,0,0,0,0	65	2215
175208	156	352	222	111	98	30	14	5	1978	182	390	499	280	2	36	2474	351	632	0,0,0,0,0,0	37664	204	84	23434	244	0	22731,20740,20740,12837,12837,12837,12837	1	9	23099,0,0,0,0,0,0	72	2382
175237	149	334	226	110	105	31	15	5	1957	183	394	519	250	0	36	2269	354	616	0,0,0,0,0,0	25411	198	98	23528	248	0	22835,20832,20832,12861,12861,12861,12861	1	11	23193,0,0,0,0,0,0	66	2541
175234	180	356	212	106	104	28	15	5	1926	184	396	517	238	1	35	2260	354	647	5,0,0,0,0,0	25316	195	97	23671	253	0	22989,20971,20971,12925,12925,12925,12925	1	10	23287,51,0,0,0,0,0	60	2702
175238	187	357	232	107	111	31	17	4	1876	184	402	495	262	3	34	2394	358	684	8,0,0,0,0,0	25728	197	101	23799	255	0	23128,21097,21097,12980,12980,12980,12980	1	10	23378,88,0,0,0,0,0	68	2865
175220	221	346	241	110	112	32	20	3	1851	184	406	519	216	1	34	2541	346	736	13,0,0,0,0,0	25325	190	107	23955	257	0	23301,21256,21256,13061,13061,13061,13061	1	11	23471,152,0,0,0,0,0	67	3012
175223	236	355	251	109	111	32	19	2	1814	185	409	530	258	1	33	2576	352	761	18,0,0,0,0,0	25742	187	99	24088	261	0	23446,21387,21387,13118,13118,13118,13118	1	9	23546,211,0,0,0,0,0	67	3171
175171	242	411	244	108	112	36	19	2	1803	186	412	533	232	3	32	2462	328	844	24,0,0,0,0,0	37684	194	120	24256	261	0	23634,21564,21564,13224,13224,13224,13224	1	8	23623,302,0,0,0,0,0	67	3329
175110	248	442	257	106	124	42	20	2	1791	187	417	521	84	2	32	2377	348	891	30,0,0,0,0,0	37351	150	134	24415	265	0	23885,21806,21806,13368,13368,13368,13368	1	11	23691,397,0,0,0,0,0	76	3443
175095	238	474	245	107	129	44	22	2	1780	190	420	509	305	1	50	2500	350	909	33,0,0,0,0,0	25664	174	154	24567	268	0	24125,22032,22032,13481,13481,13481,13481	1	14	23772,469,0,0,0,0,0	76	3578
175080	232	494	247	117	135	44	23	3	1757	191	423	496	242	1	44	2807	380	912	36,0,0,0,0,0	25892	160	149	24714	270	0	24357,22252,22252,13590,13590,13590,13590	1	11	23852,537,0,0,0,0,0	78	3712
175051	237	500	263	126	141	42	24	2	1743	192	425	490	271	3	46	3097	412	921	40,0,0,0,0,0	26144	196	155	24868	271	0	24603,22487,22486,13713,13713,13713,13713	1	8	23920,623,0,0,0,0,0	83	3859
174950	256	549	283	121	126	48	30	1	1760	194	428	458	262	4	41	3219	445	968	42,0,0,0,0,0	26275	163	207	25071	276	0	24883,22759,22758,13892,13892,13892,13892	1	14	24021,727,0,0,0,0,0	80	3989
174883	277	538	300	132	133	48	31	2	1773	197	432	461	314	2	57	3038	472	987	44,0,0,0,0,0	26574	160	182	25247	282	0	25151,23019,23016,14044,14044,14044,14044	1	14	24108,820,0,0,0,0,0	94	4109
174871	247	512	320	145	147	48	32	2	1789	199	434	456	260	1	43	3221	482	969	46,0,0,0,0,0	37978	179	129	25371	287	0	25359,23218,23215,14141,14141,14141,14141	1	4	24163,891,0,0,0,0,0	103	4248
174827	237	514	328	162	151	44	32	2	1811	200	438	454	217	1	45	3196	484	984	48,0,0,0,0,0	38040	143	153	25523	292	0	25579,23429,23425,14258,14258,14258,14258	1	10	24226,982,0,0,0,0,0	105	4358
174733	261	553	335	162	123	47	34	4	1853	201	440	461	304	0	71	3713	517	998	50,0,0,0,0,0	26517	140	207	25727	297	0	25865,23708,23703,14432,14432,14432,14432	1	15	24309,1105,0,0,0,0,0	109	4463
174653	298	561	343	162	119	48	33	5	1882	202	440	467	338	3	36	3888	515	1049	51,0,0,0,0,0	26702	130	211	25936	300	0	26143,23976,23970,14595,14595,14595,14595	1	14	24394,1231,0,0,0,0,0	112	4562
174592	326	562	331	172	146	48	30	5	1886	205	443	461	233	1	42	4366	539	1076	53,0,0,0,0,0	26991	117	194	26129	303	0	26411,24238,24229,14747,14747,14747,14747	1	8	24472,1348,0,0,0,0,0	98	4647
174528	326	559	370	154	158	48	32	4	1918	205	444	447	321	3	46	4280	545	1102	55,0,0,0,0,0	27304	111	191	26317	307	0	26671,24492,24480,14896,14896,14896,14896	1	13	24546,1463,0,0,0,0,0	94	4731
174427	325	607	361	163	164	47	33	4	1962	206	447	467	308	0	61	4058	562	1138	58,0,0,0,0,0	27269	123	219	26530	314	0	26956,24771,24757,15075,15075,15075,15075	1	20	24607,1621,0,0,0,0,0	101	4823
174367	319	607	394	172	178	43	34	4	1971	208	449	464	334	3	48	3631	566	1181	59,0,0,0,0,0	38694	133	190	26716	318	0	27214,25025,25008,15224,15224,15224,15224	1	9	24664,1753,0,0,0,0,0	108	4927
174321	298	640	392	160	167	41	33	3	2026	213	452	476	255	3	52	3582	552	1179	61,0,0,0,0,0	38580	285	182	26894	322	0	27432,25238,25217,15342,15342,15342,15342	1	12	24714,1884,0,0,0,0,0	101	5137
174256	305	644	411	163	178	41	31	3	2043	217	454	495	238	2	52	3937	547	1226	63,0,0,0,0,0	26927	294	215	27103	328	0	27673,25473,25447,15479,15479,15479,15479	1	18	24772,2039,0,0,0,0,0	98	5346
174147	348	672	408	161	184	48	31	3	2068	219	457	505	274	4	53	4180	541	1311	64,0,0,0,0,0	27096	286	257	27353	337	0	27953,25750,25720,15658,15658,15658,15658	1	19	24840,2226,0,0,0,0,0	101	5553
173993	403	688	407	187	200	43	31	4	2110	220	460	498	207	2	65	4488	591	1368	66,0,0,0,0,0	27529	279	280	27628	344	0	28252,26044,26011,15868,15868,15868,15868	1	20	24909,2435,0,0,0,0,0	106	5763
173838	416	741	422	204	203	43	33	5	2156	223	462	515	290	1	59	4322	596	1466	68,0,0,0,0,0	27595	285	280	27900	352	0	28557,26346,26308,16081,16081,16081,16081	1	14	24982,2641,0,0,0,0,0	113	5986
173688	457	764	433	230	224	50	31	7	2170	226	466	498	267	7	66	4736	639	1550	70,0,0,0,0,0	27511	275	303	28196	360	0	28878,26664,26620,16301,16301,16301,16301	1	29	25048,2876,0,0,0,0,0	112	6175
173555	446	810	435	215	216	54	31	6	2279	229	470	504	249	3	68	4485	675	1532	72,0,0,0,0,0	39361	285	252	28441	367	0	29162,26946,26898,16493,16493,16493,16493	1	13	25093,3082,0,0,0,0,0	119	6370
173444	408	851	454	226	223	58	30	7	2341	232	472	526	314	5	75	4832	731	1519	73,0,0,0,0,0	39189	612	248	28683	374	0	29518,27300,27247,16714,16714,16714,16714	1	10	25142,3279,0,0,0,0,0	131	6765
173274	427	860	491	238	234	61	31	4	2421	232	473	502	256	4	73	5270	761	1581	74,0,0,0,0,0	28195	601	300	28973	384	0	29916,27697,27639,16983,16983,16983,16983	2	21	25202,3516,0,0,0,0,0	142	7091
173084	465	901	484	235	241	57	32	5	2534	233	475	483	255	1	75	5807	790	1625	75,0,0,0,0,0	28611	592	335	29296	396	0	30344,28125,28062,17277,17277,17277,17277	2	18	25261,3786,0,0,0,0,0	125	7613
172882	494	951	490	269	251	60	31	6	2600	235	477	523	324	4	71	5678	799	1747	76,0,0,0,0,0	28833	591	360	29639	414	0	30796,28579,28508,17591,17591,17591,17591	2	23	25311,4091,0,0,0,0,0	129	8133
172708	502	981	537	288	263	63	35	5	2649	237	478	529	306	6	103	5568	855	1814	78,0,0,0,0,0	28821	605	343	29974	423	0	31231,29018,28938,17885,17885,17885,17885	2	19	25358,4388,0,0,0,0,0	149	8651
172496	519	1024	570	305	289	68	33	6	2715	240	481	509	233	4	99	5813	944	1864	79,0,0,0,0,0	28766	578	371	30338	432	0	31695,29483,29395,18207,18207,18207,18207	2	25	25421,4697,0,0,0,0,0	154	9161
172310	485	1082	607	309	295	69	38	6	2822	241	482	508	318	4	85	5754	967	1918	80,0,0,0,0,0	40269	600	345	30677	441	0	32126,29919,29821,18505,18505,18505,18505	2	23	25468,4996,0,0,0,0,0	166	9668
172087	502	1140	584	318	321	68	42	5	2950	244	485	502	278	9	78	5855	974	2001	81,0,0,0,0,0	40376	825	403	31070	455	0	32673,30470,30363,18878,18878,18878,18878	2	16	25511,5356,0,0,0,0,0	172	10392
171814	587	1194	604	333	334	70	42	6	3031	245	486	509	310	5	108	6134	1041	2123	82,0,0,0,0,0	28825	724	462	31517	472	0	33251,31052,30935,19290,19290,19290,19290	2	24	25560,5768,0,0,0,0,0	159	10997
171569	650	1225	632	322	331	73	41	4	3163	249	487	505	306	3	125	6708	1139	2135	84,0,0,0,0,0	29155	766	425	31929	489	0	33864,31670,31543,19703,19703,19703,19703	2	28	25597,6159,0,0,0,0,0	160	11649
171345	651	1249	676	327	348	79	41	5	3281	253	491	483	258	7	102	6902	1178	2193	84,0,0,0,0,0	29919	791	410	32319	510	0	34468,32282,32143,20106,20106,20106,20106	2	21	25639,6525,0,0,0,0,0	153	12328
171080	701	1292	701	328	354	87	44	5	3408	254	492	490	262	7	96	6852	1191	2316	86,0,0,0,0,0	29709	780	467	32772	526	0	35121,32943,32791,20552,20552,20552,20552	2	27	25679,6954,0,0,0,0,0	169	12974
170813	716	1368	717	343	362	89	47	6	3535	256	494	445	269	6	110	6815	1191	2451	87,0,0,0,0,0	29792	812	482	33241	546	0	35778,33607,33442,21003,21003,21003,21003	2	21	25723,7397,0,0,0,0,0	178	13672
170582	723	1392	782	355	373	91	46	8	3639	259	496	438	235	4	101	6965	1200	2562	88,0,0,0,0,0	41120	846	448	33677	561	0	36409,34247,34068,21425,21425,21425,21425	2	24	25755,7814,0,0,0,0,0	185	14394
170345	692	1406	819	366	396	93	49	10	3810	261	499	449	251	3	119	7245	1246	2575	88,0,0,0,0,0	41104	919	436	34090	585	0	37094,34942,34750,21873,21873,21873,21873	2	20	25787,8208,0,0,0,0,0	197	15183
170095	680	1447	854	394	421	96	47	11	3931	266	504	448	273	4	141	7561	1304	2635	89,0,0,0,0,0	46927	869	467	34536	612	0	37757,35616,35409,22315,22315,22315,22315	2	31	25817,8647,0,0,0,0,0	188	15899
169830	721	1487	871	405	416	101	51	11	4079	268	506	430	245	8	133	7696	1328	2724	90,0,0,0,0,0	46612	893	509	35026	632	0	38474,36344,36121,22790,22790,22790,22790	2	24	25839,9128,0,0,0,0,0	185	16640
169594	747	1494	914	425	437	102	51	12	4190	271	509	424	249	6	121	8195	1381	2789	91,0,0,0,0,0	47076	881	493	35504	648	0	39181,37064,36822,23249,23249,23249,23249	2	29	25867,9591,0,0,0,0,0	194	17384
169353	781	1469	927	438	446	103	51	14	4378	274	512	429	269	7	150	8290	1426	2789	91,0,0,0,0,0	47310	855	485	35973	668	0	39867,37765,37506,23699,23699,23699,23699	2	27	25900,10044,0,0,0,0,0	190	18093
169168	761	1514	901	468	450	94	55	15	4530	276	514	421	297	12	140	8285	1456	2787	91,0,0,0,0,0	47411	853	461	36417	690	0	40549,38463,38183,24119,24119,24119,24119	2	22	25927,10476,0,0,0,0,0	200	18786
169049	693	1565	864	477	457	101	54	17	4673	281	515	434	273	3	130	8564	1466	2745	92,0,0,0,0,0	71360	885	412	36810	711	0	41194,39125,38823,24490,24490,24490,24490	3	26	25946,10866,0,0,0,0,0	204	19545
168937	664	1541	886	481	490	111	55	18	4763	283	517	420	274	5	134	8764	1495	2733	92,0,0,0,0,0	71577	631	417	37210	732	0	41890,39844,39518,24889,24889,24889,24889	3	25	25968,11257,0,0,0,0,0	218	20049
168760	682	1530	893	475	490	109	58	16	4929	285	519	426	302	6	176	9358	1558	2679	93,0,0,0,0,0	48031	694	464	37653	754	0	42612,40587,40238,25330,25330,25330,25330	3	31	25983,11703,0,0,0,0,0	217	20598
168613	675	1501	913	479	488	110	62	16	5077	288	524	427	243	5	143	9383	1584	2644	94,0,0,0,0,0	48103	658	443	38073	779	0	43323,41322,40949,25749,25749,25749,25749	3	23	25997,12127,0,0,0,0,0	215	21137
168466	686	1487	954	449	474	111	65	16	5218	294	526	401	249	8	152	9591	1583	2643	94,0,0,0,0,0	48393	640	459	38511	801	0	44048,42071,41672,26174,26174,26174,26174	3	32	26016,12562,0,0,0,0,0	219	21645
168374	651	1433	943	498	481	116	60	15	5349	300	526	383	289	7	134	9755	1578	2604	94,0,0,0,0,0	48472	635	413	38908	821	0	44725,42769,42346,26547,26547,26547,26547	3	19	26031,12958,0,0,0,0,0	213	22151
168297	638	1403	915	507	472	119	61	15	5482	305	532	386	271	2	164	9866	1582	2533	95,0,0,0,0,0	48801	636	414	39300	845	0	45383,43454,43003,26909,26909,26909,26909	2	20	26045,13350,0,0,0,0,0	208	22663
168294	611	1311	918	499	475	121	61	14	5595	314	533	388	255	9	107	9919	1513	2483	95,0,0,0,0,0	72508	652	330	39619	859	0	45980,44078,43600,27206,27206,27206,27206	2	19	26057,13668,0,0,0,0,0	217	23186
168358	554	1265	900	495	457	120	64	14	5667	317	535	418	332	3	125	9678	1427	2428	95,0,0,0,0,0	71974	899	306	39906	878	0	46521,44652,44145,27461,27461,27461,27461	2	18	26063,13960,0,0,0,0,0	215	23918
168302	549	1261	883	478	459	127	65	15	5748	322	537	413	284	10	153	9501	1420	2402	95,0,0,0,0,0	48510	888	396	40272	908	0	47151,45318,44784,27825,27825,27825,27825	2	22	26073,14336,0,0,0,0,0	221	24642
168224	558	1263	851	472	459	124	69	13	5847	325	541	415	250	7	142	9393	1402	2394	96,0,0,0,0,0	48409	880	411	40661	933	0	47850,46043,45481,28190,28190,28190,28190	2	23	26082,14734,0,0,0,0,0	225	25337
168226	578	1229	841	445	461	125	65	11	5890	332	543	420	283	5	144	9121	1411	2333	96,0,0,0,0,0	48359	887	385	41020	962	0	48513,46738,46144,28499,28499,28499,28499	2	18	26087,15105,0,0,0,0,0	221	26072
168204	588	1233	834	432	438	125	72	12	5930	333	545	408	313	5	140	9160	1399	2323	96,0,0,0,0,0	48182	857	387	41387	986	0	49185,47438,46814,28828,28828,28828,28828	2	27	26094,15482,0,0,0,0,0	222	26771
168205	602	1203	829	438	430	126	70	13	5945	339	546	395	262	5	105	9134	1347	2351	96,0,0,0,0,0	48364	833	383	41749	1009	0	49838,48122,47466,29134,29134,29134,29134	2	18	26097,15856,0,0,0,0,0	216	27434
168277	532	1192	801	423	399	128	69	12	6022	344	547	393	297	6	120	8455	1304	2240	97,0,0,0,0,0	71543	916	268	42000	1026	0	50400,48711,48027,29359,29359,29359,29359	2	13	26106,16109,0,0,0,0,0	220	28168
168343	493	1155	797	401	397	122	70	13	6058	348	549	385	234	5	99	8152	1233	2202	97,0,0,0,0,0	71293	1039	311	42291	1047	0	51138,49481,48766,29672,29672,29672,29672	2	19	26115,16405,0,0,0,0,0	231	28999
168383	490	1135	784	378	362	125	66	14	6103	354	552	371	291	7	131	7771	1167	2173	97,0,0,0,0,0	46807	1114	345	42619	1064	0	51860,50236,49488,29993,29993,29993,29993	2	24	26120,16739,0,0,0,0,0	221	29897
168403	487	1113	779	373	372	121	61	14	6109	358	556	372	261	3	110	7875	1158	2148	97,0,0,0,0,0	46858	1102	341	42944	1081	0	52602,51009,50230,30325,30325,30325,30325	2	17	26124,17073,0,0,0,0,0	221	30791
168495	466	1097	755	358	364	121	60	15	6096	361	558	389	329	5	132	8186	1121	2100	97,0,0,0,0,0	46809	1064	302	43226	1103	0	53323,51764,50952,30613,30613,30613,30613	2	13	26126,17364,0,0,0,0,0	214	31661
168539	496	1087	725	360	365	115	54	17	6057	370	561	412	292	3	114	8064	1113	2089	97,0,0,0,0,0	47184	1091	347	43554	1124	0	54061,52536,51690,30938,30938,30938,30938	2	18	26130,17702,0,0,0,0,0	203	32528
168601	524	1055	707	363	346	108	53	19	6035	373	562	419	299	6	91	7853	1042	2114	98,0,0,0,0,0	47083	1075	328	43864	1143	0	54784,53294,52415,31244,31244,31244,31244	2	18	26131,18025,0,0,0,0,0	187	33384
168750	452	1031	694	354	348	103	56	21	5998	375	564	451	223	5	83	7433	993	2045	98,0,0,0,0,0	70698	1072	234	44079	1162	0	55456,53999,53088,31482,31482,31482,31482	2	14	26133,18248,0,0,0,0,0	191	34189
168884	401	987	722	335	354	103	52	21	5938	380	569	454	269	4	104	6995	968	1986	98,0,0,0,0,0	70727	1368	241	44310	1174	0	56200,54778,53833,31754,31754,31754,31754	2	8	26135,18487,0,0,0,0,0	197	35251
169028	383	925	713	337	346	103	53	20	5884	383	571	461	313	0	117	7128	966	1894	98,0,0,0,0,0	46379	1449	255	44554	1187	0	56961,55574,54595,32032,32032,32032,32032	1	12	26135,18742,0,0,0,0,0	200	36411
169138	383	868	702	315	348	109	55	17	5851	386	574	444	224	3	105	7089	961	1819	98,0,0,0,0,0	46598	1373	249	44786	1205	0	57721,56368,55358,32321,32321,32321,32321	1	11	26138,18984,0,0,0,0,0	190	37505
169255	389	848	652	312	327	109	49	18	5820	391	576	456	297	6	112	7225	937	1749	98,0,0,0,0,0	46383	1328	253	45026	1219	0	58466,57145,56104,32597,32597,32597,32597	1	16	26141,19232,0,0,0,0,0	196	38525
169382	374	852	631	298	318	108	43	16	5749	396	579	457	246	6	94	7086	899	1725	98,0,0,0,0,0	38532	1369	249	45261	1234	0	59195,57907,56833,32862,32862,32862,32862	1	21	26141,19479,0,0,0,0,0	186	39583
169526	402	823	618	296	292	104	39	14	5651	402	579	464	245	4	101	6992	908	1666	98,0,0,0,0,0	38263	1358	267	45511	1251	0	59928,58676,57568,33125,33125,33125,33125	1	18	26143,19740,0,0,0,0,0	185	40621
169678	372	801	598	312	266	103	35	16	5574	407	584	444	294	2	80	6317	866	1621	99,0,0,0,0,0	40676	1338	211	45714	1260	0	60617,59397,58258,33357,33357,33357,33357	1	5	26143,19950,0,0,0,0,0	175	41646
169850	342	770	588	302	254	104	35	15	5490	412	584	443	231	1	61	6097	802	1593	99,0,0,0,0,0	39968	1094	202	45903	1273	0	61296,60108,58937,33568,33568,33568,33568	1	13	26144,20144,0,0,0,0,0	162	42470
169984	340	751	612	278	252	97	36	14	5379	415	588	445	212	3	100	5880	829	1537	99,0,0,0,0,0	37280	1075	235	46122	1289	0	62060,60904,59701,33836,33836,33836,33836	1	12	26145,20376,0,0,0,0,0	150	43251
170101	320	743	606	262	237	97	36	12	5325	417	590	457	248	1	78	5656	806	1495	99,0,0,0,0,0	37029	1100	219	46326	1305	0	62771,61646,60414,34081,34081,34081,34081	1	6	26145,20594,0,0,0,0,0	161	44092
170250	310	726	556	241	237	87	37	10	5283	418	591	459	251	4	69	5625	751	1443	99,0,0,0,0,0	37008	1026	193	46507	1319	0	63442,62348,61086,34292,34292,34292,34292	1	12	26145,20785,0,0,0,0,0	148	44823
170420	311	695	517	235	245	91	38	11	5170	420	593	455	239	5	61	5257	692	1440	99,0,0,0,0,0	36590	1118	195	46696	1328	0	64124,63062,61769,34501,34501,34501,34501	1	17	26145,20980,0,0,0,0,0	151	45628
170587	314	643	504	209	239	94	42	10	5082	422	600	445	248	4	79	5034	663	1382	99,0,0,0,0,0	36455	1136	187	46868	1343	0	64785,63754,62430,34700,34700,34700,34700	1	14	26145,21163,0,0,0,0,0	155	46449
170792	289	598	503	204	224	88	41	7	4975	425	600	468	254	0	82	4809	632	1315	99,0,0,0,0,0	38866	1126	141	47006	1348	0	65410,64410,63056,34861,34861,34861,34861	1	10	26146,21302,0,0,0,0,0	158	47290
170990	244	589	474	198	206	84	41	8	4882	427	603	449	238	1	56	4136	580	1256	99,0,0,0,0,0	38484	873	140	47139	1356	0	66027,65060,63677,35016,35016,35016,35016	1	7	26146,21441,0,0,0,0,0	152	47882
171116	246	582	474	200	194	84	39	8	4769	430	604	477	242	2	61	4009	573	1246	99,0,0,0,0,0	28999	911	181	47309	1367	0	66659,65719,64311,35210,35210,35210,35210	1	12	26146,21617,0,0,0,0,0	147	48524
171293	247	549	471	189	189	74	38	7	4650	431	608	462	265	1	52	4069	535	1222	99,0,0,0,0,0	28983	893	166	47463	1379	0	67289,66383,64945,35377,35377,35377,35377	1	12	26146,21781,0,0,0,0,0	133	49140
171466	247	512	470	184	168	72	36	7	4541	433	610	480	246	4	62	4096	533	1156	99,0,0,0,0,0	29126	887	156	47613	1385	0	67881,67004,65538,35525,35525,35525,35525	1	4	26146,21935,0,0,0,0,0	123	49763
171647	240	496	436	165	165	73	33	8	4434	436	613	476	313	1	59	4041	496	1112	99,0,0,0,0,0	29175	912	136	47739	1396	0	68474,67628,66135,35672,35672,35672,35672	1	10	26146,22070,0,0,0,0,0	124	50429
171849	230	501	410	159	147	68	32	8	4289	439	614	523	233	2	45	4016	453	1094	99,0,0,0,0,0	23952	926	131	47867	1401	0	69056,68241,66720,35806,35806,35806,35806	1	5	26146,22201,0,0,0,0,0	112	51081
172063	210	502	402	153	148	64	27	9	4110	442	616	521	291	3	47	4005	437	1069	99,0,0,0,0,0	30345	915	126	47987	1408	0	69660,68876,67326,35949,35949,35949,35949	1	7	26146,22325,0,0,0,0,0	120	51730
172247	210	457	398	156	144	60	22	8	3978	446	620	501	171	1	48	4300	423	1024	99,0,0,0,0,0	30263	1235	118	48099	1415	0	70204,69450,67874,36061,36061,36061,36061	0	8	26146,22440,0,0,0,0,0	106	52615
172424	192	442	374	155	138	55	20	9	3862	448	627	525	236	0	40	4087	404	972	100,0,0,0,0,0	23953	1197	105	48195	1424	0	70787,70059,68461,36195,36195,36195,36195	0	5	26146,22542,0,0,0,0,0	86	53507
172596	173	438	341	160	127	50	21	9	3751	450	630	526	245	1	55	4003	374	936	100,0,0,0,0,0	23695	1207	106	48294	1432	0	71350,70650,69030,36321,36321,36321,36321	0	6	26146,22648,0,0,0,0,0	90	54392
172806	178	400	353	150	122	50	20	9	3576	451	631	529	286	1	49	3897	380	893	100,0,0,0,0,0	23603	1272	99	48388	1439	0	71897,71229,69582,36420,36420,36420,36420	0	5	26146,22747,0,0,0,0,0	87	55333
172955	166	380	355	140	124	48	23	9	3461	451	634	521	271	2	33	3713	361	875	100,0,0,0,0,0	23589	1199	111	48491	1447	0	72482,71840,70172,36568,36568,36568,36568	0	6	26146,22854,0,0,0,0,0	85	56215
173133	147	353	345	126	133	49	23	7	3341	454	635	506	250	1	42	3329	344	832	100,0,0,0,0,0	23406	1206	82	48567	1454	0	73031,72416,70727,36686,36686,36686,36686	0	5	26146,22934,0,0,0,0,0	84	57116
173308	130	329	325	111	127	46	26	8	3245	454	637	497	242	0	44	3097	324	770	100,0,0,0,0,0	27506	1287	67	48628	1460	0	73550,72958,71252,36803,36803,36803,36803	0	5	26146,22996,0,0,0,0,0	79	58118
173445	125	301	305	101	107	44	21	10	3189	458	640	503	252	0	34	2732	293	711	100,0,0,0,0,0	27327	592	71	48697	1463	0	74266,73698,71976,37026,37026,37026,37026	0	0	26146,23067,0,0,0,0,0	71	58553
173586	124	277	298	101	105	40	21	6	3086	459	643	500	245	0	37	2723	287	679	100,0,0,0,0,0	21562	561	78	48770	1468	0	75007,74461,72724,37255,37255,37255,37255	0	8	26146,23144,0,0,0,0,0	69	58964
173736	118	256	273	95	104	31	20	2	3002	462	647	506	246	3	31	2316	275	622	100,0,0,0,0,0	21483	550	67	48833	1472	0	75709,75187,73435,37459,37459,37459,37459	0	4	26146,23208,0,0,0,0,0	57	59368
173895	105	258	252	84	82	32	20	2	2902	463	651	518	271	2	39	2277	255	578	100,0,0,0,0,0	21191	586	63	48891	1477	0	76416,75918,74149,37664,37664,37664,37664	0	4	26146,23269,0,0,0,0,0	58	59800
174056	102	236	233	77	82	29	15	3	2790	469	654	518	245	1	19	2025	227	547	100,0,0,0,0,0	21022	590	56	48943	1481	0	77109,76635,74851,37861,37861,37861,37861	0	4	26146,23325,0,0,0,0,0	52	60231
174196	101	220	207	74	90	22	15	3	2688	469	661	499	81	0	24	1914	206	523	100,0,0,0,0,0	20847	599	59	48996	1487	0	77806,77354,75556,38070,38070,38070,38070	0	4	26146,23384,0,0,0,0,0	45	60670
174335	93	215	212	69	75	23	15	3	2569	470	667	502	85	1	22	1756	205	497	100,0,0,0,0,0	26406	522	59	49051	1491	0	78532,78101,76291,38300,38300,38300,38300	0	2	26146,23443,0,0,0,0,0	38	61052
174486	96	196	194	59	64	22	14	3	2471	471	670	514	173	1	14	1681	183	462	100,0,0,0,0,0	26133	793	41	49090	1493	0	78947,78538,76714,38351,38351,38351,38351	0	0	26146,23483,0,0,0,0,0	39	61650
174639	90	187	190	45	62	23	13	2	2350	471	674	494	221	0	15	1895	172	438	100,0,0,0,0,0	15433	850	46	49134	1495	0	79341,78955,77116,38391,38391,38391,38391	0	3	26146,23529,0,0,0,0,0	35	62264
174783	72	172	178	44	52	20	12	3	2261	472	677	538	269	0	19	1918	156	394	100,0,0,0,0,0	15499	876	25	49155	1499	0	79733,79364,77514,38418,38418,38418,38418	0	0	26146,23551,0,0,0,0,0	32	62916
174912	60	168	171	45	46	18	11	2	2160	473	680	532	271	4	15	1683	140	379	100,0,0,0,0,0	15668	779	34	49186	1502	0	80109,79757,77898,38458,38458,38458,38458	0	1	26146,23584,0,0,0,0,0	32	63497
175026	60	156	164	37	45	18	11	3	2072	473	681	520	81	1	7	1941	116	375	100,0,0,0,0,0	15731	878	38	49221	1506	0	80519,80182,78315,38521,38521,38521,38521	0	2	26146,23621,0,0,0,0,0	29	64158
175147	61	146	159	34	40	18	11	3	1968	474	685	515	234	1	21	1917	121	348	100,0,0,0,0,0	15780	808	43	49263	1508	0	80942,80621,78744,38590,38590,38590,38590	0	4	26146,23664,0,0,0,0,0	30	64770
175260	55	135	143	39	41	17	12	2	1878	474	690	532	257	1	14	1797	111	331	100,0,0,0,0,0	26333	893	31	49291	1511	0	81336,81029,79146,38646,38646,38646,38646	0	0	26146,23694,0,0,0,0,0	31	65430
175375	52	121	141	32	39	17	11	2	1789	475	692	522	96	1	14	1762	112	301	100,0,0,0,0,0	26146	1035	30	49317	1516	0	81718,81427,79536,38692,38692,38692,38692	0	1	26146,23722,0,0,0,0,0	32	66174
175470	44	115	128	37	37	17	11	2	1712	475	698	523	72	0	19	1597	112	277	100,0,0,0,0,0	15326	996	28	49344	1517	0	82129,81849,79952,38750,38750,38750,38750	0	4	26146,23749,0,0,0,0,0	33	66901
175588	50	106	110	39	31	16	11	3	1616	475	701	514	297	1	13	1556	109	254	100,0,0,0,0,0	15245	1069	31	49373	1519	0	82541,82274,80369,38798,38798,38798,38798	0	1	26146,23780,0,0,0,0,0	29	67709
175671	54	99	95	34	33	13	10	2	1555	476	704	532	254	0	5	1422	89	249	100,0,0,0,0,0	15284	1032	30	49400	1522	0	82930,82675,80765,38851,38851,38851,38851	0	1	26146,23810,0,0,0,0,0	24	68482
175776	45	98	90	37	27	11	9	1	1467	477	708	540	90	0	13	1303	91	226	100,0,0,0,0,0	15134	1041	20	49417	1525	0	83354,83113,81196,38911,38911,38911,38911	0	1	26146,23830,0,0,0,0,0	21	69273
175859	43	92	90	33	24	9	7	2	1399	478	710	530	86	0	7	1121	70	228	100,0,0,0,0,0	14857	1037	27	49437	1533	0	83765,83536,81614,38976,38976,38976,38976	0	2	26146,23857,0,0,0,0,0	18	70067
175954	30	82	86	30	29	10	5	2	1326	479	713	508	105	1	10	871	69	203	100,0,0,0,0,0	20439	1074	14	49450	1535	0	84184,83966,82040,39040,39040,39040,39040	0	3	26146,23870,0,0,0,0,0	17	70869
176036	24	75	75	25	22	11	6	2	1275	479	716	514	101	0	11	724	63	175	100,0,0,0,0,0	20186	345	14	49464	1535	0	84720,84514,82585,39177,39177,39177,39177	0	2	26146,23884,0,0,0,0,0	21	71115
176108	30	64	77	24	16	10	6	2	1207	480	722	531	299	0	11	680	58	169	100,0,0,0,0,0	11383	355	20	49483	1536	0	85254,85058,83127,39302,39302,39302,39302	0	2	26146,23904,0,0,0,0,0	19	71372
176177	32	65	61	22	18	9	4	3	1151	481	723	552	88	0	5	662	54	157	100,0,0,0,0,0	11503	336	24	49505	1538	0	85818,85629,83698,39444,39444,39444,39444	0	1	26146,23928,0,0,0,0,0	18	71617
176251	35	64	64	14	17	10	4	3	1078	481	725	524	260	0	4	630	49	159	100,0,0,0,0,0	11443	372	19	49524	1538	0	86388,86209,84276,39591,39591,39591,39591	0	2	26146,23947,0,0,0,0,0	14	71874
176318	27	64	61	16	22	9	4	2	1015	481	727	549	85	0	7	550	49	154	100,0,0,0,0,0	11306	340	16	49540	1538	0	86940,86772,84837,39729,39729,39729,39729	0	0	26146,23963,0,0,0,0,0	15	72118
176389	27	54	60	17	20	8	1	4	953	482	731	585	253	0	7	622	51	136	100,0,0,0,0,0	11385	317	12	49551	1539	0	87493,87332,85397,39865,39865,39865,39865	0	1	26146,23975,0,0,0,0,0	12	72352
176436	26	50	65	13	16	7	1	3	913	482	734	589	100	0	2	641	47	131	100,0,0,0,0,0	20009	377	14	49564	1540	0	88088,87935,86000,40029,40029,40029,40029	0	1	26146,23988,0,0,0,0,0	9	72627
176499	24	50	53	12	15	6	1	3	860	482	741	564	159	0	5	523	40	121	100,0,0,0,0,0	20086	312	11	49574	1541	0	88247,88102,86163,39947,39947,39947,39947	0	0	26146,23999,0,0,0,0,0	9	72851
176538	27	50	48	14	14	5	1	3	819	482	745	585	102	0	3	491	35	124	100,0,0,0,0,0	11214	334	19	49591	1544	0	88412,88272,86331,39871,39871,39871,39871	0	1	26146,24018,0,0,0,0,0	9	73084
176588	23	54	37	15	13	7	1	3	772	482	751	586	88	0	4	443	31	119	100,0,0,0,0,0	11119	325	15	49606	1544	0	88563,88430,86486,39781,39781,39781,39781	0	0	26146,24033,0,0,0,0,0	8	73309
176640	21	54	39	14	12	7	1	3	719	482	754	578	104	0	3	490	30	118	100,0,0,0,0,0	11421	343	10	49616	1544	0	88728,88601,86654,39699,39699,39699,39699	0	0	26146,24043,0,0,0,0,0	9	73549
176685	20	47	44	14	12	7	1	3	673	482	758	566	104	0	4	456	23	122	100,0,0,0,0,0	11336	295	12	49628	1544	0	88888,88768,86818,39620,39620,39620,39620	0	2	26146,24055,0,0,0,0,0	10	73767
176717	21	47	44	9	11	6	1	3	643	482	762	590	87	0	1	453	19	120	100,0,0,0,0,0	11133	325	18	49646	1544	0	89050,88936,86985,39551,39551,39551,39551	0	0	26146,24073,0,0,0,0,0	10	73992
176762	17	49	43	9	12	5	1	3	600	482	763	612	144	0	5	455	24	112	100,0,0,0,0,0	19885	294	10	49655	1545	0	89203,89094,87141,39465,39465,39465,39465	0	1	26146,24083,0,0,0,0,0	9	74206
176804	14	51	40	9	12	4	1	3	556	482	770	628	94	0	6	335	28	103	100,0,0,0,0,0	19844	174	10	49664	1546	0	89418,89314,87361,39422,39422,39422,39422	0	1	26146,24092,0,0,0,0,0	10	74332
176833	15	48	37	7	12	4	1	3	527	482	777	612	103	0	1	380	23	101	100,0,0,0,0,0	11232	170	15	49678	1547	0	89646,89547,87595,39396,39396,39396,39396	0	0	26146,24107,0,0,0,0,0	6	74453
