S	E	I1	I2	I3	I4	I5_h	I6_h	R_h	R	D1	D2	H	T	P1	P2	Q	QT	NQ	MUT	HOM	VAC	NI	INF	REINF	BSTR	IMM	HCI	HCE	INFV	INFH	VNI
178097	109	129	65	46	37	6	3	0	252	2	0	204	0	0	0	57	57	338	0,0,0,0,0,0	178744	0	0	395	0	0	649,649,649,649,649,649,649	0	0	0,0,0,0,0,0,0	0	0
178042	90	191	66	45	37	7	4	0	261	2	1	335	346	0	72	144	66	374	0,0,0,0,0,0	12483	0	72	467	0	0	704,704,704,704,704,704,704	0	9	72,0,0,0,0,0,0	13	0
177956	123	200	79	49	43	7	3	0	279	3	4	436	91	0	20	214	79	425	0,0,0,0,0,0	12656	0	95	562	0	0	790,790,790,790,790,790,790	0	9	167,0,0,0,0,0,0	16	0
177883	129	234	87	48	43	9	3	0	302	3	5	515	271	0	19	301	95	458	0,0,0,0,0,0	12969	0	86	649	0	0	864,864,864,864,864,864,864	0	2	254,0,0,0,0,0,0	13	0
177814	131	240	108	54	51	11	4	0	319	3	11	611	261	1	9	343	107	492	0,0,0,0,0,0	25120	0	86	736	0	0	937,937,937,937,937,937,937	0	7	341,0,0,0,0,0,0	19	0
177731	136	253	131	58	53	12	3	0	351	4	14	656	273	1	19	411	130	516	0,0,0,0,0,0	25247	0	96	832	0	0	1022,1022,1022,1022,1022,1022,1022	0	4	437,0,0,0,0,0,0	18	0
177657	151	261	141	59	50	15	3	0	388	4	17	698	266	2	19	706	164	516	0,0,0,0,0,0	13375	0	94	926	0	0	1104,1103,1103,1102,1102,1102,1102	0	8	531,0,0,0,0,0,0	20	0
177604	148	260	156	65	56	17	2	1	410	4	23	700	103	0	25	878	193	511	0,0,0,0,0,0	13579	0	84	1009	1	0	1167,1167,1167,1164,1164,1164,1164	0	7	615,0,0,0,0,0,0	24	0
177508	149	307	139	70	54	18	3	1	463	4	30	718	95	1	24	1035	226	514	0,0,0,0,0,0	13689	0	104	1113	2	0	1271,1270,1270,1267,1267,1267,1267	0	9	720,0,0,0,0,0,0	27	0
177430	154	311	144	84	60	20	4	1	501	4	33	691	93	0	9	1156	237	540	0,0,0,0,0,0	13920	0	100	1213	2	0	1362,1361,1361,1355,1355,1355,1355	0	9	820,0,0,0,0,0,0	28	0
177364	153	324	150	82	63	22	4	1	543	4	36	722	277	0	28	1278	246	552	0,0,0,0,0,0	14231	0	89	1301	3	0	1442,1440,1440,1431,1431,1431,1431	1	7	909,0,0,0,0,0,0	39	0
177293	157	312	159	93	76	18	5	1	590	4	38	710	82	0	22	1273	260	560	0,0,0,0,0,0	26014	0	93	1394	4	0	1524,1520,1520,1509,1509,1509,1509	1	10	1003,0,0,0,0,0,0	42	0
177208	168	310	176	92	88	18	5	1	630	6	44	732	265	1	22	1527	275	582	0,0,0,0,0,0	26285	0	109	1504	4	0	1627,1623,1623,1607,1607,1607,1607	1	10	1113,0,0,0,0,0,0	33	0
177118	178	313	192	95	98	21	6	2	664	6	53	713	260	2	38	1680	292	611	0,0,0,0,0,0	14651	0	116	1621	5	0	1739,1732,1732,1710,1710,1710,1710	1	15	1231,0,0,0,0,0,0	37	0
177017	167	359	187	103	97	24	7	2	721	6	56	687	336	0	36	1994	328	616	0,0,0,0,0,0	14882	0	132	1753	6	0	1859,1851,1851,1823,1823,1823,1823	1	10	1364,0,0,0,0,0,0	43	0
176931	175	361	229	97	103	30	10	2	744	6	58	674	291	1	40	2164	369	636	0,0,0,0,0,0	14857	0	134	1885	8	0	1974,1964,1964,1928,1928,1928,1928	1	9	1497,0,0,0,0,0,0	46	0
176830	173	381	255	95	107	31	11	3	791	6	63	710	89	2	36	2127	401	652	0,0,0,0,0,0	14975	0	135	2017	12	0	2102,2089,2089,2045,2045,2045,2045	1	14	1632,0,0,0,0,0,0	58	0
176739	172	374	241	108	121	29	12	3	867	8	72	724	132	2	26	2196	387	670	0,0,0,0,0,0	15249	0	129	2145	13	0	2227,2212,2212,2157,2157,2157,2157	1	10	1761,0,0,0,0,0,0	54	0
176676	179	386	237	103	124	30	10	3	911	10	77	697	298	2	34	2249	399	670	0,0,0,0,0,0	26778	0	118	2264	15	0	2338,2318,2318,2248,2248,2248,2248	1	9	1881,0,0,0,0,0,0	60	0
176590	183	383	247	96	129	32	10	3	980	10	83	689	75	2	29	2483	418	662	0,0,0,0,0,0	26878	0	116	2377	19	0	2449,2427,2427,2348,2348,2348,2348	1	5	1998,0,0,0,0,0,0	71	0
176508	182	402	247	110	120	30	10	4	1034	11	88	675	271	1	37	2824	425	676	0,0,0,0,0,0	15756	0	127	2502	22	0	2567,2541,2541,2451,2451,2451,2451	1	14	2126,0,0,0,0,0,0	60	0
176429	193	390	247	106	141	27	9	4	1096	12	92	662	318	0	34	2904	420	693	0,0,0,0,0,0	15757	0	133	2633	24	0	2689,2659,2659,2554,2554,2554,2554	1	14	2258,0,0,0,0,0,0	55	0
176360	199	396	245	109	141	31	9	5	1141	12	98	687	248	0	38	3138	425	705	0,0,0,0,0,0	16075	0	134	2767	25	0	2814,2780,2780,2656,2656,2656,2656	1	11	2392,0,0,0,0,0,0	49	0
176253	218	424	240	115	129	32	8	7	1201	14	105	695	246	2	31	2977	408	758	0,0,0,0,0,0	15959	0	159	2925	28	0	2968,2929,2929,2788,2788,2788,2788	1	13	2553,0,0,0,0,0,0	47	0
176188	223	425	261	123	110	33	9	6	1248	14	106	681	245	4	40	2974	413	771	0,0,0,0,0,0	15931	0	133	3058	29	0	3089,3044,3044,2884,2884,2884,2884	1	7	2687,0,0,0,0,0,0	46	0
176123	211	434	262	121	122	37	9	5	1295	15	112	700	248	2	21	2720	389	807	0,0,0,0,0,0	27439	0	135	3193	30	0	3217,3166,3166,2984,2984,2984,2984	1	12	2823,0,0,0,0,0,0	54	0
176058	208	444	268	112	126	39	12	5	1339	15	120	688	271	2	39	2685	408	801	0,0,0,0,0,0	27429	0	134	3326	31	0	3348,3290,3290,3085,3085,3085,3085	1	11	2957,0,0,0,0,0,0	60	0
175974	212	460	285	111	134	41	12	4	1376	15	122	651	312	1	39	2897	409	846	0,0,0,0,0,0	15696	0	165	3491	31	0	3501,3437,3437,3206,3206,3206,3206	1	19	3122,0,0,0,0,0,0	68	0
175868	240	479	307	113	124	42	10	4	1415	17	127	657	311	1	42	2989	406	909	0,0,0,0,0,0	16014	0	181	3672	32	0	3668,3597,3597,3345,3345,3345,3345	1	13	3303,0,0,0,0,0,0	68	0
175780	257	526	279	122	123	40	11	4	1457	18	129	634	100	1	41	2846	409	949	0,0,0,0,0,0	16176	0	184	3856	32	0	3837,3758,3758,3477,3477,3477,3477	2	16	3487,0,0,0,0,0,0	70	0
175659	273	544	289	138	118	36	12	3	1524	19	131	634	236	3	37	3140	394	1016	0,0,0,0,0,0	15830	0	202	4061	32	0	4029,3943,3943,3635,3635,3635,3635	2	13	3692,0,0,0,0,0,0	75	0
175541	290	561	298	141	130	37	14	3	1578	19	134	645	259	5	54	3062	438	1033	0,0,0,0,0,0	16042	0	194	4254	34	0	4218,4124,4124,3790,3790,3790,3790	2	24	3886,0,0,0,0,0,0	76	0
175451	275	593	302	135	150	37	13	6	1626	21	137	637	231	3	42	3145	451	1054	0,0,0,0,0,0	27501	0	179	4433	34	0	4386,4285,4285,3922,3922,3922,3922	2	17	4065,0,0,0,0,0,0	79	0
175364	282	589	321	137	165	37	9	7	1667	24	144	619	265	3	58	3291	454	1086	0,0,0,0,0,0	27444	0	181	4613	36	0	4560,4450,4450,4055,4055,4055,4055	2	15	4245,0,0,0,0,0,0	82	0
175235	296	615	348	153	162	41	11	6	1709	24	146	604	327	1	66	3895	523	1103	0,0,0,0,0,0	16564	0	223	4834	38	0	4772,4653,4653,4227,4227,4227,4227	2	27	4466,0,0,0,0,0,0	86	0
175107	326	599	381	161	163	41	12	6	1775	24	151	586	280	1	50	4378	528	1155	0,0,0,0,0,0	16891	0	221	5056	40	0	4985,4857,4857,4399,4399,4399,4399	2	24	4688,0,0,0,0,0,0	88	0
174998	332	638	395	166	161	40	16	5	1813	25	157	594	261	0	35	4570	526	1222	0,0,0,0,0,0	17289	0	221	5275	42	0	5197,5059,5059,4562,4562,4562,4562	2	24	4907,0,0,0,0,0,0	87	0
174869	348	682	389	177	158	38	17	6	1878	26	158	604	99	1	52	4265	544	1265	0,0,0,0,0,0	17395	0	248	5521	45	0	5431,5282,5282,4746,4746,4746,4746	3	28	5154,0,0,0,0,0,0	84	0
174746	351	709	390	181	174	37	17	5	1947	27	162	588	235	4	62	4340	548	1311	0,0,0,0,0,0	17050	0	226	5747	47	0	5649,5490,5490,4918,4918,4918,4918	3	28	5380,0,0,0,0,0,0	101	0
174625	350	726	406	199	184	37	19	5	2003	27	165	591	257	4	67	4162	593	1328	0,0,0,0,0,0	28563	0	233	5982	50	0	5879,5709,5709,5095,5095,5095,5095	3	22	5617,0,0,0,0,0,0	106	0
174504	358	720	439	197	193	42	21	5	2071	28	168	598	244	6	64	4483	640	1330	0,0,0,0,0,0	28878	0	230	6212	50	0	6102,5921,5921,5269,5269,5269,5269	3	24	5847,0,0,0,0,0,0	106	0
174384	361	750	442	196	208	47	25	3	2129	28	173	598	271	4	74	4912	699	1330	0,0,0,0,0,0	17905	0	240	6453	50	0	6337,6143,6143,5447,5447,5447,5447	3	21	6088,0,0,0,0,0,0	108	0
174252	372	778	457	189	207	50	29	3	2204	28	177	566	275	9	51	5126	685	1397	0,0,0,0,0,0	18080	0	266	6720	50	0	6592,6386,6386,5641,5641,5641,5641	3	36	6355,0,0,0,0,0,0	115	0
174120	397	789	456	196	228	53	29	4	2266	29	179	560	142	1	65	4880	710	1438	0,0,0,0,0,0	17849	0	256	6977	51	0	6838,6620,6620,5831,5831,5831,5831	3	35	6612,0,0,0,0,0,0	122	0
173947	413	825	485	218	216	55	29	5	2340	29	184	548	246	3	65	4509	723	1518	0,0,0,0,0,0	17613	0	301	7274	56	0	7132,6900,6900,6065,6065,6065,6065	4	39	6910,0,0,0,0,0,0	137	0
173831	447	803	502	254	231	57	26	5	2371	32	187	542	303	4	80	4675	778	1542	0,0,0,0,0,0	17320	0	274	7552	57	0	7400,7152,7152,6258,6258,6258,6258	4	41	7188,0,0,0,0,0,0	142	0
173714	441	818	521	240	249	63	29	5	2443	32	191	515	268	0	56	5022	772	1589	0,0,0,0,0,0	29027	0	258	7808	59	0	7649,7388,7388,6442,6442,6442,6442	4	18	7444,0,0,0,0,0,0	129	0
173627	425	830	529	239	244	61	31	7	2529	32	192	520	266	3	84	5041	768	1591	0,0,0,0,0,0	29491	0	247	8055	61	0	7885,7608,7608,6605,6605,6605,6605	4	23	7691,0,0,0,0,0,0	139	0
173461	436	921	496	246	242	56	37	5	2619	33	194	518	293	3	69	5210	766	1668	0,0,0,0,0,0	18111	0	318	8373	62	0	8196,7903,7903,6844,6844,6844,6844	4	35	8010,0,0,0,0,0,0	136	0
173332	443	893	544	241	259	53	36	4	2702	38	201	525	237	5	75	5416	799	1670	0,0,0,0,0,0	18222	0	276	8650	64	0	8466,8158,8158,7043,7043,7043,7043	4	26	8287,0,0,0,0,0,0	137	0
173224	447	881	595	242	251	61	35	4	2764	40	202	488	244	6	95	5440	820	1692	0,0,0,0,0,0	33651	0	276	8924	66	0	8730,8405,8405,7229,7229,7229,7229	4	29	8561,0,0,0,0,0,0	140	0
173102	432	915	580	255	256	63	37	4	2855	40	207	508	228	5	79	5446	841	1697	0,0,0,0,0,0	33512	0	286	9208	70	0	9007,8665,8665,7428,7428,7428,7428	4	34	8846,0,0,0,0,0,0	133	0
172984	456	909	580	257	260	70	39	5	2936	41	209	502	337	2	78	5938	876	1695	0,0,0,0,0,0	33893	0	296	9503	73	0	9290,8931,8931,7630,7630,7630,7630	4	35	9141,0,0,0,0,0,0	145	0
172876	452	919	577	262	260	78	40	4	3027	42	209	505	313	2	74	6093	868	1720	0,0,0,0,0,0	47203	0	287	9792	74	0	9567,9190,9190,7823,7823,7823,7823	4	24	9430,0,0,0,0,0,0	156	0
172758	428	938	598	272	261	84	39	7	3103	46	212	487	274	5	82	6414	905	1715	0,0,0,0,0,0	47342	0	285	10078	75	0	9845,9451,9451,8021,8021,8021,8021	4	31	9716,0,0,0,0,0,0	155	0
172669	425	918	592	296	295	88	36	8	3152	51	216	493	242	6	72	6256	912	1738	0,0,0,0,0,0	34209	0	279	10358	77	0	10115,9702,9702,8201,8201,8201,8201	4	29	9996,0,0,0,0,0,0	155	0
172581	439	906	612	294	300	91	39	7	3202	54	221	466	338	4	97	6573	983	1698	0,0,0,0,0,0	34525	0	284	10639	81	0	10385,9952,9952,8379,8379,8379,8379	5	39	10277,0,0,0,0,0,0	157	0
172480	440	905	621	296	279	94	37	9	3306	56	223	465	315	2	74	6831	980	1692	0,0,0,0,0,0	34841	0	293	10932	83	0	10666,10213,10213,8570,8570,8570,8570	5	30	10570,0,0,0,0,0,0	156	0
172388	454	927	610	303	281	94	38	10	3357	58	226	458	241	4	83	6940	981	1726	0,0,0,0,0,0	35175	0	308	11239	85	0	10961,10487,10487,8763,8763,8763,8763	5	38	10877,0,0,0,0,0,0	155	0
172347	453	886	596	304	285	91	42	10	3446	59	227	443	350	7	87	6754	983	1674	0,0,0,0,0,0	34886	0	254	11492	89	0	11201,10705,10705,8903,8903,8903,8903	5	34	11130,0,0,0,0,0,0	151	0
172311	416	900	576	303	293	93	37	8	3515	66	228	430	269	3	69	6575	954	1664	0,0,0,0,0,0	47484	0	248	11736	93	0	11432,10915,10915,9037,9037,9037,9037	5	21	11374,0,0,0,0,0,0	153	0
172309	396	894	585	288	273	89	38	8	3565	69	232	453	315	2	95	6388	955	1608	0,0,0,0,0,0	47111	0	232	11967	95	0	11651,11111,11111,9147,9147,9147,9147	5	19	11605,0,0,0,0,0,0	163	0
172275	397	860	577	299	269	94	40	8	3619	71	237	436	225	2	73	6208	953	1583	0,0,0,0,0,0	34279	0	245	12209	100	0	11884,11322,11322,9280,9280,9280,9280	5	33	11847,0,0,0,0,0,0	149	0
172247	387	876	566	266	267	97	41	9	3678	71	241	449	239	0	85	6186	918	1582	0,0,0,0,0,0	34315	0	261	12469	103	0	12127,11543,11543,9415,9415,9415,9415	5	34	12107,0,0,0,0,0,0	159	0
172196	386	885	583	268	259	102	40	9	3705	72	241	456	266	1	81	6125	904	1619	0,0,0,0,0,0	34143	0	276	12744	105	0	12388,11781,11781,9569,9569,9569,9569	5	32	12384,0,0,0,0,0,0	171	0
172154	398	878	579	278	247	101	41	10	3747	72	241	448	264	4	86	6160	900	1622	0,0,0,0,0,0	34467	0	274	13016	111	0	12643,12013,12013,9716,9716,9716,9716	5	37	12656,0,0,0,0,0,0	179	0
172133	389	878	603	270	251	99	41	9	3756	73	244	433	108	3	76	5994	882	1649	0,0,0,0,0,0	33815	0	270	13282	116	0	12894,12239,12239,9851,9851,9851,9851	5	31	12922,0,0,0,0,0,0	176	0
172120	395	808	619	266	259	100	41	10	3803	75	250	404	296	3	59	5730	847	1641	0,0,0,0,0,0	46860	0	235	13513	121	0	13116,12439,12439,9968,9968,9968,9968	4	15	13154,0,0,0,0,0,0	173	0
172127	378	805	594	254	267	101	43	9	3839	77	252	400	311	2	79	5866	873	1569	0,0,0,0,0,0	46681	0	222	13731	125	0	13320,12620,12620,10066,10066,10066,10066	4	19	13372,0,0,0,0,0,0	171	0
172141	352	818	580	250	282	96	39	9	3841	81	257	386	267	6	77	5982	878	1539	0,0,0,0,0,0	33855	0	247	13974	129	0	13549,12823,12823,10172,10172,10172,10172	5	36	13615,0,0,0,0,0,0	156	0
172134	350	785	573	268	277	98	40	10	3869	83	259	409	264	1	89	6077	893	1498	0,0,0,0,0,0	33803	0	238	14212	131	0	13770,13021,13021,10283,10283,10283,10283	4	22	13853,0,0,0,0,0,0	158	0
172162	353	758	584	253	247	97	39	10	3895	88	260	418	356	3	68	5913	866	1465	0,0,0,0,0,0	33829	0	231	14438	136	0	13979,13204,13204,10371,10371,10371,10371	4	25	14080,0,0,0,0,0,0	157	0
172201	359	715	576	257	256	101	44	8	3875	90	264	435	95	4	76	5718	853	1455	0,0,0,0,0,0	34262	0	227	14663	139	0	14189,13387,13387,10454,10454,10454,10454	4	29	14305,0,0,0,0,0,0	161	0
172224	360	730	533	260	242	97	36	10	3889	97	268	435	255	4	85	6229	831	1427	0,0,0,0,0,0	33680	0	241	14903	141	0	14414,13585,13585,10553,10553,10553,10553	4	25	14545,0,0,0,0,0,0	163	0
172269	347	747	536	249	228	96	34	10	3861	100	269	468	279	1	62	5994	825	1412	0,0,0,0,0,0	47295	0	216	15112	149	0	14605,13751,13751,10624,10624,10624,10624	4	18	14755,0,0,0,0,0,0	166	0
172308	348	708	530	252	222	91	36	10	3869	101	271	465	323	4	68	5989	816	1371	0,0,0,0,0,0	46878	0	188	15294	156	0	14773,13897,13897,10686,10686,10686,10686	4	12	14938,0,0,0,0,0,0	166	0
172364	309	723	515	244	221	85	37	10	3861	103	274	478	241	2	74	6097	801	1333	0,0,0,0,0,0	34298	0	200	15494	157	0	14956,14054,14054,10747,10747,10747,10747	4	23	15138,0,0,0,0,0,0	150	0
172383	308	719	509	233	230	85	35	9	3849	108	278	468	334	3	52	5861	777	1342	0,0,0,0,0,0	34066	0	231	15725	161	0	15170,14243,14243,10841,10841,10841,10841	4	25	15369,0,0,0,0,0,0	153	0
172451	314	686	525	226	224	90	36	9	3795	109	281	462	253	2	76	5669	785	1316	0,0,0,0,0,0	33862	0	207	15930	163	0	15358,14403,14403,10898,10898,10898,10898	4	21	15575,0,0,0,0,0,0	149	0
172483	347	663	504	234	226	88	35	10	3759	112	285	444	328	3	51	5761	741	1356	0,0,0,0,0,0	33950	0	226	16156	165	0	15568,14586,14586,10982,10982,10982,10982	4	26	15801,0,0,0,0,0,0	141	0
172489	359	673	507	218	215	86	35	10	3751	113	290	432	259	2	69	5721	720	1373	0,0,0,0,0,0	33766	0	231	16385	170	0	15782,14777,14777,11083,11083,11083,11083	4	29	16030,0,0,0,0,0,0	145	0
172571	360	683	478	188	199	86	36	11	3725	115	294	426	268	2	55	5491	678	1352	0,0,0,0,0,0	46867	0	183	16567	171	0	15946,14914,14914,11121,11121,11121,11121	4	11	16212,0,0,0,0,0,0	150	0
172655	340	666	479	198	195	84	31	11	3671	120	296	433	256	3	47	5446	655	1338	0,0,0,0,0,0	46755	0	179	16746	172	0	16106,15048,15048,11156,11156,11156,11156	3	20	16391,0,0,0,0,0,0	140	0
172717	310	651	486	193	206	79	31	10	3640	123	300	429	263	1	57	5166	653	1303	0,0,0,0,0,0	33758	0	179	16921	176	0	16266,15183,15183,11200,11200,11200,11200	3	19	16567,0,0,0,0,0,0	137	0
172717	302	652	485	199	199	83	34	10	3637	125	303	430	217	1	62	5037	636	1318	0,0,0,0,0,0	33037	0	217	17137	178	0	16465,15361,15361,11295,11295,11295,11295	3	26	16783,0,0,0,0,0,0	135	0
172723	311	683	463	196	195	77	36	8	3623	126	305	429	265	3	68	5226	642	1319	0,0,0,0,0,0	33307	0	223	17358	181	0	16668,15541,15541,11388,11388,11388,11388	3	22	17004,0,0,0,0,0,0	143	0
172748	323	688	443	187	196	79	37	6	3602	127	310	404	252	2	67	5518	675	1278	0,0,0,0,0,0	33012	0	206	17562	183	0	16857,15707,15707,11465,11465,11465,11465	3	20	17208,0,0,0,0,0,0	138	0
172756	333	662	451	200	210	78	35	7	3573	130	311	415	249	5	68	5628	696	1273	0,0,0,0,0,0	33697	0	215	17772	188	0	17051,15878,15878,11553,11553,11553,11553	3	33	17418,0,0,0,0,0,0	136	0
172804	302	675	461	187	203	77	35	5	3551	133	313	423	249	3	55	5226	688	1252	0,0,0,0,0,0	46311	0	182	17951	191	0	17213,16018,16018,11606,11606,11606,11606	3	13	17597,0,0,0,0,0,0	144	0
172899	284	649	466	191	208	68	35	3	3492	135	316	433	86	3	46	5385	677	1224	0,0,0,0,0,0	46341	0	168	18115	195	0	17359,16138,16138,11627,11627,11627,11627	3	18	17761,0,0,0,0,0,0	139	0
172921	312	639	434	194	204	66	39	4	3481	135	317	407	248	2	67	5502	688	1200	0,0,0,0,0,0	33657	0	217	18328	199	0	17554,16309,16309,11708,11708,11708,11708	3	26	17974,0,0,0,0,0,0	138	0
172957	309	651	420	196	210	60	37	4	3443	139	320	411	281	2	56	5528	676	1207	0,0,0,0,0,0	33671	0	211	18537	202	0	17743,16473,16473,11778,11778,11778,11778	3	28	18183,0,0,0,0,0,0	135	0
173010	309	632	426	200	218	57	34	6	3388	142	324	408	253	1	54	5416	678	1198	0,0,0,0,0,0	33686	0	185	18724	202	0	17913,16620,16620,11831,11831,11831,11831	3	30	18370,0,0,0,0,0,0	130	0
173111	308	571	437	206	215	57	35	7	3325	146	328	413	262	3	46	5299	661	1168	0,0,0,0,0,0	45953	0	156	18878	206	0	18050,16730,16730,11842,11842,11842,11842	3	18	18524,0,0,0,0,0,0	129	0
173161	308	571	401	190	189	58	36	11	3342	146	333	410	249	2	57	4876	630	1123	0,0,0,0,0,0	46218	0	162	19038	208	0	18196,16855,16855,11884,11884,11884,11884	3	15	18684,0,0,0,0,0,0	127	0
173217	286	579	414	186	175	57	38	10	3301	148	335	413	243	2	48	4587	631	1104	0,0,0,0,0,0	45543	0	168	19208	209	0	18350,16985,16985,11927,11927,11927,11927	3	11	18854,0,0,0,0,0,0	126	0
173303	258	546	421	174	173	62	37	11	3276	149	336	422	254	4	47	4171	607	1064	0,0,0,0,0,0	45580	26	134	19339	212	0	18463,17077,17077,11935,11935,11935,11935	3	10	18985,0,0,0,0,0,0	128	22
173349	235	546	413	190	176	56	35	10	3244	152	340	427	249	5	58	4049	622	1029	0,0,0,0,0,0	32097	33	160	19496	217	0	18606,17199,17199,11977,11977,11977,11977	3	28	19142,0,0,0,0,0,0	131	48
173397	235	528	386	194	179	56	33	9	3231	154	344	445	323	2	46	4050	597	1014	0,0,0,0,0,0	32148	18	152	19647	219	0	18740,17313,17313,12012,12012,12012,12012	3	15	19293,0,0,0,0,0,0	128	65
173470	236	497	385	205	175	52	34	8	3181	155	348	434	253	1	47	3944	610	974	0,0,0,0,0,0	31615	32	135	19780	222	0	18858,17410,17410,12027,12027,12027,12027	3	22	19426,0,0,0,0,0,0	109	92
173537	227	465	376	191	171	49	29	7	3183	160	351	444	281	3	41	3741	575	933	0,0,0,0,0,0	31921	28	127	19906	223	0	18969,17501,17501,12041,12041,12041,12041	3	12	19552,0,0,0,0,0,0	99	117
173596	206	488	339	177	160	50	31	6	3174	162	357	467	91	3	51	3647	570	881	0,0,0,0,0,0	31788	28	132	20033	228	0	19084,17597,17597,12062,12062,12062,12062	3	17	19680,0,0,0,0,0,0	102	141
173677	205	446	349	184	164	46	32	6	3114	164	359	472	222	1	46	3593	554	872	0,0,0,0,0,0	38394	36	130	20163	229	0	19196,17688,17688,12070,12070,12070,12070	3	8	19810,0,0,0,0,0,0	103	170
173773	210	430	371	168	152	44	29	7	3034	168	360	467	236	1	52	3573	543	861	0,0,0,0,0,0	38539	123	134	20297	230	0	19320,17789,17789,12078,12078,12078,12078	3	16	19944,0,0,0,0,0,0	105	275
173861	212	412	359	177	150	47	28	6	2964	169	361	488	268	3	41	3672	521	864	0,0,0,0,0,0	26640	133	126	20422	231	0	19435,17883,17883,12084,12084,12084,12084	3	17	20069,0,0,0,0,0,0	98	384
173910	215	404	348	165	140	43	29	6	2954	171	361	475	251	1	49	3667	509	835	0,0,0,0,0,0	26579	117	136	20559	232	0	19558,17988,17988,12112,12112,12112,12112	3	13	20206,0,0,0,0,0,0	94	482
173980	216	405	346	166	130	45	31	6	2886	172	363	464	265	3	50	3667	530	809	0,0,0,0,0,0	26657	127	136	20694	233	0	19686,18095,18095,12132,12132,12132,12132	3	22	20341,0,0,0,0,0,0	94	588
174035	220	394	338	162	130	45	28	7	2843	176	368	487	244	1	35	3514	504	813	0,0,0,0,0,0	26878	129	130	20822	235	0	19809,18199,18199,12157,12157,12157,12157	3	15	20469,0,0,0,0,0,0	92	693
174122	210	390	320	150	138	43	25	9	2791	177	371	466	233	2	41	3493	496	780	0,0,0,0,0,0	26840	118	116	20937	236	0	19917,18286,18286,12159,12159,12159,12159	2	12	20584,0,0,0,0,0,0	94	797
174164	213	381	312	157	139	36	25	11	2754	179	375	437	251	1	34	3409	480	783	0,0,0,0,0,0	38582	124	132	21070	238	0	20047,18399,18399,12195,12195,12195,12195	2	11	20717,0,0,0,0,0,0	81	903
174248	204	392	297	146	132	38	27	11	2691	182	378	444	256	1	43	3385	473	763	0,0,0,0,0,0	38301	165	118	21186	241	0	20187,18518,18518,12215,12215,12215,12215	2	11	20833,0,0,0,0,0,0	77	1044
174316	179	411	300	135	119	40	22	11	2645	189	379	440	76	2	38	3351	444	762	0,0,0,0,0,0	26315	136	117	21302	243	0	20327,18640,18640,12242,12242,12242,12242	2	12	20949,0,0,0,0,0,0	74	1157
174372	191	403	308	123	122	42	20	9	2582	192	382	461	242	0	37	3293	438	771	0,0,0,0,0,0	26304	141	127	21428	245	0	20471,18766,18766,12275,12275,12275,12275	2	7	21075,0,0,0,0,0,0	71	1284
174444	189	395	304	120	117	43	26	6	2527	192	383	454	267	2	37	3191	437	757	0,0,0,0,0,0	26281	151	109	21535	247	0	20601,18877,18877,12294,12294,12294,12294	2	13	21182,0,0,0,0,0,0	69	1413
174509	194	381	291	125	111	45	27	5	2479	194	385	457	285	2	39	3304	434	740	0,0,0,0,0,0	26322	148	115	21647	250	0	20735,18993,18993,12318,12318,12318,12318	2	14	21294,0,0,0,0,0,0	75	1525
174599	193	377	273	117	105	42	25	6	2422	199	388	469	246	1	31	3419	410	722	0,0,0,0,0,0	26430	144	112	21760	250	0	20869,19107,19107,12331,12331,12331,12331	2	14	21407,0,0,0,0,0,0	77	1642
174685	167	382	262	115	101	42	25	5	2370	200	392	462	241	1	32	3386	382	712	0,0,0,0,0,0	38421	155	90	21850	252	0	20983,19203,19203,12336,12336,12336,12336	2	16	21497,0,0,0,0,0,0	86	1762
174737	156	358	267	119	106	39	25	6	2337	200	396	453	322	1	26	3422	374	696	0,0,0,0,0,0	38492	73	93	21943	253	0	21116,19321,19321,12367,12367,12367,12367	2	5	21590,0,0,0,0,0,0	88	1824
174785	162	362	249	121	104	44	26	6	2288	201	398	479	234	1	44	3388	400	668	0,0,0,0,0,0	26242	58	122	22061	257	0	21260,19448,19448,12403,12403,12403,12403	2	19	21708,0,0,0,0,0,0	88	1871
174835	154	351	264	114	105	44	26	7	2240	202	404	480	98	2	47	3303	405	653	0,0,0,0,0,0	26559	64	102	22160	260	0	21391,19564,19564,12432,12432,12432,12432	2	20	21807,0,0,0,0,0,0	90	1926
174892	160	330	264	121	101	42	27	6	2193	202	408	486	264	2	32	3228	382	663	0,0,0,0,0,0	26359	59	108	22267	261	0	21532,19688,19688,12462,12462,12462,12462	2	8	21914,0,0,0,0,0,0	88	1973
174944	167	331	237	123	103	38	26	5	2157	203	412	484	269	1	29	3411	384	641	0,0,0,0,0,0	26730	62	104	22369	263	0	21661,19801,19801,12488,12488,12488,12488	2	10	22016,0,0,0,0,0,0	85	2028
174994	164	315	242	115	97	41	21	9	2127	207	414	501	234	1	36	3479	365	630	0,0,0,0,0,0	26484	58	84	22451	265	0	21772,19899,19899,12507,12507,12507,12507	1	10	22098,0,0,0,0,0,0	83	2075
175035	159	318	230	104	101	41	20	8	2102	209	419	494	229	0	36	3443	350	623	0,0,0,0,0,0	38173	73	101	22550	267	0	21903,20016,20016,12541,12541,12541,12541	1	15	22197,0,0,0,0,0,0	89	2134
175103	151	313	226	96	103	38	21	7	2060	209	419	493	256	0	31	3023	336	612	0,0,0,0,0,0	38269	203	82	22633	267	0	22000,20098,20098,12544,12544,12544,12544	2	7	22280,0,0,0,0,0,0	86	2306
175155	137	306	235	101	96	41	18	6	2016	213	422	490	233	3	37	2883	351	583	0,0,0,0,0,0	26220	217	84	22714	270	0	22093,20177,20177,12553,12553,12553,12553	1	13	22361,0,0,0,0,0,0	79	2484
175182	165	326	221	92	90	43	20	5	1963	215	424	499	278	0	29	2642	347	610	4,0,0,0,0,0	25943	208	92	22846	273	0	22232,20300,20300,12594,12594,12594,12594	2	16	22452,42,0,0,0,0,0	79	2650
175175	202	339	225	87	89	44	19	6	1919	215	426	515	87	3	28	2877	344	661	9,0,0,0,0,0	25814	206	102	22995	275	0	22389,20443,20443,12664,12664,12664,12664	1	12	22548,95,0,0,0,0,0	77	2817
175142	226	363	231	90	84	46	15	8	1894	217	430	523	314	2	22	2639	318	737	14,0,0,0,0,0	26064	197	115	23152	275	0	22560,20602,20602,12752,12752,12752,12752	2	18	22645,155,0,0,0,0,0	72	2973
175090	248	429	231	93	84	43	13	9	1858	218	430	543	259	2	26	2754	320	821	20,0,0,0,0,0	25960	201	151	23337	277	0	22754,20783,20783,12861,12861,12861,12861	1	10	22752,234,0,0,0,0,0	76	3134
175048	266	454	234	102	95	42	10	7	1834	221	433	523	87	2	24	2403	315	888	26,0,0,0,0,0	37664	188	135	23504	280	0	22940,20957,20957,12963,12963,12963,12963	2	13	22833,323,0,0,0,0,0	73	3283
175003	275	471	263	106	104	39	9	7	1809	223	437	519	320	1	35	2334	320	947	31,0,0,0,0,0	37889	149	135	23674	285	0	23201,21205,21205,13104,13104,13104,13104	1	6	22910,419,0,0,0,0,0	66	3400
174958	267	509	252	117	121	39	8	8	1800	224	443	479	308	3	44	2552	347	966	34,0,0,0,0,0	25455	185	169	23842	288	0	23458,21451,21451,13244,13244,13244,13244	1	13	23005,495,0,0,0,0,0	68	3546
174921	259	543	278	120	124	40	12	8	1771	224	446	509	286	0	52	2691	405	971	37,0,0,0,0,0	25651	167	161	24001	290	0	23695,21678,21677,13367,13367,13367,13367	1	16	23089,571,0,0,0,0,0	62	3683
174853	243	564	297	126	144	38	11	7	1787	226	450	484	84	2	37	2898	407	1016	41,0,0,0,0,0	26171	178	177	24174	295	0	23955,21929,21928,13518,13518,13518,13518	1	19	23165,671,0,0,0,0,0	69	3810
174804	253	565	303	134	173	37	11	8	1779	227	452	493	262	2	56	3064	440	1036	43,0,0,0,0,0	25889	168	177	24346	300	0	24210,22174,22172,13657,13657,13657,13657	1	7	23237,775,0,0,0,0,0	65	3934
174715	282	573	323	142	180	40	14	5	1788	228	456	501	241	2	51	3169	462	1092	46,0,0,0,0,0	26214	157	215	24557	305	0	24502,22454,22452,13834,13834,13834,13834	1	26	23332,894,0,0,0,0,0	65	4036
174654	293	577	300	160	175	44	12	7	1835	229	460	491	289	2	56	3259	510	1051	48,0,0,0,0,0	38180	182	183	24737	310	0	24763,22705,22703,13983,13983,13983,13983	2	14	23412,997,0,0,0,0,0	69	4177
174626	263	584	332	160	166	46	12	7	1858	230	462	509	320	3	43	3439	526	1037	49,0,0,0,0,0	38352	129	155	24890	313	0	24991,22924,22920,14097,14097,14097,14097	2	6	23483,1081,0,0,0,0,0	82	4284
174567	272	578	344	169	177	48	12	8	1871	231	469	522	267	4	45	3762	526	1074	53,0,0,0,0,0	26900	146	192	25080	316	0	25259,23182,23177,14248,14248,14248,14248	2	19	23550,1206,0,0,0,0,0	81	4386
174519	297	559	329	175	168	48	12	6	1931	231	471	511	299	1	52	3889	530	1058	55,0,0,0,0,0	27011	141	182	25257	322	0	25509,23425,23417,14381,14381,14381,14381	2	18	23616,1320,0,0,0,0,0	85	4489
174434	292	611	319	179	165	50	16	7	1967	231	475	528	287	1	51	3785	548	1084	57,0,0,0,0,0	26928	112	203	25452	331	0	25783,23692,23683,14546,14546,14546,14546	1	10	23679,1459,0,0,0,0,0	81	4573
174376	313	603	320	178	176	52	14	7	1998	233	476	536	349	2	48	3855	554	1102	58,0,0,0,0,0	26696	130	202	25650	335	0	26045,23948,23936,14695,14695,14695,14695	1	18	23746,1594,0,0,0,0,0	90	4661
174267	321	631	351	177	184	52	16	6	2025	234	482	547	301	0	47	3721	554	1178	59,0,0,0,0,0	27050	123	231	25874	342	0	26334,24230,24216,14881,14881,14881,14881	1	17	23822,1745,0,0,0,0,0	87	4753
174194	310	647	373	177	185	55	17	5	2063	235	485	558	218	4	66	3782	590	1174	60,0,0,0,0,0	38560	126	201	26072	346	0	26607,24500,24482,15044,15044,15044,15044	1	3	23879,1889,0,0,0,0,0	89	4843
174117	329	646	361	182	197	51	21	4	2114	235	489	560	283	1	55	3822	594	1193	61,0,0,0,0,0	38732	290	207	26271	354	0	26846,24734,24712,15188,15188,15188,15188	1	15	23946,2028,0,0,0,0,0	96	5049
173975	379	669	367	191	192	51	25	5	2166	235	491	543	244	3	70	3852	625	1249	62,0,0,0,0,0	26791	295	260	26527	360	0	27139,25022,24997,15389,15389,15389,15389	1	18	24024,2211,0,0,0,0,0	94	5267
173870	408	705	377	197	187	48	26	4	2192	236	496	557	254	1	57	3818	658	1290	64,0,0,0,0,0	26981	300	253	26772	368	0	27415,25292,25263,15563,15563,15563,15563	1	20	24086,2398,0,0,0,0,0	96	5467
173753	398	743	395	208	196	48	27	5	2237	236	500	547	333	4	58	3935	672	1343	67,0,0,0,0,0	27036	259	250	27018	372	0	27687,25561,25528,15743,15743,15743,15743	1	11	24132,2602,0,0,0,0,0	99	5655
173565	436	811	409	196	203	45	26	5	2311	237	502	541	236	6	59	4413	684	1442	70,0,0,0,0,0	27320	286	317	27330	381	0	28027,25896,25859,15989,15989,15989,15989	2	18	24193,2860,0,0,0,0,0	104	5860
173401	472	816	443	212	212	41	26	7	2375	239	502	546	247	1	67	4724	713	1509	72,0,0,0,0,0	27630	303	296	27617	395	0	28338,26206,26163,16212,16212,16212,16212	2	21	24246,3103,0,0,0,0,0	107	6067
173265	474	849	467	228	227	42	28	8	2415	239	504	514	233	4	48	4800	710	1605	73,0,0,0,0,0	39535	327	278	27898	396	0	28647,26514,26465,16421,16421,16421,16421	2	17	24308,3323,0,0,0,0,0	119	6292
173138	453	911	497	217	238	47	31	9	2455	240	510	491	235	5	56	4742	739	1655	75,0,0,0,0,0	39388	605	284	28176	406	0	29040,26904,26849,16667,16667,16667,16667	2	26	24362,3551,0,0,0,0,0	111	6655
172964	476	935	544	238	260	49	29	8	2485	244	514	496	252	7	78	5208	798	1733	77,0,0,0,0,0	28378	585	337	28508	414	0	29486,27350,27288,16965,16965,16965,16965	2	28	24427,3825,0,0,0,0,0	111	6985
172773	508	965	557	251	258	52	31	8	2580	245	518	476	319	3	90	5507	839	1783	78,0,0,0,0,0	28254	630	338	28829	432	0	29914,27780,27711,17262,17262,17262,17262	2	19	24483,4106,0,0,0,0,0	123	7532
172574	557	998	574	247	268	56	33	8	2667	246	518	489	287	4	88	6233	880	1853	79,0,0,0,0,0	28812	577	366	29187	441	0	30365,28232,28155,17574,17574,17574,17574	2	34	24543,4412,0,0,0,0,0	117	8025
172355	571	1097	575	284	265	61	40	7	2722	246	523	502	253	7	83	6495	914	1979	80,0,0,0,0,0	29557	599	401	29578	455	0	30857,28726,28641,17919,17919,17919,17919	2	28	24613,4741,0,0,0,0,0	123	8559
172101	592	1170	636	289	279	66	36	7	2793	252	525	476	314	6	80	6431	944	2124	81,0,0,0,0,0	29739	609	421	29990	470	0	31373,29243,29150,18293,18293,18293,18293	2	18	24677,5102,0,0,0,0,0	130	9088
171904	602	1160	664	315	307	68	35	8	2899	254	530	483	242	2	89	6466	1004	2147	81,0,0,0,0,0	40869	605	375	30352	485	0	31839,29713,29611,18614,18614,18614,18614	2	19	24727,5425,0,0,0,0,0	142	9617
171722	588	1196	678	325	323	74	37	7	3010	256	530	494	330	7	94	6399	1023	2198	82,0,0,0,0,0	41079	835	368	30707	498	0	32332,30210,30098,18940,18940,18940,18940	2	17	24771,5747,0,0,0,0,0	151	10368
171464	639	1241	693	333	328	77	43	5	3136	256	531	506	335	3	143	6757	1107	2247	83,0,0,0,0,0	29558	827	460	31143	524	0	32908,30793,30669,19346,19346,19346,19346	2	21	24817,6161,0,0,0,0,0	167	11098
171174	715	1255	707	347	354	89	45	5	3262	260	533	509	234	8	118	7558	1192	2320	84,0,0,0,0,0	29948	796	483	31607	545	0	33584,31476,31340,19813,19813,19813,19813	2	21	24875,6584,0,0,0,0,0	173	11796
170911	716	1354	718	360	362	90	43	7	3384	263	538	510	246	3	122	7738	1226	2417	85,0,0,0,0,0	30504	815	462	32062	560	0	34235,32135,31986,20260,20260,20260,20260	2	21	24926,6999,0,0,0,0,0	182	12504
170622	748	1398	729	403	389	96	43	6	3500	270	542	511	248	4	107	7845	1269	2537	86,0,0,0,0,0	30755	742	501	32546	580	0	34922,32831,32669,20740,20740,20740,20740	2	23	24978,7448,0,0,0,0,0	175	13124
170332	775	1452	773	406	429	96	45	7	3613	272	546	499	256	5	130	8228	1342	2634	86,0,0,0,0,0	31146	777	510	33037	601	0	35608,33527,33351,21222,21222,21222,21222	2	23	25030,7902,0,0,0,0,0	179	13784
170057	784	1440	813	404	443	104	41	10	3825	276	549	493	311	8	125	8090	1330	2699	87,0,0,0,0,0	42360	776	467	33487	622	0	36271,34198,34010,21680,21680,21680,21680	2	13	25074,8321,0,0,0,0,0	183	14442
169822	763	1516	842	395	431	113	49	14	3974	276	551	469	328	7	136	7928	1390	2719	88,0,0,0,0,0	42030	864	470	33946	635	0	37001,34939,34735,22149,22149,22149,22149	2	25	25114,8750,0,0,0,0,0	191	15182
169532	746	1541	864	435	455	120	55	14	4153	276	555	469	291	4	137	8468	1463	2753	89,0,0,0,0,0	47036	895	497	34427	656	0	37747,35699,35479,22657,22657,22657,22657	2	22	25151,9210,0,0,0,0,0	206	15936
169319	755	1563	915	457	433	127	59	16	4263	279	560	475	268	4	145	9032	1530	2779	89,0,0,0,0,0	47385	855	490	34895	681	0	38459,36425,36185,23107,23107,23107,23107	2	29	25192,9654,0,0,0,0,0	220	16686
169065	734	1598	950	482	468	131	59	16	4396	283	564	471	333	2	134	9523	1586	2836	90,0,0,0,0,0	48001	870	484	35367	697	0	39174,37154,36897,23577,23577,23577,23577	3	31	25223,10106,0,0,0,0,0	227	17415
168829	757	1613	960	479	512	131	62	14	4537	286	566	445	256	11	141	9624	1599	2915	90,0,0,0,0,0	48322	933	513	35865	715	0	39879,37876,37598,24037,24037,24037,24037	3	31	25255,10587,0,0,0,0,0	228	18172
168631	740	1567	992	479	541	133	65	14	4726	289	569	451	267	5	173	9503	1665	2852	90,0,0,0,0,0	48564	828	459	36310	732	0	40556,38572,38272,24463,24463,24463,24463	3	23	25289,11013,0,0,0,0,0	242	18865
168557	657	1559	978	488	543	127	66	15	4890	294	572	404	248	9	150	9660	1674	2744	91,0,0,0,0,0	71833	877	374	36668	751	0	41134,39170,38846,24781,24781,24781,24781	2	18	25311,11364,0,0,0,0,0	248	19595
168481	593	1492	1007	498	522	120	67	12	5084	296	574	403	331	8	139	9918	1650	2649	92,0,0,0,0,0	72499	632	368	37019	768	0	41772,39828,39482,25134,25134,25134,25134	2	26	25325,11712,0,0,0,0,0	240	20107
168298	630	1439	997	490	521	116	76	13	5293	296	577	407	308	6	172	10139	1666	2603	92,0,0,0,0,0	48614	653	459	37465	784	0	42520,40596,40229,25590,25590,25590,25590	2	26	25353,12141,0,0,0,0,0	234	20645
168209	661	1426	977	476	518	123	84	13	5385	296	578	412	264	1	168	10658	1712	2553	93,0,0,0,0,0	49165	666	429	37869	811	0	43205,41307,40913,25974,25974,25974,25974	2	16	25371,12545,0,0,0,0,0	232	21171
168120	624	1460	977	454	503	134	81	19	5494	298	582	419	278	6	127	10667	1648	2585	93,0,0,0,0,0	49196	599	419	38267	837	0	43875,41999,41580,26346,26346,26346,26346	2	29	25389,12942,0,0,0,0,0	238	21644
168009	662	1397	1019	437	506	135	84	18	5590	303	586	366	339	5	137	10447	1568	2672	93,0,0,0,0,0	49165	618	463	38700	868	0	44600,42751,42304,26759,26759,26759,26759	2	20	25417,13366,0,0,0,0,0	248	22147
167915	673	1374	1007	459	479	134	82	17	5710	309	587	369	290	8	133	9721	1547	2661	93,0,0,0,0,0	48677	636	417	39091	898	0	45254,43428,42957,27128,27128,27128,27128	3	28	25438,13757,0,0,0,0,0	243	22640
167907	605	1358	953	444	472	135	82	18	5868	311	593	397	304	5	120	9731	1476	2573	93,0,0,0,0,0	72104	664	335	39410	918	0	45861,44063,43564,27434,27434,27434,27434	2	17	25455,14076,0,0,0,0,0	249	23181
167931	589	1246	955	434	481	132	82	19	5967	315	595	372	305	2	124	9479	1435	2484	94,0,0,0,0,0	71960	873	329	39727	933	0	46434,44665,44140,27726,27726,27726,27726	2	14	25465,14389,0,0,0,0,0	235	23898
167878	582	1218	926	426	461	138	79	20	6102	320	596	382	297	2	153	9045	1423	2407	94,0,0,0,0,0	48023	906	364	40069	955	0	47043,45306,44756,28073,28073,28073,28073	2	13	25477,14731,0,0,0,0,0	229	24612
167966	575	1180	887	425	465	135	78	22	6093	323	597	364	260	7	150	9068	1421	2324	94,0,0,0,0,0	47892	903	354	40400	979	0	47676,45972,45386,28328,28328,28328,28328	2	14	25488,15063,0,0,0,0,0	232	25365
167953	557	1187	841	394	463	139	79	23	6180	331	599	388	306	6	130	8880	1373	2287	95,0,0,0,0,0	47645	927	368	40751	997	0	48304,46629,46013,28627,28627,28627,28627	2	25	25500,15414,0,0,0,0,0	226	26111
167984	533	1202	800	392	426	134	78	22	6237	337	601	383	265	1	129	8581	1340	2225	95,0,0,0,0,0	47502	930	334	41070	1013	0	48923,47276,46630,28897,28897,28897,28897	2	27	25513,15730,0,0,0,0,0	234	26860
167961	555	1181	803	395	402	128	73	23	6278	343	604	363	291	3	117	8068	1302	2235	95,0,0,0,0,0	47299	873	377	41423	1037	0	49582,47963,47287,29216,29216,29216,29216	2	19	25523,16092,0,0,0,0,0	228	27568
168042	527	1120	781	416	388	127	70	25	6297	347	606	397	266	5	101	7833	1230	2199	95,0,0,0,0,0	71147	857	304	41715	1050	0	50190,48600,47893,29460,29460,29460,29460	2	9	25533,16381,0,0,0,0,0	227	28276
168168	484	1086	763	399	373	120	69	26	6296	352	610	410	217	4	91	7611	1143	2151	95,0,0,0,0,0	70757	1100	261	41958	1070	0	50894,49334,48595,29722,29722,29722,29722	2	17	25542,16629,0,0,0,0,0	215	29190
168239	463	1034	770	383	393	123	64	19	6284	360	614	403	245	5	112	7869	1109	2121	96,0,0,0,0,0	46861	1015	305	42248	1086	0	51633,50104,49334,30030,30030,30030,30030	2	8	25553,16917,0,0,0,0,0	206	29986
168281	476	1016	762	370	367	126	63	20	6285	364	616	395	331	5	126	7610	1094	2086	96,0,0,0,0,0	46984	1058	339	42568	1106	0	52398,50901,50099,30361,30361,30361,30361	2	20	25563,17243,0,0,0,0,0	213	30826
168389	435	1049	717	352	354	117	63	21	6263	366	620	407	268	1	108	7459	1047	2040	96,0,0,0,0,0	46770	1095	303	42853	1124	0	53140,51676,50839,30650,30650,30650,30650	2	16	25574,17531,0,0,0,0,0	211	31707
168475	436	1037	678	333	341	112	63	21	6256	370	624	429	262	5	110	7448	1010	1990	96,0,0,0,0,0	46650	1076	296	43136	1140	0	53853,52423,51553,30937,30937,30937,30937	2	12	25579,17823,0,0,0,0,0	196	32558
168595	443	1021	642	327	335	109	63	21	6190	374	626	431	298	4	103	7149	995	1945	96,0,0,0,0,0	46694	1060	280	43404	1155	0	54543,53146,52242,31196,31196,31196,31196	1	12	25587,18096,0,0,0,0,0	198	33391
168772	391	953	642	331	320	105	59	21	6146	377	629	429	253	5	88	6730	941	1860	96,0,0,0,0,0	70260	1088	199	43589	1170	0	55150,53781,52847,31385,31385,31385,31385	1	10	25592,18286,0,0,0,0,0	198	34251
168958	355	919	627	319	320	97	53	20	6060	385	633	454	297	4	101	6125	915	1775	96,0,0,0,0,0	69905	1422	217	43790	1186	0	55871,54538,53569,31619,31619,31619,31619	1	16	25594,18496,0,0,0,0,0	193	35381
169111	367	878	617	302	298	102	53	16	5978	388	636	441	273	5	110	6552	921	1696	97,0,0,0,0,0	45908	1375	253	44028	1202	0	56605,55307,54303,31873,31873,31873,31873	1	8	25598,18740,0,0,0,0,0	183	36499
169254	356	841	609	278	281	96	49	15	5930	397	640	443	266	4	87	6546	852	1658	97,0,0,0,0,0	45850	1408	234	44252	1212	0	57327,56062,55025,32119,32119,32119,32119	1	8	25605,18967,0,0,0,0,0	178	37592
169385	359	808	619	285	274	93	46	15	5823	398	641	462	232	3	88	6010	838	1646	97,0,0,0,0,0	45727	1342	249	44495	1219	0	58077,56846,55776,32392,32392,32392,32392	1	9	25610,19208,0,0,0,0,0	177	38609
169510	382	786	611	273	255	92	47	17	5727	399	647	446	263	1	72	5830	765	1681	97,0,0,0,0,0	37259	1395	259	44740	1233	0	58837,57641,56539,32678,32678,32678,32678	1	13	25615,19457,0,0,0,0,0	166	39693
169604	400	786	559	265	271	87	44	17	5660	402	651	425	242	9	85	5947	751	1661	97,0,0,0,0,0	37367	1381	273	44995	1252	0	59558,58394,57261,32957,32957,32957,32957	1	21	25622,19715,0,0,0,0,0	156	40756
169778	387	770	541	271	251	80	43	15	5549	408	653	434	261	5	58	6037	713	1630	97,0,0,0,0,0	40033	1308	203	45189	1262	0	60252,59119,57955,33183,33183,33183,33183	1	8	25624,19916,0,0,0,0,0	151	41777
169950	360	772	528	248	241	84	44	15	5438	410	656	438	264	5	80	5523	695	1582	98,0,0,0,0,0	39556	1098	198	45371	1278	0	60951,59849,58653,33400,33400,33400,33400	1	12	25628,20105,0,0,0,0,0	160	42629
170121	331	791	520	240	236	86	41	17	5293	413	657	457	256	4	91	5388	714	1531	97,0,0,0,0,0	37285	1089	218	45580	1287	0	61678,60608,59380,33629,33629,33629,33629	1	9	25632,20318,0,0,0,0,0	156	43459
170280	325	756	522	253	230	87	42	16	5162	416	657	462	325	6	77	5285	698	1517	97,0,0,0,0,0	36761	1103	206	45775	1299	0	62371,61333,60074,33849,33849,33849,33849	1	13	25635,20518,0,0,0,0,0	156	44299
170407	327	718	533	247	232	79	42	14	5067	419	661	455	271	8	86	4919	707	1471	98,0,0,0,0,0	36285	1144	206	45970	1311	0	63031,62022,60735,34065,34065,34065,34065	1	11	25640,20716,0,0,0,0,0	147	45127
170565	346	708	505	232	225	78	43	16	4944	421	663	470	219	3	72	4477	675	1462	98,0,0,0,0,0	36680	1067	211	46170	1323	0	63722,62745,61426,34280,34280,34280,34280	1	11	25643,20920,0,0,0,0,0	145	45883
170718	333	684	519	207	225	73	41	15	4839	424	668	456	233	6	67	4486	646	1436	97,0,0,0,0,0	35841	1042	189	46345	1337	0	64404,63457,62109,34497,34497,34497,34497	1	11	25647,21099,0,0,0,0,0	130	46651
170884	294	673	501	205	207	72	39	13	4759	428	671	486	244	4	61	4320	616	1375	97,0,0,0,0,0	38275	1083	156	46488	1350	0	65041,64122,62747,34684,34684,34684,34684	1	11	25649,21247,0,0,0,0,0	120	47456
171046	271	619	486	199	203	66	40	15	4700	429	672	473	245	5	51	4144	557	1327	98,0,0,0,0,0	38475	925	149	46630	1359	0	65673,64781,63380,34860,34860,34860,34860	1	5	25650,21395,0,0,0,0,0	124	48131
171188	263	604	460	185	205	61	37	14	4621	433	675	509	253	1	78	3679	555	1260	98,0,0,0,0,0	29305	933	170	46791	1368	0	66318,65455,64028,35055,35055,35055,35055	1	7	25653,21558,0,0,0,0,0	117	48822
171335	271	565	468	178	224	60	32	16	4480	438	679	493	236	3	52	3648	537	1261	98,0,0,0,0,0	28714	926	173	46955	1379	0	66978,66146,64692,35249,35249,35249,35249	1	7	25653,21731,0,0,0,0,0	100	49490
171509	274	542	456	169	215	56	31	16	4357	440	681	476	318	3	60	3388	506	1237	98,0,0,0,0,0	28551	881	151	47099	1386	0	67615,66814,65332,35425,35425,35425,35425	1	8	25654,21880,0,0,0,0,0	102	50130
171682	272	539	431	158	200	48	33	15	4243	440	685	474	337	4	63	3642	502	1179	98,0,0,0,0,0	28459	922	157	47250	1392	0	68246,67475,65965,35593,35593,35593,35593	1	9	25658,22031,0,0,0,0,0	96	50794
171811	275	534	418	158	189	45	32	12	4144	441	687	502	242	4	50	3570	463	1188	98,0,0,0,0,0	23400	893	158	47398	1402	0	68849,68106,66572,35769,35769,35769,35769	1	10	25658,22186,0,0,0,0,0	92	51405
171966	242	539	399	143	176	41	31	11	4064	443	691	488	248	1	50	3259	436	1135	98,0,0,0,0,0	29777	897	128	47517	1411	0	69440,68722,67165,35925,35925,35925,35925	1	5	25659,22312,0,0,0,0,0	81	52046
172112	232	509	401	141	171	39	31	11	3957	444	698	474	273	0	45	3187	422	1102	98,0,0,0,0,0	29432	1203	129	47643	1415	0	70057,69366,67786,36091,36091,36091,36091	1	9	25661,22439,0,0,0,0,0	77	52913
172259	223	479	414	133	154	44	29	12	3853	446	700	503	256	2	48	3109	390	1086	99,0,0,0,0,0	23057	1176	129	47761	1426	0	70633,69970,68367,36240,36240,36240,36240	1	7	25661,22565,0,0,0,0,0	73	53774
172408	190	478	370	133	137	40	29	12	3798	448	703	477	235	3	53	3038	379	998	99,0,0,0,0,0	22718	1267	107	47864	1431	0	71204,70567,68943,36379,36379,36379,36379	1	4	25661,22672,0,0,0,0,0	72	54709
172529	175	461	359	131	123	38	31	12	3731	449	707	481	240	3	47	3295	361	957	99,0,0,0,0,0	23049	1256	118	47969	1444	0	71784,71171,69528,36538,36538,36538,36538	1	9	25662,22788,0,0,0,0,0	74	55634
172684	169	430	371	132	116	39	30	12	3603	451	709	474	241	3	44	3122	343	944	99,0,0,0,0,0	22874	1232	117	48081	1449	0	72363,71778,70113,36684,36684,36684,36684	1	4	25662,22904,0,0,0,0,0	75	56553
172857	154	386	355	127	122	37	28	11	3503	452	714	479	333	3	43	3244	335	874	99,0,0,0,0,0	22823	1253	85	48160	1455	0	72893,72334,70649,36798,36798,36798,36798	0	8	25662,22988,0,0,0,0,0	80	57521
173010	131	375	348	120	112	35	24	11	3410	454	716	475	238	0	37	3401	328	817	99,0,0,0,0,0	27843	1203	84	48237	1462	0	73440,72902,71200,36932,36932,36932,36932	0	2	25662,23068,0,0,0,0,0	74	58415
173159	127	338	350	116	105	36	21	12	3308	457	717	489	258	0	41	3057	318	775	99,0,0,0,0,0	27462	576	83	48315	1467	0	74171,73658,71939,37157,37157,37157,37157	0	7	25663,23147,0,0,0,0,0	68	58827
173340	107	309	334	115	97	35	22	11	3196	457	723	504	217	0	40	3289	323	696	99,0,0,0,0,0	21947	542	60	48369	1474	0	74865,74376,72640,37341,37341,37341,37341	0	2	25663,23204,0,0,0,0,0	66	59235
173522	116	265	348	103	101	33	18	12	3041	459	728	503	263	2	29	3177	301	683	99,0,0,0,0,0	22017	594	76	48441	1478	0	75588,75126,73372,37549,37549,37549,37549	0	6	25663,23279,0,0,0,0,0	60	59670
173663	112	244	310	99	86	30	16	11	2982	461	732	497	218	0	23	3036	263	634	99,0,0,0,0,0	22043	581	60	48494	1485	0	76281,75842,74074,37759,37759,37759,37759	0	5	25663,23338,0,0,0,0,0	56	60099
173822	118	237	272	91	79	28	15	10	2879	462	733	503	227	2	27	3070	246	594	99,0,0,0,0,0	21479	605	74	48563	1490	0	77009,76594,74809,37974,37974,37974,37974	0	1	25663,23409,0,0,0,0,0	50	60548
173975	104	230	247	74	72	26	15	10	2796	462	735	493	230	1	17	2630	216	552	99,0,0,0,0,0	21597	641	45	48604	1494	0	77729,77335,75537,38187,38187,38187,38187	0	0	25663,23454,0,0,0,0,0	52	61025
174123	95	213	235	73	71	21	12	8	2690	465	740	489	230	1	10	2545	185	535	99,0,0,0,0,0	26959	567	57	48654	1501	0	78409,78035,76224,38383,38383,38383,38383	0	4	25663,23507,0,0,0,0,0	41	61463
174273	76	210	202	67	60	19	11	6	2612	466	744	510	235	0	21	2215	156	489	99,0,0,0,0,0	26889	877	39	48693	1501	0	78825,78471,76646,38425,38425,38425,38425	0	1	25663,23546,0,0,0,0,0	37	62123
174410	72	193	208	64	61	18	12	4	2489	467	748	501	245	0	23	1727	151	477	99,0,0,0,0,0	15894	801	52	48736	1510	0	79232,78898,77060,38470,38470,38470,38470	0	2	25663,23593,0,0,0,0,0	38	62721
174524	87	164	204	61	61	18	9	3	2393	470	752	507	251	0	22	1771	148	456	99,0,0,0,0,0	15415	856	52	48788	1511	0	79667,79351,77501,38535,38535,38535,38535	0	2	25664,23645,0,0,0,0,0	35	63347
174645	78	158	189	63	56	20	9	3	2300	470	755	502	238	1	19	1479	138	435	99,0,0,0,0,0	15621	811	49	48836	1513	0	80094,79794,77935,38606,38606,38606,38606	0	1	25664,23695,0,0,0,0,0	35	63947
174777	76	151	170	57	54	19	6	4	2201	472	759	508	240	0	21	1361	131	402	99,0,0,0,0,0	14986	827	46	48882	1514	0	80503,80220,78351,38658,38658,38658,38658	0	3	25664,23742,0,0,0,0,0	33	64540
174890	74	154	156	42	50	20	5	2	2117	473	763	507	243	1	21	1297	137	364	99,0,0,0,0,0	15111	817	47	48927	1516	0	80921,80653,78775,38722,38722,38722,38722	0	3	25664,23789,0,0,0,0,0	30	65134
175017	64	158	139	36	44	18	5	1	2022	474	768	506	240	0	13	1318	122	342	99,0,0,0,0,0	25811	790	29	48953	1519	0	81319,81066,79178,38772,38772,38772,38772	0	1	25664,23818,0,0,0,0,0	28	65730
175122	57	145	142	38	45	14	5	1	1932	474	771	524	95	0	12	1028	113	333	99,0,0,0,0,0	25940	1063	31	48984	1519	0	81752,81511,79617,38837,38837,38837,38837	0	0	25664,23849,0,0,0,0,0	26	66533
175228	43	144	126	43	45	14	4	1	1849	475	774	512	249	0	11	1027	110	309	99,0,0,0,0,0	14612	1029	34	49015	1522	0	82171,81944,80042,38891,38891,38891,38891	0	2	25664,23881,0,0,0,0,0	27	67346
175327	43	131	123	37	45	11	5	1	1772	475	776	504	238	0	20	1127	110	285	100,0,0,0,0,0	14663	1079	33	49045	1525	0	82591,82376,80467,38945,38945,38945,38945	0	2	25664,23913,0,0,0,0,0	26	68152
175437	50	106	118	45	42	9	6	1	1676	475	781	497	313	0	12	1130	101	275	100,0,0,0,0,0	14811	1033	33	49077	1526	0	82993,82790,80873,38987,38987,38987,38987	0	4	25664,23945,0,0,0,0,0	26	68926
175534	51	107	110	41	36	10	6	0	1593	475	783	518	95	0	15	1003	98	263	100,0,0,0,0,0	14819	1009	38	49114	1527	0	83402,83211,81288,39042,39042,39042,39042	0	1	25664,23982,0,0,0,0,0	26	69671
175622	51	110	105	33	33	9	6	0	1514	475	788	524	97	0	11	1167	87	260	100,0,0,0,0,0	14754	999	32	49142	1531	0	83798,83618,81690,39101,39101,39101,39101	0	1	25664,24013,0,0,0,0,0	27	70415
175715	48	100	98	29	34	10	5	1	1439	475	792	520	108	1	7	1143	78	246	100,0,0,0,0,0	20590	1045	26	49167	1532	0	84201,84032,82099,39156,39156,39156,39156	0	2	25664,24039,0,0,0,0,0	23	71231
175799	44	93	90	34	29	9	5	1	1374	475	793	532	101	0	15	1172	79	225	100,0,0,0,0,0	20348	373	25	49191	1533	0	84758,84599,82663,39294,39294,39294,39294	0	2	25664,24063,0,0,0,0,0	22	71507
175896	48	86	86	30	24	10	6	1	1285	475	799	520	81	1	11	1184	79	211	100,0,0,0,0,0	12012	341	24	49214	1535	0	85317,85172,83230,39424,39424,39424,39424	0	0	25664,24087,0,0,0,0,0	22	71766
175967	44	86	85	27	22	9	6	1	1220	475	804	521	235	0	7	1218	78	201	100,0,0,0,0,0	11804	346	19	49234	1535	0	85895,85760,83817,39573,39573,39573,39573	0	0	25664,24107,0,0,0,0,0	24	72012
176048	47	86	86	24	19	7	5	0	1140	476	808	542	141	0	9	1258	76	198	100,0,0,0,0,0	12092	349	25	49256	1539	0	86461,86337,84391,39715,39715,39715,39715	0	2	25664,24131,0,0,0,0,0	21	72258
176120	48	76	87	22	22	6	5	0	1071	476	813	522	87	0	6	1255	69	197	100,0,0,0,0,0	11997	373	24	49279	1540	0	87017,86903,84954,39849,39849,39849,39849	0	2	25664,24154,0,0,0,0,0	14	72510
176164	45	81	84	19	23	6	6	0	1027	476	815	507	91	0	5	1096	72	192	100,0,0,0,0,0	12069	354	25	49304	1541	0	87588,87481,85533,40002,40002,40002,40002	0	0	25664,24179,0,0,0,0,0	13	72773
176228	39	79	80	23	18	6	7	0	971	476	819	524	257	0	3	1013	64	188	100,0,0,0,0,0	20367	338	18	49322	1541	0	88159,88059,86110,40152,40152,40152,40152	0	0	25664,24197,0,0,0,0,0	17	73014
176287	42	67	81	19	13	5	8	0	923	477	824	540	95	0	3	886	59	176	100,0,0,0,0,0	20175	308	15	49337	1541	0	88330,88239,86286,40076,40076,40076,40076	0	2	25664,24212,0,0,0,0,0	13	73241
176332	33	66	76	21	14	5	7	0	884	478	830	539	85	0	7	784	50	172	100,0,0,0,0,0	11701	306	11	49348	1541	0	88485,88399,86444,39989,39989,39989,39989	0	0	25664,24223,0,0,0,0,0	14	73467
176389	32	68	72	17	12	5	7	0	832	478	834	546	326	0	8	747	51	162	100,0,0,0,0,0	11517	346	21	49368	1542	0	88649,88570,86611,39904,39904,39904,39904	0	1	25664,24244,0,0,0,0,0	12	73717
176437	32	58	72	12	11	5	7	0	797	479	836	516	253	0	5	596	36	161	100,0,0,0,0,0	11508	295	14	49380	1544	0	88807,88734,86774,39822,39822,39822,39822	0	0	25664,24258,0,0,0,0,0	13	73923
176482	26	59	72	10	11	5	7	1	754	479	840	527	84	1	1	544	32	158	100,0,0,0,0,0	11331	316	16	49395	1545	0	88978,88909,86947,39744,39744,39744,39744	0	0	25664,24273,0,0,0,0,0	12	74158
176528	31	62	60	14	12	3	6	1	706	480	843	563	82	2	5	431	37	151	100,0,0,0,0,0	11217	334	23	49418	1546	0	89169,89106,87142,39683,39683,39683,39683	0	0	25664,24297,0,0,0,0,0	9	74411
176578	29	48	65	16	14	3	6	1	657	480	849	563	88	0	5	412	37	144	100,0,0,0,0,0	19924	352	11	49428	1547	0	89326,89269,87303,39598,39598,39598,39598	0	0	25664,24308,0,0,0,0,0	9	74671
176589	26	53	64	15	15	3	7	1	639	480	854	567	90	0	5	496	41	142	100,0,0,0,0,0	19980	165	19	49444	1550	0	89569,89517,87552,39583,39583,39583,39583	0	0	25664,24325,0,0,0,0,0	9	74781
176631	21	53	57	11	11	4	7	0	614	481	856	599	107	0	4	510	40	124	100,0,0,0,0,0	11249	181	10	49454	1550	0	89779,89731,87766,39533,39533,39533,39533	0	0	25664,24335,0,0,0,0,0	9	74904
