S	E	I1	I2	I3	I4	I5_h	I6_h	R_h	R	D1	D2	H	T	P1	P2	Q	QT	NQ	MUT	HOM	VAC	NI	INF	REINF	BSTR	IMM	HCI	HCE	INFV	INFH	VNI
178110	105	120	44	54	42	4	2	0	263	2	0	223	0	0	0	57	57	314	0,0,0,0,0,0	178744	0	0	371	0	0	636,636,636,636,636,636,636	0	0	0,0,0,0,0,0,0	0	0
178074	71	158	46	54	39	5	4	0	290	2	3	357	329	0	78	115	62	315	0,0,0,0,0,0	12488	0	37	410	0	0	672,672,672,672,672,672,672	0	2	39,0,0,0,0,0,0	6	0
178026	77	179	56	49	44	6	3	0	297	3	6	436	315	0	20	231	75	339	0,0,0,0,0,0	12851	0	67	477	0	0	722,722,722,722,722,722,722	0	6	106,0,0,0,0,0,0	9	0
177979	77	191	59	47	46	8	3	0	322	3	11	523	321	0	16	331	89	342	0,0,0,0,0,0	12898	0	56	534	0	0	771,771,771,771,771,771,771	0	2	163,0,0,0,0,0,0	14	0
177926	88	199	71	50	40	8	6	0	342	3	13	569	261	0	13	436	90	372	0,0,0,0,0,0	25220	0	71	605	0	0	826,826,826,826,826,826,826	0	6	234,0,0,0,0,0,0	16	0
177855	109	204	94	50	52	9	6	0	346	3	18	639	292	0	18	641	127	397	0,0,0,0,0,0	25323	0	82	688	0	0	898,898,898,898,898,898,898	0	2	317,0,0,0,0,0,0	22	0
177789	119	231	99	52	49	10	7	0	369	3	18	678	252	2	18	797	155	412	0,0,0,0,0,0	13612	0	92	782	0	0	971,971,971,971,971,971,971	0	6	411,0,0,0,0,0,0	23	0
177727	135	232	100	66	50	10	7	0	392	3	24	675	94	0	15	874	182	418	0,0,0,0,0,0	13731	0	78	860	0	0	1036,1036,1036,1036,1036,1036,1036	0	6	489,0,0,0,0,0,0	24	0
177675	135	242	121	70	54	9	7	1	402	3	27	668	244	1	17	1040	203	435	0,0,0,0,0,0	13764	0	79	938	1	0	1095,1095,1095,1094,1094,1094,1094	0	7	568,0,0,0,0,0,0	26	0
177617	130	237	126	71	70	10	9	1	441	3	31	675	237	2	21	1242	216	437	0,0,0,0,0,0	13996	0	68	1005	2	0	1158,1158,1158,1157,1157,1157,1157	0	6	636,0,0,0,0,0,0	25	0
177564	132	237	130	72	81	10	11	1	473	3	32	686	94	0	21	1282	223	450	0,0,0,0,0,0	14087	0	79	1083	3	0	1219,1219,1219,1217,1217,1217,1217	0	8	715,0,0,0,0,0,0	26	0
177512	134	246	147	65	67	11	12	1	511	4	36	677	325	2	26	1311	236	446	0,0,0,0,0,0	25959	0	80	1160	6	0	1283,1282,1282,1277,1277,1277,1277	0	3	795,0,0,0,0,0,0	28	0
177455	130	268	143	66	64	14	14	1	549	4	38	697	108	2	16	1323	238	461	0,0,0,0,0,0	26168	0	82	1238	10	0	1353,1351,1351,1343,1343,1343,1343	0	1	877,0,0,0,0,0,0	28	0
177391	123	279	152	69	68	17	14	1	585	4	43	696	265	0	14	1423	237	485	0,0,0,0,0,0	14613	0	88	1325	12	0	1431,1428,1428,1417,1417,1417,1417	0	11	966,0,0,0,0,0,0	36	0
177342	122	283	166	71	65	20	16	1	609	5	46	689	233	1	22	1363	252	491	0,0,0,0,0,0	14351	0	83	1407	13	0	1496,1492,1492,1478,1478,1478,1478	0	7	1049,0,0,0,0,0,0	37	0
177272	134	267	167	80	77	21	18	1	650	5	54	695	237	0	29	1481	257	507	0,0,0,0,0,0	14427	0	93	1498	15	0	1581,1576,1576,1558,1558,1558,1558	0	13	1141,0,0,0,0,0,0	45	0
177194	137	282	184	80	85	24	16	2	674	7	61	707	100	1	32	1515	280	528	0,0,0,0,0,0	14389	0	108	1608	15	0	1683,1676,1676,1651,1651,1651,1651	1	8	1251,0,0,0,0,0,0	49	0
177120	162	285	199	77	70	25	14	3	716	8	67	722	108	0	32	1603	304	528	0,0,0,0,0,0	14404	0	107	1716	16	0	1785,1775,1775,1742,1742,1742,1742	1	14	1360,0,0,0,0,0,0	54	0
177078	167	278	209	71	81	24	13	3	746	9	67	710	308	1	19	1594	279	564	0,0,0,0,0,0	26188	0	87	1801	19	0	1858,1846,1846,1804,1804,1804,1804	1	5	1447,0,0,0,0,0,0	52	0
177013	159	288	215	78	81	23	13	3	792	9	72	707	265	1	18	1605	266	591	0,0,0,0,0,0	26328	0	97	1895	22	0	1948,1934,1934,1884,1884,1884,1884	1	4	1544,0,0,0,0,0,0	47	0
176939	167	323	210	81	89	21	14	3	815	9	75	710	252	2	31	1804	276	629	0,0,0,0,0,0	14612	0	125	2019	23	0	2063,2045,2045,1982,1982,1982,1982	1	15	1669,0,0,0,0,0,0	48	0
176843	203	323	218	80	106	24	13	4	841	10	81	707	252	1	26	1816	291	676	0,0,0,0,0,0	14779	0	141	2158	25	0	2195,2174,2174,2099,2099,2099,2099	1	16	1809,0,0,0,0,0,0	50	0
176744	207	349	224	90	108	24	14	4	888	11	83	693	265	3	39	1776	303	713	0,0,0,0,0,0	14742	0	143	2301	25	0	2329,2305,2305,2218,2218,2218,2218	1	11	1952,0,0,0,0,0,0	52	0
176648	215	360	231	92	121	24	14	2	939	13	87	691	252	0	35	2341	328	729	0,0,0,0,0,0	14928	0	134	2435	25	0	2457,2430,2430,2333,2333,2333,2333	1	12	2086,0,0,0,0,0,0	57	0
176568	215	405	218	92	122	29	11	4	977	16	89	718	235	2	42	2380	350	742	0,0,0,0,0,0	15252	0	143	2576	27	0	2588,2556,2556,2442,2442,2442,2442	1	15	2228,0,0,0,0,0,0	53	0
176481	211	429	235	98	117	33	13	2	1018	16	93	711	82	0	34	2510	367	769	0,0,0,0,0,0	27094	0	139	2714	30	0	2718,2682,2682,2553,2553,2553,2553	1	14	2367,0,0,0,0,0,0	66	0
176399	193	451	247	120	109	31	13	2	1069	17	95	679	257	2	43	2474	367	797	0,0,0,0,0,0	27012	0	140	2855	31	0	2848,2807,2807,2660,2660,2660,2660	1	13	2508,0,0,0,0,0,0	67	0
176249	217	479	271	123	120	33	14	2	1122	18	98	665	245	1	40	2552	378	879	0,0,0,0,0,0	15410	0	193	3047	33	0	3036,2991,2991,2830,2830,2830,2830	1	17	2701,0,0,0,0,0,0	69	0
176133	243	483	283	115	121	33	15	2	1195	19	104	671	277	4	40	2749	397	896	0,0,0,0,0,0	15543	0	164	3211	33	0	3196,3147,3147,2969,2969,2969,2969	1	19	2865,0,0,0,0,0,0	70	0
176011	266	475	296	132	122	33	15	3	1263	20	110	666	267	3	40	2787	401	938	0,0,0,0,0,0	15794	0	186	3396	34	0	3381,3325,3325,3124,3124,3124,3124	2	24	3051,0,0,0,0,0,0	75	0
175904	256	501	306	137	119	37	16	3	1332	21	114	669	307	5	54	2976	416	956	0,0,0,0,0,0	15757	0	166	3563	34	0	3543,3481,3481,3260,3260,3260,3260	2	17	3218,0,0,0,0,0,0	68	0
175766	276	543	315	139	123	34	17	4	1391	21	117	670	262	4	48	3234	440	1007	0,0,0,0,0,0	15906	0	202	3768	35	0	3741,3673,3673,3430,3430,3430,3430	2	20	3423,0,0,0,0,0,0	75	0
175671	289	543	325	149	114	34	14	6	1456	22	123	677	257	4	47	3126	460	1008	0,0,0,0,0,0	27720	0	168	3935	37	0	3905,3830,3830,3562,3562,3562,3562	2	7	3592,0,0,0,0,0,0	73	0
175563	287	549	325	144	127	36	14	6	1545	22	128	657	105	1	42	2941	452	1030	0,0,0,0,0,0	27708	0	166	4100	39	0	4070,3989,3989,3699,3699,3699,3699	2	14	3757,0,0,0,0,0,0	75	0
175433	290	569	343	159	137	36	18	6	1599	23	133	679	254	1	48	3233	481	1071	0,0,0,0,0,0	16422	0	197	4297	40	0	4264,4176,4176,3863,3863,3863,3863	2	21	3955,0,0,0,0,0,0	79	0
175311	298	580	363	165	143	40	19	5	1664	23	135	661	104	2	45	3445	484	1124	0,0,0,0,0,0	16042	0	208	4504	42	0	4461,4366,4366,4024,4024,4024,4024	2	24	4162,0,0,0,0,0,0	90	0
175191	312	585	379	172	141	38	24	4	1735	23	142	654	95	1	53	3598	498	1153	0,0,0,0,0,0	16359	0	210	4714	43	0	4666,4562,4562,4189,4189,4189,4189	2	20	4373,0,0,0,0,0,0	85	0
175065	324	631	366	178	156	36	25	4	1791	24	146	611	282	1	55	3976	510	1206	0,0,0,0,0,0	16677	0	226	4940	45	0	4885,4771,4771,4363,4363,4363,4363	2	25	4600,0,0,0,0,0,0	91	0
174932	340	686	367	167	164	37	30	5	1845	24	149	645	240	1	59	4056	539	1252	0,0,0,0,0,0	16913	0	256	5196	46	0	5133,5007,5007,4555,4555,4555,4555	2	22	4856,0,0,0,0,0,0	89	0
174816	343	691	385	188	167	35	30	5	1905	27	154	613	291	5	50	4127	541	1298	0,0,0,0,0,0	28339	0	213	5409	48	0	5338,5203,5203,4717,4717,4717,4717	3	14	5069,0,0,0,0,0,0	94	0
174690	333	689	433	194	194	29	29	6	1963	28	158	611	234	1	63	4308	598	1303	0,0,0,0,0,0	28930	0	223	5632	49	0	5555,5410,5410,4890,4890,4890,4890	3	14	5292,0,0,0,0,0,0	83	0
174546	349	724	420	202	195	33	28	5	2054	30	160	576	270	1	69	4802	616	1335	0,0,0,0,0,0	17884	0	259	5891	49	0	5805,5650,5650,5089,5089,5089,5089	3	18	5551,0,0,0,0,0,0	82	0
174413	369	732	429	207	203	34	29	6	2129	32	163	566	310	2	71	4833	623	1380	0,0,0,0,0,0	17644	0	256	6147	51	0	6048,5881,5881,5277,5277,5277,5277	3	24	5807,0,0,0,0,0,0	88	0
174257	394	745	439	221	211	41	32	7	2201	32	166	554	268	3	64	5502	661	1422	0,0,0,0,0,0	18256	0	281	6429	53	0	6321,6141,6141,5493,5493,5493,5493	3	23	6089,0,0,0,0,0,0	93	0
174117	414	789	448	213	220	41	37	6	2260	32	169	548	351	1	71	5647	674	1488	0,0,0,0,0,0	18255	0	291	6720	54	0	6603,6408,6408,5706,5706,5706,5706	3	19	6380,0,0,0,0,0,0	107	0
173946	440	800	478	226	239	43	37	7	2323	34	173	556	258	2	61	5521	681	1582	0,0,0,0,0,0	18472	0	301	7019	58	0	6895,6687,6687,5939,5939,5939,5939	3	26	6679,0,0,0,0,0,0	110	0
173793	437	855	494	226	236	55	36	8	2386	38	182	550	253	5	82	5531	728	1611	0,0,0,0,0,0	29645	0	282	7299	62	0	7170,6950,6950,6155,6155,6155,6155	3	22	6959,0,0,0,0,0,0	125	0
173668	448	886	530	201	253	54	38	9	2438	38	183	535	262	3	74	5454	784	1626	0,0,0,0,0,0	29788	0	280	7579	63	0	7440,7205,7205,6354,6354,6354,6354	3	23	7239,0,0,0,0,0,0	131	0
173478	434	961	537	208	261	55	39	9	2539	39	186	527	296	3	80	5483	806	1689	0,0,0,0,0,0	18768	0	321	7897	68	0	7753,7504,7504,6606,6606,6606,6606	3	32	7557,0,0,0,0,0,0	126	0
173308	478	937	569	213	282	56	43	7	2624	41	188	513	267	1	84	5763	851	1727	0,0,0,0,0,0	18343	0	323	8222	69	0	8067,7803,7803,6848,6848,6848,6848	3	24	7883,0,0,0,0,0,0	130	0
173122	503	939	595	247	277	64	45	8	2712	45	189	523	163	6	74	5726	863	1807	0,0,0,0,0,0	34038	0	339	8562	72	0	8398,8118,8118,7107,7107,7107,7107	3	39	8225,0,0,0,0,0,0	136	0
172940	540	1002	587	239	272	66	46	8	2806	47	193	496	278	4	77	6080	880	1872	0,0,0,0,0,0	33807	0	351	8913	73	0	8740,8443,8443,7370,7370,7370,7370	4	37	8576,0,0,0,0,0,0	139	0
172800	537	1018	604	238	302	67	39	11	2881	54	195	494	318	3	82	5923	908	1897	0,0,0,0,0,0	34428	0	312	9226	75	0	9043,8729,8729,7592,7592,7592,7592	4	25	8889,0,0,0,0,0,0	126	0
172679	480	1047	622	254	307	66	36	9	2989	59	198	481	248	5	80	6335	914	1898	0,0,0,0,0,0	47123	0	287	9514	76	0	9324,8992,8992,7793,7793,7793,7793	4	14	9177,0,0,0,0,0,0	130	0
172591	473	1000	648	265	305	71	39	7	3083	61	203	468	280	4	74	6381	946	1855	0,0,0,0,0,0	47225	0	280	9792	81	0	9593,9242,9242,7973,7973,7973,7973	4	21	9455,0,0,0,0,0,0	137	0
172459	468	1022	632	281	315	80	33	8	3175	67	206	474	267	7	113	7185	1031	1800	0,0,0,0,0,0	35247	0	327	10116	86	0	9907,9536,9536,8196,8196,8196,8196	4	39	9779,0,0,0,0,0,0	133	0
172323	479	982	656	288	332	95	29	9	3273	71	209	452	273	8	91	7724	1040	1821	0,0,0,0,0,0	35717	0	316	10427	92	0	10207,9819,9819,8414,8414,8414,8414	4	28	10091,0,0,0,0,0,0	133	0
172218	476	981	659	264	331	97	34	9	3396	72	209	448	210	4	107	7928	1070	1772	0,0,0,0,0,0	35898	0	307	10732	95	0	10499,10091,10091,8612,8612,8612,8612	4	34	10396,0,0,0,0,0,0	149	0
172141	474	977	648	285	330	95	39	8	3466	72	211	476	255	5	98	8581	1091	1757	0,0,0,0,0,0	36384	0	304	11034	98	0	10787,10357,10357,8796,8796,8796,8796	4	34	10698,0,0,0,0,0,0	154	0
172042	479	1002	647	298	312	105	37	9	3528	73	214	464	263	0	89	8470	1099	1781	0,0,0,0,0,0	36891	0	315	11348	101	0	11090,10638,10638,8996,8996,8996,8996	4	34	11012,0,0,0,0,0,0	177	0
172002	456	973	657	295	305	101	37	8	3615	79	218	464	296	2	67	8506	1043	1781	0,0,0,0,0,0	48784	0	273	11621	101	0	11352,10875,10875,9148,9148,9148,9148	4	27	11285,0,0,0,0,0,0	174	0
171989	412	975	654	292	292	96	38	9	3684	82	223	446	258	5	74	8069	1021	1738	0,0,0,0,0,0	48971	0	263	11880	106	0	11598,11097,11097,9278,9278,9278,9278	4	20	11545,0,0,0,0,0,0	171	0
171949	403	929	622	306	311	100	40	9	3771	83	223	434	288	3	93	7494	1014	1697	0,0,0,0,0,0	35921	0	252	12132	107	0	11836,11314,11314,9417,9417,9417,9417	4	38	11797,0,0,0,0,0,0	162	0
171879	413	893	622	300	328	98	45	9	3848	85	226	430	264	2	91	7854	1021	1678	0,0,0,0,0,0	35715	0	287	12416	111	0	12106,11562,11562,9585,9585,9585,9585	5	24	12082,0,0,0,0,0,0	163	0
171839	437	866	616	298	306	103	43	11	3912	88	227	399	249	7	87	7379	984	1685	0,0,0,0,0,0	35690	0	290	12703	115	0	12378,11809,11809,9740,9740,9740,9740	5	29	12371,0,0,0,0,0,0	165	0
171770	441	854	629	295	295	103	46	12	3982	89	230	397	271	6	107	6884	997	1666	0,0,0,0,0,0	35188	0	280	12978	120	0	12640,12051,12051,9905,9905,9905,9905	5	27	12646,0,0,0,0,0,0	164	0
171725	431	876	617	287	287	106	42	11	4039	93	232	423	255	4	84	6532	959	1687	0,0,0,0,0,0	34626	0	275	13252	123	0	12901,12288,12288,10057,10057,10057,10057	5	36	12920,0,0,0,0,0,0	169	0
171748	405	875	638	271	281	110	46	11	4033	94	234	416	317	3	79	5708	957	1669	0,0,0,0,0,0	47259	0	238	13490	126	0	13123,12484,12484,10156,10156,10156,10156	4	21	13158,0,0,0,0,0,0	171	0
171781	390	858	638	270	268	113	41	12	4040	100	235	411	339	4	85	5836	956	1622	0,0,0,0,0,0	46939	0	240	13731	127	0	13346,12680,12680,10251,10251,10251,10251	4	19	13399,0,0,0,0,0,0	185	0
171785	398	843	608	261	252	117	40	9	4094	103	236	412	234	4	82	6017	927	1592	0,0,0,0,0,0	33997	0	250	13978	131	0	13577,12885,12885,10364,10364,10364,10364	4	28	13646,0,0,0,0,0,0	180	0
171827	397	844	613	255	246	113	43	8	4057	104	239	400	220	1	82	6226	921	1590	0,0,0,0,0,0	34026	0	252	14228	134	0	13808,13087,13087,10457,10457,10457,10457	4	26	13896,0,0,0,0,0,0	179	0
171838	394	811	599	262	253	121	43	9	4070	106	240	410	262	4	65	6264	900	1583	0,0,0,0,0,0	34101	0	244	14469	137	0	14032,13285,13285,10562,10562,10562,10562	4	31	14137,0,0,0,0,0,0	170	0
171843	392	827	584	253	250	116	46	8	4074	110	243	413	251	4	90	6288	891	1577	0,0,0,0,0,0	34285	0	263	14733	139	0	14280,13506,13506,10681,10681,10681,10681	4	35	14401,0,0,0,0,0,0	174	0
171847	396	839	577	242	250	109	49	5	4077	111	244	419	249	8	76	6674	877	1585	0,0,0,0,0,0	34686	0	264	14992	145	0	14521,13721,13721,10797,10797,10797,10797	4	36	14662,0,0,0,0,0,0	174	0
171855	396	813	565	236	272	109	46	6	4085	116	247	394	100	4	65	6464	899	1538	0,0,0,0,0,0	47263	0	240	15232	146	0	14746,13921,13921,10904,10904,10904,10904	4	23	14902,0,0,0,0,0,0	176	0
171892	364	818	567	251	256	101	51	8	4067	121	250	389	261	3	85	6552	920	1488	0,0,0,0,0,0	47150	0	214	15444	151	0	14943,14092,14092,10982,10982,10982,10982	4	20	15114,0,0,0,0,0,0	165	0
171938	350	791	563	262	250	98	52	9	4057	123	253	405	98	3	80	6537	918	1448	0,0,0,0,0,0	34494	0	224	15667	153	0	15148,14270,14270,11059,11059,11059,11059	4	23	15337,0,0,0,0,0,0	162	0
171965	350	782	539	252	244	95	51	10	4076	128	254	394	243	6	77	6289	899	1414	0,0,0,0,0,0	34300	0	239	15903	157	0	15363,14459,14459,11151,11151,11151,11151	4	29	15573,0,0,0,0,0,0	163	0
172006	353	763	546	244	236	96	55	10	4050	130	257	401	252	1	68	6099	878	1415	0,0,0,0,0,0	34090	0	230	16129	161	0	15573,14641,14641,11232,11232,11232,11232	4	25	15799,0,0,0,0,0,0	160	0
172052	350	757	514	236	249	90	52	9	4041	135	261	389	267	0	69	6039	852	1396	0,0,0,0,0,0	33916	0	221	16350	163	0	15777,14819,14819,11308,11308,11308,11308	4	24	16020,0,0,0,0,0,0	160	0
172093	346	726	514	216	242	88	50	9	4058	139	265	398	244	0	76	6316	824	1358	0,0,0,0,0,0	33778	0	208	16556	165	0	15968,14985,14985,11379,11379,11379,11379	4	24	16226,0,0,0,0,0,0	149	0
172180	326	689	489	226	243	87	50	9	4038	142	267	393	262	5	64	6140	784	1326	0,0,0,0,0,0	46590	0	180	16734	170	0	16129,15119,15119,11413,11413,11413,11413	4	14	16404,0,0,0,0,0,0	147	0
172257	318	678	485	226	229	89	44	13	3991	147	269	394	261	3	72	5608	788	1281	0,0,0,0,0,0	46511	0	194	16924	175	0	16301,15264,15264,11458,11458,11458,11458	4	14	16594,0,0,0,0,0,0	136	0
172296	339	683	465	206	242	86	46	12	3951	149	271	407	268	2	67	5590	784	1283	0,0,0,0,0,0	33495	0	239	17161	178	0	16519,15454,15454,11544,11544,11544,11544	4	34	16831,0,0,0,0,0,0	136	0
172333	334	694	454	214	233	90	48	12	3908	152	274	420	252	3	74	5450	800	1267	0,0,0,0,0,0	33630	0	211	17372	179	0	16711,15622,15622,11617,11617,11617,11617	4	24	17042,0,0,0,0,0,0	143	0
172376	329	701	443	209	235	81	44	13	3884	155	276	407	230	2	51	5372	742	1300	0,0,0,0,0,0	33503	0	200	17569	183	0	16892,15778,15778,11681,11681,11681,11681	4	25	17240,0,0,0,0,0,0	143	0
172402	333	717	449	214	238	77	41	13	3828	156	278	419	266	0	57	5227	724	1345	0,0,0,0,0,0	33134	0	222	17788	188	0	17093,15954,15954,11764,11764,11764,11764	4	29	17459,0,0,0,0,0,0	141	0
172460	333	724	450	206	236	76	40	14	3765	159	283	414	318	3	62	5179	725	1340	0,0,0,0,0,0	33256	0	208	17995	191	0	17284,16118,16118,11825,11825,11825,11825	4	22	17666,0,0,0,0,0,0	127	0
172566	309	684	458	193	230	72	41	13	3733	161	286	439	257	1	61	5166	710	1277	0,0,0,0,0,0	46263	0	164	18158	193	0	17428,16235,16235,11840,11840,11840,11840	3	11	17829,0,0,0,0,0,0	133	0
172634	265	677	444	193	217	72	43	11	3738	164	288	439	231	2	66	5362	686	1225	0,0,0,0,0,0	46267	0	162	18320	196	0	17572,16356,16356,11874,11874,11874,11874	3	7	17991,0,0,0,0,0,0	128	0
172666	306	634	448	189	225	67	40	10	3703	168	290	435	258	2	73	5154	695	1214	0,0,0,0,0,0	33601	0	218	18530	204	0	17765,16524,16524,11949,11949,11949,11949	3	27	18202,0,0,0,0,0,0	123	0
172725	310	607	463	192	211	63	41	10	3659	173	292	455	256	1	64	5131	688	1199	0,0,0,0,0,0	33082	0	189	18716	209	0	17931,16665,16665,11996,11996,11996,11996	4	31	18388,0,0,0,0,0,0	127	0
172765	284	643	459	186	200	62	40	9	3628	176	294	456	329	2	67	5351	703	1171	0,0,0,0,0,0	33443	0	185	18899	213	0	18096,16809,16809,12052,12052,12052,12052	3	17	18571,0,0,0,0,0,0	119	0
172849	275	603	451	203	204	59	43	9	3578	177	295	442	285	0	50	5141	674	1164	0,0,0,0,0,0	46260	0	171	19065	218	0	18243,16930,16930,12077,12077,12077,12077	3	16	18737,0,0,0,0,0,0	125	0
172936	268	595	434	194	177	65	39	13	3547	179	299	446	245	2	56	5113	661	1111	0,0,0,0,0,0	46187	0	154	19214	224	0	18375,17038,17038,12094,12094,12094,12094	3	12	18886,0,0,0,0,0,0	124	0
173002	253	568	429	179	180	64	35	12	3536	184	304	481	235	1	47	5545	622	1086	0,0,0,0,0,0	46367	0	144	19354	228	0	18502,17144,17144,12119,12119,12119,12119	3	12	19026,0,0,0,0,0,0	126	0
173105	239	517	420	178	199	64	34	12	3483	187	308	479	99	1	47	5538	609	1042	0,0,0,0,0,0	46480	32	137	19489	230	0	18620,17238,17238,12121,12121,12121,12121	3	13	19161,0,0,0,0,0,0	126	29
173180	250	516	392	182	186	62	32	11	3436	188	311	468	236	0	61	5318	611	1009	0,0,0,0,0,0	33472	34	167	19650	236	0	18764,17358,17358,12149,12149,12149,12149	3	24	19322,0,0,0,0,0,0	124	58
173259	256	515	353	172	177	65	32	13	3396	191	317	454	257	1	53	5159	594	976	0,0,0,0,0,0	33426	17	150	19796	241	0	18893,17464,17464,12166,12166,12166,12166	3	23	19468,0,0,0,0,0,0	120	73
173360	224	505	344	169	172	66	31	13	3345	194	323	451	253	2	52	5062	583	928	0,0,0,0,0,0	33505	40	125	19919	243	0	19001,17549,17549,12162,12162,12162,12162	3	8	19591,0,0,0,0,0,0	119	107
173427	223	507	343	157	161	63	33	12	3300	196	324	454	250	2	59	4953	575	912	0,0,0,0,0,0	32871	30	151	20069	244	0	19133,17659,17659,12187,12187,12187,12187	3	22	19741,0,0,0,0,0,0	128	137
173512	231	503	353	148	149	62	35	9	3223	197	324	451	245	0	38	4814	558	923	0,0,0,0,0,0	32785	27	152	20219	246	0	19262,17765,17765,12202,12202,12202,12202	3	16	19891,0,0,0,0,0,0	118	160
173577	224	473	350	149	147	62	32	11	3194	199	328	455	254	1	42	4290	529	908	0,0,0,0,0,0	39231	25	121	20335	252	0	19365,17850,17850,12214,12214,12214,12214	3	13	20007,0,0,0,0,0,0	112	182
173687	198	455	330	155	159	64	32	12	3124	202	328	471	235	3	38	4507	518	875	0,0,0,0,0,0	39142	134	111	20443	255	0	19465,17928,17928,12202,12202,12202,12202	3	17	20115,0,0,0,0,0,0	117	295
173747	211	449	324	154	153	66	34	10	3062	205	331	479	288	1	50	4175	509	882	0,0,0,0,0,0	27712	109	151	20592	258	0	19608,18050,18050,12236,12236,12236,12236	2	12	20264,0,0,0,0,0,0	118	385
173833	218	442	304	170	144	65	30	9	2984	212	335	462	232	1	55	4153	540	833	0,0,0,0,0,0	27069	143	142	20733	259	0	19737,18155,18155,12248,12248,12248,12248	2	14	20405,0,0,0,0,0,0	113	511
173924	214	453	308	165	131	60	31	7	2905	213	335	444	253	0	46	4303	527	835	0,0,0,0,0,0	27106	114	134	20866	260	0	19862,18258,18258,12257,12257,12257,12257	2	21	20538,0,0,0,0,0,0	110	607
174005	194	452	314	155	113	58	28	6	2867	217	337	460	219	2	33	3983	502	812	0,0,0,0,0,0	27093	136	123	20988	261	0	19977,18353,18353,12265,12265,12265,12265	2	15	20660,0,0,0,0,0,0	103	724
174101	203	447	308	143	123	56	27	5	2771	223	339	443	248	2	28	3832	467	840	0,0,0,0,0,0	27073	139	141	21125	265	0	20104,18456,18456,12272,12272,12272,12272	2	22	20797,0,0,0,0,0,0	91	839
174158	203	415	316	147	119	51	29	4	2740	224	340	440	336	4	42	3566	454	826	0,0,0,0,0,0	38325	130	118	21242	266	0	20213,18547,18547,12289,12289,12289,12289	2	15	20914,0,0,0,0,0,0	104	950
174236	189	424	301	140	127	49	31	2	2682	224	341	448	254	0	44	3457	442	819	0,0,0,0,0,0	38170	144	122	21362	268	0	20357,18672,18672,12315,12315,12315,12315	2	14	21034,0,0,0,0,0,0	114	1071
174285	185	412	315	127	130	49	33	2	2637	225	346	443	288	2	51	3918	442	809	0,0,0,0,0,0	26810	158	125	21487	268	0	20502,18799,18799,12353,12353,12353,12353	2	9	21159,0,0,0,0,0,0	111	1204
174336	183	422	317	126	131	42	32	4	2578	228	347	440	246	3	35	3720	434	819	0,0,0,0,0,0	27133	143	134	21622	268	0	20665,18943,18943,12399,12399,12399,12399	2	10	21294,0,0,0,0,0,0	95	1325
174350	201	418	303	118	131	43	32	4	2566	229	351	423	88	2	41	3611	439	807	0,0,0,0,0,0	26649	148	145	21762	273	0	20826,19089,19089,12462,12462,12462,12462	2	19	21434,0,0,0,0,0,0	106	1445
174407	202	409	304	115	142	43	28	6	2506	231	353	446	249	2	51	3709	466	777	0,0,0,0,0,0	26492	138	126	21884	277	0	20975,19219,19219,12498,12498,12498,12498	2	13	21556,0,0,0,0,0,0	95	1565
174425	203	422	311	112	132	45	28	6	2476	232	354	440	276	1	41	3709	452	801	0,0,0,0,0,0	26750	174	136	22016	282	0	21133,19362,19362,12557,12557,12557,12557	2	12	21688,0,0,0,0,0,0	92	1717
174493	208	437	297	110	126	45	28	5	2407	235	355	463	271	1	33	3761	449	802	0,0,0,0,0,0	39094	143	135	22145	288	0	21286,19496,19496,12591,12591,12591,12591	2	13	21818,0,0,0,0,0,0	100	1836
174566	188	426	298	123	126	42	28	6	2350	237	356	478	88	3	37	3782	448	783	0,0,0,0,0,0	38723	55	107	22251	291	0	21421,19612,19612,12612,12612,12612,12612	2	9	21924,0,0,0,0,0,0	101	1878
174605	189	422	299	129	124	44	26	7	2303	238	360	474	260	1	38	3903	432	801	0,0,0,0,0,0	26688	63	124	22374	292	0	21579,19754,19754,12660,12660,12660,12660	2	16	22047,0,0,0,0,0,0	102	1929
174629	195	406	294	133	138	44	22	7	2274	242	362	479	250	0	44	4050	436	796	0,0,0,0,0,0	26872	61	132	22506	293	0	21738,19897,19897,12716,12716,12716,12716	2	11	22179,0,0,0,0,0,0	94	1979
174637	199	428	277	122	128	41	21	6	2281	244	362	493	268	1	37	3773	438	778	0,0,0,0,0,0	27245	66	132	22635	299	0	21896,20042,20042,12779,12779,12779,12779	2	11	22308,0,0,0,0,0,0	90	2031
174668	201	412	283	125	121	42	20	7	2260	245	362	504	93	2	37	3575	431	773	0,0,0,0,0,0	27022	65	118	22748	307	0	22037,20168,20168,12822,12822,12822,12822	2	4	22421,0,0,0,0,0,0	97	2088
174681	196	431	282	118	113	38	20	8	2246	246	367	502	318	4	43	3664	437	761	0,0,0,0,0,0	26808	65	136	22883	309	0	22214,20330,20330,12892,12892,12892,12892	2	17	22556,0,0,0,0,0,0	103	2138
174741	175	415	276	119	121	42	19	8	2211	247	372	478	226	2	37	3514	421	746	0,0,0,0,0,0	38325	80	95	22976	311	0	22338,20439,20439,12913,12913,12913,12913	2	10	22649,0,0,0,0,0,0	110	2201
174761	166	419	257	124	126	47	18	6	2196	250	376	459	274	2	37	3435	410	747	0,0,0,0,0,0	38488	188	119	23095	313	0	22469,20556,20556,12957,12957,12957,12957	2	10	22768,0,0,0,0,0,0	104	2355
174776	168	445	253	125	115	44	21	6	2165	250	378	464	279	1	48	3043	407	764	0,0,0,0,0,0	26559	201	138	23230	316	0	22615,20686,20686,13010,13010,13010,13010	2	14	22903,0,0,0,0,0,0	104	2518
174766	208	426	257	142	114	44	21	6	2128	253	381	475	312	2	39	3204	427	785	3,0,0,0,0,0	26310	177	121	23388	321	0	22780,20836,20836,13083,13083,13083,13083	2	12	23022,41,0,0,0,0,0	102	2666
174701	249	476	245	121	112	42	23	7	2132	254	384	473	327	2	46	3168	408	860	7,0,0,0,0,0	25996	197	159	23594	325	0	23002,21044,21044,13213,13213,13213,13213	2	20	23172,98,0,0,0,0,0	98	2833
174697	262	481	271	130	112	42	23	8	2079	255	386	467	151	2	36	3082	397	924	11,0,0,0,0,0	26332	195	129	23759	327	0	23179,21205,21205,13290,13290,13290,13290	2	16	23283,153,0,0,0,0,0	99	2985
174639	255	532	287	126	121	43	23	8	2070	256	386	455	274	3	45	2853	387	1000	15,0,0,0,0,0	26108	205	159	23948	328	0	23379,21392,21392,13405,13405,13405,13405	2	17	23407,218,0,0,0,0,0	98	3146
174592	272	559	318	140	133	42	19	10	2016	258	387	438	266	0	46	2851	406	1077	20,0,0,0,0,0	38139	216	157	24147	331	0	23593,21591,21591,13523,13523,13523,13523	2	16	23513,312,0,0,0,0,0	103	3315
174540	299	542	332	145	143	42	18	10	2027	258	390	461	266	6	47	2927	430	1091	24,0,0,0,0,0	37608	177	161	24335	335	0	23861,21847,21847,13672,13672,13672,13672	2	25	23622,392,0,0,0,0,0	99	3460
174445	299	590	342	162	146	41	18	10	2039	260	394	458	302	4	58	3016	471	1127	26,0,0,0,0,0	26208	142	220	24552	339	0	24156,22130,22130,13854,13854,13854,13854	2	15	23762,471,0,0,0,0,0	95	3568
174389	323	583	351	177	156	36	19	10	2044	261	397	466	290	3	51	3162	509	1136	29,0,0,0,0,0	26289	189	196	24745	344	0	24432,22394,22393,14005,14005,14005,14005	2	22	23873,554,0,0,0,0,0	94	3714
174305	323	614	356	178	156	38	21	9	2082	263	401	487	257	1	61	3304	516	1170	33,0,0,0,0,0	26290	161	209	24951	348	0	24718,22669,22668,14177,14177,14177,14177	2	19	23981,656,0,0,0,0,0	90	3838
174227	334	662	345	179	167	40	22	10	2090	265	405	482	249	0	62	3560	543	1206	35,0,0,0,0,0	26501	167	221	25166	355	0	25014,22953,22951,14350,14350,14350,14350	2	23	24098,756,0,0,0,0,0	94	3965
174122	339	693	379	187	167	45	23	8	2111	266	406	477	267	5	65	3816	606	1227	38,0,0,0,0,0	26676	168	238	25399	362	0	25329,23257,23255,14547,14547,14547,14547	2	18	24212,880,0,0,0,0,0	92	4092
174041	346	675	428	191	174	46	26	8	2136	266	409	474	246	2	57	3843	652	1234	40,0,0,0,0,0	38631	158	214	25606	369	0	25625,23542,23539,14724,14724,14724,14724	2	19	24316,987,0,0,0,0,0	101	4208
173957	355	688	439	187	197	51	23	7	2161	269	412	456	294	6	52	4236	685	1255	42,0,0,0,0,0	39091	141	235	25835	376	0	25933,23840,23836,14908,14908,14908,14908	2	14	24419,1117,0,0,0,0,0	106	4312
173858	349	702	453	187	209	51	23	7	2222	270	415	452	259	9	59	4423	671	1303	44,0,0,0,0,0	27280	121	225	26057	379	0	26227,24124,24119,15089,15089,15089,15089	2	13	24525,1236,0,0,0,0,0	102	4403
173743	345	738	450	195	191	53	25	9	2312	270	415	490	252	2	72	4427	696	1301	47,0,0,0,0,0	27403	102	244	26301	382	0	26549,24437,24430,15292,15292,15292,15292	2	13	24628,1378,0,0,0,0,0	105	4471
173612	378	791	446	205	206	52	26	8	2332	270	420	470	243	2	63	4552	739	1365	48,0,0,0,0,0	27271	127	279	26575	388	0	26895,24773,24765,15517,15517,15517,15517	2	15	24748,1535,0,0,0,0,0	101	4570
173479	407	794	458	205	211	55	28	8	2406	272	423	496	256	2	61	4309	739	1419	51,0,0,0,0,0	27568	136	279	26852	392	0	27238,25108,25097,15741,15741,15741,15741	2	23	24845,1717,0,0,0,0,0	104	4660
173349	432	801	466	211	226	54	28	8	2469	273	429	514	267	0	71	4502	759	1459	54,0,0,0,0,0	27573	123	289	27136	397	0	27604,25466,25451,15974,15974,15974,15974	2	17	24943,1906,0,0,0,0,0	119	4752
173273	411	822	485	214	221	56	26	6	2523	276	433	475	303	4	63	4605	746	1489	55,0,0,0,0,0	39622	142	234	27362	405	0	27899,25754,25735,16148,16148,16148,16148	2	16	25024,2057,0,0,0,0,0	109	4853
173135	408	846	517	219	229	60	23	5	2589	279	436	472	254	5	74	4485	809	1493	58,0,0,0,0,0	39349	298	291	27642	416	0	28211,26060,26038,16360,16360,16360,16360	2	24	25113,2257,0,0,0,0,0	105	5074
172995	444	837	539	231	245	60	20	5	2651	281	438	468	251	1	65	4500	827	1549	59,0,0,0,0,0	27445	273	291	27927	423	0	28523,26364,26339,16571,16571,16571,16571	2	19	25203,2457,0,0,0,0,0	102	5278
172859	479	840	558	232	274	61	20	6	2695	282	440	458	302	3	69	4369	857	1607	62,0,0,0,0,0	27517	274	312	28223	441	0	28830,26663,26634,16776,16776,16776,16776	2	21	25289,2681,0,0,0,0,0	115	5470
172691	525	883	567	246	273	62	22	6	2748	282	441	480	266	2	80	4605	908	1670	64,0,0,0,0,0	27486	280	344	28555	454	0	29191,27017,26983,17026,17026,17026,17026	2	22	25372,2940,0,0,0,0,0	117	5662
172544	523	908	578	259	278	66	24	5	2833	283	445	463	310	4	90	4880	947	1689	66,0,0,0,0,0	27749	271	312	28857	464	0	29520,27342,27303,17249,17249,17249,17249	2	21	25458,3162,0,0,0,0,0	126	5857
172366	534	961	593	246	279	71	24	6	2931	284	451	451	266	5	98	5344	979	1729	67,0,0,0,0,0	27839	296	352	29202	475	0	29892,27709,27664,17508,17508,17508,17508	2	28	25542,3433,0,0,0,0,0	126	6067
172244	507	961	601	260	302	69	22	4	3036	286	454	443	253	7	62	5429	969	1753	69,0,0,0,0,0	39846	305	278	29468	488	0	30193,28008,27957,17707,17707,17707,17707	2	16	25613,3641,0,0,0,0,0	132	6293
172104	476	1010	602	260	321	74	22	3	3129	288	457	445	293	2	76	5440	952	1813	70,0,0,0,0,0	39711	600	317	29780	498	0	30617,28429,28371,17977,17977,17977,17977	2	14	25685,3890,0,0,0,0,0	125	6664
171916	509	1063	596	278	306	81	21	5	3223	289	459	468	246	3	106	5829	1028	1826	71,0,0,0,0,0	28841	622	374	30146	507	0	31084,28894,28830,18293,18293,18293,18293	2	20	25774,4175,0,0,0,0,0	124	7027
171740	572	1057	612	291	309	79	25	4	3302	289	466	467	263	5	91	6340	1082	1863	73,0,0,0,0,0	29058	633	362	30493	524	0	31525,29337,29263,18588,18588,18588,18588	2	28	25846,4463,0,0,0,0,0	126	7582
171565	566	1117	635	304	309	79	23	4	3385	291	468	471	264	5	76	6478	1064	1969	75,0,0,0,0,0	29446	647	366	30847	539	0	31969,29782,29700,18886,18886,18886,18886	2	28	25903,4771,0,0,0,0,0	136	8140
171403	578	1139	652	326	317	86	26	5	3452	292	470	481	257	5	117	6716	1129	1995	76,0,0,0,0,0	29294	585	391	31218	560	0	32429,30240,30149,19187,19187,19187,19187	2	33	25962,5097,0,0,0,0,0	140	8649
171214	590	1165	691	316	321	92	27	6	3558	295	471	480	246	4	104	6639	1122	2080	77,0,0,0,0,0	29433	598	402	31608	574	0	32913,30727,30625,19514,19514,19514,19514	2	25	26027,5433,0,0,0,0,0	149	9153
171058	581	1198	713	322	334	91	32	8	3640	296	473	491	243	8	88	6617	1101	2170	79,0,0,0,0,0	40933	616	383	31977	591	0	33385,31200,31088,19821,19821,19821,19821	2	28	26074,5767,0,0,0,0,0	162	9677
170912	581	1214	715	329	322	99	36	9	3757	297	475	495	292	4	90	6643	1081	2215	80,0,0,0,0,0	40764	731	384	32346	610	0	33901,31720,31595,20140,20140,20140,20140	2	18	26134,6087,0,0,0,0,0	162	10315
170696	636	1277	713	319	329	96	33	11	3859	300	477	503	269	3	115	6906	1105	2298	81,0,0,0,0,0	29717	796	463	32793	627	0	34480,32302,32165,20526,20526,20526,20526	2	25	26191,6488,0,0,0,0,0	168	11010
170421	680	1347	751	341	346	101	35	7	3938	302	477	526	228	5	99	7572	1154	2447	83,0,0,0,0,0	29979	747	492	33265	650	0	35174,33001,32852,20998,20998,20998,20998	2	29	26236,6933,0,0,0,0,0	177	11653
170175	711	1371	801	371	379	107	42	8	3998	304	479	506	275	4	113	7994	1229	2553	84,0,0,0,0,0	30547	746	493	33741	670	0	35860,33693,33530,21454,21454,21454,21454	2	25	26286,7375,0,0,0,0,0	175	12276
169886	766	1430	834	388	387	113	46	8	4101	306	481	484	255	4	130	7992	1301	2663	85,0,0,0,0,0	30663	813	517	34234	696	0	36549,34387,34213,21933,21933,21933,21933	3	25	26338,7829,0,0,0,0,0	188	12960
169605	784	1507	852	396	415	117	52	8	4217	309	484	473	254	4	123	8012	1353	2770	86,0,0,0,0,0	31066	793	527	34738	721	0	37242,35087,34899,22408,22408,22408,22408	3	29	26386,8306,0,0,0,0,0	211	13616
169425	787	1522	874	402	414	112	57	7	4350	311	485	481	243	7	120	8136	1362	2806	87,0,0,0,0,0	41789	741	454	35181	734	0	37872,35728,35522,22807,22807,22807,22807	3	22	26415,8730,0,0,0,0,0	220	14247
169161	749	1624	893	401	439	110	62	8	4498	313	488	453	269	3	126	8485	1414	2864	88,0,0,0,0,0	42614	906	510	35669	760	0	38594,36459,36238,23288,23288,23288,23288	3	24	26451,9200,0,0,0,0,0	215	14999
168912	757	1636	943	411	459	116	67	8	4632	316	489	458	304	8	137	8769	1450	2939	89,0,0,0,0,0	47469	878	538	36185	785	0	39347,37222,36983,23776,23776,23776,23776	3	33	26483,9705,0,0,0,0,0	223	15717
168639	809	1635	950	445	475	115	73	8	4786	319	492	457	303	1	149	9001	1536	2966	89,0,0,0,0,0	47709	875	540	36702	816	0	40073,37961,37703,24263,24263,24263,24263	3	33	26526,10202,0,0,0,0,0	229	16440
168375	815	1681	1019	458	474	114	73	5	4915	323	494	448	318	6	139	9155	1558	3076	90,0,0,0,0,0	47898	905	565	37243	841	0	40817,38719,38440,24754,24754,24754,24754	3	40	26568,10722,0,0,0,0,0	242	17184
168218	814	1683	1018	468	482	120	71	7	5041	325	499	446	249	4	152	8627	1604	3052	90,0,0,0,0,0	47570	948	493	37710	868	0	41506,39425,39124,25171,25171,25171,25171	3	32	26597,11182,0,0,0,0,0	235	17954
168022	799	1702	1068	473	465	127	72	7	5179	329	503	430	264	7	145	9031	1622	3084	91,0,0,0,0,0	47466	905	523	38217	889	0	42227,40163,39838,25620,25620,25620,25620	3	23	26642,11663,0,0,0,0,0	249	18689
167911	741	1655	1101	505	494	121	79	9	5294	332	504	423	320	8	131	9133	1654	3042	91,0,0,0,0,0	71738	893	443	38644	908	0	42862,40818,40467,25986,25986,25986,25986	3	19	26670,12073,0,0,0,0,0	244	19412
167885	661	1615	1084	499	503	131	78	11	5436	338	505	405	294	8	143	8879	1630	2941	92,0,0,0,0,0	71949	678	371	38989	937	0	43501,41478,41103,26312,26312,26312,26312	3	23	26693,12412,0,0,0,0,0	250	19965
167776	656	1566	1047	544	527	134	78	12	5555	344	507	397	245	6	176	9325	1742	2810	92,0,0,0,0,0	47876	647	459	39428	962	0	44211,42212,41809,26714,26714,26714,26714	3	24	26721,12838,0,0,0,0,0	256	20481
167700	672	1504	1028	562	510	124	75	15	5696	349	511	405	244	15	174	10034	1786	2689	92,0,0,0,0,0	48150	645	451	39853	988	0	44909,42931,42502,27091,27091,27091,27091	3	27	26742,13259,0,0,0,0,0	251	21001
167648	660	1449	1011	532	503	130	71	20	5854	354	514	398	332	9	156	10341	1754	2602	92,0,0,0,0,0	48795	647	406	40238	1012	0	45572,43618,43162,27445,27445,27445,27445	3	35	26762,13641,0,0,0,0,0	240	21501
167592	630	1430	984	537	485	142	71	21	5976	360	518	407	330	6	153	10547	1704	2575	93,0,0,0,0,0	48936	628	414	40632	1034	0	46260,44332,43848,27810,27810,27810,27810	3	26	26781,14032,0,0,0,0,0	243	21985
167523	644	1440	945	509	495	141	70	26	6073	362	518	395	260	6	152	10366	1648	2596	93,0,0,0,0,0	48858	618	445	41051	1061	0	46958,45052,44541,28185,28185,28185,28185	3	24	26796,14453,0,0,0,0,0	264	22479
167528	631	1372	963	506	451	143	71	27	6167	368	519	399	295	5	121	10323	1563	2574	93,0,0,0,0,0	72347	653	361	41395	1080	0	47583,45701,45162,28490,28490,28490,28490	3	18	26811,14795,0,0,0,0,0	269	22982
167593	584	1348	942	456	463	134	74	26	6231	370	525	377	262	7	123	9938	1497	2504	94,0,0,0,0,0	72318	935	321	41689	1107	0	48142,46295,45726,28756,28756,28756,28756	3	19	26822,15094,0,0,0,0,0	284	23754
167589	575	1340	895	454	469	138	76	22	6287	375	526	365	309	5	162	9737	1538	2409	94,0,0,0,0,0	48796	879	395	42062	1130	0	48761,46950,46350,29091,29091,29091,29091	3	31	26829,15477,0,0,0,0,0	271	24447
167582	583	1300	850	465	452	144	82	20	6358	380	530	372	301	5	132	9703	1486	2390	95,0,0,0,0,0	48272	892	393	42435	1152	0	49454,47669,47039,29416,29416,29416,29416	3	11	26835,15857,0,0,0,0,0	259	25183
167610	604	1243	858	465	436	141	78	21	6370	387	533	385	268	3	133	9829	1416	2409	95,0,0,0,0,0	48367	953	391	42806	1174	0	50130,48376,47712,29720,29720,29720,29720	3	29	26841,16238,0,0,0,0,0	277	25957
167589	637	1222	836	453	424	142	76	22	6420	391	534	359	276	6	123	9043	1339	2451	96,0,0,0,0,0	48283	886	414	43197	1200	0	50807,49084,48387,30048,30048,30048,30048	3	26	26850,16638,0,0,0,0,0	265	26669
167595	655	1222	814	451	435	141	80	21	6402	395	535	375	261	6	115	8210	1268	2530	96,0,0,0,0,0	48121	907	422	43602	1221	0	51487,49796,49065,30369,30369,30369,30369	3	27	26858,17051,0,0,0,0,0	263	27380
167710	576	1184	793	419	438	139	79	24	6449	398	537	373	309	7	135	7736	1219	2409	96,0,0,0,0,0	70502	902	269	43866	1230	0	52056,50394,49631,30579,30579,30579,30579	2	11	26866,17313,0,0,0,0,0	271	28117
167837	505	1182	787	390	422	142	78	23	6439	403	538	384	259	4	133	7734	1205	2301	96,0,0,0,0,0	70738	1104	276	44127	1245	0	52749,51117,50321,30835,30835,30835,30835	2	16	26874,17574,0,0,0,0,0	266	28983
167872	474	1226	739	388	413	132	76	21	6456	408	541	379	312	4	144	7732	1196	2252	96,0,0,0,0,0	46544	1084	365	44467	1270	0	53508,51906,51079,31174,31174,31174,31174	2	21	26880,17926,0,0,0,0,0	249	29867
167909	500	1209	741	381	396	132	74	20	6429	412	543	379	227	5	141	8217	1221	2212	97,0,0,0,0,0	47217	1067	361	44811	1291	0	54265,52693,51834,31507,31507,31507,31507	2	26	26885,18282,0,0,0,0,0	244	30698
167981	532	1192	780	346	392	137	71	21	6333	416	545	383	324	4	107	8071	1192	2258	97,0,0,0,0,0	47372	1112	378	45162	1320	0	55038,53504,52606,31834,31834,31834,31834	2	17	26892,18649,0,0,0,0,0	254	31563
168097	555	1091	784	366	386	141	65	24	6268	423	546	394	290	4	129	8108	1183	2205	97,0,0,0,0,0	46966	1077	320	45463	1342	0	55758,54260,53326,32115,32115,32115,32115	2	19	26895,18966,0,0,0,0,0	246	32395
168181	552	1081	747	362	366	132	62	22	6266	429	546	389	287	3	127	7987	1145	2157	97,0,0,0,0,0	47111	1076	333	45776	1363	0	56492,55029,54061,32420,32420,32420,32420	2	18	26900,19290,0,0,0,0,0	231	33203
168328	472	1056	713	376	352	136	65	21	6247	431	549	358	263	3	78	7701	1076	2094	97,0,0,0,0,0	70886	1044	245	46009	1377	0	57144,55713,54712,32645,32645,32645,32645	2	12	26905,19526,0,0,0,0,0	242	34003
168513	425	1021	701	370	347	133	55	19	6174	439	549	372	247	6	114	7564	1081	1971	97,0,0,0,0,0	70874	1378	245	46237	1397	0	57880,56489,55451,32897,32897,32897,32897	2	11	26906,19771,0,0,0,0,0	222	35086
168639	406	943	706	368	334	135	52	20	6150	442	551	377	333	5	117	7436	1075	1869	97,0,0,0,0,0	46776	1334	246	46463	1419	0	58621,57264,56195,33174,33174,33174,33174	2	12	26910,20008,0,0,0,0,0	214	36081
168786	396	917	685	330	306	131	52	19	6126	444	554	408	258	4	100	7220	1037	1780	97,0,0,0,0,0	46388	1392	264	46711	1436	0	59357,58038,56932,33435,33435,33435,33435	2	16	26913,20268,0,0,0,0,0	200	37146
168943	391	891	679	305	311	134	54	17	6018	446	557	410	245	4	86	6979	979	1786	98,0,0,0,0,0	46392	1409	256	46958	1446	0	60113,58829,57689,33700,33700,33700,33700	2	20	26914,20521,0,0,0,0,0	204	38229
169038	406	864	657	294	306	115	53	18	5988	450	557	437	257	4	81	6491	902	1793	98,0,0,0,0,0	37956	1365	270	47200	1475	0	60868,59617,58446,33993,33993,33993,33993	2	21	26915,20780,0,0,0,0,0	187	39271
169217	399	832	642	271	303	114	49	16	5884	458	561	440	300	3	104	6138	874	1736	98,0,0,0,0,0	37162	1351	243	47422	1496	0	61566,60352,59145,34222,34222,34222,34222	2	9	26917,21013,0,0,0,0,0	180	40287
169395	358	800	612	276	302	108	47	17	5808	460	563	436	239	5	66	5844	805	1698	98,0,0,0,0,0	39706	1362	194	47597	1516	0	62222,61041,59803,34430,34430,34430,34430	1	12	26920,21195,0,0,0,0,0	180	41363
169536	332	788	581	257	290	108	49	17	5759	462	567	465	260	6	98	5474	787	1618	98,0,0,0,0,0	39650	1115	206	47790	1531	0	62932,61783,60515,34666,34666,34666,34666	1	7	26923,21394,0,0,0,0,0	182	42200
169670	349	790	566	248	255	101	45	18	5666	467	571	445	310	6	92	5375	767	1587	98,0,0,0,0,0	36786	1106	254	48025	1551	0	63630,62516,61214,34904,34904,34904,34904	1	18	26925,21641,0,0,0,0,0	178	43002
169865	329	761	574	238	250	95	42	14	5532	472	574	454	297	1	79	5192	764	1525	98,0,0,0,0,0	36996	1112	198	48207	1567	0	64302,63224,61887,35092,35092,35092,35092	1	7	26928,21827,0,0,0,0,0	168	43776
170024	311	755	553	222	229	94	37	15	5452	478	576	490	304	4	80	5240	715	1486	98,0,0,0,0,0	36400	1022	207	48400	1581	0	64997,63950,62583,35312,35312,35312,35312	1	12	26930,22024,0,0,0,0,0	153	44491
170202	311	720	540	219	223	88	37	14	5333	480	579	483	225	3	74	5006	669	1469	98,0,0,0,0,0	36576	1070	193	48582	1593	0	65664,64650,63251,35509,35509,35509,35509	1	9	26930,22218,0,0,0,0,0	152	45241
170365	295	690	529	206	239	80	37	12	5230	483	580	477	242	3	78	4825	659	1417	98,0,0,0,0,0	36471	1102	181	48755	1603	0	66308,65323,63895,35700,35700,35700,35700	1	9	26932,22396,0,0,0,0,0	143	46049
170619	286	635	533	198	227	72	36	14	5059	486	581	476	321	4	63	4643	613	1374	98,0,0,0,0,0	38837	1137	152	48899	1613	0	66942,65991,64528,35849,35849,35849,35849	1	6	26934,22544,0,0,0,0,0	132	46850
170808	262	592	521	211	229	68	32	14	4934	490	585	487	308	1	63	4694	617	1298	98,0,0,0,0,0	38609	887	160	49048	1625	0	67588,66670,65178,36023,36023,36023,36023	1	10	26936,22699,0,0,0,0,0	137	47464
171010	233	598	482	196	208	62	33	12	4833	492	587	469	328	3	74	4608	584	1228	99,0,0,0,0,0	29793	897	151	49189	1636	0	68194,67306,65785,36173,36173,36173,36173	1	8	26936,22846,0,0,0,0,0	129	48114
171180	227	578	480	189	185	59	28	14	4719	497	590	478	274	5	64	4905	552	1194	98,0,0,0,0,0	29537	888	157	49336	1646	0	68801,67944,66395,36327,36327,36327,36327	1	12	26938,22999,0,0,0,0,0	120	48728
171371	252	534	452	176	185	52	30	10	4593	498	593	478	261	1	64	4616	528	1153	99,0,0,0,0,0	29382	864	158	49484	1658	0	69402,68577,66999,36471,36471,36471,36471	1	9	26938,23155,0,0,0,0,0	107	49324
171521	243	526	427	159	184	53	27	10	4495	501	600	506	259	8	68	4138	507	1112	99,0,0,0,0,0	29295	901	140	49618	1664	0	69988,69190,67587,36628,36628,36628,36628	1	5	26938,23292,0,0,0,0,0	110	49962
171693	226	524	418	159	167	51	22	10	4368	506	602	498	280	1	57	4168	487	1080	99,0,0,0,0,0	23877	937	152	49757	1678	0	70608,69841,68212,36795,36795,36795,36795	1	8	26939,23440,0,0,0,0,0	106	50633
171889	209	493	406	158	165	49	24	9	4230	506	608	511	274	3	36	3940	449	1055	99,0,0,0,0,0	30084	887	118	49868	1685	0	71197,70459,68803,36935,36935,36935,36935	1	5	26940,23554,0,0,0,0,0	104	51267
172057	194	481	383	146	153	51	26	7	4131	506	611	530	280	3	48	4090	441	993	99,0,0,0,0,0	30526	1253	120	49982	1691	0	71760,71052,69372,37073,37073,37073,37073	1	7	26940,23668,0,0,0,0,0	104	52200
172267	194	438	386	162	142	52	24	9	3954	506	612	523	311	2	46	3959	409	989	99,0,0,0,0,0	23822	1271	134	50114	1693	0	72360,71683,69975,37199,37199,37199,37199	0	5	26940,23800,0,0,0,0,0	111	53160
172447	183	424	367	154	137	49	21	10	3830	508	616	496	305	2	64	4134	406	929	99,0,0,0,0,0	23420	1221	116	50221	1702	0	72915,72267,70535,37319,37319,37319,37319	0	4	26941,23913,0,0,0,0,0	101	54090
172603	168	427	338	138	127	45	19	10	3745	509	617	513	250	0	45	4139	379	883	99,0,0,0,0,0	24141	1234	109	50323	1709	0	73468,72846,71093,37450,37450,37450,37450	0	8	26941,24016,0,0,0,0,0	91	54994
172766	153	389	355	139	128	43	17	10	3614	511	621	508	252	2	34	4039	368	856	99,0,0,0,0,0	23982	1234	92	50411	1713	0	74013,73418,71644,37578,37578,37578,37578	0	9	26941,24108,0,0,0,0,0	82	55914
172941	140	382	332	123	117	35	20	8	3510	512	626	490	259	3	41	4013	346	803	99,0,0,0,0,0	23823	1236	90	50497	1718	0	74557,73990,72195,37704,37704,37704,37704	0	6	26941,24199,0,0,0,0,0	67	56823
173101	136	342	320	118	120	32	19	9	3407	512	630	492	265	1	28	3969	315	772	99,0,0,0,0,0	28094	1225	82	50574	1723	0	75081,74538,72724,37827,37827,37827,37827	0	4	26942,24279,0,0,0,0,0	62	57748
173308	124	320	287	118	110	30	19	7	3280	512	631	474	329	2	27	3791	296	712	99,0,0,0,0,0	28078	585	56	50630	1725	0	75795,75280,73447,38016,38016,38016,38016	0	3	26942,24336,0,0,0,0,0	64	58182
173483	114	293	278	95	102	28	21	6	3182	512	632	500	257	2	40	3513	273	658	99,0,0,0,0,0	22356	602	63	50687	1732	0	76486,75996,74146,38220,38220,38220,38220	0	6	26942,24399,0,0,0,0,0	58	58606
173634	121	250	273	98	95	29	18	7	3070	515	636	499	252	0	25	3226	261	623	99,0,0,0,0,0	22170	627	70	50753	1737	0	77203,76738,74873,38439,38439,38439,38439	0	3	26942,24469,0,0,0,0,0	57	59061
173807	123	223	267	95	84	29	17	7	2934	519	641	526	272	0	37	3232	262	576	99,0,0,0,0,0	22198	576	67	50815	1742	0	77920,77480,75598,38645,38645,38645,38645	0	3	26942,24534,0,0,0,0,0	49	59496
173968	113	205	246	95	85	27	15	8	2822	519	643	527	229	0	22	3069	248	538	99,0,0,0,0,0	22046	576	55	50869	1743	0	78617,78199,76303,38846,38846,38846,38846	0	2	26942,24588,0,0,0,0,0	50	59884
174146	102	198	219	80	76	26	14	7	2706	521	651	522	229	0	25	2874	216	499	99,0,0,0,0,0	22160	662	41	50909	1744	0	79297,78903,76991,39033,39033,39033,39033	0	1	26942,24628,0,0,0,0,0	45	60352
174311	82	201	198	80	68	24	13	8	2585	522	654	532	260	2	20	2665	188	478	99,0,0,0,0,0	27093	614	48	50950	1751	0	79998,79626,77700,39235,39235,39235,39235	0	2	26942,24674,0,0,0,0,0	42	60795
174457	75	187	182	73	64	24	11	7	2484	525	657	520	73	0	10	2434	160	456	99,0,0,0,0,0	27165	851	50	50997	1754	0	80418,80068,78128,39288,39288,39288,39288	0	1	26942,24722,0,0,0,0,0	39	61443
174598	70	180	156	65	56	23	13	7	2391	525	662	520	229	1	24	2348	154	409	99,0,0,0,0,0	16017	843	42	51035	1758	0	80828,80497,78546,39340,39340,39340,39340	0	1	26942,24762,0,0,0,0,0	35	62051
174714	62	174	162	52	55	21	10	7	2295	528	666	529	230	1	22	2150	157	379	99,0,0,0,0,0	15902	830	44	51077	1760	0	81237,80922,78963,39408,39408,39408,39408	0	2	26942,24806,0,0,0,0,0	31	62662
174871	60	151	167	48	54	20	12	7	2160	528	668	509	278	0	18	2277	146	366	99,0,0,0,0,0	15831	813	38	51114	1761	0	81607,81310,79339,39434,39434,39434,39434	0	3	26942,24844,0,0,0,0,0	33	63268
174984	65	156	156	41	50	19	13	6	2057	528	671	534	232	0	10	2231	125	375	99,0,0,0,0,0	15872	836	52	51163	1764	0	81992,81711,79732,39491,39491,39491,39491	0	2	26942,24896,0,0,0,0,0	34	63869
175093	61	154	140	37	42	20	13	6	1979	528	673	530	106	0	13	2126	109	358	100,0,0,0,0,0	16132	817	38	51198	1767	0	82416,82145,80160,39557,39557,39557,39557	0	2	26942,24933,0,0,0,0,0	35	64481
175203	57	148	136	38	37	18	12	5	1886	529	677	528	239	1	14	1743	104	342	100,0,0,0,0,0	26212	790	31	51227	1769	0	82823,82566,80575,39628,39628,39628,39628	0	1	26942,24963,0,0,0,0,0	37	65073
175299	60	137	131	34	33	19	10	5	1807	531	680	531	239	1	11	1618	96	328	100,0,0,0,0,0	26288	1041	35	51261	1771	0	83244,83000,81002,39695,39695,39695,39695	0	2	26942,24997,0,0,0,0,0	31	65854
175396	63	127	120	28	32	19	9	4	1730	532	686	519	242	0	8	1419	86	312	100,0,0,0,0,0	15292	1090	32	51290	1774	0	83648,83416,81412,39749,39749,39749,39749	0	2	26942,25027,0,0,0,0,0	32	66678
175505	52	128	109	27	32	16	8	5	1644	532	688	509	90	0	12	1170	79	293	100,0,0,0,0,0	15066	1050	24	51312	1777	0	84041,83823,81812,39794,39794,39794,39794	0	2	26942,25051,0,0,0,0,0	27	67444
175609	52	125	106	20	32	16	7	4	1548	533	694	498	100	0	10	1118	77	281	100,0,0,0,0,0	14873	999	34	51341	1782	0	84429,84224,82206,39839,39839,39839,39839	0	1	26942,25084,0,0,0,0,0	24	68159
175703	45	123	102	21	28	13	6	5	1471	533	696	498	93	1	6	1026	64	274	100,0,0,0,0,0	14613	1057	25	51365	1784	0	84828,84634,82610,39888,39888,39888,39888	0	1	26942,25108,0,0,0,0,0	23	68952
175790	40	109	103	22	23	11	2	5	1407	535	699	500	279	1	12	955	55	255	100,0,0,0,0,0	14670	1122	16	51381	1784	0	85236,85053,83025,39947,39947,39947,39947	0	1	26942,25124,0,0,0,0,0	18	69769
175884	27	97	102	24	26	10	2	4	1330	535	705	491	107	1	9	779	56	232	100,0,0,0,0,0	20285	1075	16	51396	1785	0	85626,85455,83422,39996,39996,39996,39996	0	1	26942,25140,0,0,0,0,0	16	70543
175961	26	92	95	22	25	9	1	5	1270	535	705	503	263	0	8	581	49	221	100,0,0,0,0,0	19996	341	20	51413	1789	0	86194,86033,83997,40137,40137,40137,40137	0	2	26942,25161,0,0,0,0,0	12	70807
176044	25	82	101	23	23	10	3	3	1190	535	707	521	267	1	5	582	51	216	100,0,0,0,0,0	11302	327	21	51432	1791	0	86789,86638,84600,40288,40288,40288,40288	0	0	26942,25180,0,0,0,0,0	12	71051
176112	31	76	89	20	19	9	3	3	1137	535	712	523	74	1	10	549	51	196	100,0,0,0,0,0	11431	336	23	51453	1793	0	87350,87208,85168,40423,40423,40423,40423	0	2	26942,25201,0,0,0,0,0	13	71306
176177	34	73	85	20	18	9	3	2	1075	535	715	533	101	0	9	535	51	191	100,0,0,0,0,0	11269	326	23	51474	1795	0	87884,87753,85711,40554,40554,40554,40554	0	0	26942,25223,0,0,0,0,0	14	71538
176229	28	76	77	16	14	8	3	2	1039	535	719	513	90	0	7	521	49	173	100,0,0,0,0,0	11410	344	14	51487	1796	0	88454,88330,86288,40705,40705,40705,40705	0	0	26942,25237,0,0,0,0,0	13	71783
176287	24	68	78	11	20	9	3	2	985	535	724	506	256	0	8	549	49	164	100,0,0,0,0,0	11258	339	15	51502	1796	0	89026,88910,86868,40859,40859,40859,40859	0	0	26942,25252,0,0,0,0,0	11	72020
176349	24	62	74	11	16	6	2	2	936	536	728	526	240	0	4	575	44	151	100,0,0,0,0,0	19982	335	13	51514	1797	0	89581,89473,87431,41000,41000,41000,41000	0	0	26942,25264,0,0,0,0,0	8	72275
176416	27	49	57	15	19	5	2	1	888	536	731	510	256	0	4	566	40	134	100,0,0,0,0,0	19793	309	11	51525	1797	0	89744,89641,87597,40914,40914,40914,40914	0	0	26942,25275,0,0,0,0,0	10	72472
176489	22	43	48	13	14	4	2	1	839	537	734	500	255	0	5	476	36	110	100,0,0,0,0,0	11095	329	7	51532	1797	0	89896,89802,87754,40823,40823,40823,40823	0	2	26942,25282,0,0,0,0,0	7	72715
176539	18	45	45	10	16	5	2	0	789	537	740	506	84	0	1	452	35	106	100,0,0,0,0,0	11235	313	13	51544	1798	0	90067,89979,87928,40748,40748,40748,40748	0	0	26942,25295,0,0,0,0,0	8	72938
176584	21	39	48	9	16	5	2	0	741	537	744	517	77	0	4	419	37	103	100,0,0,0,0,0	11159	303	14	51558	1798	0	90224,90141,88089,40662,40662,40662,40662	0	1	26942,25309,0,0,0,0,0	8	73150
176623	23	36	46	7	14	5	2	0	706	537	747	536	105	0	4	381	32	101	100,0,0,0,0,0	11310	293	12	51570	1798	0	90374,90296,88243,40587,40587,40587,40587	0	0	26942,25321,0,0,0,0,0	8	73367
176670	24	41	38	5	9	4	2	0	661	538	754	544	97	0	3	321	30	93	100,0,0,0,0,0	11092	316	14	51581	1801	0	90545,90476,88420,40520,40520,40520,40520	0	1	26942,25335,0,0,0,0,0	7	73615
176726	17	39	41	4	8	4	3	0	609	538	757	543	84	0	0	240	26	90	100,0,0,0,0,0	19571	311	6	51587	1801	0	90710,90646,88589,40443,40443,40443,40443	0	0	26942,25341,0,0,0,0,0	8	73849
176761	15	39	41	4	8	4	3	0	574	538	759	545	88	1	2	170	20	94	100,0,0,0,0,0	19807	163	6	51592	1802	0	90929,90870,88813,40398,40398,40398,40398	0	0	26942,25347,0,0,0,0,0	8	73972
176789	14	34	47	4	9	4	3	0	542	538	762	588	86	0	1	166	21	94	100,0,0,0,0,0	10950	188	10	51602	1802	0	91150,91095,89040,40367,40367,40367,40367	0	0	26942,25357,0,0,0,0,0	7	74093
