S	E	I1	I2	I3	I4	I5_h	I6_h	R_h	R	D1	D2	H	T	P1	P2	Q	QT	NQ	MUT	HOM	VAC	NI	INF	REINF	BSTR	IMM	HCI	HCE	INFV	INFH	VNI
178092	113	134	50	42	44	7	5	0	258	1	0	190	0	0	0	60	60	335	0,0,0,0,0,0	178745	0	0	395	0	0	654,654,654,654,654,654,654	0	0	0,0,0,0,0,0,0	0	0
178043	78	194	59	42	49	5	4	0	270	2	0	313	323	0	76	132	66	365	0,0,0,0,0,0	12442	0	63	458	0	0	703,703,703,703,703,703,703	0	5	63,0,0,0,0,0,0	9	0
177990	88	202	63	52	49	5	4	0	289	2	2	398	295	1	15	246	72	391	0,0,0,0,0,0	12704	0	68	526	0	0	756,756,756,756,756,756,756	0	7	131,0,0,0,0,0,0	11	0
177934	99	194	76	53	46	4	5	0	325	2	8	490	254	0	15	413	73	404	0,0,0,0,0,0	13184	0	65	591	0	0	814,814,814,814,814,814,814	0	7	196,0,0,0,0,0,0	9	0
177862	110	214	79	58	49	8	5	0	347	2	12	552	288	1	24	495	104	419	0,0,0,0,0,0	25035	0	86	678	0	0	889,889,889,889,889,889,889	0	6	283,0,0,0,0,0,0	11	0
177804	117	213	91	56	57	12	6	0	375	2	13	616	146	0	19	689	120	432	0,0,0,0,0,0	25378	0	79	757	0	0	952,952,952,952,952,952,952	0	6	362,0,0,0,0,0,0	16	0
177743	124	225	97	58	66	12	9	0	395	2	15	623	263	1	26	834	157	434	0,0,0,0,0,0	13566	0	87	843	1	0	1018,1018,1018,1018,1018,1018,1018	0	8	449,0,0,0,0,0,0	20	0
177655	131	243	118	65	67	11	11	0	422	3	20	679	256	1	28	1214	187	459	0,0,0,0,0,0	13995	0	103	945	2	0	1112,1112,1112,1110,1110,1110,1110	0	11	552,0,0,0,0,0,0	25	0
177594	136	260	116	72	62	14	11	0	456	3	22	680	90	1	27	1644	212	459	0,0,0,0,0,0	14306	0	84	1030	2	0	1180,1180,1180,1177,1177,1177,1177	0	7	637,0,0,0,0,0,0	27	0
177532	127	270	123	75	66	14	12	1	497	3	26	715	93	1	23	1903	233	454	0,0,0,0,0,0	14589	0	80	1111	2	0	1254,1253,1253,1249,1249,1249,1249	0	5	718,0,0,0,0,0,0	32	0
177452	136	268	136	92	69	16	12	1	534	4	26	714	257	0	23	2015	239	490	0,0,0,0,0,0	14907	0	106	1216	4	0	1343,1341,1341,1336,1336,1336,1336	0	16	825,0,0,0,0,0,0	31	0
177384	152	267	135	100	65	18	12	1	574	4	34	693	242	1	26	2054	266	483	0,0,0,0,0,0	26642	0	93	1308	5	0	1429,1426,1426,1416,1416,1416,1416	1	12	918,0,0,0,0,0,0	43	0
177329	147	267	146	98	67	22	16	1	611	5	37	689	256	0	18	1991	269	494	0,0,0,0,0,0	26548	0	85	1390	8	0	1500,1496,1496,1481,1481,1481,1481	1	10	1003,0,0,0,0,0,0	43	0
177268	147	285	156	98	68	24	18	1	635	5	41	690	255	1	31	2039	286	510	0,0,0,0,0,0	14820	0	98	1488	8	0	1583,1577,1577,1558,1558,1558,1558	1	13	1101,0,0,0,0,0,0	57	0
177181	163	282	180	99	71	28	19	1	668	6	48	675	292	0	23	2098	297	545	0,0,0,0,0,0	15007	0	108	1592	13	0	1685,1678,1678,1653,1653,1653,1653	1	8	1210,0,0,0,0,0,0	63	0
177120	161	302	193	96	65	27	17	1	700	8	56	703	308	2	36	2302	322	539	0,0,0,0,0,0	15104	0	91	1683	14	0	1770,1761,1761,1730,1730,1730,1730	1	9	1302,0,0,0,0,0,0	65	0
177026	153	345	197	90	69	26	18	2	753	8	59	734	255	0	30	2319	319	579	0,0,0,0,0,0	15219	0	121	1803	15	0	1882,1872,1872,1837,1837,1837,1837	1	16	1422,0,0,0,0,0,0	68	0
176931	166	358	217	83	79	26	17	2	794	10	63	731	276	4	26	2137	323	623	0,0,0,0,0,0	15329	0	136	1937	17	0	2004,1992,1992,1949,1949,1949,1949	1	18	1558,0,0,0,0,0,0	67	0
176855	176	365	217	84	85	28	20	2	835	10	69	724	232	0	32	2078	318	657	0,0,0,0,0,0	26557	0	116	2049	22	0	2112,2096,2096,2042,2042,2042,2042	1	13	1674,0,0,0,0,0,0	76	0
176764	184	390	239	91	78	25	21	2	868	12	72	735	93	2	34	2265	346	682	0,0,0,0,0,0	26971	0	136	2185	22	0	2236,2218,2218,2154,2154,2154,2154	1	14	1810,0,0,0,0,0,0	82	0
176665	197	400	240	99	78	28	22	2	926	13	76	730	252	2	26	2491	320	744	0,0,0,0,0,0	15377	0	136	2320	23	0	2365,2344,2344,2270,2270,2270,2270	1	13	1945,0,0,0,0,0,0	77	0
176546	232	403	263	118	86	29	21	3	949	14	82	714	241	2	37	2494	344	808	0,0,0,0,0,0	15531	0	174	2492	26	0	2528,2503,2503,2414,2414,2414,2414	2	20	2119,0,0,0,0,0,0	78	0
176465	227	417	270	126	104	25	22	3	986	16	85	716	244	0	45	2618	369	822	0,0,0,0,0,0	15397	0	138	2630	27	0	2655,2625,2625,2520,2520,2520,2520	2	14	2258,0,0,0,0,0,0	75	0
176350	237	452	264	127	102	28	20	3	1054	20	89	722	273	5	37	2659	368	862	0,0,0,0,0,0	15455	0	165	2794	28	0	2804,2772,2772,2654,2654,2654,2654	2	16	2423,0,0,0,0,0,0	83	0
176212	271	460	280	130	131	29	20	3	1096	21	93	707	254	5	44	2583	423	898	0,0,0,0,0,0	15640	0	194	2988	29	0	2993,2956,2956,2821,2821,2821,2821	2	23	2617,0,0,0,0,0,0	87	0
176121	261	499	267	139	130	34	20	3	1152	21	99	708	255	2	44	2718	448	902	0,0,0,0,0,0	27510	0	157	3145	30	0	3142,3099,3099,2944,2944,2944,2944	2	14	2774,0,0,0,0,0,0	92	0
176028	247	525	275	148	132	37	20	2	1205	22	105	713	279	1	35	2939	461	923	0,0,0,0,0,0	27476	0	157	3301	32	0	3291,3242,3242,3067,3067,3067,3067	2	19	2930,0,0,0,0,0,0	91	0
175904	252	538	302	146	127	43	20	2	1278	24	110	683	300	1	48	3026	486	942	0,0,0,0,0,0	16128	0	183	3482	35	0	3467,3413,3413,3220,3220,3220,3220	2	18	3112,0,0,0,0,0,0	94	0
175792	265	549	313	159	128	37	22	2	1343	24	112	643	260	2	43	2970	497	976	0,0,0,0,0,0	15971	0	182	3664	35	0	3639,3579,3579,3363,3363,3363,3363	2	22	3294,0,0,0,0,0,0	93	0
175670	296	551	324	149	136	41	22	3	1414	25	115	643	250	3	42	2882	489	1030	0,0,0,0,0,0	15757	0	200	3863	36	0	3826,3759,3759,3521,3521,3521,3521	2	16	3493,0,0,0,0,0,0	83	0
175541	300	599	319	160	145	41	22	3	1473	27	116	662	233	2	43	3030	523	1063	0,0,0,0,0,0	15996	0	210	4073	38	0	4028,3954,3954,3689,3689,3689,3689	2	18	3704,0,0,0,0,0,0	95	0
175394	317	615	344	166	147	37	25	3	1551	27	120	652	266	4	49	3135	523	1128	0,0,0,0,0,0	15944	0	213	4288	39	0	4238,4157,4157,3870,3870,3870,3870	2	14	3919,0,0,0,0,0,0	88	0
175310	300	622	347	171	161	39	23	3	1618	30	122	652	269	2	49	3203	517	1146	0,0,0,0,0,0	27827	0	172	4462	39	0	4403,4314,4314,3996,3996,3996,3996	2	16	4093,0,0,0,0,0,0	92	0
175174	307	666	366	173	154	40	25	4	1678	31	128	626	141	2	62	3369	569	1162	0,0,0,0,0,0	27553	0	224	4686	40	0	4624,4526,4526,4177,4177,4177,4177	2	20	4317,0,0,0,0,0,0	96	0
175024	349	662	390	186	166	36	29	5	1735	32	132	618	261	2	55	3706	578	1240	0,0,0,0,0,0	16598	0	247	4932	41	0	4865,4758,4758,4375,4375,4375,4375	3	34	4563,0,0,0,0,0,0	94	0
174900	363	653	396	197	184	39	29	5	1812	34	134	602	245	2	68	3662	612	1249	0,0,0,0,0,0	16560	0	228	5161	42	0	5081,4964,4964,4546,4546,4546,4546	3	29	4793,0,0,0,0,0,0	103	0
174771	367	675	396	210	183	46	29	5	1891	35	138	609	319	2	71	4001	649	1257	0,0,0,0,0,0	16350	0	231	5393	42	0	5306,5179,5179,4725,4725,4725,4725	3	20	5025,0,0,0,0,0,0	106	0
174638	367	694	410	214	186	46	31	4	1977	35	144	613	342	4	69	4584	664	1284	0,0,0,0,0,0	16971	0	225	5618	43	0	5529,5393,5393,4904,4904,4904,4904	3	26	5251,0,0,0,0,0,0	112	0
174500	379	728	439	204	199	50	30	6	2026	38	147	607	306	2	67	4785	693	1336	0,0,0,0,0,0	17597	0	252	5873	44	0	5773,5626,5626,5097,5097,5097,5097	3	32	5507,0,0,0,0,0,0	116	0
174376	373	745	439	200	223	52	28	7	2112	40	151	633	256	1	59	4955	714	1346	0,0,0,0,0,0	29077	0	227	6098	47	0	5993,5836,5836,5271,5271,5271,5271	3	27	5732,0,0,0,0,0,0	121	0
174250	373	757	464	197	219	47	28	9	2206	41	155	603	272	2	62	5273	722	1363	0,0,0,0,0,0	29670	0	235	6333	48	0	6221,6054,6054,5450,5450,5450,5450	3	16	5968,0,0,0,0,0,0	123	0
174134	390	741	506	201	241	50	27	9	2243	43	161	605	281	3	57	5897	739	1417	0,0,0,0,0,0	18677	0	257	6586	53	0	6467,6286,6286,5632,5632,5632,5632	3	31	6222,0,0,0,0,0,0	109	0
173960	420	777	500	218	235	59	28	9	2334	43	163	589	264	7	91	5995	770	1467	0,0,0,0,0,0	18736	0	306	6892	55	0	6759,6565,6565,5867,5867,5867,5867	3	29	6529,0,0,0,0,0,0	126	0
173824	425	796	505	222	242	63	35	8	2414	46	166	585	282	4	74	5903	788	1500	0,0,0,0,0,0	18805	0	272	7164	57	0	7022,6815,6815,6068,6068,6068,6068	3	31	6801,0,0,0,0,0,0	126	0
173694	422	829	526	216	250	61	33	6	2490	50	169	575	292	2	78	5730	779	1558	0,0,0,0,0,0	18648	0	284	7449	57	0	7300,7077,7077,6273,6273,6273,6273	3	27	7086,0,0,0,0,0,0	121	0
173535	444	857	536	219	246	60	38	5	2581	50	175	567	251	2	67	5867	792	1608	0,0,0,0,0,0	18481	0	312	7760	59	0	7603,7365,7365,6506,6506,6506,6506	3	26	7398,0,0,0,0,0,0	121	0
173422	433	867	557	215	254	61	42	5	2661	50	179	545	326	5	69	5390	788	1641	0,0,0,0,0,0	29906	0	260	8021	60	0	7857,7604,7604,6691,6691,6691,6691	4	18	7659,0,0,0,0,0,0	130	0
173327	436	893	566	215	250	65	42	6	2716	51	179	548	261	3	85	5144	792	1675	0,0,0,0,0,0	29746	0	281	8303	61	0	8125,7853,7853,6875,6875,6875,6875	3	18	7941,0,0,0,0,0,0	137	0
173173	448	931	576	226	259	69	40	6	2783	53	182	513	223	2	84	5317	823	1726	0,0,0,0,0,0	18316	0	321	8624	63	0	8436,8148,8148,7109,7109,7109,7109	4	22	8262,0,0,0,0,0,0	136	0
173038	487	931	592	247	266	75	33	8	2826	60	183	504	296	7	99	5800	850	1781	0,0,0,0,0,0	18325	0	333	8959	64	0	8756,8449,8449,7337,7337,7337,7337	4	33	8597,0,0,0,0,0,0	141	0
172877	500	967	587	236	272	73	33	10	2941	61	189	493	320	7	99	5998	896	1772	0,0,0,0,0,0	34144	0	323	9278	70	0	9069,8745,8745,7574,7574,7574,7574	4	28	8916,0,0,0,0,0,0	139	0
172733	504	997	601	238	305	77	35	11	2991	63	191	481	271	3	76	5971	941	1816	0,0,0,0,0,0	34043	0	335	9612	74	0	9393,9050,9050,7809,7809,7809,7809	4	46	9250,0,0,0,0,0,0	142	0
172625	485	1031	596	249	309	79	35	9	3065	68	195	492	293	6	97	6258	985	1799	0,0,0,0,0,0	33912	0	308	9921	76	0	9693,9329,9329,8013,8013,8013,8013	4	35	9560,0,0,0,0,0,0	144	0
172505	489	980	605	274	330	80	33	10	3170	72	198	490	296	1	85	6275	984	1807	0,0,0,0,0,0	47278	0	295	10214	83	0	9976,9595,9595,8215,8215,8215,8215	4	28	9853,0,0,0,0,0,0	155	0
172402	487	964	618	297	315	90	34	10	3252	76	201	472	267	6	88	6467	1006	1799	0,0,0,0,0,0	47212	0	289	10500	87	0	10253,9853,9853,8405,8405,8405,8405	4	30	10139,0,0,0,0,0,0	167	0
172342	460	965	639	298	303	90	38	11	3318	78	204	453	276	4	103	6350	1032	1761	0,0,0,0,0,0	34563	0	267	10766	88	0	10508,10088,10088,8564,8564,8564,8564	5	35	10405,0,0,0,0,0,0	167	0
172279	438	985	624	305	285	92	44	10	3397	80	207	445	235	3	84	6444	1014	1759	0,0,0,0,0,0	34500	0	292	11057	91	0	10784,10340,10340,8732,8732,8732,8732	5	40	10697,0,0,0,0,0,0	163	0
172198	440	966	657	292	295	98	46	11	3448	80	215	423	291	6	91	6833	1022	1772	0,0,0,0,0,0	34460	0	286	11342	94	0	11063,10598,10598,8912,8912,8912,8912	5	31	10982,0,0,0,0,0,0	174	0
172086	455	974	636	284	307	95	45	11	3552	81	220	413	297	5	87	6341	1014	1782	0,0,0,0,0,0	34675	0	302	11641	98	0	11354,10870,10870,9113,9113,9113,9113	5	42	11281,0,0,0,0,0,0	175	0
171976	459	990	618	289	309	91	39	10	3653	89	223	409	294	4	80	6172	1010	1785	0,0,0,0,0,0	34356	0	315	11951	103	0	11651,11147,11147,9316,9316,9316,9316	5	42	11592,0,0,0,0,0,0	155	0
171942	457	978	620	277	298	94	41	11	3708	94	226	400	262	3	82	5796	984	1781	0,0,0,0,0,0	46855	0	273	12222	108	0	11910,11382,11382,9463,9463,9463,9463	5	15	11864,0,0,0,0,0,0	168	0
171942	417	953	645	285	296	90	43	10	3742	96	227	413	252	5	80	6123	1000	1729	0,0,0,0,0,0	46868	0	237	12456	111	0	12129,11577,11577,9572,9572,9572,9572	5	13	12098,0,0,0,0,0,0	175	0
171872	439	957	610	288	271	90	44	9	3839	99	228	422	264	4	75	5856	943	1756	0,0,0,0,0,0	33958	0	317	12774	112	0	12432,11855,11855,9758,9758,9758,9758	4	30	12416,0,0,0,0,0,0	164	0
171791	460	916	608	297	284	91	43	11	3911	101	233	418	239	6	101	5977	935	1764	0,0,0,0,0,0	33715	0	286	13057	117	0	12702,12105,12105,9932,9932,9932,9932	5	31	12699,0,0,0,0,0,0	162	0
171776	451	894	613	314	291	94	49	11	3915	102	236	406	262	2	89	6442	954	1752	0,0,0,0,0,0	34058	0	288	13343	122	0	12973,12348,12348,10075,10075,10075,10075	5	27	12985,0,0,0,0,0,0	163	0
171751	454	899	613	303	283	93	51	11	3947	103	238	409	242	5	89	6595	936	1760	0,0,0,0,0,0	34289	0	273	13615	123	0	13228,12579,12579,10214,10214,10214,10214	5	33	13257,0,0,0,0,0,0	165	0
171710	425	930	621	292	281	88	52	8	3993	106	240	411	253	6	88	6812	970	1719	0,0,0,0,0,0	34773	0	274	13883	130	0	13482,12810,12810,10360,10360,10360,10360	5	28	13525,0,0,0,0,0,0	167	0
171745	416	903	624	292	270	93	53	6	3989	110	245	434	277	5	68	6399	951	1700	0,0,0,0,0,0	47260	0	228	14103	139	0	13691,12992,12992,10446,10446,10446,10446	4	13	13747,0,0,0,0,0,0	176	0
171751	396	913	617	270	251	96	57	7	4030	110	248	444	293	3	84	6600	944	1656	0,0,0,0,0,0	47390	0	248	14350	140	0	13923,13199,13199,10558,10558,10558,10558	4	10	13994,0,0,0,0,0,0	192	0
171760	389	871	622	267	252	90	58	6	4064	114	253	453	266	4	81	6726	941	1608	0,0,0,0,0,0	34988	0	233	14583	141	0	14143,13394,13394,10662,10662,10662,10662	4	29	14227,0,0,0,0,0,0	178	0
171763	384	849	633	266	258	86	55	7	4075	116	254	443	274	2	64	6498	942	1589	0,0,0,0,0,0	34741	0	248	14829	145	0	14370,13596,13596,10771,10771,10771,10771	4	18	14473,0,0,0,0,0,0	179	0
171728	403	815	645	253	253	94	54	9	4118	119	255	442	250	2	81	6539	947	1570	0,0,0,0,0,0	34536	0	254	15082	149	0	14607,13811,13811,10905,10905,10905,10905	4	22	14726,0,0,0,0,0,0	168	0
171734	395	807	628	249	269	87	50	11	4136	123	257	451	239	7	73	6768	946	1539	0,0,0,0,0,0	34605	0	248	15323	157	0	14832,14011,14011,11012,11012,11012,11012	4	28	14968,0,0,0,0,0,0	162	0
171737	399	782	617	262	247	82	45	12	4179	126	258	412	324	4	75	6793	938	1496	0,0,0,0,0,0	34822	0	249	15566	164	0	15058,14213,14213,11121,11121,11121,11121	4	25	15212,0,0,0,0,0,0	152	0
171821	352	763	590	251	263	78	41	14	4182	132	259	424	253	5	61	6606	893	1445	0,0,0,0,0,0	47304	0	193	15757	168	0	15231,14358,14358,11164,11164,11164,11164	4	12	15403,0,0,0,0,0,0	139	0
171850	339	742	576	237	252	75	42	12	4225	136	260	437	311	9	74	6247	849	1414	0,0,0,0,0,0	47542	0	194	15952	169	0	15410,14515,14515,11236,11236,11236,11236	4	13	15598,0,0,0,0,0,0	131	0
171887	344	746	533	221	250	78	43	12	4226	141	265	441	286	1	63	6308	827	1388	0,0,0,0,0,0	34384	0	224	16179	170	0	15620,14698,14698,11320,11320,11320,11320	4	21	15825,0,0,0,0,0,0	137	0
171942	336	717	509	218	240	77	46	12	4242	141	266	430	255	2	86	6301	816	1327	0,0,0,0,0,0	34266	0	208	16385	172	0	15805,14857,14857,11381,11381,11381,11381	3	25	16031,0,0,0,0,0,0	152	0
172024	351	692	489	215	239	74	43	12	4194	144	269	437	245	5	63	6323	795	1308	0,0,0,0,0,0	34396	0	209	16590	176	0	15992,15015,15015,11431,11431,11431,11431	4	26	16236,0,0,0,0,0,0	148	0
172116	333	690	474	216	234	73	42	12	4136	148	272	418	255	4	71	6240	770	1292	0,0,0,0,0,0	34067	0	190	16780	177	0	16164,15158,15158,11468,11468,11468,11468	4	26	16426,0,0,0,0,0,0	142	0
172183	332	729	472	198	223	73	42	13	4055	152	274	433	310	4	70	6398	772	1297	0,0,0,0,0,0	34301	0	217	16992	183	0	16357,15323,15323,11527,11527,11527,11527	4	33	16638,0,0,0,0,0,0	141	0
172267	305	705	467	217	224	68	47	11	4004	153	278	439	92	2	46	6226	731	1302	0,0,0,0,0,0	47309	0	184	17175	185	0	16524,15463,15463,11566,11566,11566,11566	4	24	16821,0,0,0,0,0,0	145	0
172347	276	704	452	214	220	71	48	10	3970	155	279	446	88	1	55	5660	703	1282	0,0,0,0,0,0	46888	0	185	17362	186	0	16692,15604,15604,11606,11606,11606,11606	3	16	17008,0,0,0,0,0,0	162	0
172404	287	673	454	214	214	74	47	10	3929	159	281	440	345	3	86	5386	733	1230	0,0,0,0,0,0	33584	0	191	17554	188	0	16866,15753,15753,11661,11661,11661,11661	4	26	17200,0,0,0,0,0,0	154	0
172503	286	668	436	215	207	75	47	10	3853	164	282	439	307	4	71	5250	761	1173	0,0,0,0,0,0	33545	0	178	17732	189	0	17021,15881,15881,11683,11683,11683,11683	4	25	17378,0,0,0,0,0,0	149	0
172564	294	613	457	210	216	77	47	9	3805	167	287	440	248	3	50	5280	731	1183	0,0,0,0,0,0	33252	0	197	17926	192	0	17200,16033,16033,11737,11737,11737,11737	4	19	17572,0,0,0,0,0,0	155	0
172647	295	598	444	206	207	75	43	12	3759	170	290	436	252	2	59	5139	726	1142	0,0,0,0,0,0	33178	0	186	18112	194	0	17366,16172,16172,11774,11774,11774,11774	3	25	17758,0,0,0,0,0,0	142	0
172747	278	589	451	193	203	71	39	13	3696	173	293	436	265	1	63	4944	719	1105	0,0,0,0,0,0	32973	0	166	18276	196	0	17510,16290,16290,11791,11791,11791,11791	3	21	17922,0,0,0,0,0,0	135	0
172839	280	569	436	197	193	67	38	12	3643	176	296	429	258	4	36	4632	679	1101	0,0,0,0,0,0	45964	0	158	18436	198	0	17653,16408,16408,11812,11812,11812,11812	3	14	18082,0,0,0,0,0,0	130	0
172914	266	577	413	188	184	67	37	10	3615	179	296	453	245	7	41	4498	648	1084	0,0,0,0,0,0	45688	0	154	18591	198	0	17790,16521,16521,11838,11838,11838,11838	3	16	18237,0,0,0,0,0,0	133	0
172979	243	586	407	174	185	64	36	9	3584	182	297	446	307	3	56	4640	631	1064	0,0,0,0,0,0	32469	0	158	18749	199	0	17930,16639,16639,11869,11869,11869,11869	3	11	18395,0,0,0,0,0,0	120	0
173068	241	536	399	192	181	58	39	9	3536	185	302	461	258	0	50	4786	618	1028	0,0,0,0,0,0	32774	0	154	18899	203	0	18062,16747,16747,11884,11884,11884,11884	3	24	18545,0,0,0,0,0,0	113	0
173125	259	527	379	189	188	60	39	10	3477	187	306	460	329	3	63	4616	597	1044	0,0,0,0,0,0	32706	0	178	19075	205	0	18222,16883,16883,11929,11929,11929,11929	3	19	18721,0,0,0,0,0,0	113	0
173203	254	517	358	188	183	61	35	10	3439	190	308	460	263	3	50	4347	584	1012	0,0,0,0,0,0	45632	0	155	19226	210	0	18356,16993,16993,11950,11950,11950,11950	3	12	18872,0,0,0,0,0,0	113	0
173354	212	501	362	185	162	58	33	10	3368	192	309	438	249	5	47	4266	563	950	0,0,0,0,0,0	45642	0	105	19329	212	0	18438,17050,17050,11909,11909,11909,11909	3	8	18975,0,0,0,0,0,0	109	0
173455	206	493	350	177	158	57	30	7	3302	198	313	436	232	2	41	4122	560	911	0,0,0,0,0,0	45590	0	136	19463	215	0	18556,17145,17145,11912,11912,11912,11912	3	14	19109,0,0,0,0,0,0	106	0
173566	187	482	338	170	146	54	31	9	3248	199	316	432	256	4	51	4234	541	867	0,0,0,0,0,0	45557	30	106	19568	217	0	18646,17212,17212,11895,11895,11895,11895	2	11	19214,0,0,0,0,0,0	103	26
173676	176	458	330	162	157	52	34	7	3177	200	317	427	270	4	49	4099	545	824	0,0,0,0,0,0	32224	27	119	19684	221	0	18743,17286,17286,11881,11881,11881,11881	2	11	19330,0,0,0,0,0,0	100	49
173736	197	446	326	160	147	48	34	7	3125	202	318	422	262	1	45	4127	549	809	0,0,0,0,0,0	32340	19	154	19836	224	0	18875,17397,17397,11909,11909,11909,11909	2	12	19482,0,0,0,0,0,0	99	67
173847	202	416	319	144	147	49	31	8	3058	205	320	420	234	0	42	3986	529	779	0,0,0,0,0,0	32246	26	124	19959	225	0	18979,17478,17478,11898,11898,11898,11898	2	7	19605,0,0,0,0,0,0	99	88
173957	199	391	311	159	142	47	30	8	2975	206	321	438	259	3	54	3842	518	761	0,0,0,0,0,0	32058	26	115	20072	228	0	19073,17550,17550,11882,11882,11882,11882	2	17	19719,0,0,0,0,0,0	93	113
174038	197	398	293	155	143	48	32	8	2906	207	321	414	293	3	40	3841	516	750	0,0,0,0,0,0	31999	29	122	20190	232	0	19172,17629,17629,11883,11883,11883,11883	2	16	19837,0,0,0,0,0,0	93	138
174117	193	393	269	142	142	48	32	10	2868	207	325	430	258	1	33	3668	482	737	0,0,0,0,0,0	38612	26	115	20304	233	0	19271,17708,17708,11886,11886,11886,11886	2	13	19951,0,0,0,0,0,0	99	162
174206	169	393	268	136	130	49	30	11	2815	210	329	442	328	0	43	3346	472	703	0,0,0,0,0,0	38463	132	101	20403	236	0	19366,17784,17784,11881,11881,11881,11881	2	5	20050,0,0,0,0,0,0	93	270
174245	172	401	276	132	130	50	28	11	2758	213	330	474	91	0	30	3491	467	722	0,0,0,0,0,0	26524	148	128	20530	238	0	19486,17886,17886,11912,11912,11912,11912	2	13	20177,0,0,0,0,0,0	94	402
174330	181	377	290	133	108	51	26	8	2693	216	333	443	266	1	37	3243	448	718	0,0,0,0,0,0	26282	147	115	20642	241	0	19586,17967,17967,11910,11910,11910,11910	2	10	20290,0,0,0,0,0,0	90	528
174408	178	354	281	122	113	49	26	6	2657	217	335	453	266	0	36	3404	405	718	0,0,0,0,0,0	26522	130	95	20734	245	0	19671,18035,18035,11905,11905,11905,11905	2	16	20382,0,0,0,0,0,0	94	632
174460	188	348	275	118	115	50	25	6	2605	218	338	472	99	0	32	3278	397	722	0,0,0,0,0,0	26461	131	124	20858	246	0	19789,18135,18135,11929,11929,11929,11929	2	7	20506,0,0,0,0,0,0	101	746
174527	193	363	276	114	107	46	25	6	2529	220	340	471	280	0	35	3067	385	739	0,0,0,0,0,0	26291	151	132	20988	248	0	19913,18239,18239,11947,11947,11947,11947	2	15	20638,0,0,0,0,0,0	101	864
174590	182	389	260	116	112	43	25	7	2457	221	344	459	267	1	27	2977	395	732	0,0,0,0,0,0	37963	148	119	21104	251	0	20024,18331,18331,11963,11963,11963,11963	2	6	20754,0,0,0,0,0,0	95	994
174639	175	384	260	109	117	44	22	7	2420	224	345	482	244	0	32	2889	383	728	0,0,0,0,0,0	37894	147	113	21216	252	0	20161,18452,18452,11997,11997,11997,11997	1	7	20866,0,0,0,0,0,0	94	1113
174690	173	376	270	124	116	43	20	7	2353	227	347	468	260	1	43	2901	399	723	0,0,0,0,0,0	26149	158	111	21327	253	0	20306,18581,18581,12035,12035,12035,12035	1	9	20977,0,0,0,0,0,0	89	1244
174712	184	385	253	128	116	43	20	7	2318	230	350	458	92	2	41	3020	424	705	0,0,0,0,0,0	26071	148	139	21465	255	0	20474,18733,18733,12097,12097,12097,12097	1	9	21115,0,0,0,0,0,0	84	1371
174790	191	359	252	128	120	45	23	6	2250	230	352	444	232	2	38	2789	426	692	0,0,0,0,0,0	26221	142	112	21575	257	0	20606,18846,18846,12114,12114,12114,12114	1	16	21225,0,0,0,0,0,0	78	1494
174840	180	357	263	121	126	42	20	7	2204	232	354	443	228	1	34	2936	410	699	0,0,0,0,0,0	25953	169	112	21686	258	0	20744,18967,18967,12147,12147,12147,12147	1	10	21336,0,0,0,0,0,0	69	1631
174887	169	367	256	123	124	42	19	9	2161	233	356	439	251	3	51	2782	436	664	0,0,0,0,0,0	26080	149	103	21788	260	0	20875,19083,19083,12178,12178,12178,12178	2	12	21438,0,0,0,0,0,0	66	1750
174959	145	350	259	117	130	37	18	7	2127	235	362	442	233	1	31	2761	431	625	0,0,0,0,0,0	37752	169	83	21870	261	0	20992,19185,19185,12192,12192,12192,12192	1	5	21520,0,0,0,0,0,0	67	1888
175041	142	330	260	113	108	38	20	7	2088	235	364	438	251	2	31	2818	396	615	0,0,0,0,0,0	37802	85	87	21954	265	0	21106,19282,19282,12198,12198,12198,12198	1	5	21604,0,0,0,0,0,0	68	1958
175083	145	327	241	102	109	37	18	9	2073	236	366	463	236	2	31	3202	379	600	0,0,0,0,0,0	25885	73	95	22048	266	0	21234,19396,19396,12229,12229,12229,12229	1	5	21698,0,0,0,0,0,0	67	2018
175103	146	343	219	96	115	34	18	10	2054	237	371	461	313	1	31	3149	370	601	0,0,0,0,0,0	26133	83	106	22153	267	0	21373,19522,19522,12276,12276,12276,12276	1	10	21803,0,0,0,0,0,0	64	2088
175148	158	329	233	104	112	31	18	9	1988	239	377	459	277	0	36	3083	370	615	0,0,0,0,0,0	26333	70	107	22258	270	0	21511,19645,19645,12311,12311,12311,12311	1	10	21908,0,0,0,0,0,0	62	2141
175159	185	321	239	100	104	33	19	8	1956	240	382	475	88	0	31	3355	371	630	0,0,0,0,0,0	26254	56	125	22380	273	0	21673,19793,19793,12374,12374,12374,12374	1	12	22031,0,0,0,0,0,0	57	2185
175178	180	319	242	102	96	32	19	8	1943	240	387	487	266	0	31	3301	352	638	0,0,0,0,0,0	26601	71	101	22479	276	0	21805,19912,19912,12417,12417,12417,12417	1	10	22131,0,0,0,0,0,0	61	2244
175228	162	320	217	102	91	29	21	5	1939	240	392	497	282	1	22	3125	325	617	0,0,0,0,0,0	38119	61	78	22556	277	0	21923,20017,20017,12440,12440,12440,12440	1	6	22208,0,0,0,0,0,0	58	2294
175281	134	337	212	103	87	28	21	5	1901	241	396	495	251	0	29	2978	318	604	0,0,0,0,0,0	38110	209	87	22643	277	0	22031,20111,20111,12456,12456,12456,12456	1	7	22295,0,0,0,0,0,0	65	2465
175322	152	326	219	103	94	28	16	7	1834	244	401	519	227	1	27	2887	303	635	0,0,0,0,0,0	26206	182	117	22759	278	0	22163,20227,20227,12489,12489,12489,12489	1	14	22411,0,0,0,0,0,0	55	2614
175335	167	333	207	99	80	27	17	6	1824	246	405	511	226	0	38	2917	312	618	0,0,0,0,0,0	25848	212	103	22860	280	0	22282,20334,20334,12527,12527,12527,12527	1	12	22512,0,0,0,0,0,0	52	2786
175362	144	334	212	98	91	23	18	5	1805	247	407	520	94	2	31	2906	316	604	0,0,0,0,0,0	26269	187	86	22945	281	0	22380,20421,20421,12550,12550,12550,12550	1	9	22597,0,0,0,0,0,0	51	2938
175415	125	325	238	96	95	18	17	5	1754	249	409	513	273	1	24	2689	314	600	0,0,0,0,0,0	26179	224	82	23026	282	0	22470,20498,20498,12554,12554,12554,12554	1	7	22678,0,0,0,0,0,0	45	3120
175430	130	329	247	94	101	17	17	5	1710	249	417	510	103	0	31	2815	336	599	0,0,0,0,0,0	25612	215	107	23132	283	0	22598,20612,20612,12596,12596,12596,12596	1	7	22784,0,0,0,0,0,0	38	3298
175459	143	297	249	102	101	17	22	4	1681	249	422	534	269	1	21	2682	320	611	0,0,0,0,0,0	37586	197	92	23223	284	0	22702,20704,20704,12621,12621,12621,12621	1	7	22875,0,0,0,0,0,0	42	3460
175508	124	293	231	107	105	19	21	5	1659	249	425	530	294	2	33	2421	325	575	0,0,0,0,0,0	37825	165	70	23293	285	0	22862,20853,20853,12665,12665,12665,12665	1	6	22945,0,0,0,0,0,0	48	3590
175530	119	308	214	117	105	19	17	6	1634	251	426	530	244	1	27	2774	333	566	0,0,0,0,0,0	25814	180	95	23386	287	0	23042,21023,21023,12730,12730,12730,12730	1	10	23039,0,0,0,0,0,0	44	3725
175516	157	305	209	106	94	22	20	5	1633	251	428	516	287	0	31	2922	328	585	4,0,0,0,0,0	26210	187	94	23517	289	0	23262,21232,21232,12833,12833,12833,12833	1	7	23131,39,0,0,0,0,0	42	3879
175506	183	330	209	102	85	24	19	4	1601	253	430	522	73	2	25	2856	306	646	8,0,0,0,0,0	26165	166	110	23651	291	0	23476,21435,21435,12933,12933,12933,12933	1	7	23223,82,0,0,0,0,0	45	4019
175472	204	349	203	107	98	20	16	6	1581	255	435	504	258	3	31	2745	316	681	13,0,0,0,0,0	25974	173	108	23796	295	0	23719,21667,21667,13057,13057,13057,13057	1	5	23312,138,0,0,0,0,0	46	4156
175432	232	373	213	104	89	22	12	10	1563	257	439	498	257	1	40	2947	310	735	20,0,0,0,0,0	26255	175	116	23951	299	0	23970,21908,21908,13190,13190,13190,13190	1	18	23387,220,0,0,0,0,0	37	4292
175401	215	411	229	102	88	25	13	10	1550	257	445	519	246	1	32	2740	325	758	26,0,0,0,0,0	37787	157	93	24081	301	0	24200,22129,22129,13308,13308,13308,13308	1	4	23447,292,0,0,0,0,0	41	4420
175326	229	441	241	104	93	27	14	9	1555	257	450	528	110	1	23	2733	317	832	30,0,0,0,0,0	37784	132	138	24249	304	0	24446,22366,22366,13455,13455,13455,13455	1	10	23532,376,0,0,0,0,0	49	4523
175280	249	457	247	131	96	29	18	9	1519	258	453	548	289	0	38	2895	321	906	34,0,0,0,0,0	26120	129	170	24419	304	0	24695,22605,22605,13588,13588,13588,13588	1	13	23615,463,0,0,0,0,0	52	4609
175195	243	508	248	134	107	34	19	9	1531	260	458	539	267	1	52	2995	373	920	37,0,0,0,0,0	26192	140	181	24598	306	0	24962,22863,22863,13746,13746,13746,13746	1	18	23704,554,0,0,0,0,0	53	4710
175095	262	533	255	134	112	32	17	8	1576	261	461	503	235	2	50	2917	405	940	41,0,0,0,0,0	26225	117	185	24779	312	0	25223,23117,23117,13910,13910,13910,13910	1	9	23791,652,0,0,0,0,0	59	4795
175019	255	541	275	143	138	31	18	8	1593	261	464	515	251	3	34	3005	417	984	45,0,0,0,0,0	26175	121	179	24952	318	0	25478,23365,23364,14062,14062,14062,14062	1	10	23857,762,0,0,0,0,0	52	4883
174914	278	585	291	134	146	34	19	6	1611	261	467	529	247	3	50	3099	442	1045	47,0,0,0,0,0	26303	116	222	25173	320	0	25776,23655,23653,14249,14249,14249,14249	1	8	23944,898,0,0,0,0,0	61	4970
174852	299	580	304	134	160	35	21	5	1627	261	468	502	307	3	41	3509	483	1050	50,0,0,0,0,0	38425	123	175	25348	321	0	26032,23902,23899,14394,14394,14394,14394	1	9	24013,1004,0,0,0,0,0	70	5063
174746	297	603	329	145	160	36	23	6	1667	262	472	525	262	2	46	3311	509	1084	51,0,0,0,0,0	38434	266	204	25546	328	0	26278,24141,24137,14555,14555,14555,14555	1	16	24098,1120,0,0,0,0,0	70	5264
174648	344	581	338	154	181	32	23	5	1701	264	475	521	340	2	54	3771	540	1113	53,0,0,0,0,0	27038	315	208	25751	332	0	26519,24375,24370,14708,14708,14708,14708	1	8	24181,1245,0,0,0,0,0	70	5506
174540	363	599	332	161	179	35	20	7	1766	266	478	551	276	0	43	3799	524	1165	55,0,0,0,0,0	26918	288	220	25964	339	0	26774,24623,24616,14871,14871,14871,14871	1	20	24262,1382,0,0,0,0,0	67	5698
174439	352	631	366	172	187	38	20	6	1786	268	481	532	245	2	56	4207	581	1185	56,0,0,0,0,0	27033	290	217	26177	343	0	27016,24860,24850,15027,15027,15027,15027	1	8	24335,1525,0,0,0,0,0	72	5909
174309	365	647	367	194	196	42	23	8	1844	268	483	527	325	3	61	4127	605	1229	57,0,0,0,0,0	27687	309	231	26401	350	0	27269,25107,25096,15200,15200,15200,15200	1	9	24415,1674,0,0,0,0,0	79	6143
174181	363	676	380	190	199	44	23	7	1930	269	484	533	292	0	60	4587	604	1271	60,0,0,0,0,0	27654	286	241	26634	358	0	27532,25366,25352,15379,15379,15379,15379	1	12	24483,1845,0,0,0,0,0	82	6357
174058	359	702	397	194	204	44	24	6	1998	272	488	519	141	1	69	4571	651	1273	62,0,0,0,0,0	39483	262	227	26852	367	0	27784,25614,25597,15551,15551,15551,15551	1	10	24546,2005,0,0,0,0,0	82	6541
173973	351	742	390	203	193	48	24	6	2053	274	489	534	338	5	60	4546	659	1292	64,0,0,0,0,0	39578	611	226	27073	372	0	28121,25947,25926,15748,15748,15748,15748	1	8	24609,2167,0,0,0,0,0	85	6898
173812	356	813	408	203	201	52	29	5	2102	274	491	528	274	2	73	4646	701	1361	65,0,0,0,0,0	27769	609	283	27344	386	0	28513,26336,26312,16008,16008,16008,16008	1	17	24681,2377,0,0,0,0,0	101	7316
173678	403	815	422	227	202	52	30	5	2143	275	494	533	281	0	54	4769	721	1430	67,0,0,0,0,0	27749	593	274	27606	400	0	28886,26705,26677,16247,16247,16247,16247	1	13	24749,2582,0,0,0,0,0	103	7847
173516	434	878	438	222	206	56	32	5	2183	277	499	505	280	1	76	4756	760	1506	68,0,0,0,0,0	28166	579	307	27904	413	0	29293,27111,27078,16519,16519,16519,16519	1	26	24818,2821,0,0,0,0,0	112	8353
173317	503	859	466	241	228	59	32	5	2254	279	503	493	240	6	77	5183	792	1596	71,0,0,0,0,0	28053	595	337	28229	426	0	29745,27563,27524,16830,16830,16830,16830	1	18	24873,3102,0,0,0,0,0	124	8871
173106	533	916	492	250	224	58	31	5	2340	283	508	513	310	4	79	5380	838	1666	73,0,0,0,0,0	28283	551	352	28573	436	0	30204,28022,27977,17151,17151,17151,17151	1	23	24937,3392,0,0,0,0,0	125	9350
172942	503	985	525	235	228	61	32	7	2431	283	514	509	245	4	63	5291	800	1769	75,0,0,0,0,0	39557	579	301	28861	451	0	30599,28417,28367,17417,17417,17417,17417	1	11	24988,3640,0,0,0,0,0	136	9856
172775	491	989	578	252	276	60	36	6	2481	283	519	512	238	6	83	5253	865	1817	77,0,0,0,0,0	39996	772	301	29151	465	0	31037,28856,28799,17705,17705,17705,17705	1	16	25029,3899,0,0,0,0,0	138	10535
172534	527	1034	616	262	284	58	37	8	2582	284	520	519	277	6	74	5321	855	1963	78,0,0,0,0,0	28616	766	388	29524	482	0	31588,29408,29345,18087,18087,18087,18087	1	15	25075,4239,0,0,0,0,0	124	11209
172277	577	1081	623	283	293	65	39	9	2691	284	524	505	321	3	108	5954	922	2039	80,0,0,0,0,0	28560	830	411	29929	491	0	32212,30035,29964,18511,18511,18511,18511	1	17	25133,4594,0,0,0,0,0	126	11937
172045	617	1116	624	306	315	70	41	10	2791	285	526	503	324	4	98	6412	977	2112	81,0,0,0,0,0	29207	739	401	30317	507	0	32805,30633,30552,18909,18909,18909,18909	2	18	25189,4940,0,0,0,0,0	140	12580
171779	665	1186	676	321	306	75	40	10	2871	290	527	512	252	7	105	6547	1051	2218	82,0,0,0,0,0	29837	815	452	30751	529	0	33443,31273,31183,19348,19348,19348,19348	2	22	25239,5342,0,0,0,0,0	145	13283
171479	717	1245	700	341	330	84	42	10	2975	293	530	538	238	5	101	7051	1126	2333	84,0,0,0,0,0	30191	819	490	31224	549	0	34103,31939,31839,19816,19816,19816,19816	2	17	25293,5776,0,0,0,0,0	162	13990
171180	738	1269	726	366	345	88	41	8	3152	297	536	525	257	6	93	7220	1142	2431	85,0,0,0,0,0	41549	791	464	31671	567	0	34758,32595,32487,20278,20278,20278,20278	2	17	25332,6196,0,0,0,0,0	187	14654
170957	664	1333	744	383	358	92	39	7	3327	300	542	506	254	5	104	7022	1149	2464	86,0,0,0,0,0	41390	905	404	32058	585	0	35397,33243,33123,20693,20693,20693,20693	2	22	25367,6560,0,0,0,0,0	189	15428
170693	686	1358	805	398	367	91	38	6	3459	301	544	503	264	6	132	7211	1209	2534	87,0,0,0,0,0	46492	883	475	32519	603	0	36097,33952,33818,21161,21161,21161,21161	2	26	25397,7006,0,0,0,0,0	184	16179
170428	699	1398	805	407	379	94	39	8	3641	301	547	487	251	11	126	7667	1255	2566	88,0,0,0,0,0	46451	908	463	32963	624	0	36808,34672,34525,21630,21630,21630,21630	2	28	25438,7425,0,0,0,0,0	174	16957
170155	727	1463	812	397	380	92	40	10	3817	302	551	465	254	8	133	8405	1289	2622	89,0,0,0,0,0	46924	922	486	33434	639	0	37504,35376,35216,22100,22100,22100,22100	2	26	25462,7886,0,0,0,0,0	174	17720
169891	726	1509	813	421	399	91	41	10	3984	308	553	459	250	2	136	8848	1331	2669	90,0,0,0,0,0	47486	908	491	33911	657	0	38220,36102,35927,22576,22576,22576,22576	2	35	25494,8346,0,0,0,0,0	173	18467
169655	717	1515	873	450	425	94	45	8	4099	309	556	467	334	6	136	8440	1368	2751	90,0,0,0,0,0	47569	871	476	34370	677	0	38921,36817,36624,23029,23029,23029,23029	2	20	25536,8778,0,0,0,0,0	196	19195
169486	695	1468	874	473	436	94	44	8	4294	314	560	433	261	6	134	8135	1418	2666	90,0,0,0,0,0	70962	930	400	34756	695	0	39542,37451,37240,23412,23412,23412,23412	2	23	25571,9143,0,0,0,0,0	202	19982
169380	630	1449	917	467	439	96	46	10	4434	315	563	401	245	4	138	8087	1474	2570	91,0,0,0,0,0	71260	642	371	35108	715	0	40204,38127,37899,23785,23785,23785,23785	2	22	25595,9486,0,0,0,0,0	201	20510
169161	652	1461	902	468	432	102	42	11	4629	320	566	419	285	7	146	8426	1499	2560	91,0,0,0,0,0	47184	583	477	35568	737	0	40977,38913,38668,24269,24269,24269,24269	2	25	25625,9931,0,0,0,0,0	194	20982
169003	669	1398	891	490	470	104	47	10	4775	322	567	447	249	3	151	8834	1537	2532	91,0,0,0,0,0	47457	619	429	35981	755	0	41695,39649,39383,24697,24697,24697,24697	2	23	25643,10340,0,0,0,0,0	201	21475
168826	685	1380	876	489	466	101	49	10	4971	325	568	442	271	9	151	9420	1536	2510	92,0,0,0,0,0	48233	636	447	36406	778	0	42426,40397,40112,25141,25141,25141,25141	2	28	25665,10760,0,0,0,0,0	198	21988
168695	700	1374	855	498	465	107	50	10	5094	329	569	451	297	2	139	9393	1507	2542	92,0,0,0,0,0	48058	644	453	36847	795	0	43167,41158,40849,25569,25569,25569,25569	2	15	25689,11190,0,0,0,0,0	200	22504
168552	700	1421	849	490	479	105	51	10	5187	331	571	450	235	2	154	9428	1517	2578	93,0,0,0,0,0	48544	647	458	37282	818	0	43886,41899,41566,25992,25992,25992,25992	2	20	25715,11614,0,0,0,0,0	211	23013
168520	643	1399	879	472	456	112	59	9	5286	334	577	465	309	5	125	8902	1441	2579	93,0,0,0,0,0	71784	647	360	37622	843	0	44521,42557,42198,26321,26321,26321,26321	2	18	25737,11955,0,0,0,0,0	226	23522
168537	582	1342	899	460	446	125	60	11	5369	337	578	451	292	3	147	9102	1421	2493	93,0,0,0,0,0	71923	844	313	37918	862	0	45073,43141,42757,26612,26612,26612,26612	2	18	25751,12253,0,0,0,0,0	251	24232
168445	574	1345	917	456	425	135	63	13	5450	341	582	446	348	9	134	9363	1395	2520	94,0,0,0,0,0	48240	938	426	38332	875	0	45744,43840,43429,26995,26995,26995,26995	2	19	25772,12652,0,0,0,0,0	254	24991
168338	624	1323	890	465	406	134	69	13	5558	342	584	428	232	6	152	9374	1399	2512	94,0,0,0,0,0	48305	918	452	38755	906	0	46455,44577,44139,27379,27379,27379,27379	3	32	25790,13084,0,0,0,0,0	258	25746
168242	667	1303	872	447	409	130	78	12	5657	345	584	424	229	5	135	9328	1394	2512	94,0,0,0,0,0	48324	922	419	39154	929	0	47159,45306,44841,27755,27755,27755,27755	2	20	25801,13488,0,0,0,0,0	249	26505
168110	675	1360	859	438	403	124	85	13	5746	345	588	417	261	7	140	9107	1362	2582	95,0,0,0,0,0	48065	888	470	39606	949	0	47909,46079,45588,28173,28173,28173,28173	2	32	25817,13935,0,0,0,0,0	261	27218
168034	697	1356	846	439	410	121	85	12	5806	350	590	397	286	9	134	8684	1327	2627	95,0,0,0,0,0	47962	911	460	40050	967	0	48628,46827,46305,28552,28552,28552,28552	2	24	25821,14389,0,0,0,0,0	263	27952
168043	675	1306	855	439	389	115	81	9	5882	356	596	418	237	2	108	8195	1273	2587	95,0,0,0,0,0	71546	866	348	40384	983	0	49264,47492,46939,28845,28845,28845,28845	2	13	25832,14723,0,0,0,0,0	241	28668
168072	646	1262	855	457	404	121	84	13	5872	361	599	411	343	2	117	7764	1288	2541	96,0,0,0,0,0	71171	1053	343	40702	1009	0	50010,48270,47685,29180,29180,29180,29180	2	16	25847,15045,0,0,0,0,0	254	29508
168061	626	1267	835	450	398	121	87	13	5918	366	604	416	309	7	152	7671	1290	2494	96,0,0,0,0,0	46755	1017	379	41066	1026	0	50818,49109,48493,29564,29564,29564,29564	2	21	25853,15419,0,0,0,0,0	256	30328
168033	628	1269	850	425	379	112	86	13	5972	373	606	420	280	8	138	7649	1293	2456	96,0,0,0,0,0	47036	1084	397	41444	1047	0	51659,49981,49334,29967,29967,29967,29967	2	22	25864,15804,0,0,0,0,0	238	31194
168015	626	1260	854	425	362	117	85	15	6002	376	609	420	249	4	118	7525	1265	2464	96,0,0,0,0,0	46808	1088	385	41811	1069	0	52454,50806,50129,30348,30348,30348,30348	2	23	25878,16171,0,0,0,0,0	243	32029
167961	640	1293	842	399	367	115	82	16	6036	383	612	410	241	7	123	7588	1238	2500	96,0,0,0,0,0	46483	1056	442	42225	1098	0	53306,51691,50981,30776,30776,30776,30776	2	22	25881,16602,0,0,0,0,0	235	32862
167965	629	1331	839	394	372	115	75	19	6002	390	615	420	258	10	122	7897	1218	2537	97,0,0,0,0,0	46913	1055	414	42624	1115	0	54134,52554,51809,31166,31166,31166,31166	2	23	25888,17007,0,0,0,0,0	241	33639
168080	551	1308	824	400	376	107	80	19	5994	391	616	408	274	6	95	7738	1185	2461	97,0,0,0,0,0	70884	1121	287	42903	1123	0	54832,53286,52507,31438,31438,31438,31438	2	14	25889,17291,0,0,0,0,0	231	34509
168184	512	1221	841	412	368	102	81	17	5991	395	622	413	253	5	116	7853	1173	2364	97,0,0,0,0,0	71132	1431	280	43173	1135	0	55610,54097,53285,31747,31747,31747,31747	2	17	25900,17557,0,0,0,0,0	228	35638
168225	522	1167	841	391	383	103	72	21	5992	404	625	414	300	4	128	7441	1165	2314	97,0,0,0,0,0	46825	1379	358	43509	1158	0	56425,54947,54101,32101,32101,32101,32101	2	26	25906,17903,0,0,0,0,0	205	36690
168276	557	1119	809	363	391	98	71	21	6006	408	627	404	340	7	128	7594	1165	2243	97,0,0,0,0,0	46790	1368	342	43833	1178	0	57264,55817,54939,32457,32457,32457,32457	2	19	25909,18239,0,0,0,0,0	204	37737
168331	534	1106	776	359	397	95	72	20	6016	409	631	414	217	2	114	7801	1133	2206	97,0,0,0,0,0	46687	1409	313	44126	1201	0	58064,56649,55741,32797,32797,32797,32797	2	20	25913,18546,0,0,0,0,0	208	38824
168391	529	1116	748	368	389	93	70	23	5974	413	632	413	292	6	103	7591	1071	2242	98,0,0,0,0,0	38671	1323	358	44465	1222	0	58893,57516,56572,33151,33151,33151,33151	2	16	25916,18896,0,0,0,0,0	208	39833
168427	511	1118	764	349	367	88	75	21	5977	415	634	409	231	6	136	7642	1052	2220	98,0,0,0,0,0	38834	1347	345	44791	1244	0	59693,58351,57374,33500,33500,33500,33500	2	15	25922,19229,0,0,0,0,0	209	40853
168501	502	1057	792	362	369	85	68	22	5930	422	636	399	256	4	105	7639	1036	2199	98,0,0,0,0,0	41197	1342	300	45077	1258	0	60494,59185,58177,33832,33832,33832,33832	2	9	25928,19517,0,0,0,0,0	196	41829
168567	488	1042	759	347	369	79	64	23	5942	426	640	411	242	8	102	6999	1008	2140	98,0,0,0,0,0	40876	1077	290	45358	1270	0	61290,60013,58973,34155,34155,34155,34155	2	17	25933,19802,0,0,0,0,0	191	42630
168638	497	1032	769	342	344	78	64	26	5882	430	644	440	229	5	121	6855	1009	2117	98,0,0,0,0,0	38078	1154	339	45672	1297	0	62075,60833,59759,34470,34470,34470,34470	2	24	25937,20131,0,0,0,0,0	171	43454
168680	488	1037	692	338	330	76	56	25	5939	439	646	434	311	11	114	6739	982	2035	98,0,0,0,0,0	37829	1084	317	45974	1314	0	62849,61639,60535,34789,34789,34789,34789	2	19	25940,20439,0,0,0,0,0	166	44260
168761	505	1014	698	346	316	76	52	24	5860	444	650	410	247	6	103	6879	985	2022	98,0,0,0,0,0	37891	1102	313	46267	1338	0	63642,62468,61328,35101,35101,35101,35101	2	18	25943,20747,0,0,0,0,0	161	45013
168887	489	991	697	339	309	74	50	26	5783	448	653	406	243	8	104	6551	965	1984	98,0,0,0,0,0	38005	1024	274	46524	1355	0	64371,63231,62058,35359,35359,35359,35359	2	18	25943,21015,0,0,0,0,0	147	45757
168998	459	975	694	330	312	70	50	23	5728	453	654	429	243	4	99	6354	945	1945	98,0,0,0,0,0	37551	1172	261	46772	1370	0	65096,63989,62784,35623,35623,35623,35623	2	13	25947,21270,0,0,0,0,0	149	46579
169164	406	910	702	317	325	79	52	22	5656	456	657	416	228	3	98	6189	932	1859	98,0,0,0,0,0	40004	1069	213	46977	1381	0	65764,64688,63452,35832,35832,35832,35832	1	11	25950,21477,0,0,0,0,0	148	47320
169367	379	857	681	294	319	79	46	22	5576	463	663	421	303	6	101	6398	907	1748	98,0,0,0,0,0	40336	893	209	47177	1391	0	66410,65371,64100,36005,36005,36005,36005	1	14	25951,21683,0,0,0,0,0	147	47938
169530	348	827	679	284	312	78	45	22	5490	464	667	451	331	1	106	6247	886	1687	98,0,0,0,0,0	31308	875	214	47380	1403	0	67104,66100,64797,36219,36219,36219,36219	1	10	25951,21893,0,0,0,0,0	139	48552
169635	366	825	648	255	272	78	47	22	5463	465	670	475	286	2	80	6080	805	1686	98,0,0,0,0,0	30985	961	262	47631	1416	0	67830,66859,65525,36469,36469,36469,36469	1	12	25951,22154,0,0,0,0,0	141	49218
169770	356	793	644	270	253	73	44	20	5383	469	671	453	249	4	77	6235	763	1670	98,0,0,0,0,0	30840	885	236	47849	1435	0	68510,67573,66207,36685,36685,36685,36685	1	8	25953,22381,0,0,0,0,0	136	49829
169896	356	772	617	243	248	75	42	20	5332	472	673	459	226	5	71	5670	705	1648	98,0,0,0,0,0	31013	911	225	48060	1449	0	69163,68259,66862,36886,36886,36886,36886	1	10	25953,22602,0,0,0,0,0	130	50452
169984	366	758	629	226	254	79	43	18	5241	474	674	467	327	4	72	5430	688	1667	99,0,0,0,0,0	25243	908	247	48295	1461	0	69868,68995,67570,37137,37137,37137,37137	1	17	25955,22840,0,0,0,0,0	141	51049
170183	334	738	604	221	231	88	42	19	5132	477	677	458	288	4	70	5138	655	1603	99,0,0,0,0,0	31370	888	167	48457	1466	0	70464,69624,68167,37281,37281,37281,37281	1	11	25955,23006,0,0,0,0,0	144	51668
170324	319	741	563	209	229	84	38	19	5059	481	680	439	223	1	63	5209	628	1555	99,0,0,0,0,0	31018	1322	201	48645	1482	0	71088,70283,68796,37464,37464,37464,37464	1	7	25955,23206,0,0,0,0,0	147	52626
170525	280	695	551	211	218	86	34	21	4957	486	682	444	270	6	70	5206	592	1483	99,0,0,0,0,0	24832	1213	161	48799	1489	0	71659,70888,69371,37586,37586,37586,37586	1	11	25955,23365,0,0,0,0,0	139	53526
170675	259	672	533	199	200	79	33	19	4901	488	688	430	303	1	61	4627	548	1427	99,0,0,0,0,0	24596	1266	170	48955	1503	0	72288,71549,70005,37758,37758,37758,37758	1	9	25955,23532,0,0,0,0,0	131	54437
170848	266	636	523	191	205	78	29	20	4770	490	690	416	312	4	79	4347	526	1402	99,0,0,0,0,0	24228	1283	169	49112	1515	0	72878,72175,70603,37914,37914,37914,37914	1	8	25955,23697,0,0,0,0,0	130	55352
171021	237	617	508	186	194	77	29	18	4673	494	692	414	299	2	58	4503	517	1331	99,0,0,0,0,0	24285	1191	161	49261	1528	0	73469,72799,71198,38057,38057,38057,38057	1	6	25956,23852,0,0,0,0,0	123	56221
171215	228	579	514	185	183	75	26	11	4537	496	697	419	297	2	63	4380	509	1281	99,0,0,0,0,0	24253	1213	147	49401	1537	0	74038,73404,71775,38191,38191,38191,38191	1	6	25956,23999,0,0,0,0,0	114	57113
171407	208	540	468	169	183	71	28	8	4467	497	700	438	230	1	34	4108	435	1232	99,0,0,0,0,0	28536	1217	124	49515	1547	0	74602,73999,72345,38325,38325,38325,38325	1	4	25956,24118,0,0,0,0,0	112	58011
171600	205	484	445	156	177	70	28	6	4370	500	705	437	255	1	51	3966	432	1133	99,0,0,0,0,0	28178	594	118	49626	1554	0	75389,74818,73140,38565,38565,38565,38565	1	4	25956,24234,0,0,0,0,0	108	58447
171771	185	470	408	142	171	65	25	5	4292	503	709	451	313	0	57	3947	414	1052	99,0,0,0,0,0	22587	606	118	49744	1557	0	76136,75596,73895,38794,38794,38794,38794	0	3	25956,24355,0,0,0,0,0	104	58867
171952	173	437	406	133	159	62	24	5	4173	507	715	479	264	3	57	3712	413	981	99,0,0,0,0,0	22611	609	102	49841	1563	0	76853,76343,74620,38999,38999,38999,38999	0	1	25956,24455,0,0,0,0,0	95	59302
172134	168	403	385	109	154	58	26	5	4075	509	720	481	247	0	41	3473	380	923	99,0,0,0,0,0	22344	576	102	49939	1567	0	77604,77121,75379,39224,39224,39224,39224	0	3	25956,24555,0,0,0,0,0	96	59689
172286	167	366	371	111	140	51	26	5	3992	509	722	453	256	2	47	3199	362	870	99,0,0,0,0,0	22075	593	101	50031	1577	0	78305,77848,76087,39429,39429,39429,39429	0	7	25957,24654,0,0,0,0,0	81	60090
172490	159	344	354	111	128	46	24	6	3847	510	727	473	261	0	41	2964	330	836	99,0,0,0,0,0	21700	589	83	50109	1584	0	79005,78577,76795,39618,39618,39618,39618	0	4	25957,24736,0,0,0,0,0	75	60510
172651	141	326	331	103	109	46	22	7	3766	512	732	440	240	0	31	2698	296	782	99,0,0,0,0,0	27504	606	75	50181	1588	0	79694,79291,77493,39831,39831,39831,39831	0	1	25957,24812,0,0,0,0,0	71	60955
172819	136	320	300	101	102	41	20	8	3649	514	736	454	256	2	23	2307	269	751	99,0,0,0,0,0	26822	828	90	50264	1595	0	80134,79757,77939,39889,39889,39889,39889	0	3	25957,24901,0,0,0,0,0	66	61548
172997	131	316	281	100	84	33	20	10	3524	514	736	415	221	1	33	2223	250	715	99,0,0,0,0,0	15911	820	86	50348	1598	0	80585,80234,78398,39949,39949,39949,39949	0	4	25957,24987,0,0,0,0,0	55	62113
173166	129	308	274	95	80	35	20	9	3378	515	737	417	235	4	23	2218	235	706	99,0,0,0,0,0	15901	825	88	50432	1602	0	81027,80701,78846,39998,39998,39998,39998	0	5	25957,25074,0,0,0,0,0	62	62723
173323	130	299	259	87	77	32	22	7	3256	515	739	404	101	0	26	2075	230	676	99,0,0,0,0,0	15678	848	77	50503	1611	0	81429,81125,79255,40049,40049,40049,40049	0	4	25957,25153,0,0,0,0,0	58	63322
173500	115	288	231	93	83	30	20	8	3121	517	740	434	249	1	29	1885	216	644	99,0,0,0,0,0	15387	829	60	50558	1616	0	81818,81536,79650,40068,40068,40068,40068	0	2	25957,25212,0,0,0,0,0	55	63908
173654	116	273	226	91	76	29	18	10	2991	519	743	418	265	1	23	1643	199	630	99,0,0,0,0,0	15499	809	72	50622	1624	0	82250,81989,80090,40136,40136,40136,40136	0	2	25957,25284,0,0,0,0,0	49	64482
173848	96	270	214	85	68	29	17	10	2842	520	747	435	296	0	27	1601	191	588	99,0,0,0,0,0	25895	773	53	50670	1629	0	82641,82402,80488,40170,40170,40170,40170	0	2	25957,25335,0,0,0,0,0	51	65042
174012	84	248	218	76	75	29	15	10	2711	520	748	427	303	0	18	1641	181	564	99,0,0,0,0,0	25947	1046	55	50721	1633	0	83051,82832,80904,40204,40204,40204,40204	0	1	25957,25390,0,0,0,0,0	46	65814
174124	84	223	218	80	77	30	13	11	2614	522	750	474	259	0	23	1427	165	560	99,0,0,0,0,0	15177	1059	70	50790	1634	0	83458,83255,81316,40257,40257,40257,40257	0	5	25957,25460,0,0,0,0,0	45	66573
174256	95	191	207	73	77	27	15	10	2520	522	753	468	242	2	21	1481	162	523	99,0,0,0,0,0	15076	1050	53	50839	1638	0	83890,83703,81754,40309,40309,40309,40309	0	1	25957,25513,0,0,0,0,0	41	67329
174394	80	182	200	67	86	23	14	9	2411	524	756	484	255	2	20	1577	160	492	99,0,0,0,0,0	15153	1093	44	50882	1639	0	84290,84118,82159,40345,40345,40345,40345	0	3	25957,25556,0,0,0,0,0	38	68148
174519	75	166	204	62	79	19	13	8	2315	526	760	486	240	0	28	1406	164	454	99,0,0,0,0,0	15057	1051	46	50924	1643	0	84689,84531,82564,40388,40388,40388,40388	0	2	25957,25599,0,0,0,0,0	37	68912
174651	75	164	184	61	62	17	11	8	2224	527	762	498	271	2	24	1499	157	417	100,0,0,0,0,0	15090	1048	45	50968	1644	0	85085,84942,82965,40425,40425,40425,40425	0	2	25957,25644,0,0,0,0,0	32	69667
174788	74	149	184	55	51	17	11	8	2115	528	766	491	99	0	17	1501	149	392	100,0,0,0,0,0	20634	1100	41	51008	1645	0	85472,85345,83357,40460,40460,40460,40460	0	3	25957,25685,0,0,0,0,0	34	70426
174927	70	140	167	55	43	18	10	7	2011	529	769	491	238	3	10	1429	131	372	100,0,0,0,0,0	20777	337	36	51042	1647	0	86057,85945,83949,40589,40589,40589,40589	0	2	25957,25720,0,0,0,0,0	30	70663
175037	63	138	157	42	41	17	12	7	1929	529	774	481	132	1	14	1457	116	354	100,0,0,0,0,0	12186	316	39	51077	1651	0	86625,86526,84524,40715,40715,40715,40715	0	0	25957,25758,0,0,0,0,0	30	70891
175167	56	131	146	38	44	16	10	7	1823	530	778	499	97	0	14	1346	108	333	100,0,0,0,0,0	12329	355	33	51108	1654	0	87175,87091,85082,40828,40828,40828,40828	0	5	25957,25791,0,0,0,0,0	31	71146
175234	56	135	125	37	42	14	11	3	1781	530	778	517	92	0	13	1253	112	308	100,0,0,0,0,0	12045	345	44	51149	1657	0	87777,87703,85692,40997,40997,40997,40997	0	1	25957,25833,0,0,0,0,0	28	71385
175362	50	139	112	31	41	14	11	4	1672	530	780	509	97	0	12	1326	110	288	100,0,0,0,0,0	12087	354	27	51173	1660	0	88319,88258,86241,41103,41103,41103,41103	0	1	25957,25859,0,0,0,0,0	27	71632
175436	52	116	121	37	42	13	11	4	1599	530	785	533	282	1	7	1201	106	286	100,0,0,0,0,0	12001	309	31	51202	1663	0	88880,88828,86809,41240,41240,41240,41240	0	2	25957,25890,0,0,0,0,0	27	71854
175544	56	100	107	33	31	11	12	3	1532	530	787	523	241	0	12	1117	91	259	100,0,0,0,0,0	20473	357	26	51228	1664	0	89433,89393,87368,41366,41366,41366,41366	0	1	25957,25916,0,0,0,0,0	26	72100
175631	46	102	104	32	28	11	11	3	1459	530	789	550	145	0	12	989	84	250	100,0,0,0,0,0	20467	316	27	51254	1665	0	89602,89572,87540,41276,41276,41276,41276	0	0	25957,25943,0,0,0,0,0	21	72321
175720	39	99	103	33	24	12	11	3	1381	530	791	528	105	0	10	970	78	243	100,0,0,0,0,0	11694	310	27	51281	1666	0	89761,89741,87704,41183,41183,41183,41183	0	1	25957,25970,0,0,0,0,0	22	72537
175807	44	95	96	36	29	10	10	2	1291	531	795	585	82	0	5	1036	71	249	100,0,0,0,0,0	11825	337	35	51315	1668	0	89943,89934,87889,41098,41098,41098,41098	0	1	25957,26005,0,0,0,0,0	19	72774
175886	46	80	90	31	29	8	7	3	1236	533	797	582	266	1	15	1207	73	218	100,0,0,0,0,0	11852	327	21	51335	1669	0	90091,90091,88041,41002,41002,41002,41002	0	1	25957,26026,0,0,0,0,0	15	73014
175966	45	78	86	25	27	10	6	3	1168	534	798	567	95	0	12	1284	67	210	100,0,0,0,0,0	12045	330	21	51354	1671	0	90245,90253,88199,40909,40909,40909,40909	0	1	25957,26046,0,0,0,0,0	15	73227
176050	37	86	79	16	26	6	7	2	1104	534	799	566	86	0	11	1409	67	190	100,0,0,0,0,0	12300	325	20	51372	1673	0	90393,90409,88350,40806,40806,40806,40806	0	0	25957,26066,0,0,0,0,0	12	73472
176105	33	78	85	14	22	7	6	3	1058	535	800	567	99	0	5	1361	58	187	100,0,0,0,0,0	20596	324	17	51388	1674	0	90562,90586,88523,40734,40734,40734,40734	0	0	25957,26082,0,0,0,0,0	11	73696
176170	28	73	86	14	16	7	6	3	1006	536	801	586	176	0	4	1059	49	181	100,0,0,0,0,0	20767	163	21	51407	1676	0	90782,90814,88749,40689,40689,40689,40689	0	0	25957,26102,0,0,0,0,0	11	73818
176221	32	68	76	14	16	5	6	3	964	536	805	589	89	0	3	1071	43	174	100,0,0,0,0,0	11838	174	25	51428	1680	0	90993,91032,88966,40648,40648,40648,40648	0	1	25957,26127,0,0,0,0,0	11	73934
