S	E	I1	I2	I3	I4	I5_h	I6_h	R_h	R	D1	D2	H	T	P1	P2	Q	QT	NQ	MUT	HOM	VAC	NI	INF	REINF	BSTR	IMM	HCI	HCE	INFV	INFH	VNI
178111	117	132	36	35	47	8	1	0	256	3	0	207	0	0	0	0	0	376	0,0,0,0,0,0	178743	0	0	376	0	0	635,635,635,635,635,635,635	0	0	0,0,0,0,0,0,0	0	0
178053	90	193	42	37	42	7	1	0	271	3	7	321	268	1	74	0	0	412	0,0,0,0,0,0	12643	0	63	439	0	0	693,693,693,693,693,693,693	0	5	63,0,0,0,0,0,0	8	0
177991	97	215	56	36	47	7	2	0	281	3	11	414	105	0	14	0	0	460	0,0,0,0,0,0	12490	0	77	516	0	0	755,755,755,755,755,755,755	0	12	140,0,0,0,0,0,0	8	0
177922	120	218	74	33	51	8	3	1	301	3	12	511	265	0	15	0	0	507	0,0,0,0,0,0	12574	0	85	601	0	0	827,827,827,827,827,827,827	0	9	225,0,0,0,0,0,0	8	0
177856	124	240	91	40	57	8	3	1	310	3	13	547	269	1	18	0	0	563	0,0,0,0,0,0	24517	0	87	688	0	0	897,897,897,897,897,897,897	0	4	312,0,0,0,0,0,0	11	0
177779	130	248	109	44	60	7	3	1	346	3	16	592	263	1	11	0	0	601	0,0,0,0,0,0	24847	0	86	774	0	0	977,977,977,977,977,977,977	0	5	398,0,0,0,0,0,0	9	0
177696	135	260	125	48	73	7	3	1	376	3	19	631	111	0	28	0	0	651	0,0,0,0,0,0	12840	0	93	867	0	0	1063,1063,1063,1062,1062,1062,1062	0	9	491,0,0,0,0,0,0	11	0
177597	160	281	134	54	78	10	5	1	400	3	23	649	271	0	21	0	0	722	0,0,0,0,0,0	12789	0	117	985	0	0	1167,1167,1167,1166,1166,1166,1166	0	11	609,0,0,0,0,0,0	12	0
177504	165	295	148	72	77	12	7	1	434	3	28	675	90	0	27	0	0	776	0,0,0,0,0,0	13042	0	109	1094	1	0	1265,1265,1265,1263,1263,1263,1263	0	10	719,0,0,0,0,0,0	18	0
177386	175	338	139	76	84	14	8	1	487	3	35	698	311	2	36	0	0	834	0,0,0,0,0,0	12852	0	132	1227	1	0	1390,1390,1390,1388,1388,1388,1388	0	15	852,0,0,0,0,0,0	24	0
177291	186	319	164	93	95	18	8	1	527	3	41	703	144	1	23	0	0	883	0,0,0,0,0,0	13071	0	120	1348	1	0	1500,1499,1499,1494,1494,1494,1494	0	9	973,0,0,0,0,0,0	33	0
177193	187	366	179	84	90	19	8	1	571	3	45	726	260	1	46	0	0	933	0,0,0,0,0,0	24973	0	125	1473	2	0	1611,1609,1609,1601,1601,1601,1601	0	12	1099,0,0,0,0,0,0	38	0
177098	164	397	204	98	98	20	7	1	608	4	47	708	250	1	40	0	0	988	0,0,0,0,0,0	24884	0	123	1595	3	0	1724,1720,1720,1706,1706,1706,1706	0	12	1222,0,0,0,0,0,0	37	0
176966	170	436	221	94	104	25	7	1	667	4	51	710	344	1	34	0	0	1057	0,0,0,0,0,0	13058	0	157	1753	3	0	1870,1866,1866,1851,1851,1851,1851	0	12	1380,0,0,0,0,0,0	40	0
176853	184	440	250	94	110	25	7	1	723	4	55	694	245	2	38	0	0	1110	0,0,0,0,0,0	12972	0	148	1899	5	0	2007,2001,2001,1979,1979,1979,1979	0	14	1527,0,0,0,0,0,0	42	0
176712	212	449	269	105	117	26	8	1	786	4	57	652	294	2	42	0	0	1186	0,0,0,0,0,0	12941	0	177	2076	5	0	2171,2163,2163,2134,2134,2134,2134	0	14	1704,0,0,0,0,0,0	44	0
176544	241	469	272	118	133	23	9	1	871	4	61	680	256	3	55	0	0	1265	0,0,0,0,0,0	12947	0	198	2275	6	0	2363,2353,2353,2317,2317,2317,2317	1	18	1903,0,0,0,0,0,0	48	0
176371	289	481	278	136	132	28	10	1	951	4	65	688	261	1	46	0	0	1354	0,0,0,0,0,0	13012	0	212	2486	8	0	2567,2554,2554,2508,2508,2508,2508	1	36	2116,0,0,0,0,0,0	49	0
176226	292	516	295	129	151	30	11	0	1021	6	69	676	252	1	40	0	0	1424	0,0,0,0,0,0	24923	0	193	2681	8	0	2753,2736,2736,2676,2676,2676,2676	1	21	2311,0,0,0,0,0,0	60	0
176100	285	570	301	125	144	33	11	0	1097	8	72	655	243	2	56	0	0	1469	0,0,0,0,0,0	24901	0	182	2867	8	0	2928,2907,2907,2832,2832,2832,2832	1	16	2497,0,0,0,0,0,0	62	0
175905	320	609	313	144	148	32	13	0	1178	9	75	695	235	2	51	0	0	1579	0,0,0,0,0,0	13015	0	249	3113	11	0	3166,3140,3140,3050,3050,3050,3050	1	28	2746,0,0,0,0,0,0	59	0
175709	373	627	335	154	154	31	11	2	1263	9	78	699	254	4	61	0	0	1685	0,0,0,0,0,0	12962	0	254	3369	12	0	3412,3382,3382,3276,3276,3276,3276	1	24	3003,0,0,0,0,0,0	58	0
175496	411	686	352	156	161	33	13	2	1345	9	82	690	321	3	69	0	0	1812	0,0,0,0,0,0	13138	0	277	3647	12	0	3679,3644,3644,3518,3518,3518,3518	1	21	3281,0,0,0,0,0,0	60	0
175273	416	753	387	179	160	34	13	2	1433	11	85	682	247	3	66	0	0	1942	0,0,0,0,0,0	12941	0	295	3944	13	0	3967,3925,3925,3777,3777,3777,3777	1	34	3579,0,0,0,0,0,0	57	0
174995	465	838	421	188	175	33	15	2	1514	11	89	694	265	5	79	0	0	2135	0,0,0,0,0,0	13017	0	359	4305	13	0	4318,4269,4269,4094,4094,4094,4094	2	42	3940,0,0,0,0,0,0	67	0
174767	485	887	455	196	188	35	17	2	1612	11	91	684	306	7	76	0	0	2263	0,0,0,0,0,0	24950	0	309	4615	15	0	4618,4562,4562,4361,4361,4361,4361	2	27	4251,0,0,0,0,0,0	76	0
174583	457	949	467	207	201	40	19	2	1715	11	95	688	245	4	79	0	0	2340	0,0,0,0,0,0	25056	0	290	4907	16	0	4895,4829,4829,4596,4596,4596,4596	2	17	4543,0,0,0,0,0,0	83	0
174297	484	1022	511	222	217	45	22	2	1815	11	98	667	323	5	98	0	0	2523	0,0,0,0,0,0	13097	0	395	5302	18	0	5279,5203,5203,4934,4934,4934,4934	2	35	4939,0,0,0,0,0,0	87	0
173990	560	1033	538	263	247	47	20	3	1931	13	101	662	291	4	82	0	0	2708	0,0,0,0,0,0	13166	0	395	5699	19	0	5669,5585,5585,5283,5283,5283,5283	2	44	5337,0,0,0,0,0,0	103	0
173665	610	1067	579	278	270	50	22	3	2083	13	106	633	297	7	133	0	0	2876	0,0,0,0,0,0	13220	0	418	6117	20	0	6081,5987,5987,5654,5654,5654,5654	2	40	5756,0,0,0,0,0,0	101	0
173281	707	1162	626	274	275	50	26	4	2212	14	115	645	262	5	116	0	0	3120	0,0,0,0,0,0	13049	0	504	6620	22	0	6579,6474,6474,6098,6098,6098,6098	2	50	6259,0,0,0,0,0,0	115	0
172914	740	1264	669	283	300	47	29	5	2361	16	118	616	246	4	106	0	0	3332	0,0,0,0,0,0	13195	0	474	7097	22	0	7044,6929,6929,6517,6517,6517,6517	3	49	6736,0,0,0,0,0,0	127	0
172558	741	1391	713	290	331	49	34	4	2496	16	123	640	274	3	113	0	0	3549	0,0,0,0,0,0	24844	0	482	7579	24	0	7514,7387,7387,6933,6933,6933,6933	3	42	7219,0,0,0,0,0,0	148	0
172230	728	1494	741	307	343	54	36	3	2666	17	127	593	316	3	102	0	0	3703	0,0,0,0,0,0	25125	0	465	8045	25	0	7970,7830,7830,7328,7328,7328,7328	3	41	7685,0,0,0,0,0,0	153	0
171772	788	1612	757	339	370	65	41	6	2846	18	132	602	251	7	149	0	0	3972	0,0,0,0,0,0	13227	0	617	8661	28	0	8572,8416,8416,7861,7861,7861,7861	3	59	8301,0,0,0,0,0,0	153	0
171294	899	1655	826	374	388	69	48	5	3032	20	136	550	253	7	150	0	0	4259	0,0,0,0,0,0	13047	0	644	9306	29	0	9202,9031,9031,8418,8418,8418,8418	4	67	8946,0,0,0,0,0,0	162	0
170773	972	1738	913	408	411	79	48	7	3235	23	139	572	278	14	157	0	0	4569	0,0,0,0,0,0	13253	0	668	9978	30	0	9864,9678,9678,9012,9012,9012,9012	4	63	9618,0,0,0,0,0,0	171	0
170229	1073	1827	950	444	484	78	49	6	3433	26	147	516	346	9	186	0	0	4905	0,0,0,0,0,0	13104	0	721	10701	33	0	10575,10372,10372,9642,9642,9642,9642	4	82	10341,0,0,0,0,0,0	175	0
169709	1142	1883	1041	474	529	78	49	7	3656	28	150	482	315	9	201	0	0	5196	0,0,0,0,0,0	13107	0	708	11413	36	0	11272,11050,11050,10253,10253,10253,10253	4	51	11055,0,0,0,0,0,0	186	0
169204	1117	1988	1114	510	524	85	52	9	3960	29	154	483	330	9	182	0	0	5390	0,0,0,0,0,0	24911	0	700	12112	39	0	11959,11718,11718,10852,10852,10852,10852	5	52	11754,0,0,0,0,0,0	197	0
168755	1071	2121	1158	535	527	95	56	10	4227	34	157	482	272	12	184	0	0	5563	0,0,0,0,0,0	25124	0	689	12801	44	0	12629,12365,12365,11415,11415,11415,11415	5	59	12443,0,0,0,0,0,0	209	0
168091	1170	2278	1236	573	559	101	56	12	4473	38	159	474	268	9	250	0	0	5973	0,0,0,0,0,0	13202	0	911	13713	48	0	13527,13238,13238,12199,12199,12199,12199	5	92	13355,0,0,0,0,0,0	228	0
167437	1287	2416	1292	607	604	110	60	14	4715	43	161	465	313	9	212	0	0	6376	0,0,0,0,0,0	13138	0	921	14634	52	0	14430,14114,14114,12979,12979,12979,12979	5	103	14276,0,0,0,0,0,0	237	0
166797	1363	2513	1365	647	646	110	63	15	5012	50	165	447	253	14	249	0	0	6707	0,0,0,0,0,0	13023	0	925	15560	54	0	15338,14994,14994,13756,13756,13756,13756	6	105	15204,0,0,0,0,0,0	221	0
166059	1423	2714	1452	662	659	114	71	14	5357	51	170	461	317	14	271	0	0	7095	0,0,0,0,0,0	13061	0	1044	16602	61	0	16364,15989,15989,14640,14640,14640,14640	6	93	16248,0,0,0,0,0,0	239	0
165360	1478	2857	1560	710	685	120	73	13	5663	56	171	464	267	12	259	0	0	7483	0,0,0,0,0,0	13142	0	1041	17642	68	0	17383,16974,16974,15503,15503,15503,15503	7	121	17291,0,0,0,0,0,0	244	0
164746	1455	2931	1671	745	729	122	78	14	6020	60	175	455	327	11	245	0	0	7731	0,0,0,0,0,0	25206	0	940	18583	74	0	18305,17863,17863,16274,16274,16274,16274	7	71	18233,0,0,0,0,0,0	243	0
164126	1439	3078	1727	768	767	134	77	15	6371	66	178	455	321	8	269	0	0	7990	0,0,0,0,0,0	25067	0	974	19553	83	0	19253,18776,18776,17061,17061,17061,17061	7	77	19204,0,0,0,0,0,0	259	0
163294	1622	3140	1851	807	769	141	83	13	6771	74	181	447	322	9	308	0	0	8413	0,0,0,0,0,0	13378	0	1198	20750	90	0	20428,19915,19915,18068,18068,18068,18068	7	104	20401,0,0,0,0,0,0	272	0
162504	1739	3284	1915	813	792	152	88	13	7185	77	184	431	349	14	315	0	0	8783	0,0,0,0,0,0	13206	0	1159	21910	97	0	21563,21013,21013,19034,19034,19034,19034	7	101	21561,0,0,0,0,0,0	290	0
161792	1764	3410	1976	859	889	164	94	14	7513	84	187	413	312	17	293	0	0	9156	0,0,0,0,0,0	28757	0	1147	23051	110	0	22680,22087,22087,19951,19951,19951,19951	8	112	22703,0,0,0,0,0,0	287	0
161101	1771	3492	2038	893	928	168	90	17	7971	88	189	377	308	12	344	0	0	9380	0,0,0,0,0,0	28830	0	1137	24183	122	0	23787,23149,23149,20853,20853,20853,20853	8	111	23838,0,0,0,0,0,0	307	0
160383	1782	3567	2103	926	943	177	94	19	8466	96	190	362	315	21	342	0	0	9592	0,0,0,0,0,0	28903	0	1157	25344	129	0	24921,24239,24239,21781,21781,21781,21781	8	118	25001,0,0,0,0,0,0	297	0
159849	1720	3555	2187	930	973	187	99	18	8933	103	192	341	290	12	337	0	0	9651	0,0,0,0,0,0	42780	0	1018	26362	135	0	25911,25180,25180,22546,22546,22546,22546	8	76	26021,0,0,0,0,0,0	321	0
159415	1644	3511	2252	963	993	199	104	20	9340	111	194	306	299	14	352	0	0	9666	0,0,0,0,0,0	43032	0	976	27340	144	0	26857,26072,26072,23241,23241,23241,23241	8	64	27001,0,0,0,0,0,0	327	0
158853	1628	3533	2293	984	993	220	110	20	9800	116	196	297	324	17	394	0	0	9761	0,0,0,0,0,0	29055	0	1099	28434	153	0	27919,27081,27081,24057,24057,24057,24057	8	130	28095,0,0,0,0,0,0	343	0
