S	E	I1	I2	I3	I4	I5_h	I6_h	R_h	R	D1	D2	H	T	P1	P2	Q	QT	NQ	MUT	HOM	VAC	NI	INF	REINF	BSTR	IMM	HCI	HCE	INFV	INFH	VNI
178128	107	125	54	43	46	9	2	0	231	1	0	226	0	0	0	0	0	386	0,0,0,0,0,0	178745	0	0	386	0	0	618,618,618,618,618,618,618	0	0	0,0,0,0,0,0,0	0	0
178066	96	185	52	39	39	11	4	0	252	1	1	341	250	0	85	0	0	426	0,0,0,0,0,0	12684	0	75	461	0	0	680,680,680,680,680,680,680	0	4	75,0,0,0,0,0,0	11	0
178002	107	186	79	40	45	13	5	0	265	1	3	411	280	1	10	0	0	475	0,0,0,0,0,0	12705	0	73	534	0	0	745,745,745,745,745,745,745	0	3	148,0,0,0,0,0,0	20	0
177934	123	202	78	47	50	15	3	1	287	2	4	491	71	0	20	0	0	518	0,0,0,0,0,0	12758	0	80	615	0	0	815,815,815,815,815,815,815	0	8	229,0,0,0,0,0,0	22	0
177844	130	229	93	47	48	15	2	1	325	3	9	542	307	1	28	0	0	564	0,0,0,0,0,0	24780	0	91	707	0	0	906,906,906,906,906,906,906	0	4	321,0,0,0,0,0,0	27	0
177768	126	257	101	53	52	16	3	0	356	3	11	589	348	0	16	0	0	608	0,0,0,0,0,0	24941	0	92	799	0	0	985,985,985,985,985,985,985	0	14	413,0,0,0,0,0,0	29	0
177696	127	277	106	55	54	16	3	0	397	3	12	633	249	0	22	0	0	638	0,0,0,0,0,0	12889	0	89	888	0	0	1063,1063,1063,1063,1063,1063,1063	0	11	502,0,0,0,0,0,0	30	0
177591	140	309	123	63	64	15	3	0	420	3	15	676	283	2	27	0	0	717	0,0,0,0,0,0	13071	0	120	1007	1	0	1174,1173,1173,1172,1172,1172,1172	0	9	622,0,0,0,0,0,0	32	0
177480	165	320	154	69	68	16	2	1	447	3	21	686	298	3	28	0	0	794	0,0,0,0,0,0	12898	0	134	1141	1	0	1298,1297,1297,1293,1293,1293,1293	0	7	756,0,0,0,0,0,0	32	0
177365	187	337	178	79	76	19	4	1	470	3	27	692	88	1	26	0	0	880	0,0,0,0,0,0	12815	0	136	1278	1	0	1426,1424,1424,1418,1418,1418,1418	0	16	893,0,0,0,0,0,0	35	0
177241	210	373	180	86	84	21	3	1	508	4	35	696	265	1	30	0	0	957	0,0,0,0,0,0	13103	0	143	1421	1	0	1563,1561,1561,1552,1552,1552,1552	0	15	1036,0,0,0,0,0,0	36	0
177115	222	401	206	95	83	21	3	1	556	4	39	690	84	0	22	0	0	1031	0,0,0,0,0,0	25097	0	148	1570	1	0	1700,1698,1698,1687,1687,1687,1687	0	15	1185,0,0,0,0,0,0	45	0
177014	217	412	223	97	90	21	4	1	621	4	42	705	247	3	27	0	0	1064	0,0,0,0,0,0	24623	0	133	1703	2	0	1820,1816,1816,1801,1801,1801,1801	1	8	1319,0,0,0,0,0,0	43	0
176854	231	481	228	104	86	21	5	1	685	4	46	722	281	1	36	0	0	1156	0,0,0,0,0,0	13115	0	191	1893	4	0	2003,1997,1997,1976,1976,1976,1976	1	28	1511,0,0,0,0,0,0	41	0
176669	282	505	254	96	104	22	6	1	750	6	51	735	253	1	46	0	0	1269	0,0,0,0,0,0	13042	0	215	2108	5	0	2210,2202,2202,2175,2175,2175,2175	1	21	1727,0,0,0,0,0,0	49	0
176505	315	508	277	121	117	22	8	1	809	7	56	743	243	2	44	0	0	1368	0,0,0,0,0,0	13074	0	197	2303	8	0	2395,2385,2385,2352,2352,2352,2352	1	18	1925,0,0,0,0,0,0	56	0
176318	328	555	308	144	123	24	10	1	869	7	59	767	256	2	44	0	0	1492	0,0,0,0,0,0	12935	0	225	2529	8	0	2609,2597,2597,2555,2555,2555,2555	1	30	2151,0,0,0,0,0,0	52	0
176102	346	615	325	145	142	28	10	1	963	8	61	774	251	5	56	0	0	1611	0,0,0,0,0,0	12922	0	253	2782	8	0	2850,2836,2836,2786,2786,2786,2786	1	20	2404,0,0,0,0,0,0	59	0
175934	344	643	364	157	138	33	9	1	1053	8	62	747	286	1	71	0	0	1688	0,0,0,0,0,0	24823	0	213	2994	10	0	3053,3036,3036,2975,2975,2975,2975	1	14	2618,0,0,0,0,0,0	67	0
175763	342	670	378	171	156	33	11	1	1144	8	69	738	315	2	55	0	0	1761	0,0,0,0,0,0	25037	0	224	3215	13	0	3264,3243,3243,3170,3170,3170,3170	1	16	2841,0,0,0,0,0,0	73	0
175551	383	717	384	192	165	32	12	2	1223	8	77	724	302	2	77	0	0	1885	0,0,0,0,0,0	13223	0	279	3493	15	0	3538,3511,3511,3416,3416,3416,3416	1	26	3121,0,0,0,0,0,0	73	0
175271	418	778	419	187	168	35	14	3	1362	9	82	727	340	5	76	0	0	2019	0,0,0,0,0,0	13039	0	324	3816	16	0	3854,3824,3824,3716,3716,3716,3716	1	39	3445,0,0,0,0,0,0	78	0
175034	453	853	421	185	193	31	18	2	1457	10	89	697	274	1	71	0	0	2154	0,0,0,0,0,0	13104	0	321	4137	17	0	4168,4130,4130,3995,3995,3995,3995	1	31	3767,0,0,0,0,0,0	81	0
174733	490	931	490	186	208	32	23	2	1550	10	91	696	261	5	85	0	0	2360	0,0,0,0,0,0	12993	0	381	4518	19	0	4536,4491,4491,4332,4332,4332,4332	2	36	4150,0,0,0,0,0,0	84	0
174432	564	987	497	204	234	27	27	2	1669	11	92	697	315	8	86	0	0	2540	0,0,0,0,0,0	13148	0	403	4922	21	0	4924,4870,4870,4680,4680,4680,4680	2	48	4556,0,0,0,0,0,0	94	0
174167	591	1025	538	234	240	31	29	2	1778	13	98	689	156	4	85	0	0	2688	0,0,0,0,0,0	25221	0	354	5277	21	0	5269,5208,5208,4989,4989,4989,4989	2	32	4911,0,0,0,0,0,0	100	0
173924	553	1091	567	247	267	30	29	2	1919	17	100	668	297	4	94	0	0	2784	0,0,0,0,0,0	24993	0	341	5620	22	0	5599,5529,5529,5280,5280,5280,5280	2	37	5254,0,0,0,0,0,0	97	0
173607	583	1165	606	260	268	40	34	2	2059	18	104	662	288	10	112	0	0	2956	0,0,0,0,0,0	13082	0	437	6056	23	0	6025,5944,5944,5655,5655,5655,5655	2	39	5691,0,0,0,0,0,0	101	0
173258	633	1236	622	287	276	37	32	4	2231	21	109	624	306	5	107	0	0	3123	0,0,0,0,0,0	13163	0	462	6522	24	0	6479,6387,6387,6058,6058,6058,6058	2	32	6157,0,0,0,0,0,0	110	0
172843	710	1305	689	304	312	42	38	3	2364	23	113	632	328	6	135	0	0	3400	0,0,0,0,0,0	12967	0	522	7047	25	0	6994,6892,6892,6526,6526,6526,6526	3	56	6682,0,0,0,0,0,0	109	0
172400	777	1434	720	320	317	49	41	4	2547	23	114	621	324	12	134	0	0	3658	0,0,0,0,0,0	13079	0	571	7622	29	0	7557,7442,7442,7032,7032,7032,7032	3	55	7258,0,0,0,0,0,0	127	0
171910	860	1551	812	336	353	53	40	5	2687	24	115	594	249	7	142	0	0	4005	0,0,0,0,0,0	12954	0	635	8261	29	0	8180,8051,8051,7591,7591,7591,7591	3	54	7897,0,0,0,0,0,0	139	0
171546	884	1612	849	361	372	62	42	7	2866	26	119	551	236	8	134	0	0	4182	0,0,0,0,0,0	24985	0	527	8788	32	0	8695,8550,8550,8034,8034,8034,8034	3	43	8424,0,0,0,0,0,0	157	0
171183	867	1707	921	370	381	73	41	7	3047	28	121	545	315	6	156	0	0	4360	0,0,0,0,0,0	24985	0	556	9343	36	0	9234,9071,9071,8489,8489,8489,8489	3	43	8979,0,0,0,0,0,0	174	0
170651	939	1826	959	395	405	81	44	8	3284	31	123	544	308	5	165	0	0	4649	0,0,0,0,0,0	13202	0	702	10046	39	0	9922,9743,9743,9102,9102,9102,9102	4	82	9682,0,0,0,0,0,0	176	0
170156	1029	1891	1041	414	441	92	43	9	3469	34	127	577	267	16	173	0	0	4951	0,0,0,0,0,0	13088	0	706	10751	40	0	10611,10411,10411,9698,9698,9698,9698	4	70	10388,0,0,0,0,0,0	183	0
169580	1108	2035	1122	438	468	99	43	9	3674	38	132	543	315	14	185	0	0	5313	0,0,0,0,0,0	13130	0	788	11538	44	0	11385,11165,11165,10377,10377,10377,10377	4	67	11175,0,0,0,0,0,0	206	0
168978	1190	2117	1195	484	498	106	44	7	3952	42	133	530	305	13	198	0	0	5634	0,0,0,0,0,0	12996	0	798	12337	48	0	12171,11931,11931,11073,11073,11073,11073	5	82	11975,0,0,0,0,0,0	227	0
168407	1212	2250	1267	514	531	115	42	8	4212	50	138	528	264	7	195	0	0	5931	0,0,0,0,0,0	13044	0	791	13133	51	0	12956,12693,12693,11753,11753,11753,11753	5	75	12772,0,0,0,0,0,0	215	0
167894	1206	2317	1318	549	558	126	51	8	4527	52	140	521	344	19	206	0	0	6125	0,0,0,0,0,0	25005	0	732	13867	58	0	13678,13393,13393,12373,12373,12373,12373	5	51	13508,0,0,0,0,0,0	248	0
167386	1170	2402	1397	583	600	132	59	10	4809	54	144	503	325	11	214	0	0	6343	0,0,0,0,0,0	25336	0	766	14634	61	0	14428,14118,14118,13006,13006,13006,13006	5	65	14275,0,0,0,0,0,0	262	0
166732	1287	2490	1419	612	622	146	69	9	5158	55	147	466	301	14	258	0	0	6645	0,0,0,0,0,0	13263	0	962	15598	65	0	15375,15034,15034,13810,13810,13810,13810	5	102	15240,0,0,0,0,0,0	263	0
166014	1424	2586	1473	667	681	154	70	11	5455	60	151	452	313	13	246	0	0	7055	0,0,0,0,0,0	13244	0	1012	16609	71	0	16367,15997,15997,14667,14667,14667,14667	6	75	16251,0,0,0,0,0,0	285	0
165279	1523	2758	1523	699	688	156	76	12	5812	64	156	446	288	15	269	0	0	7423	0,0,0,0,0,0	13199	0	1040	17653	75	0	17393,16991,16991,15550,15550,15550,15550	6	101	17296,0,0,0,0,0,0	284	0
164544	1584	2962	1583	731	701	163	81	11	6160	68	158	423	317	20	274	0	0	7805	0,0,0,0,0,0	13106	0	1076	18737	77	0	18453,18018,18018,16453,16453,16453,16453	7	100	18380,0,0,0,0,0,0	286	0
163711	1690	3113	1737	769	744	166	79	14	6490	72	161	406	281	18	263	0	0	8298	0,0,0,0,0,0	13327	0	1184	19927	80	0	19621,19150,19150,17457,17457,17457,17457	7	114	19570,0,0,0,0,0,0	295	0
163070	1714	3203	1794	795	760	173	84	16	6898	78	161	374	324	18	282	0	0	8523	0,0,0,0,0,0	25101	0	1020	20943	88	0	20614,20106,20106,18277,18277,18277,18277	7	78	20587,0,0,0,0,0,0	310	0
162463	1677	3242	1928	859	804	179	88	18	7242	82	164	349	324	14	291	0	0	8777	0,0,0,0,0,0	25074	0	1011	21951	97	0	21600,21051,21051,19077,19077,19077,19077	7	71	21596,0,0,0,0,0,0	317	0
161518	1791	3543	1959	888	840	180	87	20	7662	91	167	338	320	16	328	0	0	9288	0,0,0,0,0,0	13347	0	1382	23333	104	0	22956,22363,22363,20232,20232,20232,20232	8	164	22978,0,0,0,0,0,0	318	0
160672	1865	3667	2061	912	933	180	95	22	8078	92	169	341	284	13	344	0	0	9713	0,0,0,0,0,0	13243	0	1314	24645	113	0	24238,23599,23599,21299,21299,21299,21299	8	127	24291,0,0,0,0,0,0	323	0
159862	1963	3722	2161	977	1011	186	94	22	8478	99	171	322	279	17	355	0	0	10114	0,0,0,0,0,0	29032	0	1310	25956	117	0	25519,24830,24830,22347,22347,22347,22347	9	128	25603,0,0,0,0,0,0	319	0
159143	1939	3834	2224	1060	1037	200	113	22	8898	104	172	315	328	20	414	0	0	10407	0,0,0,0,0,0	28964	0	1242	27189	134	0	26722,25981,25981,23311,23311,23311,23311	9	103	26840,0,0,0,0,0,0	330	0
158386	1934	3915	2341	1058	1061	218	119	23	9407	110	174	285	325	18	417	0	0	10646	0,0,0,0,0,0	28916	0	1280	28471	144	0	27974,27180,27180,24318,24318,24318,24318	9	126	28125,0,0,0,0,0,0	364	0
157813	1857	3858	2404	1088	1127	230	127	23	9927	115	177	273	308	18	344	0	0	10691	0,0,0,0,0,0	42670	0	1095	29558	157	0	29032,28186,28186,25137,25137,25137,25137	9	93	29214,0,0,0,0,0,0	393	0
157372	1774	3840	2426	1089	1139	239	138	23	10407	121	178	276	301	13	376	0	0	10645	0,0,0,0,0,0	42633	0	1030	30585	167	0	30024,29119,29119,25858,25858,25858,25858	9	84	30241,0,0,0,0,0,0	416	0
156859	1764	3818	2517	1067	1160	266	153	22	10814	126	180	244	314	26	416	0	0	10745	0,0,0,0,0,0	29125	0	1168	31742	182	0	31143,30173,30173,26678,26678,26678,26678	9	105	31401,0,0,0,0,0,0	434	0
