S	E	I1	I2	I3	I4	I5_h	I6_h	R_h	R	D1	D2	H	T	P1	P2	Q	QT	NQ	MUT	HOM	VAC	NI	INF	REINF	BSTR	IMM	HCI	HCE	INFV	INFH	VNI
178096	118	114	60	37	51	7	7	0	253	3	0	211	0	0	0	0	0	394	0,0,0,0,0,0	178743	0	0	394	0	0	650,650,650,650,650,650,650	0	0	0,0,0,0,0,0,0	0	0
178044	106	167	61	35	50	4	6	1	268	3	1	328	97	0	67	0	0	429	0,0,0,0,0,0	12502	0	66	460	0	0	702,702,702,702,702,702,702	0	8	66,0,0,0,0,0,0	11	0
177994	107	187	63	43	57	6	6	1	275	3	4	431	264	0	12	0	0	469	0,0,0,0,0,0	12529	0	64	526	0	0	753,753,753,753,753,753,753	0	7	132,0,0,0,0,0,0	11	0
177929	103	223	74	45	49	8	5	2	299	3	6	488	76	0	18	0	0	507	0,0,0,0,0,0	12589	0	77	604	0	0	819,819,819,819,819,819,819	0	5	210,0,0,0,0,0,0	13	0
177850	118	239	90	39	56	8	4	2	327	4	9	546	75	0	12	0	0	554	0,0,0,0,0,0	24663	0	90	695	0	0	900,900,900,900,900,900,900	0	2	301,0,0,0,0,0,0	16	0
177786	123	252	101	48	53	7	4	2	352	4	14	571	90	1	21	0	0	588	0,0,0,0,0,0	24563	0	81	776	0	0	967,967,967,967,967,967,967	0	10	382,0,0,0,0,0,0	17	0
177688	151	274	111	48	50	8	4	2	390	4	16	606	253	1	24	0	0	646	0,0,0,0,0,0	12751	0	113	890	0	0	1068,1068,1068,1068,1068,1068,1068	0	9	496,0,0,0,0,0,0	14	0
177614	157	275	132	53	67	10	3	3	405	4	23	632	324	0	22	0	0	697	0,0,0,0,0,0	13017	0	88	978	0	0	1145,1145,1145,1145,1145,1145,1145	0	6	584,0,0,0,0,0,0	15	0
177504	167	306	154	62	71	11	4	3	434	4	26	634	264	1	21	0	0	775	0,0,0,0,0,0	12862	0	132	1110	0	0	1263,1262,1262,1261,1261,1261,1261	0	6	716,0,0,0,0,0,0	17	0
177393	187	327	156	67	81	11	6	3	482	4	29	696	146	0	30	0	0	835	0,0,0,0,0,0	12959	0	128	1239	0	0	1385,1384,1384,1381,1381,1381,1381	0	17	845,0,0,0,0,0,0	20	0
177278	192	344	174	74	99	12	6	3	528	5	31	724	330	0	27	0	0	901	0,0,0,0,0,0	12944	0	132	1372	0	0	1510,1509,1509,1504,1504,1504,1504	0	17	978,0,0,0,0,0,0	25	0
177188	179	377	178	75	93	13	7	3	593	5	35	718	323	0	37	0	0	922	0,0,0,0,0,0	25023	0	110	1482	0	0	1614,1612,1612,1603,1603,1603,1603	0	10	1088,0,0,0,0,0,0	24	0
177070	188	393	202	79	100	19	8	4	640	5	38	702	96	0	28	0	0	989	0,0,0,0,0,0	24999	0	142	1624	1	0	1749,1745,1745,1732,1732,1732,1732	0	11	1231,0,0,0,0,0,0	33	0
176947	200	421	238	76	102	25	10	3	676	5	43	722	275	1	40	0	0	1072	0,0,0,0,0,0	12986	0	155	1779	2	0	1894,1889,1889,1870,1870,1870,1870	0	11	1387,0,0,0,0,0,0	42	0
176802	233	447	249	84	105	27	10	3	737	5	44	727	324	3	30	0	0	1155	0,0,0,0,0,0	13039	0	185	1963	3	0	2059,2052,2052,2028,2028,2028,2028	0	17	1572,0,0,0,0,0,0	46	0
176649	272	453	276	98	117	29	11	2	787	5	47	738	332	2	44	0	0	1256	0,0,0,0,0,0	13146	0	193	2157	3	0	2242,2232,2232,2199,2199,2199,2199	0	11	1766,0,0,0,0,0,0	54	0
176501	279	499	277	96	117	26	13	3	877	5	53	711	243	1	38	0	0	1307	0,0,0,0,0,0	13090	0	198	2354	5	0	2425,2413,2413,2369,2369,2369,2369	0	15	1964,0,0,0,0,0,0	53	0
176314	306	557	293	102	126	30	10	3	940	8	57	742	256	2	45	0	0	1424	0,0,0,0,0,0	13178	0	230	2584	6	0	2648,2632,2632,2577,2577,2577,2577	1	20	2195,0,0,0,0,0,0	53	0
176145	322	587	334	114	130	32	10	5	997	8	62	736	300	3	53	0	0	1529	0,0,0,0,0,0	24892	0	216	2797	10	0	2852,2833,2833,2766,2766,2766,2766	1	10	2412,0,0,0,0,0,0	65	0
175961	333	628	350	132	136	34	11	5	1078	8	70	741	258	1	48	0	0	1624	0,0,0,0,0,0	24822	0	220	3017	12	0	3072,3050,3050,2969,2969,2969,2969	1	19	2634,0,0,0,0,0,0	72	0
175732	368	681	376	155	147	34	12	5	1149	9	78	716	330	4	55	0	0	1773	0,0,0,0,0,0	13070	0	280	3296	14	0	3346,3319,3319,3223,3223,3223,3223	1	24	2915,0,0,0,0,0,0	69	0
175461	427	751	391	178	146	37	11	6	1247	9	82	714	257	4	54	0	0	1941	0,0,0,0,0,0	13025	0	324	3620	16	0	3666,3634,3634,3521,3521,3521,3521	1	24	3240,0,0,0,0,0,0	67	0
175175	475	801	428	176	166	39	15	5	1368	9	89	713	249	4	66	0	0	2100	0,0,0,0,0,0	12990	0	329	3948	18	0	3994,3958,3958,3830,3830,3830,3830	1	42	3569,0,0,0,0,0,0	76	0
174923	500	892	451	187	180	42	14	5	1449	11	92	682	277	4	86	0	0	2266	0,0,0,0,0,0	13164	0	339	4288	18	0	4323,4279,4279,4125,4125,4125,4125	1	22	3909,0,0,0,0,0,0	89	0
174618	548	949	508	197	194	47	15	5	1554	11	100	668	321	4	81	0	0	2458	0,0,0,0,0,0	13205	0	368	4658	18	0	4688,4639,4639,4464,4464,4464,4464	2	40	4279,0,0,0,0,0,0	94	0
174401	537	998	527	198	211	48	13	6	1688	13	106	651	316	2	81	0	0	2532	0,0,0,0,0,0	24879	0	320	4978	19	0	4998,4939,4939,4732,4732,4732,4732	2	23	4599,0,0,0,0,0,0	99	0
174173	523	1016	558	239	246	51	9	8	1799	15	109	663	261	5	79	0	0	2642	0,0,0,0,0,0	25040	0	323	5302	19	0	5311,5245,5245,5006,5006,5006,5006	2	28	4923,0,0,0,0,0,0	112	0
173824	579	1080	596	262	245	58	9	7	1956	17	113	627	329	5	125	0	0	2829	0,0,0,0,0,0	13192	0	449	5753	21	0	5751,5675,5675,5405,5405,5405,5405	2	60	5374,0,0,0,0,0,0	114	0
173464	632	1134	628	280	276	64	16	7	2109	17	119	614	301	6	103	0	0	3030	0,0,0,0,0,0	13057	0	447	6201	21	0	6193,6108,6108,5807,5807,5807,5807	3	47	5822,0,0,0,0,0,0	116	0
173112	676	1245	653	298	259	73	20	6	2263	18	123	587	262	5	124	0	0	3224	0,0,0,0,0,0	12947	0	475	6680	22	0	6654,6559,6559,6219,6219,6219,6219	3	55	6302,0,0,0,0,0,0	132	0
172731	686	1374	700	306	292	72	26	5	2406	20	128	628	226	1	105	0	0	3456	0,0,0,0,0,0	13096	0	526	7208	22	0	7171,7062,7062,6672,6672,6672,6672	3	44	6830,0,0,0,0,0,0	136	0
172315	734	1502	741	317	308	71	23	6	2573	23	133	611	251	6	135	0	0	3696	0,0,0,0,0,0	13104	0	556	7766	24	0	7720,7597,7597,7157,7157,7157,7157	3	56	7388,0,0,0,0,0,0	161	0
171972	731	1545	803	351	336	74	23	6	2744	25	136	611	245	4	121	0	0	3863	0,0,0,0,0,0	24859	0	484	8250	27	0	8193,8056,8056,7569,7569,7569,7569	3	33	7873,0,0,0,0,0,0	157	0
171614	739	1599	819	378	378	78	23	7	2947	27	137	581	237	8	156	0	0	4014	0,0,0,0,0,0	25050	0	517	8760	34	0	8685,8535,8535,7999,7999,7999,7999	3	43	8384,0,0,0,0,0,0	161	0
171102	825	1712	852	395	408	79	31	5	3172	27	138	550	327	5	165	0	0	4302	0,0,0,0,0,0	13342	0	656	9421	36	0	9334,9169,9169,8582,8582,8582,8582	4	78	9046,0,0,0,0,0,0	154	0
170613	974	1745	914	437	430	90	34	5	3334	31	139	555	297	10	159	0	0	4624	0,0,0,0,0,0	13184	0	684	10106	38	0	9996,9813,9813,9160,9160,9160,9160	4	74	9731,0,0,0,0,0,0	164	0
170020	1080	1904	974	450	469	97	35	5	3535	34	143	556	321	8	194	0	0	5009	0,0,0,0,0,0	13093	0	796	10902	42	0	10777,10575,10575,9851,9851,9851,9851	4	80	10527,0,0,0,0,0,0	181	0
169459	1137	1991	1071	468	508	109	40	8	3777	35	143	556	318	7	185	0	0	5324	0,0,0,0,0,0	13144	0	753	11656	42	0	11514,11294,11294,10504,10504,10504,10504	5	73	11281,0,0,0,0,0,0	191	0
168795	1229	2207	1131	497	519	112	44	7	4020	38	147	552	311	7	210	0	0	5739	0,0,0,0,0,0	12942	0	891	12552	45	0	12397,12153,12153,11280,11280,11280,11280	5	81	12177,0,0,0,0,0,0	205	0
168294	1246	2293	1190	524	554	125	49	7	4273	42	149	531	256	12	179	0	0	5981	0,0,0,0,0,0	24895	0	753	13304	50	0	13129,12861,12861,11901,11901,11901,11901	5	53	12930,0,0,0,0,0,0	221	0
167793	1265	2326	1260	584	564	128	55	6	4571	43	151	492	303	13	213	0	0	6182	0,0,0,0,0,0	24917	0	769	14076	51	0	13884,13589,13589,12532,12532,12532,12532	5	66	13703,0,0,0,0,0,0	241	0
167122	1322	2489	1328	618	605	132	59	10	4861	44	156	504	319	9	246	0	0	6553	0,0,0,0,0,0	13337	0	943	15027	53	0	14821,14498,14498,13338,13338,13338,13338	5	81	14655,0,0,0,0,0,0	239	0
166389	1408	2620	1436	617	615	144	57	9	5242	50	159	461	283	9	256	0	0	6897	0,0,0,0,0,0	13374	0	995	16025	55	0	15800,15450,15450,14196,14196,14196,14196	6	98	15653,0,0,0,0,0,0	234	0
165595	1523	2844	1520	649	656	159	62	9	5513	55	161	438	339	12	254	0	0	7413	0,0,0,0,0,0	13176	0	1099	17130	57	0	16884,16504,16504,15139,15139,15139,15139	6	105	16758,0,0,0,0,0,0	255	0
164878	1586	2934	1637	727	699	158	69	9	5828	55	166	418	301	13	272	0	0	7810	0,0,0,0,0,0	13278	0	1027	18160	59	0	17896,17485,17485,16006,16006,16006,16006	6	91	17788,0,0,0,0,0,0	286	0
164092	1601	3129	1699	769	725	178	75	11	6240	61	166	392	319	11	297	0	0	8176	0,0,0,0,0,0	13295	0	1093	19258	65	0	18971,18529,18529,16941,16941,16941,16941	7	101	18887,0,0,0,0,0,0	278	0
163523	1589	3172	1804	813	735	190	80	16	6590	65	169	358	308	15	269	0	0	8383	0,0,0,0,0,0	25245	0	955	20208	73	0	19899,19419,19419,17693,17693,17693,17693	7	75	19840,0,0,0,0,0,0	312	0
162892	1588	3214	1922	841	780	199	79	16	6973	71	171	348	308	16	289	0	0	8623	0,0,0,0,0,0	25064	0	1010	21221	76	0	20890,20371,20371,18508,18508,18508,18508	7	87	20853,0,0,0,0,0,0	330	0
162003	1718	3402	1980	897	827	213	81	20	7355	78	172	335	314	16	350	0	0	9118	0,0,0,0,0,0	13357	0	1281	22502	82	0	22148,21590,21590,19584,19584,19584,19584	7	107	22136,0,0,0,0,0,0	311	0
161102	1876	3527	2074	923	834	217	91	23	7820	84	175	329	302	18	342	0	0	9542	0,0,0,0,0,0	13192	0	1312	23816	87	0	23436,22837,22837,20682,20682,20682,20682	8	105	23450,0,0,0,0,0,0	336	0
160299	1955	3649	2083	950	868	222	93	22	8339	89	177	342	315	16	314	0	0	9820	0,0,0,0,0,0	28674	0	1253	25065	103	0	24660,24016,24016,21698,21698,21698,21698	8	103	24703,0,0,0,0,0,0	350	0
159628	1930	3737	2115	1005	932	225	97	24	8778	96	179	311	335	17	335	0	0	10041	0,0,0,0,0,0	28732	0	1180	26243	109	0	25806,25112,25112,22611,22611,22611,22611	8	113	25882,0,0,0,0,0,0	351	0
158958	1872	3849	2178	1065	993	235	106	21	9188	101	180	285	325	24	375	0	0	10298	0,0,0,0,0,0	28946	0	1188	27427	118	0	26958,26213,26213,23525,23525,23525,23525	9	107	27067,0,0,0,0,0,0	363	0
158431	1831	3789	2333	1074	1021	230	116	22	9615	103	181	261	338	15	346	0	0	10394	0,0,0,0,0,0	42512	0	1101	28525	126	0	28024,27221,27221,24325,24325,24325,24325	8	82	28170,0,0,0,0,0,0	395	0
157865	1769	3805	2372	1071	1055	247	125	22	10121	110	184	244	333	17	365	0	0	10444	0,0,0,0,0,0	42512	0	1107	29625	139	0	29094,28237,28237,25147,25147,25147,25147	8	95	29271,0,0,0,0,0,0	392	0
157227	1772	3801	2449	1103	1075	259	137	23	10596	116	188	233	326	13	396	0	0	10596	0,0,0,0,0,0	28697	0	1200	30819	151	0	30257,29344,29344,26051,26051,26051,26051	8	104	30467,0,0,0,0,0,0	395	0
