S	E	I1	I2	I3	I4	I5_h	I6_h	R_h	R	D1	D2	H	T	P1	P2	Q	QT	NQ	MUT	HOM	VAC	NI	INF	REINF	BSTR	IMM	HCI	HCE	INFV	INFH	VNI
178113	109	119	46	32	49	4	6	0	268	0	0	199	0	0	0	0	0	365	0,0,0,0,0,0	178746	0	0	365	0	0	633,633,633,633,633,633,633	0	0	0,0,0,0,0,0,0	0	0
178056	97	175	52	25	42	4	6	0	286	0	3	328	310	0	73	0	0	401	0,0,0,0,0,0	12383	0	69	434	0	0	690,690,690,690,690,690,690	0	5	69,0,0,0,0,0,0	10	0
177996	98	193	67	34	47	5	5	1	296	0	4	435	95	0	11	0	0	449	0,0,0,0,0,0	12609	0	70	504	0	0	750,750,750,750,750,750,750	0	8	139,0,0,0,0,0,0	9	0
177934	105	213	71	45	47	6	6	1	313	0	5	516	287	0	16	0	0	493	0,0,0,0,0,0	12670	0	77	582	0	0	813,813,813,813,813,813,813	0	5	217,0,0,0,0,0,0	11	0
177849	119	230	89	52	50	6	8	1	333	0	9	535	348	1	18	0	0	554	0,0,0,0,0,0	24806	0	95	677	0	0	900,900,900,900,900,900,900	0	7	312,0,0,0,0,0,0	14	0
177761	143	225	114	55	51	7	8	1	369	0	12	582	236	0	19	0	0	603	0,0,0,0,0,0	24751	0	102	778	1	0	990,990,990,990,990,990,990	0	8	414,0,0,0,0,0,0	21	0
177690	149	235	121	52	54	8	10	2	409	0	16	619	288	0	19	0	0	629	0,0,0,0,0,0	12789	0	79	858	1	0	1063,1063,1063,1063,1063,1063,1063	0	12	494,0,0,0,0,0,0	20	0
177620	147	254	125	68	58	8	9	2	434	1	20	674	266	3	26	0	0	669	0,0,0,0,0,0	12718	0	82	943	1	0	1139,1139,1139,1137,1137,1137,1137	0	6	579,0,0,0,0,0,0	25	0
177539	139	275	150	76	58	10	8	2	466	2	21	705	255	2	26	0	0	716	0,0,0,0,0,0	12955	0	102	1047	1	0	1229,1228,1228,1225,1225,1225,1225	0	12	683,0,0,0,0,0,0	23	0
177433	155	300	157	76	59	11	10	2	514	2	27	745	254	4	26	0	0	768	0,0,0,0,0,0	12982	0	120	1166	2	0	1342,1341,1341,1337,1337,1337,1337	0	14	803,0,0,0,0,0,0	26	0
177319	187	303	173	81	79	15	12	1	544	2	30	768	221	0	24	0	0	850	0,0,0,0,0,0	13115	0	140	1307	3	0	1470,1468,1468,1461,1461,1461,1461	0	15	945,0,0,0,0,0,0	31	0
177245	192	323	172	85	77	19	12	2	583	2	34	728	254	1	47	0	0	880	0,0,0,0,0,0	24890	0	109	1415	4	0	1565,1561,1561,1549,1549,1549,1549	0	3	1054,0,0,0,0,0,0	38	0
177139	195	355	179	85	84	19	9	3	635	5	38	729	302	1	38	0	0	926	0,0,0,0,0,0	25308	0	129	1544	7	0	1686,1681,1681,1665,1665,1665,1665	0	10	1186,0,0,0,0,0,0	46	0
176995	215	407	185	97	85	19	10	3	680	5	45	730	254	0	41	0	0	1018	0,0,0,0,0,0	12967	0	174	1715	10	0	1851,1844,1844,1821,1821,1821,1821	0	14	1360,0,0,0,0,0,0	53	0
176847	246	420	212	109	93	20	10	3	726	6	54	733	281	2	40	0	0	1110	0,0,0,0,0,0	13126	0	172	1885	12	0	2015,2007,2007,1979,1979,1979,1979	0	16	1532,0,0,0,0,0,0	51	0
176683	273	448	229	120	116	20	13	3	780	6	55	752	308	1	45	0	0	1219	0,0,0,0,0,0	13035	0	193	2077	14	0	2194,2185,2185,2152,2152,2152,2152	0	15	1725,0,0,0,0,0,0	51	0
176502	284	503	252	144	122	17	14	3	838	7	60	731	247	3	51	0	0	1336	0,0,0,0,0,0	12987	0	213	2289	15	0	2396,2385,2385,2347,2347,2347,2347	1	27	1938,0,0,0,0,0,0	63	0
176329	305	549	264	143	126	20	14	3	922	7	64	718	252	1	53	0	0	1421	0,0,0,0,0,0	12876	0	223	2509	20	0	2604,2590,2590,2540,2540,2540,2540	1	20	2161,0,0,0,0,0,0	60	0
176170	300	583	293	159	127	21	14	1	1002	7	69	735	248	3	50	0	0	1497	0,0,0,0,0,0	24910	0	202	2711	20	0	2796,2779,2779,2720,2720,2720,2720	1	11	2363,0,0,0,0,0,0	66	0
176022	302	600	312	156	145	24	13	1	1085	9	77	736	263	1	56	0	0	1552	0,0,0,0,0,0	25040	0	187	2895	23	0	2974,2955,2955,2887,2887,2887,2887	1	22	2548,0,0,0,0,0,0	70	0
175835	322	621	342	168	157	25	16	1	1167	9	83	703	256	4	76	0	0	1651	0,0,0,0,0,0	12896	0	237	3130	25	0	3202,3179,3179,3097,3097,3097,3097	1	22	2783,0,0,0,0,0,0	79	0
175629	376	655	354	162	169	30	20	0	1250	10	91	650	251	2	74	0	0	1766	0,0,0,0,0,0	13056	0	280	3409	26	0	3474,3445,3445,3340,3340,3340,3340	1	38	3063,0,0,0,0,0,0	80	0
175383	419	706	388	169	185	34	22	0	1332	11	97	656	298	3	70	0	0	1923	0,0,0,0,0,0	12933	0	308	3715	28	0	3771,3736,3736,3613,3613,3613,3613	1	38	3370,0,0,0,0,0,0	84	0
175121	465	788	396	177	198	33	24	0	1428	11	105	655	323	5	87	0	0	2081	0,0,0,0,0,0	12975	0	322	4041	28	0	4093,4053,4053,3909,3909,3909,3909	2	33	3696,0,0,0,0,0,0	99	0
174871	477	869	419	191	221	37	26	0	1516	11	108	646	290	3	66	0	0	2240	0,0,0,0,0,0	13119	0	329	4371	29	0	4410,4363,4363,4196,4196,4196,4196	2	37	4027,0,0,0,0,0,0	103	0
174606	509	909	442	212	234	38	28	0	1643	13	112	639	261	6	81	0	0	2372	0,0,0,0,0,0	24846	0	337	4712	30	0	4744,4690,4690,4498,4498,4498,4498	2	27	4369,0,0,0,0,0,0	107	0
174388	509	930	472	225	242	40	30	2	1775	14	119	663	255	5	89	0	0	2448	0,0,0,0,0,0	25022	0	291	5007	30	0	5033,4972,4972,4754,4754,4754,4754	2	29	4664,0,0,0,0,0,0	132	0
174106	528	1007	492	258	261	46	30	2	1874	18	124	659	240	2	106	0	0	2622	0,0,0,0,0,0	13011	0	372	5378	32	0	5397,5328,5328,5081,5081,5081,5081	2	34	5035,0,0,0,0,0,0	119	0
173808	559	1086	555	250	267	50	34	2	1990	19	126	638	302	6	115	0	0	2801	0,0,0,0,0,0	13065	0	416	5797	34	0	5801,5721,5721,5435,5435,5435,5435	2	50	5456,0,0,0,0,0,0	133	0
173483	603	1149	624	272	273	52	35	4	2098	21	132	641	263	5	96	0	0	3008	0,0,0,0,0,0	12989	0	447	6245	34	0	6238,6146,6146,5819,5819,5819,5819	2	46	5904,0,0,0,0,0,0	136	0
173129	665	1214	665	279	300	55	38	5	2233	24	139	632	312	4	114	0	0	3216	0,0,0,0,0,0	13054	0	482	6728	36	0	6712,6609,6609,6238,6238,6238,6238	3	42	6387,0,0,0,0,0,0	144	0
172721	744	1288	722	293	309	61	36	5	2397	28	142	606	301	2	128	0	0	3453	0,0,0,0,0,0	13184	0	525	7253	37	0	7229,7113,7113,6702,6702,6702,6702	3	58	6912,0,0,0,0,0,0	145	0
172401	729	1368	744	313	337	64	37	5	2573	32	143	608	318	8	112	0	0	3592	0,0,0,0,0,0	24986	0	455	7707	39	0	7669,7541,7541,7085,7085,7085,7085	3	36	7366,0,0,0,0,0,0	153	0
172066	724	1445	761	340	358	64	41	7	2756	34	150	616	234	0	129	0	0	3733	0,0,0,0,0,0	25018	0	478	8186	40	0	8137,7995,7995,7490,7490,7490,7490	3	37	7845,0,0,0,0,0,0	157	0
171536	847	1551	827	368	358	67	47	8	2941	37	159	586	237	4	155	0	0	4065	0,0,0,0,0,0	13182	0	668	8856	41	0	8801,8645,8645,8090,8090,8090,8090	4	95	8516,0,0,0,0,0,0	160	0
171068	946	1622	877	379	384	66	53	9	3138	41	163	545	307	6	139	0	0	4327	0,0,0,0,0,0	13168	0	631	9492	42	0	9425,9253,9253,8637,8637,8637,8637	4	60	9152,0,0,0,0,0,0	169	0
170640	966	1715	888	402	436	69	60	9	3351	42	168	544	231	7	161	0	0	4536	0,0,0,0,0,0	13152	0	613	10107	43	0	10027,9837,9837,9156,9156,9156,9156	4	67	9767,0,0,0,0,0,0	178	0
170108	1003	1880	942	418	426	85	57	14	3594	47	172	528	319	12	159	0	0	4811	0,0,0,0,0,0	12990	0	714	10821	47	0	10729,10521,10521,9776,9776,9776,9776	4	85	10482,0,0,0,0,0,0	177	0
169526	1110	2000	1014	431	454	93	66	14	3817	48	173	523	262	6	186	0	0	5168	0,0,0,0,0,0	13147	0	766	11589	50	0	11483,11257,11257,10446,10446,10446,10446	5	68	11250,0,0,0,0,0,0	207	0
169056	1109	2047	1117	469	482	103	73	14	4046	53	177	499	318	4	152	0	0	5400	0,0,0,0,0,0	25016	0	674	12267	53	0	12148,11901,11901,11016,11016,11016,11016	5	45	11930,0,0,0,0,0,0	222	0
168583	1108	2126	1209	530	509	108	73	17	4249	55	179	499	299	9	193	0	0	5663	0,0,0,0,0,0	24906	0	720	12993	53	0	12851,12580,12580,11609,11609,11609,11609	5	61	12656,0,0,0,0,0,0	241	0
167926	1170	2290	1272	575	540	114	70	17	4529	59	184	479	258	10	221	0	0	6031	0,0,0,0,0,0	13103	0	882	13875	57	0	13722,13428,13428,12375,12375,12375,12375	5	92	13539,0,0,0,0,0,0	246	0
167298	1241	2412	1352	615	568	118	75	18	4799	62	188	448	309	11	241	0	0	6381	0,0,0,0,0,0	13339	0	902	14780	63	0	14610,14289,14289,13136,13136,13136,13136	6	87	14445,0,0,0,0,0,0	243	0
166614	1367	2517	1404	628	614	135	81	19	5109	67	191	439	318	13	243	0	0	6746	0,0,0,0,0,0	13157	0	927	15706	70	0	15521,15176,15176,13935,13935,13935,13935	6	86	15373,0,0,0,0,0,0	250	0
165858	1493	2729	1446	655	626	140	83	17	5438	69	192	435	315	11	247	0	0	7172	0,0,0,0,0,0	13207	0	1059	16768	74	0	16564,16188,16188,14837,14837,14837,14837	6	113	16437,0,0,0,0,0,0	283	0
165092	1610	2857	1541	696	673	151	86	17	5754	71	198	429	259	21	260	0	0	7614	0,0,0,0,0,0	13219	0	1074	17846	76	0	17626,17219,17219,15755,15755,15755,15755	7	106	17515,0,0,0,0,0,0	278	0
164559	1576	2929	1605	734	702	162	85	20	6095	77	202	434	316	10	263	0	0	7793	0,0,0,0,0,0	24755	0	873	18719	80	0	18482,18040,18040,16453,16453,16453,16453	7	47	18389,0,0,0,0,0,0	295	0
164009	1500	2997	1704	771	710	160	92	23	6494	82	204	405	295	13	260	0	0	7934	0,0,0,0,0,0	25396	0	900	19622	82	0	19363,18886,18886,17172,17172,17172,17172	6	56	19292,0,0,0,0,0,0	308	0
163204	1554	3175	1787	833	754	163	93	27	6863	85	208	406	254	17	325	0	0	8359	0,0,0,0,0,0	13391	0	1174	20791	90	0	20514,20001,20001,18153,18153,18153,18153	7	111	20464,0,0,0,0,0,0	296	0
162423	1693	3222	1877	886	808	175	91	28	7240	93	210	396	282	11	325	0	0	8752	0,0,0,0,0,0	13277	0	1179	21967	96	0	21665,21111,21111,19121,19121,19121,19121	7	107	21641,0,0,0,0,0,0	288	0
161717	1792	3277	1986	883	849	183	93	30	7619	103	214	360	352	16	304	0	0	9063	0,0,0,0,0,0	28731	0	1148	23112	105	0	22786,22188,22188,20038,20038,20038,20038	7	102	22787,0,0,0,0,0,0	297	0
161072	1769	3383	2074	883	898	203	103	26	8013	105	217	354	346	23	338	0	0	9313	0,0,0,0,0,0	28894	0	1113	24222	112	0	23869,23225,23225,20905,20905,20905,20905	7	109	23900,0,0,0,0,0,0	311	0
160462	1693	3525	2096	929	931	213	97	30	8437	112	221	304	350	13	324	0	0	9484	0,0,0,0,0,0	28918	0	1101	25324	118	0	24944,24250,24250,21751,21751,21751,21751	8	101	25003,0,0,0,0,0,0	342	0
159935	1663	3484	2148	964	962	214	94	31	8910	117	224	308	320	19	312	0	0	9529	0,0,0,0,0,0	42585	0	1008	26324	128	0	25916,25175,25175,22504,22504,22504,22504	8	75	26003,0,0,0,0,0,0	351	0
159497	1597	3442	2204	954	982	234	101	29	9357	123	226	280	312	19	347	0	0	9514	0,0,0,0,0,0	42629	0	950	27273	135	0	26835,26043,26043,23186,23186,23186,23186	8	66	26953,0,0,0,0,0,0	373	0
158901	1662	3428	2224	1006	1006	249	110	27	9776	128	229	268	285	10	372	0	0	9685	0,0,0,0,0,0	28671	0	1138	28411	142	0	27943,27096,27096,24040,24040,24040,24040	8	115	28093,0,0,0,0,0,0	370	0
