S	E	I1	I2	I3	I4	I5_h	I6_h	R_h	R	D1	D2	H	T	P1	P2	Q	QT	NQ	MUT	HOM	VAC	NI	INF	REINF	BSTR	IMM	HCI	HCE	INFV	INFH	VNI
178112	113	101	52	47	52	8	2	0	257	2	0	208	0	0	0	0	0	375	0,0,0,0,0,0	178744	0	0	375	0	0	634,634,634,634,634,634,634	0	0	0,0,0,0,0,0,0	0	0
178067	86	154	55	46	44	7	2	0	281	2	2	312	302	1	82	0	0	394	0,0,0,0,0,0	12426	0	59	434	0	0	679,679,679,679,679,679,679	0	8	59,0,0,0,0,0,0	9	0
178000	99	173	66	46	46	8	2	0	301	2	3	396	290	0	11	0	0	440	0,0,0,0,0,0	12430	0	78	512	0	0	747,747,747,747,747,747,747	0	6	137,0,0,0,0,0,0	10	0
177932	108	193	75	53	48	8	4	0	316	2	7	479	259	0	13	0	0	489	0,0,0,0,0,0	12668	0	76	588	0	0	815,815,815,815,815,815,815	0	4	213,0,0,0,0,0,0	10	0
177876	112	205	84	55	42	8	6	0	347	2	9	524	262	0	17	0	0	512	0,0,0,0,0,0	24672	0	70	658	0	0	872,872,872,872,872,872,872	0	7	283,0,0,0,0,0,0	14	0
177793	124	227	94	51	41	9	7	0	384	2	14	578	256	2	18	0	0	553	0,0,0,0,0,0	24465	0	94	752	0	0	958,958,958,958,958,958,958	0	13	377,0,0,0,0,0,0	15	0
177717	139	227	114	61	49	13	7	0	398	2	19	598	93	1	20	0	0	610	0,0,0,0,0,0	12810	0	95	847	0	0	1038,1038,1038,1038,1038,1038,1038	0	6	472,0,0,0,0,0,0	20	0
177659	132	249	117	71	52	12	9	0	421	3	21	588	315	0	34	0	0	642	0,0,0,0,0,0	12902	0	78	926	1	0	1101,1101,1101,1100,1100,1100,1100	0	9	552,0,0,0,0,0,0	23	0
177575	157	253	130	69	63	16	11	0	443	3	26	610	231	0	24	0	0	699	0,0,0,0,0,0	12857	0	109	1034	2	0	1194,1194,1194,1192,1192,1192,1192	0	8	661,0,0,0,0,0,0	29	0
177485	175	265	140	59	70	15	12	1	492	3	29	625	272	1	32	0	0	736	0,0,0,0,0,0	12884	0	107	1140	3	0	1290,1289,1289,1287,1287,1287,1287	0	15	768,0,0,0,0,0,0	29	0
177386	180	289	146	70	76	17	12	1	532	4	33	609	270	1	26	0	0	790	0,0,0,0,0,0	12919	0	119	1260	4	0	1399,1398,1398,1394,1394,1394,1394	0	4	889,0,0,0,0,0,0	32	0
177320	163	315	155	67	75	19	12	1	582	4	33	633	320	0	34	0	0	806	0,0,0,0,0,0	25057	0	96	1356	4	0	1482,1480,1480,1473,1473,1473,1473	0	10	985,0,0,0,0,0,0	36	0
177243	160	335	185	73	75	22	14	1	600	4	34	632	267	1	27	0	0	864	0,0,0,0,0,0	24798	0	115	1470	6	0	1580,1576,1576,1564,1564,1564,1564	0	6	1101,0,0,0,0,0,0	46	0
177134	189	350	195	81	83	22	14	1	636	4	37	606	360	0	39	0	0	934	0,0,0,0,0,0	12966	0	142	1613	7	0	1708,1704,1704,1688,1688,1688,1688	0	14	1245,0,0,0,0,0,0	53	0
177019	212	374	199	80	88	24	14	0	690	5	41	673	264	1	30	0	0	991	0,0,0,0,0,0	13041	0	144	1757	8	0	1840,1835,1835,1814,1814,1814,1814	0	10	1390,0,0,0,0,0,0	52	0
176897	230	399	219	81	95	25	15	0	735	5	45	715	98	0	25	0	0	1064	0,0,0,0,0,0	13059	0	151	1908	9	0	1983,1976,1976,1950,1950,1950,1950	0	15	1542,0,0,0,0,0,0	56	0
176745	245	432	230	94	103	26	15	0	799	5	52	724	222	2	41	0	0	1145	0,0,0,0,0,0	12989	0	185	2092	11	0	2164,2154,2154,2119,2119,2119,2119	0	14	1728,0,0,0,0,0,0	54	0
176616	261	468	237	104	102	24	15	1	859	5	54	706	257	0	41	0	0	1211	0,0,0,0,0,0	12856	0	177	2271	11	0	2328,2315,2315,2270,2270,2270,2270	0	16	1907,0,0,0,0,0,0	60	0
176491	274	485	250	111	94	25	14	1	934	6	61	696	236	4	44	0	0	1253	0,0,0,0,0,0	24980	0	165	2433	14	0	2485,2469,2469,2413,2413,2413,2413	0	8	2072,0,0,0,0,0,0	64	0
176392	264	510	258	126	99	26	14	1	985	8	63	697	323	1	42	0	0	1297	0,0,0,0,0,0	24881	0	156	2588	16	0	2628,2608,2608,2537,2537,2537,2537	0	13	2229,0,0,0,0,0,0	65	0
176233	270	565	267	134	116	29	14	2	1040	8	68	697	321	4	57	0	0	1395	0,0,0,0,0,0	12986	0	209	2797	18	0	2828,2804,2804,2718,2718,2718,2718	1	18	2440,0,0,0,0,0,0	65	0
176080	298	564	309	142	137	29	15	3	1089	8	72	661	285	3	59	0	0	1494	0,0,0,0,0,0	12974	0	219	3016	19	0	3034,3005,3005,2901,2901,2901,2901	1	24	2660,0,0,0,0,0,0	71	0
175911	328	606	313	152	144	34	16	4	1154	8	76	638	275	6	73	0	0	1593	0,0,0,0,0,0	12944	0	225	3240	20	0	3250,3217,3217,3097,3097,3097,3097	1	16	2884,0,0,0,0,0,0	63	0
175733	353	659	311	153	165	31	15	3	1235	10	78	657	329	5	52	0	0	1687	0,0,0,0,0,0	12843	0	258	3500	20	0	3497,3456,3456,3313,3313,3313,3313	1	18	3144,0,0,0,0,0,0	68	0
175515	405	704	332	162	178	31	19	3	1306	10	81	634	317	1	60	0	0	1831	0,0,0,0,0,0	13033	0	295	3793	22	0	3777,3731,3731,3565,3565,3565,3565	1	24	3437,0,0,0,0,0,0	71	0
175329	408	730	373	158	199	38	22	2	1390	11	86	628	297	3	89	0	0	1928	0,0,0,0,0,0	24731	0	248	4040	23	0	4017,3965,3965,3781,3781,3781,3781	1	18	3684,0,0,0,0,0,0	84	0
175141	416	758	418	176	186	47	19	3	1479	14	89	628	256	2	73	0	0	2020	0,0,0,0,0,0	24683	0	265	4306	23	0	4276,4218,4218,4008,4008,4008,4008	1	23	3950,0,0,0,0,0,0	96	0
174916	450	800	438	185	195	51	20	5	1578	14	94	602	301	3	71	0	0	2139	0,0,0,0,0,0	12972	0	310	4615	26	0	4581,4514,4514,4274,4274,4274,4274	1	29	4262,0,0,0,0,0,0	95	0
174642	480	892	449	206	187	52	17	6	1701	17	97	640	276	0	79	0	0	2283	0,0,0,0,0,0	13140	0	356	4970	28	0	4927,4853,4853,4587,4587,4587,4587	1	29	4617,0,0,0,0,0,0	105	0
174380	508	961	480	211	217	50	17	7	1797	18	100	652	296	5	85	0	0	2444	0,0,0,0,0,0	12907	0	368	5338	29	0	5286,5201,5201,4900,4900,4900,4900	1	30	4985,0,0,0,0,0,0	103	0
174102	538	994	525	247	250	50	21	6	1892	19	102	638	336	6	90	0	0	2625	0,0,0,0,0,0	13056	0	373	5715	30	0	5652,5558,5558,5224,5224,5224,5224	2	36	5362,0,0,0,0,0,0	105	0
173759	620	1069	547	255	259	52	23	5	2030	19	108	642	280	6	97	0	0	2825	0,0,0,0,0,0	13047	0	462	6178	31	0	6108,6003,6003,5626,5626,5626,5626	2	40	5826,0,0,0,0,0,0	104	0
173474	628	1173	562	264	266	62	24	4	2162	19	108	626	313	7	107	0	0	2979	0,0,0,0,0,0	24966	0	407	6584	35	0	6503,6386,6386,5969,5969,5969,5969	2	43	6232,0,0,0,0,0,0	124	0
173183	629	1239	637	281	283	69	27	3	2263	19	113	622	322	3	102	0	0	3165	0,0,0,0,0,0	24881	0	429	7016	37	0	6922,6792,6792,6328,6328,6328,6328	2	26	6664,0,0,0,0,0,0	129	0
172782	698	1343	708	292	283	71	31	1	2401	19	117	619	304	8	124	0	0	3426	0,0,0,0,0,0	13119	0	524	7543	38	0	7439,7297,7297,6789,6789,6789,6789	2	48	7191,0,0,0,0,0,0	142	0
172331	793	1405	755	335	322	72	32	2	2559	20	120	599	341	5	129	0	0	3714	0,0,0,0,0,0	12953	0	576	8120	40	0	8004,7850,7850,7299,7299,7299,7299	3	54	7768,0,0,0,0,0,0	150	0
171938	833	1521	797	340	335	78	38	2	2722	21	121	588	281	9	130	0	0	3942	0,0,0,0,0,0	13147	0	552	8674	41	0	8547,8377,8377,7769,7769,7769,7769	3	50	8322,0,0,0,0,0,0	150	0
171467	916	1586	898	370	359	89	38	4	2876	22	121	581	232	2	126	0	0	4256	0,0,0,0,0,0	13206	0	637	9314	42	0	9172,8986,8986,8320,8320,8320,8320	3	66	8962,0,0,0,0,0,0	163	0
170955	981	1709	972	376	379	96	37	4	3084	26	127	546	329	6	159	0	0	4550	0,0,0,0,0,0	13039	0	679	9993	44	0	9844,9641,9641,8914,8914,8914,8914	4	74	9641,0,0,0,0,0,0	183	0
170589	961	1772	1035	389	430	92	35	4	3277	30	132	532	298	9	153	0	0	4714	0,0,0,0,0,0	25081	0	547	10541	46	0	10379,10158,10158,9366,9366,9366,9366	4	47	10189,0,0,0,0,0,0	193	0
170213	952	1833	1071	415	471	90	35	6	3494	31	135	513	328	5	155	0	0	4867	0,0,0,0,0,0	25015	0	577	11118	50	0	10945,10704,10704,9840,9840,9840,9840	4	57	10768,0,0,0,0,0,0	171	0
169627	1034	1953	1157	446	463	105	41	5	3743	32	140	534	282	10	184	0	0	5199	0,0,0,0,0,0	13319	0	776	11890	54	0	11706,11447,11447,10516,10516,10516,10516	4	68	11541,0,0,0,0,0,0	175	0
169050	1121	2098	1204	453	484	109	45	5	4000	35	142	495	332	7	189	0	0	5514	0,0,0,0,0,0	13003	0	805	12695	59	0	12496,12214,12214,11201,11201,11201,11201	5	81	12348,0,0,0,0,0,0	199	0
168494	1197	2253	1274	479	487	119	55	4	4203	35	146	498	322	13	208	0	0	5864	0,0,0,0,0,0	12860	0	817	13515	61	0	13299,12991,12991,11884,11884,11884,11884	5	75	13168,0,0,0,0,0,0	213	0
167865	1293	2364	1319	528	520	118	57	4	4487	39	152	474	248	8	185	0	0	6199	0,0,0,0,0,0	13271	0	876	14383	73	0	14157,13825,13825,12630,12630,12630,12630	5	85	14038,0,0,0,0,0,0	225	0
167225	1341	2539	1336	568	558	115	61	4	4802	44	153	477	322	9	202	0	0	6518	0,0,0,0,0,0	13076	0	919	15305	76	0	15059,14699,14699,13405,13405,13405,13405	6	91	14961,0,0,0,0,0,0	225	0
166702	1289	2648	1407	598	596	117	62	6	5115	48	158	454	285	7	212	0	0	6717	0,0,0,0,0,0	25029	0	788	16095	79	0	15834,15447,15447,14056,14056,14056,14056	6	57	15751,0,0,0,0,0,0	238	0
166186	1297	2652	1471	634	657	124	70	6	5435	51	163	440	292	10	215	0	0	6905	0,0,0,0,0,0	25012	0	817	16912	84	0	16636,16219,16219,14718,14718,14718,14718	6	58	16569,0,0,0,0,0,0	239	0
165425	1415	2744	1559	687	729	121	71	7	5766	57	165	473	311	13	317	0	0	7326	0,0,0,0,0,0	13424	0	1064	17982	87	0	17689,17241,17241,15627,15627,15627,15627	6	121	17640,0,0,0,0,0,0	248	0
164668	1556	2876	1603	736	737	127	82	8	6125	60	168	457	291	9	305	0	0	7717	0,0,0,0,0,0	13053	0	1082	19066	90	0	18752,18271,18271,16539,16539,16539,16539	7	98	18725,0,0,0,0,0,0	255	0
164005	1556	3014	1713	788	779	129	84	8	6438	64	168	441	276	8	274	0	0	8063	0,0,0,0,0,0	28830	0	1024	20090	95	0	19754,19237,19237,17374,17374,17374,17374	7	83	19751,0,0,0,0,0,0	265	0
163398	1563	3054	1836	799	813	142	83	7	6809	73	169	434	268	17	276	0	0	8290	0,0,0,0,0,0	29019	0	1024	21115	102	0	20755,20196,20196,18181,18181,18181,18181	7	103	20777,0,0,0,0,0,0	265	0
162829	1597	3076	1926	819	853	154	91	8	7146	76	171	415	331	15	327	0	0	8516	0,0,0,0,0,0	28602	0	999	22113	107	0	21728,21125,21125,18954,18954,18954,18954	8	118	21775,0,0,0,0,0,0	278	0
162325	1568	3112	1980	851	883	155	92	12	7510	85	173	409	304	21	259	0	0	8641	0,0,0,0,0,0	42731	0	929	23045	111	0	22635,21990,21990,19664,19664,19664,19664	8	67	22707,0,0,0,0,0,0	273	0
161920	1487	3098	1993	860	897	170	102	14	7939	88	178	372	364	19	286	0	0	8607	0,0,0,0,0,0	42408	0	860	23903	116	0	23469,22778,22778,20286,20286,20286,20286	7	53	23565,0,0,0,0,0,0	289	0
161394	1495	3111	2082	877	918	183	110	15	8289	94	178	369	331	13	369	0	0	8776	0,0,0,0,0,0	28972	0	1006	24905	126	0	24442,23703,23703,21038,21038,21038,21038	8	110	24569,0,0,0,0,0,0	308	0
