S	E	I1	I2	I3	I4	I5_h	I6_h	R_h	R	D1	D2	H	T	P1	P2	Q	QT	NQ	MUT	HOM	VAC	NI	INF	REINF	BSTR	IMM	HCI	HCE	INFV	INFH	VNI
178099	105	128	53	50	48	8	3	0	251	1	0	174	0	0	0	0	0	395	0,0,0,0,0,0	178745	0	0	395	0	0	647,647,647,647,647,647,647	0	0	0,0,0,0,0,0,0	0	0
178033	100	175	63	47	50	11	3	0	260	1	3	321	304	0	79	0	0	449	0,0,0,0,0,0	12461	0	79	474	0	0	713,713,713,713,713,713,713	0	8	79,0,0,0,0,0,0	17	0
177954	111	214	70	49	45	12	3	0	281	1	6	381	242	0	22	0	0	504	0,0,0,0,0,0	12602	0	92	567	0	0	792,792,792,792,792,792,792	0	11	172,0,0,0,0,0,0	19	0
177875	112	246	73	57	53	10	3	0	303	1	13	466	100	0	10	0	0	554	0,0,0,0,0,0	12576	0	84	653	0	0	872,872,872,872,872,872,872	0	15	258,0,0,0,0,0,0	19	0
177788	124	263	93	66	57	12	3	0	322	1	17	515	246	0	19	0	0	618	0,0,0,0,0,0	24784	0	103	756	0	0	962,962,962,962,962,962,962	0	11	361,0,0,0,0,0,0	19	0
177708	141	267	103	74	56	12	6	0	356	1	22	578	224	0	21	0	0	659	0,0,0,0,0,0	24534	0	93	850	0	0	1045,1045,1045,1045,1045,1045,1045	0	8	455,0,0,0,0,0,0	19	0
177607	154	287	120	76	60	12	8	0	391	1	30	611	265	2	32	0	0	717	0,0,0,0,0,0	12889	0	115	967	0	0	1150,1150,1150,1150,1150,1150,1150	0	13	572,0,0,0,0,0,0	26	0
177513	187	288	127	88	75	16	9	0	406	2	35	651	138	0	26	0	0	790	0,0,0,0,0,0	12712	0	119	1087	0	0	1254,1254,1254,1252,1252,1252,1252	0	13	692,0,0,0,0,0,0	28	0
177401	215	294	141	103	70	19	10	1	452	2	38	676	89	2	38	0	0	852	0,0,0,0,0,0	13065	0	125	1211	2	0	1372,1371,1371,1369,1369,1369,1369	0	16	818,0,0,0,0,0,0	36	0
177286	215	325	172	97	81	21	11	0	494	2	42	686	90	0	24	0	0	922	0,0,0,0,0,0	12984	0	126	1337	2	0	1496,1495,1495,1490,1490,1490,1490	0	9	944,0,0,0,0,0,0	42	0
177178	209	369	173	97	83	21	11	0	558	2	45	736	244	1	39	0	0	963	0,0,0,0,0,0	13070	0	137	1473	3	0	1616,1614,1614,1607,1607,1607,1607	0	7	1081,0,0,0,0,0,0	45	0
177089	208	376	182	105	96	21	12	0	606	2	49	702	307	1	38	0	0	1000	0,0,0,0,0,0	25082	0	125	1598	4	0	1728,1725,1725,1712,1712,1712,1712	0	11	1207,0,0,0,0,0,0	52	0
176989	201	410	194	107	100	25	12	0	653	2	53	745	245	2	44	0	0	1049	0,0,0,0,0,0	24894	0	130	1726	7	0	1845,1841,1841,1823,1823,1823,1823	0	5	1338,0,0,0,0,0,0	56	0
176837	228	454	206	113	98	25	12	0	712	3	58	760	265	2	49	0	0	1136	0,0,0,0,0,0	12980	0	178	1899	12	0	2011,2006,2006,1986,1986,1986,1986	0	14	1513,0,0,0,0,0,0	53	0
176694	237	470	237	116	108	25	12	0	776	4	67	713	165	2	38	0	0	1205	0,0,0,0,0,0	13064	0	174	2073	12	0	2180,2173,2173,2145,2145,2145,2145	0	15	1687,0,0,0,0,0,0	58	0
176518	258	513	267	116	112	27	13	1	842	4	75	696	249	1	41	0	0	1306	0,0,0,0,0,0	12950	0	207	2280	14	0	2384,2373,2373,2336,2336,2336,2336	1	21	1895,0,0,0,0,0,0	57	0
176356	298	535	300	110	123	27	15	1	898	4	79	675	161	1	47	0	0	1408	0,0,0,0,0,0	13101	0	217	2495	17	0	2586,2572,2572,2522,2522,2522,2522	1	20	2112,0,0,0,0,0,0	71	0
176166	326	560	317	115	134	26	13	2	997	5	85	670	299	1	47	0	0	1491	0,0,0,0,0,0	13063	0	230	2726	17	0	2808,2791,2791,2731,2731,2731,2731	1	25	2343,0,0,0,0,0,0	70	0
175992	334	614	350	122	139	29	13	2	1058	5	88	674	293	3	40	0	0	1601	0,0,0,0,0,0	24977	0	228	2954	18	0	3028,3007,3007,2931,2931,2931,2931	1	18	2572,0,0,0,0,0,0	67	0
175844	345	609	381	133	157	32	13	2	1132	7	91	692	96	1	53	0	0	1670	0,0,0,0,0,0	24931	0	218	3172	18	0	3230,3204,3204,3111,3111,3111,3111	1	16	2790,0,0,0,0,0,0	59	0
175672	350	659	389	126	173	32	13	2	1226	9	95	722	318	3	77	0	0	1742	0,0,0,0,0,0	12791	0	239	3411	20	0	3460,3428,3428,3315,3315,3315,3315	1	27	3030,0,0,0,0,0,0	62	0
175467	403	688	404	139	159	31	14	2	1328	12	99	671	237	0	68	0	0	1838	0,0,0,0,0,0	13173	0	274	3686	22	0	3724,3686,3686,3553,3553,3553,3553	1	32	3306,0,0,0,0,0,0	69	0
175302	428	704	422	166	183	33	15	2	1377	12	102	663	155	1	63	0	0	1951	0,0,0,0,0,0	12862	0	256	3944	22	0	3968,3923,3923,3761,3761,3761,3761	1	36	3564,0,0,0,0,0,0	74	0
175034	450	798	422	195	202	30	15	1	1484	12	103	653	333	1	75	0	0	2112	0,0,0,0,0,0	13005	0	334	4278	24	0	4292,4241,4241,4060,4060,4060,4060	2	43	3899,0,0,0,0,0,0	83	0
174776	488	889	427	187	199	39	15	2	1605	13	106	672	239	7	82	0	0	2244	0,0,0,0,0,0	13115	0	334	4613	24	0	4619,4561,4561,4355,4355,4355,4355	2	29	4234,0,0,0,0,0,0	81	0
174583	453	987	451	199	202	40	17	2	1690	14	108	643	276	0	62	0	0	2349	0,0,0,0,0,0	24980	0	295	4908	27	0	4901,4834,4834,4596,4596,4596,4596	2	27	4531,0,0,0,0,0,0	92	0
174309	478	993	515	215	219	48	17	2	1825	15	110	633	269	9	77	0	0	2485	0,0,0,0,0,0	24924	0	342	5255	27	0	5241,5168,5168,4906,4906,4906,4906	2	26	4878,0,0,0,0,0,0	99	0
174007	562	1021	541	247	238	44	15	3	1940	16	112	619	314	4	95	0	0	2668	0,0,0,0,0,0	13132	0	415	5670	29	0	5644,5560,5560,5262,5262,5262,5262	2	39	5294,0,0,0,0,0,0	100	0
173695	618	1076	557	262	257	45	15	3	2086	18	114	612	356	8	116	0	0	2830	0,0,0,0,0,0	13042	0	409	6079	30	0	6039,5947,5947,5618,5618,5618,5618	2	44	5703,0,0,0,0,0,0	95	0
173368	623	1190	596	261	280	46	19	2	2229	18	114	652	278	2	104	0	0	3015	0,0,0,0,0,0	13062	0	448	6529	31	0	6471,6368,6368,6002,6002,6002,6002	2	48	6153,0,0,0,0,0,0	100	0
172990	662	1259	664	288	302	47	19	2	2376	20	117	660	233	3	135	0	0	3241	0,0,0,0,0,0	12901	0	491	7021	32	0	6950,6838,6838,6434,6434,6434,6434	3	56	6645,0,0,0,0,0,0	102	0
172527	787	1340	708	326	320	52	18	2	2519	23	124	661	256	5	125	0	0	3551	0,0,0,0,0,0	13079	0	593	7616	34	0	7536,7410,7410,6961,6961,6961,6961	3	58	7240,0,0,0,0,0,0	104	0
172193	817	1379	793	344	336	55	23	2	2649	24	131	630	304	5	112	0	0	3747	0,0,0,0,0,0	24892	0	481	8099	36	0	8011,7871,7871,7369,7369,7369,7369	3	34	7724,0,0,0,0,0,0	116	0
171862	785	1478	827	365	359	63	21	4	2820	27	135	633	300	7	140	0	0	3898	0,0,0,0,0,0	24979	0	479	8580	37	0	8480,8326,8326,7772,7772,7772,7772	3	37	8206,0,0,0,0,0,0	130	0
171363	871	1612	856	388	398	67	27	4	2995	28	137	599	309	7	157	0	0	4219	0,0,0,0,0,0	13440	0	662	9241	41	0	9125,8955,8955,8349,8349,8349,8349	3	63	8868,0,0,0,0,0,0	143	0
170836	965	1690	928	422	407	69	30	4	3225	30	140	571	270	3	157	0	0	4511	0,0,0,0,0,0	13140	0	683	9927	43	0	9797,9612,9612,8950,8950,8950,8950	4	68	9555,0,0,0,0,0,0	139	0
170336	1042	1758	982	458	449	74	36	4	3433	31	143	582	262	7	158	0	0	4799	0,0,0,0,0,0	13101	0	688	10617	45	0	10474,10270,10270,9542,9542,9542,9542	4	73	10245,0,0,0,0,0,0	148	0
169866	1056	1857	1031	463	493	77	44	4	3679	32	144	598	333	9	195	0	0	5021	0,0,0,0,0,0	13180	0	672	11289	46	0	11126,10904,10904,10107,10107,10107,10107	4	71	10917,0,0,0,0,0,0	163	0
169269	1075	2062	1074	498	513	74	52	5	3940	34	150	568	343	10	211	0	0	5348	0,0,0,0,0,0	13192	0	793	12082	50	0	11910,11668,11668,10800,10800,10800,10800	5	95	11710,0,0,0,0,0,0	177	0
168781	1063	2155	1147	545	548	81	60	4	4175	34	153	564	275	8	176	0	0	5599	0,0,0,0,0,0	24991	0	703	12789	54	0	12604,12340,12340,11394,11394,11394,11394	5	55	12417,0,0,0,0,0,0	198	0
168309	1076	2226	1187	589	582	89	67	6	4424	36	155	537	268	14	214	0	0	5816	0,0,0,0,0,0	25068	0	744	13534	58	0	13330,13039,13039,11997,11997,11997,11997	5	63	13163,0,0,0,0,0,0	215	0
167571	1225	2400	1248	597	571	95	75	9	4755	39	161	494	325	10	248	0	0	6211	0,0,0,0,0,0	13231	0	973	14509	62	0	14294,13979,13979,12851,12851,12851,12851	5	93	14138,0,0,0,0,0,0	209	0
166919	1360	2450	1342	615	616	110	79	11	5039	40	165	475	322	14	229	0	0	6572	0,0,0,0,0,0	13099	0	940	15453	65	0	15218,14874,14874,13641,13641,13641,13641	6	89	15082,0,0,0,0,0,0	227	0
166195	1474	2583	1451	616	637	112	74	13	5371	51	169	486	290	10	255	0	0	6947	0,0,0,0,0,0	13107	0	1014	16462	73	0	16212,15840,15840,14503,14503,14503,14503	6	101	16092,0,0,0,0,0,0	224	0
165470	1545	2730	1548	644	653	116	78	9	5724	56	173	456	268	13	253	0	0	7314	0,0,0,0,0,0	13329	0	1024	17488	76	0	17223,16820,16820,15373,15373,15373,15373	6	90	17118,0,0,0,0,0,0	243	0
164783	1574	2901	1653	647	687	122	87	10	6046	62	174	436	296	9	268	0	0	7671	0,0,0,0,0,0	13170	0	1026	18509	85	0	18224,17788,17788,16220,16220,16220,16220	7	96	18142,0,0,0,0,0,0	248	0
164225	1473	3020	1717	668	746	123	86	14	6430	67	177	429	333	16	229	0	0	7833	0,0,0,0,0,0	25091	0	917	19427	91	0	19123,18650,18650,16951,16951,16951,16951	7	66	19061,0,0,0,0,0,0	261	0
163699	1426	3082	1755	735	780	134	93	12	6780	68	182	422	300	13	279	0	0	8005	0,0,0,0,0,0	24945	0	923	20350	95	0	20024,19511,19511,17669,17669,17669,17669	7	78	19985,0,0,0,0,0,0	285	0
162946	1520	3228	1844	779	819	139	94	14	7103	76	184	405	328	15	344	0	0	8423	0,0,0,0,0,0	13335	0	1185	21531	102	0	21180,20625,20625,18627,18627,18627,18627	7	93	21167,0,0,0,0,0,0	280	0
162119	1669	3356	1918	826	871	150	93	15	7461	83	185	390	324	16	309	0	0	8883	0,0,0,0,0,0	13242	0	1255	22788	109	0	22409,21811,21811,19657,19657,19657,19657	7	107	22425,0,0,0,0,0,0	290	0
161413	1712	3413	2018	853	885	164	96	16	7894	94	188	378	319	16	323	0	0	9141	0,0,0,0,0,0	28813	0	1141	23930	115	0	23526,22884,22884,20572,20572,20572,20572	7	105	23568,0,0,0,0,0,0	286	0
160670	1810	3474	2127	887	884	188	98	16	8303	101	188	381	341	27	339	0	0	9468	0,0,0,0,0,0	28960	0	1201	25128	124	0	24695,24008,24008,21531,21531,21531,21531	8	107	24767,0,0,0,0,0,0	312	0
159924	1819	3564	2186	917	954	194	97	21	8769	106	195	351	301	19	325	0	0	9731	0,0,0,0,0,0	28798	0	1182	26306	136	0	25850,25119,25119,22484,22484,22484,22484	8	103	25947,0,0,0,0,0,0	336	0
159441	1759	3555	2254	930	985	201	109	24	9184	108	196	332	308	22	316	0	0	9793	0,0,0,0,0,0	42796	0	1058	27358	144	0	26868,26080,26080,23239,23239,23239,23239	8	66	26999,0,0,0,0,0,0	359	0
158999	1712	3508	2280	931	1015	205	109	25	9647	118	197	304	333	16	341	0	0	9760	0,0,0,0,0,0	42755	0	988	28343	152	0	27821,26979,26979,23940,23940,23940,23940	8	74	27985,0,0,0,0,0,0	365	0
158477	1716	3585	2306	975	1013	208	113	26	10005	125	197	292	308	14	395	0	0	9916	0,0,0,0,0,0	28570	0	1113	29454	161	0	28896,27994,27994,24742,24742,24742,24742	8	108	29097,0,0,0,0,0,0	347	0
