S	E	I1	I2	I3	I4	I5_h	I6_h	R_h	R	D1	D2	H	T	P1	P2	Q	QT	NQ	MUT	HOM	VAC	NI	INF	REINF	BSTR	IMM	HCI	HCE	INFV	INFH	VNI
178152	103	115	46	52	40	8	6	0	222	2	0	194	0	0	0	0	0	370	0,0,0,0,0,0	178744	0	0	370	0	0	594,594,594,594,594,594,594	0	0	0,0,0,0,0,0,0	0	0
178078	96	177	48	49	37	8	6	0	243	2	2	319	324	0	74	0	0	421	0,0,0,0,0,0	12631	0	79	449	0	0	668,668,668,668,668,668,668	0	5	79,0,0,0,0,0,0	17	0
178019	109	187	64	51	39	8	5	1	252	2	9	434	251	0	20	0	0	463	0,0,0,0,0,0	12524	0	71	522	0	0	728,728,728,728,728,728,728	0	2	152,0,0,0,0,0,0	17	0
177953	116	201	72	58	44	10	5	1	273	2	11	483	273	1	9	0	0	506	0,0,0,0,0,0	12608	0	75	598	0	0	795,795,795,795,795,795,795	0	6	228,0,0,0,0,0,0	15	0
177881	129	208	91	57	44	12	5	1	301	2	15	552	293	1	15	0	0	546	0,0,0,0,0,0	24569	0	82	682	1	0	871,871,871,871,871,871,871	0	3	313,0,0,0,0,0,0	18	0
177822	127	214	106	55	51	16	8	1	326	2	18	600	267	0	25	0	0	577	0,0,0,0,0,0	24960	0	74	756	2	0	932,932,932,932,932,932,932	0	6	388,0,0,0,0,0,0	23	0
177753	120	239	117	51	54	15	8	1	363	2	23	641	237	1	21	0	0	604	0,0,0,0,0,0	12872	0	85	841	2	0	1006,1006,1006,1006,1006,1006,1006	0	6	473,0,0,0,0,0,0	30	0
177672	127	250	150	55	57	16	6	2	382	3	26	660	310	0	30	0	0	661	0,0,0,0,0,0	13011	0	93	934	2	0	1092,1092,1092,1091,1091,1091,1091	0	5	566,0,0,0,0,0,0	28	0
177584	130	270	161	57	60	18	8	2	424	3	29	658	91	0	18	0	0	704	0,0,0,0,0,0	12747	0	103	1035	4	0	1184,1183,1183,1182,1182,1182,1182	0	5	669,0,0,0,0,0,0	31	0
177486	155	284	168	70	67	17	8	3	450	3	35	685	256	2	24	0	0	769	0,0,0,0,0,0	12824	0	118	1156	4	0	1294,1294,1294,1291,1291,1291,1291	0	6	790,0,0,0,0,0,0	32	0
177371	179	301	164	76	73	18	8	3	509	3	41	681	98	1	26	0	0	819	0,0,0,0,0,0	12939	0	130	1286	4	0	1419,1418,1418,1413,1413,1413,1413	0	10	920,0,0,0,0,0,0	34	0
177280	192	323	179	75	70	17	9	4	550	3	44	683	95	0	32	0	0	865	0,0,0,0,0,0	24809	0	122	1410	4	0	1526,1524,1524,1516,1516,1516,1516	0	13	1044,0,0,0,0,0,0	39	0
177171	205	319	197	88	81	16	9	4	598	3	55	685	307	3	20	0	0	915	0,0,0,0,0,0	24888	0	124	1534	4	0	1651,1647,1647,1636,1636,1636,1636	0	11	1168,0,0,0,0,0,0	36	0
177065	205	368	199	81	82	19	9	4	652	3	59	717	322	1	33	0	0	963	0,0,0,0,0,0	13084	0	128	1663	4	0	1773,1769,1769,1752,1752,1752,1752	0	14	1297,0,0,0,0,0,0	36	0
176944	215	416	202	77	83	23	11	4	705	4	62	711	291	0	33	0	0	1027	0,0,0,0,0,0	13095	0	158	1819	6	0	1919,1912,1912,1888,1888,1888,1888	0	10	1455,0,0,0,0,0,0	33	0
176843	223	434	232	92	93	23	13	3	721	4	65	709	314	1	33	0	0	1110	0,0,0,0,0,0	13027	0	148	1965	8	0	2055,2045,2045,2010,2010,2010,2010	0	7	1603,0,0,0,0,0,0	50	0
176676	250	451	244	107	106	23	11	4	798	6	70	716	244	1	46	0	0	1192	0,0,0,0,0,0	13092	0	195	2163	8	0	2246,2235,2235,2192,2192,2192,2192	0	16	1801,0,0,0,0,0,0	54	0
176498	292	482	262	108	115	21	13	4	868	6	77	707	255	4	46	0	0	1293	0,0,0,0,0,0	13017	0	211	2373	11	0	2449,2435,2435,2387,2387,2387,2387	0	19	2013,0,0,0,0,0,0	53	0
176371	293	507	277	115	127	24	13	4	928	6	81	687	258	4	46	0	0	1356	0,0,0,0,0,0	24954	0	172	2543	13	0	2608,2591,2591,2533,2533,2533,2533	1	9	2185,0,0,0,0,0,0	61	0
176235	270	584	278	126	131	20	14	4	996	7	81	707	234	3	42	0	0	1423	0,0,0,0,0,0	25111	0	194	2737	15	0	2792,2771,2771,2696,2696,2696,2696	1	12	2380,0,0,0,0,0,0	64	0
176076	303	600	321	125	134	25	14	3	1054	7	84	703	271	1	60	0	0	1522	0,0,0,0,0,0	13000	0	217	2953	16	0	2997,2972,2972,2882,2882,2882,2882	1	13	2596,0,0,0,0,0,0	66	0
175869	357	624	298	148	170	27	12	4	1135	10	92	715	226	2	52	0	0	1636	0,0,0,0,0,0	12828	0	259	3210	18	0	3253,3222,3222,3114,3114,3114,3114	1	27	2855,0,0,0,0,0,0	70	0
175660	386	683	310	161	171	31	12	3	1224	12	93	721	304	1	82	0	0	1754	0,0,0,0,0,0	12889	0	269	3480	19	0	3512,3477,3477,3351,3351,3351,3351	1	17	3126,0,0,0,0,0,0	57	0
175440	395	744	366	167	183	32	16	3	1291	12	97	728	255	1	67	0	0	1903	0,0,0,0,0,0	13054	0	287	3767	21	0	3787,3747,3747,3602,3602,3602,3602	1	24	3415,0,0,0,0,0,0	72	0
175142	451	819	427	168	198	29	18	1	1377	13	103	703	318	5	68	0	0	2110	0,0,0,0,0,0	13104	0	363	4134	22	0	4148,4101,4101,3935,3935,3935,3935	1	31	3782,0,0,0,0,0,0	78	0
174921	480	856	445	181	199	29	19	3	1494	13	106	707	233	1	68	0	0	2209	0,0,0,0,0,0	24892	0	292	4427	25	0	4437,4383,4383,4191,4191,4191,4191	1	23	4076,0,0,0,0,0,0	81	0
174724	470	887	485	199	210	35	21	2	1588	13	112	708	298	3	76	0	0	2307	0,0,0,0,0,0	24914	0	278	4705	28	0	4709,4647,4647,4428,4428,4428,4428	1	20	4355,0,0,0,0,0,0	83	0
174435	484	973	518	195	217	43	21	2	1727	16	115	696	252	4	96	0	0	2451	0,0,0,0,0,0	13073	0	371	5076	29	0	5071,5002,5002,4757,4757,4757,4757	1	36	4726,0,0,0,0,0,0	88	0
174093	550	1032	546	238	223	53	20	2	1852	18	119	668	311	5	96	0	0	2662	0,0,0,0,0,0	13073	0	421	5496	32	0	5484,5408,5408,5136,5136,5136,5136	2	36	5147,0,0,0,0,0,0	105	0
173769	593	1108	591	258	239	52	21	2	1970	19	124	659	225	2	100	0	0	2862	0,0,0,0,0,0	13063	0	434	5928	34	0	5904,5818,5818,5510,5510,5510,5510	2	54	5581,0,0,0,0,0,0	105	0
173402	676	1158	645	275	246	50	25	3	2121	19	126	608	299	7	91	0	0	3075	0,0,0,0,0,0	13173	0	477	6406	34	0	6365,6270,6270,5929,5929,5929,5929	2	51	6059,0,0,0,0,0,0	99	0
173035	701	1299	677	282	266	50	26	3	2256	20	131	602	331	8	119	0	0	3301	0,0,0,0,0,0	13048	0	490	6896	36	0	6850,6742,6742,6357,6357,6357,6357	3	44	6549,0,0,0,0,0,0	116	0
172715	671	1367	710	312	301	48	29	2	2434	21	136	585	338	6	104	0	0	3438	0,0,0,0,0,0	24950	0	431	7327	37	0	7277,7158,7158,6733,6733,6733,6733	3	29	6980,0,0,0,0,0,0	115	0
172389	671	1395	774	351	339	54	30	3	2578	23	139	602	336	4	117	0	0	3614	0,0,0,0,0,0	25105	0	470	7796	41	0	7736,7603,7603,7128,7128,7128,7128	3	30	7450,0,0,0,0,0,0	125	0
171929	765	1482	803	375	384	54	30	3	2754	26	141	588	301	4	134	0	0	3893	0,0,0,0,0,0	13227	0	596	8394	41	0	8321,8175,8175,7654,7654,7654,7654	3	53	8048,0,0,0,0,0,0	139	0
171472	867	1583	848	392	380	60	33	4	2934	30	143	575	241	6	191	0	0	4163	0,0,0,0,0,0	13082	0	633	9027	43	0	8939,8776,8776,8194,8194,8194,8194	3	70	8681,0,0,0,0,0,0	159	0
170965	966	1688	882	404	406	67	35	5	3152	30	146	607	298	4	164	0	0	4448	0,0,0,0,0,0	12974	0	677	9705	44	0	9602,9423,9423,8783,8783,8783,8783	4	71	9359,0,0,0,0,0,0	172	0
170483	1002	1851	936	421	434	75	38	7	3321	30	148	604	354	7	166	0	0	4757	0,0,0,0,0,0	13144	0	686	10392	44	0	10274,10075,10075,9362,9362,9362,9362	4	69	10046,0,0,0,0,0,0	186	0
169919	1059	1970	997	492	466	82	43	6	3528	31	153	600	327	9	161	0	0	5109	0,0,0,0,0,0	13242	0	749	11144	45	0	11014,10797,10797,10017,10017,10017,10017	4	64	10798,0,0,0,0,0,0	197	0
169461	1058	2013	1045	513	568	92	39	6	3754	37	160	596	299	16	169	0	0	5328	0,0,0,0,0,0	25009	0	655	11802	46	0	11661,11424,11424,10573,10573,10573,10573	4	56	11456,0,0,0,0,0,0	199	0
168976	1089	2063	1093	536	585	102	41	8	4053	38	162	565	263	8	228	0	0	5509	0,0,0,0,0,0	25107	0	682	12485	48	0	12333,12076,12076,11154,11154,11154,11154	5	54	12139,0,0,0,0,0,0	212	0
168284	1186	2259	1192	537	566	113	45	5	4352	44	163	566	269	9	230	0	0	5898	0,0,0,0,0,0	13333	0	911	13397	51	0	13229,12950,12950,11950,11950,11950,11950	5	77	13052,0,0,0,0,0,0	224	0
167694	1257	2361	1277	583	570	122	46	5	4619	48	164	527	311	6	210	0	0	6216	0,0,0,0,0,0	13251	0	857	14252	54	0	14062,13758,13758,12665,12665,12665,12665	5	79	13908,0,0,0,0,0,0	232	0
166976	1364	2531	1326	626	620	131	50	7	4896	50	169	485	321	13	205	0	0	6648	0,0,0,0,0,0	13090	0	997	15253	57	0	15048,14715,14715,13520,13520,13520,13520	5	99	14910,0,0,0,0,0,0	251	0
166336	1402	2612	1435	649	662	137	53	5	5231	51	173	477	328	9	243	0	0	6950	0,0,0,0,0,0	13219	0	931	16185	62	0	15963,15601,15601,14300,14300,14300,14300	6	88	15844,0,0,0,0,0,0	255	0
165581	1527	2737	1570	661	670	150	59	6	5555	53	177	465	350	17	276	0	0	7374	0,0,0,0,0,0	13278	0	1055	17240	66	0	17002,16610,16610,15199,15199,15199,15199	6	94	16899,0,0,0,0,0,0	260	0
165026	1527	2785	1613	714	712	152	64	7	5910	57	179	423	276	9	234	0	0	7567	0,0,0,0,0,0	25162	0	874	18117	70	0	17859,17435,17435,15909,15909,15909,15909	6	65	17777,0,0,0,0,0,0	280	0
164449	1504	2851	1742	710	760	162	72	7	6249	60	180	411	314	18	266	0	0	7801	0,0,0,0,0,0	25181	0	908	19021	77	0	18745,18288,18288,16643,16643,16643,16643	6	71	18683,0,0,0,0,0,0	287	0
163614	1592	3044	1816	776	787	173	82	8	6608	62	184	378	328	16	307	0	0	8270	0,0,0,0,0,0	13387	0	1188	20210	84	0	19914,19421,19421,17649,17649,17649,17649	6	104	19873,0,0,0,0,0,0	292	0
162782	1739	3205	1845	816	814	191	82	10	7006	67	189	378	319	10	345	0	0	8692	0,0,0,0,0,0	13100	0	1218	21431	90	0	21111,20580,20580,18666,18666,18666,18666	7	128	21094,0,0,0,0,0,0	312	0
162020	1776	3309	1973	861	802	207	79	15	7441	73	190	372	342	16	281	0	0	9007	0,0,0,0,0,0	28757	0	1149	22579	94	0	22235,21665,21665,19612,19612,19612,19612	7	103	22243,0,0,0,0,0,0	322	0
161293	1777	3439	2030	919	851	226	89	15	7840	75	192	341	317	15	341	0	0	9331	0,0,0,0,0,0	28697	0	1137	23713	106	0	23345,22734,22734,20533,20533,20533,20533	8	118	23378,0,0,0,0,0,0	350	0
160625	1757	3495	2078	974	886	225	88	21	8316	84	197	314	334	21	307	0	0	9503	0,0,0,0,0,0	28802	0	1126	24830	117	0	24438,23782,23782,21416,21416,21416,21416	8	100	24498,0,0,0,0,0,0	349	0
160140	1690	3511	2111	992	897	230	95	22	8771	90	197	329	309	17	313	0	0	9526	0,0,0,0,0,0	42660	0	981	25815	124	0	25393,24686,24686,22140,22140,22140,22140	8	72	25483,0,0,0,0,0,0	348	0
159705	1579	3503	2167	1027	932	244	94	25	9176	94	200	311	333	19	318	0	0	9546	0,0,0,0,0,0	42949	0	980	26789	134	0	26337,25577,25577,22834,22834,22834,22834	8	57	26460,0,0,0,0,0,0	376	0
159136	1640	3484	2216	1043	962	247	101	22	9594	99	202	280	331	15	375	0	0	9693	0,0,0,0,0,0	29164	0	1105	27895	141	0	27412,26597,26597,23659,23659,23659,23659	8	115	27566,0,0,0,0,0,0	375	0
