S	E	I1	I2	I3	I4	I5_h	I6_h	R_h	R	D1	D2	H	T	P1	P2	Q	QT	NQ	MUT	HOM	VAC	NI	INF	REINF	BSTR	IMM	HCI	HCE	INFV	INFH	VNI
178094	118	120	58	43	32	12	1	0	266	2	0	208	0	0	0	0	0	384	0,0,0,0,0,0	178744	0	0	384	0	0	652,652,652,652,652,652,652	0	0	0,0,0,0,0,0,0	0	0
178031	97	183	60	46	32	12	1	0	281	2	1	310	340	1	70	0	0	431	0,0,0,0,0,0	12617	0	74	458	0	0	715,715,715,715,715,715,715	0	10	74,0,0,0,0,0,0	14	0
177956	102	204	75	48	43	9	2	0	302	2	3	418	256	1	15	0	0	483	0,0,0,0,0,0	12546	0	84	542	0	0	790,790,790,790,790,790,790	0	6	158,0,0,0,0,0,0	12	0
177884	108	228	83	53	48	9	2	0	324	2	5	488	260	1	24	0	0	531	0,0,0,0,0,0	12725	0	86	628	0	0	865,865,865,865,865,865,865	0	12	244,0,0,0,0,0,0	14	0
177794	132	232	90	64	50	9	2	0	364	2	7	531	270	0	24	0	0	579	0,0,0,0,0,0	24734	0	101	730	0	0	956,956,956,956,956,956,956	0	6	346,0,0,0,0,0,0	16	0
177716	136	260	92	69	50	9	2	0	400	2	10	585	268	1	18	0	0	618	0,0,0,0,0,0	24807	0	95	825	0	0	1039,1039,1039,1039,1039,1039,1039	0	9	441,0,0,0,0,0,0	21	0
177619	146	288	111	75	49	10	5	0	427	2	14	621	261	2	25	0	0	684	0,0,0,0,0,0	13084	0	108	935	0	0	1140,1140,1140,1140,1140,1140,1140	0	7	551,0,0,0,0,0,0	19	0
177537	163	279	132	92	59	11	6	0	446	2	19	645	265	1	26	0	0	742	0,0,0,0,0,0	12947	0	98	1034	0	0	1228,1227,1227,1227,1227,1227,1227	0	10	650,0,0,0,0,0,0	29	0
177451	172	304	147	92	69	10	4	0	468	4	25	653	239	2	25	0	0	798	0,0,0,0,0,0	12918	0	115	1148	1	0	1325,1324,1324,1323,1323,1323,1323	0	12	765,0,0,0,0,0,0	30	0
177343	195	302	160	96	85	10	4	0	519	4	28	681	227	2	36	0	0	852	0,0,0,0,0,0	12812	0	124	1271	2	0	1442,1440,1440,1437,1437,1437,1437	0	16	889,0,0,0,0,0,0	36	0
177227	195	356	169	109	80	9	4	0	560	4	33	708	304	1	45	0	0	922	0,0,0,0,0,0	13030	0	139	1409	3	0	1570,1568,1568,1561,1561,1561,1561	0	16	1028,0,0,0,0,0,0	30	0
177095	214	384	177	107	90	13	4	0	615	4	43	735	239	2	28	0	0	989	0,0,0,0,0,0	25284	0	143	1555	3	0	1712,1710,1710,1701,1701,1701,1701	0	12	1174,0,0,0,0,0,0	30	0
176981	219	394	188	112	107	17	4	0	674	4	46	704	303	2	35	0	0	1041	0,0,0,0,0,0	25091	0	140	1696	3	0	1836,1833,1833,1822,1822,1822,1822	0	10	1315,0,0,0,0,0,0	36	0
176859	218	443	202	102	97	22	4	0	746	4	49	725	322	1	47	0	0	1088	0,0,0,0,0,0	13122	0	154	1850	4	0	1978,1974,1974,1957,1957,1957,1957	1	26	1470,0,0,0,0,0,0	37	0
176718	243	476	228	111	86	25	2	1	797	5	54	721	265	2	42	0	0	1171	0,0,0,0,0,0	13061	0	181	2031	5	0	2144,2137,2137,2115,2115,2115,2115	1	17	1651,0,0,0,0,0,0	46	0
176580	255	490	268	125	93	23	2	1	845	6	58	723	296	5	36	0	0	1256	0,0,0,0,0,0	13142	0	173	2204	5	0	2310,2301,2301,2270,2270,2270,2270	1	21	1824,0,0,0,0,0,0	39	0
176424	286	502	296	119	112	27	0	2	907	7	64	747	247	3	44	0	0	1342	0,0,0,0,0,0	13028	0	205	2409	6	0	2505,2493,2493,2451,2451,2451,2451	1	27	2030,0,0,0,0,0,0	38	0
176263	306	545	285	138	124	28	3	2	975	7	70	755	258	0	53	0	0	1429	0,0,0,0,0,0	13151	0	207	2618	6	0	2706,2690,2690,2636,2636,2636,2636	1	23	2239,0,0,0,0,0,0	45	0
176115	310	586	300	141	124	32	3	2	1052	8	73	721	291	5	51	0	0	1496	0,0,0,0,0,0	24876	0	208	2823	9	0	2897,2877,2877,2808,2808,2808,2808	1	21	2446,0,0,0,0,0,0	55	0
175949	333	600	340	154	139	33	7	2	1106	8	75	717	313	5	51	0	0	1606	0,0,0,0,0,0	24956	0	225	3050	11	0	3109,3085,3085,3001,3001,3001,3001	1	18	2675,0,0,0,0,0,0	71	0
175753	373	642	352	155	141	33	9	3	1198	8	79	696	309	4	65	0	0	1705	0,0,0,0,0,0	13108	0	257	3308	11	0	3358,3329,3329,3226,3226,3226,3226	1	23	2933,0,0,0,0,0,0	58	0
175542	407	696	373	160	150	38	10	2	1275	10	83	692	265	2	74	0	0	1834	0,0,0,0,0,0	12991	0	279	3587	12	0	3625,3590,3590,3468,3468,3468,3468	2	39	3212,0,0,0,0,0,0	60	0
175282	476	741	402	162	172	39	9	3	1357	10	93	700	279	4	58	0	0	2001	0,0,0,0,0,0	12899	0	335	3923	12	0	3954,3913,3913,3766,3766,3766,3766	2	34	3548,0,0,0,0,0,0	67	0
175010	516	836	396	181	188	42	10	4	1453	10	100	703	317	2	76	0	0	2169	0,0,0,0,0,0	12994	0	346	4271	13	0	4295,4247,4247,4075,4075,4075,4075	2	29	3897,0,0,0,0,0,0	76	0
174737	500	941	445	191	205	43	12	5	1551	10	106	683	251	4	80	0	0	2337	0,0,0,0,0,0	13074	0	346	4618	14	0	4635,4580,4580,4385,4385,4385,4385	2	40	4245,0,0,0,0,0,0	73	0
174482	524	973	455	207	218	43	15	6	1704	10	109	667	312	5	64	0	0	2435	0,0,0,0,0,0	24941	0	329	4950	16	0	4959,4897,4897,4677,4677,4677,4677	2	19	4579,0,0,0,0,0,0	81	0
174229	562	996	488	224	232	40	16	6	1831	10	112	651	238	2	86	0	0	2558	0,0,0,0,0,0	25024	0	352	5302	18	0	5301,5230,5230,4978,4978,4978,4978	2	35	4932,0,0,0,0,0,0	88	0
173899	587	1093	556	226	269	40	15	6	1929	12	114	662	254	9	88	0	0	2786	0,0,0,0,0,0	12860	0	423	5724	22	0	5713,5634,5634,5352,5352,5352,5352	2	36	5354,0,0,0,0,0,0	87	0
173566	644	1176	604	251	274	44	18	4	2037	13	115	639	320	5	120	0	0	3011	0,0,0,0,0,0	13154	0	462	6188	24	0	6160,6069,6069,5745,5745,5745,5745	2	42	5820,0,0,0,0,0,0	93	0
173203	699	1258	649	274	285	54	20	5	2165	14	120	651	306	6	120	0	0	3239	0,0,0,0,0,0	12766	0	481	6670	24	0	6632,6530,6530,6167,6167,6167,6167	3	45	6302,0,0,0,0,0,0	96	0
172765	786	1391	681	288	315	60	25	5	2295	14	121	612	348	6	98	0	0	3546	0,0,0,0,0,0	13120	0	572	7242	26	0	7191,7077,7077,6668,6668,6668,6668	3	56	6875,0,0,0,0,0,0	123	0
172381	793	1487	718	328	315	64	28	6	2488	15	123	575	287	2	139	0	0	3733	0,0,0,0,0,0	13087	0	528	7771	27	0	7701,7574,7574,7118,7118,7118,7118	3	52	7405,0,0,0,0,0,0	123	0
172004	800	1557	795	345	335	67	27	5	2666	17	128	552	249	2	120	0	0	3926	0,0,0,0,0,0	24871	0	514	8287	30	0	8209,8068,8068,7564,7564,7564,7564	3	38	7921,0,0,0,0,0,0	149	0
171602	796	1649	836	361	393	74	28	6	2851	19	131	577	317	8	118	0	0	4137	0,0,0,0,0,0	24879	0	548	8836	32	0	8746,8590,8590,8036,8036,8036,8036	3	44	8470,0,0,0,0,0,0	151	0
171082	878	1757	872	398	425	74	27	8	3068	23	134	583	315	5	178	0	0	4431	0,0,0,0,0,0	13307	0	680	9517	35	0	9416,9245,9245,8633,8633,8633,8633	4	81	9153,0,0,0,0,0,0	136	0
170555	980	1820	978	418	430	77	30	7	3288	24	139	565	246	7	182	0	0	4733	0,0,0,0,0,0	13025	0	698	10216	37	0	10102,9914,9914,9242,9242,9242,9242	4	73	9852,0,0,0,0,0,0	149	0
170010	1072	1941	1002	459	458	83	35	5	3511	25	145	558	310	12	178	0	0	5050	0,0,0,0,0,0	13030	0	736	10952	39	0	10827,10620,10620,9880,9880,9880,9880	4	70	10589,0,0,0,0,0,0	149	0
169397	1184	2025	1080	485	486	95	36	6	3775	26	151	547	261	6	177	0	0	5391	0,0,0,0,0,0	13075	0	793	11747	41	0	11613,11388,11388,10582,10582,10582,10582	4	73	11384,0,0,0,0,0,0	164	0
168731	1290	2207	1119	544	505	99	35	8	4021	29	158	547	319	12	196	0	0	5799	0,0,0,0,0,0	13097	0	883	12627	48	0	12483,12237,12237,11353,11353,11353,11353	5	88	12266,0,0,0,0,0,0	184	0
168248	1246	2313	1207	582	539	102	38	10	4268	34	159	523	303	11	199	0	0	6027	0,0,0,0,0,0	25181	0	732	13360	51	0	13200,12929,12929,11955,11955,11955,11955	5	53	13001,0,0,0,0,0,0	197	0
167719	1209	2426	1319	611	565	110	40	11	4535	39	162	514	272	11	220	0	0	6280	0,0,0,0,0,0	25154	0	767	14130	53	0	13952,13657,13657,12599,12599,12599,12599	5	58	13771,0,0,0,0,0,0	218	0
166996	1333	2564	1423	613	631	122	44	9	4803	41	167	494	334	11	279	0	0	6730	0,0,0,0,0,0	13316	0	1005	15137	56	0	14941,14618,14618,13459,13459,13459,13459	6	96	14778,0,0,0,0,0,0	226	0
166253	1517	2620	1490	639	675	138	47	8	5147	41	171	466	296	13	259	0	0	7126	0,0,0,0,0,0	13068	0	1042	16171	65	0	15954,15602,15602,14340,14340,14340,14340	6	121	15813,0,0,0,0,0,0	253	0
165572	1562	2746	1555	678	728	156	47	11	5476	44	171	445	326	21	279	0	0	7472	0,0,0,0,0,0	13222	0	990	17158	71	0	16921,16539,16539,15167,15167,15167,15167	7	99	16800,0,0,0,0,0,0	257	0
164868	1528	2952	1646	713	747	169	59	11	5834	44	175	452	297	9	281	0	0	7814	0,0,0,0,0,0	13315	0	1032	18187	75	0	17932,17517,17517,16028,16028,16028,16028	7	96	17830,0,0,0,0,0,0	272	0
164080	1562	3102	1719	797	771	179	58	12	6240	49	177	434	306	12	292	0	0	8188	0,0,0,0,0,0	13365	0	1103	19290	81	0	19017,18571,18571,16967,16967,16967,16967	7	114	18935,0,0,0,0,0,0	291	0
163396	1596	3151	1803	848	796	191	69	10	6652	51	183	423	278	9	260	0	0	8454	0,0,0,0,0,0	25226	0	1032	20327	85	0	20035,19553,19553,17822,17822,17822,17822	7	75	19972,0,0,0,0,0,0	301	0
162764	1559	3276	1867	850	828	204	74	11	7074	54	185	397	316	13	314	0	0	8658	0,0,0,0,0,0	25285	0	1016	21343	89	0	21026,20506,20506,18637,18637,18637,18637	7	71	20988,0,0,0,0,0,0	332	0
161904	1718	3371	1965	871	851	210	87	10	7510	59	190	368	332	16	343	0	0	9073	0,0,0,0,0,0	13538	0	1268	22606	99	0	22268,21708,21708,19692,19692,19692,19692	8	119	22251,0,0,0,0,0,0	333	0
161021	1872	3525	2046	908	865	214	91	10	7940	63	191	346	313	14	343	0	0	9521	0,0,0,0,0,0	13274	0	1307	23916	101	0	23549,22946,22946,20777,20777,20777,20777	8	141	23562,0,0,0,0,0,0	343	0
160275	1868	3675	2141	912	939	220	98	11	8346	67	194	344	260	8	304	0	0	9853	0,0,0,0,0,0	28927	0	1215	25126	113	0	24734,24085,24085,21745,21745,21745,21745	8	103	24775,0,0,0,0,0,0	345	0
159509	1886	3789	2190	959	1002	223	107	13	8800	73	195	314	298	9	332	0	0	10156	0,0,0,0,0,0	28936	0	1257	26382	119	0	25961,25262,25262,22745,22745,22745,22745	9	115	26033,0,0,0,0,0,0	369	0
158759	1897	3876	2325	998	999	233	115	13	9255	78	198	288	313	17	352	0	0	10443	0,0,0,0,0,0	29054	0	1256	27636	130	0	27187,26437,26437,23736,23736,23736,23736	9	130	27288,0,0,0,0,0,0	378	0
158173	1839	3809	2471	1066	1014	249	120	19	9701	85	200	270	296	14	338	0	0	10568	0,0,0,0,0,0	42679	0	1124	28757	139	0	28276,27473,27473,24577,24577,24577,24577	9	71	28409,0,0,0,0,0,0	403	0
157711	1767	3723	2538	1090	1035	253	122	24	10195	88	200	259	303	15	350	0	0	10528	0,0,0,0,0,0	42675	0	1019	29778	143	0	29262,28403,28403,25306,25306,25306,25306	9	83	29430,0,0,0,0,0,0	419	0
157142	1731	3738	2565	1115	1049	268	135	25	10678	95	205	232	350	22	375	0	0	10601	0,0,0,0,0,0	28729	0	1150	30922	154	0	30374,29457,29457,26150,26150,26150,26150	9	112	30575,0,0,0,0,0,0	423	0
