S	E	I1	I2	I3	I4	I5_h	I6_h	R_h	R	D1	D2	H	T	P1	P2	Q	QT	NQ	MUT	HOM	VAC	NI	INF	REINF	BSTR	IMM	HCI	HCE	INFV	INFH	VNI
178122	107	112	70	31	36	3	2	0	262	1	0	190	0	0	0	0	0	361	0,0,0,0,0,0	178745	0	0	361	0	0	624,624,624,624,624,624,624	0	0	0,0,0,0,0,0,0	0	0
178070	84	168	71	35	32	4	2	0	275	1	4	312	316	0	64	0	0	396	0,0,0,0,0,0	12534	0	60	421	0	0	676,676,676,676,676,676,676	0	4	60,0,0,0,0,0,0	5	0
178019	95	182	73	34	35	5	3	0	294	1	5	430	301	0	14	0	0	427	0,0,0,0,0,0	12487	0	70	491	0	0	728,728,728,728,728,728,728	0	10	130,0,0,0,0,0,0	7	0
177949	103	205	77	45	34	7	3	0	313	1	9	480	261	0	14	0	0	474	0,0,0,0,0,0	12756	0	81	572	0	0	799,799,799,799,799,799,799	0	7	211,0,0,0,0,0,0	11	0
177882	115	220	93	50	34	8	4	0	328	1	11	552	110	1	12	0	0	524	0,0,0,0,0,0	24897	0	81	654	0	0	869,869,869,869,869,869,869	0	6	293,0,0,0,0,0,0	13	0
177792	116	269	93	55	39	11	4	0	353	1	13	612	115	0	11	0	0	587	0,0,0,0,0,0	24682	0	98	753	0	0	961,961,961,961,961,961,961	0	10	392,0,0,0,0,0,0	16	0
177707	130	286	104	51	54	12	4	1	380	1	16	646	248	0	19	0	0	641	0,0,0,0,0,0	12651	0	101	856	0	0	1050,1050,1050,1050,1050,1050,1050	0	9	495,0,0,0,0,0,0	21	0
177619	141	277	133	60	64	11	5	1	413	1	21	672	242	1	27	0	0	691	0,0,0,0,0,0	12994	0	101	957	0	0	1142,1142,1142,1142,1142,1142,1142	0	7	596,0,0,0,0,0,0	24	0
177535	145	283	158	65	69	15	9	1	442	1	23	706	255	3	36	0	0	744	0,0,0,0,0,0	13005	0	105	1063	0	0	1234,1233,1233,1233,1233,1233,1233	0	11	702,0,0,0,0,0,0	24	0
177413	165	302	190	65	74	15	14	1	480	1	26	708	95	1	31	0	0	825	0,0,0,0,0,0	12971	0	133	1197	0	0	1360,1360,1360,1358,1358,1358,1358	0	12	836,0,0,0,0,0,0	34	0
177312	178	311	194	78	81	17	13	1	528	2	31	738	238	1	32	0	0	872	0,0,0,0,0,0	13105	0	122	1319	1	0	1473,1472,1472,1468,1468,1468,1468	0	11	959,0,0,0,0,0,0	37	0
177217	188	337	191	84	92	16	12	1	570	3	35	723	246	2	29	0	0	920	0,0,0,0,0,0	24850	0	124	1443	1	0	1583,1581,1581,1574,1574,1574,1574	0	17	1083,0,0,0,0,0,0	41	0
177141	183	347	207	88	97	17	13	1	608	3	41	691	311	2	38	0	0	952	0,0,0,0,0,0	24902	0	109	1554	1	0	1681,1677,1677,1665,1665,1665,1665	0	11	1194,0,0,0,0,0,0	47	0
177006	206	392	225	87	93	15	13	1	661	3	44	719	266	2	44	0	0	1031	0,0,0,0,0,0	12940	0	169	1723	2	0	1833,1829,1829,1813,1813,1813,1813	0	16	1364,0,0,0,0,0,0	41	0
176856	238	420	214	97	99	17	13	1	738	3	50	719	247	1	35	0	0	1098	0,0,0,0,0,0	13032	0	175	1899	3	0	2002,1996,1996,1975,1975,1975,1975	1	21	1541,0,0,0,0,0,0	42	0
176736	267	424	247	100	110	19	13	2	771	4	53	713	263	0	41	0	0	1180	0,0,0,0,0,0	13040	0	174	2073	3	0	2161,2152,2152,2119,2119,2119,2119	1	15	1715,0,0,0,0,0,0	46	0
176568	304	486	244	98	112	22	12	2	837	6	55	722	222	2	46	0	0	1278	0,0,0,0,0,0	13074	0	207	2282	4	0	2358,2346,2346,2304,2304,2304,2304	1	21	1925,0,0,0,0,0,0	43	0
176436	308	510	262	105	128	23	12	2	893	6	61	734	257	2	42	0	0	1348	0,0,0,0,0,0	13024	0	186	2467	6	0	2534,2518,2518,2462,2462,2462,2462	1	19	2112,0,0,0,0,0,0	52	0
176296	297	545	290	120	128	24	13	3	959	6	65	717	256	2	48	0	0	1417	0,0,0,0,0,0	25122	0	191	2657	8	0	2715,2696,2696,2626,2626,2626,2626	1	14	2304,0,0,0,0,0,0	54	0
176148	319	553	301	124	133	31	13	3	1047	7	67	714	269	1	50	0	0	1474	0,0,0,0,0,0	24855	0	203	2858	10	0	2906,2882,2882,2799,2799,2799,2799	1	16	2505,0,0,0,0,0,0	63	0
175944	349	620	326	123	137	33	14	3	1114	9	74	701	127	1	57	0	0	1602	0,0,0,0,0,0	12954	0	260	3115	14	0	3156,3128,3128,3028,3028,3028,3028	1	30	2764,0,0,0,0,0,0	62	0
175698	374	690	359	132	157	34	11	5	1195	10	81	728	264	4	64	0	0	1757	0,0,0,0,0,0	13077	0	289	3405	14	0	3443,3411,3411,3296,3296,3296,3296	1	31	3054,0,0,0,0,0,0	75	0
175458	402	773	378	134	164	33	13	4	1290	10	87	739	285	2	65	0	0	1897	0,0,0,0,0,0	13192	0	288	3691	16	0	3726,3690,3690,3559,3559,3559,3559	1	23	3341,0,0,0,0,0,0	71	0
175183	453	855	407	144	188	32	13	6	1365	11	89	717	273	3	65	0	0	2092	0,0,0,0,0,0	13152	0	350	4040	19	0	4065,4022,4022,3869,3869,3869,3869	1	38	3692,0,0,0,0,0,0	78	0
174859	521	899	453	175	204	33	15	5	1472	13	97	708	251	5	81	0	0	2300	0,0,0,0,0,0	13087	0	387	4422	24	0	4445,4396,4396,4222,4222,4222,4222	2	41	4077,0,0,0,0,0,0	76	0
174632	522	969	486	196	215	36	17	5	1553	14	101	671	254	6	78	0	0	2441	0,0,0,0,0,0	25101	0	323	4745	25	0	4754,4697,4697,4493,4493,4493,4493	2	21	4400,0,0,0,0,0,0	82	0
174363	516	1057	514	219	204	41	16	5	1691	16	104	677	318	6	80	0	0	2567	0,0,0,0,0,0	25189	0	342	5089	25	0	5093,5029,5029,4800,4800,4800,4800	2	22	4744,0,0,0,0,0,0	90	0
174023	587	1121	582	242	226	43	20	4	1774	16	108	677	320	1	82	0	0	2821	0,0,0,0,0,0	13012	0	444	5534	27	0	5526,5452,5452,5188,5188,5188,5188	2	47	5190,0,0,0,0,0,0	98	0
173660	647	1187	604	269	249	44	27	5	1927	16	111	668	284	5	106	0	0	3027	0,0,0,0,0,0	13061	0	457	5994	29	0	5973,5890,5890,5595,5595,5595,5595	2	43	5652,0,0,0,0,0,0	111	0
173260	679	1305	683	302	282	49	28	4	2017	20	117	648	260	7	108	0	0	3328	0,0,0,0,0,0	13079	0	513	6514	30	0	6482,6388,6388,6053,6053,6053,6053	2	45	6172,0,0,0,0,0,0	120	0
172816	759	1408	711	323	312	48	29	4	2195	22	119	659	302	7	132	0	0	3590	0,0,0,0,0,0	13104	0	556	7073	31	0	7030,6925,6925,6552,6552,6552,6552	3	55	6731,0,0,0,0,0,0	128	0
172362	778	1518	790	368	336	55	37	5	2351	23	123	606	283	9	133	0	0	3882	0,0,0,0,0,0	12974	0	574	7650	31	0	7599,7483,7483,7066,7066,7066,7066	3	58	7308,0,0,0,0,0,0	144	0
171934	795	1604	855	381	380	60	38	4	2545	24	126	589	319	8	151	0	0	4113	0,0,0,0,0,0	24764	0	553	8203	34	0	8144,8015,8015,7555,7555,7555,7555	3	45	7861,0,0,0,0,0,0	160	0
171530	792	1670	908	400	407	65	42	5	2770	26	131	595	282	6	149	0	0	4284	0,0,0,0,0,0	24838	0	554	8760	36	0	8688,8545,8545,8033,8033,8033,8033	3	42	8418,0,0,0,0,0,0	174	0
170967	915	1795	941	411	446	73	43	3	2985	28	139	605	284	10	172	0	0	4624	0,0,0,0,0,0	13349	0	737	9499	38	0	9418,9257,9257,8683,8683,8683,8683	4	81	9158,0,0,0,0,0,0	176	0
170378	1075	1880	996	426	455	83	50	3	3228	28	144	583	250	7	178	0	0	4965	0,0,0,0,0,0	13015	0	753	10255	39	0	10163,9986,9986,9352,9352,9352,9352	4	76	9915,0,0,0,0,0,0	189	0
169820	1134	1985	1038	474	470	94	50	7	3495	29	150	555	265	11	205	0	0	5245	0,0,0,0,0,0	13070	0	733	10991	40	0	10887,10692,10692,9996,9996,9996,9996	4	76	10651,0,0,0,0,0,0	210	0
169195	1198	2141	1132	527	494	94	60	6	3717	29	153	553	347	15	200	0	0	5646	0,0,0,0,0,0	13180	0	838	11822	48	0	11703,11488,11488,10720,10720,10720,10720	5	67	11483,0,0,0,0,0,0	202	0
168535	1298	2263	1213	562	535	98	61	8	3982	35	156	536	325	15	196	0	0	6030	0,0,0,0,0,0	13163	0	867	12691	51	0	12554,12319,12319,11479,11479,11479,11479	5	89	12353,0,0,0,0,0,0	209	0
167997	1312	2289	1289	607	584	108	66	9	4286	39	160	542	318	8	196	0	0	6255	0,0,0,0,0,0	25176	0	759	13452	54	0	13301,13045,13045,12125,12125,12125,12125	5	54	13115,0,0,0,0,0,0	219	0
167494	1243	2456	1362	612	609	115	67	10	4574	41	163	488	304	9	234	0	0	6464	0,0,0,0,0,0	25154	0	769	14222	58	0	14052,13769,13769,12756,12756,12756,12756	5	69	13885,0,0,0,0,0,0	234	0
166685	1372	2622	1467	632	632	131	68	10	4920	44	163	454	249	13	236	0	0	6924	0,0,0,0,0,0	13381	0	1070	15294	60	0	15105,14797,14797,13691,13691,13691,13691	6	116	14958,0,0,0,0,0,0	243	0
165939	1497	2752	1530	685	656	137	74	10	5254	47	165	424	269	17	272	0	0	7331	0,0,0,0,0,0	13146	0	1048	16340	65	0	16129,15791,15791,14579,14579,14579,14579	6	90	16005,0,0,0,0,0,0	257	0
165148	1632	2840	1598	735	709	139	73	11	5640	54	167	407	292	12	268	0	0	7726	0,0,0,0,0,0	13216	0	1092	17434	70	0	17205,16837,16837,15516,15516,15516,15516	6	99	17100,0,0,0,0,0,0	269	0
164348	1625	3149	1635	755	747	150	81	8	6020	57	171	390	335	9	305	0	0	8142	0,0,0,0,0,0	13241	0	1128	18561	79	0	18315,17914,17914,16474,16474,16474,16474	7	116	18228,0,0,0,0,0,0	283	0
163509	1729	3261	1773	781	797	171	78	10	6400	62	175	369	331	16	267	0	0	8590	0,0,0,0,0,0	13281	0	1162	19722	84	0	19457,19024,19024,17468,17468,17468,17468	7	106	19389,0,0,0,0,0,0	300	0
162797	1694	3342	1874	850	828	182	83	13	6841	65	177	348	268	10	304	0	0	8853	0,0,0,0,0,0	25470	0	1049	20776	87	0	20491,20024,20024,18345,18345,18345,18345	7	71	20443,0,0,0,0,0,0	325	0
162162	1654	3402	1991	863	862	184	89	14	7274	74	177	357	306	11	293	0	0	9045	0,0,0,0,0,0	25170	0	1025	21810	89	0	21501,20994,20994,19171,19171,19171,19171	7	69	21478,0,0,0,0,0,0	340	0
161246	1795	3555	2104	871	911	193	95	15	7703	79	179	338	308	16	378	0	0	9524	0,0,0,0,0,0	13346	0	1361	23170	98	0	22835,22284,22284,20300,20300,20300,20300	8	125	22838,0,0,0,0,0,0	328	0
160398	1902	3680	2190	911	930	196	95	23	8155	85	181	317	343	26	365	0	0	9904	0,0,0,0,0,0	13377	0	1289	24460	108	0	24098,23502,23502,21359,21359,21359,21359	8	88	24129,0,0,0,0,0,0	321	0
159576	1983	3779	2250	990	965	214	102	25	8590	88	184	299	322	14	333	0	0	10283	0,0,0,0,0,0	29029	0	1284	25737	120	0	25349,24707,24707,22399,22399,22399,22399	8	118	25406,0,0,0,0,0,0	340	0
158789	1961	3867	2325	1040	1013	225	115	21	9110	94	186	286	347	16	387	0	0	10546	0,0,0,0,0,0	28892	0	1237	26978	123	0	26563,25876,25876,23403,23403,23403,23403	8	102	26647,0,0,0,0,0,0	357	0
157992	1963	3934	2421	1094	1049	243	112	22	9628	102	186	272	324	15	367	0	0	10816	0,0,0,0,0,0	29055	0	1286	28263	131	0	27818,27082,27082,24432,24432,24432,24432	9	122	27933,0,0,0,0,0,0	376	0
157464	1913	3923	2455	1111	1086	252	119	21	10107	109	186	269	328	16	382	0	0	10859	0,0,0,0,0,0	42687	0	1130	29391	138	0	28909,28113,28113,25247,25247,25247,25247	9	73	29061,0,0,0,0,0,0	402	0
156999	1796	3901	2528	1129	1110	269	121	18	10569	119	187	243	328	13	344	0	0	10854	0,0,0,0,0,0	42744	0	1069	30458	147	0	29941,29085,29085,26000,26000,26000,26000	8	72	30129,0,0,0,0,0,0	405	0
156433	1800	3905	2559	1166	1162	259	134	17	11001	121	189	228	312	19	452	0	0	10985	0,0,0,0,0,0	28662	0	1218	31672	157	0	31116,30195,30195,26874,26874,26874,26874	8	113	31345,0,0,0,0,0,0	416	0
