S	E	I1	I2	I3	I4	I5_h	I6_h	R_h	R	D1	D2	H	T	P1	P2	Q	QT	NQ	MUT	HOM	VAC	NI	INF	REINF	BSTR	IMM	HCI	HCE	INFV	INFH	VNI
178094	108	119	58	42	42	5	3	0	274	1	0	207	0	0	0	0	0	377	0,0,0,0,0,0	178745	0	0	377	0	0	652,652,652,652,652,652,652	0	0	0,0,0,0,0,0,0	0	0
178028	105	171	64	47	42	5	4	0	278	1	1	328	327	0	74	0	0	438	0,0,0,0,0,0	12412	0	81	459	0	0	718,718,718,718,718,718,718	0	5	82,0,0,0,0,0,0	8	0
177939	131	201	71	46	38	5	4	0	306	1	4	420	116	1	22	0	0	496	0,0,0,0,0,0	12860	0	94	555	0	0	807,807,807,807,807,807,807	0	7	178,0,0,0,0,0,0	9	0
177860	146	227	89	53	41	6	4	0	312	1	7	477	100	0	13	0	0	566	0,0,0,0,0,0	12968	0	99	654	0	0	889,889,889,889,889,889,889	0	7	277,0,0,0,0,0,0	9	0
177777	147	256	99	56	38	6	5	0	349	1	12	524	278	1	9	0	0	607	0,0,0,0,0,0	24761	0	95	749	0	0	974,974,974,974,974,974,974	0	6	372,0,0,0,0,0,0	13	0
177695	134	289	111	63	48	7	6	0	375	1	17	589	87	1	20	0	0	658	0,0,0,0,0,0	24843	0	92	843	0	0	1058,1058,1058,1058,1058,1058,1058	0	5	466,0,0,0,0,0,0	21	0
177581	153	327	120	63	38	12	7	0	423	2	20	633	257	2	37	0	0	720	0,0,0,0,0,0	12840	0	123	967	0	0	1175,1175,1175,1174,1174,1174,1174	0	8	590,0,0,0,0,0,0	22	0
177498	166	327	134	73	52	15	7	0	446	2	26	681	249	1	18	0	0	774	0,0,0,0,0,0	12903	0	106	1073	0	0	1267,1266,1266,1264,1264,1264,1264	0	9	696,0,0,0,0,0,0	31	0
177407	171	334	156	80	68	14	9	0	478	2	27	715	268	2	34	0	0	832	0,0,0,0,0,0	13159	0	117	1188	2	0	1367,1366,1366,1364,1364,1364,1364	0	15	813,0,0,0,0,0,0	36	0
177297	188	365	157	77	79	15	12	1	523	2	30	722	247	1	32	0	0	893	0,0,0,0,0,0	13115	0	142	1328	4	0	1488,1487,1487,1483,1483,1483,1483	0	9	955,0,0,0,0,0,0	41	0
177162	220	374	177	88	84	18	14	1	569	2	37	720	237	1	28	0	0	975	0,0,0,0,0,0	13128	0	155	1485	4	0	1635,1633,1633,1627,1627,1627,1627	0	16	1112,0,0,0,0,0,0	47	0
177048	230	392	201	85	92	20	16	2	613	4	43	726	261	2	44	0	0	1036	0,0,0,0,0,0	24807	0	140	1625	5	0	1765,1762,1762,1752,1752,1752,1752	0	7	1253,0,0,0,0,0,0	48	0
176945	219	407	215	97	106	20	17	2	665	5	48	747	92	2	29	0	0	1081	0,0,0,0,0,0	24945	0	132	1756	7	0	1882,1879,1879,1866,1866,1866,1866	0	13	1386,0,0,0,0,0,0	58	0
176765	263	452	242	105	117	24	16	2	704	6	50	743	236	1	51	0	0	1219	0,0,0,0,0,0	13022	0	217	1972	8	0	2085,2079,2079,2059,2059,2059,2059	0	22	1603,0,0,0,0,0,0	56	0
176588	310	485	264	108	123	26	17	2	762	8	53	727	278	2	41	0	0	1333	0,0,0,0,0,0	13067	0	208	2180	10	0	2285,2277,2277,2249,2249,2249,2249	0	16	1813,0,0,0,0,0,0	58	0
176465	324	478	306	116	125	28	16	2	822	10	54	731	252	2	45	0	0	1393	0,0,0,0,0,0	12899	0	168	2346	13	0	2436,2426,2426,2389,2389,2389,2389	1	10	1981,0,0,0,0,0,0	63	0
176303	313	556	290	136	123	30	15	3	909	11	57	731	233	2	57	0	0	1463	0,0,0,0,0,0	12979	0	205	2552	15	0	2633,2620,2620,2572,2572,2572,2572	1	14	2189,0,0,0,0,0,0	62	0
176103	331	621	307	139	124	32	13	4	996	12	64	730	318	5	37	0	0	1567	0,0,0,0,0,0	13109	0	246	2797	16	0	2873,2856,2856,2795,2795,2795,2795	1	23	2435,0,0,0,0,0,0	59	0
175929	355	648	327	132	137	34	16	4	1074	13	77	716	255	1	52	0	0	1649	0,0,0,0,0,0	24900	0	236	3031	19	0	3098,3076,3076,2999,2999,2999,2999	1	12	2671,0,0,0,0,0,0	68	0
175765	343	665	362	153	166	32	15	5	1146	14	80	720	317	0	50	0	0	1736	0,0,0,0,0,0	25033	0	201	3237	20	0	3299,3273,3273,3183,3183,3183,3183	1	13	2878,0,0,0,0,0,0	71	0
175540	373	730	405	154	158	32	17	4	1233	14	86	687	251	1	76	0	0	1869	0,0,0,0,0,0	12985	0	281	3520	22	0	3572,3542,3542,3436,3436,3436,3436	1	22	3163,0,0,0,0,0,0	74	0
175331	391	757	448	177	162	36	21	4	1314	14	91	682	245	4	57	0	0	1992	0,0,0,0,0,0	13113	0	275	3795	22	0	3837,3801,3801,3676,3676,3676,3676	1	24	3438,0,0,0,0,0,0	77	0
175072	437	775	469	189	186	36	23	4	1445	14	96	669	229	2	69	0	0	2115	0,0,0,0,0,0	12998	0	317	4111	23	0	4151,4110,4110,3965,3965,3965,3965	1	50	3755,0,0,0,0,0,0	82	0
174815	476	850	478	191	206	40	24	4	1546	16	100	684	226	3	76	0	0	2265	0,0,0,0,0,0	13054	0	343	4456	23	0	4489,4440,4440,4265,4265,4265,4265	1	35	4100,0,0,0,0,0,0	83	0
174559	493	907	487	219	228	40	22	5	1662	19	105	677	333	4	95	0	0	2396	0,0,0,0,0,0	13103	0	352	4808	24	0	4831,4773,4773,4568,4568,4568,4568	2	25	4453,0,0,0,0,0,0	87	0
174341	505	949	508	225	230	45	22	3	1792	20	106	663	265	1	79	0	0	2484	0,0,0,0,0,0	24792	0	317	5127	24	0	5138,5071,5071,4834,4834,4834,4834	2	26	4772,0,0,0,0,0,0	90	0
174092	497	994	550	240	255	44	22	5	1913	23	111	637	277	2	93	0	0	2602	0,0,0,0,0,0	24967	0	331	5458	27	0	5464,5389,5389,5123,5123,5123,5123	2	33	5104,0,0,0,0,0,0	105	0
173775	560	1064	572	261	275	50	23	4	2023	25	114	659	315	9	102	0	0	2805	0,0,0,0,0,0	13093	0	431	5891	27	0	5883,5799,5799,5496,5496,5496,5496	2	39	5537,0,0,0,0,0,0	108	0
173470	602	1137	598	273	286	59	25	4	2145	26	121	661	318	4	106	0	0	2980	0,0,0,0,0,0	13067	0	423	6315	27	0	6297,6201,6201,5859,5859,5859,5859	2	57	5961,0,0,0,0,0,0	108	0
173110	649	1221	657	283	312	59	30	4	2272	26	123	631	286	8	116	0	0	3211	0,0,0,0,0,0	13004	0	502	6818	30	0	6788,6678,6678,6288,6288,6288,6288	3	56	6464,0,0,0,0,0,0	128	0
172739	702	1278	745	296	304	62	34	5	2422	26	133	596	360	7	129	0	0	3421	0,0,0,0,0,0	13014	0	497	7314	33	0	7276,7154,7154,6720,6720,6720,6720	3	47	6962,0,0,0,0,0,0	127	0
172364	729	1394	767	317	314	63	33	4	2599	26	136	590	300	8	125	0	0	3617	0,0,0,0,0,0	13099	0	514	7829	37	0	7775,7640,7640,7160,7160,7160,7160	3	47	7480,0,0,0,0,0,0	138	0
172011	738	1459	794	329	325	70	36	5	2810	28	141	582	261	6	119	0	0	3751	0,0,0,0,0,0	24969	0	493	8325	40	0	8261,8112,8112,7582,7582,7582,7582	3	47	7976,0,0,0,0,0,0	152	0
171670	742	1486	851	368	365	70	36	5	2977	30	146	591	361	9	122	0	0	3918	0,0,0,0,0,0	25048	0	498	8821	43	0	8743,8580,8580,7997,7997,7997,7997	3	32	8473,0,0,0,0,0,0	171	0
171211	823	1617	841	378	384	77	41	5	3186	32	151	574	314	12	162	0	0	4161	0,0,0,0,0,0	13125	0	637	9460	46	0	9374,9193,9193,8545,8545,8545,8545	4	77	9112,0,0,0,0,0,0	168	0
170747	910	1653	941	405	409	75	42	5	3374	32	153	564	264	7	140	0	0	4435	0,0,0,0,0,0	13098	0	631	10092	50	0	9993,9795,9795,9087,9087,9087,9087	4	70	9745,0,0,0,0,0,0	189	0
170296	962	1748	990	408	441	84	48	6	3573	33	157	563	248	5	160	0	0	4681	0,0,0,0,0,0	13189	0	656	10750	51	0	10634,10417,10417,9637,9637,9637,9637	4	60	10403,0,0,0,0,0,0	173	0
169821	1041	1836	1028	440	470	87	47	6	3770	37	163	574	265	10	180	0	0	4949	0,0,0,0,0,0	13081	0	694	11449	52	0	11317,11078,11078,10219,10219,10219,10219	5	70	11102,0,0,0,0,0,0	192	0
169245	1133	1968	1044	477	477	92	53	4	4048	37	168	544	311	7	184	0	0	5244	0,0,0,0,0,0	13016	0	769	12221	52	0	12076,11818,11818,10890,10890,10890,10890	5	91	11874,0,0,0,0,0,0	207	0
168808	1085	2066	1137	506	488	100	54	6	4284	41	171	531	307	3	156	0	0	5436	0,0,0,0,0,0	25048	0	656	12882	53	0	12721,12440,12440,11434,11434,11434,11434	5	43	12535,0,0,0,0,0,0	215	0
168391	1057	2086	1246	530	532	104	52	7	4521	46	174	522	314	15	202	0	0	5607	0,0,0,0,0,0	25187	0	660	13543	56	0	13369,13064,13064,11969,11969,11969,11969	5	53	13197,0,0,0,0,0,0	229	0
167756	1199	2219	1290	542	564	108	51	10	4779	50	178	504	298	6	226	0	0	5973	0,0,0,0,0,0	13284	0	915	14459	58	0	14269,13936,13936,12739,12739,12739,12739	5	107	14113,0,0,0,0,0,0	213	0
167147	1317	2403	1336	564	582	127	54	9	4974	54	179	511	299	13	214	0	0	6383	0,0,0,0,0,0	13117	0	922	15381	61	0	15169,14805,14805,13497,13497,13497,13497	6	96	15035,0,0,0,0,0,0	232	0
166470	1396	2503	1372	600	662	132	60	10	5302	55	184	487	316	6	263	0	0	6725	0,0,0,0,0,0	13220	0	944	16329	65	0	16102,15711,15711,14305,14305,14305,14305	6	98	15984,0,0,0,0,0,0	244	0
165772	1485	2660	1458	643	660	137	68	11	5607	57	188	478	247	14	240	0	0	7111	0,0,0,0,0,0	13041	0	1008	17339	68	0	17094,16672,16672,15153,15153,15153,15153	7	105	16994,0,0,0,0,0,0	258	0
165062	1603	2801	1514	694	673	143	74	10	5922	61	189	466	333	7	255	0	0	7502	0,0,0,0,0,0	13190	0	1053	18392	73	0	18127,17670,17670,16027,16027,16027,16027	7	96	18048,0,0,0,0,0,0	268	0
164473	1566	2986	1571	720	694	151	75	9	6242	65	194	468	324	20	255	0	0	7763	0,0,0,0,0,0	25141	0	942	19332	79	0	19047,18555,18555,16785,16785,16785,16785	7	66	18989,0,0,0,0,0,0	281	0
163907	1470	3135	1625	751	733	155	77	9	6619	70	195	444	356	13	267	0	0	7946	0,0,0,0,0,0	25173	0	899	20232	83	0	19927,19401,19401,17511,17511,17511,17511	7	59	19890,0,0,0,0,0,0	283	0
163042	1604	3292	1765	770	784	163	85	12	6960	73	196	414	306	19	290	0	0	8463	0,0,0,0,0,0	13414	0	1255	21483	91	0	21153,20589,20589,18559,18559,18559,18559	7	100	21142,0,0,0,0,0,0	293	0
162272	1742	3342	1868	807	844	171	85	13	7324	80	198	385	347	16	336	0	0	8859	0,0,0,0,0,0	13353	0	1195	22678	95	0	22321,21715,21715,19531,19531,19531,19531	7	101	22338,0,0,0,0,0,0	303	0
161503	1837	3408	1940	844	894	182	92	19	7743	84	200	355	324	11	296	0	0	9197	0,0,0,0,0,0	28897	0	1197	23872	101	0	23489,22840,22840,20503,20503,20503,20503	8	110	23533,0,0,0,0,0,0	314	0
160866	1833	3490	1957	911	930	194	101	20	8152	89	203	348	312	14	349	0	0	9416	0,0,0,0,0,0	28776	0	1101	24969	110	0	24559,23864,23864,21359,21359,21359,21359	7	76	24630,0,0,0,0,0,0	322	0
160145	1828	3600	2080	946	958	196	109	18	8568	94	204	347	301	14	360	0	0	9717	0,0,0,0,0,0	28958	0	1200	26163	120	0	25725,24983,24983,22305,22305,22305,22305	8	117	25826,0,0,0,0,0,0	348	0
159626	1766	3619	2138	973	973	201	114	18	9015	98	205	321	308	13	339	0	0	9784	0,0,0,0,0,0	42467	0	1032	27195	128	0	26726,25932,25932,23068,23068,23068,23068	8	66	26860,0,0,0,0,0,0	367	0
159191	1648	3597	2220	1006	959	215	118	19	9465	102	206	310	335	22	335	0	0	9763	0,0,0,0,0,0	42611	0	953	28151	132	0	27651,26804,26804,23751,23751,23751,23751	7	74	27816,0,0,0,0,0,0	363	0
158581	1675	3641	2246	999	1005	227	127	19	9910	108	208	303	306	20	353	0	0	9920	0,0,0,0,0,0	28854	0	1194	29331	148	0	28796,27893,27893,24632,24632,24632,24632	8	115	28996,0,0,0,0,0,0	375	0
