S	E	I1	I2	I3	I4	I5_h	I6_h	R_h	R	D1	D2	H	T	P1	P2	Q	QT	NQ	MUT	HOM	VAC	NI	INF	REINF	BSTR	IMM	HCI	HCE	INFV	INFH	VNI
178063	118	111	48	31	52	11	5	0	307	0	0	186	0	0	0	0	0	376	0,0,0,0,0,0	178746	0	0	376	0	0	683,683,683,683,683,683,683	0	0	0,0,0,0,0,0,0	0	0
178023	94	145	63	30	37	14	6	0	333	0	1	308	338	1	87	0	0	389	0,0,0,0,0,0	12413	0	49	425	0	0	723,723,723,723,723,723,723	0	2	49,0,0,0,0,0,0	15	0
177959	98	179	75	33	31	14	7	0	347	0	3	408	246	0	13	0	0	437	0,0,0,0,0,0	12494	0	77	503	0	0	787,787,787,787,787,787,787	0	7	127,0,0,0,0,0,0	20	0
177882	121	198	81	47	32	14	7	0	356	1	7	478	265	2	9	0	0	500	0,0,0,0,0,0	12625	0	93	596	0	0	866,866,866,866,866,866,866	0	8	220,0,0,0,0,0,0	25	0
177825	111	224	81	50	40	14	6	1	381	1	12	508	298	3	16	0	0	526	0,0,0,0,0,0	24531	0	71	667	0	0	924,924,924,924,924,924,924	0	4	291,0,0,0,0,0,0	26	0
177755	111	241	101	58	42	17	7	1	398	1	14	576	275	0	16	0	0	577	0,0,0,0,0,0	24664	0	84	752	0	0	996,996,996,996,996,996,996	0	5	376,0,0,0,0,0,0	27	0
177667	118	257	114	65	44	18	9	1	436	1	16	591	251	0	27	0	0	625	0,0,0,0,0,0	12636	0	95	848	0	0	1085,1085,1085,1085,1085,1085,1085	0	9	472,0,0,0,0,0,0	32	0
177558	156	273	121	75	51	17	9	0	465	1	20	611	248	1	21	0	0	702	0,0,0,0,0,0	13048	0	126	974	0	0	1197,1197,1197,1197,1197,1197,1197	0	10	598,0,0,0,0,0,0	37	0
177479	175	280	142	77	67	18	10	0	473	1	24	650	299	3	29	0	0	769	0,0,0,0,0,0	12850	0	115	1089	0	0	1290,1289,1289,1287,1287,1287,1287	0	8	713,0,0,0,0,0,0	37	0
177393	165	304	152	75	75	18	12	0	519	1	32	646	254	0	27	0	0	801	0,0,0,0,0,0	12821	0	104	1192	1	0	1385,1384,1384,1382,1382,1382,1382	0	10	817,0,0,0,0,0,0	41	0
177291	177	341	155	80	71	22	12	0	562	1	34	678	321	2	34	0	0	858	0,0,0,0,0,0	12902	0	130	1322	1	0	1498,1497,1497,1493,1493,1493,1493	0	19	947,0,0,0,0,0,0	47	0
177199	179	357	169	85	88	21	11	1	598	1	37	672	240	0	25	0	0	910	0,0,0,0,0,0	24847	0	122	1444	2	0	1600,1598,1598,1592,1592,1592,1592	0	13	1070,0,0,0,0,0,0	45	0
177124	181	374	176	98	88	23	12	2	628	1	39	670	240	1	36	0	0	952	0,0,0,0,0,0	24745	0	121	1563	4	0	1701,1698,1698,1684,1684,1684,1684	0	9	1191,0,0,0,0,0,0	42	0
177003	199	408	196	102	89	24	15	2	665	1	42	693	262	2	32	0	0	1033	0,0,0,0,0,0	13023	0	157	1721	4	0	1845,1839,1839,1821,1821,1821,1821	0	14	1349,0,0,0,0,0,0	53	0
176863	240	405	226	112	98	27	16	2	710	2	45	647	255	0	49	0	0	1124	0,0,0,0,0,0	12938	0	178	1900	4	0	2010,2002,2002,1977,1977,1977,1977	1	15	1528,0,0,0,0,0,0	63	0
176741	239	466	241	125	104	26	18	2	735	2	47	641	267	3	45	0	0	1219	0,0,0,0,0,0	13003	0	179	2079	4	0	2172,2161,2161,2124,2124,2124,2124	1	22	1707,0,0,0,0,0,0	62	0
176559	275	512	250	134	121	25	19	2	796	3	50	649	255	3	52	0	0	1336	0,0,0,0,0,0	13067	0	224	2302	6	0	2381,2368,2368,2322,2322,2322,2322	1	27	1931,0,0,0,0,0,0	67	0
176394	312	520	266	141	134	28	17	4	876	3	51	648	244	1	50	0	0	1418	0,0,0,0,0,0	13080	0	208	2511	6	0	2571,2556,2556,2503,2503,2503,2503	1	20	2140,0,0,0,0,0,0	68	0
176254	301	571	283	136	139	30	18	3	951	4	56	677	257	2	42	0	0	1478	0,0,0,0,0,0	24988	0	187	2700	7	0	2755,2736,2736,2668,2668,2668,2668	1	20	2330,0,0,0,0,0,0	71	0
176122	305	577	310	145	146	30	20	3	1023	5	60	703	260	3	55	0	0	1533	0,0,0,0,0,0	24653	0	192	2892	9	0	2936,2912,2912,2828,2828,2828,2828	1	22	2523,0,0,0,0,0,0	79	0
175899	337	649	331	153	140	29	21	3	1112	6	66	697	229	3	79	0	0	1660	0,0,0,0,0,0	12884	0	260	3155	10	0	3195,3168,3168,3071,3071,3071,3071	1	30	2786,0,0,0,0,0,0	81	0
175672	382	679	369	167	160	28	23	3	1187	7	69	721	81	1	42	0	0	1808	0,0,0,0,0,0	13042	0	292	3447	13	0	3472,3440,3440,3326,3326,3326,3326	2	37	3078,0,0,0,0,0,0	86	0
175437	399	739	399	186	162	26	24	5	1290	7	72	705	249	4	69	0	0	1935	0,0,0,0,0,0	13070	0	287	3735	14	0	3751,3715,3715,3586,3586,3586,3586	2	29	3366,0,0,0,0,0,0	80	0
175184	434	778	434	191	183	24	23	6	1405	9	75	724	287	3	67	0	0	2067	0,0,0,0,0,0	13050	0	327	4062	16	0	4065,4023,4023,3873,3873,3873,3873	2	31	3694,0,0,0,0,0,0	80	0
174918	453	836	478	204	186	27	25	6	1522	11	80	695	276	7	94	0	0	2209	0,0,0,0,0,0	13076	0	333	4394	20	0	4389,4341,4341,4171,4171,4171,4171	2	39	4028,0,0,0,0,0,0	79	0
174671	469	854	520	233	197	30	23	6	1644	14	85	679	247	4	76	0	0	2326	0,0,0,0,0,0	24794	0	311	4706	21	0	4698,4644,4644,4450,4450,4450,4450	2	16	4340,0,0,0,0,0,0	91	0
174467	480	902	517	232	201	31	23	5	1783	16	89	652	231	2	89	0	0	2386	0,0,0,0,0,0	25216	0	303	5011	22	0	4992,4928,4928,4702,4702,4702,4702	2	28	4646,0,0,0,0,0,0	94	0
174190	501	977	567	238	207	36	23	5	1894	17	91	651	315	3	97	0	0	2549	0,0,0,0,0,0	12956	0	368	5384	22	0	5353,5281,5281,5023,5023,5023,5023	2	35	5019,0,0,0,0,0,0	96	0
173899	560	1049	587	243	213	38	31	4	2011	17	94	642	329	3	94	0	0	2721	0,0,0,0,0,0	13065	0	399	5786	23	0	5742,5659,5659,5366,5366,5366,5366	2	34	5421,0,0,0,0,0,0	95	0
173580	614	1090	623	258	258	46	30	5	2122	21	99	650	331	4	96	0	0	2919	0,0,0,0,0,0	12999	0	431	6218	25	0	6166,6072,6072,5740,5740,5740,5740	2	38	5854,0,0,0,0,0,0	97	0
173239	679	1149	667	261	295	49	32	6	2246	22	101	625	274	4	103	0	0	3132	0,0,0,0,0,0	13077	0	461	6681	25	0	6611,6507,6507,6137,6137,6137,6137	2	47	6317,0,0,0,0,0,0	111	0
172863	709	1233	720	298	283	53	29	7	2420	26	105	621	257	7	130	0	0	3325	0,0,0,0,0,0	13176	0	486	7168	27	0	7087,6973,6973,6565,6565,6565,6565	2	53	6805,0,0,0,0,0,0	116	0
172585	719	1270	746	323	293	49	28	7	2592	28	106	623	288	6	97	0	0	3428	0,0,0,0,0,0	25054	0	426	7592	31	0	7500,7372,7372,6913,6913,6913,6913	2	33	7231,0,0,0,0,0,0	120	0
172278	671	1386	780	319	321	56	28	7	2758	29	113	629	233	2	109	0	0	3561	0,0,0,0,0,0	24849	0	444	8037	33	0	7941,7798,7798,7289,7289,7289,7289	3	33	7677,0,0,0,0,0,0	128	0
171771	802	1487	821	332	323	66	33	7	2958	31	115	609	264	5	148	0	0	3864	0,0,0,0,0,0	13169	0	659	8700	33	0	8592,8435,8435,7871,7871,7871,7871	3	73	8340,0,0,0,0,0,0	132	0
171324	884	1594	873	345	352	70	35	7	3103	34	125	580	336	8	150	0	0	4153	0,0,0,0,0,0	13049	0	616	9318	35	0	9199,9025,9025,8401,8401,8401,8401	3	57	8958,0,0,0,0,0,0	144	0
170845	976	1691	924	365	372	80	38	6	3285	36	128	565	318	13	158	0	0	4446	0,0,0,0,0,0	13223	0	669	9986	39	0	9855,9662,9662,8971,8971,8971,8971	4	66	9628,0,0,0,0,0,0	155	0
170363	1020	1812	1026	387	407	85	40	5	3430	38	133	577	292	8	151	0	0	4777	0,0,0,0,0,0	13024	0	684	10672	41	0	10525,10313,10313,9551,9551,9551,9551	4	67	10314,0,0,0,0,0,0	163	0
169849	1056	1936	1084	409	432	87	43	6	3667	41	136	558	331	4	158	0	0	5047	0,0,0,0,0,0	13117	0	714	11388	42	0	11228,10995,10995,10162,10162,10162,10162	4	58	11030,0,0,0,0,0,0	158	0
169452	1076	1941	1097	468	469	91	52	7	3911	43	139	553	315	14	177	0	0	5194	0,0,0,0,0,0	25082	0	608	11995	46	0	11820,11567,11567,10660,10660,10660,10660	4	45	11638,0,0,0,0,0,0	180	0
169008	1032	2039	1148	516	481	93	52	6	4182	48	141	549	309	10	183	0	0	5361	0,0,0,0,0,0	24843	0	666	12659	51	0	12469,12195,12195,11210,11210,11210,11210	4	43	12303,0,0,0,0,0,0	192	0
168406	1147	2142	1200	514	501	101	59	6	4477	50	143	523	325	10	220	0	0	5664	0,0,0,0,0,0	13270	0	843	13499	57	0	13291,12993,12993,11925,11925,11925,11925	5	97	13144,0,0,0,0,0,0	183	0
167772	1261	2280	1303	526	517	103	64	6	4717	52	145	516	265	9	228	0	0	6054	0,0,0,0,0,0	13057	0	895	14395	61	0	14163,13840,13840,12681,12681,12681,12681	5	79	14040,0,0,0,0,0,0	193	0
167105	1320	2455	1362	546	551	107	67	5	5025	56	147	523	335	14	221	0	0	6408	0,0,0,0,0,0	13234	0	933	15326	67	0	15078,14729,14729,13474,13474,13474,13474	6	99	14972,0,0,0,0,0,0	208	0
166397	1452	2595	1363	621	600	115	74	10	5311	57	151	510	301	10	206	0	0	6820	0,0,0,0,0,0	13084	0	1014	16345	70	0	16080,15700,15700,14333,14333,14333,14333	6	97	15991,0,0,0,0,0,0	211	0
165628	1556	2741	1491	655	643	121	71	11	5613	61	155	475	330	6	296	0	0	7278	0,0,0,0,0,0	13140	0	1066	17410	75	0	17127,16717,16717,15243,15243,15243,15243	6	92	17057,0,0,0,0,0,0	234	0
165045	1558	2764	1559	697	693	131	73	11	5994	66	155	448	341	18	240	0	0	7475	0,0,0,0,0,0	25068	0	886	18296	78	0	17993,17553,17553,15971,15971,15971,15971	6	76	17943,0,0,0,0,0,0	242	0
164423	1517	2906	1624	724	736	136	77	12	6364	69	158	469	305	14	275	0	0	7720	0,0,0,0,0,0	25279	0	932	19225	88	0	18905,18434,18434,16740,16740,16740,16740	6	63	18875,0,0,0,0,0,0	259	0
163644	1545	3075	1712	766	767	153	72	11	6762	76	163	415	309	9	312	0	0	8090	0,0,0,0,0,0	13370	0	1115	20342	92	0	20004,19499,19499,17681,17681,17681,17681	7	105	19993,0,0,0,0,0,0	263	0
162880	1622	3255	1819	807	799	170	75	13	7063	78	165	391	272	13	296	0	0	8547	0,0,0,0,0,0	13201	0	1186	21527	97	0	21162,20614,20614,18645,18645,18645,18645	7	119	21178,0,0,0,0,0,0	283	0
162169	1668	3322	1916	869	852	170	82	12	7436	83	167	377	275	14	309	0	0	8879	0,0,0,0,0,0	28666	0	1143	22669	102	0	22278,21688,21688,19562,19562,19562,19562	8	96	22320,0,0,0,0,0,0	303	0
161449	1681	3449	1965	896	892	176	83	14	7887	86	168	366	319	16	323	0	0	9142	0,0,0,0,0,0	28910	0	1142	23806	111	0	23388,22756,22756,20480,20480,20480,20480	8	109	23458,0,0,0,0,0,0	320	0
160757	1643	3617	2012	936	941	184	85	19	8292	90	170	369	361	21	316	0	0	9418	0,0,0,0,0,0	28761	0	1157	24959	118	0	24514,23836,23836,21391,21391,21391,21391	8	106	24613,0,0,0,0,0,0	321	0
160219	1587	3583	2136	990	974	207	84	21	8676	97	172	329	323	17	318	0	0	9561	0,0,0,0,0,0	42445	0	1045	26001	126	0	25528,24799,24799,22171,22171,22171,22171	8	77	25657,0,0,0,0,0,0	337	0
159787	1530	3484	2184	1038	1002	223	90	20	9109	101	178	307	351	18	349	0	0	9551	0,0,0,0,0,0	42661	0	944	26943	133	0	26444,25664,25664,22850,22850,22850,22850	8	61	26600,0,0,0,0,0,0	354	0
159225	1560	3528	2190	1017	1004	230	104	21	9579	106	182	296	331	19	428	0	0	9633	0,0,0,0,0,0	29186	0	1107	28051	139	0	27522,26686,26686,23673,23673,23673,23673	8	118	27709,0,0,0,0,0,0	369	0
