S	E	I1	I2	I3	I4	I5_h	I6_h	R_h	R	D1	D2	H	T	P1	P2	Q	QT	NQ	MUT	HOM	VAC	NI	INF	REINF	BSTR	IMM	HCI	HCE	INFV	INFH	VNI
178119	110	111	61	45	46	3	4	0	247	0	0	210	0	0	0	0	0	380	0,0,0,0,0,0	178746	0	0	380	0	0	627,627,627,627,627,627,627	0	0	0,0,0,0,0,0,0	0	0
178055	91	173	67	37	47	3	4	0	267	1	1	291	334	0	75	0	0	422	0,0,0,0,0,0	12531	0	77	457	0	0	691,691,691,691,691,691,691	0	2	77,0,0,0,0,0,0	6	0
177975	109	194	90	31	42	4	5	0	291	1	4	387	255	0	14	0	0	475	0,0,0,0,0,0	12533	0	85	546	0	0	771,771,771,771,771,771,771	0	13	166,0,0,0,0,0,0	7	0
177911	115	217	94	36	43	4	7	0	307	2	10	474	267	1	11	0	0	516	0,0,0,0,0,0	12892	0	77	624	0	0	837,837,837,837,837,837,837	0	5	244,0,0,0,0,0,0	10	0
177829	124	238	103	42	48	5	7	0	335	2	13	538	87	0	13	0	0	567	0,0,0,0,0,0	25008	0	85	710	0	0	921,921,921,921,921,921,921	0	5	330,0,0,0,0,0,0	16	0
177761	127	260	117	43	49	5	6	1	358	2	17	567	100	0	11	0	0	607	0,0,0,0,0,0	24727	0	86	797	0	0	992,992,992,992,992,992,992	0	8	417,0,0,0,0,0,0	17	0
177681	136	278	129	48	52	4	5	2	387	2	22	614	129	0	17	0	0	652	0,0,0,0,0,0	12807	0	98	896	0	0	1079,1079,1079,1079,1079,1079,1079	0	9	516,0,0,0,0,0,0	12	0
177565	171	298	144	56	59	5	5	2	414	2	25	641	94	0	22	0	0	738	0,0,0,0,0,0	12798	0	132	1028	1	0	1201,1201,1201,1200,1200,1200,1200	0	11	649,0,0,0,0,0,0	13	0
177466	189	304	158	64	72	5	7	1	450	2	28	654	289	2	25	0	0	799	0,0,0,0,0,0	12969	0	113	1143	1	0	1308,1307,1307,1306,1306,1306,1306	0	11	764,0,0,0,0,0,0	15	0
177385	172	327	173	80	79	7	7	2	479	2	33	670	271	1	32	0	0	845	0,0,0,0,0,0	12861	0	104	1246	3	0	1399,1398,1398,1395,1395,1395,1395	0	10	869,0,0,0,0,0,0	14	0
177270	183	333	199	85	92	9	10	2	524	2	37	698	257	1	39	0	0	911	0,0,0,0,0,0	12979	0	139	1385	5	0	1526,1524,1524,1519,1519,1519,1519	0	13	1010,0,0,0,0,0,0	17	0
177149	205	361	193	90	90	10	11	1	589	3	44	720	262	1	39	0	0	960	0,0,0,0,0,0	24903	0	142	1528	5	0	1664,1661,1661,1652,1652,1652,1652	0	6	1153,0,0,0,0,0,0	31	0
177047	205	389	199	89	99	9	11	1	644	4	49	739	83	0	32	0	0	1001	0,0,0,0,0,0	24696	0	124	1651	7	0	1780,1776,1776,1763,1763,1763,1763	0	3	1278,0,0,0,0,0,0	29	0
176930	215	430	207	83	112	11	11	1	689	6	51	738	257	0	42	0	0	1069	0,0,0,0,0,0	12957	0	156	1806	9	0	1923,1917,1917,1897,1897,1897,1897	0	12	1435,0,0,0,0,0,0	25	0
176775	240	460	232	88	124	15	11	1	735	6	59	777	331	1	35	0	0	1170	0,0,0,0,0,0	13073	0	182	1988	11	0	2099,2091,2091,2066,2066,2066,2066	0	22	1619,0,0,0,0,0,0	33	0
176621	261	494	246	103	134	12	11	1	795	6	62	728	238	1	41	0	0	1261	0,0,0,0,0,0	13119	0	196	2183	12	0	2280,2270,2270,2236,2236,2236,2236	0	15	1815,0,0,0,0,0,0	37	0
176426	280	553	280	102	135	15	12	1	870	8	64	700	241	2	55	0	0	1377	0,0,0,0,0,0	13051	0	222	2403	15	0	2490,2479,2479,2440,2440,2440,2440	1	19	2037,0,0,0,0,0,0	35	0
176273	303	586	300	115	142	18	13	1	920	8	67	698	244	2	54	0	0	1477	0,0,0,0,0,0	12961	0	205	2608	16	0	2681,2667,2667,2616,2616,2616,2616	1	29	2243,0,0,0,0,0,0	43	0
176107	316	601	325	130	147	21	14	1	1003	8	73	701	262	2	40	0	0	1554	0,0,0,0,0,0	25026	0	214	2821	19	0	2886,2868,2868,2806,2806,2806,2806	1	23	2456,0,0,0,0,0,0	53	0
175962	309	611	350	150	150	27	13	2	1087	9	76	703	100	1	42	0	0	1610	0,0,0,0,0,0	25125	0	201	3024	20	0	3078,3056,3056,2978,2978,2978,2978	1	22	2659,0,0,0,0,0,0	60	0
175737	387	616	360	146	162	32	17	1	1198	10	80	695	238	3	80	0	0	1720	0,0,0,0,0,0	12860	0	282	3305	21	0	3352,3325,3325,3231,3231,3231,3231	1	28	2941,0,0,0,0,0,0	60	0
175547	405	657	370	157	168	33	15	2	1297	12	83	689	135	1	67	0	0	1805	0,0,0,0,0,0	12967	0	250	3557	21	0	3594,3562,3562,3449,3449,3449,3449	1	23	3193,0,0,0,0,0,0	69	0
175324	422	743	379	179	158	34	18	2	1382	12	93	680	281	4	69	0	0	1933	0,0,0,0,0,0	13094	0	289	3844	25	0	3880,3841,3841,3704,3704,3704,3704	1	33	3483,0,0,0,0,0,0	74	0
175073	466	797	422	182	160	38	21	3	1473	12	99	672	233	1	66	0	0	2086	0,0,0,0,0,0	13158	0	326	4169	27	0	4201,4155,4155,3994,3994,3994,3994	2	36	3809,0,0,0,0,0,0	78	0
174786	507	859	468	205	177	44	22	2	1560	13	103	672	249	1	73	0	0	2282	0,0,0,0,0,0	13080	0	353	4523	28	0	4545,4494,4494,4313,4313,4313,4313	2	32	4163,0,0,0,0,0,0	92	0
174574	529	900	495	218	192	46	19	2	1650	16	105	677	269	9	84	0	0	2399	0,0,0,0,0,0	24973	0	309	4831	29	0	4838,4780,4780,4570,4570,4570,4570	2	19	4471,0,0,0,0,0,0	102	0
174381	488	981	518	226	199	46	21	3	1758	16	109	661	270	6	77	0	0	2479	0,0,0,0,0,0	24944	0	291	5123	29	0	5121,5053,5053,4812,4812,4812,4812	2	22	4763,0,0,0,0,0,0	95	0
174120	504	1051	540	243	220	46	23	1	1869	16	113	679	313	4	81	0	0	2627	0,0,0,0,0,0	12960	0	381	5504	30	0	5490,5412,5412,5132,5132,5132,5132	2	33	5144,0,0,0,0,0,0	108	0
173841	548	1093	571	269	232	51	26	1	1981	16	117	653	312	0	100	0	0	2790	0,0,0,0,0,0	13049	0	394	5897	31	0	5876,5786,5786,5465,5465,5465,5465	2	41	5538,0,0,0,0,0,0	109	0
173484	637	1121	600	274	245	58	26	2	2161	18	120	648	250	3	103	0	0	2961	0,0,0,0,0,0	13055	0	464	6362	32	0	6330,6230,6230,5874,5874,5874,5874	2	44	6003,0,0,0,0,0,0	112	0
173123	704	1191	665	283	256	58	32	2	2287	19	126	643	244	4	108	0	0	3189	0,0,0,0,0,0	13057	0	479	6844	32	0	6804,6692,6692,6294,6294,6294,6294	2	46	6485,0,0,0,0,0,0	126	0
172771	737	1273	730	306	269	63	36	2	2409	20	130	625	291	2	117	0	0	3414	0,0,0,0,0,0	13161	0	488	7334	35	0	7281,7156,7156,6711,6711,6711,6711	3	60	6978,0,0,0,0,0,0	123	0
172484	719	1346	760	320	277	68	35	3	2580	23	131	616	311	3	111	0	0	3525	0,0,0,0,0,0	25097	0	425	7758	37	0	7690,7553,7553,7062,7062,7062,7062	3	34	7402,0,0,0,0,0,0	139	0
172195	722	1388	801	336	318	72	37	4	2714	23	136	601	313	5	116	0	0	3674	0,0,0,0,0,0	25146	0	444	8201	39	0	8122,7970,7970,7425,7425,7425,7425	3	42	7845,0,0,0,0,0,0	160	0
171755	795	1512	844	345	327	74	38	5	2889	24	138	609	341	6	126	0	0	3935	0,0,0,0,0,0	13222	0	599	8803	42	0	8713,8545,8545,7943,7943,7943,7943	3	64	8448,0,0,0,0,0,0	162	0
171304	872	1614	882	345	364	83	38	5	3068	28	143	580	332	7	144	0	0	4198	0,0,0,0,0,0	13010	0	634	9438	44	0	9331,9145,9145,8480,8480,8480,8480	4	59	9083,0,0,0,0,0,0	176	0
170869	925	1697	941	362	393	84	43	6	3252	28	146	603	304	5	189	0	0	4445	0,0,0,0,0,0	13110	0	619	10058	46	0	9937,9733,9733,9003,9003,9003,9003	4	63	9705,0,0,0,0,0,0	202	0
170402	970	1792	1005	413	419	88	49	5	3423	29	151	585	302	8	183	0	0	4736	0,0,0,0,0,0	13214	0	662	10719	49	0	10588,10365,10365,9564,9564,9564,9564	4	78	10366,0,0,0,0,0,0	229	0
169877	1006	1931	1070	442	433	90	53	6	3652	30	156	550	311	11	170	0	0	5025	0,0,0,0,0,0	13044	0	696	11418	52	0	11276,11036,11036,10173,10173,10173,10173	5	75	11066,0,0,0,0,0,0	219	0
169497	984	2011	1100	456	486	87	55	6	3873	32	159	520	298	9	170	0	0	5179	0,0,0,0,0,0	25023	0	612	12033	55	0	11874,11610,11610,10665,10665,10665,10665	5	56	11682,0,0,0,0,0,0	225	0
168996	967	2103	1168	500	524	90	55	7	4137	38	161	516	295	7	159	0	0	5407	0,0,0,0,0,0	24949	0	698	12732	57	0	12559,12276,12276,11260,11260,11260,11260	5	54	12382,0,0,0,0,0,0	232	0
168366	1120	2174	1250	518	543	100	65	7	4397	41	165	513	311	14	236	0	0	5770	0,0,0,0,0,0	13229	0	868	13603	59	0	13418,13111,13111,12007,12007,12007,12007	5	102	13253,0,0,0,0,0,0	228	0
167764	1242	2236	1275	570	564	104	69	10	4697	43	172	486	337	7	233	0	0	6060	0,0,0,0,0,0	13163	0	851	14456	63	0	14253,13921,13921,12728,12728,12728,12728	6	88	14106,0,0,0,0,0,0	228	0
167128	1360	2352	1317	591	565	115	68	13	5017	46	174	468	314	11	233	0	0	6368	0,0,0,0,0,0	13380	0	907	15362	69	0	15140,14781,14781,13492,13492,13492,13492	6	96	15013,0,0,0,0,0,0	241	0
166467	1424	2474	1417	609	584	123	69	14	5339	49	177	457	269	10	232	0	0	6700	0,0,0,0,0,0	13099	0	927	16287	76	0	16050,15665,15665,14280,14280,14280,14280	6	113	15938,0,0,0,0,0,0	242	0
165789	1476	2644	1494	632	637	131	77	12	5623	51	180	453	328	15	225	0	0	7091	0,0,0,0,0,0	13148	0	978	17268	79	0	17014,16598,16598,15103,15103,15103,15103	7	103	16921,0,0,0,0,0,0	246	0
165257	1455	2699	1585	667	704	147	75	12	5903	59	183	435	292	13	255	0	0	7332	0,0,0,0,0,0	25179	0	881	18147	86	0	17872,17421,17421,15802,15802,15802,15802	7	55	17800,0,0,0,0,0,0	280	0
164762	1375	2823	1624	697	707	156	72	15	6266	63	186	409	304	13	259	0	0	7454	0,0,0,0,0,0	24943	0	835	18980	89	0	18686,18202,18202,16460,16460,16460,16460	7	76	18634,0,0,0,0,0,0	291	0
163988	1513	2947	1706	751	771	155	73	16	6573	66	187	372	327	13	293	0	0	7916	0,0,0,0,0,0	13173	0	1157	20141	90	0	19824,19301,19301,17419,17419,17419,17419	7	84	19795,0,0,0,0,0,0	281	0
163225	1660	3100	1774	765	780	153	75	14	6935	75	190	389	284	11	294	0	0	8307	0,0,0,0,0,0	13270	0	1163	21306	95	0	20963,20400,20400,18373,18373,18373,18373	7	116	20962,0,0,0,0,0,0	273	0
162483	1691	3255	1910	814	815	160	75	14	7256	81	192	380	325	21	282	0	0	8720	0,0,0,0,0,0	28891	0	1158	22463	102	0	22096,21491,21491,19313,19313,19313,19313	7	100	22121,0,0,0,0,0,0	283	0
161861	1680	3351	1971	821	841	175	81	13	7672	86	194	378	314	11	308	0	0	8920	0,0,0,0,0,0	28815	0	1075	23535	110	0	23142,22492,22492,20149,20149,20149,20149	7	93	23196,0,0,0,0,0,0	280	0
161184	1704	3417	2035	865	893	187	84	14	8074	92	197	356	327	20	320	0	0	9185	0,0,0,0,0,0	28977	0	1125	24653	121	0	24235,23541,23541,21036,21036,21036,21036	8	140	24315,0,0,0,0,0,0	298	0
160668	1619	3435	2103	920	917	187	87	15	8495	100	200	344	328	14	297	0	0	9268	0,0,0,0,0,0	42587	0	947	25603	129	0	25161,24422,24422,21760,21760,21760,21760	8	79	25265,0,0,0,0,0,0	298	0
160245	1519	3415	2218	949	976	201	88	17	8811	105	202	318	338	18	311	0	0	9366	0,0,0,0,0,0	42393	0	958	26559	136	0	26086,25294,25294,22438,22438,22438,22438	8	65	26222,0,0,0,0,0,0	324	0
159751	1536	3363	2251	1005	1001	218	96	17	9192	111	205	288	288	17	371	0	0	9470	0,0,0,0,0,0	28914	0	1073	27631	141	0	27123,26274,26274,23207,23207,23207,23207	8	95	27296,0,0,0,0,0,0	330	0
