S	E	I1	I2	I3	I4	I5_h	I6_h	R_h	R	D1	D2	H	T	P1	P2	Q	QT	NQ	MUT	HOM	VAC	NI	INF	REINF	BSTR	IMM	HCI	HCE	INFV	INFH	VNI
178121	98	132	44	38	45	9	3	0	255	1	0	218	0	0	0	0	0	369	0,0,0,0,0,0	178745	0	0	369	0	0	625,625,625,625,625,625,625	0	0	0,0,0,0,0,0,0	0	0
178049	82	207	46	35	41	9	3	0	271	1	2	333	320	1	74	0	0	423	0,0,0,0,0,0	12537	0	80	451	0	0	697,697,697,697,697,697,697	0	9	82,0,0,0,0,0,0	12	0
177993	102	208	69	44	50	8	5	0	264	1	2	427	295	1	14	0	0	486	0,0,0,0,0,0	12610	0	78	530	0	0	754,754,754,754,754,754,754	0	10	161,0,0,0,0,0,0	18	0
177905	135	209	90	49	54	8	7	0	285	1	3	467	262	0	15	0	0	552	0,0,0,0,0,0	12549	0	102	632	0	0	844,844,844,844,844,844,844	0	7	263,0,0,0,0,0,0	20	0
177839	134	238	99	48	55	9	7	0	307	3	7	560	295	1	26	0	0	590	0,0,0,0,0,0	24817	0	81	713	0	0	913,913,913,913,913,913,913	0	3	344,0,0,0,0,0,0	22	0
177766	137	253	107	59	64	10	8	0	327	3	12	610	133	0	28	0	0	638	0,0,0,0,0,0	24540	0	83	795	1	0	987,987,987,987,987,987,987	0	7	427,0,0,0,0,0,0	20	0
177663	146	285	124	60	64	13	8	0	364	4	15	633	241	0	25	0	0	700	0,0,0,0,0,0	12972	0	118	913	1	0	1095,1095,1095,1094,1094,1094,1094	0	10	545,0,0,0,0,0,0	24	0
177542	177	304	139	63	66	16	8	0	407	4	20	665	258	1	34	0	0	773	0,0,0,0,0,0	12907	0	135	1048	1	0	1224,1223,1223,1221,1221,1221,1221	0	15	680,0,0,0,0,0,0	26	0
177455	177	301	168	75	70	18	9	0	444	4	25	685	307	0	31	0	0	818	0,0,0,0,0,0	12938	0	106	1153	2	0	1318,1317,1317,1315,1315,1315,1315	0	5	786,0,0,0,0,0,0	31	0
177352	171	352	178	81	69	19	11	1	481	4	27	669	310	1	32	0	0	881	0,0,0,0,0,0	12938	0	131	1285	2	0	1433,1431,1431,1426,1426,1426,1426	0	14	918,0,0,0,0,0,0	35	0
177249	184	370	186	90	75	18	12	1	529	4	28	705	256	0	29	0	0	935	0,0,0,0,0,0	12953	0	133	1418	3	0	1549,1547,1547,1540,1540,1540,1540	0	14	1051,0,0,0,0,0,0	42	0
177152	179	382	226	89	80	21	13	1	567	4	32	747	123	0	30	0	0	990	0,0,0,0,0,0	24783	0	121	1536	6	0	1658,1655,1655,1644,1644,1644,1644	0	8	1172,0,0,0,0,0,0	46	0
177042	172	417	230	90	83	21	12	0	639	5	35	735	273	2	28	0	0	1025	0,0,0,0,0,0	24942	0	134	1668	8	0	1778,1774,1774,1761,1761,1761,1761	0	13	1304,0,0,0,0,0,0	53	0
176889	202	437	254	98	95	22	14	1	691	5	38	731	315	2	35	0	0	1122	0,0,0,0,0,0	13147	0	181	1849	9	0	1949,1944,1944,1927,1927,1927,1927	1	23	1486,0,0,0,0,0,0	55	0
176696	255	480	268	99	93	22	13	0	768	8	44	736	258	3	44	0	0	1230	0,0,0,0,0,0	13185	0	216	2063	11	0	2159,2153,2153,2130,2130,2130,2130	1	26	1702,0,0,0,0,0,0	55	0
176515	291	515	287	112	100	25	13	0	831	10	47	748	84	2	39	0	0	1343	0,0,0,0,0,0	13015	0	221	2284	11	0	2367,2359,2359,2327,2327,2327,2327	1	31	1923,0,0,0,0,0,0	59	0
176321	311	561	309	117	116	24	13	1	911	10	52	727	250	3	50	0	0	1451	0,0,0,0,0,0	13013	0	232	2515	12	0	2589,2578,2578,2538,2538,2538,2538	1	23	2155,0,0,0,0,0,0	63	0
176137	331	599	326	123	126	27	14	2	995	10	56	705	270	2	41	0	0	1546	0,0,0,0,0,0	13044	0	222	2741	12	0	2807,2792,2792,2740,2740,2740,2740	1	17	2381,0,0,0,0,0,0	66	0
175982	345	634	322	143	130	30	15	3	1072	10	60	726	268	2	45	0	0	1619	0,0,0,0,0,0	25110	0	208	2949	14	0	3001,2983,2983,2919,2919,2919,2919	1	20	2591,0,0,0,0,0,0	75	0
175817	350	664	335	163	139	34	18	3	1149	10	64	684	244	3	51	0	0	1703	0,0,0,0,0,0	24813	0	223	3169	17	0	3211,3189,3189,3110,3110,3110,3110	1	17	2813,0,0,0,0,0,0	76	0
175595	392	715	352	169	165	38	22	3	1217	12	66	702	267	5	77	0	0	1853	0,0,0,0,0,0	13045	0	291	3462	18	0	3491,3463,3463,3365,3365,3365,3365	1	33	3107,0,0,0,0,0,0	82	0
175320	457	752	422	184	176	43	21	4	1285	13	69	681	222	1	96	0	0	2055	0,0,0,0,0,0	12970	0	341	3803	18	0	3822,3789,3789,3670,3670,3670,3670	2	36	3448,0,0,0,0,0,0	107	0
175039	502	808	483	184	187	39	18	4	1393	18	71	650	273	5	84	0	0	2221	0,0,0,0,0,0	13059	0	353	4155	20	0	4165,4125,4125,3985,3985,3985,3985	2	30	3802,0,0,0,0,0,0	110	0
174764	528	901	479	204	188	44	21	4	1518	19	76	654	296	3	70	0	0	2365	0,0,0,0,0,0	13043	0	350	4505	20	0	4504,4458,4458,4296,4296,4296,4296	2	33	4152,0,0,0,0,0,0	117	0
174488	531	986	516	231	193	47	24	4	1625	19	82	613	265	5	88	0	0	2528	0,0,0,0,0,0	12958	0	359	4865	22	0	4859,4805,4805,4613,4613,4613,4613	2	37	4514,0,0,0,0,0,0	110	0
174268	536	1002	571	265	193	48	24	4	1732	21	82	604	246	7	85	0	0	2639	0,0,0,0,0,0	24764	0	328	5191	25	0	5171,5107,5107,4882,4882,4882,4882	2	34	4843,0,0,0,0,0,0	121	0
173992	547	1054	599	262	222	49	24	4	1880	22	91	600	248	7	95	0	0	2757	0,0,0,0,0,0	24895	0	354	5544	26	0	5520,5450,5450,5199,5199,5199,5199	2	33	5196,0,0,0,0,0,0	127	0
173601	602	1192	626	273	245	50	23	4	2014	24	92	600	326	1	110	0	0	3011	0,0,0,0,0,0	13026	0	498	6045	27	0	6004,5924,5924,5641,5641,5641,5641	2	56	5697,0,0,0,0,0,0	125	0
173212	680	1254	665	304	276	49	22	5	2158	25	96	603	311	6	109	0	0	3250	0,0,0,0,0,0	13016	0	523	6566	30	0	6510,6418,6418,6091,6091,6091,6091	3	62	6220,0,0,0,0,0,0	124	0
172814	734	1353	715	313	303	56	28	5	2300	25	100	592	305	4	138	0	0	3502	0,0,0,0,0,0	12899	0	524	7091	33	0	7024,6921,6921,6552,6552,6552,6552	3	29	6745,0,0,0,0,0,0	121	0
172353	815	1429	753	355	345	58	29	4	2475	26	104	594	262	5	126	0	0	3784	0,0,0,0,0,0	13039	0	581	7671	36	0	7598,7483,7483,7071,7071,7071,7071	3	59	7326,0,0,0,0,0,0	129	0
171869	882	1540	814	389	372	64	35	4	2642	28	107	623	269	4	155	0	0	4096	0,0,0,0,0,0	13069	0	626	8302	37	0	8216,8087,8087,7626,7626,7626,7626	3	61	7958,0,0,0,0,0,0	136	0
171452	918	1588	871	418	396	66	40	5	2852	29	111	608	242	11	143	0	0	4297	0,0,0,0,0,0	25001	0	559	8858	41	0	8765,8622,8622,8111,8111,8111,8111	4	43	8515,0,0,0,0,0,0	152	0
171062	905	1659	910	424	439	77	39	8	3077	31	115	585	289	8	152	0	0	4453	0,0,0,0,0,0	24947	0	557	9417	41	0	9312,9152,9152,8583,8583,8583,8583	4	39	9074,0,0,0,0,0,0	171	0
170532	1011	1747	982	427	462	78	48	7	3303	31	118	584	271	12	185	0	0	4755	0,0,0,0,0,0	13242	0	706	10118	47	0	10001,9825,9825,9196,9196,9196,9196	4	65	9775,0,0,0,0,0,0	174	0
170002	1064	1884	1008	459	473	93	48	6	3552	34	123	565	314	3	180	0	0	5029	0,0,0,0,0,0	13020	0	706	10826	49	0	10699,10505,10505,9812,9812,9812,9812	4	78	10483,0,0,0,0,0,0	183	0
169466	1087	2054	1080	479	478	105	56	7	3772	36	126	552	306	17	182	0	0	5339	0,0,0,0,0,0	13217	0	758	11586	52	0	11440,11225,11225,10454,10454,10454,10454	5	87	11243,0,0,0,0,0,0	195	0
168789	1169	2191	1147	516	518	112	59	11	4065	39	130	528	320	12	193	0	0	5712	0,0,0,0,0,0	13255	0	859	12451	54	0	12295,12061,12061,11223,11223,11223,11223	5	82	12108,0,0,0,0,0,0	207	0
168114	1281	2327	1255	564	559	122	59	10	4277	44	134	503	308	10	203	0	0	6167	0,0,0,0,0,0	13076	0	918	13368	58	0	13194,12937,12937,12013,12013,12013,12013	5	92	13026,0,0,0,0,0,0	216	0
167573	1279	2438	1340	598	582	129	63	8	4552	49	135	499	279	10	190	0	0	6429	0,0,0,0,0,0	25195	0	781	14155	60	0	13965,13683,13683,12673,12673,12673,12673	5	51	13813,0,0,0,0,0,0	238	0
167068	1248	2522	1364	638	623	142	70	9	4875	51	136	485	299	10	227	0	0	6607	0,0,0,0,0,0	25264	0	774	14928	63	0	14722,14413,14413,13307,13307,13307,13307	5	67	14586,0,0,0,0,0,0	264	0
166378	1341	2632	1459	682	652	154	79	9	5168	54	138	479	330	16	283	0	0	6999	0,0,0,0,0,0	13288	0	993	15921	66	0	15692,15354,15354,14141,14141,14141,14141	6	116	15579,0,0,0,0,0,0	277	0
165619	1488	2700	1565	741	674	152	81	8	5517	59	142	479	235	12	261	0	0	7401	0,0,0,0,0,0	13419	0	1050	16972	69	0	16725,16358,16358,15039,15039,15039,15039	7	119	16630,0,0,0,0,0,0	286	0
164843	1572	2889	1629	763	684	161	86	11	5898	63	147	474	334	19	275	0	0	7784	0,0,0,0,0,0	13226	0	1099	18068	76	0	17803,17404,17404,15970,15970,15970,15970	7	119	17728,0,0,0,0,0,0	303	0
164030	1655	3056	1692	774	691	166	89	14	6358	69	152	450	318	8	295	0	0	8123	0,0,0,0,0,0	13274	0	1100	19170	81	0	18890,18461,18461,16922,16922,16922,16922	8	120	18830,0,0,0,0,0,0	310	0
163240	1697	3208	1790	829	778	177	93	15	6689	76	154	429	317	18	285	0	0	8572	0,0,0,0,0,0	13347	0	1150	20321	84	0	20019,19555,19555,17886,17886,17886,17886	8	102	19981,0,0,0,0,0,0	345	0
162544	1679	3277	1914	864	811	188	98	13	7114	85	159	393	322	13	311	0	0	8831	0,0,0,0,0,0	25346	0	1070	21389	91	0	21069,20567,20567,18762,18762,18762,18762	8	66	21050,0,0,0,0,0,0	357	0
161886	1690	3350	1985	891	844	200	104	14	7531	90	161	381	301	14	331	0	0	9064	0,0,0,0,0,0	25212	0	1084	22468	100	0	22122,21578,21578,19623,19623,19623,19623	8	81	22130,0,0,0,0,0,0	373	0
161053	1813	3524	2045	910	891	208	108	14	7918	98	164	351	334	18	375	0	0	9499	0,0,0,0,0,0	13366	0	1290	23758	108	0	23386,22796,22796,20675,20675,20675,20675	8	130	23421,0,0,0,0,0,0	374	0
160130	1990	3621	2119	954	973	214	111	16	8350	101	167	362	315	18	360	0	0	9982	0,0,0,0,0,0	13349	0	1348	25111	115	0	24712,24079,24079,21801,21801,21801,21801	9	116	24774,0,0,0,0,0,0	379	0
159462	1947	3712	2185	995	1000	228	117	22	8807	102	169	341	314	24	364	0	0	10184	0,0,0,0,0,0	28941	0	1180	26292	121	0	25862,25177,25177,22714,22714,22714,22714	9	105	25955,0,0,0,0,0,0	379	0
158744	1932	3794	2279	989	1069	235	118	21	9288	108	169	324	313	14	357	0	0	10416	0,0,0,0,0,0	28754	0	1209	27506	124	0	27044,26310,26310,23668,23668,23668,23668	9	118	27169,0,0,0,0,0,0	388	0
158006	1953	3942	2275	1015	1109	240	118	20	9782	115	171	309	309	17	367	0	0	10652	0,0,0,0,0,0	28951	0	1301	28799	140	0	28304,27514,27514,24670,24670,24670,24670	9	109	28464,0,0,0,0,0,0	389	0
157544	1872	3916	2343	1044	1126	250	126	21	10207	122	175	297	323	22	328	0	0	10677	0,0,0,0,0,0	42844	0	1045	29845	148	0	29317,28469,28469,25412,25412,25412,25412	9	76	29511,0,0,0,0,0,0	398	0
157118	1778	3850	2417	1081	1168	257	127	23	10617	133	177	264	333	22	359	0	0	10678	0,0,0,0,0,0	42528	0	1028	30869	156	0	30304,29396,29396,26124,26124,26124,26124	9	86	30535,0,0,0,0,0,0	421	0
156536	1820	3848	2445	1093	1186	255	126	28	11087	140	182	244	334	17	407	0	0	10773	0,0,0,0,0,0	29058	0	1212	32077	171	0	31477,30506,30506,27004,27004,27004,27004	9	111	31746,0,0,0,0,0,0	421	0
