S	E	I1	I2	I3	I4	I5_h	I6_h	R_h	R	D1	D2	H	T	P1	P2	Q	QT	NQ	MUT	HOM	VAC	NI	INF	REINF	BSTR	IMM	HCI	HCE	INFV	INFH	VNI
178113	109	116	39	52	59	5	3	0	247	3	0	209	0	0	0	0	0	383	0,0,0,0,0,0	178743	0	0	383	0	0	633,633,633,633,633,633,633	0	0	0,0,0,0,0,0,0	0	0
178047	103	166	39	44	53	6	3	0	279	3	3	339	324	0	93	0	0	414	0,0,0,0,0,0	12565	0	73	456	0	0	699,699,699,699,699,699,699	0	5	73,0,0,0,0,0,0	10	0
177971	108	197	58	37	49	6	3	0	310	3	4	389	260	0	19	0	0	458	0,0,0,0,0,0	12588	0	82	540	0	0	776,776,776,776,776,776,776	0	9	157,0,0,0,0,0,0	15	0
177910	118	210	67	48	44	9	3	0	328	3	6	483	281	1	14	0	0	499	0,0,0,0,0,0	12691	0	79	620	0	0	838,838,838,838,838,838,838	0	14	237,0,0,0,0,0,0	13	0
177842	106	237	78	57	43	9	3	0	357	3	11	564	108	0	17	0	0	533	0,0,0,0,0,0	24902	0	77	697	0	0	910,910,910,910,910,910,910	0	7	314,0,0,0,0,0,0	11	0
177797	104	241	97	59	46	11	3	0	372	3	13	610	252	0	17	0	0	561	0,0,0,0,0,0	24940	0	62	759	0	0	959,959,959,959,959,959,959	0	7	376,0,0,0,0,0,0	17	0
177712	128	250	109	58	56	12	3	0	394	4	20	633	250	4	19	0	0	616	0,0,0,0,0,0	12978	0	104	863	0	0	1052,1052,1052,1050,1050,1050,1050	0	7	480,0,0,0,0,0,0	19	0
177634	136	258	127	71	59	11	2	1	419	4	24	632	92	0	26	0	0	664	0,0,0,0,0,0	12831	0	99	962	1	0	1136,1135,1135,1132,1132,1132,1132	0	9	580,0,0,0,0,0,0	15	0
177560	151	272	116	69	69	13	3	1	462	4	26	674	237	1	18	0	0	693	0,0,0,0,0,0	12944	0	107	1069	1	0	1227,1226,1226,1220,1220,1220,1220	0	8	687,0,0,0,0,0,0	20	0
177473	160	289	139	69	77	15	6	1	480	4	33	649	234	0	33	0	0	755	0,0,0,0,0,0	13000	0	112	1181	2	0	1330,1327,1327,1318,1318,1318,1318	0	13	800,0,0,0,0,0,0	17	0
177381	171	299	146	77	78	16	6	2	527	4	39	697	327	0	33	0	0	793	0,0,0,0,0,0	13003	0	116	1296	3	0	1435,1431,1431,1420,1420,1420,1420	0	11	916,0,0,0,0,0,0	24	0
177308	164	316	162	85	78	18	8	2	557	4	44	709	240	1	37	0	0	831	0,0,0,0,0,0	24914	0	102	1399	3	0	1522,1518,1518,1504,1504,1504,1504	0	7	1019,0,0,0,0,0,0	25	0
177225	146	346	176	85	81	19	9	2	605	4	48	704	222	0	30	0	0	862	0,0,0,0,0,0	25045	0	107	1506	4	0	1620,1615,1615,1598,1598,1598,1598	0	5	1127,0,0,0,0,0,0	32	0
177112	172	361	198	85	93	20	10	1	639	4	51	728	138	0	27	0	0	939	0,0,0,0,0,0	13015	0	155	1659	6	0	1761,1754,1754,1729,1729,1729,1729	0	10	1281,0,0,0,0,0,0	33	0
176994	216	357	210	86	103	19	11	2	689	4	55	741	291	0	42	0	0	1002	0,0,0,0,0,0	13026	0	160	1817	9	0	1907,1897,1897,1864,1864,1864,1864	0	18	1442,0,0,0,0,0,0	32	0
176869	229	394	213	91	98	22	13	2	754	4	57	702	275	3	44	0	0	1060	0,0,0,0,0,0	12915	0	156	1974	9	0	2050,2039,2039,1999,1999,1999,1999	0	18	1599,0,0,0,0,0,0	38	0
176726	242	459	225	92	106	22	13	2	793	4	62	703	232	1	40	0	0	1159	0,0,0,0,0,0	13087	0	190	2164	11	0	2227,2213,2213,2162,2162,2162,2162	1	22	1791,0,0,0,0,0,0	44	0
176583	252	499	239	99	110	20	12	3	859	5	65	709	276	0	44	0	0	1231	0,0,0,0,0,0	13023	0	186	2350	12	0	2400,2383,2383,2324,2324,2324,2324	1	17	1978,0,0,0,0,0,0	40	0
176456	262	507	253	118	115	19	14	3	926	5	68	709	261	2	27	0	0	1288	0,0,0,0,0,0	24921	0	169	2520	12	0	2561,2541,2541,2471,2471,2471,2471	1	12	2148,0,0,0,0,0,0	41	0
176315	267	521	268	132	122	24	13	2	1006	6	70	697	96	0	51	0	0	1347	0,0,0,0,0,0	25064	0	184	2702	14	0	2736,2713,2713,2632,2632,2632,2632	1	16	2332,0,0,0,0,0,0	47	0
176181	286	523	300	148	130	27	12	4	1055	7	73	714	327	3	58	0	0	1426	0,0,0,0,0,0	13113	0	196	2897	15	0	2923,2895,2895,2796,2796,2796,2796	1	18	2528,0,0,0,0,0,0	53	0
176014	303	565	296	154	144	31	13	4	1136	8	78	707	264	3	50	0	0	1506	0,0,0,0,0,0	13196	0	219	3114	18	0	3135,3103,3103,2988,2988,2988,2988	1	14	2746,0,0,0,0,0,0	57	0
175849	333	601	313	149	162	31	17	3	1198	8	82	697	312	3	73	0	0	1606	0,0,0,0,0,0	13039	0	237	3351	19	0	3360,3322,3322,3186,3186,3186,3186	1	31	2983,0,0,0,0,0,0	63	0
175666	347	653	332	165	163	31	18	3	1269	9	90	669	154	2	58	0	0	1709	0,0,0,0,0,0	13154	0	253	3605	19	0	3610,3565,3565,3404,3404,3404,3404	1	26	3237,0,0,0,0,0,0	73	0
175467	365	733	334	166	176	33	20	3	1347	9	93	632	310	3	67	0	0	1827	0,0,0,0,0,0	13076	0	273	3878	20	0	3875,3823,3823,3638,3638,3638,3638	1	36	3510,0,0,0,0,0,0	84	0
175314	372	721	391	168	194	32	22	2	1423	9	98	649	90	1	67	0	0	1900	0,0,0,0,0,0	24908	0	233	4111	20	0	4100,4041,4041,3832,3832,3832,3832	1	23	3743,0,0,0,0,0,0	81	0
175119	385	781	413	173	190	34	25	3	1515	9	99	649	251	2	68	0	0	2001	0,0,0,0,0,0	25302	0	285	4394	23	0	4372,4305,4305,4067,4067,4067,4067	1	19	4027,0,0,0,0,0,0	92	0
174827	481	816	453	197	198	39	25	3	1595	10	102	630	344	4	79	0	0	2209	0,0,0,0,0,0	13094	0	370	4765	24	0	4735,4661,4661,4397,4397,4397,4397	2	39	4398,0,0,0,0,0,0	97	0
174559	524	898	502	190	211	40	27	3	1671	12	109	650	139	4	66	0	0	2392	0,0,0,0,0,0	12948	0	365	5130	27	0	5092,5009,5009,4712,4712,4712,4712	2	31	4765,0,0,0,0,0,0	95	0
174285	535	992	528	221	204	38	22	3	1785	19	114	616	325	8	87	0	0	2540	0,0,0,0,0,0	12895	0	373	5505	29	0	5458,5365,5365,5035,5035,5035,5035	2	34	5141,0,0,0,0,0,0	97	0
173986	587	1032	575	232	228	40	21	2	1903	21	119	603	234	1	86	0	0	2715	0,0,0,0,0,0	12882	0	400	5903	32	0	5851,5748,5748,5383,5383,5383,5383	2	34	5539,0,0,0,0,0,0	92	0
173610	654	1099	640	256	250	44	22	2	2026	23	120	622	333	5	116	0	0	2965	0,0,0,0,0,0	12989	0	476	6378	33	0	6317,6205,6205,5807,5807,5807,5807	2	56	6015,0,0,0,0,0,0	94	0
173317	695	1157	664	272	271	47	28	2	2145	24	124	631	290	4	90	0	0	3134	0,0,0,0,0,0	25056	0	423	6800	34	0	6728,6604,6604,6162,6162,6162,6162	2	28	6437,0,0,0,0,0,0	106	0
172986	741	1187	713	303	303	52	27	3	2279	26	126	582	243	1	108	0	0	3326	0,0,0,0,0,0	25029	0	449	7250	35	0	7167,7032,7032,6550,6550,6550,6550	2	32	6887,0,0,0,0,0,0	117	0
172605	757	1300	765	324	297	58	26	4	2447	30	133	582	272	3	124	0	0	3527	0,0,0,0,0,0	13223	0	501	7751	38	0	7661,7514,7514,6989,6989,6989,6989	3	58	7390,0,0,0,0,0,0	114	0
172236	784	1398	798	341	334	60	30	4	2593	31	137	546	288	8	115	0	0	3745	0,0,0,0,0,0	12865	0	532	8283	38	0	8180,8018,8018,7436,7436,7436,7436	3	47	7922,0,0,0,0,0,0	135	0
171773	838	1567	799	338	352	60	28	4	2810	36	141	547	369	12	155	0	0	3982	0,0,0,0,0,0	12890	0	609	8885	45	0	8775,8599,8599,7966,7966,7966,7966	3	53	8525,0,0,0,0,0,0	128	0
171377	893	1637	843	364	362	64	33	4	2991	36	142	530	319	7	139	0	0	4196	0,0,0,0,0,0	13091	0	566	9453	48	0	9332,9139,9139,8444,8444,8444,8444	3	54	9095,0,0,0,0,0,0	143	0
170887	927	1760	895	395	380	69	28	5	3217	40	143	513	266	7	150	0	0	4454	0,0,0,0,0,0	13056	0	637	10096	50	0	9965,9756,9756,9007,9007,9007,9007	4	74	9738,0,0,0,0,0,0	144	0
170452	959	1766	982	459	414	72	31	4	3422	41	144	537	297	7	141	0	0	4683	0,0,0,0,0,0	25009	0	597	10694	54	0	10553,10328,10328,9521,9521,9521,9521	4	39	10336,0,0,0,0,0,0	156	0
170036	945	1870	1034	487	454	76	34	4	3619	42	145	519	296	5	180	0	0	4900	0,0,0,0,0,0	25096	0	613	11308	58	0	11152,10908,10908,10031,10031,10031,10031	4	61	10951,0,0,0,0,0,0	182	0
169523	1019	1978	1082	509	484	86	41	4	3831	44	145	512	328	11	195	0	0	5199	0,0,0,0,0,0	13224	0	733	12046	58	0	11872,11606,11606,10651,10651,10651,10651	4	80	11689,0,0,0,0,0,0	194	0
168917	1136	2094	1133	557	490	95	46	4	4079	47	148	521	328	8	187	0	0	5551	0,0,0,0,0,0	13063	0	831	12877	60	0	12684,12396,12396,11363,11363,11363,11363	5	85	12521,0,0,0,0,0,0	203	0
168297	1232	2241	1176	576	493	102	54	4	4368	51	152	521	301	4	207	0	0	5874	0,0,0,0,0,0	13144	0	863	13740	66	0	13532,13220,13220,12099,12099,12099,12099	5	90	13387,0,0,0,0,0,0	216	0
167642	1258	2406	1303	594	524	114	53	6	4634	56	156	518	318	13	215	0	0	6252	0,0,0,0,0,0	13183	0	894	14635	69	0	14412,14076,14076,12869,12869,12869,12869	5	76	14282,0,0,0,0,0,0	223	0
166905	1349	2576	1400	585	589	117	63	5	4942	56	159	496	308	11	236	0	0	6679	0,0,0,0,0,0	13259	0	999	15633	73	0	15396,15034,15034,13732,13732,13732,13732	6	103	15281,0,0,0,0,0,0	243	0
166318	1406	2635	1479	636	637	114	68	5	5225	59	164	466	319	6	216	0	0	6975	0,0,0,0,0,0	25144	0	884	16517	79	0	16266,15874,15874,14463,14463,14463,14463	6	66	16165,0,0,0,0,0,0	260	0
165712	1407	2752	1543	680	667	120	77	6	5555	63	164	429	341	9	252	0	0	7246	0,0,0,0,0,0	25017	0	899	17418	84	0	17148,16727,16727,15210,15210,15210,15210	6	59	17067,0,0,0,0,0,0	258	0
164911	1524	2909	1649	716	710	127	76	6	5884	68	166	452	245	9	252	0	0	7711	0,0,0,0,0,0	13453	0	1105	18521	91	0	18232,17781,17781,16156,16156,16156,16156	6	96	18170,0,0,0,0,0,0	260	0
164091	1678	3055	1723	752	739	129	83	6	6254	69	167	427	312	19	285	0	0	8159	0,0,0,0,0,0	13198	0	1159	19683	98	0	19370,18885,18885,17136,17136,17136,17136	7	130	19333,0,0,0,0,0,0	273	0
163435	1703	3127	1767	795	783	142	89	7	6656	73	169	435	291	9	271	0	0	8406	0,0,0,0,0,0	28965	0	1020	20705	105	0	20370,19848,19848,17967,17967,17967,17967	7	99	20355,0,0,0,0,0,0	285	0
162737	1676	3255	1858	857	810	151	96	11	7045	76	174	418	305	10	307	0	0	8703	0,0,0,0,0,0	28897	0	1088	21793	111	0	21434,20873,20873,18852,18852,18852,18852	8	105	21444,0,0,0,0,0,0	286	0
162069	1690	3359	1963	896	831	167	99	12	7402	82	176	386	300	15	327	0	0	9005	0,0,0,0,0,0	28815	0	1098	22896	115	0	22511,21906,21906,19728,19728,19728,19728	8	113	22547,0,0,0,0,0,0	319	0
161550	1606	3338	2070	924	888	175	103	11	7810	88	183	382	305	3	315	0	0	9104	0,0,0,0,0,0	42520	0	949	23844	127	0	23437,22789,22789,20453,20453,20453,20453	8	84	23496,0,0,0,0,0,0	352	0
161090	1502	3333	2158	934	931	190	99	17	8214	93	185	372	347	8	306	0	0	9147	0,0,0,0,0,0	42739	0	924	24763	138	0	24331,23637,23637,21133,21133,21133,21133	8	71	24417,0,0,0,0,0,0	351	0
160431	1572	3356	2234	953	928	197	108	13	8666	102	186	354	327	18	372	0	0	9348	0,0,0,0,0,0	28961	0	1134	25898	147	0	25436,24695,24695,22019,22019,22019,22019	8	103	25552,0,0,0,0,0,0	347	0
