S	E	I1	I2	I3	I4	I5_h	I6_h	R_h	R	D1	D2	H	T	P1	P2	Q	QT	NQ	MUT	HOM	VAC	NI	INF	REINF	BSTR	IMM	HCI	HCE	INFV	INFH	VNI
178118	105	118	54	39	40	13	3	0	253	3	0	215	0	0	0	0	0	372	0,0,0,0,0,0	178743	0	0	372	0	0	628,628,628,628,628,628,628	0	0	0,0,0,0,0,0,0	0	0
178063	79	180	59	39	36	13	3	0	269	3	2	339	322	3	81	0	0	409	0,0,0,0,0,0	12537	0	70	442	0	0	683,683,683,683,683,683,683	0	12	70,0,0,0,0,0,0	19	0
177992	90	198	75	38	43	12	3	0	287	3	5	418	251	1	6	0	0	459	0,0,0,0,0,0	12719	0	77	520	0	0	755,755,755,755,755,755,755	0	7	148,0,0,0,0,0,0	17	0
177915	106	220	88	38	44	15	3	0	306	3	8	533	264	1	18	0	0	514	0,0,0,0,0,0	12639	0	88	608	0	0	833,833,833,833,833,833,833	0	9	236,0,0,0,0,0,0	18	0
177849	129	233	97	39	47	14	5	0	318	3	12	579	97	0	11	0	0	564	0,0,0,0,0,0	24702	0	83	692	0	0	904,904,904,904,904,904,904	0	4	320,0,0,0,0,0,0	21	0
177781	131	240	117	43	60	14	5	0	339	3	13	594	253	2	10	0	0	610	0,0,0,0,0,0	24851	0	84	776	0	0	976,976,976,975,975,975,975	0	9	404,0,0,0,0,0,0	25	0
177692	149	253	131	55	62	16	4	0	366	4	14	626	253	1	27	0	0	670	0,0,0,0,0,0	12913	0	106	883	0	0	1069,1069,1069,1068,1068,1068,1068	0	6	511,0,0,0,0,0,0	21	0
177600	160	267	153	58	64	14	4	0	404	4	18	639	253	0	27	0	0	720	0,0,0,0,0,0	12823	0	102	985	0	0	1166,1165,1165,1163,1163,1163,1163	0	11	613,0,0,0,0,0,0	28	0
177501	179	271	163	69	71	15	4	0	449	4	20	660	85	1	24	0	0	772	0,0,0,0,0,0	12773	0	117	1102	0	0	1270,1269,1269,1267,1267,1267,1267	0	10	730,0,0,0,0,0,0	21	0
177412	178	315	153	73	77	14	7	0	490	4	23	705	258	1	29	0	0	817	0,0,0,0,0,0	13086	0	123	1224	1	0	1371,1370,1370,1366,1366,1366,1366	0	8	853,0,0,0,0,0,0	25	0
177314	177	351	164	72	91	17	6	0	524	5	25	728	248	2	37	0	0	878	0,0,0,0,0,0	12955	0	126	1349	2	0	1482,1480,1480,1474,1474,1474,1474	0	10	979,0,0,0,0,0,0	35	0
177233	172	363	181	69	90	19	8	0	578	5	28	717	265	1	40	0	0	902	0,0,0,0,0,0	24836	0	112	1457	6	0	1577,1574,1574,1564,1564,1564,1564	0	11	1091,0,0,0,0,0,0	40	0
177117	183	390	193	81	86	17	7	2	630	5	35	727	328	1	31	0	0	957	0,0,0,0,0,0	24743	0	144	1602	7	0	1710,1706,1706,1693,1693,1693,1693	0	9	1237,0,0,0,0,0,0	48	0
176959	232	422	208	81	92	20	7	3	681	5	36	747	250	0	34	0	0	1062	0,0,0,0,0,0	13038	0	190	1793	8	0	1887,1882,1882,1864,1864,1864,1864	0	19	1429,0,0,0,0,0,0	47	0
176809	257	433	218	101	111	22	8	3	736	5	43	750	258	2	42	0	0	1150	0,0,0,0,0,0	12968	0	174	1967	9	0	2055,2048,2048,2025,2025,2025,2025	0	17	1604,0,0,0,0,0,0	55	0
176655	264	499	225	96	118	22	9	3	801	5	49	725	289	2	64	0	0	1233	0,0,0,0,0,0	13129	0	184	2151	9	0	2233,2224,2224,2194,2194,2194,2194	1	15	1788,0,0,0,0,0,0	62	0
176483	295	528	242	108	135	20	10	3	860	5	57	704	135	1	39	0	0	1338	0,0,0,0,0,0	13112	0	204	2355	10	0	2431,2420,2420,2382,2382,2382,2382	1	18	1992,0,0,0,0,0,0	56	0
176277	313	589	264	118	146	21	17	3	933	5	60	718	236	0	54	0	0	1468	0,0,0,0,0,0	12933	0	234	2591	10	0	2658,2646,2646,2601,2601,2601,2601	1	31	2228,0,0,0,0,0,0	55	0
176099	334	624	287	140	141	25	21	2	1007	5	61	699	242	1	50	0	0	1572	0,0,0,0,0,0	24967	0	232	2821	12	0	2879,2862,2862,2804,2804,2804,2804	1	14	2460,0,0,0,0,0,0	60	0
175917	371	638	318	141	153	27	19	4	1086	6	66	658	291	7	56	0	0	1667	0,0,0,0,0,0	24914	0	234	3054	13	0	3103,3083,3083,3011,3011,3011,3011	1	21	2693,0,0,0,0,0,0	66	0
175716	399	701	330	147	153	22	24	4	1176	6	68	669	265	3	66	0	0	1776	0,0,0,0,0,0	13135	0	267	3321	14	0	3357,3332,3332,3242,3242,3242,3242	1	38	2960,0,0,0,0,0,0	67	0
175456	436	774	365	157	173	24	23	5	1255	7	71	680	300	3	62	0	0	1952	0,0,0,0,0,0	12914	0	320	3640	15	0	3669,3638,3638,3530,3530,3530,3530	1	35	3280,0,0,0,0,0,0	68	0
175178	486	840	412	174	197	26	23	7	1323	7	73	662	268	6	61	0	0	2158	0,0,0,0,0,0	13152	0	352	3993	16	0	4009,3973,3973,3843,3843,3843,3843	2	37	3634,0,0,0,0,0,0	72	0
174891	524	894	416	193	227	29	24	6	1455	9	78	670	261	5	89	0	0	2307	0,0,0,0,0,0	13095	0	352	4347	17	0	4356,4313,4313,4163,4163,4163,4163	2	41	3989,0,0,0,0,0,0	76	0
174565	565	984	449	203	246	41	32	6	1563	10	82	663	239	5	92	0	0	2520	0,0,0,0,0,0	12987	0	400	4748	18	0	4752,4703,4703,4527,4527,4527,4527	2	37	4391,0,0,0,0,0,0	86	0
174275	581	1038	502	234	251	41	35	6	1686	10	87	663	321	3	100	0	0	2682	0,0,0,0,0,0	24963	0	357	5108	19	0	5107,5051,5051,4852,4852,4852,4852	2	27	4752,0,0,0,0,0,0	108	0
174041	561	1104	547	238	270	45	38	7	1792	13	90	636	331	6	87	0	0	2803	0,0,0,0,0,0	25038	0	351	5460	19	0	5445,5379,5379,5142,5142,5142,5142	2	29	5104,0,0,0,0,0,0	125	0
173699	584	1197	597	260	276	51	43	8	1922	15	94	632	273	7	121	0	0	3008	0,0,0,0,0,0	13048	0	447	5907	19	0	5886,5809,5809,5535,5535,5535,5535	2	55	5551,0,0,0,0,0,0	124	0
173363	636	1248	614	292	299	59	44	9	2069	18	95	602	298	6	119	0	0	3192	0,0,0,0,0,0	13272	0	452	6361	20	0	6325,6237,6237,5924,5924,5924,5924	3	45	6005,0,0,0,0,0,0	135	0
172967	676	1325	669	320	307	66	44	10	2239	22	101	590	257	3	137	0	0	3407	0,0,0,0,0,0	13177	0	505	6867	22	0	6822,6724,6724,6373,6373,6373,6373	3	52	6511,0,0,0,0,0,0	143	0
172531	742	1421	718	319	320	75	48	10	2434	23	105	585	264	4	137	0	0	3643	0,0,0,0,0,0	13028	0	555	7420	25	0	7368,7258,7258,6867,6867,6867,6867	3	64	7064,0,0,0,0,0,0	151	0
172085	822	1437	798	349	370	78	52	9	2612	25	109	549	325	9	143	0	0	3906	0,0,0,0,0,0	12959	0	566	7988	29	0	7926,7805,7805,7371,7371,7371,7371	3	49	7634,0,0,0,0,0,0	169	0
171691	822	1565	841	371	389	86	48	10	2779	29	115	545	311	7	151	0	0	4122	0,0,0,0,0,0	24906	0	541	8530	33	0	8464,8327,8327,7838,7838,7838,7838	4	49	8176,0,0,0,0,0,0	182	0
171322	825	1642	878	366	387	90	51	9	3028	31	117	522	317	5	153	0	0	4239	0,0,0,0,0,0	24859	0	534	9063	37	0	8979,8827,8827,8285,8285,8285,8285	3	42	8709,0,0,0,0,0,0	197	0
170818	895	1751	952	378	397	93	50	7	3251	35	119	534	299	6	153	0	0	4516	0,0,0,0,0,0	13286	0	666	9731	39	0	9635,9467,9467,8867,8867,8867,8867	4	77	9378,0,0,0,0,0,0	190	0
170299	1008	1817	1013	415	421	95	52	7	3461	37	121	527	274	9	168	0	0	4821	0,0,0,0,0,0	13057	0	714	10444	42	0	10330,10144,10144,9477,9477,9477,9477	4	75	10092,0,0,0,0,0,0	201	0
169729	1096	1921	1048	474	436	108	55	9	3706	38	126	546	277	9	178	0	0	5138	0,0,0,0,0,0	13136	0	756	11199	45	0	11077,10872,10872,10138,10138,10138,10138	5	78	10848,0,0,0,0,0,0	208	0
169149	1144	2091	1161	486	470	112	58	10	3896	42	127	534	317	7	194	0	0	5522	0,0,0,0,0,0	13194	0	800	12001	46	0	11860,11633,11633,10823,10823,10823,10823	5	83	11650,0,0,0,0,0,0	222	0
168479	1272	2222	1210	537	497	116	58	11	4169	44	131	531	260	9	180	0	0	5912	0,0,0,0,0,0	13165	0	899	12901	50	0	12744,12495,12495,11604,11604,11604,11604	5	85	12552,0,0,0,0,0,0	220	0
167936	1258	2357	1288	546	534	126	64	10	4445	46	136	537	260	5	182	0	0	6173	0,0,0,0,0,0	25169	0	764	13669	52	0	13500,13229,13229,12258,12258,12258,12258	5	71	13320,0,0,0,0,0,0	251	0
167457	1221	2386	1400	597	589	136	65	11	4688	53	143	532	251	14	196	0	0	6394	0,0,0,0,0,0	24985	0	748	14423	55	0	14238,13940,13940,12870,12870,12870,12870	6	67	14075,0,0,0,0,0,0	268	0
166707	1342	2597	1396	626	620	143	70	10	5029	57	149	493	322	9	304	0	0	6794	0,0,0,0,0,0	13361	0	1014	15436	62	0	15236,14911,14911,13747,13747,13747,13747	6	110	15088,0,0,0,0,0,0	277	0
166013	1406	2775	1429	626	659	161	71	9	5382	62	153	492	313	13	251	0	0	7127	0,0,0,0,0,0	13266	0	967	16404	66	0	16183,15831,15831,14570,14570,14570,14570	6	89	16056,0,0,0,0,0,0	286	0
165235	1478	2933	1540	642	686	167	74	11	5754	71	155	458	317	12	280	0	0	7520	0,0,0,0,0,0	13108	0	1054	17458	73	0	17215,16837,16837,15479,15479,15479,15479	7	109	17110,0,0,0,0,0,0	291	0
164454	1581	3039	1653	691	748	165	77	11	6090	79	158	425	306	12	253	0	0	7954	0,0,0,0,0,0	13304	0	1105	18570	78	0	18308,17897,17897,16419,16419,16419,16419	7	108	18223,0,0,0,0,0,0	303	0
163684	1662	3159	1758	735	801	170	74	12	6440	88	163	393	308	22	338	0	0	8359	0,0,0,0,0,0	13160	0	1144	19713	83	0	19431,18982,18982,17369,17369,17369,17369	7	108	19367,0,0,0,0,0,0	291	0
163043	1670	3205	1850	789	826	176	84	12	6834	91	166	378	351	16	278	0	0	8600	0,0,0,0,0,0	25231	0	1013	20727	86	0	20423,19937,19937,18191,18191,18191,18191	7	73	20381,0,0,0,0,0,0	310	0
162387	1670	3293	1965	771	870	174	88	13	7251	95	169	365	346	18	310	0	0	8831	0,0,0,0,0,0	25309	0	1056	21783	95	0	21456,20930,20930,19040,19040,19040,19040	7	57	21439,0,0,0,0,0,0	336	0
161529	1769	3411	2074	836	891	169	108	11	7677	99	172	351	317	15	331	0	0	9258	0,0,0,0,0,0	13312	0	1296	23076	103	0	22723,22154,22154,20106,20106,20106,20106	7	109	22733,0,0,0,0,0,0	322	0
160685	1863	3518	2151	907	934	175	107	12	8117	105	172	359	351	19	321	0	0	9655	0,0,0,0,0,0	13370	0	1268	24344	109	0	23963,23351,23351,21150,21150,21150,21150	8	106	24002,0,0,0,0,0,0	337	0
159935	1898	3610	2259	920	981	186	114	11	8545	111	176	356	323	20	341	0	0	9968	0,0,0,0,0,0	28926	0	1213	25559	120	0	25151,24493,24493,22122,22122,22122,22122	8	95	25220,0,0,0,0,0,0	345	0
159327	1837	3755	2281	952	981	201	127	11	8981	117	176	309	285	16	357	0	0	10134	0,0,0,0,0,0	29016	0	1147	26696	134	0	26255,25544,25544,22982,22982,22982,22982	8	101	26358,0,0,0,0,0,0	356	0
158591	1887	3853	2292	964	993	217	135	10	9505	122	177	295	311	19	351	0	0	10341	0,0,0,0,0,0	28836	0	1267	27960	143	0	27486,26722,26722,23969,23969,23969,23969	8	104	27622,0,0,0,0,0,0	387	0
158091	1795	3855	2321	1008	1030	213	144	10	9970	130	179	283	297	11	324	0	0	10366	0,0,0,0,0,0	42573	0	1072	29024	156	0	28518,27698,27698,24740,24740,24740,24740	8	74	28688,0,0,0,0,0,0	373	0
157636	1697	3855	2398	1045	1021	227	150	11	10386	141	179	267	341	10	335	0	0	10393	0,0,0,0,0,0	43107	0	1043	30072	163	0	29530,28650,28650,25477,25477,25477,25477	8	82	29737,0,0,0,0,0,0	409	0
157021	1771	3895	2457	1039	1077	242	152	14	10748	150	180	246	240	18	409	0	0	10633	0,0,0,0,0,0	29035	0	1266	31326	185	0	30745,29801,29801,26396,26396,26396,26396	8	108	30994,0,0,0,0,0,0	400	0
