S	E	I1	I2	I3	I4	I5_h	I6_h	R_h	R	D1	D2	H	T	P1	P2	Q	QT	NQ	MUT	HOM	VAC	NI	INF	REINF	BSTR	IMM	HCI	HCE	INFV	INFH	VNI
178099	89	136	33	56	60	8	2	0	262	1	0	206	0	0	0	0	0	384	0,0,0,0,0,0	178745	0	0	384	0	0	647,647,647,647,647,647,647	0	0	0,0,0,0,0,0,0	0	0
178051	78	179	43	52	48	12	4	0	277	1	1	308	350	1	102	0	0	416	0,0,0,0,0,0	12415	0	64	448	0	0	695,695,695,695,695,695,695	0	7	64,0,0,0,0,0,0	11	0
177976	102	194	63	56	44	13	5	0	289	1	3	395	326	0	11	0	0	477	0,0,0,0,0,0	12636	0	88	537	0	0	770,770,770,770,770,770,770	0	11	153,0,0,0,0,0,0	16	0
177893	123	209	81	54	44	15	5	0	313	1	8	460	104	1	15	0	0	531	0,0,0,0,0,0	12619	0	90	628	0	0	854,854,854,854,854,854,854	0	8	244,0,0,0,0,0,0	20	0
177816	128	237	89	59	41	17	6	0	343	1	9	510	246	1	17	0	0	577	0,0,0,0,0,0	24632	0	87	716	0	0	932,932,932,932,932,932,932	0	11	332,0,0,0,0,0,0	24	0
177744	135	245	104	67	51	17	6	1	362	1	13	568	76	1	15	0	0	625	0,0,0,0,0,0	24909	0	86	803	0	0	1009,1009,1009,1009,1009,1009,1009	0	2	419,0,0,0,0,0,0	34	0
177650	156	273	115	59	55	16	6	1	399	1	15	608	261	5	20	0	0	680	0,0,0,0,0,0	12796	0	111	914	0	0	1107,1107,1107,1107,1107,1107,1107	0	9	530,0,0,0,0,0,0	35	0
177572	166	283	123	71	56	17	7	1	430	1	19	664	270	1	27	0	0	723	0,0,0,0,0,0	12817	0	102	1017	0	0	1197,1196,1196,1194,1194,1194,1194	0	7	633,0,0,0,0,0,0	35	0
177478	180	299	138	75	72	16	8	1	456	2	21	679	244	0	28	0	0	788	0,0,0,0,0,0	12992	0	115	1132	0	0	1296,1296,1296,1294,1294,1294,1294	0	14	748,0,0,0,0,0,0	40	0
177382	188	328	143	80	78	17	6	2	492	3	27	672	247	0	35	0	0	840	0,0,0,0,0,0	13136	0	114	1245	1	0	1401,1400,1400,1397,1397,1397,1397	0	11	862,0,0,0,0,0,0	42	0
177283	197	360	167	88	82	19	6	2	508	3	31	712	85	1	40	0	0	919	0,0,0,0,0,0	12966	0	132	1376	2	0	1515,1513,1513,1507,1507,1507,1507	0	14	994,0,0,0,0,0,0	37	0
177169	192	388	191	93	86	20	8	1	559	4	35	689	103	0	30	0	0	978	0,0,0,0,0,0	25037	0	138	1512	5	0	1641,1639,1639,1629,1629,1629,1629	0	12	1133,0,0,0,0,0,0	37	0
177053	210	388	215	104	87	26	7	2	609	5	40	688	255	2	40	0	0	1037	0,0,0,0,0,0	24869	0	138	1646	10	0	1770,1766,1766,1753,1753,1753,1753	0	17	1272,0,0,0,0,0,0	50	0
176894	256	423	230	103	92	26	8	2	664	6	42	701	234	5	40	0	0	1138	0,0,0,0,0,0	12845	0	189	1834	11	0	1946,1941,1941,1924,1924,1924,1924	0	14	1461,0,0,0,0,0,0	56	0
176759	273	448	237	103	96	29	10	2	740	6	43	698	271	3	39	0	0	1196	0,0,0,0,0,0	13147	0	162	1996	12	0	2097,2091,2091,2069,2069,2069,2069	1	17	1624,0,0,0,0,0,0	58	0
176606	280	510	239	103	100	30	13	2	808	6	49	680	263	1	46	0	0	1275	0,0,0,0,0,0	13096	0	183	2178	13	0	2274,2266,2266,2237,2237,2237,2237	1	22	1807,0,0,0,0,0,0	62	0
176416	305	546	266	119	115	30	13	2	873	7	54	678	263	5	47	0	0	1394	0,0,0,0,0,0	12948	0	228	2407	15	0	2498,2487,2487,2448,2448,2448,2448	1	22	2038,0,0,0,0,0,0	63	0
176210	325	613	284	132	130	34	16	2	935	7	58	670	284	4	61	0	0	1534	0,0,0,0,0,0	13191	0	252	2657	17	0	2736,2722,2722,2674,2674,2674,2674	1	20	2290,0,0,0,0,0,0	74	0
176013	340	662	322	144	125	39	14	1	1011	9	66	647	260	5	62	0	0	1646	0,0,0,0,0,0	24880	0	250	2909	18	0	2977,2960,2960,2896,2896,2896,2896	1	21	2543,0,0,0,0,0,0	69	0
175834	342	697	326	161	139	40	15	2	1110	9	71	634	253	2	42	0	0	1720	0,0,0,0,0,0	24864	0	229	3135	22	0	3197,3175,3175,3098,3098,3098,3098	1	20	2773,0,0,0,0,0,0	84	0
175622	381	712	370	178	145	44	14	2	1192	11	75	622	305	2	84	0	0	1844	0,0,0,0,0,0	12977	0	267	3401	23	0	3452,3426,3426,3334,3334,3334,3334	1	21	3039,0,0,0,0,0,0	84	0
175381	419	801	390	194	147	47	13	3	1262	12	77	642	268	2	55	0	0	2011	0,0,0,0,0,0	13110	0	324	3726	23	0	3760,3728,3728,3613,3613,3613,3613	1	26	3364,0,0,0,0,0,0	89	0
175076	512	820	450	214	179	45	15	3	1341	12	79	646	279	7	74	0	0	2235	0,0,0,0,0,0	13025	0	372	4100	23	0	4121,4084,4084,3950,3950,3950,3950	2	48	3738,0,0,0,0,0,0	100	0
174772	559	870	484	223	208	44	19	3	1468	13	83	638	278	7	76	0	0	2407	0,0,0,0,0,0	12992	0	363	4463	24	0	4480,4437,4437,4283,4283,4283,4283	2	44	4101,0,0,0,0,0,0	98	0
174465	598	937	521	240	215	45	21	3	1597	15	89	662	322	2	99	0	0	2577	0,0,0,0,0,0	13028	0	381	4845	24	0	4858,4807,4807,4628,4628,4628,4628	2	35	4483,0,0,0,0,0,0	102	0
174188	587	1015	533	242	234	47	23	3	1762	16	96	662	254	7	87	0	0	2681	0,0,0,0,0,0	24967	0	363	5208	27	0	5212,5154,5154,4947,4947,4947,4947	2	35	4847,0,0,0,0,0,0	118	0
173940	582	1053	557	271	249	49	26	3	1900	16	100	651	310	5	86	0	0	2787	0,0,0,0,0,0	25001	0	340	5546	30	0	5544,5478,5478,5240,5240,5240,5240	2	36	5186,0,0,0,0,0,0	126	0
173620	569	1207	580	273	269	58	28	4	2016	17	105	651	299	3	122	0	0	2984	0,0,0,0,0,0	12954	0	441	5989	30	0	5973,5895,5895,5619,5619,5619,5619	2	38	5629,0,0,0,0,0,0	121	0
173258	622	1279	638	303	291	64	25	3	2137	19	107	662	278	7	113	0	0	3222	0,0,0,0,0,0	13175	0	483	6473	33	0	6448,6358,6358,6039,6039,6039,6039	3	58	6113,0,0,0,0,0,0	131	0
172874	686	1348	670	323	319	73	23	5	2289	22	114	625	234	3	131	0	0	3442	0,0,0,0,0,0	13238	0	506	6980	34	0	6949,6848,6848,6484,6484,6484,6484	3	49	6621,0,0,0,0,0,0	128	0
172403	783	1427	726	346	322	75	35	5	2479	23	122	615	259	11	126	0	0	3714	0,0,0,0,0,0	13064	0	576	7559	34	0	7524,7411,7411,7009,7009,7009,7009	3	55	7200,0,0,0,0,0,0	135	0
171931	866	1535	754	369	344	80	36	5	2675	27	124	617	84	3	136	0	0	3984	0,0,0,0,0,0	13301	0	612	8173	35	0	8124,7998,7998,7549,7549,7549,7549	3	56	7814,0,0,0,0,0,0	154	0
171591	811	1628	825	398	381	86	43	5	2826	28	124	619	255	6	129	0	0	4172	0,0,0,0,0,0	25107	0	514	8691	37	0	8621,8479,8479,7971,7971,7971,7971	3	42	8332,0,0,0,0,0,0	179	0
171196	820	1642	922	426	393	92	43	6	3049	30	127	596	317	6	150	0	0	4338	0,0,0,0,0,0	24849	0	549	9240	40	0	9157,9000,9000,8440,8440,8440,8440	3	39	8882,0,0,0,0,0,0	186	0
170698	938	1736	953	450	406	93	47	6	3257	30	132	580	273	13	178	0	0	4623	0,0,0,0,0,0	13276	0	685	9929	40	0	9833,9657,9657,9030,9030,9030,9030	4	85	9571,0,0,0,0,0,0	194	0
170152	1049	1829	1022	483	457	95	46	8	3433	33	139	557	319	9	169	0	0	4981	0,0,0,0,0,0	13214	0	749	10678	43	0	10569,10373,10373,9674,9674,9674,9674	4	84	10321,0,0,0,0,0,0	200	0
169581	1163	1916	1069	499	492	95	45	9	3694	39	144	554	257	9	191	0	0	5279	0,0,0,0,0,0	13082	0	770	11451	45	0	11328,11113,11113,10343,10343,10343,10343	5	98	11094,0,0,0,0,0,0	197	0
168984	1208	2079	1122	535	486	93	47	8	3996	41	147	546	316	4	203	0	0	5570	0,0,0,0,0,0	13176	0	806	12257	50	0	12117,11882,11882,11039,11039,11039,11039	5	93	11903,0,0,0,0,0,0	200	0
168361	1244	2287	1161	534	536	97	54	8	4270	42	152	551	321	12	213	0	0	5913	0,0,0,0,0,0	13043	0	864	13123	52	0	12969,12709,12709,11779,11779,11779,11779	6	107	12770,0,0,0,0,0,0	208	0
167833	1236	2339	1285	576	589	101	57	10	4520	45	155	540	331	10	186	0	0	6183	0,0,0,0,0,0	25050	0	768	13891	56	0	13722,13439,13439,12423,12423,12423,12423	6	54	13539,0,0,0,0,0,0	242	0
167322	1237	2395	1337	613	650	111	65	11	4798	47	160	516	310	6	229	0	0	6408	0,0,0,0,0,0	24979	0	778	14665	62	0	14482,14172,14172,13063,13063,13063,13063	6	61	14313,0,0,0,0,0,0	242	0
166562	1409	2572	1379	632	647	117	70	14	5130	51	163	498	274	13	276	0	0	6826	0,0,0,0,0,0	13421	0	1040	15705	65	0	15502,15165,15165,13956,13956,13956,13956	6	120	15353,0,0,0,0,0,0	258	0
165892	1445	2735	1472	662	674	124	71	15	5434	57	165	483	356	12	254	0	0	7183	0,0,0,0,0,0	13331	0	961	16664	71	0	16441,16076,16076,14763,14763,14763,14763	7	88	16315,0,0,0,0,0,0	261	0
165132	1520	2898	1527	698	712	134	76	17	5802	61	169	437	320	12	261	0	0	7565	0,0,0,0,0,0	13297	0	1064	17731	74	0	17486,17091,17091,15671,15671,15671,15671	7	113	17382,0,0,0,0,0,0	260	0
164392	1566	3012	1654	732	741	145	79	19	6169	67	170	429	309	15	301	0	0	7929	0,0,0,0,0,0	13117	0	1067	18798	81	0	18534,18105,18105,16567,16567,16567,16567	8	116	18450,0,0,0,0,0,0	271	0
163524	1699	3127	1808	812	777	149	79	18	6505	71	177	399	301	12	295	0	0	8451	0,0,0,0,0,0	13207	0	1207	19995	92	0	19716,19255,19255,17595,17595,17595,17595	8	124	19650,0,0,0,0,0,0	275	0
162904	1658	3190	1919	822	805	164	91	18	6924	74	177	401	310	15	277	0	0	8649	0,0,0,0,0,0	25368	0	971	20969	94	0	20666,20170,20170,18384,18384,18384,18384	8	71	20624,0,0,0,0,0,0	298	0
162244	1630	3325	2000	839	813	172	97	20	7349	78	179	390	329	15	304	0	0	8876	0,0,0,0,0,0	25130	0	1065	22035	100	0	21710,21172,21172,19239,19239,19239,19239	8	93	21692,0,0,0,0,0,0	319	0
161409	1739	3491	2050	892	859	179	100	19	7743	85	180	402	315	13	335	0	0	9310	0,0,0,0,0,0	13498	0	1280	23316	104	0	22962,22380,22380,20287,20287,20287,20287	8	116	22973,0,0,0,0,0,0	317	0
160620	1817	3610	2129	909	907	196	104	20	8164	88	182	375	321	15	313	0	0	9672	0,0,0,0,0,0	13542	0	1250	24558	115	0	24176,23549,23549,21291,21291,21291,21291	9	106	24216,0,0,0,0,0,0	339	0
159805	1894	3766	2248	940	907	200	108	25	8580	91	182	339	310	18	316	0	0	10063	0,0,0,0,0,0	28929	0	1308	25865	121	0	25452,24775,24775,22341,22341,22341,22341	9	115	25524,0,0,0,0,0,0	349	0
158991	1968	3849	2352	988	940	204	113	24	9039	95	183	328	360	15	340	0	0	10414	0,0,0,0,0,0	28772	0	1331	27197	130	0	26753,26025,26025,23402,23402,23402,23402	9	118	26857,0,0,0,0,0,0	366	0
158291	1935	3892	2413	1061	976	213	114	24	9539	105	183	302	330	21	336	0	0	10604	0,0,0,0,0,0	28878	0	1207	28403	140	0	27929,27149,27149,24342,24342,24342,24342	9	116	28066,0,0,0,0,0,0	356	0
157761	1836	3856	2528	1061	1014	225	116	25	10025	112	187	285	257	18	339	0	0	10636	0,0,0,0,0,0	42938	0	1089	29492	146	0	28984,28149,28149,25138,25138,25138,25138	9	75	29155,0,0,0,0,0,0	384	0
157328	1770	3744	2539	1089	1046	239	109	28	10543	122	189	286	331	21	340	0	0	10536	0,0,0,0,0,0	42575	0	1032	30527	151	0	29984,29088,29088,25860,25860,25860,25860	9	71	30190,0,0,0,0,0,0	384	0
156756	1802	3761	2507	1105	1094	256	115	25	11004	131	190	248	299	20	412	0	0	10640	0,0,0,0,0,0	28977	0	1228	31747	163	0	31164,30203,30203,26739,26739,26739,26739	8	101	31412,0,0,0,0,0,0	376	0
