S	E	I1	I2	I3	I4	I5_h	I6_h	R_h	R	D1	D2	H	T	P1	P2	Q	QT	NQ	MUT	HOM	VAC	NI	INF	REINF	BSTR	IMM	HCI	HCE	INFV	INFH	VNI
178150	117	101	51	42	30	9	2	0	244	0	0	237	0	0	0	0	0	352	0,0,0,0,0,0	178746	0	0	352	0	0	596,596,596,596,596,596,596	0	0	0,0,0,0,0,0,0	0	0
178107	85	156	57	42	30	9	2	0	257	0	1	357	320	0	58	0	0	381	0,0,0,0,0,0	12601	0	52	405	0	0	639,639,639,639,639,639,639	0	1	53,0,0,0,0,0,0	12	0
178043	100	182	64	39	28	9	4	0	274	0	3	456	246	0	13	0	0	426	0,0,0,0,0,0	12736	0	82	487	0	0	703,703,703,703,703,703,703	0	5	135,0,0,0,0,0,0	13	0
177979	126	173	92	33	36	7	5	1	287	0	7	516	90	0	16	0	0	472	0,0,0,0,0,0	12687	0	76	563	0	0	768,768,768,768,768,768,768	0	5	211,0,0,0,0,0,0	14	0
177918	124	205	88	38	42	10	3	3	306	0	9	567	79	0	18	0	0	510	0,0,0,0,0,0	24748	0	73	636	0	0	832,832,832,832,832,832,832	0	2	284,0,0,0,0,0,0	14	0
177861	123	224	90	34	50	9	3	1	340	0	11	603	86	0	14	0	0	533	0,0,0,0,0,0	24888	0	73	709	0	0	893,893,893,893,893,893,893	0	6	357,0,0,0,0,0,0	18	0
177787	126	252	86	45	58	9	3	1	366	0	13	658	297	0	22	0	0	579	0,0,0,0,0,0	12846	0	86	795	0	0	970,970,970,970,970,970,970	0	6	443,0,0,0,0,0,0	21	0
177721	127	256	109	50	64	9	3	1	392	0	14	685	253	0	19	0	0	618	0,0,0,0,0,0	13080	0	84	880	0	0	1039,1039,1039,1038,1038,1038,1038	0	5	528,0,0,0,0,0,0	19	0
177624	153	270	117	48	73	8	2	1	431	1	18	672	249	1	33	0	0	671	0,0,0,0,0,0	12841	0	114	994	0	0	1144,1144,1144,1142,1142,1142,1142	0	13	642,0,0,0,0,0,0	25	0
177520	167	286	136	54	76	8	3	1	466	1	28	712	310	1	34	0	0	730	0,0,0,0,0,0	12969	0	117	1113	1	0	1261,1260,1260,1256,1256,1256,1256	0	11	762,0,0,0,0,0,0	26	0
177426	180	290	152	64	88	8	3	1	493	3	38	703	104	0	22	0	0	785	0,0,0,0,0,0	12993	0	114	1227	1	0	1366,1364,1364,1359,1359,1359,1359	0	8	876,0,0,0,0,0,0	27	0
177340	178	313	163	61	85	9	4	1	547	3	42	710	247	2	35	0	0	813	0,0,0,0,0,0	25129	0	106	1330	4	0	1462,1460,1460,1452,1452,1452,1452	0	5	982,0,0,0,0,0,0	27	0
177281	169	307	166	82	96	13	4	1	580	3	44	704	338	1	22	0	0	837	0,0,0,0,0,0	24821	0	87	1417	5	0	1535,1532,1532,1521,1521,1521,1521	0	5	1070,0,0,0,0,0,0	30	0
177191	177	340	170	80	99	16	7	1	616	3	46	715	301	3	49	0	0	889	0,0,0,0,0,0	13042	0	129	1545	7	0	1648,1643,1643,1626,1626,1626,1626	0	13	1200,0,0,0,0,0,0	29	0
177088	192	368	171	103	100	16	10	1	647	3	47	726	272	2	36	0	0	960	0,0,0,0,0,0	12923	0	146	1689	9	0	1775,1769,1769,1746,1746,1746,1746	0	17	1345,0,0,0,0,0,0	37	0
176956	219	383	195	103	112	15	10	1	695	3	54	734	313	0	42	0	0	1037	0,0,0,0,0,0	13038	0	156	1846	9	0	1928,1919,1919,1890,1890,1890,1890	0	13	1502,0,0,0,0,0,0	41	0
176856	220	422	211	114	110	15	10	1	725	5	57	729	283	3	37	0	0	1102	0,0,0,0,0,0	13196	0	143	1989	10	0	2058,2047,2047,2009,2009,2009,2009	0	16	1646,0,0,0,0,0,0	35	0
176716	252	418	240	120	120	21	13	1	780	6	59	726	245	1	49	0	0	1184	0,0,0,0,0,0	13086	0	172	2159	12	0	2218,2206,2206,2162,2162,2162,2162	1	23	1817,0,0,0,0,0,0	42	0
176597	252	453	245	114	127	24	16	0	849	6	63	739	248	3	45	0	0	1231	0,0,0,0,0,0	24989	0	156	2312	15	0	2365,2350,2350,2297,2297,2297,2297	1	17	1972,0,0,0,0,0,0	48	0
176469	264	460	257	124	139	26	14	2	914	7	70	704	256	3	46	0	0	1284	0,0,0,0,0,0	24857	0	167	2479	16	0	2529,2510,2510,2446,2446,2446,2446	1	17	2140,0,0,0,0,0,0	49	0
176295	309	501	263	117	152	28	13	2	984	9	73	702	132	1	48	0	0	1383	0,0,0,0,0,0	13092	0	227	2706	16	0	2750,2727,2727,2646,2646,2646,2646	1	21	2367,0,0,0,0,0,0	53	0
176108	348	552	279	123	153	27	17	3	1047	9	80	682	236	1	61	0	0	1499	0,0,0,0,0,0	12987	0	235	2940	17	0	2979,2952,2952,2856,2856,2856,2856	1	25	2601,0,0,0,0,0,0	58	0
175948	345	608	315	127	163	24	18	2	1102	10	84	675	244	1	56	0	0	1600	0,0,0,0,0,0	13084	0	211	3151	19	0	3179,3148,3148,3037,3037,3037,3037	1	23	2814,0,0,0,0,0,0	53	0
175732	368	684	335	134	152	26	20	2	1194	10	89	663	251	6	44	0	0	1719	0,0,0,0,0,0	13063	0	264	3415	19	0	3440,3404,3404,3278,3278,3278,3278	1	26	3078,0,0,0,0,0,0	59	0
175535	383	733	355	149	159	28	21	2	1281	10	90	655	263	2	62	0	0	1828	0,0,0,0,0,0	13011	0	256	3677	20	0	3689,3648,3648,3504,3504,3504,3504	1	26	3341,0,0,0,0,0,0	67	0
175334	391	748	414	166	168	28	22	3	1366	11	95	651	268	0	59	0	0	1937	0,0,0,0,0,0	24814	0	260	3939	21	0	3947,3900,3900,3736,3736,3736,3736	1	16	3604,0,0,0,0,0,0	79	0
175131	401	809	446	163	169	32	23	4	1457	11	100	654	295	2	73	0	0	2043	0,0,0,0,0,0	25068	0	277	4214	23	0	4213,4160,4160,3974,3974,3974,3974	1	28	3879,0,0,0,0,0,0	87	0
174871	461	813	462	192	190	32	22	5	1581	13	104	637	299	4	76	0	0	2172	0,0,0,0,0,0	13006	0	325	4540	24	0	4536,4477,4477,4267,4267,4267,4267	2	42	4206,0,0,0,0,0,0	89	0
174573	490	906	507	201	197	37	23	5	1685	14	108	642	268	2	89	0	0	2361	0,0,0,0,0,0	13141	0	375	4915	25	0	4904,4838,4838,4602,4602,4602,4602	2	53	4581,0,0,0,0,0,0	86	0
174311	529	966	531	199	206	39	29	5	1804	14	113	598	242	2	87	0	0	2499	0,0,0,0,0,0	12895	0	359	5274	27	0	5253,5178,5178,4911,4911,4911,4911	2	40	4940,0,0,0,0,0,0	93	0
174001	588	1012	567	229	248	41	26	5	1894	18	117	590	278	6	89	0	0	2711	0,0,0,0,0,0	12856	0	420	5694	29	0	5662,5577,5577,5274,5274,5274,5274	2	47	5362,0,0,0,0,0,0	96	0
173673	645	1106	595	244	266	45	30	4	1998	19	121	573	331	6	87	0	0	2931	0,0,0,0,0,0	12953	0	436	6130	30	0	6088,5993,5993,5654,5654,5654,5654	3	46	5798,0,0,0,0,0,0	99	0
173425	650	1172	636	251	272	49	29	5	2112	21	124	567	322	3	104	0	0	3059	0,0,0,0,0,0	24872	0	390	6524	31	0	6470,6361,6361,5972,5972,5972,5972	3	35	6192,0,0,0,0,0,0	117	0
173183	606	1234	679	273	303	53	33	5	2227	21	129	550	255	4	97	0	0	3181	0,0,0,0,0,0	24707	0	375	6899	32	0	6835,6714,6714,6279,6279,6279,6279	3	30	6568,0,0,0,0,0,0	126	0
172719	733	1320	696	293	321	57	34	5	2413	24	131	547	326	6	126	0	0	3454	0,0,0,0,0,0	13126	0	576	7475	33	0	7399,7267,7267,6795,6795,6795,6795	3	65	7144,0,0,0,0,0,0	128	0
172320	786	1392	744	313	338	59	37	4	2589	25	139	553	293	11	120	0	0	3669	0,0,0,0,0,0	12946	0	527	8001	37	0	7921,7776,7776,7257,7257,7257,7257	3	40	7670,0,0,0,0,0,0	136	0
171861	806	1558	782	342	347	63	40	3	2772	28	144	523	294	6	134	0	0	3938	0,0,0,0,0,0	12860	0	598	8599	39	0	8513,8354,8354,7785,7785,7785,7785	3	60	8269,0,0,0,0,0,0	133	0
171411	842	1654	896	354	366	68	41	5	2932	29	148	543	302	11	144	0	0	4221	0,0,0,0,0,0	12796	0	616	9210	44	0	9113,8938,8938,8311,8311,8311,8311	4	59	8882,0,0,0,0,0,0	148	0
170842	981	1760	950	389	405	75	37	7	3113	32	155	538	309	8	153	0	0	4597	0,0,0,0,0,0	12939	0	740	9948	47	0	9839,9648,9648,8962,8962,8962,8962	4	70	9621,0,0,0,0,0,0	165	0
170404	995	1835	990	423	434	77	40	8	3350	32	158	535	328	15	166	0	0	4794	0,0,0,0,0,0	25197	0	615	10561	52	0	10439,10231,10231,9484,9484,9484,9484	4	43	10235,0,0,0,0,0,0	165	0
169974	996	1876	1069	461	458	78	42	8	3588	35	161	504	295	4	150	0	0	4980	0,0,0,0,0,0	24936	0	627	11189	54	0	11057,10829,10829,10010,10010,10010,10010	4	57	10865,0,0,0,0,0,0	161	0
169412	1079	2003	1104	479	501	89	44	12	3819	38	166	527	302	9	180	0	0	5299	0,0,0,0,0,0	13300	0	786	11977	55	0	11833,11582,11582,10682,10682,10682,10682	4	75	11653,0,0,0,0,0,0	152	0
168761	1201	2130	1168	492	527	104	44	13	4093	43	170	520	278	8	216	0	0	5666	0,0,0,0,0,0	13108	0	855	12833	58	0	12677,12405,12405,11431,11431,11431,11431	5	86	12510,0,0,0,0,0,0	179	0
168120	1287	2273	1203	509	547	109	51	13	4419	44	171	503	326	19	202	0	0	5979	0,0,0,0,0,0	13223	0	868	13700	61	0	13528,13234,13234,12179,12179,12179,12179	5	77	13378,0,0,0,0,0,0	203	0
167473	1311	2482	1282	532	566	120	53	13	4696	45	173	486	327	13	241	0	0	6346	0,0,0,0,0,0	13112	0	901	14605	61	0	14418,14099,14099,12950,12950,12950,12950	5	74	14283,0,0,0,0,0,0	218	0
166749	1441	2591	1370	582	626	126	56	14	4967	47	177	467	306	8	187	0	0	6792	0,0,0,0,0,0	12937	0	994	15598	67	0	15398,15051,15051,13804,13804,13804,13804	6	88	15277,0,0,0,0,0,0	225	0
166208	1438	2629	1486	624	660	128	61	17	5265	50	180	459	302	12	236	0	0	7026	0,0,0,0,0,0	25086	0	833	16429	70	0	16213,15837,15837,14485,14485,14485,14485	5	55	16110,0,0,0,0,0,0	243	0
165629	1398	2734	1598	639	693	133	70	17	5602	52	181	456	288	17	239	0	0	7265	0,0,0,0,0,0	24989	0	899	17323	78	0	17089,16681,16681,15216,15216,15216,15216	5	62	17006,0,0,0,0,0,0	254	0
164890	1497	2962	1576	653	731	142	83	16	5959	53	184	446	335	9	267	0	0	7644	0,0,0,0,0,0	13531	0	1087	18413	82	0	18160,17717,17717,16124,16124,16124,16124	6	100	18096,0,0,0,0,0,0	269	0
164049	1641	3093	1695	718	749	147	88	17	6307	54	188	418	341	14	299	0	0	8131	0,0,0,0,0,0	13247	0	1191	19602	87	0	19328,18850,18850,17131,17131,17131,17131	6	111	19287,0,0,0,0,0,0	288	0
163382	1685	3157	1808	760	802	161	92	19	6630	59	191	382	327	14	254	0	0	8465	0,0,0,0,0,0	28714	0	1072	20676	91	0	20380,19861,19861,17993,17993,17993,17993	7	100	20362,0,0,0,0,0,0	284	0
162666	1703	3291	1885	790	846	161	96	20	7033	61	194	374	271	18	322	0	0	8772	0,0,0,0,0,0	29076	0	1116	21788	105	0	21470,20911,20911,18899,18899,18899,18899	7	107	21476,0,0,0,0,0,0	298	0
162037	1686	3357	1998	837	877	178	96	21	7396	66	197	353	317	21	297	0	0	9029	0,0,0,0,0,0	28761	0	1072	22852	117	0	22508,21906,21906,19736,19736,19736,19736	7	107	22542,0,0,0,0,0,0	306	0
161455	1668	3348	2086	878	909	180	94	20	7834	72	202	348	282	8	315	0	0	9163	0,0,0,0,0,0	42619	0	1002	23859	123	0	23492,22846,22846,20522,20522,20522,20522	7	74	23550,0,0,0,0,0,0	333	0
160947	1586	3390	2143	893	895	196	102	20	8287	81	206	315	332	17	333	0	0	9205	0,0,0,0,0,0	42570	0	958	24817	130	0	24425,23735,23735,21246,21246,21246,21246	7	56	24509,0,0,0,0,0,0	334	0
160376	1577	3412	2186	914	946	202	109	23	8708	84	209	317	331	13	364	0	0	9346	0,0,0,0,0,0	28729	0	1069	25893	134	0	25472,24731,24731,22058,22058,22058,22058	7	102	25585,0,0,0,0,0,0	339	0
