S	E	I1	I2	I3	I4	I5_h	I6_h	R_h	R	D1	D2	H	T	P1	P2	Q	QT	NQ	MUT	HOM	VAC	NI	INF	REINF	BSTR	IMM	HCI	HCE	INFV	INFH	VNI
178135	109	121	47	45	28	4	2	0	255	0	0	216	0	0	0	0	0	356	0,0,0,0,0,0	178746	0	0	356	0	0	611,611,611,611,611,611,611	0	0	0,0,0,0,0,0,0	0	0
178079	98	171	49	42	28	4	1	0	272	1	1	333	343	0	57	0	0	393	0,0,0,0,0,0	12371	0	67	423	0	0	667,667,667,667,667,667,667	0	2	67,0,0,0,0,0,0	5	0
178009	119	181	64	48	36	5	1	0	279	1	3	402	249	1	16	0	0	454	0,0,0,0,0,0	12641	0	84	508	0	0	738,738,738,738,738,738,738	0	13	152,0,0,0,0,0,0	13	0
177941	129	206	74	48	32	5	1	0	302	1	7	474	287	0	24	0	0	495	0,0,0,0,0,0	12684	0	80	588	0	0	807,807,807,807,807,807,807	0	6	232,0,0,0,0,0,0	10	0
177878	124	245	78	48	40	5	1	0	317	1	9	508	262	1	14	0	0	541	0,0,0,0,0,0	24482	0	82	670	0	0	873,873,873,873,873,873,873	0	4	314,0,0,0,0,0,0	16	0
177788	136	269	89	57	43	6	2	0	343	1	12	553	233	0	16	0	0	602	0,0,0,0,0,0	24716	0	102	772	0	0	966,966,966,966,966,966,966	0	7	416,0,0,0,0,0,0	15	0
177711	148	288	108	53	48	8	1	0	365	2	14	569	262	3	19	0	0	654	0,0,0,0,0,0	12909	0	96	868	0	0	1048,1048,1048,1047,1047,1047,1047	0	7	512,0,0,0,0,0,0	17	0
177627	145	313	135	60	51	10	1	0	387	2	15	624	276	2	23	0	0	715	0,0,0,0,0,0	13009	0	106	973	1	0	1139,1139,1139,1136,1136,1136,1136	0	18	618,0,0,0,0,0,0	20	0
177532	147	326	151	63	65	13	0	0	425	3	21	677	264	0	26	0	0	765	0,0,0,0,0,0	12907	0	114	1087	1	0	1241,1241,1241,1238,1238,1238,1238	0	9	732,0,0,0,0,0,0	21	0
177439	164	319	166	74	69	13	0	0	476	3	23	690	239	2	41	0	0	805	0,0,0,0,0,0	12918	0	110	1196	2	0	1341,1340,1340,1337,1337,1337,1337	0	11	842,0,0,0,0,0,0	26	0
177346	165	349	175	77	71	17	2	0	516	3	25	709	261	2	24	0	0	856	0,0,0,0,0,0	12684	0	116	1312	3	0	1445,1444,1444,1438,1438,1438,1438	0	12	959,0,0,0,0,0,0	23	0
177241	183	354	184	84	82	21	2	0	563	3	29	702	129	0	29	0	0	910	0,0,0,0,0,0	24859	0	134	1445	5	0	1565,1562,1562,1552,1552,1552,1552	0	10	1094,0,0,0,0,0,0	25	0
177153	182	356	201	93	91	22	2	0	607	3	36	695	289	3	37	0	0	947	0,0,0,0,0,0	24938	0	113	1557	6	0	1671,1667,1667,1652,1652,1652,1652	0	9	1207,0,0,0,0,0,0	32	0
177035	190	387	201	97	102	22	2	0	665	3	42	710	244	3	28	0	0	1001	0,0,0,0,0,0	12994	0	143	1701	7	0	1807,1802,1802,1782,1782,1782,1782	0	15	1352,0,0,0,0,0,0	35	0
176899	236	383	237	108	99	23	6	0	708	3	44	700	303	3	38	0	0	1092	0,0,0,0,0,0	12913	0	179	1883	7	0	1972,1964,1964,1937,1937,1937,1937	1	21	1534,0,0,0,0,0,0	38	0
176759	255	429	256	106	88	29	7	0	767	3	47	688	89	1	42	0	0	1170	0,0,0,0,0,0	13047	0	172	2056	8	0	2136,2127,2127,2092,2092,2092,2092	1	24	1708,0,0,0,0,0,0	46	0
176595	292	430	272	128	105	24	8	0	836	3	53	714	236	2	39	0	0	1259	0,0,0,0,0,0	12979	0	196	2250	10	0	2325,2313,2313,2272,2272,2272,2272	1	20	1904,0,0,0,0,0,0	43	0
176428	312	472	283	130	108	24	8	0	922	3	56	684	245	2	50	0	0	1337	0,0,0,0,0,0	13076	0	205	2454	13	0	2525,2510,2510,2458,2458,2458,2458	1	21	2111,0,0,0,0,0,0	43	0
176303	304	520	296	132	108	24	11	0	985	3	60	694	313	2	44	0	0	1395	0,0,0,0,0,0	25116	0	169	2620	16	0	2688,2669,2669,2603,2603,2603,2603	1	16	2279,0,0,0,0,0,0	54	0
176157	294	563	335	143	102	25	12	0	1046	3	66	704	312	3	54	0	0	1474	0,0,0,0,0,0	24937	0	202	2825	16	0	2883,2860,2860,2779,2779,2779,2779	1	14	2484,0,0,0,0,0,0	69	0
175963	327	603	351	148	110	24	12	1	1134	4	69	711	323	5	47	0	0	1575	0,0,0,0,0,0	12971	0	252	3076	17	0	3122,3095,3095,2999,2999,2999,2999	1	28	2736,0,0,0,0,0,0	60	0
175725	393	644	371	160	118	29	13	1	1215	4	73	690	330	6	52	0	0	1728	0,0,0,0,0,0	13041	0	293	3370	18	0	3405,3373,3373,3261,3261,3261,3261	1	27	3030,0,0,0,0,0,0	72	0
175520	413	702	395	169	133	31	14	1	1289	4	75	671	268	4	82	0	0	1857	0,0,0,0,0,0	12963	0	268	3638	20	0	3660,3624,3624,3494,3494,3494,3494	1	42	3300,0,0,0,0,0,0	76	0
175292	433	766	427	178	152	28	16	1	1370	5	78	660	293	4	56	0	0	2000	0,0,0,0,0,0	13018	0	301	3940	20	0	3956,3913,3913,3759,3759,3759,3759	2	25	3602,0,0,0,0,0,0	76	0
175031	470	813	475	184	157	33	15	2	1478	5	83	626	328	7	74	0	0	2147	0,0,0,0,0,0	13025	0	322	4261	22	0	4273,4224,4224,4050,4050,4050,4050	2	37	3925,0,0,0,0,0,0	72	0
174817	465	868	492	202	183	34	17	3	1577	5	83	631	256	2	61	0	0	2261	0,0,0,0,0,0	25078	0	305	4565	24	0	4562,4505,4505,4304,4304,4304,4304	2	23	4229,0,0,0,0,0,0	84	0
174597	486	885	535	226	195	36	14	3	1673	8	88	631	325	6	81	0	0	2377	0,0,0,0,0,0	24695	0	312	4875	26	0	4861,4797,4797,4567,4567,4567,4567	2	28	4539,0,0,0,0,0,0	81	0
174306	529	937	562	230	216	38	18	2	1800	10	98	635	251	2	80	0	0	2530	0,0,0,0,0,0	13033	0	383	5257	28	0	5238,5165,5165,4905,4905,4905,4905	2	31	4922,0,0,0,0,0,0	81	0
173985	577	1012	607	216	233	48	23	2	1928	10	105	647	290	7	96	0	0	2716	0,0,0,0,0,0	13020	0	421	5678	30	0	5651,5569,5569,5275,5275,5275,5275	2	37	5344,0,0,0,0,0,0	85	0
173611	652	1088	635	238	242	48	24	3	2081	11	113	615	292	3	92	0	0	2927	0,0,0,0,0,0	13010	0	473	6148	34	0	6116,6024,6024,5697,5697,5697,5697	2	40	5814,0,0,0,0,0,0	100	0
173270	697	1197	642	250	262	50	20	4	2222	14	118	605	280	6	104	0	0	3118	0,0,0,0,0,0	12991	0	462	6610	34	0	6570,6466,6466,6097,6097,6097,6097	2	42	6276,0,0,0,0,0,0	106	0
172882	734	1324	677	273	284	52	22	5	2359	14	120	627	278	6	123	0	0	3366	0,0,0,0,0,0	13062	0	527	7141	35	0	7087,6970,6970,6553,6553,6553,6553	3	58	6807,0,0,0,0,0,0	110	0
172537	731	1406	717	310	309	56	22	6	2512	15	125	594	305	2	103	0	0	3551	0,0,0,0,0,0	24671	0	464	7608	35	0	7549,7420,7420,6959,6959,6959,6959	3	44	7274,0,0,0,0,0,0	119	0
172203	751	1444	776	332	350	58	23	6	2659	16	128	617	261	4	122	0	0	3734	0,0,0,0,0,0	25122	0	479	8085	39	0	8015,7872,7872,7362,7362,7362,7362	3	37	7751,0,0,0,0,0,0	131	0
171754	806	1534	829	374	360	65	27	7	2838	18	134	600	290	8	149	0	0	3995	0,0,0,0,0,0	13020	0	593	8678	40	0	8600,8444,8444,7883,7883,7883,7883	3	55	8344,0,0,0,0,0,0	129	0
171288	891	1615	881	407	380	69	27	8	3024	20	136	608	277	16	148	0	0	4270	0,0,0,0,0,0	13095	0	645	9328	40	0	9233,9058,9058,8434,8434,8434,8434	3	58	8994,0,0,0,0,0,0	136	0
170783	991	1726	930	417	402	70	28	9	3230	21	139	570	295	8	179	0	0	4564	0,0,0,0,0,0	13070	0	672	10000	46	0	9887,9697,9697,9016,9016,9016,9016	4	67	9666,0,0,0,0,0,0	148	0
170296	1052	1838	984	435	413	78	30	10	3443	24	143	537	279	4	181	0	0	4830	0,0,0,0,0,0	13104	0	685	10688	47	0	10561,10351,10351,9600,9600,9600,9600	4	75	10354,0,0,0,0,0,0	157	0
169761	1105	1995	1027	462	445	80	31	10	3661	25	144	534	337	10	177	0	0	5145	0,0,0,0,0,0	13142	0	745	11433	50	0	11289,11059,11059,10234,10234,10234,10234	5	97	11100,0,0,0,0,0,0	163	0
169296	1127	2088	1083	490	486	79	29	12	3882	28	146	551	315	5	171	0	0	5382	0,0,0,0,0,0	25094	0	703	12137	52	0	11976,11723,11723,10814,10814,10814,10814	5	55	11805,0,0,0,0,0,0	162	0
168821	1168	2114	1138	530	524	92	39	11	4130	29	150	545	295	8	179	0	0	5605	0,0,0,0,0,0	25074	0	675	12811	58	0	12639,12366,12366,11385,11385,11385,11385	5	46	12479,0,0,0,0,0,0	192	0
168136	1231	2342	1232	566	510	96	38	12	4394	36	153	543	322	12	220	0	0	6015	0,0,0,0,0,0	13281	0	915	13725	63	0	13539,13242,13242,12179,12179,12179,12179	5	95	13395,0,0,0,0,0,0	187	0
167436	1340	2497	1308	589	553	109	42	9	4670	38	155	523	316	11	208	0	0	6438	0,0,0,0,0,0	13170	0	954	14678	68	0	14471,14150,14150,12998,12998,12998,12998	6	90	14349,0,0,0,0,0,0	196	0
166769	1410	2582	1373	654	604	116	45	9	4987	39	158	508	311	8	228	0	0	6784	0,0,0,0,0,0	13168	0	945	15617	78	0	15394,15046,15046,13795,13795,13795,13795	6	100	15292,0,0,0,0,0,0	203	0
166027	1477	2796	1433	657	664	121	54	8	5310	39	160	479	252	11	282	0	0	7202	0,0,0,0,0,0	13053	0	1052	16672	79	0	16430,16050,16050,14687,14687,14687,14687	6	86	16348,0,0,0,0,0,0	212	0
165237	1572	2911	1584	680	736	118	62	9	5630	42	165	473	317	11	275	0	0	7663	0,0,0,0,0,0	13297	0	1098	17772	82	0	17516,17105,17105,15627,15627,15627,15627	7	110	17449,0,0,0,0,0,0	217	0
164630	1594	2996	1649	686	778	128	64	11	5994	47	169	463	247	8	307	0	0	7895	0,0,0,0,0,0	24980	0	961	18729	92	0	18453,18007,18007,16403,16403,16403,16403	6	59	18406,0,0,0,0,0,0	232	0
164060	1532	3025	1807	732	806	138	67	9	6351	50	169	452	337	9	293	0	0	8107	0,0,0,0,0,0	24893	0	915	19644	97	0	19346,18865,18865,17138,17138,17138,17138	6	65	19321,0,0,0,0,0,0	257	0
163266	1652	3140	1871	817	868	142	71	8	6684	53	174	454	296	15	335	0	0	8561	0,0,0,0,0,0	13528	0	1165	20809	102	0	20491,19973,19973,18111,18111,18111,18111	7	108	20486,0,0,0,0,0,0	261	0
162515	1714	3249	1933	852	877	154	81	8	7131	56	176	415	269	9	323	0	0	8860	0,0,0,0,0,0	13182	0	1136	21943	110	0	21601,21045,21045,19043,19043,19043,19043	7	104	21621,0,0,0,0,0,0	280	0
161713	1730	3413	2008	862	895	160	93	8	7625	58	181	394	295	14	338	0	0	9161	0,0,0,0,0,0	28812	0	1181	23126	117	0	22763,22169,22169,20027,20027,20027,20027	7	82	22805,0,0,0,0,0,0	291	0
160959	1801	3442	2151	898	891	174	101	9	8074	64	182	370	321	13	334	0	0	9458	0,0,0,0,0,0	28905	0	1166	24285	126	0	23898,23263,23263,20974,20974,20974,20974	8	134	23965,0,0,0,0,0,0	319	0
160281	1790	3589	2211	877	883	178	115	10	8562	67	183	381	307	12	324	0	0	9643	0,0,0,0,0,0	29116	0	1170	25457	130	0	25039,24355,24355,21888,21888,21888,21888	8	120	25137,0,0,0,0,0,0	333	0
159766	1716	3535	2309	926	936	183	120	13	8981	74	187	335	316	10	295	0	0	9725	0,0,0,0,0,0	42570	0	994	26452	139	0	26006,25273,25273,22632,22632,22632,22632	8	67	26133,0,0,0,0,0,0	370	0
159385	1546	3500	2349	980	983	201	132	12	9386	83	189	337	251	13	332	0	0	9691	0,0,0,0,0,0	42500	0	903	27357	145	0	26880,26095,26095,23264,23264,23264,23264	8	54	27039,0,0,0,0,0,0	367	0
158769	1629	3564	2340	975	1051	217	131	13	9776	92	189	295	322	17	397	0	0	9907	0,0,0,0,0,0	29086	0	1188	28545	154	0	28033,27190,27190,24152,24152,24152,24152	8	112	28228,0,0,0,0,0,0	374	0
