S	E	I1	I2	I3	I4	I5_h	I6_h	R_h	R	D1	D2	H	T	P1	P2	Q	QT	NQ	MUT	HOM	VAC	NI	INF	REINF	BSTR	IMM	HCI	HCE	INFV	INFH	VNI
178083	115	138	63	41	51	6	3	0	246	0	0	229	0	0	0	0	0	417	0,0,0,0,0,0	178746	0	0	417	0	0	663,663,663,663,663,663,663	0	0	0,0,0,0,0,0,0	0	0
178017	105	195	60	39	47	8	3	0	269	0	3	334	358	2	82	0	0	457	0,0,0,0,0,0	12470	0	77	494	0	0	729,729,729,729,729,729,729	0	8	77,0,0,0,0,0,0	9	0
177941	128	214	69	43	51	10	3	0	281	0	6	436	87	1	12	0	0	518	0,0,0,0,0,0	12557	0	88	582	0	0	806,806,806,806,806,806,806	0	9	165,0,0,0,0,0,0	14	0
177854	143	234	83	55	49	13	4	0	304	0	7	513	293	1	24	0	0	581	0,0,0,0,0,0	12750	0	95	677	0	0	894,894,894,894,894,894,894	0	13	260,0,0,0,0,0,0	15	0
177774	149	256	91	63	47	13	4	1	337	0	11	550	341	2	12	0	0	623	0,0,0,0,0,0	24654	0	89	766	0	0	977,977,977,977,977,977,977	0	5	349,0,0,0,0,0,0	23	0
177671	176	260	96	74	66	13	4	1	372	0	13	586	256	0	21	0	0	689	0,0,0,0,0,0	24547	0	112	878	0	0	1082,1082,1082,1082,1082,1082,1082	0	7	461,0,0,0,0,0,0	22	0
177589	177	284	113	78	68	14	6	1	403	0	13	604	236	0	29	0	0	740	0,0,0,0,0,0	12911	0	101	978	2	0	1172,1171,1171,1170,1170,1170,1170	0	7	563,0,0,0,0,0,0	26	0
177478	189	335	120	84	65	12	7	1	440	0	15	635	251	0	36	0	0	812	0,0,0,0,0,0	12902	0	134	1112	2	0	1289,1289,1289,1287,1287,1287,1287	0	6	697,0,0,0,0,0,0	24	0
177370	199	347	159	87	83	14	7	2	461	0	17	660	92	1	27	0	0	896	0,0,0,0,0,0	12942	0	135	1247	2	0	1409,1408,1408,1404,1404,1404,1404	0	11	832,0,0,0,0,0,0	23	0
177234	207	397	173	86	93	17	8	1	505	0	25	693	264	4	25	0	0	981	0,0,0,0,0,0	12975	0	161	1409	2	0	1560,1558,1558,1551,1551,1551,1551	0	11	994,0,0,0,0,0,0	28	0
177099	233	413	212	88	99	16	11	1	547	0	27	678	290	0	32	0	0	1072	0,0,0,0,0,0	12918	0	169	1578	3	0	1709,1706,1706,1697,1697,1697,1697	0	13	1164,0,0,0,0,0,0	34	0
176970	237	427	238	89	120	13	13	0	609	0	30	686	253	0	38	0	0	1137	0,0,0,0,0,0	24714	0	146	1723	6	0	1845,1842,1842,1832,1832,1832,1832	0	9	1312,0,0,0,0,0,0	34	0
176857	230	450	269	86	122	13	11	0	674	2	32	692	94	1	46	0	0	1181	0,0,0,0,0,0	24998	0	144	1866	8	0	1975,1971,1971,1957,1957,1957,1957	0	8	1457,0,0,0,0,0,0	36	0
176720	237	464	279	101	133	15	10	0	745	3	39	699	96	0	41	0	0	1239	0,0,0,0,0,0	13064	0	166	2032	8	0	2136,2130,2130,2110,2110,2110,2110	0	13	1623,0,0,0,0,0,0	33	0
176558	248	510	298	118	142	15	8	0	796	5	48	707	251	2	43	0	0	1339	0,0,0,0,0,0	12998	0	200	2233	9	0	2324,2317,2317,2289,2289,2289,2289	1	23	1825,0,0,0,0,0,0	37	0
176391	293	536	307	130	138	18	5	1	868	7	52	686	254	1	56	0	0	1427	0,0,0,0,0,0	12925	0	218	2451	10	0	2531,2519,2519,2479,2479,2479,2479	1	21	2044,0,0,0,0,0,0	40	0
176208	325	573	305	134	144	23	5	1	966	7	55	671	230	2	51	0	0	1509	0,0,0,0,0,0	12812	0	220	2670	12	0	2742,2728,2728,2679,2679,2679,2679	1	19	2265,0,0,0,0,0,0	42	0
176019	329	622	327	126	168	26	5	1	1053	7	63	667	246	4	72	0	0	1603	0,0,0,0,0,0	13039	0	233	2902	15	0	2972,2954,2954,2892,2892,2892,2892	1	17	2499,0,0,0,0,0,0	47	0
175852	333	605	385	150	176	26	6	1	1134	8	70	687	244	4	59	0	0	1681	0,0,0,0,0,0	24974	0	211	3108	20	0	3170,3150,3150,3078,3078,3078,3078	1	25	2708,0,0,0,0,0,0	50	0
175696	334	630	400	145	185	33	8	2	1230	8	75	670	133	1	64	0	0	1735	0,0,0,0,0,0	25170	0	214	3322	23	0	3378,3353,3353,3262,3262,3262,3262	1	8	2925,0,0,0,0,0,0	53	0
175499	361	692	394	152	175	36	8	3	1338	9	79	675	305	2	69	0	0	1818	0,0,0,0,0,0	12972	0	264	3587	24	0	3634,3603,3603,3492,3492,3492,3492	1	26	3190,0,0,0,0,0,0	60	0
175275	427	725	402	169	171	42	11	3	1427	9	85	680	267	1	54	0	0	1947	0,0,0,0,0,0	13008	0	301	3888	25	0	3922,3884,3884,3751,3751,3751,3751	1	35	3492,0,0,0,0,0,0	65	0
175046	446	798	435	171	186	41	15	2	1506	9	91	685	277	3	68	0	0	2092	0,0,0,0,0,0	13090	0	303	4189	27	0	4212,4169,4169,4014,4014,4014,4014	1	31	3794,0,0,0,0,0,0	68	0
174794	483	845	458	196	201	40	14	3	1605	10	97	698	269	4	74	0	0	2237	0,0,0,0,0,0	12975	0	341	4530	28	0	4543,4492,4492,4311,4311,4311,4311	1	31	4135,0,0,0,0,0,0	66	0
174497	546	900	498	212	216	49	17	4	1698	10	99	675	319	2	97	0	0	2438	0,0,0,0,0,0	12977	0	396	4924	30	0	4924,4864,4864,4654,4654,4654,4654	2	41	4529,0,0,0,0,0,0	81	0
174273	541	929	529	236	227	49	20	4	1821	10	107	659	258	4	84	0	0	2531	0,0,0,0,0,0	24807	0	305	5232	31	0	5231,5163,5163,4921,4921,4921,4921	2	17	4838,0,0,0,0,0,0	96	0
174016	555	991	549	257	250	50	22	4	1932	11	109	634	318	6	88	0	0	2674	0,0,0,0,0,0	24972	0	368	5601	32	0	5587,5509,5509,5231,5231,5231,5231	2	35	5208,0,0,0,0,0,0	107	0
173705	591	1044	562	288	258	52	23	4	2093	12	114	646	274	2	117	0	0	2818	0,0,0,0,0,0	12946	0	402	6007	33	0	5980,5893,5893,5585,5585,5585,5585	2	42	5614,0,0,0,0,0,0	99	0
173399	609	1126	620	283	269	51	27	5	2227	13	117	616	284	10	87	0	0	2985	0,0,0,0,0,0	13067	0	418	6425	36	0	6386,6289,6289,5943,5943,5943,5943	2	40	6033,0,0,0,0,0,0	99	0
172993	679	1228	666	296	271	53	32	5	2387	13	123	584	248	5	114	0	0	3225	0,0,0,0,0,0	13059	0	509	6936	38	0	6893,6785,6785,6401,6401,6401,6401	2	53	6544,0,0,0,0,0,0	110	0
172597	750	1314	718	321	287	58	31	5	2520	18	127	612	306	8	118	0	0	3479	0,0,0,0,0,0	13093	0	523	7460	42	0	7408,7288,7288,6859,6859,6859,6859	3	53	7069,0,0,0,0,0,0	110	0
172122	854	1399	785	334	299	61	37	5	2701	18	131	590	266	3	114	0	0	3769	0,0,0,0,0,0	13222	0	587	8042	47	0	7985,7855,7855,7387,7387,7387,7387	3	60	7651,0,0,0,0,0,0	113	0
171732	824	1546	833	334	325	60	38	5	2894	19	136	603	312	8	98	0	0	3960	0,0,0,0,0,0	24998	0	524	8568	48	0	8498,8355,8355,7843,7843,7843,7843	3	35	8177,0,0,0,0,0,0	138	0
171364	766	1638	927	346	367	62	39	8	3067	19	143	587	243	6	124	0	0	4145	0,0,0,0,0,0	25087	0	535	9101	51	0	9021,8861,8861,8291,8291,8291,8291	3	36	8711,0,0,0,0,0,0	164	0
170879	876	1740	960	372	397	64	41	8	3244	21	144	605	308	8	177	0	0	4450	0,0,0,0,0,0	13189	0	681	9780	53	0	9681,9503,9503,8869,8869,8869,8869	3	72	9390,0,0,0,0,0,0	154	0
170418	926	1787	1055	411	425	67	46	7	3432	23	149	575	262	9	156	0	0	4717	0,0,0,0,0,0	13063	0	651	10431	58	0	10315,10120,10120,9419,9419,9419,9419	4	65	10042,0,0,0,0,0,0	164	0
169913	980	1924	1091	453	447	75	46	6	3633	27	151	582	288	3	170	0	0	5016	0,0,0,0,0,0	13137	0	716	11148	62	0	11014,10798,10798,10023,10023,10023,10023	4	70	10761,0,0,0,0,0,0	162	0
169366	1053	2053	1173	468	465	87	52	4	3841	28	156	560	322	14	200	0	0	5351	0,0,0,0,0,0	13104	0	767	11917	64	0	11771,11532,11532,10678,10678,10678,10678	4	75	11530,0,0,0,0,0,0	182	0
168758	1141	2188	1216	500	501	100	56	6	4088	30	162	535	344	6	175	0	0	5702	0,0,0,0,0,0	13142	0	822	12746	66	0	12585,12325,12325,11393,11393,11393,11393	5	84	12359,0,0,0,0,0,0	194	0
168237	1188	2218	1311	539	524	107	57	8	4355	34	168	516	323	11	170	0	0	5944	0,0,0,0,0,0	24995	0	753	13500	70	0	13326,13043,13043,12027,12027,12027,12027	5	51	13114,0,0,0,0,0,0	214	0
167746	1162	2326	1337	587	547	112	64	7	4651	35	172	516	255	10	190	0	0	6135	0,0,0,0,0,0	24860	0	750	14251	73	0	14063,13754,13754,12644,12644,12644,12644	5	56	13866,0,0,0,0,0,0	221	0
167025	1299	2499	1367	607	612	117	63	8	4933	38	178	481	336	15	235	0	0	6564	0,0,0,0,0,0	13468	0	1002	15252	78	0	15044,14708,14708,13500,13500,13500,13500	5	101	14867,0,0,0,0,0,0	232	0
166263	1464	2590	1433	652	655	122	69	9	5270	39	180	455	303	16	255	0	0	6985	0,0,0,0,0,0	13164	0	1044	16289	88	0	16060,15697,15697,14391,14391,14391,14391	6	103	15907,0,0,0,0,0,0	229	0
165645	1469	2734	1572	672	663	120	75	10	5564	41	181	443	291	16	265	0	0	7305	0,0,0,0,0,0	13280	0	951	17238	92	0	16984,16588,16588,15167,15167,15167,15167	6	92	16856,0,0,0,0,0,0	228	0
164880	1560	2876	1662	737	728	120	75	15	5866	44	183	431	333	20	248	0	0	7758	0,0,0,0,0,0	13193	0	1077	18316	98	0	18040,17614,17614,16081,16081,16081,16081	6	87	17935,0,0,0,0,0,0	232	0
164081	1683	3003	1738	766	778	135	80	15	6237	46	184	420	334	13	292	0	0	8183	0,0,0,0,0,0	13124	0	1129	19444	104	0	19147,18688,18688,17037,17037,17037,17037	7	88	19065,0,0,0,0,0,0	251	0
163463	1680	3115	1781	816	813	140	78	15	6603	54	188	407	294	16	301	0	0	8423	0,0,0,0,0,0	25076	0	1037	20482	112	0	20164,19662,19662,17858,17858,17858,17858	7	77	20105,0,0,0,0,0,0	281	0
162856	1682	3135	1850	853	857	158	86	14	7006	59	190	384	295	17	288	0	0	8621	0,0,0,0,0,0	25139	0	991	21473	121	0	21133,20593,20593,18650,18650,18650,18650	7	71	21097,0,0,0,0,0,0	294	0
161940	1775	3398	1944	878	860	171	92	17	7416	62	193	367	292	13	313	0	0	9118	0,0,0,0,0,0	13363	0	1320	22792	131	0	22432,21851,21851,19759,19759,19759,19759	7	128	22420,0,0,0,0,0,0	305	0
161080	1856	3622	2003	893	891	185	100	17	7840	65	194	367	334	12	356	0	0	9550	0,0,0,0,0,0	13409	0	1305	24101	137	0	23712,23086,23086,20832,20832,20832,20832	8	111	23730,0,0,0,0,0,0	320	0
160361	1839	3697	2115	924	944	201	92	20	8284	74	195	351	308	14	345	0	0	9812	0,0,0,0,0,0	28906	0	1178	25281	143	0	24864,24191,24191,21770,21770,21770,21770	8	100	24911,0,0,0,0,0,0	330	0
159550	1903	3790	2192	987	966	216	99	17	8753	78	195	326	309	13	360	0	0	10153	0,0,0,0,0,0	28968	0	1261	26546	148	0	26099,25382,25382,22796,22796,22796,22796	8	127	26176,0,0,0,0,0,0	358	0
158819	1888	3848	2293	1046	998	212	100	18	9236	89	199	291	317	22	368	0	0	10385	0,0,0,0,0,0	29000	0	1234	27785	156	0	27308,26539,26539,23769,23769,23769,23769	8	111	27415,0,0,0,0,0,0	349	0
158254	1812	3874	2350	1063	1030	218	106	17	9726	95	201	287	323	20	359	0	0	10453	0,0,0,0,0,0	42784	0	1118	28902	161	0	28390,27567,27567,24598,24598,24598,24598	8	89	28532,0,0,0,0,0,0	362	0
157773	1702	3828	2485	1093	1087	219	120	17	10120	99	203	255	267	15	367	0	0	10534	0,0,0,0,0,0	42429	0	1055	29960	169	0	29413,28532,28532,25354,25354,25354,25354	8	81	29591,0,0,0,0,0,0	393	0
157140	1689	3836	2509	1156	1095	228	141	19	10625	103	205	232	316	20	416	0	0	10654	0,0,0,0,0,0	28791	0	1209	31160	181	0	30580,29642,29642,26257,26257,26257,26257	8	106	30794,0,0,0,0,0,0	388	0
