S	E	I1	I2	I3	I4	I5_h	I6_h	R_h	R	D1	D2	H	T	P1	P2	Q	QT	NQ	MUT	HOM	VAC	NI	INF	REINF	BSTR	IMM	HCI	HCE	INFV	INFH	VNI
178113	111	127	57	43	43	4	1	0	247	0	0	191	0	0	0	0	0	386	0,0,0,0,0,0	178746	0	0	386	0	0	633,633,633,633,633,633,633	0	0	0,0,0,0,0,0,0	0	0
178050	88	182	68	45	46	4	1	0	260	0	2	335	301	0	73	0	0	434	0,0,0,0,0,0	12509	0	75	461	0	0	696,696,696,696,696,696,696	0	5	75,0,0,0,0,0,0	5	0
177975	106	188	94	52	45	6	1	0	270	0	9	444	263	1	16	0	0	492	0,0,0,0,0,0	12375	0	81	543	0	0	771,771,771,771,771,771,771	0	6	157,0,0,0,0,0,0	6	0
177887	124	225	95	50	49	6	1	0	297	0	12	494	219	2	18	0	0	550	0,0,0,0,0,0	12728	0	94	639	0	0	859,859,859,859,859,859,859	0	6	253,0,0,0,0,0,0	6	0
177822	131	238	111	51	53	7	1	0	315	0	17	534	145	0	10	0	0	592	0,0,0,0,0,0	24393	0	84	723	0	0	928,928,928,928,928,928,928	0	3	337,0,0,0,0,0,0	7	0
177757	136	236	124	52	57	8	0	1	354	0	21	598	281	0	16	0	0	613	0,0,0,0,0,0	24747	0	76	799	0	0	995,995,995,995,995,995,995	0	6	413,0,0,0,0,0,0	8	0
177660	159	249	139	53	62	8	2	1	386	0	27	620	263	0	25	0	0	672	0,0,0,0,0,0	12908	0	110	909	0	0	1096,1096,1096,1095,1095,1095,1095	0	8	523,0,0,0,0,0,0	12	0
177578	168	281	144	54	58	9	2	1	423	0	28	638	244	0	25	0	0	716	0,0,0,0,0,0	12816	0	101	1010	0	0	1183,1182,1182,1181,1181,1181,1181	0	9	624,0,0,0,0,0,0	22	0
177471	167	324	145	67	69	12	3	1	453	0	34	682	145	1	19	0	0	787	0,0,0,0,0,0	12980	0	126	1136	0	0	1299,1298,1298,1296,1296,1296,1296	0	13	750,0,0,0,0,0,0	20	0
177370	162	343	174	87	66	16	5	1	485	0	37	687	312	1	37	0	0	853	0,0,0,0,0,0	12891	0	119	1255	1	0	1408,1407,1407,1404,1404,1404,1404	0	20	870,0,0,0,0,0,0	32	0
177241	187	362	182	100	75	15	8	0	534	0	42	705	253	4	31	0	0	929	0,0,0,0,0,0	12958	0	148	1404	1	0	1547,1546,1546,1541,1541,1541,1541	0	20	1019,0,0,0,0,0,0	45	0
177147	200	356	200	99	83	21	9	0	582	0	49	712	249	0	39	0	0	968	0,0,0,0,0,0	24820	0	118	1522	3	0	1657,1655,1655,1646,1646,1646,1646	0	9	1138,0,0,0,0,0,0	48	0
177023	204	398	197	100	76	22	10	0	663	0	53	719	86	0	36	0	0	1007	0,0,0,0,0,0	25046	0	143	1665	4	0	1794,1791,1791,1780,1780,1780,1780	1	15	1282,0,0,0,0,0,0	52	0
176886	243	408	223	92	77	22	13	0	727	0	55	746	258	2	49	0	0	1078	0,0,0,0,0,0	13209	0	168	1831	7	0	1950,1945,1945,1929,1929,1929,1929	1	9	1451,0,0,0,0,0,0	51	0
176760	263	443	252	98	81	21	18	0	748	1	61	716	263	1	41	0	0	1176	0,0,0,0,0,0	13139	0	175	2007	7	0	2109,2102,2102,2077,2077,2077,2077	1	31	1627,0,0,0,0,0,0	60	0
176622	282	482	267	106	88	24	17	0	793	3	62	724	271	3	39	0	0	1266	0,0,0,0,0,0	12884	0	199	2204	9	0	2291,2280,2280,2242,2242,2242,2242	1	22	1826,0,0,0,0,0,0	65	0
176428	323	525	290	99	98	25	18	0	870	3	67	737	297	2	43	0	0	1378	0,0,0,0,0,0	13055	0	234	2437	11	0	2511,2498,2498,2452,2452,2452,2452	1	21	2061,0,0,0,0,0,0	72	0
176259	328	566	301	126	107	22	20	0	942	4	71	714	296	2	50	0	0	1470	0,0,0,0,0,0	13009	0	213	2649	13	0	2715,2699,2699,2641,2641,2641,2641	1	21	2275,0,0,0,0,0,0	68	0
176094	342	595	333	141	113	21	20	0	1008	5	74	724	87	2	37	0	0	1565	0,0,0,0,0,0	25066	0	220	2866	16	0	2925,2904,2904,2831,2831,2831,2831	1	17	2494,0,0,0,0,0,0	74	0
175933	322	643	347	148	127	23	21	0	1096	5	81	708	82	0	54	0	0	1631	0,0,0,0,0,0	25124	0	205	3072	16	0	3125,3101,3101,3015,3015,3015,3015	1	20	2700,0,0,0,0,0,0	77	0
175739	347	697	361	164	148	27	21	0	1152	7	83	712	290	3	67	0	0	1765	0,0,0,0,0,0	13183	0	268	3339	18	0	3379,3349,3349,3242,3242,3242,3242	1	26	2968,0,0,0,0,0,0	70	0
175518	382	768	366	155	164	28	25	0	1245	8	87	682	271	3	72	0	0	1888	0,0,0,0,0,0	12985	0	291	3629	19	0	3658,3622,3622,3495,3495,3495,3495	1	33	3259,0,0,0,0,0,0	78	0
175308	434	767	409	181	174	28	26	0	1320	8	91	698	267	3	72	0	0	2019	0,0,0,0,0,0	13056	0	292	3922	19	0	3938,3896,3896,3745,3745,3745,3745	2	38	3552,0,0,0,0,0,0	82	0
175062	464	796	449	187	186	33	25	2	1442	8	92	704	328	5	76	0	0	2140	0,0,0,0,0,0	13163	0	312	4235	20	0	4242,4194,4194,4023,4023,4023,4023	2	31	3866,0,0,0,0,0,0	77	0
174788	484	856	483	216	188	35	22	5	1562	10	97	683	263	3	83	0	0	2284	0,0,0,0,0,0	13067	0	346	4579	24	0	4579,4524,4524,4330,4330,4330,4330	2	38	4214,0,0,0,0,0,0	83	0
174569	506	897	515	217	185	40	25	6	1676	10	100	638	291	6	74	0	0	2385	0,0,0,0,0,0	24768	0	312	4892	26	0	4878,4816,4816,4592,4592,4592,4592	2	18	4529,0,0,0,0,0,0	81	0
174377	488	955	525	219	199	39	25	7	1798	12	102	649	277	6	81	0	0	2450	0,0,0,0,0,0	25140	0	293	5186	27	0	5161,5089,5089,4833,4833,4833,4833	2	22	4824,0,0,0,0,0,0	88	0
174099	520	987	550	229	217	45	25	8	1949	13	104	646	312	5	86	0	0	2573	0,0,0,0,0,0	13229	0	362	5549	29	0	5517,5437,5437,5152,5152,5152,5152	2	36	5188,0,0,0,0,0,0	94	0
173786	564	1061	595	242	241	46	28	7	2052	13	111	657	304	1	109	0	0	2777	0,0,0,0,0,0	13224	0	418	5967	30	0	5928,5838,5838,5516,5516,5516,5516	2	41	5607,0,0,0,0,0,0	105	0
173488	612	1103	628	261	269	48	29	7	2174	14	113	657	301	9	82	0	0	2950	0,0,0,0,0,0	13234	0	417	6386	31	0	6331,6230,6230,5869,5869,5869,5869	2	46	6026,0,0,0,0,0,0	111	0
173137	659	1215	641	261	281	57	32	7	2328	14	114	640	323	3	134	0	0	3146	0,0,0,0,0,0	13054	0	481	6868	33	0	6800,6686,6686,6282,6282,6282,6282	3	57	6509,0,0,0,0,0,0	122	0
172748	730	1260	705	296	295	59	33	6	2480	16	118	659	98	4	104	0	0	3378	0,0,0,0,0,0	13071	0	503	7370	36	0	7296,7171,7171,6726,6726,6726,6726	3	68	7012,0,0,0,0,0,0	136	0
172431	731	1339	725	304	319	62	31	6	2656	20	122	660	265	9	101	0	0	3511	0,0,0,0,0,0	25105	0	464	7834	41	0	7750,7612,7612,7115,7115,7115,7115	3	38	7477,0,0,0,0,0,0	145	0
172116	723	1373	770	334	341	74	33	6	2829	23	124	628	329	6	119	0	0	3648	0,0,0,0,0,0	24960	0	452	8290	41	0	8197,8044,8044,7498,7498,7498,7498	3	37	7933,0,0,0,0,0,0	162	0
171687	767	1488	826	346	352	78	33	7	3007	25	130	620	337	12	143	0	0	3890	0,0,0,0,0,0	13182	0	602	8891	44	0	8786,8616,8616,8011,8011,8011,8011	3	42	8534,0,0,0,0,0,0	173	0
171152	880	1612	904	366	354	80	33	6	3197	28	134	599	326	10	153	0	0	4229	0,0,0,0,0,0	13159	0	688	9581	46	0	9464,9280,9280,8619,8619,8619,8619	3	73	9224,0,0,0,0,0,0	192	0
170687	938	1729	990	385	380	80	37	6	3347	30	137	593	317	11	175	0	0	4539	0,0,0,0,0,0	13011	0	650	10231	50	0	10100,9898,9898,9172,9172,9172,9172	4	68	9874,0,0,0,0,0,0	204	0
170157	1020	1799	1037	439	425	82	40	4	3566	35	142	609	281	10	164	0	0	4842	0,0,0,0,0,0	13141	0	701	10934	54	0	10790,10571,10571,9786,9786,9786,9786	4	73	10577,0,0,0,0,0,0	190	0
169619	1039	1967	1048	443	488	88	44	3	3823	37	147	564	300	8	175	0	0	5117	0,0,0,0,0,0	13179	0	720	11654	57	0	11502,11265,11265,10412,10412,10412,10412	5	81	11300,0,0,0,0,0,0	199	0
169191	1029	2009	1110	467	529	93	50	5	4077	37	149	534	270	8	205	0	0	5287	0,0,0,0,0,0	25088	0	650	12303	58	0	12133,11874,11874,10945,10945,10945,10945	5	47	11949,0,0,0,0,0,0	214	0
168732	1053	2081	1171	509	557	93	57	5	4301	38	149	525	348	6	193	0	0	5521	0,0,0,0,0,0	24884	0	709	13010	64	0	12824,12540,12540,11523,11523,11523,11523	5	48	12657,0,0,0,0,0,0	223	0
168120	1140	2211	1242	544	551	98	62	4	4580	41	153	476	267	10	225	0	0	5848	0,0,0,0,0,0	13438	0	846	13851	72	0	13650,13344,13344,12246,12246,12246,12246	5	92	13498,0,0,0,0,0,0	231	0
167529	1242	2324	1295	583	581	119	63	4	4805	43	158	471	299	8	199	0	0	6207	0,0,0,0,0,0	13135	0	883	14736	76	0	14518,14183,14183,12978,12978,12978,12978	5	84	14384,0,0,0,0,0,0	233	0
166850	1345	2443	1411	623	628	117	65	4	5054	47	159	454	292	9	241	0	0	6632	0,0,0,0,0,0	13222	0	970	15706	79	0	15469,15104,15104,13795,13795,13795,13795	6	93	15356,0,0,0,0,0,0	230	0
166140	1436	2557	1474	662	658	120	75	5	5409	48	162	435	329	13	258	0	0	6982	0,0,0,0,0,0	12964	0	985	16691	85	0	16435,16044,16044,14637,14637,14637,14637	6	98	16341,0,0,0,0,0,0	251	0
165442	1552	2639	1562	663	704	122	81	5	5763	50	163	451	323	11	251	0	0	7323	0,0,0,0,0,0	13116	0	1005	17693	90	0	17419,16997,16997,15479,15479,15479,15479	7	102	17345,0,0,0,0,0,0	244	0
164930	1474	2767	1626	703	721	130	88	6	6081	54	166	456	334	16	246	0	0	7509	0,0,0,0,0,0	25087	0	864	18554	96	0	18259,17802,17802,16159,16159,16159,16159	7	58	18207,0,0,0,0,0,0	253	0
164452	1402	2867	1683	737	735	143	93	9	6397	58	170	422	331	11	238	0	0	7660	0,0,0,0,0,0	24958	0	875	19427	102	0	19111,18615,18615,16828,16828,16828,16828	6	55	19081,0,0,0,0,0,0	276	0
163635	1504	3101	1738	758	738	149	97	8	6779	67	172	413	308	16	348	0	0	8085	0,0,0,0,0,0	13400	0	1187	20606	113	0	20267,19735,19735,17819,17819,17819,17819	7	111	20260,0,0,0,0,0,0	279	0
162856	1612	3255	1803	789	773	162	104	8	7130	76	178	399	350	13	296	0	0	8498	0,0,0,0,0,0	13238	0	1181	21787	121	0	21423,20851,20851,18789,18789,18789,18789	7	99	21442,0,0,0,0,0,0	283	0
162254	1620	3344	1914	829	806	171	108	9	7432	81	178	384	317	10	279	0	0	8792	0,0,0,0,0,0	28965	0	1065	22853	127	0	22460,21841,21841,19612,19612,19612,19612	7	107	22509,0,0,0,0,0,0	308	0
161564	1650	3412	2027	872	855	177	111	10	7802	86	180	373	327	19	282	0	0	9104	0,0,0,0,0,0	28770	0	1101	23959	130	0	23541,22881,22881,20500,20500,20500,20500	7	91	23616,0,0,0,0,0,0	319	0
160911	1690	3482	2067	879	891	181	111	13	8244	94	183	338	306	21	355	0	0	9301	0,0,0,0,0,0	28805	0	1141	25102	135	0	24656,23946,23946,21388,21388,21388,21388	8	124	24759,0,0,0,0,0,0	315	0
160409	1662	3424	2151	928	924	190	108	16	8651	100	183	359	291	10	309	0	0	9387	0,0,0,0,0,0	42408	0	978	26078	144	0	25603,24846,24846,22114,22114,22114,22114	8	79	25736,0,0,0,0,0,0	346	0
159906	1630	3468	2169	945	937	206	114	16	9067	104	184	318	316	15	304	0	0	9469	0,0,0,0,0,0	42497	0	1011	27083	153	0	26578,25771,25771,22857,22857,22857,22857	8	74	26742,0,0,0,0,0,0	358	0
159260	1693	3485	2206	977	944	224	115	20	9522	112	188	290	318	17	358	0	0	9644	0,0,0,0,0,0	28705	0	1149	28230	162	0	27696,26838,26838,23741,23741,23741,23741	8	103	27890,0,0,0,0,0,0	369	0
