S	E	I1	I2	I3	I4	I5_h	I6_h	R_h	R	D1	D2	H	T	P1	P2	Q	QT	NQ	MUT	HOM	VAC	NI	INF	REINF	BSTR	IMM	HCI	HCE	INFV	INFH	VNI
178141	101	126	59	36	48	6	2	0	227	0	0	226	0	0	0	0	0	378	0,0,0,0,0,0	178746	0	0	378	0	0	605,605,605,605,605,605,605	0	0	0,0,0,0,0,0,0	0	0
178108	82	163	66	29	48	7	2	0	239	0	2	350	341	1	76	0	0	397	0,0,0,0,0,0	12423	0	48	426	0	0	638,638,638,638,638,638,638	0	4	48,0,0,0,0,0,0	9	0
178058	89	171	77	29	48	8	3	0	260	0	3	438	223	1	15	0	0	425	0,0,0,0,0,0	12603	0	63	489	0	0	689,689,689,689,689,689,689	0	2	111,0,0,0,0,0,0	10	0
178014	92	176	88	33	46	9	3	0	280	0	5	488	249	2	18	0	0	447	0,0,0,0,0,0	12736	0	55	545	0	0	735,735,735,735,735,735,735	0	4	167,0,0,0,0,0,0	13	0
177961	88	189	100	38	45	11	4	0	299	0	11	530	78	0	8	0	0	475	0,0,0,0,0,0	24780	0	67	612	0	0	791,791,791,791,791,791,791	0	8	234,0,0,0,0,0,0	14	0
177918	93	188	107	38	44	11	5	0	329	0	13	594	231	1	13	0	0	486	0,0,0,0,0,0	24959	0	61	673	0	0	839,839,839,839,839,839,839	0	3	295,0,0,0,0,0,0	16	0
177864	100	197	109	49	42	9	4	1	354	0	17	649	244	2	16	0	0	510	0,0,0,0,0,0	13016	0	69	743	0	0	898,898,898,898,898,898,898	0	7	365,0,0,0,0,0,0	14	0
177822	97	212	108	57	39	9	6	1	376	0	19	670	85	1	17	0	0	528	0,0,0,0,0,0	12791	0	63	807	0	0	949,949,949,947,947,947,947	0	5	429,0,0,0,0,0,0	17	0
177744	107	230	109	68	43	11	7	1	403	0	23	668	257	1	18	0	0	575	0,0,0,0,0,0	12914	0	93	900	0	0	1033,1033,1033,1031,1031,1031,1031	0	9	522,0,0,0,0,0,0	16	0
177688	117	224	117	67	42	8	6	1	445	1	30	706	254	0	21	0	0	581	0,0,0,0,0,0	12980	0	70	969	1	0	1099,1097,1097,1094,1094,1094,1094	0	12	592,0,0,0,0,0,0	22	0
177615	125	243	120	64	45	8	8	1	483	1	33	704	137	0	17	0	0	613	0,0,0,0,0,0	12950	0	85	1053	2	0	1180,1178,1178,1173,1173,1173,1173	0	7	677,0,0,0,0,0,0	15	0
177552	138	240	127	74	48	9	6	2	509	2	39	724	253	0	22	0	0	642	0,0,0,0,0,0	25117	0	86	1139	2	0	1256,1254,1254,1246,1246,1246,1246	0	5	763,0,0,0,0,0,0	17	0
177520	118	250	148	73	48	9	7	2	525	2	44	752	238	1	30	0	0	653	0,0,0,0,0,0	24872	0	58	1197	3	0	1303,1300,1300,1288,1288,1288,1288	0	10	822,0,0,0,0,0,0	17	0
177438	124	270	161	74	53	10	8	1	555	2	50	747	90	0	30	0	0	700	0,0,0,0,0,0	13017	0	107	1301	6	0	1402,1397,1397,1382,1382,1382,1382	0	16	928,0,0,0,0,0,0	19	0
177369	150	257	155	81	54	12	9	1	600	2	56	695	259	2	27	0	0	718	0,0,0,0,0,0	12955	0	94	1395	7	0	1490,1484,1484,1463,1463,1463,1463	0	6	1023,0,0,0,0,0,0	26	0
177295	157	276	154	91	52	13	9	1	634	2	62	720	116	0	18	0	0	752	0,0,0,0,0,0	12994	0	105	1498	9	0	1584,1577,1577,1550,1550,1550,1550	0	10	1128,0,0,0,0,0,0	24	0
177223	151	307	150	83	57	16	12	1	676	2	68	719	254	0	22	0	0	776	0,0,0,0,0,0	12902	0	101	1598	10	0	1679,1670,1670,1636,1636,1636,1636	0	9	1229,0,0,0,0,0,0	27	0
177159	153	333	154	79	69	15	13	0	697	3	71	710	149	3	32	0	0	816	0,0,0,0,0,0	12941	0	109	1707	11	0	1772,1760,1760,1719,1719,1719,1719	0	6	1339,0,0,0,0,0,0	33	0
177100	153	342	163	77	85	16	10	2	722	5	71	743	324	3	36	0	0	846	0,0,0,0,0,0	25191	0	93	1800	12	0	1853,1839,1839,1790,1790,1790,1790	0	10	1433,0,0,0,0,0,0	31	0
177037	153	324	200	80	94	15	10	2	749	5	77	738	85	0	38	0	0	876	0,0,0,0,0,0	24877	0	101	1901	12	0	1948,1931,1931,1872,1872,1872,1872	0	7	1534,0,0,0,0,0,0	37	0
176932	186	343	202	69	91	15	11	2	808	6	81	716	243	0	26	0	0	917	0,0,0,0,0,0	12912	0	132	2033	12	0	2074,2056,2056,1990,1990,1990,1990	0	14	1666,0,0,0,0,0,0	41	0
176840	192	355	205	73	93	15	12	2	866	6	87	739	248	4	28	0	0	945	0,0,0,0,0,0	12919	0	122	2154	15	0	2193,2172,2172,2097,2097,2097,2097	0	7	1790,0,0,0,0,0,0	41	0
176733	237	361	218	75	94	15	13	2	903	6	89	724	253	2	35	0	0	1013	0,0,0,0,0,0	13001	0	163	2319	16	0	2344,2318,2318,2229,2229,2229,2229	0	18	1956,0,0,0,0,0,0	41	0
176638	245	384	228	69	96	19	11	1	953	8	94	706	261	1	25	0	0	1052	0,0,0,0,0,0	13055	0	138	2456	17	0	2481,2451,2451,2346,2346,2346,2346	0	10	2094,0,0,0,0,0,0	39	0
176543	230	434	236	77	93	18	12	0	997	9	97	722	236	2	27	0	0	1100	0,0,0,0,0,0	12912	0	138	2596	17	0	2615,2582,2582,2464,2464,2464,2464	0	15	2234,0,0,0,0,0,0	43	0
176471	219	452	240	85	102	21	13	0	1034	10	99	732	99	1	28	0	0	1132	0,0,0,0,0,0	24710	0	131	2729	17	0	2741,2702,2702,2565,2565,2565,2565	0	9	2367,0,0,0,0,0,0	43	0
176391	226	458	251	100	103	21	16	0	1065	11	104	730	267	1	41	0	0	1175	0,0,0,0,0,0	25036	0	141	2868	19	0	2875,2831,2831,2675,2675,2675,2675	0	11	2508,0,0,0,0,0,0	53	0
176277	234	478	273	101	106	23	18	0	1112	12	112	676	155	5	35	0	0	1233	0,0,0,0,0,0	13059	0	168	3036	19	0	3040,2991,2991,2816,2816,2816,2816	1	15	2676,0,0,0,0,0,0	53	0
176146	243	508	290	119	105	26	17	2	1161	13	116	676	110	0	41	0	0	1308	0,0,0,0,0,0	12929	0	186	3219	22	0	3218,3165,3165,2973,2973,2973,2973	1	20	2860,0,0,0,0,0,0	63	0
176005	276	527	323	116	105	26	17	2	1218	14	117	661	134	2	50	0	0	1390	0,0,0,0,0,0	13030	0	198	3417	23	0	3410,3351,3351,3141,3141,3141,3141	1	14	3058,0,0,0,0,0,0	69	0
175871	298	545	335	131	118	27	17	3	1268	15	118	652	266	1	46	0	0	1471	0,0,0,0,0,0	13016	0	207	3622	25	0	3606,3541,3541,3308,3308,3308,3308	1	20	3263,0,0,0,0,0,0	74	0
175752	307	578	343	132	127	33	17	4	1313	16	124	627	249	5	56	0	0	1537	0,0,0,0,0,0	12937	0	210	3833	26	0	3810,3737,3737,3473,3473,3473,3473	1	17	3475,0,0,0,0,0,0	73	0
175606	316	619	361	132	144	36	16	4	1364	18	130	627	270	0	56	0	0	1624	0,0,0,0,0,0	24762	0	218	4051	26	0	4024,3943,3943,3654,3654,3654,3654	1	16	3693,0,0,0,0,0,0	77	0
175459	345	609	403	133	147	40	18	4	1433	18	137	611	242	2	49	0	0	1695	0,0,0,0,0,0	25023	0	216	4268	27	0	4237,4150,4150,3838,3838,3838,3838	1	17	3910,0,0,0,0,0,0	81	0
175278	352	693	401	140	153	39	17	4	1508	19	142	629	237	4	69	0	0	1795	0,0,0,0,0,0	13155	0	266	4533	29	0	4495,4400,4400,4060,4060,4060,4060	1	24	4176,0,0,0,0,0,0	86	0
175133	354	709	419	146	181	38	17	4	1576	21	148	604	242	1	62	0	0	1864	0,0,0,0,0,0	12964	0	232	4766	30	0	4720,4617,4617,4247,4247,4247,4247	1	27	4409,0,0,0,0,0,0	87	0
174942	367	747	436	161	188	38	16	3	1677	22	149	611	339	1	75	0	0	1953	0,0,0,0,0,0	12945	0	263	5026	33	0	4971,4861,4861,4468,4468,4468,4468	1	24	4669,0,0,0,0,0,0	90	0
174769	406	766	460	164	210	37	19	3	1740	22	150	600	320	4	57	0	0	2062	0,0,0,0,0,0	12983	0	285	5312	33	0	5245,5125,5125,4694,4694,4694,4694	1	24	4955,0,0,0,0,0,0	86	0
174584	451	766	506	163	213	38	18	4	1827	23	153	626	278	0	86	0	0	2155	0,0,0,0,0,0	12984	0	287	5599	34	0	5522,5392,5392,4927,4927,4927,4927	1	34	5243,0,0,0,0,0,0	92	0
174429	428	810	515	185	216	40	18	3	1920	24	158	593	305	3	69	0	0	2212	0,0,0,0,0,0	24854	0	249	5848	35	0	5764,5626,5626,5128,5128,5128,5128	2	30	5492,0,0,0,0,0,0	98	0
174283	432	828	544	190	211	38	20	3	2010	24	163	563	311	2	64	0	0	2263	0,0,0,0,0,0	24720	0	252	6097	38	0	6009,5860,5860,5326,5326,5326,5326	2	27	5741,0,0,0,0,0,0	107	0
174042	451	902	568	196	211	38	20	4	2123	26	165	542	260	0	83	0	0	2386	0,0,0,0,0,0	13148	0	345	6443	39	0	6344,6185,6185,5615,5615,5615,5615	2	26	6087,0,0,0,0,0,0	93	0
173811	517	911	579	213	216	39	21	4	2238	26	171	521	309	4	79	0	0	2496	0,0,0,0,0,0	13054	0	344	6791	40	0	6685,6514,6514,5902,5902,5902,5902	2	34	6435,0,0,0,0,0,0	91	0
173599	510	995	586	219	234	41	22	3	2337	27	173	496	268	5	80	0	0	2607	0,0,0,0,0,0	12838	0	344	7136	43	0	7019,6836,6836,6176,6176,6176,6176	2	40	6780,0,0,0,0,0,0	98	0
173366	529	1042	624	225	235	45	22	3	2452	27	176	506	247	4	86	0	0	2722	0,0,0,0,0,0	12932	0	361	7499	44	0	7375,7179,7179,6472,6472,6472,6472	2	43	7143,0,0,0,0,0,0	101	0
173119	550	1113	632	247	268	43	19	4	2542	29	180	510	285	6	101	0	0	2872	0,0,0,0,0,0	13044	0	400	7897	47	0	7765,7554,7554,6793,6793,6793,6793	2	38	7542,0,0,0,0,0,0	103	0
172926	523	1153	663	263	264	42	21	3	2670	29	189	521	244	4	98	0	0	2929	0,0,0,0,0,0	24868	0	330	8227	50	0	8093,7867,7867,7054,7054,7054,7054	2	28	7873,0,0,0,0,0,0	102	0
172732	514	1152	706	280	280	47	20	2	2789	32	192	528	271	4	83	0	0	2999	0,0,0,0,0,0	25091	0	346	8573	53	0	8432,8191,8191,7322,7322,7322,7322	2	31	8219,0,0,0,0,0,0	107	0
172468	567	1158	740	287	298	50	23	3	2926	33	193	530	241	5	120	0	0	3123	0,0,0,0,0,0	13107	0	429	9003	53	0	8851,8594,8594,7665,7665,7665,7665	3	45	8649,0,0,0,0,0,0	106	0
172217	624	1177	777	281	288	54	27	2	3067	35	197	541	299	7	130	0	0	3228	0,0,0,0,0,0	12817	0	427	9428	55	0	9266,8991,8991,7999,7999,7999,7999	2	32	9074,0,0,0,0,0,0	111	0
171988	630	1189	791	299	287	57	35	2	3233	36	199	531	260	7	87	0	0	3288	0,0,0,0,0,0	28494	0	386	9808	62	0	9637,9347,9347,8300,8300,8300,8300	2	35	9455,0,0,0,0,0,0	109	0
171822	633	1218	811	307	291	65	32	3	3323	39	202	531	304	6	106	0	0	3357	0,0,0,0,0,0	28677	0	386	10199	64	0	10016,9703,9703,8574,8574,8574,8574	3	43	9847,0,0,0,0,0,0	118	0
171609	622	1265	841	312	305	65	37	5	3437	40	208	553	327	4	123	0	0	3447	0,0,0,0,0,0	28757	0	403	10602	65	0	10412,10080,10080,8880,8880,8880,8880	3	33	10250,0,0,0,0,0,0	118	0
171446	597	1272	826	318	308	72	34	7	3608	45	213	560	298	7	100	0	0	3427	0,0,0,0,0,0	42254	0	361	10966	66	0	10768,10415,10415,9140,9140,9140,9140	3	36	10615,0,0,0,0,0,0	137	0
171309	569	1290	815	323	288	77	38	7	3765	46	219	546	301	4	124	0	0	3400	0,0,0,0,0,0	42604	0	344	11309	70	0	11104,10730,10730,9378,9378,9378,9378	3	26	10958,0,0,0,0,0,0	150	0
171113	584	1321	816	325	307	75	38	8	3889	48	222	546	302	5	125	0	0	3466	0,0,0,0,0,0	28565	0	415	11720	75	0	11503,11108,11108,9677,9677,9677,9677	3	39	11369,0,0,0,0,0,0	162	0
170936	614	1284	854	341	328	79	40	9	3986	50	225	534	327	4	107	0	0	3540	0,0,0,0,0,0	28573	0	389	12107	79	0	11877,11460,11460,9952,9952,9952,9952	3	36	11756,0,0,0,0,0,0	154	0
170766	639	1280	878	346	324	84	41	10	4092	54	232	500	265	3	149	0	0	3592	0,0,0,0,0,0	28468	0	399	12511	80	0	12272,11831,11831,10235,10235,10235,10235	3	40	12160,0,0,0,0,0,0	159	0
170665	629	1262	896	361	344	89	45	9	4154	57	235	482	291	10	109	0	0	3626	0,0,0,0,0,0	28795	0	384	12896	82	0	12642,12172,12172,10472,10472,10472,10472	3	45	12545,0,0,0,0,0,0	167	0
170506	604	1310	908	368	337	94	50	8	4265	58	238	496	246	4	145	0	0	3671	0,0,0,0,0,0	28507	0	394	13291	85	0	13025,12531,12531,10743,10743,10743,10743	3	44	12942,0,0,0,0,0,0	171	0
170443	607	1243	912	365	344	95	50	7	4379	62	239	477	259	9	122	0	0	3616	0,0,0,0,0,0	42413	0	331	13622	90	0	13340,12819,12819,10932,10932,10932,10932	3	38	13273,0,0,0,0,0,0	179	0
170375	579	1229	905	356	346	97	49	9	4496	63	242	446	273	5	107	0	0	3561	0,0,0,0,0,0	42301	0	336	13959	92	0	13662,13114,13114,11128,11128,11128,11128	3	24	13610,0,0,0,0,0,0	189	0
170271	567	1256	902	336	349	93	53	8	4601	65	245	450	287	4	141	0	0	3556	0,0,0,0,0,0	28574	0	388	14344	97	0	14032,13456,13456,11365,11365,11365,11365	3	40	13997,0,0,0,0,0,0	182	0
170114	613	1240	911	331	368	90	56	7	4701	67	248	427	321	8	125	0	0	3609	0,0,0,0,0,0	28920	0	429	14772	100	0	14443,13839,13839,11649,11649,11649,11649	3	56	14425,0,0,0,0,0,0	174	0
170011	633	1236	894	336	358	93	52	9	4798	73	253	418	246	4	120	0	0	3602	0,0,0,0,0,0	28390	0	385	15155	106	0	14812,14180,14180,11884,11884,11884,11884	3	46	14809,0,0,0,0,0,0	168	0
169882	618	1308	898	323	360	95	49	11	4873	75	254	415	264	4	126	0	0	3651	0,0,0,0,0,0	28528	0	422	15577	110	0	15216,14554,14554,12150,12150,12150,12150	3	50	15231,0,0,0,0,0,0	177	0
169768	610	1303	897	353	352	89	51	11	4978	77	257	408	258	5	115	0	0	3655	0,0,0,0,0,0	28563	0	387	15966	112	0	15588,14899,14899,12393,12393,12393,12393	3	45	15621,0,0,0,0,0,0	174	0
169714	570	1314	884	342	365	93	52	11	5062	80	259	421	268	3	109	0	0	3620	0,0,0,0,0,0	42375	0	355	16320	116	0	15925,15205,15205,12588,12588,12588,12588	3	24	15976,0,0,0,0,0,0	180	0
169661	565	1235	914	350	363	90	56	8	5159	83	262	392	294	2	134	0	0	3573	0,0,0,0,0,0	42454	0	336	16655	119	0	16243,15495,15495,12773,12773,12773,12773	3	32	16311,0,0,0,0,0,0	179	0
169617	591	1216	927	334	350	97	56	11	5193	87	267	380	273	6	157	0	0	3571	0,0,0,0,0,0	28300	0	377	17030	121	0	16599,15817,15817,12973,12973,12973,12973	3	47	16686,0,0,0,0,0,0	174	0
169573	588	1226	926	332	341	99	58	10	5233	92	268	402	269	3	126	0	0	3570	0,0,0,0,0,0	28570	0	380	17408	125	0	16953,16138,16138,13170,13170,13170,13170	3	39	17064,0,0,0,0,0,0	180	0
169517	590	1226	916	327	344	99	64	11	5289	92	271	405	230	4	121	0	0	3566	0,0,0,0,0,0	28452	0	398	17799	133	0	17324,16475,16475,13382,13382,13382,13382	3	53	17455,0,0,0,0,0,0	187	0
169517	579	1181	909	311	376	97	63	10	5329	99	275	392	254	7	108	0	0	3516	0,0,0,0,0,0	28483	0	346	18145	135	0	17650,16766,16766,13544,13544,13544,13544	3	30	17801,0,0,0,0,0,0	179	0
169444	612	1179	889	304	376	92	63	12	5394	104	277	375	329	7	105	0	0	3515	0,0,0,0,0,0	28569	0	392	18541	136	0	18025,17108,17108,13766,13766,13766,13766	3	34	18197,0,0,0,0,0,0	180	0
169477	565	1151	884	315	349	93	63	12	5452	107	278	387	243	6	117	0	0	3420	0,0,0,0,0,0	42520	0	295	18831	142	0	18294,17345,17345,13883,13883,13883,13883	3	24	18488,0,0,0,0,0,0	182	0
169544	491	1131	858	322	343	95	61	12	5492	115	282	393	236	2	93	0	0	3301	0,0,0,0,0,0	42501	0	258	19090	143	0	18534,17552,17552,13969,13969,13969,13969	3	26	18747,0,0,0,0,0,0	181	0
169499	498	1129	838	323	318	95	60	10	5572	120	284	392	273	4	133	0	0	3261	0,0,0,0,0,0	28510	0	349	19436	147	0	18859,17847,17847,14151,14151,14151,14151	3	34	19093,0,0,0,0,0,0	183	0
169494	524	1095	833	327	324	95	62	9	5575	120	288	382	115	3	108	0	0	3260	0,0,0,0,0,0	28578	0	358	19795	149	0	19195,18147,18147,14318,14318,14318,14318	3	35	19452,0,0,0,0,0,0	190	0
169499	536	1097	834	323	316	89	64	9	5564	124	291	377	289	6	128	0	0	3259	0,0,0,0,0,0	28456	0	359	20151	152	0	19528,18443,18443,14479,14479,14479,14479	3	57	19809,0,0,0,0,0,0	178	0
169501	547	1101	793	323	300	90	58	12	5596	130	295	384	265	8	119	0	0	3212	0,0,0,0,0,0	28493	0	345	20492	159	0	19847,18728,18728,14634,14634,14634,14634	3	28	20152,0,0,0,0,0,0	166	0
169579	528	1094	792	318	286	84	57	11	5565	136	296	383	338	4	111	0	0	3159	0,0,0,0,0,0	28358	0	311	20802	164	0	20130,18972,18972,14734,14734,14734,14734	3	37	20462,0,0,0,0,0,0	155	0
169675	477	1071	793	301	292	85	57	12	5542	141	300	379	275	3	90	0	0	3076	0,0,0,0,0,0	42236	0	284	21085	170	0	20389,19193,19193,14813,14813,14813,14813	3	27	20745,0,0,0,0,0,0	165	0
169758	457	1014	783	297	302	84	59	10	5536	143	303	379	260	3	99	0	0	2996	0,0,0,0,0,0	42283	0	280	21359	176	0	20638,19406,19406,14894,14894,14894,14894	2	28	21019,0,0,0,0,0,0	161	0
169782	471	1048	769	312	294	84	61	11	5465	145	304	376	274	9	133	0	0	3039	0,0,0,0,0,0	28556	0	339	21701	177	0	20954,19685,19685,15036,15036,15036,15036	3	38	21361,0,0,0,0,0,0	164	0
169842	461	1052	768	295	291	86	54	12	5424	153	308	410	255	10	98	0	0	3007	0,0,0,0,0,0	28176	0	308	22006	180	0	21232,19926,19926,15140,15140,15140,15140	3	36	21666,0,0,0,0,0,0	156	0
169889	503	1036	771	298	300	90	55	9	5331	154	310	413	274	5	117	0	0	3053	0,0,0,0,0,0	28468	0	345	22346	188	0	21546,20201,20201,15269,15269,15269,15269	3	32	22007,0,0,0,0,0,0	167	0
169931	530	1024	752	277	304	88	52	10	5307	158	313	403	255	4	112	0	0	3027	0,0,0,0,0,0	28567	0	321	22662	194	0	21838,20457,20457,15389,15389,15389,15389	3	31	22323,0,0,0,0,0,0	167	0
169930	530	1019	751	292	286	86	57	10	5307	162	316	429	244	2	100	0	0	3021	0,0,0,0,0,0	28482	0	344	23003	200	0	22156,20741,20741,15544,15544,15544,15544	3	49	22666,0,0,0,0,0,0	164	0
170004	496	1002	739	307	294	83	54	10	5275	165	317	416	258	6	112	0	0	2975	0,0,0,0,0,0	42335	0	276	23276	204	0	22403,20954,20954,15625,15625,15625,15625	3	23	22939,0,0,0,0,0,0	168	0
170094	464	1005	711	300	289	88	53	10	5246	167	319	390	250	3	114	0	0	2910	0,0,0,0,0,0	42297	0	262	23534	209	0	22637,21152,21152,15692,15692,15692,15692	2	31	23198,0,0,0,0,0,0	169	0
170143	462	996	715	299	284	85	47	11	5211	172	321	382	261	5	103	0	0	2888	0,0,0,0,0,0	28476	0	293	23825	213	0	22902,21383,21383,15794,15794,15794,15794	3	37	23489,0,0,0,0,0,0	161	0
170203	454	992	696	291	281	81	47	12	5193	174	322	415	255	9	104	0	0	2842	0,0,0,0,0,0	28625	0	298	24122	216	0	23171,21616,21616,15891,15891,15891,15891	2	25	23787,0,0,0,0,0,0	156	0
170275	446	998	648	293	273	81	42	13	5175	179	323	421	295	3	92	0	0	2781	0,0,0,0,0,0	28449	0	275	24398	217	0	23420,21830,21830,15973,15973,15973,15973	2	40	24063,0,0,0,0,0,0	147	0
170364	430	988	680	290	278	86	41	14	5065	183	327	408	266	4	83	0	0	2793	0,0,0,0,0,0	42259	0	275	24676	220	0	23672,22045,22045,16048,16048,16048,16048	2	20	24341,0,0,0,0,0,0	145	0
170482	402	958	691	288	272	85	41	9	5001	186	331	391	324	3	87	0	0	2737	0,0,0,0,0,0	42307	0	255	24928	223	0	23899,22234,22234,16096,16096,16096,16096	2	20	24593,0,0,0,0,0,0	151	0
170555	398	925	697	274	268	86	40	12	4967	188	336	388	272	4	90	0	0	2688	0,0,0,0,0,0	42415	0	265	25191	226	0	24139,22441,22441,16173,16173,16173,16173	2	21	24856,0,0,0,0,0,0	144	0
170672	381	863	704	281	266	86	40	14	4911	189	339	380	250	4	101	0	0	2621	0,0,0,0,0,0	42056	26	229	25416	231	0	24340,22607,22607,16209,16209,16209,16209	2	17	25081,0,0,0,0,0,0	152	22
170802	362	836	682	283	249	79	37	14	4865	194	343	382	272	5	98	0	0	2528	0,0,0,0,0,0	28332	29	241	25655	235	0	24553,22783,22783,16243,16243,16243,16243	2	33	25321,0,0,0,0,0,0	141	45
170916	373	809	663	273	239	85	36	13	4791	198	350	404	258	5	95	0	0	2478	0,0,0,0,0,0	28550	21	245	25895	240	0	24768,22962,22962,16285,16285,16285,16285	2	31	25561,0,0,0,0,0,0	131	62
170959	412	762	629	274	248	85	35	13	4777	200	352	411	297	6	81	0	0	2445	0,0,0,0,0,0	28369	28	253	26146	243	0	24996,23160,23160,16368,16368,16368,16368	2	31	25813,0,0,0,0,0,0	138	83
171031	399	757	612	253	248	85	36	14	4755	202	354	420	317	2	89	0	0	2390	0,0,0,0,0,0	28272	22	234	26376	248	0	25202,23336,23336,16427,16427,16427,16427	2	22	26043,0,0,0,0,0,0	138	103
171121	398	727	614	239	243	86	36	11	4709	205	357	439	262	5	97	0	0	2343	0,0,0,0,0,0	28180	23	224	26598	252	0	25400,23502,23502,16471,16471,16471,16471	2	22	26265,0,0,0,0,0,0	139	120
171239	352	759	577	222	235	82	36	10	4667	208	359	446	320	4	87	0	0	2263	0,0,0,0,0,0	35821	30	203	26800	255	0	25578,23648,23648,16493,16493,16493,16493	2	18	26467,0,0,0,0,0,0	137	144
171396	311	756	565	224	227	80	37	10	4568	210	362	432	273	1	74	0	0	2200	0,0,0,0,0,0	35461	131	182	26979	258	0	25739,23775,23775,16488,16488,16488,16488	2	16	26646,0,0,0,0,0,0	137	246
171502	316	741	550	215	209	79	37	8	4510	213	366	455	251	6	89	0	0	2147	0,0,0,0,0,0	23446	126	218	27194	261	0	25937,23941,23941,16525,16525,16525,16525	2	19	26861,0,0,0,0,0,0	139	349
171616	314	730	521	217	218	80	34	7	4420	217	372	444	244	4	65	0	0	2114	0,0,0,0,0,0	23499	145	198	27386	267	0	26112,24085,24085,16544,16544,16544,16544	1	24	27053,0,0,0,0,0,0	132	472
171665	297	727	545	217	221	76	31	8	4363	220	376	441	258	3	84	0	0	2114	0,0,0,0,0,0	23292	119	212	27595	271	0	26308,24255,24255,16607,16607,16607,16607	1	19	27262,0,0,0,0,0,0	132	567
171741	311	720	533	197	235	72	34	6	4296	222	379	439	228	2	80	0	0	2102	0,0,0,0,0,0	23502	141	230	27822	275	0	26518,24434,24434,16663,16663,16663,16663	1	16	27490,0,0,0,0,0,0	120	683
171844	307	655	541	213	243	70	32	5	4230	224	382	422	235	3	83	0	0	2061	0,0,0,0,0,0	23296	94	183	28006	277	0	26683,24570,24570,16683,16683,16683,16683	1	26	27674,0,0,0,0,0,0	116	750
171955	295	651	514	207	238	70	30	4	4170	228	384	432	257	0	70	0	0	2005	0,0,0,0,0,0	35535	124	194	28195	282	0	26858,24715,24715,16706,16706,16706,16706	1	13	27863,0,0,0,0,0,0	120	850
172051	307	629	509	198	213	77	31	4	4111	229	387	432	233	3	78	0	0	1964	0,0,0,0,0,0	35371	163	195	28385	287	0	27063,24891,24891,16751,16751,16751,16751	1	16	28053,0,0,0,0,0,0	125	982
172097	342	616	492	192	205	74	31	4	4072	233	388	418	234	2	63	0	0	1952	0,0,0,0,0,0	23547	153	216	28603	288	0	27293,25095,25095,16831,16831,16831,16831	1	22	28271,0,0,0,0,0,0	125	1100
172183	336	646	460	174	191	74	31	5	4022	234	390	426	260	4	73	0	0	1912	0,0,0,0,0,0	23252	150	200	28800	291	0	27508,25282,25282,16883,16883,16883,16883	1	22	28468,0,0,0,0,0,0	123	1215
172287	303	664	487	174	178	66	29	6	3920	237	395	426	312	2	78	0	0	1901	0,0,0,0,0,0	23101	185	183	28982	293	0	27702,25447,25447,16916,16916,16916,16916	1	14	28650,0,0,0,0,0,0	117	1377
172339	307	667	484	174	186	65	27	5	3855	239	398	438	231	1	65	0	0	1910	0,0,0,0,0,0	23435	142	206	29181	300	0	27924,25642,25642,16988,16988,16988,16988	1	19	28849,0,0,0,0,0,0	115	1488
172371	326	674	469	165	172	62	28	5	3832	242	400	450	244	1	74	0	0	1896	0,0,0,0,0,0	23055	149	220	29399	303	0	28144,25837,25837,17069,17069,17069,17069	1	12	29067,0,0,0,0,0,0	102	1603
172486	296	644	480	165	164	62	28	4	3771	244	402	411	279	3	55	0	0	1839	0,0,0,0,0,0	35527	139	149	29545	307	0	28302,25970,25970,17080,17080,17080,17080	1	19	29213,0,0,0,0,0,0	106	1715
172565	278	616	476	173	168	63	31	3	3722	245	406	440	298	3	55	0	0	1805	0,0,0,0,0,0	35424	68	172	29713	312	0	28500,26142,26142,17127,17127,17127,17127	1	12	29382,0,0,0,0,0,0	110	1763
172614	305	625	466	168	159	68	28	5	3650	247	411	455	249	3	65	0	0	1819	0,0,0,0,0,0	23233	76	203	29917	313	0	28726,26342,26342,17202,17202,17202,17202	1	20	29586,0,0,0,0,0,0	115	1820
172724	304	600	462	162	160	59	28	4	3580	248	415	447	95	2	58	0	0	1775	0,0,0,0,0,0	23425	74	165	30081	315	0	28908,26496,26496,17222,17222,17222,17222	1	17	29750,0,0,0,0,0,0	107	1883
172790	282	659	422	159	159	56	27	5	3518	251	418	444	244	2	59	0	0	1764	0,0,0,0,0,0	23224	65	197	30275	321	0	29136,26699,26699,17289,17289,17289,17289	1	19	29944,0,0,0,0,0,0	105	1936
172873	278	621	442	159	167	56	28	5	3444	252	421	447	232	1	63	0	0	1751	0,0,0,0,0,0	23557	61	167	30439	325	0	29317,26855,26855,17323,17323,17323,17323	1	7	30108,0,0,0,0,0,0	93	1984
172949	264	628	443	157	170	58	29	4	3365	253	426	427	242	6	55	0	0	1749	0,0,0,0,0,0	23117	76	184	30620	330	0	29520,27031,27031,17372,17372,17372,17372	1	12	30290,0,0,0,0,0,0	102	2039
173023	243	613	435	165	173	62	24	7	3317	256	428	423	158	4	55	0	0	1715	0,0,0,0,0,0	35735	58	157	30772	337	0	29693,27182,27182,17408,17408,17408,17408	1	11	30442,0,0,0,0,0,0	99	2085
173118	222	603	417	154	175	62	24	8	3274	257	432	458	91	3	61	0	0	1657	0,0,0,0,0,0	35643	196	142	30912	339	0	29837,27302,27302,17420,17420,17420,17420	1	9	30582,0,0,0,0,0,0	99	2228
173180	262	561	419	140	179	58	27	9	3218	258	435	442	258	2	64	0	0	1646	0,0,0,0,0,0	23481	198	181	31090	342	0	30020,27461,27461,17465,17465,17465,17465	1	19	30760,0,0,0,0,0,0	93	2368
173144	303	569	427	134	165	59	25	10	3216	259	435	464	255	1	55	0	0	1682	2,0,0,0,0,0	23281	210	193	31319	348	0	30253,27675,27675,17582,17582,17582,17582	1	21	30949,42,0,0,0,0,0	91	2526
173167	283	618	416	125	161	56	23	10	3190	260	437	463	261	4	50	0	0	1682	5,0,0,0,0,0	23168	191	158	31516	352	0	30454,27854,27854,17653,17653,17653,17653	1	18	31104,85,0,0,0,0,0	90	2671
173151	314	620	429	127	181	59	23	10	3128	260	444	459	269	4	53	0	0	1753	8,0,0,0,0,0	23344	220	190	31747	358	0	30690,28068,28068,17763,17763,17763,17763	1	17	31272,150,0,0,0,0,0	87	2848
173130	358	631	417	144	177	59	23	10	3091	260	446	444	237	1	67	0	0	1809	11,0,0,0,0,0	23221	200	207	31978	365	0	30924,28281,28281,17874,17874,17874,17874	1	16	31439,217,0,0,0,0,0	88	2990
173120	373	623	414	155	198	58	23	10	3062	261	449	448	239	1	72	0	0	1844	15,0,0,0,0,0	35446	173	181	32188	368	0	31141,28478,28478,17973,17973,17973,17973	1	14	31565,301,0,0,0,0,0	87	3106
173125	353	649	421	162	189	53	24	9	3046	262	453	457	250	3	61	0	0	1851	19,0,0,0,0,0	35620	184	163	32381	373	0	31402,28720,28720,18089,18089,18089,18089	1	11	31676,384,0,0,0,0,0	85	3248
173078	321	717	437	163	185	58	24	8	3036	265	454	460	264	2	69	0	0	1905	21,0,0,0,0,0	23336	170	235	32609	380	0	31695,28996,28996,18243,18243,18243,18243	1	19	31837,452,0,0,0,0,0	86	3380
