S	E	I1	I2	I3	I4	I5_h	I6_h	R_h	R	D1	D2	H	T	P1	P2	Q	QT	NQ	MUT	HOM	VAC	NI	INF	REINF	BSTR	IMM	HCI	HCE	INFV	INFH	VNI
178125	107	116	50	41	42	5	2	0	255	3	0	191	0	0	0	0	0	363	0,0,0,0,0,0	178743	0	0	363	0	0	621,621,621,621,621,621,621	0	0	0,0,0,0,0,0,0	0	0
178086	90	163	58	35	39	8	2	0	262	3	0	316	303	1	69	0	0	395	0,0,0,0,0,0	12575	0	59	423	0	0	660,660,660,660,660,660,660	0	5	60,0,0,0,0,0,0	7	0
178033	100	173	76	41	36	8	2	0	272	3	2	416	270	1	14	0	0	436	0,0,0,0,0,0	12566	0	72	495	0	0	714,714,714,714,714,714,714	0	3	132,0,0,0,0,0,0	12	0
177969	113	179	91	45	41	7	1	0	290	4	6	499	318	1	13	0	0	477	0,0,0,0,0,0	12716	0	73	568	0	0	779,779,779,779,779,779,779	0	6	205,0,0,0,0,0,0	9	0
177917	116	173	106	51	44	7	1	0	317	4	10	571	102	0	15	0	0	498	0,0,0,0,0,0	24660	0	60	628	0	0	833,833,833,833,833,833,833	0	3	265,0,0,0,0,0,0	14	0
177854	109	202	108	60	45	9	2	0	338	4	15	591	264	1	28	0	0	535	0,0,0,0,0,0	24671	0	74	702	0	0	900,900,900,900,900,900,900	0	8	339,0,0,0,0,0,0	12	0
177790	103	232	104	53	54	6	2	0	379	4	19	593	91	1	17	0	0	554	0,0,0,0,0,0	12916	0	79	783	0	0	969,969,969,969,969,969,969	0	4	420,0,0,0,0,0,0	15	0
177735	113	240	113	55	53	7	2	0	401	4	23	665	266	0	16	0	0	583	0,0,0,0,0,0	12857	0	81	864	0	0	1033,1032,1032,1031,1031,1031,1031	0	4	501,0,0,0,0,0,0	12	0
177668	121	253	117	55	60	9	4	0	424	4	31	679	73	3	22	0	0	619	0,0,0,0,0,0	12917	0	87	951	1	0	1109,1108,1108,1105,1105,1105,1105	0	10	589,0,0,0,0,0,0	16	0
177570	153	252	136	52	75	10	6	0	454	4	34	698	84	1	25	0	0	684	0,0,0,0,0,0	12977	0	116	1067	1	0	1215,1213,1213,1210,1210,1210,1210	0	11	705,0,0,0,0,0,0	20	0
177511	147	272	148	51	77	9	7	0	481	4	39	708	265	2	27	0	0	711	0,0,0,0,0,0	12964	0	86	1152	2	0	1290,1288,1288,1281,1281,1281,1281	0	12	791,0,0,0,0,0,0	24	0
177457	137	274	148	54	80	11	6	0	534	5	40	705	96	0	21	0	0	710	0,0,0,0,0,0	25017	0	80	1230	4	0	1353,1351,1351,1341,1341,1341,1341	0	4	871,0,0,0,0,0,0	26	0
177408	128	271	170	55	79	14	6	0	565	6	44	746	81	0	29	0	0	723	0,0,0,0,0,0	24928	0	79	1309	4	0	1419,1416,1416,1402,1402,1402,1402	0	8	950,0,0,0,0,0,0	28	0
177326	142	269	196	61	76	17	5	1	598	6	49	729	93	1	34	0	0	766	0,0,0,0,0,0	13166	0	103	1412	4	0	1513,1509,1509,1493,1493,1493,1493	0	9	1053,0,0,0,0,0,0	32	0
177276	143	280	193	66	86	18	5	1	619	6	53	766	93	0	24	0	0	791	0,0,0,0,0,0	12904	0	91	1504	4	0	1590,1583,1583,1560,1560,1560,1560	0	8	1145,0,0,0,0,0,0	32	0
177198	151	291	200	69	81	17	5	1	662	7	64	748	95	0	31	0	0	814	0,0,0,0,0,0	13080	0	106	1610	5	0	1689,1681,1681,1652,1652,1652,1652	0	17	1252,0,0,0,0,0,0	34	0
177078	180	324	195	65	76	16	6	2	727	7	70	735	97	2	30	0	0	862	0,0,0,0,0,0	13295	0	140	1749	7	0	1826,1817,1817,1783,1783,1783,1783	0	15	1393,0,0,0,0,0,0	30	0
176964	213	338	198	63	81	18	6	2	778	7	78	730	256	2	28	0	0	917	0,0,0,0,0,0	12936	0	145	1893	9	0	1966,1955,1955,1913,1913,1913,1913	0	16	1539,0,0,0,0,0,0	34	0
176884	212	336	206	68	81	22	5	2	838	7	85	737	329	1	26	0	0	930	0,0,0,0,0,0	24791	0	108	1998	12	0	2069,2055,2055,2006,2006,2006,2006	0	6	1647,0,0,0,0,0,0	41	0
176817	180	371	224	73	89	20	6	2	868	7	89	703	154	3	36	0	0	963	0,0,0,0,0,0	24789	0	115	2111	14	0	2174,2157,2157,2095,2095,2095,2095	0	11	1761,0,0,0,0,0,0	52	0
176728	184	379	235	78	93	19	8	2	919	8	93	709	102	0	41	0	0	996	0,0,0,0,0,0	13031	0	129	2242	14	0	2299,2279,2279,2205,2205,2205,2205	0	12	1892,0,0,0,0,0,0	49	0
176622	216	385	245	89	93	20	7	2	960	9	98	714	301	1	34	0	0	1055	0,0,0,0,0,0	13136	0	158	2400	14	0	2451,2426,2426,2337,2337,2337,2337	1	23	2050,0,0,0,0,0,0	53	0
176535	222	405	254	105	96	19	9	2	989	9	101	729	281	1	39	0	0	1110	0,0,0,0,0,0	12880	0	146	2543	17	0	2586,2556,2556,2451,2451,2451,2451	1	15	2195,0,0,0,0,0,0	48	0
176429	260	394	271	102	93	22	12	2	1048	10	103	713	270	0	37	0	0	1154	0,0,0,0,0,0	12907	0	163	2706	18	0	2743,2709,2709,2584,2584,2584,2584	1	13	2359,0,0,0,0,0,0	50	0
176337	245	419	273	111	95	21	12	2	1111	10	110	712	265	2	38	0	0	1176	0,0,0,0,0,0	12860	0	138	2844	18	0	2879,2840,2840,2701,2701,2701,2701	1	27	2497,0,0,0,0,0,0	53	0
176240	235	467	285	112	100	21	12	1	1147	10	116	716	160	2	27	0	0	1232	0,0,0,0,0,0	24982	0	150	2996	18	0	3026,2983,2983,2827,2827,2827,2827	1	14	2649,0,0,0,0,0,0	54	0
176147	234	477	305	116	111	20	15	1	1189	10	121	674	309	3	43	0	0	1278	0,0,0,0,0,0	24876	0	152	3149	20	0	3177,3127,3127,2951,2951,2951,2951	1	11	2803,0,0,0,0,0,0	55	0
176039	257	468	319	118	122	19	15	3	1249	10	127	672	253	3	50	0	0	1318	0,0,0,0,0,0	12993	0	171	3319	21	0	3341,3286,3286,3090,3090,3090,3090	1	16	2974,0,0,0,0,0,0	53	0
175936	251	504	345	131	113	21	12	5	1288	11	129	690	263	3	56	0	0	1377	0,0,0,0,0,0	13017	0	181	3501	21	0	3512,3450,3450,3229,3229,3229,3229	1	21	3156,0,0,0,0,0,0	56	0
175832	273	514	357	128	116	21	13	5	1344	12	131	676	256	2	50	0	0	1422	0,0,0,0,0,0	13010	0	175	3677	21	0	3682,3613,3613,3368,3368,3368,3368	1	26	3332,0,0,0,0,0,0	54	0
175700	299	530	348	127	125	24	16	5	1426	12	134	661	259	2	39	0	0	1469	0,0,0,0,0,0	13064	0	201	3878	21	0	3877,3802,3802,3533,3533,3533,3533	1	30	3533,0,0,0,0,0,0	49	0
175554	326	564	350	128	124	27	19	6	1495	13	140	661	299	4	54	0	0	1538	0,0,0,0,0,0	13068	0	217	4095	22	0	4088,4006,4006,3713,3713,3713,3713	1	23	3751,0,0,0,0,0,0	56	0
175460	316	590	347	140	130	31	15	8	1550	15	144	678	247	1	43	0	0	1569	0,0,0,0,0,0	25161	0	183	4279	22	0	4264,4174,4174,3851,3851,3851,3851	1	15	3935,0,0,0,0,0,0	67	0
175369	300	630	341	142	138	32	16	6	1603	17	152	701	315	3	61	0	0	1599	0,0,0,0,0,0	24994	0	185	4465	23	0	4448,4348,4348,3990,3990,3990,3990	1	16	4121,0,0,0,0,0,0	71	0
175197	320	665	364	163	140	32	15	8	1669	17	156	687	247	3	52	0	0	1699	0,0,0,0,0,0	13316	0	245	4711	24	0	4688,4581,4581,4198,4198,4198,4198	1	34	4367,0,0,0,0,0,0	77	0
175069	333	681	389	167	137	33	16	8	1734	18	161	647	308	3	65	0	0	1756	0,0,0,0,0,0	12962	0	223	4933	27	0	4901,4785,4785,4368,4368,4368,4368	1	16	4590,0,0,0,0,0,0	85	0
174918	369	697	412	158	158	36	17	8	1791	19	163	631	271	3	67	0	0	1847	0,0,0,0,0,0	13057	0	253	5189	27	0	5146,5020,5020,4569,4569,4569,4569	1	29	4846,0,0,0,0,0,0	83	0
174790	366	767	417	160	160	41	18	8	1834	19	166	632	327	5	69	0	0	1929	0,0,0,0,0,0	12935	0	250	5440	27	0	5386,5249,5249,4755,4755,4755,4755	2	23	5097,0,0,0,0,0,0	82	0
174630	390	805	453	167	147	38	22	8	1896	20	170	619	272	5	65	0	0	2022	0,0,0,0,0,0	13040	0	275	5717	27	0	5655,5506,5506,4970,4970,4970,4970	2	23	5374,0,0,0,0,0,0	82	0
174477	411	821	465	186	175	40	24	8	1946	20	173	620	265	2	46	0	0	2122	0,0,0,0,0,0	24929	0	274	5991	29	0	5921,5760,5760,5182,5182,5182,5182	2	19	5648,0,0,0,0,0,0	89	0
174336	401	809	499	214	191	45	26	8	2017	20	180	590	318	4	82	0	0	2185	0,0,0,0,0,0	24889	0	250	6245	29	0	6166,5994,5994,5376,5376,5376,5376	2	23	5902,0,0,0,0,0,0	99	0
174148	435	844	529	208	196	49	27	8	2098	22	182	581	258	3	106	0	0	2288	0,0,0,0,0,0	13148	0	308	6556	29	0	6469,6285,6285,5623,5623,5623,5623	2	39	6213,0,0,0,0,0,0	88	0
173973	439	891	552	211	205	51	26	10	2175	25	188	580	313	7	84	0	0	2375	0,0,0,0,0,0	13045	0	297	6856	29	0	6761,6564,6564,5857,5857,5857,5857	2	23	6513,0,0,0,0,0,0	86	0
173789	468	945	564	228	210	56	27	12	2229	25	193	588	319	5	75	0	0	2498	0,0,0,0,0,0	12978	0	333	7189	29	0	7087,6875,6875,6114,6114,6114,6114	2	36	6846,0,0,0,0,0,0	112	0
173584	489	948	612	228	227	64	26	10	2334	27	197	567	308	4	91	0	0	2594	0,0,0,0,0,0	12908	0	344	7532	31	0	7421,7196,7196,6385,6385,6385,6385	2	32	7189,0,0,0,0,0,0	112	0
173363	527	971	607	244	242	71	28	7	2458	27	201	566	291	4	96	0	0	2690	0,0,0,0,0,0	12990	0	358	7887	34	0	7770,7531,7531,6671,6671,6671,6671	2	38	7545,0,0,0,0,0,0	123	0
173230	499	996	613	248	239	74	31	7	2577	27	205	566	253	4	90	0	0	2700	0,0,0,0,0,0	24811	0	285	8170	36	0	8045,7791,7791,6877,6877,6877,6877	2	22	7828,0,0,0,0,0,0	139	0
173115	470	1021	622	257	256	76	33	7	2654	28	207	556	337	3	108	0	0	2735	0,0,0,0,0,0	25068	0	295	8465	38	0	8328,8057,8057,7078,7078,7078,7078	2	23	8123,0,0,0,0,0,0	145	0
172906	527	1045	648	276	236	78	34	7	2749	31	209	521	329	7	94	0	0	2844	0,0,0,0,0,0	13211	0	380	8845	41	0	8698,8409,8409,7369,7369,7369,7369	2	54	8504,0,0,0,0,0,0	142	0
172692	572	1058	690	285	247	82	33	8	2831	32	216	518	242	6	92	0	0	2967	0,0,0,0,0,0	12943	0	381	9226	42	0	9071,8766,8766,7663,7663,7663,7663	2	38	8885,0,0,0,0,0,0	139	0
172483	588	1086	745	274	265	77	35	7	2935	35	216	505	267	4	107	0	0	3070	0,0,0,0,0,0	28311	0	388	9612	45	0	9446,9123,9123,7956,7956,7956,7956	2	36	9271,0,0,0,0,0,0	147	0
172284	578	1144	724	308	261	76	36	6	3070	37	222	505	265	7	122	0	0	3127	0,0,0,0,0,0	28460	0	365	9977	48	0	9803,9463,9463,8234,8234,8234,8234	3	41	9637,0,0,0,0,0,0	141	0
172086	565	1181	742	315	280	78	35	4	3194	42	224	481	297	4	98	0	0	3196	0,0,0,0,0,0	28426	0	375	10354	50	0	10170,9812,9812,8517,8517,8517,8517	3	52	10015,0,0,0,0,0,0	144	0
171934	556	1164	765	307	299	87	35	4	3320	45	230	480	271	4	101	0	0	3213	0,0,0,0,0,0	42296	0	339	10693	53	0	10502,10124,10124,8759,8759,8759,8759	3	37	10354,0,0,0,0,0,0	154	0
171788	523	1179	744	327	314	89	39	4	3462	45	232	465	227	5	106	0	0	3215	0,0,0,0,0,0	42531	0	325	11017	55	0	10816,10421,10421,8990,8990,8990,8990	3	34	10678,0,0,0,0,0,0	153	0
171617	534	1184	786	331	315	86	44	4	3563	47	235	466	318	7	130	0	0	3280	0,0,0,0,0,0	28605	0	391	11409	56	0	11196,10779,10779,9266,9266,9266,9266	3	55	11070,0,0,0,0,0,0	158	0
171431	577	1140	787	325	346	86	43	4	3714	54	239	457	328	5	121	0	0	3304	0,0,0,0,0,0	28463	0	389	11799	61	0	11575,11137,11137,9548,9548,9548,9548	3	51	11461,0,0,0,0,0,0	153	0
171249	604	1173	814	326	336	96	44	5	3803	57	239	458	233	1	130	0	0	3393	0,0,0,0,0,0	28512	0	423	12219	65	0	11980,11517,11517,9841,9841,9841,9841	3	54	11881,0,0,0,0,0,0	162	0
171099	613	1212	813	335	323	97	46	5	3900	61	242	472	332	3	130	0	0	3439	0,0,0,0,0,0	28337	0	395	12615	65	0	12362,11875,11875,10108,10108,10108,10108	4	51	12277,0,0,0,0,0,0	171	0
170943	610	1238	837	350	329	98	46	6	3981	63	245	470	278	6	117	0	0	3508	0,0,0,0,0,0	28644	0	391	13005	66	0	12740,12229,12229,10375,10375,10375,10375	4	50	12667,0,0,0,0,0,0	174	0
170834	578	1193	865	360	336	93	47	6	4116	68	250	420	326	6	108	0	0	3472	0,0,0,0,0,0	42880	0	326	13332	67	0	13056,12523,12523,10588,10588,10588,10588	4	34	12995,0,0,0,0,0,0	179	0
170767	553	1140	890	362	349	103	44	8	4208	71	251	462	300	12	111	0	0	3441	0,0,0,0,0,0	42318	0	332	13661	71	0	13370,12810,12810,10779,10779,10779,10779	3	25	13325,0,0,0,0,0,0	177	0
170623	544	1197	862	348	340	112	36	11	4339	78	256	425	288	8	135	0	0	3439	0,0,0,0,0,0	28676	0	373	14031	76	0	13728,13145,13145,11030,11030,11030,11030	3	43	13695,0,0,0,0,0,0	183	0
170507	574	1168	836	361	341	111	39	12	4456	80	261	426	235	4	101	0	0	3430	0,0,0,0,0,0	28348	0	366	14396	78	0	14077,13469,13469,11261,11261,11261,11261	3	36	14060,0,0,0,0,0,0	177	0
170390	563	1180	855	362	346	107	40	13	4545	81	264	423	292	4	119	0	0	3453	0,0,0,0,0,0	28486	0	362	14759	81	0	14426,13793,13793,11494,11494,11494,11494	3	37	14423,0,0,0,0,0,0	173	0
170269	557	1184	854	356	331	103	43	15	4685	83	266	437	305	6	127	0	0	3428	0,0,0,0,0,0	28658	0	380	15141	81	0	14791,14133,14133,11736,11736,11736,11736	3	47	14805,0,0,0,0,0,0	171	0
170216	569	1164	859	347	325	100	46	14	4753	86	267	412	308	4	109	0	0	3410	0,0,0,0,0,0	28667	0	354	15496	84	0	15127,14438,14438,11930,11930,11930,11930	3	47	15160,0,0,0,0,0,0	167	0
170134	560	1152	869	329	329	93	51	12	4860	87	270	400	252	1	112	0	0	3383	0,0,0,0,0,0	42645	0	346	15840	88	0	15455,14740,14740,12134,12134,12134,12134	3	27	15504,0,0,0,0,0,0	164	0
170103	523	1121	868	331	329	92	55	12	4949	89	274	416	322	4	108	0	0	3319	0,0,0,0,0,0	42402	0	306	16145	91	0	15745,15002,15002,12295,12295,12295,12295	3	27	15809,0,0,0,0,0,0	171	0
170031	542	1113	821	324	337	94	54	14	5049	89	278	408	213	3	132	0	0	3285	0,0,0,0,0,0	28572	0	349	16491	96	0	16075,15304,15304,12494,12494,12494,12494	3	37	16155,0,0,0,0,0,0	165	0
169977	556	1120	816	335	336	102	55	13	5063	91	282	416	239	6	146	0	0	3320	0,0,0,0,0,0	28342	0	370	16862	97	0	16427,15624,15624,12695,12695,12695,12695	3	35	16527,0,0,0,0,0,0	175	0
169941	563	1150	810	334	324	99	55	10	5077	95	288	393	308	9	130	0	0	3335	0,0,0,0,0,0	28537	0	373	17232	100	0	16778,15941,15941,12888,12888,12888,12888	3	43	16898,0,0,0,0,0,0	178	0
169891	565	1132	784	336	317	99	57	8	5169	98	290	409	261	3	122	0	0	3290	0,0,0,0,0,0	28314	0	350	17580	102	0	17107,16240,16240,13075,13075,13075,13075	3	47	17246,0,0,0,0,0,0	177	0
169850	580	1127	789	341	300	95	57	10	5207	99	291	410	265	6	110	0	0	3289	0,0,0,0,0,0	28381	0	372	17953	106	0	17457,16556,16556,13269,13269,13269,13269	3	37	17619,0,0,0,0,0,0	180	0
169879	549	1146	789	338	302	91	53	14	5189	103	293	418	271	9	103	0	0	3268	0,0,0,0,0,0	42207	0	311	18260	111	0	17741,16807,16807,13396,13396,13396,13396	3	26	17926,0,0,0,0,0,0	175	0
169910	541	1120	778	337	303	91	56	15	5196	104	295	420	280	9	111	0	0	3226	0,0,0,0,0,0	41885	0	302	18564	115	0	18024,17056,17056,13520,13520,13520,13520	3	31	18232,0,0,0,0,0,0	172	0
169848	562	1158	786	344	294	92	57	14	5188	106	297	400	268	10	119	0	0	3293	0,0,0,0,0,0	28467	0	382	18944	118	0	18383,17383,17383,13728,13728,13728,13728	3	33	18612,0,0,0,0,0,0	179	0
169878	526	1176	785	349	277	88	57	12	5192	108	298	406	262	5	119	0	0	3258	0,0,0,0,0,0	28467	0	326	19265	124	0	18678,17643,17643,13858,13858,13858,13858	3	34	18933,0,0,0,0,0,0	167	0
169835	542	1149	795	336	290	86	57	14	5230	111	301	406	341	4	100	0	0	3255	0,0,0,0,0,0	28497	0	343	19604	128	0	18997,17932,17932,14036,14036,14036,14036	3	52	19272,0,0,0,0,0,0	160	0
169815	543	1104	835	345	319	82	57	14	5216	114	302	422	240	2	125	0	0	3285	0,0,0,0,0,0	28521	0	353	19954	132	0	19324,18226,18226,14206,14206,14206,14206	3	42	19623,0,0,0,0,0,0	162	0
169770	566	1101	831	337	306	82	51	17	5256	121	308	402	258	1	104	0	0	3274	0,0,0,0,0,0	28506	0	385	20335	138	0	19686,18554,18554,14406,14406,14406,14406	3	42	20004,0,0,0,0,0,0	154	0
169786	545	1113	814	338	302	86	50	16	5262	126	308	422	289	3	113	0	0	3248	0,0,0,0,0,0	42106	0	319	20651	141	0	19978,18813,18813,14541,14541,14541,14541	3	33	20320,0,0,0,0,0,0	163	0
169845	465	1130	787	336	311	90	48	18	5277	128	311	416	254	7	115	0	0	3167	0,0,0,0,0,0	42351	0	268	20917	144	0	20222,19024,19024,14631,14631,14631,14631	3	21	20586,0,0,0,0,0,0	165	0
169865	454	1097	787	335	319	96	46	15	5282	134	316	399	307	4	121	0	0	3134	0,0,0,0,0,0	28293	0	318	21231	149	0	20514,19282,19282,14763,14763,14763,14763	3	30	20900,0,0,0,0,0,0	158	0
169893	470	1079	791	339	291	94	45	15	5272	137	320	387	247	4	114	0	0	3109	0,0,0,0,0,0	28328	0	331	21564	150	0	20822,19554,19554,14899,14899,14899,14899	3	37	21233,0,0,0,0,0,0	161	0
169905	489	1058	741	316	294	97	47	16	5318	140	325	374	302	4	111	0	0	3042	0,0,0,0,0,0	28463	0	315	21871	158	0	21109,19809,19809,15031,15031,15031,15031	3	33	21540,0,0,0,0,0,0	159	0
169904	493	1018	776	319	306	100	50	12	5298	141	329	402	245	2	117	0	0	3062	0,0,0,0,0,0	28543	0	323	22190	165	0	21407,20074,20074,15175,15175,15175,15175	3	34	21860,0,0,0,0,0,0	174	0
169947	523	1005	764	316	291	95	52	12	5266	144	331	400	253	4	113	0	0	3046	0,0,0,0,0,0	28408	0	326	22518	166	0	21708,20338,20338,15299,15299,15299,15299	3	30	22188,0,0,0,0,0,0	165	0
169966	507	1041	724	305	264	94	46	15	5303	148	333	401	277	6	85	0	0	2981	0,0,0,0,0,0	42510	0	303	22822	167	0	21990,20587,20587,15426,15426,15426,15426	3	35	22492,0,0,0,0,0,0	166	0
170064	458	1014	756	288	262	99	50	16	5253	151	335	360	302	4	102	0	0	2927	0,0,0,0,0,0	42491	0	257	23076	172	0	22219,20781,20781,15488,15488,15488,15488	2	15	22746,0,0,0,0,0,0	163	0
170095	448	991	769	286	260	96	53	17	5241	154	336	361	299	2	98	0	0	2903	0,0,0,0,0,0	28323	0	300	23371	179	0	22491,21020,21020,15602,15602,15602,15602	2	38	23043,0,0,0,0,0,0	173	0
170132	470	982	756	268	243	95	51	15	5240	157	337	376	242	7	98	0	0	2865	0,0,0,0,0,0	28449	0	318	23686	183	0	22778,21272,21272,15721,15721,15721,15721	2	38	23358,0,0,0,0,0,0	170	0
170189	484	943	759	264	232	95	52	17	5212	159	340	379	253	5	91	0	0	2829	0,0,0,0,0,0	28406	0	286	23970	186	0	23037,21497,21497,15816,15816,15816,15816	2	37	23642,0,0,0,0,0,0	169	0
170280	448	930	732	257	240	90	49	16	5199	163	342	385	258	3	85	0	0	2746	0,0,0,0,0,0	42367	0	243	24204	195	0	23248,21674,21674,15868,15868,15868,15868	2	19	23877,0,0,0,0,0,0	171	0
170369	395	904	733	259	255	89	46	16	5172	165	343	392	231	4	88	0	0	2681	0,0,0,0,0,0	42300	0	235	24438	197	0	23456,21851,21851,15921,15921,15921,15921	2	20	24111,0,0,0,0,0,0	166	0
170474	385	843	725	254	256	92	47	14	5141	170	345	391	261	5	82	0	0	2602	0,0,0,0,0,0	41938	0	245	24682	198	0	23674,22034,22034,15972,15972,15972,15972	2	18	24355,0,0,0,0,0,0	157	0
170564	391	837	710	248	240	95	43	15	5081	174	348	404	249	2	103	0	0	2564	0,0,0,0,0,0	42225	31	248	24930	201	0	23899,22224,22224,16034,16034,16034,16034	2	18	24603,0,0,0,0,0,0	161	27
170627	387	854	686	243	243	98	42	15	5025	176	350	400	267	4	90	0	0	2553	0,0,0,0,0,0	28347	34	278	25203	206	0	24148,22439,22439,16120,16120,16120,16120	2	37	24878,0,0,0,0,0,0	159	56
170789	379	828	653	248	254	92	38	17	4916	178	354	416	265	3	91	0	0	2492	0,0,0,0,0,0	28516	26	232	25435	207	0	24351,22602,22602,16133,16133,16133,16133	2	22	25110,0,0,0,0,0,0	160	80
170838	402	806	652	247	226	87	42	15	4894	180	357	421	329	4	98	0	0	2462	0,0,0,0,0,0	28457	29	261	25693	211	0	24586,22806,22806,16217,16217,16217,16217	2	24	25368,0,0,0,0,0,0	148	99
170925	381	796	629	236	235	82	36	12	4867	186	361	416	259	4	81	0	0	2395	0,0,0,0,0,0	28319	35	237	25930	213	0	24799,22987,22987,16271,16271,16271,16271	2	24	25605,0,0,0,0,0,0	146	121
171005	378	809	629	241	222	79	34	11	4784	191	363	407	278	1	79	0	0	2392	0,0,0,0,0,0	28583	17	253	26181	218	0	25022,23177,23177,16334,16334,16334,16334	2	28	25856,0,0,0,0,0,0	139	134
171121	391	773	603	250	218	75	37	9	4711	194	364	404	266	6	83	0	0	2347	0,0,0,0,0,0	35802	32	230	26404	227	0	25218,23338,23338,16367,16367,16367,16367	2	21	26079,0,0,0,0,0,0	135	160
171245	349	768	607	240	222	81	34	9	4627	198	366	414	238	3	79	0	0	2301	0,0,0,0,0,0	35367	147	206	26606	232	0	25405,23493,23493,16392,16392,16392,16392	2	11	26281,0,0,0,0,0,0	141	284
171306	365	750	576	240	220	80	31	9	4599	202	368	397	139	0	94	0	0	2262	0,0,0,0,0,0	23533	140	256	26858	237	0	25643,23700,23700,16471,16471,16471,16471	2	39	26534,0,0,0,0,0,0	141	398
171371	373	733	584	241	205	84	27	9	4543	207	369	408	257	3	82	0	0	2247	0,0,0,0,0,0	23297	128	235	27088	243	0	25855,23881,23881,16534,16534,16534,16534	2	22	26764,0,0,0,0,0,0	142	500
171438	354	769	564	233	208	84	30	8	4481	208	369	414	259	6	80	0	0	2242	0,0,0,0,0,0	23391	134	244	27327	248	0	26074,24070,24070,16600,16600,16600,16600	2	33	27004,0,0,0,0,0,0	142	602
171549	351	747	551	237	218	83	28	8	4390	211	373	430	309	8	85	0	0	2215	0,0,0,0,0,0	23044	148	224	27549	251	0	26278,24240,24240,16636,16636,16636,16636	2	34	27226,0,0,0,0,0,0	145	716
171613	356	743	537	228	220	85	29	9	4339	212	375	447	304	4	100	0	0	2198	0,0,0,0,0,0	23376	161	233	27780	253	0	26488,24421,24421,16698,16698,16698,16698	2	29	27457,0,0,0,0,0,0	145	841
171685	351	713	528	220	235	83	34	8	4299	212	378	438	314	5	77	0	0	2164	0,0,0,0,0,0	35776	144	192	27970	257	0	26666,24572,24572,16742,16742,16742,16742	2	21	27647,0,0,0,0,0,0	160	949
171786	330	693	527	224	231	79	39	9	4236	213	379	436	255	2	83	0	0	2123	0,0,0,0,0,0	35336	141	188	28156	261	0	26873,24750,24750,16786,16786,16786,16786	2	16	27833,0,0,0,0,0,0	153	1060
171845	340	673	555	226	222	74	36	9	4168	217	381	434	360	3	67	0	0	2126	0,0,0,0,0,0	23270	176	218	28376	262	0	27113,24962,24962,16864,16864,16864,16864	2	23	28053,0,0,0,0,0,0	145	1193
171916	351	678	525	216	213	66	35	8	4134	217	387	427	238	3	74	0	0	2084	0,0,0,0,0,0	23481	160	208	28583	265	0	27335,25156,25156,16928,16928,16928,16928	2	17	28260,0,0,0,0,0,0	136	1318
171985	343	682	536	208	186	67	40	7	4081	220	391	435	217	0	77	0	0	2062	0,0,0,0,0,0	23231	147	213	28790	271	0	27556,25349,25349,16992,16992,16992,16992	2	23	28467,0,0,0,0,0,0	126	1428
172081	317	683	536	201	178	62	40	7	4024	222	395	435	251	3	65	0	0	2017	0,0,0,0,0,0	23126	158	197	28986	275	0	27771,25534,25534,17039,17039,17039,17039	2	23	28663,0,0,0,0,0,0	121	1537
172165	312	681	502	207	190	52	39	8	3969	223	398	428	259	4	66	0	0	1983	0,0,0,0,0,0	23217	116	208	29195	276	0	28003,25737,25737,17101,17101,17101,17101	2	17	28872,0,0,0,0,0,0	113	1626
172267	301	630	508	225	191	54	36	7	3901	228	398	435	304	5	70	0	0	1945	0,0,0,0,0,0	35585	135	171	29366	279	0	28190,25896,25896,17132,17132,17132,17132	1	15	29044,0,0,0,0,0,0	116	1725
172364	286	617	497	204	183	55	37	6	3866	229	402	451	243	1	76	0	0	1879	0,0,0,0,0,0	35443	61	165	29531	280	0	28372,26052,26052,17164,17164,17164,17164	1	18	29209,0,0,0,0,0,0	121	1770
172445	315	587	489	193	186	56	31	7	3798	234	405	439	231	1	63	0	0	1857	0,0,0,0,0,0	23413	64	199	29727	285	0	28592,26244,26244,17220,17220,17220,17220	1	18	29405,0,0,0,0,0,0	104	1811
172536	301	604	459	179	168	56	35	6	3759	235	408	448	84	1	60	0	0	1802	0,0,0,0,0,0	23361	69	179	29902	289	0	28788,26413,26413,17258,17258,17258,17258	1	22	29581,0,0,0,0,0,0	96	1861
172623	280	630	439	170	171	58	38	5	3686	236	410	435	242	3	67	0	0	1786	0,0,0,0,0,0	23540	74	169	30068	292	0	28971,26571,26571,17291,17291,17291,17291	1	22	29747,0,0,0,0,0,0	107	1916
172708	281	590	447	171	161	52	39	5	3644	236	412	436	263	2	60	0	0	1741	0,0,0,0,0,0	23357	69	155	30222	294	0	29144,26719,26719,17320,17320,17320,17320	1	14	29901,0,0,0,0,0,0	108	1969
172799	262	568	436	186	164	53	36	5	3577	241	419	451	244	4	57	0	0	1705	0,0,0,0,0,0	23202	76	175	30393	298	0	29326,26875,26875,17351,17351,17351,17351	1	16	30073,0,0,0,0,0,0	100	2022
172913	255	547	436	175	158	56	33	5	3498	245	425	435	253	2	69	0	0	1660	0,0,0,0,0,0	35565	57	149	30538	302	0	29487,27009,27009,17361,17361,17361,17361	1	15	30219,0,0,0,0,0,0	106	2058
173004	250	545	431	162	157	52	37	6	3426	248	428	451	259	2	62	0	0	1634	0,0,0,0,0,0	35684	212	153	30687	307	0	29640,27138,27138,17379,17379,17379,17379	1	13	30369,0,0,0,0,0,0	99	2236
173056	238	542	417	163	154	54	36	5	3402	249	430	443	252	1	62	0	0	1604	0,0,0,0,0,0	23194	186	169	30852	311	0	29808,27284,27284,17420,17420,17420,17420	1	18	30535,0,0,0,0,0,0	104	2374
173076	270	537	399	167	156	49	31	7	3366	253	435	456	239	1	60	0	0	1609	1,0,0,0,0,0	23112	200	174	31050	313	0	30011,27465,27465,17495,17495,17495,17495	1	8	30707,26,0,0,0,0,0	97	2514
173104	285	581	373	154	146	46	32	9	3325	254	437	461	254	2	59	0	0	1617	4,0,0,0,0,0	23271	181	162	31249	316	0	30213,27645,27645,17567,17567,17567,17567	1	18	30857,75,0,0,0,0,0	94	2648
173109	311	582	416	158	149	46	33	9	3238	255	440	483	254	1	58	0	0	1695	7,0,0,0,0,0	23370	206	189	31475	320	0	30441,27851,27851,17663,17663,17663,17663	1	18	31025,134,0,0,0,0,0	98	2807
173121	353	574	420	163	150	44	29	12	3181	258	441	487	241	4	61	0	0	1733	11,0,0,0,0,0	23211	208	187	31694	327	0	30659,28045,28045,17750,17750,17750,17750	1	13	31178,202,0,0,0,0,0	93	2959
173111	351	609	411	171	152	43	30	9	3152	261	446	476	273	3	55	0	0	1767	14,0,0,0,0,0	35665	198	174	31901	331	0	30868,28235,28235,17845,17845,17845,17845	1	11	31314,275,0,0,0,0,0	101	3108
173141	343	649	414	183	159	37	29	8	3075	262	446	451	289	1	63	0	0	1814	18,0,0,0,0,0	35284	182	185	32113	341	0	31160,28504,28504,17964,17964,17964,17964	1	10	31452,355,0,0,0,0,0	89	3244
173122	345	676	433	180	154	33	29	10	3050	263	451	475	273	7	58	0	0	1850	20,0,0,0,0,0	23356	166	220	32324	351	0	31440,28767,28766,18097,18097,18097,18097	1	24	31592,431,0,0,0,0,0	83	3359
