S	E	I1	I2	I3	I4	I5_h	I6_h	R_h	R	D1	D2	H	T	P1	P2	Q	QT	NQ	MUT	HOM	VAC	NI	INF	REINF	BSTR	IMM	HCI	HCE	INFV	INFH	VNI
178151	101	114	53	40	39	5	4	0	236	3	0	179	0	0	0	0	0	356	0,0,0,0,0,0	178743	0	0	356	0	0	595,595,595,595,595,595,595	0	0	0,0,0,0,0,0,0	0	0
178106	84	162	62	39	36	5	5	0	244	3	0	304	313	0	75	0	0	393	0,0,0,0,0,0	12495	0	58	414	0	0	640,640,640,640,640,640,640	0	8	58,0,0,0,0,0,0	12	0
178061	89	181	72	42	37	5	6	0	249	3	1	414	99	2	10	0	0	432	0,0,0,0,0,0	12477	0	63	477	0	0	687,687,687,687,687,687,687	0	5	121,0,0,0,0,0,0	15	0
178001	100	181	84	47	44	8	7	0	267	3	4	470	139	0	14	0	0	471	0,0,0,0,0,0	12702	0	69	547	0	0	748,748,748,748,748,748,748	0	6	191,0,0,0,0,0,0	15	0
177943	98	196	96	46	47	8	7	0	295	3	7	515	254	0	15	0	0	498	0,0,0,0,0,0	24491	0	66	615	0	0	807,807,807,807,807,807,807	0	2	259,0,0,0,0,0,0	21	0
177895	91	214	104	40	50	8	6	1	326	3	8	596	244	1	19	0	0	513	0,0,0,0,0,0	24879	0	63	680	0	0	860,860,860,860,860,860,860	0	1	324,0,0,0,0,0,0	19	0
177830	109	216	113	54	51	8	6	1	341	4	13	625	253	1	21	0	0	557	0,0,0,0,0,0	12825	0	85	766	0	0	933,933,933,931,931,931,931	0	7	410,0,0,0,0,0,0	18	0
177761	108	237	109	55	57	12	7	2	379	4	15	627	82	0	19	0	0	585	0,0,0,0,0,0	12991	0	82	847	1	0	1008,1007,1007,1004,1004,1004,1004	0	8	492,0,0,0,0,0,0	17	0
177704	116	243	124	52	61	14	8	2	400	5	17	661	76	0	24	0	0	618	0,0,0,0,0,0	12755	0	83	930	1	0	1076,1074,1074,1070,1070,1070,1070	0	9	575,0,0,0,0,0,0	23	0
177624	129	243	137	58	55	15	9	2	443	5	26	686	270	0	31	0	0	646	0,0,0,0,0,0	12861	0	92	1022	1	0	1162,1161,1161,1155,1155,1155,1155	0	14	667,0,0,0,0,0,0	31	0
177550	142	239	139	67	61	15	10	2	486	5	30	713	88	2	19	0	0	673	0,0,0,0,0,0	13010	0	91	1114	1	0	1246,1244,1244,1237,1237,1237,1237	0	13	759,0,0,0,0,0,0	34	0
177486	143	254	139	71	61	13	10	0	528	5	36	692	335	2	22	0	0	691	0,0,0,0,0,0	25046	0	82	1197	1	0	1320,1317,1317,1309,1309,1309,1309	0	9	842,0,0,0,0,0,0	37	0
177433	144	240	157	71	66	13	9	1	567	6	39	717	294	0	21	0	0	700	0,0,0,0,0,0	24787	0	78	1273	3	0	1389,1385,1385,1372,1372,1372,1372	0	7	920,0,0,0,0,0,0	30	0
177368	145	250	159	73	68	15	10	1	606	6	45	697	277	2	36	0	0	720	0,0,0,0,0,0	13036	0	89	1361	4	0	1466,1461,1461,1445,1445,1445,1445	0	7	1009,0,0,0,0,0,0	35	0
177285	157	281	149	72	80	17	10	1	636	7	51	695	84	0	32	0	0	766	0,0,0,0,0,0	12969	0	115	1476	4	0	1572,1565,1565,1543,1543,1543,1543	0	16	1124,0,0,0,0,0,0	37	0
177208	154	300	155	74	77	21	9	1	679	9	59	723	282	0	27	0	0	790	0,0,0,0,0,0	13128	0	101	1577	4	0	1670,1662,1662,1633,1633,1633,1633	0	9	1225,0,0,0,0,0,0	37	0
177120	154	328	164	71	81	24	10	1	720	9	64	712	254	2	21	0	0	832	0,0,0,0,0,0	13036	0	120	1696	5	0	1778,1768,1768,1734,1734,1734,1734	0	7	1345,0,0,0,0,0,0	38	0
177039	163	333	197	72	76	27	9	1	749	10	70	709	256	0	33	0	0	877	0,0,0,0,0,0	12983	0	121	1819	5	0	1886,1875,1875,1833,1833,1833,1833	0	14	1468,0,0,0,0,0,0	43	0
176965	153	353	216	75	84	26	10	2	775	10	77	695	321	3	33	0	0	917	0,0,0,0,0,0	25171	0	105	1924	6	0	1986,1972,1972,1922,1922,1922,1922	0	4	1573,0,0,0,0,0,0	49	0
176876	166	357	226	77	87	23	12	2	829	10	81	695	257	3	28	0	0	948	0,0,0,0,0,0	24696	0	128	2052	8	0	2102,2086,2086,2029,2029,2029,2029	0	6	1703,0,0,0,0,0,0	49	0
176773	202	353	237	83	96	23	13	2	865	11	88	696	245	1	34	0	0	1007	0,0,0,0,0,0	12882	0	143	2196	8	0	2238,2219,2219,2152,2152,2152,2152	0	18	1847,0,0,0,0,0,0	47	0
176706	207	363	228	91	93	25	13	2	914	13	91	726	259	3	52	0	0	1020	0,0,0,0,0,0	13074	0	115	2311	8	0	2345,2322,2322,2241,2241,2241,2241	0	8	1962,0,0,0,0,0,0	54	0
176627	223	381	219	97	95	29	14	2	949	15	95	737	323	0	40	0	0	1058	0,0,0,0,0,0	13007	0	134	2446	8	0	2474,2446,2446,2348,2348,2348,2348	0	14	2097,0,0,0,0,0,0	59	0
176550	225	398	225	95	99	36	15	1	986	16	100	716	254	4	37	0	0	1093	0,0,0,0,0,0	12909	0	129	2577	8	0	2600,2567,2567,2452,2452,2452,2452	1	18	2228,0,0,0,0,0,0	71	0
176434	228	432	232	102	113	33	16	1	1035	16	104	712	250	4	42	0	0	1156	0,0,0,0,0,0	12995	0	165	2742	8	0	2760,2723,2723,2591,2591,2591,2591	1	26	2393,0,0,0,0,0,0	75	0
176357	238	419	251	112	126	33	17	2	1069	16	106	703	245	0	38	0	0	1196	0,0,0,0,0,0	25054	0	138	2881	9	0	2889,2847,2847,2698,2698,2698,2698	1	12	2532,0,0,0,0,0,0	82	0
176270	235	451	269	110	123	32	17	2	1110	17	110	689	155	2	56	0	0	1237	0,0,0,0,0,0	25003	0	156	3038	9	0	3034,2986,2986,2816,2816,2816,2816	1	11	2689,0,0,0,0,0,0	77	0
176140	268	482	277	115	122	35	14	4	1159	18	112	671	252	1	45	0	0	1313	0,0,0,0,0,0	13037	0	195	3233	9	0	3222,3168,3168,2977,2977,2977,2977	1	20	2884,0,0,0,0,0,0	77	0
176036	291	494	317	120	122	33	17	3	1180	18	115	659	106	4	41	0	0	1394	0,0,0,0,0,0	12980	0	181	3413	10	0	3392,3332,3332,3116,3116,3116,3116	1	24	3064,0,0,0,0,0,0	73	0
175906	313	527	326	107	133	33	17	4	1242	18	120	660	280	2	39	0	0	1456	0,0,0,0,0,0	12888	0	203	3617	11	0	3588,3521,3521,3283,3283,3283,3283	1	18	3268,0,0,0,0,0,0	75	0
175766	333	555	316	123	144	35	15	3	1311	19	126	672	260	2	46	0	0	1521	0,0,0,0,0,0	13035	0	207	3826	11	0	3794,3720,3720,3457,3457,3457,3457	1	28	3477,0,0,0,0,0,0	80	0
175605	320	615	327	135	137	34	15	4	1406	20	128	667	231	1	69	0	0	1583	0,0,0,0,0,0	13144	0	219	4047	12	0	4008,3929,3929,3646,3646,3646,3646	1	35	3698,0,0,0,0,0,0	78	0
175498	298	629	346	158	144	37	14	4	1461	22	135	629	242	2	45	0	0	1626	0,0,0,0,0,0	24734	0	182	4231	13	0	4189,4102,4102,3792,3792,3792,3792	1	11	3883,0,0,0,0,0,0	83	0
175399	305	626	362	158	160	39	17	5	1516	22	137	592	90	1	68	0	0	1667	0,0,0,0,0,0	24907	0	195	4427	14	0	4379,4283,4283,3938,3938,3938,3938	1	14	4079,0,0,0,0,0,0	100	0
175228	339	661	375	161	153	40	22	5	1601	22	139	609	254	1	59	0	0	1751	0,0,0,0,0,0	13115	0	263	4690	14	0	4636,4531,4531,4154,4154,4154,4154	1	29	4342,0,0,0,0,0,0	96	0
175052	381	690	382	172	173	41	21	7	1658	22	147	609	241	2	60	0	0	1860	0,0,0,0,0,0	12921	0	263	4948	19	0	4889,4776,4776,4370,4370,4370,4370	2	43	4600,0,0,0,0,0,0	97	0
174878	403	716	413	171	170	46	20	8	1744	24	153	598	239	4	74	0	0	1939	0,0,0,0,0,0	12974	0	254	5200	22	0	5140,5019,5019,4584,4584,4584,4584	2	26	4852,0,0,0,0,0,0	101	0
174725	423	712	442	181	179	43	20	8	1830	25	158	578	251	8	87	0	0	2000	0,0,0,0,0,0	13005	0	241	5442	22	0	5377,5247,5247,4781,4781,4781,4781	2	26	5094,0,0,0,0,0,0	107	0
174535	426	803	457	182	170	42	22	8	1913	26	162	580	258	3	67	0	0	2102	0,0,0,0,0,0	12901	0	299	5740	23	0	5668,5527,5527,5023,5023,5023,5023	2	38	5393,0,0,0,0,0,0	109	0
174350	444	820	500	202	167	46	22	8	1995	28	164	582	234	2	53	0	0	2201	0,0,0,0,0,0	24796	0	285	6024	25	0	5943,5793,5793,5255,5255,5255,5255	2	23	5677,0,0,0,0,0,0	120	0
174182	448	842	519	211	177	41	26	8	2096	28	168	559	273	6	58	0	0	2264	0,0,0,0,0,0	24733	0	280	6305	25	0	6215,6054,6054,5477,5477,5477,5477	2	18	5958,0,0,0,0,0,0	119	0
173987	462	897	524	219	196	40	27	8	2188	28	170	575	253	5	83	0	0	2365	0,0,0,0,0,0	12972	0	320	6624	27	0	6525,6352,6352,5731,5731,5731,5731	2	38	6278,0,0,0,0,0,0	115	0
173800	467	937	576	236	217	44	24	8	2235	30	172	573	260	8	106	0	0	2501	0,0,0,0,0,0	13076	0	320	6944	31	0	6834,6648,6648,5980,5980,5980,5980	2	37	6599,0,0,0,0,0,0	102	0
173560	492	988	615	239	236	47	24	5	2335	32	173	547	253	1	88	0	0	2641	0,0,0,0,0,0	12904	0	374	7318	33	0	7197,6999,6999,6283,6283,6283,6283	2	39	6973,0,0,0,0,0,0	108	0
173367	516	997	678	258	252	46	21	5	2395	35	176	549	264	6	95	0	0	2768	0,0,0,0,0,0	12996	0	372	7688	36	0	7556,7340,7340,6562,6562,6562,6562	2	40	7343,0,0,0,0,0,0	113	0
173142	554	1025	711	258	251	52	27	2	2508	35	181	540	256	2	98	0	0	2878	0,0,0,0,0,0	12895	0	369	8057	36	0	7919,7689,7689,6857,6857,6857,6857	3	50	7712,0,0,0,0,0,0	118	0
172994	528	1002	707	277	265	55	26	3	2666	38	185	509	238	3	86	0	0	2860	0,0,0,0,0,0	24853	0	285	8345	37	0	8200,7955,7955,7073,7073,7073,7073	3	24	8000,0,0,0,0,0,0	118	0
172824	528	1022	716	299	270	58	26	3	2773	40	187	533	267	12	95	0	0	2919	0,0,0,0,0,0	24737	0	331	8676	37	0	8522,8261,8261,7321,7321,7321,7321	3	21	8331,0,0,0,0,0,0	122	0
172596	571	1110	680	277	256	56	28	4	2936	41	191	553	310	8	136	0	0	2978	0,0,0,0,0,0	13248	0	387	9067	37	0	8905,8628,8628,7628,7628,7628,7628	3	52	8722,0,0,0,0,0,0	126	0
172325	615	1151	697	296	276	58	28	4	3058	42	196	521	270	3	99	0	0	3121	0,0,0,0,0,0	13064	0	413	9480	39	0	9311,9019,9019,7965,7965,7965,7965	3	34	9136,0,0,0,0,0,0	129	0
172162	599	1157	706	329	298	60	31	2	3162	43	197	523	248	5	92	0	0	3180	0,0,0,0,0,0	28369	0	355	9835	42	0	9654,9343,9343,8220,8220,8220,8220	3	36	9491,0,0,0,0,0,0	125	0
171942	576	1192	742	336	312	70	33	2	3298	44	199	507	242	4	121	0	0	3261	0,0,0,0,0,0	28689	0	388	10222	44	0	10031,9703,9703,8519,8519,8519,8519	3	47	9878,0,0,0,0,0,0	133	0
171781	597	1204	736	358	317	78	32	4	3392	46	201	495	309	3	110	0	0	3322	0,0,0,0,0,0	28401	0	386	10608	46	0	10404,10054,10054,8787,8787,8787,8787	3	44	10264,0,0,0,0,0,0	138	0
171662	585	1151	783	337	322	85	36	4	3530	48	203	491	243	7	115	0	0	3299	0,0,0,0,0,0	42296	0	314	10920	48	0	10705,10335,10335,8998,8998,8998,8998	3	17	10576,0,0,0,0,0,0	140	0
171530	552	1109	836	332	317	94	41	4	3673	49	209	457	306	5	118	0	0	3281	0,0,0,0,0,0	42330	0	320	11244	49	0	11020,10631,10631,9223,9223,9223,9223	3	32	10900,0,0,0,0,0,0	172	0
171364	546	1145	833	344	332	92	43	3	3782	52	210	452	277	4	128	0	0	3335	0,0,0,0,0,0	28735	0	385	11632	51	0	11395,10983,10983,9494,9494,9494,9494	3	46	11288,0,0,0,0,0,0	174	0
171232	559	1133	849	359	328	90	40	5	3883	54	214	455	308	4	110	0	0	3358	0,0,0,0,0,0	28418	0	359	11990	55	0	11739,11305,11305,9732,9732,9732,9732	3	34	11648,0,0,0,0,0,0	159	0
171117	570	1100	827	357	328	90	36	5	4042	58	216	461	246	8	107	0	0	3308	0,0,0,0,0,0	28491	0	343	12334	58	0	12069,11612,11612,9955,9955,9955,9955	3	37	11992,0,0,0,0,0,0	154	0
170998	556	1140	818	343	319	91	35	6	4164	59	217	461	253	8	127	0	0	3302	0,0,0,0,0,0	28518	0	344	12673	63	0	12394,11915,11915,10177,10177,10177,10177	3	37	12331,0,0,0,0,0,0	156	0
170881	583	1104	825	332	332	90	33	10	4276	62	218	466	254	6	104	0	0	3299	0,0,0,0,0,0	28699	0	359	13031	65	0	12738,12234,12234,10407,10407,10407,10407	3	52	12690,0,0,0,0,0,0	142	0
170807	578	1074	828	307	355	91	32	11	4377	63	223	450	269	4	116	0	0	3265	0,0,0,0,0,0	42531	0	331	13361	68	0	13055,12525,12525,10604,10604,10604,10604	3	28	13020,0,0,0,0,0,0	158	0
170785	523	1076	833	279	349	88	37	9	4480	63	224	473	264	4	100	0	0	3185	0,0,0,0,0,0	42138	0	283	13643	71	0	13320,12764,12764,10748,10748,10748,10748	3	17	13302,0,0,0,0,0,0	153	0
170688	545	1143	817	281	318	88	41	11	4524	63	227	460	255	3	111	0	0	3233	0,0,0,0,0,0	28544	0	396	14039	72	0	13700,13114,13114,10987,10987,10987,10987	3	52	13699,0,0,0,0,0,0	158	0
170614	543	1136	827	288	319	91	44	10	4580	65	229	437	267	7	96	0	0	3248	0,0,0,0,0,0	28432	0	349	14387	74	0	14029,13416,13416,11187,11187,11187,11187	3	47	14047,0,0,0,0,0,0	168	0
170484	567	1165	837	290	328	98	42	10	4621	68	236	443	246	6	108	0	0	3327	0,0,0,0,0,0	28600	0	412	14798	77	0	14427,13785,13785,11451,11451,11451,11451	3	40	14458,0,0,0,0,0,0	178	0
170434	581	1168	833	295	327	105	39	11	4641	73	239	430	350	6	117	0	0	3348	0,0,0,0,0,0	28451	0	362	15157	81	0	14768,14095,14095,11646,11646,11646,11646	3	34	14817,0,0,0,0,0,0	182	0
170355	601	1185	821	300	341	101	42	12	4669	73	246	430	325	3	122	0	0	3391	0,0,0,0,0,0	28317	0	391	15541	88	0	15137,14432,14432,11870,11870,11870,11870	3	37	15201,0,0,0,0,0,0	181	0
170335	557	1152	834	315	334	99	41	13	4742	76	248	407	263	8	105	0	0	3332	0,0,0,0,0,0	42264	0	289	15831	88	0	15411,14679,14679,12016,12016,12016,12016	3	26	15491,0,0,0,0,0,0	185	0
170284	515	1165	846	317	335	101	41	14	4800	78	250	381	353	6	108	0	0	3320	0,0,0,0,0,0	42478	0	321	16152	90	0	15715,14956,14956,12193,12193,12193,12193	3	28	15812,0,0,0,0,0,0	182	0
170231	514	1160	835	325	346	100	39	15	4844	84	253	381	228	7	114	0	0	3319	0,0,0,0,0,0	28434	0	353	16505	95	0	16050,15260,15260,12386,12386,12386,12386	3	35	16166,0,0,0,0,0,0	168	0
170253	513	1133	832	326	337	96	38	16	4862	86	254	406	240	4	118	0	0	3275	0,0,0,0,0,0	28417	0	320	16823	99	0	16343,15520,15520,12520,12520,12520,12520	3	39	16484,0,0,0,0,0,0	167	0
170212	534	1125	821	316	338	100	41	14	4900	88	257	404	264	5	102	0	0	3275	0,0,0,0,0,0	28428	0	363	17182	104	0	16682,15827,15827,12708,12708,12708,12708	3	42	16843,0,0,0,0,0,0	165	0
170178	549	1067	874	319	339	93	40	13	4923	92	259	412	251	2	123	0	0	3281	0,0,0,0,0,0	28766	0	357	17538	107	0	17018,16130,16130,12892,12892,12892,12892	3	27	17199,0,0,0,0,0,0	156	0
170128	554	1075	849	320	338	84	40	13	4992	93	260	403	258	3	124	0	0	3260	0,0,0,0,0,0	28487	0	349	17883	111	0	17342,16425,16425,13077,13077,13077,13077	3	40	17544,0,0,0,0,0,0	162	0
170121	541	1037	857	334	330	84	39	15	5028	97	263	404	278	5	100	0	0	3222	0,0,0,0,0,0	42274	0	317	18195	117	0	17636,16688,16688,13225,13225,13225,13225	3	34	17856,0,0,0,0,0,0	149	0
170126	487	1041	836	317	328	82	41	14	5107	99	268	416	260	7	94	0	0	3132	0,0,0,0,0,0	42278	0	273	18468	120	0	17894,16917,16917,13350,13350,13350,13350	2	19	18129,0,0,0,0,0,0	148	0
170075	493	1060	805	319	330	87	40	14	5151	101	271	442	253	2	128	0	0	3134	0,0,0,0,0,0	28625	0	348	18813	125	0	18219,17213,17213,13535,13535,13535,13535	2	30	18474,0,0,0,0,0,0	154	0
170029	526	1092	774	294	322	87	46	13	5188	101	274	450	232	7	125	0	0	3141	0,0,0,0,0,0	28714	0	360	19172	130	0	18555,17517,17517,13722,13722,13722,13722	2	30	18833,0,0,0,0,0,0	160	0
170000	535	1122	746	308	306	85	45	12	5207	104	276	432	284	4	110	0	0	3147	0,0,0,0,0,0	28471	0	346	19515	133	0	18877,17808,17808,13895,13895,13895,13895	2	26	19176,0,0,0,0,0,0	159	0
169970	554	1106	786	313	298	93	49	11	5184	105	277	438	253	2	93	0	0	3199	0,0,0,0,0,0	28555	0	361	19873	138	0	19212,18110,18110,14075,14075,14075,14075	2	47	19534,0,0,0,0,0,0	165	0
169980	564	1104	812	309	288	96	50	11	5144	109	279	423	245	3	121	0	0	3223	0,0,0,0,0,0	28444	0	335	20205	144	0	19520,18384,18384,14220,14220,14220,14220	3	46	19866,0,0,0,0,0,0	180	0
169994	545	1066	804	334	302	99	45	11	5150	115	281	429	291	4	96	0	0	3195	0,0,0,0,0,0	42394	0	282	20484	150	0	19779,18614,18614,14340,14340,14340,14340	2	29	20145,0,0,0,0,0,0	191	0
170003	519	1040	811	332	310	99	43	11	5177	117	284	427	288	3	98	0	0	3154	0,0,0,0,0,0	42509	0	311	20792	154	0	20067,18869,18869,14476,14476,14476,14476	2	25	20453,0,0,0,0,0,0	209	0
170006	514	1077	802	323	295	100	44	12	5170	118	285	422	297	7	130	0	0	3155	0,0,0,0,0,0	28660	0	334	21126	156	0	20376,19144,19144,14625,14625,14625,14625	2	23	20787,0,0,0,0,0,0	196	0
170025	512	1088	790	319	292	108	41	12	5149	124	286	417	259	1	91	0	0	3150	0,0,0,0,0,0	28351	0	327	21451	158	0	20674,19408,19408,14760,14760,14760,14760	2	42	21112,0,0,0,0,0,0	183	0
170076	485	1074	810	325	286	107	50	10	5110	126	287	425	220	3	114	0	0	3137	0,0,0,0,0,0	28356	0	299	21747	162	0	20945,19644,19644,14865,14865,14865,14865	2	30	21408,0,0,0,0,0,0	184	0
170084	484	1037	827	330	288	106	49	9	5116	129	287	415	314	6	118	0	0	3121	0,0,0,0,0,0	28609	0	330	22075	165	0	21247,19913,19913,15007,15007,15007,15007	2	38	21736,0,0,0,0,0,0	185	0
170105	475	1029	808	327	293	100	50	10	5129	131	289	431	280	4	108	0	0	3082	0,0,0,0,0,0	28391	0	307	22384	166	0	21532,20164,20164,15134,15134,15134,15134	3	40	22045,0,0,0,0,0,0	178	0
170165	462	994	830	312	293	99	49	10	5106	135	291	450	240	6	99	0	0	3039	0,0,0,0,0,0	42223	0	279	22657	172	0	21782,20381,20381,15225,15225,15225,15225	3	21	22319,0,0,0,0,0,0	176	0
170249	449	958	810	311	288	103	52	9	5087	136	294	443	248	4	86	0	0	2971	0,0,0,0,0,0	42175	0	261	22919	176	0	22021,20585,20585,15298,15298,15298,15298	2	22	22582,0,0,0,0,0,0	177	0
170346	443	930	787	312	287	107	55	6	5039	138	296	415	257	9	111	0	0	2921	0,0,0,0,0,0	28421	0	270	23187	181	0	22263,20790,20790,15365,15365,15365,15365	2	29	22850,0,0,0,0,0,0	184	0
170349	461	922	740	310	277	99	55	6	5087	141	299	419	273	4	108	0	0	2864	0,0,0,0,0,0	28586	0	295	23479	185	0	22532,21029,21029,15490,15490,15490,15490	2	33	23142,0,0,0,0,0,0	174	0
170456	439	920	749	277	278	97	54	6	5022	145	303	393	268	1	101	0	0	2814	0,0,0,0,0,0	28575	0	254	23724	194	0	22751,21213,21213,15541,15541,15541,15541	2	28	23387,0,0,0,0,0,0	166	0
170567	417	887	747	265	257	107	57	5	4982	148	307	373	259	4	72	0	0	2737	0,0,0,0,0,0	42310	0	235	23958	198	0	22961,21388,21388,15584,15584,15584,15584	2	23	23621,0,0,0,0,0,0	182	0
170722	386	846	742	255	264	102	51	7	4907	153	311	375	288	2	89	0	0	2646	0,0,0,0,0,0	42114	0	223	24180	200	0	23157,21546,21546,15598,15598,15598,15598	2	18	23843,0,0,0,0,0,0	178	0
170790	364	830	708	247	269	102	48	8	4912	156	312	389	305	1	97	0	0	2568	0,0,0,0,0,0	42315	0	237	24410	207	0	23364,21723,21723,15662,15662,15662,15662	2	18	24073,0,0,0,0,0,0	173	0
170871	381	797	706	234	254	102	45	8	4872	162	314	376	244	3	82	0	0	2519	0,0,0,0,0,0	42169	28	242	24650	210	0	23581,21908,21908,15723,15723,15723,15723	2	21	24313,0,0,0,0,0,0	176	17
170971	405	755	689	234	260	88	41	7	4812	168	316	371	313	4	82	0	0	2472	0,0,0,0,0,0	28744	31	263	24907	217	0	23811,22102,22102,15781,15781,15781,15781	2	32	24570,0,0,0,0,0,0	149	40
171069	394	758	655	207	251	83	40	8	4790	172	319	391	270	6	94	0	0	2388	0,0,0,0,0,0	28304	19	234	25138	222	0	24015,22273,22273,15825,15825,15825,15825	2	26	24801,0,0,0,0,0,0	149	56
171188	388	758	632	193	257	75	41	9	4708	174	323	412	238	5	90	0	0	2344	0,0,0,0,0,0	28318	16	237	25373	225	0	24225,22447,22447,15863,15863,15863,15863	2	30	25036,0,0,0,0,0,0	129	72
171245	384	781	624	182	240	73	44	9	4656	177	331	426	221	2	67	0	0	2328	0,0,0,0,0,0	28367	30	243	25614	228	0	24448,22639,22639,15938,15938,15938,15938	2	26	25277,0,0,0,0,0,0	129	94
171356	374	780	591	186	240	66	40	10	4587	181	335	428	313	4	75	0	0	2277	0,0,0,0,0,0	28466	21	216	25826	232	0	24636,22795,22795,15967,15967,15967,15967	2	17	25490,0,0,0,0,0,0	129	113
171489	322	778	594	192	223	63	43	8	4513	184	337	431	246	5	73	0	0	2215	0,0,0,0,0,0	35649	22	184	26007	236	0	24793,22920,22920,15972,15972,15972,15972	2	14	25671,0,0,0,0,0,0	121	129
171594	312	724	595	200	219	67	41	10	4458	186	340	414	249	4	80	0	0	2158	0,0,0,0,0,0	35994	127	199	26208	237	0	24977,23074,23074,16004,16004,16004,16004	2	17	25872,0,0,0,0,0,0	122	228
171684	321	701	561	200	220	66	41	11	4408	189	344	416	284	2	70	0	0	2110	0,0,0,0,0,0	23224	131	196	26403	239	0	25159,23227,23227,16040,16040,16040,16040	2	23	26067,0,0,0,0,0,0	125	338
171715	351	684	534	215	206	62	44	10	4386	191	348	434	267	2	82	0	0	2096	0,0,0,0,0,0	23535	115	237	26639	242	0	25378,23419,23419,16123,16123,16123,16123	2	26	26303,0,0,0,0,0,0	127	426
171808	340	698	500	209	209	64	44	10	4320	194	350	424	272	3	84	0	0	2064	0,0,0,0,0,0	23361	153	216	26850	247	0	25570,23580,23580,16163,16163,16163,16163	1	24	26514,0,0,0,0,0,0	133	552
171917	306	718	486	199	203	61	44	10	4255	195	352	436	248	4	72	0	0	2017	0,0,0,0,0,0	23577	154	188	27037	251	0	25740,23720,23720,16184,16184,16184,16184	1	21	26701,0,0,0,0,0,0	130	675
171989	318	702	498	196	193	61	44	11	4179	200	355	448	264	1	65	0	0	2012	0,0,0,0,0,0	23529	138	212	27247	256	0	25934,23885,23885,16234,16234,16234,16234	1	21	26911,0,0,0,0,0,0	125	792
172119	297	658	508	199	180	59	39	10	4114	206	357	447	247	5	63	0	0	1940	0,0,0,0,0,0	35727	118	163	27407	259	0	26076,23998,23998,16231,16231,16231,16231	1	16	27071,0,0,0,0,0,0	128	890
172195	294	654	512	193	178	59	38	12	4041	209	361	470	253	1	70	0	0	1928	0,0,0,0,0,0	35589	148	200	27608	261	0	26292,24186,24186,16292,16292,16292,16292	1	12	27272,0,0,0,0,0,0	121	1005
172259	281	651	516	193	173	57	36	12	3992	212	364	464	303	3	75	0	0	1907	0,0,0,0,0,0	23340	185	180	27783	266	0	26486,24357,24357,16345,16345,16345,16345	1	19	27447,0,0,0,0,0,0	113	1154
172329	311	638	483	203	179	59	38	11	3916	213	366	487	259	5	70	0	0	1911	0,0,0,0,0,0	23414	133	214	27994	271	0	26703,24545,24545,16407,16407,16407,16407	1	23	27659,0,0,0,0,0,0	114	1255
172390	311	650	475	211	185	58	35	9	3832	218	372	482	275	2	66	0	0	1925	0,0,0,0,0,0	23450	143	214	28207	274	0	26943,24757,24757,16484,16484,16484,16484	1	24	27872,0,0,0,0,0,0	113	1361
172438	335	621	486	218	184	53	37	11	3765	222	376	450	263	2	80	0	0	1934	0,0,0,0,0,0	23412	160	209	28412	280	0	27173,24962,24962,16563,16563,16563,16563	1	22	28077,0,0,0,0,0,0	109	1487
172512	324	618	478	218	183	51	35	12	3712	225	378	435	241	4	72	0	0	1907	0,0,0,0,0,0	23172	147	188	28602	280	0	27382,25144,25144,16618,16618,16618,16618	1	13	28267,0,0,0,0,0,0	105	1600
172589	299	618	488	213	192	56	37	11	3637	226	380	443	336	8	67	0	0	1903	0,0,0,0,0,0	35680	144	175	28771	288	0	27566,25303,25303,16661,16661,16661,16661	1	12	28437,0,0,0,0,0,0	106	1714
172673	273	594	493	218	178	49	37	10	3613	228	380	456	234	5	68	0	0	1842	0,0,0,0,0,0	35597	76	159	28930	291	0	27745,25458,25458,16696,16696,16696,16696	1	13	28597,0,0,0,0,0,0	111	1775
172736	267	609	462	208	177	49	37	12	3580	228	381	449	270	2	80	0	0	1809	0,0,0,0,0,0	23229	59	180	29105	296	0	27952,25640,25640,16754,16754,16754,16754	1	11	28772,0,0,0,0,0,0	117	1821
172813	297	599	450	191	166	52	37	12	3512	230	387	417	254	0	64	0	0	1792	0,0,0,0,0,0	23135	78	199	29298	304	0	28160,25821,25821,16806,16806,16806,16806	1	14	28965,0,0,0,0,0,0	122	1886
172901	293	580	442	191	166	53	37	12	3448	232	391	420	250	1	58	0	0	1762	0,0,0,0,0,0	23033	64	175	29470	307	0	28348,25982,25982,16842,16842,16842,16842	1	21	29137,0,0,0,0,0,0	119	1933
172970	286	571	434	181	161	54	33	11	3413	238	394	418	274	3	76	0	0	1720	0,0,0,0,0,0	23154	71	167	29630	315	0	28532,26144,26144,16885,16885,16885,16885	1	17	29298,0,0,0,0,0,0	103	1986
173025	270	574	448	167	170	50	34	10	3361	239	398	432	227	4	66	0	0	1713	0,0,0,0,0,0	23098	89	165	29793	318	0	28718,26307,26307,16936,16936,16936,16936	1	20	29461,0,0,0,0,0,0	107	2053
173070	273	572	436	157	162	53	31	11	3337	241	403	441	272	0	43	0	0	1684	0,0,0,0,0,0	35597	58	173	29964	321	0	28911,26478,26478,16997,16997,16997,16997	1	9	29632,0,0,0,0,0,0	100	2095
173170	252	554	415	160	171	53	31	12	3279	243	406	446	235	5	49	0	0	1636	0,0,0,0,0,0	35480	214	143	30107	321	0	29058,26602,26602,17009,17009,17009,17009	1	18	29775,0,0,0,0,0,0	106	2264
173218	258	560	429	167	170	48	31	11	3202	245	407	441	258	5	66	0	0	1663	0,0,0,0,0,0	23376	203	179	30286	323	0	29234,26756,26756,17057,17057,17057,17057	1	20	29954,0,0,0,0,0,0	95	2413
173213	297	574	402	166	160	47	34	12	3186	247	408	458	347	4	69	0	0	1680	1,0,0,0,0,0	23186	198	195	30508	325	0	29460,26960,26960,17156,17156,17156,17156	1	15	30149,28,0,0,0,0,0	93	2564
173243	315	578	423	166	164	48	31	12	3105	250	411	452	281	1	52	0	0	1725	3,0,0,0,0,0	23154	214	175	30713	330	0	29666,27142,27142,17227,17227,17227,17227	1	10	30318,64,0,0,0,0,0	96	2729
173220	325	632	447	159	160	46	31	12	3050	251	413	459	243	3	59	0	0	1800	6,0,0,0,0,0	23240	190	188	30942	334	0	29899,27355,27355,17340,17340,17340,17340	1	18	30490,122,0,0,0,0,0	83	2879
173221	347	668	438	164	156	46	28	12	2996	255	415	471	236	2	43	0	0	1847	9,0,0,0,0,0	23505	198	200	31169	336	0	30135,27568,27568,17440,17440,17440,17440	1	14	30662,177,0,0,0,0,0	87	3021
173185	349	688	451	186	144	42	29	11	2982	256	423	489	261	3	54	0	0	1889	12,0,0,0,0,0	35478	189	194	31398	341	0	30369,27783,27783,17562,17562,17562,17562	1	11	30819,250,0,0,0,0,0	105	3165
173145	366	723	442	176	146	46	31	9	2979	257	426	476	254	2	54	0	0	1930	16,0,0,0,0,0	35921	172	201	31628	346	0	30677,28072,28072,17723,17723,17723,17723	1	12	30976,324,0,0,0,0,0	99	3279
173125	383	738	437	171	160	48	27	11	2959	258	429	480	267	7	59	0	0	1964	17,0,0,0,0,0	23612	192	233	31856	351	0	30976,28352,28352,17867,17867,17867,17867	1	14	31152,378,0,0,0,0,0	95	3415
