S	E	I1	I2	I3	I4	I5_h	I6_h	R_h	R	D1	D2	H	T	P1	P2	Q	QT	NQ	MUT	HOM	VAC	NI	INF	REINF	BSTR	IMM	HCI	HCE	INFV	INFH	VNI
178127	105	119	52	47	37	7	6	0	241	5	0	199	0	0	0	0	0	373	0,0,0,0,0,0	178741	0	0	373	0	0	619,619,619,619,619,619,619	0	0	0,0,0,0,0,0,0	0	0
178080	79	173	56	39	40	7	7	0	257	6	2	332	334	1	76	0	0	401	0,0,0,0,0,0	12338	0	56	430	0	0	666,666,666,666,666,666,666	0	4	57,0,0,0,0,0,0	12	0
178011	110	171	75	40	44	8	6	0	270	7	4	424	157	0	19	0	0	454	0,0,0,0,0,0	12506	0	81	512	0	0	736,736,736,736,736,736,736	0	4	139,0,0,0,0,0,0	13	0
177938	120	198	83	40	51	10	7	0	285	7	7	528	81	0	16	0	0	509	0,0,0,0,0,0	12688	0	81	595	0	0	811,811,811,811,811,811,811	0	4	222,0,0,0,0,0,0	14	0
177864	110	229	99	47	49	11	7	0	313	8	9	554	78	0	17	0	0	552	0,0,0,0,0,0	24716	0	84	680	0	0	886,886,886,886,886,886,886	0	10	307,0,0,0,0,0,0	19	0
177808	106	223	126	49	50	12	7	0	343	8	14	581	312	4	16	0	0	573	0,0,0,0,0,0	24781	0	64	745	0	0	944,944,944,944,944,944,944	0	10	372,0,0,0,0,0,0	23	0
177735	117	245	129	58	47	12	8	0	370	8	17	621	252	3	17	0	0	616	0,0,0,0,0,0	12904	0	93	838	0	0	1024,1024,1024,1023,1023,1023,1023	0	10	465,0,0,0,0,0,0	21	0
177636	140	250	137	60	57	11	8	0	413	9	25	639	92	1	13	0	0	663	0,0,0,0,0,0	12917	0	107	945	0	0	1129,1128,1128,1126,1126,1126,1126	0	13	572,0,0,0,0,0,0	26	0
177570	144	250	141	64	55	9	10	0	466	9	28	693	279	2	33	0	0	673	0,0,0,0,0,0	13009	0	84	1030	0	0	1202,1201,1201,1198,1198,1198,1198	0	11	657,0,0,0,0,0,0	30	0
177512	139	263	136	66	61	10	9	0	507	11	32	718	249	1	23	0	0	684	0,0,0,0,0,0	12952	0	80	1111	0	0	1269,1268,1268,1264,1264,1264,1264	0	6	738,0,0,0,0,0,0	31	0
177427	149	299	138	73	59	12	9	0	535	11	34	749	84	0	28	0	0	739	0,0,0,0,0,0	12935	0	108	1219	2	0	1367,1365,1365,1358,1358,1358,1358	0	12	848,0,0,0,0,0,0	32	0
177371	141	298	157	73	70	12	9	0	570	11	34	746	314	1	26	0	0	760	0,0,0,0,0,0	24901	0	87	1305	3	0	1439,1436,1436,1424,1424,1424,1424	0	9	935,0,0,0,0,0,0	35	0
177299	142	284	171	87	85	13	9	1	604	11	40	741	242	1	25	0	0	791	0,0,0,0,0,0	24904	0	88	1391	5	0	1520,1516,1516,1502,1502,1502,1502	0	3	1023,0,0,0,0,0,0	38	0
177240	139	303	179	84	84	15	9	1	639	12	41	768	288	1	42	0	0	813	0,0,0,0,0,0	12964	0	96	1488	5	0	1605,1599,1599,1578,1578,1578,1578	0	11	1120,0,0,0,0,0,0	38	0
177152	147	318	187	95	77	16	7	2	683	14	48	786	296	4	33	0	0	847	0,0,0,0,0,0	13028	0	117	1604	6	0	1713,1706,1706,1679,1679,1679,1679	0	11	1237,0,0,0,0,0,0	35	0
177082	167	299	202	83	79	20	7	2	737	14	54	779	229	0	23	0	0	857	0,0,0,0,0,0	13085	0	108	1712	6	0	1809,1800,1800,1766,1766,1766,1766	0	12	1345,0,0,0,0,0,0	38	0
176998	170	327	216	82	67	21	7	2	786	14	56	783	238	0	31	0	0	890	0,0,0,0,0,0	13126	0	126	1836	9	0	1919,1907,1907,1866,1866,1866,1866	0	14	1470,0,0,0,0,0,0	46	0
176917	172	347	223	90	68	22	8	3	825	14	57	780	340	5	27	0	0	930	0,0,0,0,0,0	13086	0	124	1959	10	0	2029,2014,2014,1964,1964,1964,1964	0	13	1594,0,0,0,0,0,0	48	0
176854	165	341	241	90	67	22	11	4	875	14	62	755	269	1	35	0	0	937	0,0,0,0,0,0	25041	0	108	2065	13	0	2130,2112,2112,2048,2048,2048,2048	0	14	1703,0,0,0,0,0,0	45	0
176774	161	365	251	98	67	19	10	4	919	15	63	739	106	2	25	0	0	971	0,0,0,0,0,0	25017	0	126	2191	14	0	2243,2223,2223,2149,2149,2149,2149	0	10	1830,0,0,0,0,0,0	52	0
176704	170	366	254	106	72	16	11	4	962	15	66	763	236	4	36	0	0	995	0,0,0,0,0,0	13224	0	131	2319	17	0	2360,2335,2335,2245,2245,2245,2245	1	16	1961,0,0,0,0,0,0	44	0
176613	196	378	254	97	74	13	12	2	1023	15	69	740	245	2	27	0	0	1024	0,0,0,0,0,0	13194	0	139	2459	18	0	2492,2462,2462,2358,2358,2358,2358	1	14	2102,0,0,0,0,0,0	44	0
176523	200	404	261	93	78	13	12	2	1074	16	70	717	256	2	30	0	0	1061	0,0,0,0,0,0	13012	0	145	2603	19	0	2626,2593,2593,2474,2474,2474,2474	1	15	2246,0,0,0,0,0,0	44	0
176389	228	442	260	101	84	15	12	2	1124	16	73	716	228	1	32	0	0	1142	0,0,0,0,0,0	12943	0	175	2777	22	0	2796,2759,2759,2627,2627,2627,2627	1	21	2422,0,0,0,0,0,0	46	0
176278	236	483	264	108	83	16	12	3	1172	16	75	681	102	1	44	0	0	1202	0,0,0,0,0,0	13075	0	172	2948	23	0	2958,2916,2916,2767,2767,2767,2767	1	16	2594,0,0,0,0,0,0	37	0
176184	248	478	292	107	102	16	12	3	1206	17	81	679	244	2	36	0	0	1255	0,0,0,0,0,0	24871	0	168	3114	25	0	3115,3067,3067,2896,2896,2896,2896	1	13	2761,0,0,0,0,0,0	44	0
176105	247	505	286	114	104	17	14	2	1249	18	85	685	249	3	46	0	0	1287	0,0,0,0,0,0	24856	0	156	3270	25	0	3260,3205,3205,3011,3011,3011,3011	1	8	2917,0,0,0,0,0,0	48	0
176006	243	514	313	109	113	18	15	2	1306	18	89	726	313	1	51	0	0	1325	0,0,0,0,0,0	13105	0	166	3437	25	0	3417,3357,3357,3143,3143,3143,3143	1	16	3084,0,0,0,0,0,0	53	0
175888	273	532	333	117	112	18	16	2	1344	19	92	727	254	3	52	0	0	1401	0,0,0,0,0,0	12923	0	198	3635	25	0	3606,3539,3539,3298,3298,3298,3298	1	12	3282,0,0,0,0,0,0	57	0
175759	302	558	342	120	121	21	16	2	1389	20	96	716	267	2	45	0	0	1480	0,0,0,0,0,0	13177	0	207	3842	26	0	3806,3731,3731,3465,3465,3465,3465	1	25	3489,0,0,0,0,0,0	58	0
175605	327	602	365	124	130	25	15	1	1431	21	100	720	154	1	42	0	0	1588	0,0,0,0,0,0	12926	0	240	4080	28	0	4035,3953,3953,3659,3659,3659,3659	1	31	3729,0,0,0,0,0,0	60	0
175468	331	633	401	135	135	26	12	2	1479	24	100	702	255	1	40	0	0	1673	0,0,0,0,0,0	12912	0	217	4297	28	0	4240,4151,4151,3832,3832,3832,3832	1	35	3946,0,0,0,0,0,0	60	0
175370	299	683	384	151	148	23	11	4	1546	24	103	677	152	4	56	0	0	1699	0,0,0,0,0,0	25008	0	189	4492	28	0	4427,4328,4328,3976,3976,3976,3976	1	20	4141,0,0,0,0,0,0	63	0
175254	303	709	413	145	152	24	14	6	1595	26	105	681	257	3	56	0	0	1760	0,0,0,0,0,0	24980	0	201	4696	28	0	4624,4518,4518,4135,4135,4135,4135	1	24	4345,0,0,0,0,0,0	62	0
175076	349	702	428	168	157	24	14	5	1685	26	112	649	255	5	60	0	0	1842	0,0,0,0,0,0	13208	0	262	4958	28	0	4883,4768,4768,4356,4356,4356,4356	2	35	4607,0,0,0,0,0,0	60	0
174912	380	699	448	187	170	23	16	5	1765	26	115	664	270	0	68	0	0	1923	0,0,0,0,0,0	12890	0	253	5211	28	0	5127,5003,5003,4561,4561,4561,4561	2	40	4860,0,0,0,0,0,0	58	0
174735	397	751	464	177	171	29	16	5	1855	27	119	644	271	5	62	0	0	2005	0,0,0,0,0,0	12967	0	278	5489	30	0	5399,5266,5266,4787,4787,4787,4787	2	40	5139,0,0,0,0,0,0	62	0
174562	401	818	474	187	169	26	20	5	1936	27	121	629	235	3	77	0	0	2095	0,0,0,0,0,0	13072	0	291	5779	32	0	5678,5534,5534,5015,5015,5015,5015	2	44	5429,0,0,0,0,0,0	64	0
174388	410	840	512	195	174	29	26	5	2015	27	125	626	303	5	74	0	0	2186	0,0,0,0,0,0	12826	0	281	6059	35	0	5951,5797,5797,5241,5241,5241,5241	2	38	5709,0,0,0,0,0,0	71	0
174242	396	835	544	231	196	32	23	5	2085	29	128	611	332	3	62	0	0	2257	0,0,0,0,0,0	25024	0	257	6316	35	0	6198,6032,6032,5439,5439,5439,5439	2	21	5966,0,0,0,0,0,0	79	0
174131	403	808	554	245	211	37	24	4	2165	32	132	571	277	4	74	0	0	2282	0,0,0,0,0,0	25090	0	247	6564	36	0	6435,6257,6257,5616,5616,5616,5616	2	25	6214,0,0,0,0,0,0	85	0
173937	422	834	586	259	210	35	24	5	2265	32	137	599	258	2	105	0	0	2370	0,0,0,0,0,0	13270	0	315	6880	38	0	6745,6554,6554,5869,5869,5869,5869	2	38	6531,0,0,0,0,0,0	83	0
173741	464	855	589	251	208	39	26	4	2393	32	144	606	325	7	85	0	0	2432	0,0,0,0,0,0	13018	0	324	7206	39	0	7064,6860,6860,6128,6128,6128,6128	2	35	6858,0,0,0,0,0,0	83	0
173535	478	916	614	245	219	41	24	5	2489	33	147	567	308	3	100	0	0	2537	0,0,0,0,0,0	13079	0	339	7546	39	0	7394,7177,7177,6397,6397,6397,6397	2	31	7198,0,0,0,0,0,0	88	0
173343	522	960	626	232	232	42	26	5	2573	35	150	559	322	6	84	0	0	2640	0,0,0,0,0,0	13104	0	360	7907	39	0	7746,7513,7513,6671,6671,6671,6671	2	36	7559,0,0,0,0,0,0	92	0
173125	545	996	627	223	244	39	30	5	2723	35	154	538	243	1	102	0	0	2704	0,0,0,0,0,0	12873	0	361	8267	41	0	8099,7851,7851,6958,6958,6958,6958	2	24	7920,0,0,0,0,0,0	96	0
172999	498	1030	659	240	260	48	31	5	2781	37	158	527	333	6	101	0	0	2766	0,0,0,0,0,0	24848	0	287	8557	42	0	8382,8117,8117,7163,7163,7163,7163	2	17	8211,0,0,0,0,0,0	96	0
172883	481	1016	710	235	266	48	32	7	2869	40	159	520	231	6	79	0	0	2788	0,0,0,0,0,0	24879	0	301	8859	44	0	8673,8390,8390,7368,7368,7368,7368	2	18	8513,0,0,0,0,0,0	105	0
172692	503	1073	719	244	262	52	30	6	2958	44	163	498	282	2	100	0	0	2883	0,0,0,0,0,0	13200	0	382	9244	45	0	9049,8746,8746,7653,7653,7653,7653	2	32	8899,0,0,0,0,0,0	107	0
172478	553	1083	732	258	294	61	30	5	3041	47	164	493	255	4	85	0	0	3011	0,0,0,0,0,0	12821	0	395	9641	47	0	9433,9112,9112,7953,7953,7953,7953	2	31	9296,0,0,0,0,0,0	119	0
172276	569	1108	744	253	276	71	34	5	3192	47	171	476	288	5	102	0	0	3055	0,0,0,0,0,0	28354	0	384	10025	50	0	9810,9470,9470,8243,8243,8243,8243	2	36	9681,0,0,0,0,0,0	126	0
172079	601	1126	775	263	278	69	35	6	3289	50	175	460	260	6	117	0	0	3147	0,0,0,0,0,0	28591	0	388	10411	54	0	10187,9828,9828,8530,8530,8530,8530	2	33	10069,0,0,0,0,0,0	128	0
171888	618	1157	778	277	288	69	35	6	3400	52	178	479	328	5	106	0	0	3222	0,0,0,0,0,0	28379	0	392	10803	55	0	10569,10189,10189,8817,8817,8817,8817	2	25	10461,0,0,0,0,0,0	130	0
171750	580	1178	805	291	295	68	38	7	3501	52	181	465	317	3	94	0	0	3255	0,0,0,0,0,0	42605	0	336	11141	55	0	10896,10497,10497,9051,9051,9051,9051	2	26	10799,0,0,0,0,0,0	143	0
171636	520	1204	785	294	302	70	38	4	3653	56	184	452	261	4	98	0	0	3213	0,0,0,0,0,0	42280	0	319	11460	57	0	11205,10784,10784,9263,9263,9263,9263	2	26	11118,0,0,0,0,0,0	135	0
171432	525	1240	790	309	323	71	40	5	3770	56	185	480	286	4	118	0	0	3298	0,0,0,0,0,0	28635	0	415	11872	61	0	11604,11163,11163,9565,9565,9565,9565	2	32	11530,0,0,0,0,0,0	145	0
171279	586	1170	830	316	312	70	45	7	3886	56	189	483	320	9	120	0	0	3329	0,0,0,0,0,0	28785	0	394	12266	64	0	11983,11517,11517,9831,9831,9831,9831	2	44	11924,0,0,0,0,0,0	136	0
171152	623	1141	839	333	319	74	51	7	3959	57	191	465	98	4	117	0	0	3380	0,0,0,0,0,0	28603	0	358	12623	67	0	12326,11837,11837,10066,10066,10066,10066	2	36	12281,0,0,0,0,0,0	147	0
171058	592	1175	829	320	316	78	49	7	4066	63	193	479	304	4	128	0	0	3359	0,0,0,0,0,0	28719	0	343	12964	71	0	12653,12139,12139,10277,10277,10277,10277	2	38	12623,0,0,0,0,0,0	144	0
170899	577	1195	831	317	325	81	51	6	4205	65	194	462	277	9	132	0	0	3377	0,0,0,0,0,0	28466	0	380	13342	76	0	13017,12481,12481,10538,10538,10538,10538	2	32	13001,0,0,0,0,0,0	156	0
170822	586	1141	805	327	352	82	52	7	4309	67	196	487	88	5	97	0	0	3345	0,0,0,0,0,0	42624	0	323	13661	82	0	13321,12761,12761,10729,10729,10729,10729	2	22	13321,0,0,0,0,0,0	163	0
170746	549	1130	789	343	338	84	49	6	4444	71	197	463	232	8	109	0	0	3282	0,0,0,0,0,0	42024	0	318	13976	87	0	13622,13038,13038,10917,10917,10917,10917	2	22	13637,0,0,0,0,0,0	168	0
170636	551	1182	768	325	335	92	46	9	4526	75	201	475	244	10	129	0	0	3299	0,0,0,0,0,0	28623	0	391	14363	92	0	13995,13382,13382,11159,11159,11159,11159	2	43	14024,0,0,0,0,0,0	169	0
170566	540	1176	790	312	337	92	48	7	4595	79	204	450	260	9	125	0	0	3295	0,0,0,0,0,0	28687	0	341	14702	95	0	14316,13677,13677,11353,11353,11353,11353	3	39	14363,0,0,0,0,0,0	169	0
170464	549	1187	785	315	331	98	49	10	4672	81	205	444	244	7	134	0	0	3314	0,0,0,0,0,0	28728	0	371	15071	98	0	14668,14002,14002,11579,11579,11579,11579	3	48	14732,0,0,0,0,0,0	179	0
170391	559	1126	812	322	318	103	51	8	4762	85	209	427	237	5	124	0	0	3291	0,0,0,0,0,0	28462	0	347	15417	99	0	14999,14305,14305,11781,11781,11781,11781	3	45	15078,0,0,0,0,0,0	182	0
170325	592	1100	821	333	321	101	53	6	4792	88	214	409	279	3	108	0	0	3321	0,0,0,0,0,0	28524	0	368	15785	100	0	15349,14624,14624,11988,11988,11988,11988	3	43	15447,0,0,0,0,0,0	190	0
170267	579	1089	826	313	314	101	56	6	4888	91	216	425	265	7	107	0	0	3278	0,0,0,0,0,0	41978	0	325	16107	103	0	15654,14903,14903,12169,12169,12169,12169	3	26	15769,0,0,0,0,0,0	201	0
170238	524	1117	798	295	288	103	51	6	5010	97	219	411	268	2	100	0	0	3176	0,0,0,0,0,0	42211	0	303	16403	110	0	15935,15157,15157,12323,12323,12323,12323	2	16	16065,0,0,0,0,0,0	186	0
170238	515	1095	821	290	308	105	48	7	4994	102	223	404	231	3	100	0	0	3182	0,0,0,0,0,0	28646	0	320	16723	112	0	16237,15426,15426,12473,12473,12473,12473	3	32	16385,0,0,0,0,0,0	189	0
170191	502	1130	782	310	293	104	42	9	5049	107	227	414	277	6	105	0	0	3163	0,0,0,0,0,0	28542	0	339	17059	118	0	16554,15715,15715,12653,12653,12653,12653	2	27	16721,0,0,0,0,0,0	176	0
170152	490	1109	794	325	297	104	42	7	5083	112	231	409	261	4	113	0	0	3161	0,0,0,0,0,0	28297	0	335	17391	121	0	16867,15997,15997,12827,12827,12827,12827	3	47	17053,0,0,0,0,0,0	177	0
170105	525	1080	803	328	298	97	42	5	5110	118	235	425	246	5	116	0	0	3173	0,0,0,0,0,0	28395	0	363	17754	125	0	17210,16309,16309,13020,13020,13020,13020	2	38	17416,0,0,0,0,0,0	159	0
170065	529	1101	798	333	275	102	41	7	5136	121	238	413	322	2	131	0	0	3179	0,0,0,0,0,0	28472	0	350	18101	130	0	17536,16605,16605,13200,13200,13200,13200	3	44	17763,0,0,0,0,0,0	157	0
170091	510	1084	792	319	289	105	41	8	5144	124	239	424	238	3	86	0	0	3140	0,0,0,0,0,0	42535	0	290	18389	134	0	17804,16840,16840,13320,13320,13320,13320	3	19	18051,0,0,0,0,0,0	172	0
170183	456	1062	806	331	274	103	41	7	5117	127	239	407	253	6	86	0	0	3073	0,0,0,0,0,0	42310	0	255	18644	136	0	18035,17037,17037,13388,13388,13388,13388	3	28	18306,0,0,0,0,0,0	170	0
170147	502	1029	846	314	297	101	39	9	5091	130	241	412	239	3	116	0	0	3128	0,0,0,0,0,0	28763	0	370	19014	136	0	18383,17351,17351,13578,13578,13578,13578	3	49	18676,0,0,0,0,0,0	165	0
170118	535	998	816	298	285	100	44	8	5171	132	241	419	261	5	111	0	0	3076	0,0,0,0,0,0	28538	0	330	19341	141	0	18686,17625,17625,13740,13740,13740,13740	3	37	19003,0,0,0,0,0,0	176	0
170191	503	1032	778	292	272	102	41	9	5149	135	242	444	221	6	109	0	0	3020	0,0,0,0,0,0	28685	0	282	19622	143	0	18943,17846,17846,13829,13829,13829,13829	3	29	19284,0,0,0,0,0,0	166	0
170185	500	1061	768	286	289	92	43	8	5127	138	249	437	272	6	101	0	0	3039	0,0,0,0,0,0	28209	0	344	19965	147	0	19267,18136,18136,13991,13991,13991,13991	3	45	19627,0,0,0,0,0,0	166	0
170232	505	1050	769	275	287	89	41	8	5098	140	252	427	277	5	106	0	0	3016	0,0,0,0,0,0	28299	0	315	20275	152	0	19554,18387,18387,14107,14107,14107,14107	3	30	19937,0,0,0,0,0,0	159	0
170291	494	1020	735	283	287	97	42	9	5092	142	254	426	247	9	90	0	0	2958	0,0,0,0,0,0	42315	0	280	20556	152	0	19812,18610,18610,14204,14204,14204,14204	3	19	20218,0,0,0,0,0,0	165	0
170397	445	1013	718	271	299	92	46	9	5052	145	259	423	300	6	101	0	0	2884	0,0,0,0,0,0	41993	0	233	20787	156	0	20022,18787,18787,14253,14253,14253,14253	2	22	20450,0,0,0,0,0,0	173	0
170439	455	1011	693	287	302	91	45	7	5006	150	260	439	216	3	112	0	0	2884	0,0,0,0,0,0	28458	0	324	21109	160	0	20318,19046,19046,14376,14376,14376,14376	3	44	20772,0,0,0,0,0,0	172	0
170439	472	964	729	280	291	96	45	7	5009	152	262	449	248	9	104	0	0	2877	0,0,0,0,0,0	28327	0	305	21414	164	0	20598,19295,19295,14511,14511,14511,14511	2	33	21077,0,0,0,0,0,0	162	0
170460	471	948	705	280	302	90	41	7	5020	157	265	422	269	4	109	0	0	2837	0,0,0,0,0,0	28618	0	281	21696	165	0	20858,19525,19525,14625,14625,14625,14625	2	34	21359,0,0,0,0,0,0	164	0
170484	465	944	708	290	312	86	39	8	4982	159	269	438	256	3	104	0	0	2844	0,0,0,0,0,0	28428	0	317	22010	168	0	21150,19783,19783,14754,14754,14754,14754	2	33	21673,0,0,0,0,0,0	156	0
170531	474	923	697	294	296	79	40	8	4970	160	274	424	276	1	106	0	0	2803	0,0,0,0,0,0	28585	0	289	22299	168	0	21418,20016,20016,14858,14858,14858,14858	2	26	21962,0,0,0,0,0,0	141	0
170617	439	949	640	275	295	68	40	9	4976	161	277	416	321	4	95	0	0	2706	0,0,0,0,0,0	42126	0	254	22550	172	0	21645,20210,20210,14925,14925,14925,14925	2	16	22213,0,0,0,0,0,0	137	0
170705	406	950	642	286	270	69	37	9	4926	164	282	410	331	7	78	0	0	2660	0,0,0,0,0,0	42043	0	252	22800	175	0	21874,20404,20404,14991,14991,14991,14991	2	17	22463,0,0,0,0,0,0	127	0
170783	407	908	661	288	277	62	37	9	4864	167	283	418	287	5	101	0	0	2640	0,0,0,0,0,0	28329	0	267	23064	178	0	22111,20607,20607,15065,15065,15065,15065	2	32	22727,0,0,0,0,0,0	114	0
170813	449	902	658	260	284	64	37	10	4813	171	285	419	271	6	96	0	0	2654	0,0,0,0,0,0	28573	0	321	23383	183	0	22402,20863,20863,15188,15188,15188,15188	2	31	23046,0,0,0,0,0,0	120	0
170862	438	890	671	257	260	68	37	12	4793	171	287	416	308	2	110	0	0	2621	0,0,0,0,0,0	28479	0	270	23652	186	0	22647,21076,21076,15280,15280,15280,15280	2	29	23315,0,0,0,0,0,0	130	0
170923	406	863	681	248	255	75	33	11	4785	177	289	420	278	4	82	0	0	2561	0,0,0,0,0,0	42062	0	233	23879	192	0	22852,21252,21252,15344,15344,15344,15344	2	12	23544,0,0,0,0,0,0	132	0
171057	374	832	648	268	257	79	34	11	4714	179	293	395	252	1	81	0	0	2492	0,0,0,0,0,0	42134	0	212	24089	194	0	23038,21403,21403,15362,15362,15362,15362	2	21	23755,0,0,0,0,0,0	136	0
171194	328	802	646	262	255	82	32	12	4655	184	294	398	254	5	91	0	0	2407	0,0,0,0,0,0	42362	0	190	24275	199	0	23199,21532,21532,15368,15368,15368,15368	2	20	23942,0,0,0,0,0,0	131	0
171336	311	765	612	246	239	84	39	7	4624	185	298	393	264	4	91	0	0	2296	0,0,0,0,0,0	42108	31	203	24472	205	0	23373,21672,21672,15379,15379,15379,15379	1	16	24140,0,0,0,0,0,0	143	28
171386	342	745	576	236	234	88	42	5	4606	185	301	385	283	4	94	0	0	2263	0,0,0,0,0,0	28290	33	251	24718	211	0	23596,21865,21865,15457,15457,15457,15457	1	25	24386,0,0,0,0,0,0	150	60
171502	337	734	560	214	239	96	42	5	4525	189	303	391	249	5	77	0	0	2222	0,0,0,0,0,0	28571	25	213	24927	216	0	23778,22014,22014,15481,15481,15481,15481	1	28	24595,0,0,0,0,0,0	154	78
171583	341	717	563	217	224	89	41	5	4466	194	306	381	324	4	87	0	0	2192	0,0,0,0,0,0	28785	20	238	25161	220	0	23988,22193,22193,15538,15538,15538,15538	1	22	24829,0,0,0,0,0,0	157	88
171653	349	706	522	219	227	87	41	5	4432	196	309	394	278	2	82	0	0	2151	0,0,0,0,0,0	28293	31	218	25375	225	0	24180,22356,22356,15589,15589,15589,15589	1	27	25043,0,0,0,0,0,0	152	113
171742	338	735	526	204	218	82	39	6	4348	199	309	410	296	4	80	0	0	2142	0,0,0,0,0,0	28794	32	229	25600	230	0	24378,22522,22522,15635,15635,15635,15635	1	21	25268,0,0,0,0,0,0	144	139
171858	319	711	541	212	211	78	39	5	4261	201	310	434	247	2	62	0	0	2111	0,0,0,0,0,0	35644	27	184	25782	232	0	24536,22650,22650,15648,15648,15648,15648	1	16	25451,0,0,0,0,0,0	138	160
171963	306	714	522	194	199	73	40	6	4215	202	312	420	264	2	73	0	0	2048	0,0,0,0,0,0	35636	138	201	25982	233	0	24723,22806,22806,15682,15682,15682,15682	1	17	25651,0,0,0,0,0,0	143	267
172007	311	706	519	189	190	73	38	8	4185	204	316	396	261	3	84	0	0	2026	0,0,0,0,0,0	23344	144	214	26196	233	0	24928,22985,22985,15752,15752,15752,15752	1	27	25865,0,0,0,0,0,0	132	387
172108	311	690	508	196	182	72	42	7	4107	204	319	399	234	3	65	0	0	2001	0,0,0,0,0,0	23238	125	198	26394	235	0	25107,23134,23134,15780,15780,15780,15780	1	17	26064,0,0,0,0,0,0	134	488
172164	319	675	485	209	188	74	37	10	4058	207	320	418	273	4	53	0	0	1987	0,0,0,0,0,0	23482	153	217	26610	238	0	25304,23303,23303,15840,15840,15840,15840	1	27	26281,0,0,0,0,0,0	128	606
172248	319	679	477	212	174	71	36	10	3985	210	325	431	240	2	75	0	0	1968	0,0,0,0,0,0	23624	131	203	26810	241	0	25492,23463,23463,15881,15881,15881,15881	1	17	26482,0,0,0,0,0,0	126	714
172287	297	668	485	221	175	66	35	12	3962	212	326	427	93	1	78	0	0	1947	0,0,0,0,0,0	23519	125	191	26998	245	0	25667,23615,23615,15938,15938,15938,15938	1	27	26670,0,0,0,0,0,0	118	815
172362	291	646	479	209	189	67	32	11	3914	216	330	444	221	2	63	0	0	1913	0,0,0,0,0,0	35605	123	186	27181	248	0	25837,23759,23759,15976,15976,15976,15976	1	9	26853,0,0,0,0,0,0	114	912
172481	261	610	493	204	198	60	34	11	3846	216	332	464	269	2	68	0	0	1860	0,0,0,0,0,0	35603	163	146	27325	250	0	25999,23894,23894,15989,15989,15989,15989	1	14	26997,0,0,0,0,0,0	111	1043
172572	226	586	505	214	182	53	37	11	3806	218	336	443	246	3	84	0	0	1803	0,0,0,0,0,0	23232	139	154	27478	252	0	26176,24047,24047,16020,16020,16020,16020	1	14	27150,0,0,0,0,0,0	103	1150
172621	255	555	490	210	177	52	33	11	3780	223	339	455	257	3	64	0	0	1772	0,0,0,0,0,0	23403	166	190	27667	254	0	26377,24224,24224,16084,16084,16084,16084	1	27	27339,0,0,0,0,0,0	95	1286
172706	275	521	467	207	172	51	31	10	3736	227	343	458	247	4	61	0	0	1724	0,0,0,0,0,0	23510	154	174	27841	256	0	26571,24392,24392,16126,16126,16126,16126	1	18	27513,0,0,0,0,0,0	92	1408
172749	269	549	460	193	168	48	33	10	3694	228	345	442	327	2	62	0	0	1720	0,0,0,0,0,0	23314	148	194	28033	260	0	26780,24577,24577,16196,16196,16196,16196	1	28	27706,0,0,0,0,0,0	96	1517
172832	283	524	430	194	186	48	31	10	3630	230	348	470	257	4	63	0	0	1696	0,0,0,0,0,0	23226	154	169	28201	262	0	26964,24736,24736,16234,16234,16234,16234	1	22	27874,0,0,0,0,0,0	97	1633
172931	267	553	413	186	189	45	29	10	3539	231	353	452	253	1	54	0	0	1682	0,0,0,0,0,0	35576	163	176	28375	264	0	27154,24898,24898,16270,16270,16270,16270	1	11	28048,0,0,0,0,0,0	96	1759
173038	264	537	405	189	182	51	28	11	3453	233	355	450	247	2	60	0	0	1656	0,0,0,0,0,0	35681	77	159	28536	265	0	27340,25057,25057,16299,16299,16299,16299	1	16	28209,0,0,0,0,0,0	106	1812
173124	265	554	369	184	180	52	28	10	3389	234	357	449	234	1	66	0	0	1632	0,0,0,0,0,0	23140	67	167	28700	268	0	27520,25212,25212,16332,16332,16332,16332	1	15	28373,0,0,0,0,0,0	104	1860
173161	254	558	398	183	161	50	26	9	3346	237	363	457	235	5	67	0	0	1630	0,0,0,0,0,0	23177	73	181	28879	270	0	27730,25400,25400,16403,16403,16403,16403	1	18	28552,0,0,0,0,0,0	98	1911
173185	263	578	390	174	160	55	26	8	3301	240	366	450	263	1	47	0	0	1646	0,0,0,0,0,0	23407	70	184	29057	276	0	27933,25582,25582,16478,16478,16478,16478	1	17	28730,0,0,0,0,0,0	95	1966
173191	300	573	402	170	157	56	27	8	3250	241	371	447	311	3	61	0	0	1685	0,0,0,0,0,0	23333	71	204	29259	279	0	28158,25786,25786,16573,16573,16573,16573	1	19	28932,0,0,0,0,0,0	111	2016
173243	295	566	404	171	165	57	29	6	3194	241	375	464	111	2	60	0	0	1687	0,0,0,0,0,0	23464	74	170	29427	282	0	28350,25956,25956,16628,16628,16628,16628	1	20	29100,0,0,0,0,0,0	106	2077
173303	277	561	408	151	169	58	32	6	3160	242	379	470	77	2	49	0	0	1656	0,0,0,0,0,0	35400	68	152	29577	285	0	28526,26110,26110,16673,16673,16673,16673	1	15	29250,0,0,0,0,0,0	111	2127
173409	240	558	405	157	175	56	29	7	3082	245	383	449	246	0	55	0	0	1620	0,0,0,0,0,0	35441	203	126	29702	286	0	28660,26222,26222,16675,16675,16675,16675	1	6	29375,0,0,0,0,0,0	108	2288
173461	265	543	404	147	168	55	27	7	3035	250	384	458	269	3	63	0	0	1609	0,0,0,0,0,0	23331	194	172	29868	294	0	28829,26369,26369,16716,16716,16716,16716	1	20	29542,0,0,0,0,0,0	101	2442
173475	304	518	418	157	174	55	26	5	2975	252	387	484	253	0	59	0	0	1652	2,0,0,0,0,0	23310	213	165	30074	298	0	29034,26552,26552,16796,16796,16796,16796	1	8	29706,44,0,0,0,0,0	97	2614
173443	312	562	446	139	172	57	27	4	2941	255	388	484	266	1	57	0	0	1715	5,0,0,0,0,0	23395	193	193	30297	304	0	29260,26759,26759,16910,16910,16910,16910	1	21	29883,90,0,0,0,0,0	92	2763
173409	335	612	427	141	159	53	28	4	2932	256	390	510	285	4	63	0	0	1755	8,0,0,0,0,0	23379	195	189	30520	309	0	29488,26968,26968,17024,17024,17024,17024	1	17	30055,143,0,0,0,0,0	98	2900
173374	351	642	421	138	166	47	27	5	2920	259	396	491	240	0	64	0	0	1792	11,0,0,0,0,0	23457	212	198	30748	316	0	29729,27189,27189,17145,17145,17145,17145	1	15	30215,213,0,0,0,0,0	89	3048
173361	337	676	422	140	170	48	27	5	2900	262	398	505	324	3	52	0	0	1820	15,0,0,0,0,0	35380	180	164	30949	321	0	29936,27378,27378,17241,17241,17241,17241	1	10	30341,291,0,0,0,0,0	95	3175
173362	316	680	443	157	165	49	29	6	2879	262	398	503	250	5	44	0	0	1839	18,0,0,0,0,0	35508	179	169	31147	328	0	30211,27634,27634,17366,17366,17366,17366	1	5	30478,356,0,0,0,0,0	96	3312
173336	308	704	446	158	168	51	31	6	2872	264	402	504	254	3	61	0	0	1866	20,0,0,0,0,0	23283	166	208	31349	336	0	30494,27901,27901,17505,17505,17505,17505	1	19	30621,420,0,0,0,0,0	90	3433
