S	E	I1	I2	I3	I4	I5_h	I6_h	R_h	R	D1	D2	H	T	P1	P2	Q	QT	NQ	MUT	HOM	VAC	NI	INF	REINF	BSTR	IMM	HCI	HCE	INFV	INFH	VNI
178143	101	112	59	47	42	4	3	0	235	0	0	205	0	0	0	0	0	368	0,0,0,0,0,0	178746	0	0	368	0	0	603,603,603,603,603,603,603	0	0	0,0,0,0,0,0,0	0	0
178095	85	166	57	42	43	3	3	1	250	0	1	346	318	0	78	0	0	399	0,0,0,0,0,0	12412	0	64	432	0	0	651,651,651,651,651,651,651	0	5	64,0,0,0,0,0,0	6	0
178024	103	177	72	41	43	4	4	1	273	0	4	458	233	0	18	0	0	444	0,0,0,0,0,0	12711	0	76	508	0	0	723,723,723,723,723,723,723	0	7	140,0,0,0,0,0,0	11	0
177948	126	199	81	42	40	5	6	1	287	0	11	519	250	0	17	0	0	499	0,0,0,0,0,0	12590	0	88	597	0	0	800,800,800,800,800,800,800	0	7	229,0,0,0,0,0,0	12	0
177882	128	220	93	43	51	5	5	1	302	0	16	578	93	0	11	0	0	545	0,0,0,0,0,0	24656	0	77	674	0	0	867,867,867,867,867,867,867	0	5	306,0,0,0,0,0,0	13	0
177839	115	235	102	48	59	8	5	1	314	0	20	612	339	0	15	0	0	572	0,0,0,0,0,0	24624	0	61	734	1	0	915,915,915,915,915,915,915	0	4	367,0,0,0,0,0,0	17	0
177757	112	273	113	47	58	12	3	2	347	1	21	643	263	1	30	0	0	618	0,0,0,0,0,0	12963	0	96	830	1	0	1003,1003,1003,1003,1003,1003,1003	0	8	463,0,0,0,0,0,0	16	0
177693	124	266	127	55	64	13	3	2	375	1	23	657	248	1	22	0	0	652	0,0,0,0,0,0	13081	0	81	911	1	0	1073,1072,1072,1072,1072,1072,1072	0	6	544,0,0,0,0,0,0	19	0
177615	130	274	135	62	68	15	5	1	412	1	28	697	250	2	28	0	0	689	0,0,0,0,0,0	12800	0	97	1008	1	0	1157,1157,1157,1156,1156,1156,1156	0	3	641,0,0,0,0,0,0	20	0
177544	142	271	150	72	72	15	6	1	438	1	34	679	218	0	31	0	0	728	0,0,0,0,0,0	13011	0	94	1102	1	0	1240,1240,1240,1237,1237,1237,1237	0	15	735,0,0,0,0,0,0	22	0
177465	141	293	165	72	77	16	7	1	472	1	36	692	243	1	25	0	0	771	0,0,0,0,0,0	12984	0	106	1207	2	0	1330,1329,1329,1324,1324,1324,1324	0	10	841,0,0,0,0,0,0	27	0
177382	143	294	196	79	75	15	8	1	513	1	39	717	95	1	33	0	0	810	0,0,0,0,0,0	24809	0	103	1308	4	0	1424,1422,1422,1415,1415,1415,1415	0	11	944,0,0,0,0,0,0	35	0
177308	140	306	198	81	70	18	12	1	567	1	44	693	255	5	40	0	0	825	0,0,0,0,0,0	24854	0	96	1402	7	0	1511,1508,1508,1497,1497,1497,1497	0	7	1041,0,0,0,0,0,0	36	0
177205	167	323	195	81	70	19	13	1	621	1	50	702	262	0	23	0	0	868	0,0,0,0,0,0	12958	0	128	1529	8	0	1631,1627,1627,1612,1612,1612,1612	0	10	1169,0,0,0,0,0,0	41	0
177112	189	326	203	82	77	17	15	2	668	1	54	718	245	0	30	0	0	909	0,0,0,0,0,0	13000	0	122	1648	11	0	1745,1739,1739,1717,1717,1717,1717	0	12	1291,0,0,0,0,0,0	39	0
177007	206	355	205	76	81	15	15	1	725	2	58	708	257	0	37	0	0	953	0,0,0,0,0,0	12971	0	134	1782	11	0	1872,1864,1864,1836,1836,1836,1836	0	13	1425,0,0,0,0,0,0	39	0
176943	192	359	200	85	87	17	14	2	783	3	61	711	258	1	41	0	0	954	0,0,0,0,0,0	12798	0	102	1884	15	0	1962,1952,1952,1916,1916,1916,1916	0	10	1530,0,0,0,0,0,0	40	0
176835	191	407	201	87	91	19	15	1	830	4	65	710	274	1	40	0	0	1011	0,0,0,0,0,0	12993	0	144	2029	15	0	2099,2086,2086,2041,2041,2041,2041	0	14	1675,0,0,0,0,0,0	47	0
176765	200	393	227	89	97	18	18	1	865	4	69	747	152	0	32	0	0	1042	0,0,0,0,0,0	24760	0	119	2146	17	0	2205,2189,2189,2132,2132,2132,2132	0	8	1794,0,0,0,0,0,0	55	0
176696	186	392	242	98	96	18	18	1	918	4	77	714	319	1	37	0	0	1050	0,0,0,0,0,0	24995	0	111	2256	18	0	2312,2292,2292,2222,2222,2222,2222	0	5	1905,0,0,0,0,0,0	62	0
176592	199	403	246	101	93	21	18	2	983	6	82	708	311	2	37	0	0	1081	0,0,0,0,0,0	13143	0	148	2403	19	0	2453,2430,2430,2347,2347,2347,2347	0	16	2053,0,0,0,0,0,0	59	0
176506	227	399	268	104	94	22	17	3	1014	8	84	712	285	4	44	0	0	1131	0,0,0,0,0,0	13021	0	162	2566	19	0	2599,2570,2570,2467,2467,2467,2467	1	17	2216,0,0,0,0,0,0	55	0
176409	221	441	261	100	97	23	17	2	1078	10	87	728	239	1	42	0	0	1160	0,0,0,0,0,0	12975	0	157	2722	20	0	2742,2708,2708,2589,2589,2589,2589	1	23	2372,0,0,0,0,0,0	59	0
176249	253	494	273	103	98	26	20	3	1127	10	90	687	315	2	37	0	0	1267	0,0,0,0,0,0	12983	0	213	2936	20	0	2951,2912,2912,2776,2776,2776,2776	1	24	2586,0,0,0,0,0,0	68	0
176126	263	523	278	93	116	28	18	3	1193	12	93	693	244	1	47	0	0	1319	0,0,0,0,0,0	13011	0	183	3121	20	0	3122,3079,3079,2926,2926,2926,2926	1	30	2771,0,0,0,0,0,0	68	0
176008	251	559	306	95	135	29	17	3	1229	15	99	677	97	1	33	0	0	1392	0,0,0,0,0,0	24950	0	182	3303	20	0	3299,3250,3250,3077,3077,3077,3077	1	20	2953,0,0,0,0,0,0	79	0
175895	262	571	312	99	141	33	18	3	1292	16	104	677	266	3	50	0	0	1436	0,0,0,0,0,0	24871	0	183	3487	21	0	3480,3424,3424,3226,3226,3226,3226	1	20	3138,0,0,0,0,0,0	81	0
175776	267	557	333	124	141	30	19	3	1372	17	107	668	247	0	70	0	0	1471	0,0,0,0,0,0	13009	0	178	3665	21	0	3653,3592,3592,3374,3374,3374,3374	1	16	3316,0,0,0,0,0,0	80	0
175626	294	578	350	135	145	30	19	3	1440	17	109	662	276	2	64	0	0	1551	0,0,0,0,0,0	13033	0	220	3887	22	0	3865,3797,3797,3557,3557,3557,3557	1	22	3539,0,0,0,0,0,0	80	0
175480	334	607	351	145	150	28	21	2	1497	18	113	656	256	5	55	0	0	1636	0,0,0,0,0,0	13043	0	240	4127	22	0	4093,4018,4018,3747,3747,3747,3747	1	29	3779,0,0,0,0,0,0	78	0
175321	348	637	378	153	163	30	19	2	1557	22	116	652	256	1	58	0	0	1728	0,0,0,0,0,0	12881	0	237	4365	23	0	4326,4243,4243,3945,3945,3945,3945	1	22	4018,0,0,0,0,0,0	77	0
175181	360	672	396	146	171	32	21	2	1622	22	121	643	236	3	56	0	0	1798	0,0,0,0,0,0	13034	0	229	4594	23	0	4549,4457,4457,4129,4129,4129,4129	1	23	4247,0,0,0,0,0,0	75	0
175047	347	716	404	147	172	37	22	4	1705	22	123	625	255	2	51	0	0	1845	0,0,0,0,0,0	25006	0	222	4815	24	0	4757,4658,4658,4304,4304,4304,4304	1	12	4468,0,0,0,0,0,0	83	0
174930	352	717	445	167	178	37	20	5	1746	24	125	635	246	0	70	0	0	1916	0,0,0,0,0,0	24781	0	230	5047	24	0	4978,4868,4868,4476,4476,4476,4476	1	18	4700,0,0,0,0,0,0	80	0
174735	377	762	462	163	186	42	20	5	1834	27	133	643	279	6	67	0	0	2012	0,0,0,0,0,0	13086	0	284	5331	25	0	5258,5140,5140,4715,4715,4715,4715	1	33	4984,0,0,0,0,0,0	85	0
174552	397	788	484	162	218	48	20	6	1905	28	138	619	252	3	72	0	0	2117	0,0,0,0,0,0	12946	0	292	5622	26	0	5543,5414,5414,4951,4951,4951,4951	2	23	5275,0,0,0,0,0,0	93	0
174363	425	824	486	174	220	46	19	5	2009	30	145	617	252	9	77	0	0	2194	0,0,0,0,0,0	12963	0	297	5919	26	0	5834,5695,5695,5193,5193,5193,5193	2	24	5572,0,0,0,0,0,0	91	0
174170	462	869	484	178	225	48	23	5	2105	30	147	608	312	2	82	0	0	2289	0,0,0,0,0,0	12930	0	323	6242	26	0	6146,5993,5993,5447,5447,5447,5447	2	37	5895,0,0,0,0,0,0	89	0
174037	460	896	544	193	221	49	24	5	2136	32	149	621	302	3	75	0	0	2387	0,0,0,0,0,0	12964	0	287	6528	27	0	6420,6253,6253,5654,5654,5654,5654	2	27	6181,0,0,0,0,0,0	93	0
173880	458	923	548	197	219	52	28	7	2250	32	152	599	309	4	86	0	0	2425	0,0,0,0,0,0	24925	0	283	6811	29	0	6696,6516,6516,5871,5871,5871,5871	2	33	6465,0,0,0,0,0,0	97	0
173724	455	945	571	196	224	51	28	7	2358	32	155	593	235	4	69	0	0	2470	0,0,0,0,0,0	24976	0	289	7100	30	0	6974,6782,6782,6091,6091,6091,6091	2	26	6754,0,0,0,0,0,0	112	0
173501	473	996	565	223	236	55	25	7	2468	34	163	574	243	4	90	0	0	2573	0,0,0,0,0,0	13105	0	347	7447	31	0	7317,7112,7112,6376,6376,6376,6376	2	45	7101,0,0,0,0,0,0	105	0
173314	504	974	592	244	274	60	30	6	2548	35	165	543	311	4	86	0	0	2678	0,0,0,0,0,0	12972	0	344	7792	32	0	7648,7428,7428,6636,6636,6636,6636	2	40	7446,0,0,0,0,0,0	107	0
173091	550	1008	643	249	267	60	30	6	2634	39	169	549	254	8	123	0	0	2807	0,0,0,0,0,0	13073	0	366	8158	34	0	8007,7772,7772,6928,6928,6928,6928	2	40	7812,0,0,0,0,0,0	111	0
172850	575	1071	657	252	264	62	32	9	2763	40	171	506	299	4	88	0	0	2913	0,0,0,0,0,0	12967	0	382	8541	35	0	8380,8132,8132,7237,7237,7237,7237	2	33	8196,0,0,0,0,0,0	118	0
172635	587	1101	698	261	285	59	35	8	2863	41	173	535	268	7	109	0	0	3026	0,0,0,0,0,0	12900	0	381	8923	36	0	8753,8487,8487,7532,7532,7532,7532	3	41	8578,0,0,0,0,0,0	129	0
172454	603	1072	735	289	288	63	35	7	2985	41	174	543	243	4	92	0	0	3085	0,0,0,0,0,0	24887	0	343	9263	40	0	9082,8801,8801,7788,7788,7788,7788	3	25	8919,0,0,0,0,0,0	131	0
172277	550	1156	737	308	300	64	39	4	3094	41	176	537	247	4	111	0	0	3154	0,0,0,0,0,0	25259	0	346	9611	40	0	9421,9123,9123,8047,8047,8047,8047	3	27	9267,0,0,0,0,0,0	147	0
172019	562	1226	728	303	295	72	41	4	3270	42	184	529	285	4	115	0	0	3227	0,0,0,0,0,0	13201	0	418	10026	43	0	9832,9518,9518,8383,8383,8383,8383	3	39	9683,0,0,0,0,0,0	152	0
171799	597	1241	757	322	322	70	43	6	3358	44	187	529	244	9	121	0	0	3352	0,0,0,0,0,0	13052	0	430	10455	46	0	10247,9912,9912,8701,8701,8701,8701	3	44	10112,0,0,0,0,0,0	150	0
171581	615	1221	807	333	345	68	39	8	3491	49	189	508	250	8	112	0	0	3428	0,0,0,0,0,0	28618	0	427	10882	49	0	10662,10306,10306,9018,9018,9018,9018	3	37	10539,0,0,0,0,0,0	148	0
171348	633	1253	836	335	328	76	38	10	3640	53	196	512	246	6	126	0	0	3499	0,0,0,0,0,0	28464	0	435	11320	50	0	11092,10715,10715,9350,9350,9350,9350	3	60	10977,0,0,0,0,0,0	150	0
171114	622	1294	865	334	334	74	42	12	3801	56	198	512	222	4	156	0	0	3565	0,0,0,0,0,0	28559	0	423	11741	52	0	11502,11106,11106,9672,9672,9672,9672	3	38	11398,0,0,0,0,0,0	142	0
170948	655	1270	878	342	345	74	43	12	3919	59	201	506	258	3	106	0	0	3607	0,0,0,0,0,0	42349	0	396	12136	54	0	11885,11465,11465,9948,9948,9948,9948	3	25	11793,0,0,0,0,0,0	160	0
170835	610	1270	873	347	343	74	44	12	4075	61	202	480	251	6	111	0	0	3561	0,0,0,0,0,0	42231	0	342	12478	55	0	12212,11770,11770,10170,10170,10170,10170	3	18	12135,0,0,0,0,0,0	175	0
170701	554	1332	852	360	338	80	44	13	4202	64	206	488	266	5	127	0	0	3560	0,0,0,0,0,0	28737	0	389	12866	58	0	12587,12119,12119,10425,10425,10425,10425	3	38	12523,0,0,0,0,0,0	171	0
170533	567	1362	860	378	346	89	41	11	4284	68	207	480	277	5	134	0	0	3643	0,0,0,0,0,0	28418	0	434	13299	60	0	13002,12507,12507,10716,10716,10716,10716	3	59	12956,0,0,0,0,0,0	169	0
170392	602	1279	870	381	385	93	40	8	4414	72	210	491	242	3	157	0	0	3650	0,0,0,0,0,0	28631	0	415	13713	61	0	13401,12879,12879,10987,10987,10987,10987	3	54	13371,0,0,0,0,0,0	187	0
170235	629	1266	915	383	381	91	39	10	4508	75	214	478	259	7	149	0	0	3704	0,0,0,0,0,0	28650	0	429	14137	69	0	13810,13261,13261,11270,11270,11270,11270	3	43	13795,0,0,0,0,0,0	183	0
170104	612	1307	919	375	381	101	41	7	4606	78	215	480	249	7	119	0	0	3736	0,0,0,0,0,0	28592	0	404	14539	74	0	14195,13618,13618,11528,11528,11528,11528	3	43	14198,0,0,0,0,0,0	176	0
170042	608	1267	927	362	386	98	41	7	4713	80	215	478	276	2	126	0	0	3689	0,0,0,0,0,0	42264	0	369	14909	77	0	14545,13938,13938,11735,11735,11735,11735	3	33	14569,0,0,0,0,0,0	188	0
169947	577	1245	910	371	388	104	39	7	4860	82	216	461	310	6	138	0	0	3634	0,0,0,0,0,0	42488	0	364	15273	79	0	14892,14258,14258,11956,11956,11956,11956	3	34	14933,0,0,0,0,0,0	177	0
169848	615	1248	878	344	398	102	45	4	4960	83	221	432	279	5	125	0	0	3630	0,0,0,0,0,0	28506	0	405	15679	80	0	15280,14615,14615,12200,12200,12200,12200	3	51	15339,0,0,0,0,0,0	182	0
169791	601	1212	891	363	386	107	49	3	5035	86	222	413	250	4	142	0	0	3609	0,0,0,0,0,0	28280	0	372	16052	83	0	15631,14935,14935,12404,12404,12404,12404	3	38	15712,0,0,0,0,0,0	188	0
169755	579	1222	872	360	372	107	44	4	5116	92	223	448	290	3	130	0	0	3556	0,0,0,0,0,0	28344	0	360	16412	84	0	15971,15241,15241,12591,12591,12591,12591	3	40	16072,0,0,0,0,0,0	187	0
169661	579	1220	834	359	369	114	44	5	5236	98	227	468	255	4	141	0	0	3519	0,0,0,0,0,0	28536	0	370	16778	89	0	16321,15564,15564,12812,12812,12812,12812	3	37	16438,0,0,0,0,0,0	177	0
169636	560	1248	828	343	358	115	46	5	5278	100	229	471	263	5	115	0	0	3498	0,0,0,0,0,0	28502	0	370	17140	99	0	16663,15872,15872,12994,12994,12994,12994	3	30	16801,0,0,0,0,0,0	189	0
169652	541	1240	838	327	352	115	50	6	5290	101	234	453	277	8	116	0	0	3463	0,0,0,0,0,0	42505	0	343	17482	101	0	16984,16157,16157,13147,13147,13147,13147	3	34	17144,0,0,0,0,0,0	185	0
169690	497	1181	874	319	364	116	48	6	5307	106	238	453	314	7	100	0	0	3399	0,0,0,0,0,0	42338	0	293	17771	106	0	17255,16395,16395,13264,13264,13264,13264	3	28	17433,0,0,0,0,0,0	196	0
169692	517	1176	841	318	362	115	48	7	5324	108	238	451	259	4	135	0	0	3377	0,0,0,0,0,0	28636	0	346	18116	108	0	17577,16682,16682,13423,13423,13423,13423	3	40	17778,0,0,0,0,0,0	190	0
169658	525	1148	856	323	358	107	46	9	5365	111	240	447	262	3	126	0	0	3363	0,0,0,0,0,0	28670	0	364	18477	111	0	17915,16987,16987,13606,13606,13606,13606	3	37	18139,0,0,0,0,0,0	183	0
169579	558	1132	875	304	381	108	50	8	5398	113	240	450	257	6	125	0	0	3408	0,0,0,0,0,0	28582	0	399	18871	117	0	18286,17327,17327,13829,13829,13829,13829	3	41	18533,0,0,0,0,0,0	189	0
169558	573	1092	867	316	374	107	46	7	5444	118	244	417	332	3	117	0	0	3375	0,0,0,0,0,0	28679	0	344	19213	121	0	18609,17617,17617,13998,13998,13998,13998	3	35	18875,0,0,0,0,0,0	179	0
169539	569	1102	900	316	351	111	44	11	5435	121	247	423	254	6	120	0	0	3393	0,0,0,0,0,0	28421	0	373	19580	130	0	18953,17926,17926,14177,14177,14177,14177	3	30	19242,0,0,0,0,0,0	182	0
169557	539	1109	850	309	339	116	45	14	5490	123	255	419	231	3	110	0	0	3307	0,0,0,0,0,0	42416	0	310	19892	130	0	19246,18186,18186,14313,14313,14313,14313	3	24	19554,0,0,0,0,0,0	182	0
169571	515	1109	850	303	327	116	46	13	5515	125	256	416	244	4	104	0	0	3266	0,0,0,0,0,0	42679	0	314	20204	136	0	19536,18443,18443,14450,14450,14450,14450	2	15	19866,0,0,0,0,0,0	193	0
169548	517	1151	877	301	289	114	50	13	5502	127	257	427	241	6	120	0	0	3299	0,0,0,0,0,0	28531	0	377	20580	140	0	19889,18760,18760,14634,14634,14634,14634	2	35	20244,0,0,0,0,0,0	182	0
169594	535	1117	868	295	303	104	52	13	5477	129	259	413	312	2	84	0	0	3274	0,0,0,0,0,0	28640	0	341	20920	142	0	20201,19034,19034,14764,14764,14764,14764	2	33	20584,0,0,0,0,0,0	179	0
169612	532	1105	846	302	302	101	51	14	5488	133	260	404	320	9	123	0	0	3239	0,0,0,0,0,0	28525	0	347	21266	144	0	20522,19318,19318,14912,14912,14912,14912	2	49	20930,0,0,0,0,0,0	180	0
169619	525	1120	843	299	282	100	48	17	5496	135	262	404	244	2	112	0	0	3217	0,0,0,0,0,0	28610	0	341	21602	149	0	20834,19596,19596,15060,15060,15060,15060	2	32	21266,0,0,0,0,0,0	174	0
169655	508	1126	813	306	282	94	45	17	5493	140	267	394	289	4	103	0	0	3174	0,0,0,0,0,0	28288	0	323	21928	151	0	21137,19862,19862,15190,15190,15190,15190	2	28	21592,0,0,0,0,0,0	160	0
169717	500	1043	839	319	311	85	50	15	5457	140	270	409	288	1	116	0	0	3147	0,0,0,0,0,0	42531	0	297	22223	154	0	21406,20095,20095,15290,15290,15290,15290	2	26	21887,0,0,0,0,0,0	170	0
169853	461	1029	807	308	304	82	55	13	5419	142	273	406	260	1	111	0	0	3046	0,0,0,0,0,0	42132	0	266	22487	157	0	21643,20292,20292,15338,15338,15338,15338	2	19	22151,0,0,0,0,0,0	170	0
169844	493	1040	810	311	292	78	54	12	5393	144	275	410	284	12	122	0	0	3078	0,0,0,0,0,0	28277	0	362	22845	162	0	21976,20590,20590,15503,15503,15503,15503	2	38	22509,0,0,0,0,0,0	156	0
169845	534	1011	794	312	277	79	46	12	5409	148	279	407	260	6	108	0	0	3053	0,0,0,0,0,0	28700	0	331	23171	169	0	22278,20859,20859,15648,15648,15648,15648	2	31	22835,0,0,0,0,0,0	151	0
169838	535	1045	765	301	265	79	46	11	5423	152	286	398	325	3	100	0	0	3036	0,0,0,0,0,0	28523	0	355	23516	179	0	22604,21150,21150,15808,15808,15808,15808	2	33	23182,0,0,0,0,0,0	152	0
169876	511	1058	769	293	269	80	45	11	5391	155	288	407	261	2	96	0	0	3025	0,0,0,0,0,0	28467	0	315	23828	182	0	22890,21401,21401,15927,15927,15927,15927	2	34	23494,0,0,0,0,0,0	150	0
169901	501	1066	768	313	275	84	44	9	5335	158	292	395	234	2	89	0	0	3051	0,0,0,0,0,0	28461	0	321	24145	187	0	23184,21661,21661,16055,16055,16055,16055	2	26	23811,0,0,0,0,0,0	148	0
170029	470	1011	759	301	288	84	50	8	5288	161	297	397	260	6	105	0	0	2963	0,0,0,0,0,0	42302	0	256	24400	189	0	23414,21852,21852,16101,16101,16101,16101	2	24	24066,0,0,0,0,0,0	149	0
170161	421	953	741	314	304	84	48	9	5248	164	299	406	331	9	96	0	0	2865	0,0,0,0,0,0	41906	0	215	24610	194	0	23600,22004,22004,16123,16123,16123,16123	2	12	24277,0,0,0,0,0,0	158	0
170169	426	993	702	327	300	83	42	13	5225	167	299	437	312	6	115	0	0	2873	0,0,0,0,0,0	28471	0	323	24935	195	0	23898,22269,22269,16261,16261,16261,16261	2	31	24602,0,0,0,0,0,0	143	0
170205	454	975	687	325	283	83	41	12	5206	174	301	445	285	7	123	0	0	2848	0,0,0,0,0,0	28432	0	295	25227	202	0	24164,22501,22501,16369,16369,16369,16369	2	38	24894,0,0,0,0,0,0	140	0
170243	463	982	676	322	266	88	42	11	5171	176	306	449	265	1	105	0	0	2839	0,0,0,0,0,0	28463	0	319	25545	204	0	24456,22758,22758,16488,16488,16488,16488	2	32	25212,0,0,0,0,0,0	157	0
170314	426	959	683	319	264	85	44	11	5151	177	313	423	265	5	97	0	0	2780	0,0,0,0,0,0	42222	0	253	25799	207	0	24689,22957,22957,16561,16561,16561,16561	2	15	25466,0,0,0,0,0,0	174	0
170397	402	922	686	321	272	81	42	11	5115	181	316	423	224	5	89	0	0	2726	0,0,0,0,0,0	42079	0	236	26035	208	0	24902,23137,23137,16618,16618,16618,16618	2	15	25703,0,0,0,0,0,0	170	0
170533	364	874	673	304	259	84	42	9	5101	184	319	412	283	5	91	0	0	2600	0,0,0,0,0,0	42548	0	207	26243	208	0	25085,23286,23286,16634,16634,16634,16634	2	15	25911,0,0,0,0,0,0	158	0
170675	344	859	650	279	259	83	43	9	5037	187	321	429	285	5	82	0	0	2517	0,0,0,0,0,0	42069	24	210	26453	209	0	25269,23435,23435,16649,16649,16649,16649	2	17	26121,0,0,0,0,0,0	155	18
170774	334	832	617	256	265	80	42	8	5023	190	325	436	270	6	94	0	0	2426	0,0,0,0,0,0	28473	24	228	26679	212	0	25470,23603,23603,16692,16692,16692,16692	2	17	26347,0,0,0,0,0,0	152	40
170871	368	776	602	274	277	85	39	8	4926	193	327	421	262	3	90	0	0	2421	0,0,0,0,0,0	28610	29	259	26935	217	0	25696,23794,23794,16747,16747,16747,16747	2	27	26603,0,0,0,0,0,0	159	65
170969	378	770	602	256	261	85	39	9	4853	195	329	414	283	4	107	0	0	2391	0,0,0,0,0,0	28274	27	240	27177	218	0	25911,23975,23975,16796,16796,16796,16796	2	26	26845,0,0,0,0,0,0	141	88
171078	388	750	600	232	251	87	41	11	4780	196	332	402	238	3	100	0	0	2349	0,0,0,0,0,0	28494	25	231	27401	225	0	26110,24139,24139,16831,16831,16831,16831	2	32	27071,0,0,0,0,0,0	147	108
171206	358	776	561	229	234	79	45	11	4717	197	333	396	313	3	79	0	0	2282	0,0,0,0,0,0	28570	28	217	27615	229	0	26295,24291,24291,16850,16850,16850,16850	2	27	27285,0,0,0,0,0,0	135	132
171337	321	765	546	231	223	78	49	10	4652	199	335	403	242	4	74	0	0	2213	0,0,0,0,0,0	35795	25	189	27802	233	0	26458,24421,24421,16857,16857,16857,16857	2	13	27473,0,0,0,0,0,0	145	154
171440	306	748	538	232	214	80	48	12	4591	201	336	396	283	4	54	0	0	2166	0,0,0,0,0,0	35926	119	212	28012	235	0	26649,24581,24581,16893,16893,16893,16893	2	21	27683,0,0,0,0,0,0	142	247
171531	334	732	531	234	205	81	48	10	4502	202	336	393	230	6	77	0	0	2165	0,0,0,0,0,0	23135	141	236	28242	242	0	26859,24759,24759,16943,16943,16943,16943	2	14	27913,0,0,0,0,0,0	144	360
171629	338	747	517	222	208	84	45	12	4403	205	336	410	229	3	72	0	0	2161	0,0,0,0,0,0	23295	131	220	28454	251	0	27052,24920,24920,16978,16978,16978,16978	1	21	28126,0,0,0,0,0,0	141	459
171675	329	740	509	231	198	81	44	12	4382	207	338	394	274	0	64	0	0	2132	0,0,0,0,0,0	23166	138	218	28668	257	0	27250,25092,25092,17043,17043,17043,17043	1	27	28340,0,0,0,0,0,0	141	573
171751	322	696	512	223	219	74	47	12	4342	207	341	445	270	6	85	0	0	2093	0,0,0,0,0,0	23023	128	222	28883	264	0	27447,25260,25260,17092,17092,17092,17092	1	24	28555,0,0,0,0,0,0	139	677
171830	321	711	502	201	208	67	51	13	4292	207	343	403	258	8	90	0	0	2061	0,0,0,0,0,0	23564	135	219	29097	270	0	27645,25429,25429,17140,17140,17140,17140	1	19	28769,0,0,0,0,0,0	135	788
171915	323	707	492	210	202	62	50	12	4218	209	346	415	274	2	56	0	0	2046	0,0,0,0,0,0	35450	148	213	29311	271	0	27843,25596,25596,17186,17186,17186,17186	1	11	28983,0,0,0,0,0,0	135	910
172071	309	670	499	199	196	62	46	11	4123	213	347	418	324	0	70	0	0	1981	0,0,0,0,0,0	35750	154	173	29482	276	0	28021,25742,25742,17187,17187,17187,17187	1	15	29155,0,0,0,0,0,0	125	1035
172156	297	692	502	191	182	58	46	11	4047	215	349	427	261	1	68	0	0	1968	0,0,0,0,0,0	23094	166	216	29692	282	0	28246,25937,25937,17245,17245,17245,17245	1	17	29365,0,0,0,0,0,0	125	1173
172256	294	665	512	187	170	63	42	13	3975	219	350	418	225	4	70	0	0	1933	0,0,0,0,0,0	23693	165	180	29873	282	0	28436,26099,26099,17277,17277,17277,17277	1	13	29546,0,0,0,0,0,0	115	1307
172352	303	622	489	194	177	60	38	13	3923	224	351	431	327	1	60	0	0	1883	0,0,0,0,0,0	23340	149	186	30057	285	0	28638,26273,26273,17316,17316,17316,17316	1	25	29730,0,0,0,0,0,0	113	1421
172425	296	616	465	202	182	54	36	14	3878	226	352	458	324	2	74	0	0	1851	0,0,0,0,0,0	23378	146	185	30239	289	0	28834,26443,26443,17364,17364,17364,17364	1	12	29912,0,0,0,0,0,0	100	1536
172482	310	583	472	203	199	58	36	14	3808	226	355	442	316	1	69	0	0	1861	0,0,0,0,0,0	23461	148	193	30434	291	0	29047,26631,26631,17429,17429,17429,17429	1	15	30107,0,0,0,0,0,0	108	1654
172564	301	599	448	195	181	63	34	15	3759	232	355	425	231	3	73	0	0	1821	0,0,0,0,0,0	35560	142	164	30593	297	0	29228,26788,26788,17466,17466,17466,17466	1	13	30267,0,0,0,0,0,0	113	1754
172654	291	583	450	189	175	65	29	14	3700	235	361	448	330	4	58	0	0	1782	0,0,0,0,0,0	35458	56	151	30741	300	0	29403,26939,26939,17496,17496,17496,17496	1	12	30416,0,0,0,0,0,0	119	1798
172726	279	592	445	180	162	69	27	13	3651	239	363	442	252	2	71	0	0	1754	0,0,0,0,0,0	23291	64	174	30915	301	0	29601,27111,27111,17544,17544,17544,17544	1	16	30590,0,0,0,0,0,0	113	1841
172782	272	620	419	170	161	69	28	10	3607	240	368	436	242	2	62	0	0	1739	0,0,0,0,0,0	23397	63	183	31096	306	0	29808,27295,27295,17604,17604,17604,17604	1	26	30771,0,0,0,0,0,0	113	1886
172842	274	608	431	179	165	68	27	11	3527	241	373	439	309	2	55	0	0	1752	0,0,0,0,0,0	23363	73	191	31285	310	0	30016,27478,27478,17662,17662,17662,17662	1	18	30960,0,0,0,0,0,0	116	1940
172909	264	603	421	181	164	62	27	11	3486	243	375	441	243	2	70	0	0	1722	0,0,0,0,0,0	23400	69	174	31458	312	0	30206,27644,27644,17708,17708,17708,17708	1	24	31133,0,0,0,0,0,0	117	1986
172958	260	615	431	187	151	58	28	12	3424	244	378	425	230	3	68	0	0	1730	0,0,0,0,0,0	23140	72	192	31648	316	0	30416,27829,27829,17773,17773,17773,17773	1	23	31323,0,0,0,0,0,0	108	2047
173051	233	613	433	182	157	59	28	12	3354	245	379	437	286	1	48	0	0	1705	0,0,0,0,0,0	35638	72	151	31796	320	0	30577,27966,27966,17793,17793,17793,17793	1	11	31471,0,0,0,0,0,0	108	2101
173099	242	586	416	184	163	52	32	12	3333	245	382	422	228	1	46	0	0	1675	0,0,0,0,0,0	35558	220	168	31962	322	0	30743,28111,28111,17839,17839,17839,17839	1	13	31637,0,0,0,0,0,0	101	2257
173181	263	519	402	190	169	51	30	10	3300	247	384	432	261	3	81	0	0	1624	0,0,0,0,0,0	23272	184	149	32108	325	0	30890,28234,28234,17853,17853,17853,17853	1	13	31784,0,0,0,0,0,0	98	2407
173191	262	552	378	180	171	50	27	13	3286	249	387	434	309	5	80	0	0	1620	2,0,0,0,0,0	23544	186	159	32297	330	0	31081,28406,28406,17926,17926,17926,17926	1	23	31941,33,0,0,0,0,0	95	2544
173201	295	557	387	155	162	48	24	13	3264	251	389	440	265	3	65	0	0	1628	4,0,0,0,0,0	23195	198	171	32501	334	0	31288,28591,28591,18006,18006,18006,18006	1	19	32100,80,0,0,0,0,0	88	2690
173204	308	584	408	156	163	49	24	13	3189	252	396	411	222	2	61	0	0	1692	7,0,0,0,0,0	23453	217	180	32716	340	0	31508,28789,28789,18098,18098,18098,18098	1	10	32262,134,0,0,0,0,0	87	2845
173200	324	598	414	164	155	50	23	15	3151	254	398	409	240	1	61	0	0	1728	11,0,0,0,0,0	23438	227	194	32935	344	0	31735,28995,28995,18196,18196,18196,18196	1	21	32419,196,0,0,0,0,0	75	3020
173219	325	597	437	166	157	49	22	11	3108	256	399	419	255	5	58	0	0	1753	14,0,0,0,0,0	35723	181	171	33126	352	0	31930,29168,29168,18268,18268,18268,18268	1	16	32551,259,0,0,0,0,0	83	3148
173190	321	652	427	162	149	47	20	14	3104	258	402	412	233	2	59	0	0	1778	18,0,0,0,0,0	35372	169	188	33353	353	0	32229,29449,29449,18419,18419,18419,18419	1	11	32699,339,0,0,0,0,0	76	3271
173179	323	650	436	165	154	45	18	15	3092	260	409	439	252	1	64	0	0	1791	20,0,0,0,0,0	23213	177	205	33552	359	0	32504,29706,29706,18546,18546,18546,18546	1	17	32833,404,0,0,0,0,0	75	3390
