S	E	I1	I2	I3	I4	I5_h	I6_h	R_h	R	D1	D2	H	T	P1	P2	Q	QT	NQ	MUT	HOM	VAC	NI	INF	REINF	BSTR	IMM	HCI	HCE	INFV	INFH	VNI
178141	125	111	36	34	37	9	3	0	249	1	0	164	0	0	0	0	0	355	0,0,0,0,0,0	178745	0	0	355	0	0	605,605,605,605,605,605,605	0	0	0,0,0,0,0,0,0	0	0
178107	85	175	40	29	37	8	3	0	259	1	2	286	290	0	59	0	0	377	0,0,0,0,0,0	12567	0	44	401	0	0	639,639,639,639,639,639,639	0	4	46,0,0,0,0,0,0	12	0
178053	91	194	46	39	35	9	4	0	270	1	4	389	283	0	8	0	0	418	0,0,0,0,0,0	12667	0	63	464	0	0	693,693,693,693,693,693,693	0	8	109,0,0,0,0,0,0	13	0
178018	74	215	62	42	34	11	4	0	279	1	6	435	235	1	11	0	0	442	0,0,0,0,0,0	12671	0	57	521	0	0	732,732,732,732,732,732,732	0	4	166,0,0,0,0,0,0	16	0
177950	84	218	77	43	42	10	4	0	304	1	13	510	274	0	14	0	0	478	0,0,0,0,0,0	24517	0	74	596	0	0	802,802,802,802,802,802,802	0	6	241,0,0,0,0,0,0	20	0
177896	107	185	98	52	45	11	4	0	330	1	17	539	309	0	15	0	0	502	0,0,0,0,0,0	24663	0	67	663	0	0	859,859,859,859,859,859,859	0	2	308,0,0,0,0,0,0	22	0
177840	111	200	103	50	43	12	5	0	363	1	18	604	310	2	17	0	0	524	0,0,0,0,0,0	12875	0	70	733	0	0	918,918,918,918,918,918,918	0	6	378,0,0,0,0,0,0	19	0
177799	111	192	112	57	52	11	4	0	384	3	21	614	304	2	26	0	0	539	0,0,0,0,0,0	13004	0	61	793	1	0	965,965,965,964,964,964,964	0	9	439,0,0,0,0,0,0	23	0
177730	119	210	114	60	57	11	4	0	413	3	25	653	326	1	22	0	0	575	0,0,0,0,0,0	12997	0	79	872	1	0	1038,1038,1038,1037,1037,1037,1037	0	10	518,0,0,0,0,0,0	23	0
177674	123	208	115	66	68	11	4	0	447	3	27	699	97	1	19	0	0	595	0,0,0,0,0,0	13021	0	72	944	1	0	1099,1099,1099,1098,1098,1098,1098	0	7	590,0,0,0,0,0,0	27	0
177614	127	222	122	64	64	12	5	0	481	3	32	695	264	0	20	0	0	616	0,0,0,0,0,0	12852	0	76	1020	3	0	1166,1165,1165,1162,1162,1162,1162	0	8	668,0,0,0,0,0,0	25	0
177567	107	237	131	64	59	11	6	1	520	3	40	734	245	0	22	0	0	615	0,0,0,0,0,0	24574	0	57	1077	4	0	1220,1219,1219,1215,1215,1215,1215	0	0	726,0,0,0,0,0,0	20	0
177525	101	243	132	63	57	12	5	2	557	3	46	747	308	2	20	0	0	613	0,0,0,0,0,0	24762	0	69	1145	5	0	1276,1274,1274,1268,1268,1268,1268	0	2	795,0,0,0,0,0,0	26	0
177446	127	246	150	63	58	15	5	2	580	3	51	729	300	1	22	0	0	664	0,0,0,0,0,0	13140	0	107	1250	7	0	1373,1370,1370,1360,1360,1360,1360	0	16	902,0,0,0,0,0,0	26	0
177372	145	252	141	71	63	13	5	2	622	3	57	750	268	0	24	0	0	690	0,0,0,0,0,0	12873	0	102	1351	8	0	1464,1460,1460,1446,1446,1446,1446	0	22	1003,0,0,0,0,0,0	25	0
177299	137	281	155	70	63	12	5	1	656	3	64	732	260	1	28	0	0	723	0,0,0,0,0,0	13027	0	97	1447	9	0	1556,1550,1550,1530,1530,1530,1530	0	11	1100,0,0,0,0,0,0	28	0
177230	149	303	159	62	57	11	5	1	699	3	67	729	230	1	27	0	0	746	0,0,0,0,0,0	12872	0	103	1550	9	0	1649,1641,1641,1613,1613,1613,1613	0	13	1203,0,0,0,0,0,0	32	0
177175	165	290	167	65	65	10	7	1	722	3	76	742	264	0	24	0	0	769	0,0,0,0,0,0	12798	0	94	1643	10	0	1736,1725,1725,1688,1688,1688,1688	0	13	1297,0,0,0,0,0,0	26	0
177101	171	312	176	68	61	13	7	1	747	4	85	743	95	5	21	0	0	808	0,0,0,0,0,0	24996	0	107	1749	11	0	1838,1825,1825,1778,1778,1778,1778	0	12	1404,0,0,0,0,0,0	33	0
177051	161	298	190	79	61	15	9	1	786	5	90	723	260	0	26	0	0	813	0,0,0,0,0,0	24997	0	83	1832	11	0	1914,1899,1899,1844,1844,1844,1844	1	12	1487,0,0,0,0,0,0	31	0
176947	167	342	188	82	58	15	9	1	832	7	98	693	254	1	33	0	0	861	0,0,0,0,0,0	12865	0	140	1974	11	0	2055,2036,2036,1969,1969,1969,1969	1	12	1629,0,0,0,0,0,0	36	0
176847	197	355	198	81	63	17	8	1	869	9	101	698	109	1	29	0	0	919	0,0,0,0,0,0	12960	0	141	2114	12	0	2183,2162,2162,2086,2086,2086,2086	1	12	1770,0,0,0,0,0,0	34	0
176757	220	371	215	86	62	20	10	1	893	9	102	668	265	3	40	0	0	984	0,0,0,0,0,0	13010	0	145	2259	12	0	2318,2292,2292,2201,2201,2201,2201	1	19	1915,0,0,0,0,0,0	43	0
176676	203	410	224	93	72	20	10	1	918	11	108	722	280	2	20	0	0	1032	0,0,0,0,0,0	12936	0	130	2389	12	0	2442,2412,2412,2306,2306,2306,2306	1	15	2045,0,0,0,0,0,0	42	0
176586	217	425	232	96	79	19	12	1	954	11	114	670	228	1	30	0	0	1080	0,0,0,0,0,0	13031	0	143	2533	13	0	2581,2546,2546,2423,2423,2423,2423	1	15	2190,0,0,0,0,0,0	43	0
176506	229	412	252	110	85	17	14	1	994	11	115	708	218	1	32	0	0	1119	0,0,0,0,0,0	24882	0	129	2663	13	0	2701,2663,2663,2525,2525,2525,2525	1	8	2320,0,0,0,0,0,0	43	0
176435	230	403	268	117	100	16	15	1	1033	11	117	676	355	1	39	0	0	1149	0,0,0,0,0,0	24815	0	132	2797	13	0	2825,2781,2781,2626,2626,2626,2626	1	10	2454,0,0,0,0,0,0	41	0
176315	227	460	266	118	108	15	15	1	1089	12	120	660	253	2	58	0	0	1209	0,0,0,0,0,0	12870	0	178	2974	14	0	2997,2948,2948,2774,2774,2774,2774	1	16	2632,0,0,0,0,0,0	41	0
176198	232	491	281	125	94	19	14	2	1152	13	125	654	318	3	38	0	0	1256	0,0,0,0,0,0	12840	0	164	3138	14	0	3157,3104,3104,2913,2913,2913,2913	1	19	2796,0,0,0,0,0,0	44	0
176083	262	502	297	124	93	22	14	2	1203	14	130	629	246	4	46	0	0	1314	0,0,0,0,0,0	12907	0	179	3320	14	0	3335,3275,3275,3063,3063,3063,3063	1	21	2978,0,0,0,0,0,0	48	0
175961	291	499	314	126	113	24	17	2	1248	15	136	633	268	2	41	0	0	1384	0,0,0,0,0,0	13031	0	190	3507	17	0	3516,3451,3451,3217,3217,3217,3217	1	18	3165,0,0,0,0,0,0	59	0
175819	306	525	341	117	113	24	17	2	1326	15	141	628	247	5	61	0	0	1443	0,0,0,0,0,0	13133	0	206	3713	18	0	3718,3646,3646,3391,3391,3391,3391	1	22	3371,0,0,0,0,0,0	56	0
175745	281	553	345	129	123	27	16	1	1368	16	142	658	165	4	39	0	0	1474	0,0,0,0,0,0	24908	0	161	3874	18	0	3866,3787,3787,3504,3504,3504,3504	1	9	3532,0,0,0,0,0,0	62	0
175666	275	566	374	126	135	32	16	2	1390	17	147	653	302	3	53	0	0	1524	0,0,0,0,0,0	24961	0	176	4049	20	0	4032,3944,3944,3630,3630,3630,3630	1	15	3707,0,0,0,0,0,0	66	0
175534	293	594	372	143	123	34	18	2	1463	19	151	669	277	2	56	0	0	1577	0,0,0,0,0,0	13151	0	213	4260	22	0	4237,4142,4142,3800,3800,3800,3800	1	18	3919,0,0,0,0,0,0	71	0
175389	313	613	363	166	132	37	18	2	1541	20	152	670	251	2	65	0	0	1642	0,0,0,0,0,0	12939	0	219	4480	22	0	4448,4346,4346,3978,3978,3978,3978	1	21	4139,0,0,0,0,0,0	74	0
175233	341	638	381	155	127	38	22	1	1634	20	156	630	282	2	67	0	0	1702	0,0,0,0,0,0	13037	0	250	4729	23	0	4689,4578,4578,4179,4179,4179,4179	1	28	4388,0,0,0,0,0,0	77	0
175091	355	656	412	150	149	42	22	1	1686	22	160	617	299	3	54	0	0	1786	0,0,0,0,0,0	12991	0	242	4970	25	0	4924,4803,4803,4369,4369,4369,4369	1	24	4629,0,0,0,0,0,0	74	0
174934	370	706	425	139	146	42	23	4	1767	22	168	605	258	2	73	0	0	1851	0,0,0,0,0,0	12955	0	249	5219	26	0	5170,5040,5040,4572,4572,4572,4572	1	29	4879,0,0,0,0,0,0	82	0
174829	345	722	460	153	156	41	25	4	1817	22	172	588	284	3	51	0	0	1902	0,0,0,0,0,0	24782	0	198	5419	26	0	5362,5223,5223,4722,4722,4722,4722	1	11	5079,0,0,0,0,0,0	91	0
174710	357	724	467	166	168	50	26	4	1877	23	174	577	276	3	50	0	0	1958	0,0,0,0,0,0	24928	0	234	5651	29	0	5582,5432,5432,4894,4894,4894,4894	1	20	5311,0,0,0,0,0,0	90	0
174530	398	730	482	184	182	52	26	4	1955	24	179	571	235	2	70	0	0	2054	0,0,0,0,0,0	13128	0	291	5942	29	0	5866,5705,5705,5128,5128,5128,5128	1	35	5602,0,0,0,0,0,0	103	0
174335	423	779	506	170	183	51	22	4	2061	29	183	586	240	2	78	0	0	2134	0,0,0,0,0,0	12974	0	308	6249	30	0	6166,5994,5994,5376,5376,5376,5376	1	31	5909,0,0,0,0,0,0	102	0
174150	446	817	525	171	186	49	24	5	2155	30	188	563	316	2	72	0	0	2218	0,0,0,0,0,0	12946	0	295	6543	31	0	6453,6271,6271,5613,5613,5613,5613	2	24	6204,0,0,0,0,0,0	98	0
174017	439	845	559	177	184	49	25	3	2225	31	192	572	259	2	78	0	0	2278	0,0,0,0,0,0	12945	0	272	6818	31	0	6721,6524,6524,5815,5815,5815,5815	2	26	6479,0,0,0,0,0,0	99	0
173868	432	892	567	187	210	50	21	5	2286	34	194	542	330	4	84	0	0	2359	0,0,0,0,0,0	12761	0	284	7102	32	0	6996,6786,6786,6029,6029,6029,6029	2	21	6763,0,0,0,0,0,0	91	0
173712	473	887	571	196	226	48	21	5	2376	36	195	528	295	1	70	0	0	2422	0,0,0,0,0,0	24754	0	295	7400	32	0	7283,7060,7060,6253,6253,6253,6253	1	21	7061,0,0,0,0,0,0	93	0
173563	473	870	616	207	235	50	27	6	2463	37	199	512	247	2	73	0	0	2478	0,0,0,0,0,0	24813	0	270	7674	33	0	7552,7315,7315,6463,6463,6463,6463	1	13	7335,0,0,0,0,0,0	97	0
173332	492	936	649	219	235	49	27	4	2560	40	203	512	268	7	102	0	0	2607	0,0,0,0,0,0	13127	0	370	8044	37	0	7915,7665,7665,6761,6761,6761,6761	2	39	7706,0,0,0,0,0,0	98	0
173144	524	950	656	224	257	48	29	4	2661	41	208	520	247	1	106	0	0	2688	0,0,0,0,0,0	12830	0	336	8377	40	0	8240,7975,7975,7018,7018,7018,7018	2	36	8040,0,0,0,0,0,0	105	0
172943	546	992	671	231	256	48	30	4	2770	45	210	540	310	5	102	0	0	2774	0,0,0,0,0,0	28857	0	356	8735	41	0	8590,8309,8309,7293,7293,7293,7293	2	44	8398,0,0,0,0,0,0	108	0
172791	563	1013	663	237	260	52	38	4	2865	47	213	556	333	6	90	0	0	2826	0,0,0,0,0,0	28481	0	329	9064	43	0	8910,8611,8611,7530,7530,7530,7530	2	27	8727,0,0,0,0,0,0	116	0
172620	531	1061	675	257	275	54	41	4	2963	49	216	514	308	4	86	0	0	2894	0,0,0,0,0,0	28561	0	338	9401	45	0	9238,8922,8922,7781,7781,7781,7781	2	28	9064,0,0,0,0,0,0	129	0
172505	480	1092	688	265	301	56	38	4	3046	51	220	499	309	5	72	0	0	2920	0,0,0,0,0,0	42470	0	302	9705	46	0	9532,9198,9198,7986,7986,7986,7986	2	23	9368,0,0,0,0,0,0	125	0
172388	465	1070	701	276	290	58	37	4	3174	57	226	483	218	7	93	0	0	2897	0,0,0,0,0,0	42399	0	291	9996	48	0	9818,9465,9465,8188,8188,8188,8188	2	29	9660,0,0,0,0,0,0	122	0
172286	459	1012	745	298	295	49	37	3	3273	59	230	468	316	4	120	0	0	2895	0,0,0,0,0,0	28617	0	296	10290	50	0	10103,9730,9730,8383,8383,8383,8383	2	33	9954,0,0,0,0,0,0	112	0
172175	448	1013	738	295	280	52	37	3	3411	61	233	461	283	3	101	0	0	2863	0,0,0,0,0,0	28490	0	310	10599	52	0	10400,10007,10007,8586,8586,8586,8586	2	25	10263,0,0,0,0,0,0	109	0
172041	473	1003	734	275	304	56	33	5	3522	64	236	474	297	2	89	0	0	2878	0,0,0,0,0,0	28762	0	334	10932	54	0	10722,10310,10310,8815,8815,8815,8815	2	29	10596,0,0,0,0,0,0	108	0
171923	513	982	715	280	309	57	38	4	3622	66	237	483	253	4	108	0	0	2894	0,0,0,0,0,0	28520	0	336	11269	54	0	11045,10611,10611,9036,9036,9036,9036	2	40	10933,0,0,0,0,0,0	109	0
171822	504	1007	689	291	285	59	38	3	3739	69	240	501	245	3	112	0	0	2873	0,0,0,0,0,0	28529	0	305	11574	55	0	11340,10884,10884,9233,9233,9233,9233	2	40	11238,0,0,0,0,0,0	114	0
171789	454	984	714	268	298	67	42	2	3814	71	243	485	88	1	76	0	0	2827	0,0,0,0,0,0	42206	0	247	11823	56	0	11577,11100,11100,9369,9369,9369,9369	2	26	11487,0,0,0,0,0,0	123	0
171775	404	997	718	264	277	65	47	1	3883	71	244	485	262	5	105	0	0	2772	0,0,0,0,0,0	42205	0	269	12089	62	0	11828,11326,11326,9502,9502,9502,9502	2	28	11753,0,0,0,0,0,0	138	0
171726	431	962	702	271	261	61	48	1	3961	75	247	494	216	8	105	0	0	2736	0,0,0,0,0,0	28401	0	280	12366	67	0	12093,11567,11567,9659,9659,9659,9659	2	25	12030,0,0,0,0,0,0	127	0
171639	458	912	697	261	264	60	45	3	4080	78	249	479	273	7	109	0	0	2697	0,0,0,0,0,0	28550	0	313	12679	69	0	12390,11842,11842,9850,9850,9850,9850	2	33	12343,0,0,0,0,0,0	128	0
171592	467	868	687	266	269	61	44	5	4154	82	251	481	320	3	110	0	0	2662	0,0,0,0,0,0	28448	0	260	12940	71	0	12638,12068,12068,9997,9997,9997,9997	2	35	12604,0,0,0,0,0,0	126	0
171559	465	883	681	268	278	61	46	6	4164	82	253	453	261	4	82	0	0	2682	0,0,0,0,0,0	28504	0	308	13247	72	0	12929,12331,12331,10159,10159,10159,10159	2	32	12911,0,0,0,0,0,0	127	0
171508	450	916	661	260	257	64	44	7	4238	85	256	447	228	7	96	0	0	2652	0,0,0,0,0,0	28809	0	292	13542	74	0	13211,12588,12588,10324,10324,10324,10324	2	31	13207,0,0,0,0,0,0	131	0
171509	435	910	657	263	261	67	41	8	4248	88	259	419	100	1	73	0	0	2634	0,0,0,0,0,0	42450	0	246	13787	77	0	13442,12795,12795,10439,10439,10439,10439	2	13	13453,0,0,0,0,0,0	126	0
171467	450	916	639	260	260	68	42	10	4285	89	260	441	256	2	77	0	0	2635	0,0,0,0,0,0	42085	0	293	14078	81	0	13718,13045,13045,10597,10597,10597,10597	2	29	13745,0,0,0,0,0,0	138	0
171414	451	919	617	271	254	67	37	11	4349	92	264	431	99	1	109	0	0	2616	0,0,0,0,0,0	28307	0	294	14368	86	0	13995,13298,13298,10760,10760,10760,10760	2	35	14037,0,0,0,0,0,0	140	0
171350	458	957	617	278	248	62	36	11	4366	96	267	425	306	2	94	0	0	2656	0,0,0,0,0,0	28663	0	316	14682	90	0	14292,13570,13570,10939,10939,10939,10939	2	29	14351,0,0,0,0,0,0	127	0
171333	460	954	630	271	239	62	36	12	4381	96	272	459	295	3	104	0	0	2652	0,0,0,0,0,0	28410	0	287	14967	94	0	14563,13814,13814,11081,11081,11081,11081	2	34	14637,0,0,0,0,0,0	126	0
171264	493	976	632	276	233	52	37	10	4403	97	273	447	253	4	89	0	0	2699	0,0,0,0,0,0	28369	0	342	15310	97	0	14887,14110,14110,11276,11276,11276,11276	2	38	14980,0,0,0,0,0,0	115	0
171235	513	946	652	263	262	56	43	9	4394	97	276	441	279	9	96	0	0	2735	0,0,0,0,0,0	28402	0	302	15610	100	0	15170,14366,14366,11430,11430,11430,11430	2	37	15281,0,0,0,0,0,0	124	0
171288	449	945	673	272	250	58	41	11	4379	101	279	439	152	3	79	0	0	2688	0,0,0,0,0,0	42144	0	221	15834	101	0	15378,14546,14546,11506,11506,11506,11506	2	18	15505,0,0,0,0,0,0	118	0
171278	390	958	666	272	248	58	43	9	4437	102	285	454	306	6	89	0	0	2635	0,0,0,0,0,0	42399	0	252	16085	106	0	15616,14760,14760,11629,11629,11629,11629	2	22	15756,0,0,0,0,0,0	125	0
171299	376	969	643	268	255	60	44	7	4431	106	288	455	230	5	89	0	0	2615	0,0,0,0,0,0	28387	0	274	16356	110	0	15869,14983,14983,11743,11743,11743,11743	2	22	16027,0,0,0,0,0,0	118	0
171280	411	917	655	278	256	64	47	6	4432	108	292	419	242	2	104	0	0	2628	0,0,0,0,0,0	28327	0	305	16661	110	0	16155,15240,15240,11892,11892,11892,11892	2	28	16332,0,0,0,0,0,0	124	0
171251	432	931	655	269	244	63	44	6	4439	116	296	416	263	2	114	0	0	2638	0,0,0,0,0,0	28374	0	320	16981	111	0	16458,15513,15513,12055,12055,12055,12055	2	35	16652,0,0,0,0,0,0	123	0
171260	437	922	662	272	249	68	42	8	4408	120	298	426	257	3	80	0	0	2652	0,0,0,0,0,0	28629	0	286	17263	115	0	16721,15747,15747,12179,12179,12179,12179	2	34	16934,0,0,0,0,0,0	117	0
171238	441	927	670	281	263	67	37	10	4386	124	302	409	266	5	92	0	0	2686	0,0,0,0,0,0	28288	0	306	17566	118	0	17006,16004,16004,12330,12330,12330,12330	2	27	17237,0,0,0,0,0,0	122	0
171280	429	882	666	280	256	74	35	11	4401	127	305	428	256	3	73	0	0	2622	0,0,0,0,0,0	42206	0	251	17816	120	0	17236,16205,16205,12421,12421,12421,12421	2	13	17487,0,0,0,0,0,0	122	0
171292	432	857	667	274	261	81	35	11	4400	129	307	433	274	4	88	0	0	2607	0,0,0,0,0,0	42176	0	267	18082	121	0	17485,16425,16425,12537,12537,12537,12537	2	28	17754,0,0,0,0,0,0	137	0
171308	438	859	654	259	254	77	35	10	4412	131	309	443	266	0	113	0	0	2576	0,0,0,0,0,0	28507	0	276	18355	124	0	17738,16649,16649,12652,12652,12652,12652	2	16	18027,0,0,0,0,0,0	132	0
171308	417	883	646	252	253	82	37	9	4411	135	313	445	286	5	89	0	0	2570	0,0,0,0,0,0	28786	0	267	18623	125	0	17986,16870,16870,12771,12771,12771,12771	2	33	18295,0,0,0,0,0,0	135	0
171359	420	877	627	243	270	78	34	9	4370	140	319	462	254	3	96	0	0	2549	0,0,0,0,0,0	28531	0	265	18886	129	0	18232,17084,17084,12865,12865,12865,12865	2	24	18559,0,0,0,0,0,0	135	0
171379	414	872	619	258	245	77	33	10	4375	143	321	450	243	4	88	0	0	2518	0,0,0,0,0,0	28524	0	269	19155	131	0	18479,17302,17302,12974,12974,12974,12974	2	30	18828,0,0,0,0,0,0	123	0
171391	439	872	605	254	243	72	38	8	4358	144	322	450	269	2	84	0	0	2523	0,0,0,0,0,0	28333	0	270	19426	131	0	18729,17523,17523,13088,13088,13088,13088	2	24	19099,0,0,0,0,0,0	131	0
171434	416	846	621	243	221	69	40	7	4377	146	326	438	275	1	81	0	0	2456	0,0,0,0,0,0	42544	0	219	19644	134	0	18931,17699,17699,13164,13164,13164,13164	2	21	19317,0,0,0,0,0,0	129	0
171437	384	858	595	239	229	65	43	8	4413	146	329	411	106	4	76	0	0	2413	0,0,0,0,0,0	42218	0	234	19874	140	0	19145,17889,17889,13265,13265,13265,13265	2	20	19547,0,0,0,0,0,0	142	0
171485	383	858	583	227	229	71	45	7	4377	148	333	399	257	2	94	0	0	2396	0,0,0,0,0,0	28593	0	245	20116	144	0	19366,18081,18081,13347,13347,13347,13347	2	31	19789,0,0,0,0,0,0	137	0
171539	388	835	594	219	231	75	42	10	4325	151	337	428	249	4	80	0	0	2384	0,0,0,0,0,0	28513	0	248	20362	147	0	19590,18275,18275,13426,13426,13426,13426	2	25	20035,0,0,0,0,0,0	136	0
171571	417	791	588	221	240	78	43	11	4296	152	338	445	225	4	82	0	0	2378	0,0,0,0,0,0	28501	0	244	20606	150	0	19812,18469,18469,13514,13514,13514,13514	2	26	20279,0,0,0,0,0,0	139	0
171652	390	782	570	234	225	71	42	14	4273	154	339	440	267	1	80	0	0	2314	0,0,0,0,0,0	42325	0	208	20814	150	0	19998,18626,18626,13561,13561,13561,13561	2	28	20487,0,0,0,0,0,0	140	0
171733	368	752	593	233	217	72	41	13	4229	156	339	428	244	7	59	0	0	2276	0,0,0,0,0,0	42276	0	199	21014	151	0	20175,18775,18775,13603,13603,13603,13603	2	19	20687,0,0,0,0,0,0	136	0
171869	342	710	600	218	218	76	39	12	4163	159	340	421	90	3	71	0	0	2203	0,0,0,0,0,0	42211	0	178	21190	153	0	20328,18897,18897,13607,13607,13607,13607	2	13	20863,0,0,0,0,0,0	139	0
171974	312	727	572	207	223	71	41	12	4104	161	342	428	220	4	78	0	0	2153	0,0,0,0,0,0	42160	22	197	21384	156	0	20500,19038,19038,13635,13635,13635,13635	2	17	21057,0,0,0,0,0,0	145	17
172003	311	736	566	205	224	74	39	7	4068	167	346	411	284	1	77	0	0	2155	0,0,0,0,0,0	28353	31	231	21608	163	0	20705,19218,19218,13716,13716,13716,13716	2	25	21281,0,0,0,0,0,0	139	44
172063	319	710	537	224	216	71	33	7	4046	173	347	414	251	2	69	0	0	2110	0,0,0,0,0,0	28546	28	214	21818	167	0	20890,19376,19376,13770,13770,13770,13770	2	24	21491,0,0,0,0,0,0	134	69
172130	315	699	550	231	198	66	38	8	3987	175	349	419	234	7	69	0	0	2097	0,0,0,0,0,0	28589	30	210	22021	174	0	21071,19530,19530,13820,13820,13820,13820	2	13	21694,0,0,0,0,0,0	123	95
172217	303	695	520	231	199	69	39	8	3938	177	350	426	247	2	86	0	0	2056	0,0,0,0,0,0	28739	29	190	22208	177	0	21236,19668,19668,13852,13852,13852,13852	2	21	21882,0,0,0,0,0,0	127	115
172277	298	678	520	215	201	69	37	9	3910	181	351	426	244	6	73	0	0	2018	0,0,0,0,0,0	28533	29	204	22406	184	0	21413,19818,19818,13902,13902,13902,13902	2	29	22080,0,0,0,0,0,0	126	143
172385	292	671	512	214	189	72	39	7	3829	184	352	461	241	2	53	0	0	1989	0,0,0,0,0,0	35533	25	188	22593	188	0	21578,19953,19953,13924,13924,13924,13924	2	19	22268,0,0,0,0,0,0	131	167
172481	291	649	492	210	198	66	34	7	3775	189	354	448	251	7	83	0	0	1940	0,0,0,0,0,0	35472	139	194	22784	191	0	21754,20101,20101,13958,13958,13958,13958	1	12	22459,0,0,0,0,0,0	130	285
172501	287	695	481	207	193	64	34	7	3728	192	357	430	257	0	86	0	0	1961	0,0,0,0,0,0	23119	119	226	23009	194	0	21970,20292,20292,14048,14048,14048,14048	1	23	22684,0,0,0,0,0,0	122	378
172550	323	684	464	196	194	60	34	7	3678	196	360	425	248	5	59	0	0	1955	0,0,0,0,0,0	23276	108	223	23230	197	0	22178,20473,20473,14118,14118,14118,14118	1	21	22906,0,0,0,0,0,0	123	468
172591	325	666	467	193	193	60	33	9	3649	198	362	441	254	4	73	0	0	1937	0,0,0,0,0,0	23462	127	199	23427	199	0	22365,20636,20636,14182,14182,14182,14182	1	16	23103,0,0,0,0,0,0	121	584
172613	312	648	488	191	196	62	30	8	3630	201	367	442	256	1	76	0	0	1927	0,0,0,0,0,0	23277	111	196	23622	202	0	22549,20798,20798,14254,14254,14254,14254	1	17	23298,0,0,0,0,0,0	113	676
172668	309	660	492	189	195	62	32	7	3560	203	369	459	266	1	75	0	0	1939	0,0,0,0,0,0	23375	157	206	23827	205	0	22744,20966,20966,14315,14315,14315,14315	1	23	23504,0,0,0,0,0,0	105	800
172730	304	615	510	189	188	67	32	6	3528	205	372	459	279	1	62	0	0	1905	0,0,0,0,0,0	35326	142	161	23987	206	0	22895,21095,21095,14351,14351,14351,14351	1	20	23664,0,0,0,0,0,0	120	921
172788	274	646	484	180	172	70	33	6	3514	206	373	465	265	2	62	0	0	1859	0,0,0,0,0,0	35736	150	183	24165	211	0	23097,21273,21273,14416,14416,14416,14416	1	14	23842,0,0,0,0,0,0	126	1048
172803	287	626	478	163	181	70	31	7	3517	209	374	463	233	0	64	0	0	1836	0,0,0,0,0,0	23442	127	203	24365	214	0	23310,21465,21465,14504,14504,14504,14504	1	22	24042,0,0,0,0,0,0	118	1142
172831	301	649	462	145	185	66	33	6	3482	210	376	452	269	4	59	0	0	1841	0,0,0,0,0,0	23480	165	222	24583	218	0	23538,21668,21668,14594,14594,14594,14594	1	22	24260,0,0,0,0,0,0	112	1284
172873	303	660	454	149	198	66	32	6	3412	214	379	441	257	6	60	0	0	1862	0,0,0,0,0,0	23346	141	198	24779	223	0	23758,21864,21864,14672,14672,14672,14672	1	23	24456,0,0,0,0,0,0	109	1393
172884	304	674	448	163	201	65	29	4	3377	217	380	442	96	0	81	0	0	1884	0,0,0,0,0,0	23314	160	212	24989	226	0	23981,22065,22065,14768,14768,14768,14768	1	23	24666,0,0,0,0,0,0	109	1523
172907	317	650	459	170	192	62	31	4	3350	218	386	437	263	1	66	0	0	1881	0,0,0,0,0,0	23369	159	203	25191	229	0	24212,22273,22273,14861,14861,14861,14861	1	23	24868,0,0,0,0,0,0	114	1662
172952	307	647	462	164	189	62	34	4	3314	219	392	430	260	0	61	0	0	1865	0,0,0,0,0,0	35543	131	176	25364	232	0	24416,22454,22454,14932,14932,14932,14932	1	14	25042,0,0,0,0,0,0	120	1772
173008	272	665	454	165	182	64	34	4	3282	221	395	437	229	5	54	0	0	1836	0,0,0,0,0,0	35450	64	166	25530	233	0	24609,22625,22625,14990,14990,14990,14990	1	10	25208,0,0,0,0,0,0	122	1823
172993	292	652	442	160	182	67	33	7	3302	221	395	445	238	3	63	0	0	1828	0,0,0,0,0,0	23355	67	223	25753	234	0	24845,22840,22840,15104,15104,15104,15104	1	22	25431,0,0,0,0,0,0	129	1871
173017	318	644	419	171	179	61	31	8	3274	225	399	438	252	3	54	0	0	1823	0,0,0,0,0,0	23379	57	204	25957	236	0	25081,23054,23054,15197,15197,15197,15197	1	16	25635,0,0,0,0,0,0	118	1917
173057	313	628	446	180	171	58	28	8	3227	230	400	437	237	3	78	0	0	1824	0,0,0,0,0,0	23267	56	189	26145	238	0	25288,23237,23237,15268,15268,15268,15268	1	16	25823,0,0,0,0,0,0	116	1954
173075	308	632	444	173	189	56	20	10	3200	237	402	464	253	4	72	0	0	1822	0,0,0,0,0,0	23401	78	199	26342	240	0	25514,23442,23442,15360,15360,15360,15360	1	13	26020,0,0,0,0,0,0	103	2020
173125	298	612	453	198	179	55	21	12	3151	238	404	499	269	1	70	0	0	1816	0,0,0,0,0,0	23465	70	179	26519	245	0	25723,23627,23627,15427,15427,15427,15427	1	16	26197,0,0,0,0,0,0	94	2076
173147	286	597	449	182	184	46	25	13	3168	240	409	486	228	3	64	0	0	1769	0,0,0,0,0,0	35417	75	182	26698	248	0	25925,23809,23809,15507,15507,15507,15507	1	17	26376,0,0,0,0,0,0	109	2122
173172	294	607	441	180	176	41	26	10	3145	241	413	481	296	4	68	0	0	1765	0,0,0,0,0,0	35652	195	184	26879	253	0	26113,23976,23976,15576,15576,15576,15576	1	16	26557,0,0,0,0,0,0	105	2285
173190	282	622	426	174	174	41	27	9	3142	243	416	488	262	1	74	0	0	1746	0,0,0,0,0,0	23158	193	182	27061	254	0	26302,24146,24146,15649,15649,15649,15649	1	15	26739,0,0,0,0,0,0	94	2431
173210	304	607	439	169	171	41	27	8	3106	244	420	454	143	2	56	0	0	1758	2,0,0,0,0,0	23419	205	164	27259	257	0	26500,24321,24321,15722,15722,15722,15722	1	16	26902,36,0,0,0,0,0	101	2589
173177	333	643	425	165	167	47	26	5	3085	246	427	472	272	6	67	0	0	1806	5,0,0,0,0,0	23338	196	212	27508	265	0	26754,24553,24553,15851,15851,15851,15851	1	21	27097,93,0,0,0,0,0	95	2737
173140	355	689	421	176	171	47	24	6	3038	250	429	468	249	3	53	0	0	1883	7,0,0,0,0,0	23359	205	222	27763	272	0	27016,24795,24795,15989,15989,15989,15989	1	19	27295,150,0,0,0,0,0	92	2897
173085	373	721	414	184	189	43	23	6	3027	252	429	453	245	5	67	0	0	1947	10,0,0,0,0,0	23528	199	211	28002	280	0	27264,25024,25024,16125,16125,16125,16125	1	19	27476,213,0,0,0,0,0	95	3046
173048	391	734	432	179	181	39	25	5	3024	255	433	453	321	4	71	0	0	1981	14,0,0,0,0,0	35433	208	200	28242	283	0	27512,25252,25252,16255,16255,16255,16255	1	13	27635,294,0,0,0,0,0	90	3203
172996	385	778	444	186	185	40	27	4	3011	256	434	453	246	3	67	0	0	2045	17,0,0,0,0,0	35371	169	228	28497	289	0	27847,25567,25567,16437,16437,16437,16437	1	19	27796,391,0,0,0,0,0	104	3330
172949	409	780	461	198	195	40	26	5	2992	256	435	458	253	1	84	0	0	2109	20,0,0,0,0,0	23432	156	264	28757	295	0	28170,25871,25870,16609,16609,16609,16609	1	27	27989,462,0,0,0,0,0	98	3447
