S	E	I1	I2	I3	I4	I5_h	I6_h	R_h	R	D1	D2	H	T	P1	P2	Q	QT	NQ	MUT	HOM	VAC	NI	INF	REINF	BSTR	IMM	HCI	HCE	INFV	INFH	VNI
178088	102	140	53	44	52	9	0	0	255	3	0	221	0	0	0	0	0	400	0,0,0,0,0,0	178743	0	0	400	0	0	658,658,658,658,658,658,658	0	0	0,0,0,0,0,0,0	0	0
178044	87	178	59	40	48	9	0	0	278	3	0	319	340	1	78	0	0	421	0,0,0,0,0,0	12485	0	59	459	0	0	702,702,702,702,702,702,702	0	5	59,0,0,0,0,0,0	9	0
177991	96	189	74	43	49	13	0	0	287	3	1	436	95	1	11	0	0	464	0,0,0,0,0,0	12655	0	69	529	0	0	756,756,756,756,756,756,756	0	5	129,0,0,0,0,0,0	14	0
177920	112	198	84	44	54	13	0	0	312	3	6	470	301	2	20	0	0	505	0,0,0,0,0,0	12941	0	79	609	0	0	827,827,827,827,827,827,827	0	8	209,0,0,0,0,0,0	18	0
177882	106	198	102	47	57	12	0	0	330	3	9	518	234	0	17	0	0	522	0,0,0,0,0,0	24875	0	51	661	0	0	869,869,869,869,869,869,869	0	2	261,0,0,0,0,0,0	15	0
177835	110	200	110	46	58	13	0	0	359	3	12	583	86	0	12	0	0	537	0,0,0,0,0,0	24627	0	62	723	0	0	920,920,920,920,920,920,920	0	5	323,0,0,0,0,0,0	14	0
177780	120	200	122	42	65	13	0	0	386	3	15	618	102	2	18	0	0	562	0,0,0,0,0,0	12812	0	77	800	0	0	981,981,981,980,980,980,980	0	8	400,0,0,0,0,0,0	17	0
177726	125	205	135	47	59	13	0	0	415	3	18	646	318	1	26	0	0	584	0,0,0,0,0,0	13013	0	74	874	0	0	1043,1042,1042,1039,1039,1039,1039	0	8	474,0,0,0,0,0,0	20	0
177650	131	227	135	47	63	14	2	0	450	3	24	675	97	2	18	0	0	619	0,0,0,0,0,0	12877	0	91	966	0	0	1127,1126,1126,1121,1121,1121,1121	0	6	566,0,0,0,0,0,0	21	0
177590	123	265	131	49	66	15	2	0	477	3	25	697	269	1	23	0	0	651	0,0,0,0,0,0	12995	0	91	1056	1	0	1199,1197,1197,1191,1191,1191,1191	0	6	657,0,0,0,0,0,0	22	0
177493	138	283	138	61	70	16	3	0	512	3	29	732	117	0	21	0	0	709	0,0,0,0,0,0	13039	0	114	1170	1	0	1305,1303,1303,1295,1295,1295,1295	0	17	771,0,0,0,0,0,0	25	0
177433	144	281	152	67	71	18	3	0	540	3	34	736	245	1	23	0	0	736	0,0,0,0,0,0	25041	0	86	1255	2	0	1381,1378,1378,1366,1366,1366,1366	0	6	857,0,0,0,0,0,0	26	0
177372	144	274	158	65	76	19	5	0	593	3	37	715	96	0	15	0	0	741	0,0,0,0,0,0	24935	0	84	1340	2	0	1455,1451,1451,1436,1436,1436,1436	0	3	942,0,0,0,0,0,0	33	0
177298	140	295	176	62	73	22	5	0	628	3	44	726	233	1	36	0	0	773	0,0,0,0,0,0	13069	0	92	1433	2	0	1547,1542,1542,1522,1522,1522,1522	0	9	1035,0,0,0,0,0,0	37	0
177206	161	291	196	70	77	22	5	0	666	3	49	718	267	3	33	0	0	822	0,0,0,0,0,0	13111	0	118	1553	3	0	1658,1651,1651,1627,1627,1627,1627	0	14	1156,0,0,0,0,0,0	42	0
177123	175	301	212	70	72	22	5	0	711	3	52	687	289	3	36	0	0	857	0,0,0,0,0,0	13149	0	117	1671	3	0	1761,1752,1752,1723,1723,1723,1723	0	18	1274,0,0,0,0,0,0	42	0
177070	167	310	217	73	66	24	5	0	756	3	55	704	88	0	29	0	0	862	0,0,0,0,0,0	12962	0	94	1766	3	0	1843,1832,1832,1795,1795,1795,1795	0	8	1369,0,0,0,0,0,0	44	0
176983	181	317	226	84	69	24	5	0	790	4	63	699	258	3	25	0	0	906	0,0,0,0,0,0	12977	0	132	1898	4	0	1971,1957,1957,1907,1907,1907,1907	0	16	1502,0,0,0,0,0,0	33	0
176905	195	312	238	91	82	24	5	0	822	4	68	715	233	0	30	0	0	947	0,0,0,0,0,0	24961	0	116	2012	7	0	2079,2062,2062,2004,2004,2004,2004	0	7	1618,0,0,0,0,0,0	37	0
176852	173	339	231	92	89	23	5	0	866	5	71	731	240	1	37	0	0	952	0,0,0,0,0,0	24901	0	105	2117	8	0	2172,2152,2152,2080,2080,2080,2080	0	6	1724,0,0,0,0,0,0	39	0
176744	193	366	234	94	82	23	5	0	927	5	73	718	304	0	49	0	0	997	0,0,0,0,0,0	13104	0	142	2258	9	0	2305,2283,2283,2203,2203,2203,2203	0	23	1866,0,0,0,0,0,0	36	0
176668	186	397	229	91	86	19	7	0	977	5	81	717	143	2	28	0	0	1015	0,0,0,0,0,0	12961	0	124	2383	9	0	2420,2394,2394,2302,2302,2302,2302	0	7	1991,0,0,0,0,0,0	31	0
176575	208	420	229	87	87	18	7	0	1025	5	85	717	250	3	28	0	0	1056	0,0,0,0,0,0	13104	0	147	2531	9	0	2560,2529,2529,2422,2422,2422,2422	0	14	2139,0,0,0,0,0,0	36	0
176511	226	412	240	93	103	18	8	0	1045	5	85	728	314	2	38	0	0	1100	0,0,0,0,0,0	13030	0	135	2665	10	0	2678,2643,2643,2517,2517,2517,2517	1	16	2273,0,0,0,0,0,0	38	0
176419	225	416	265	106	111	19	8	0	1083	6	88	716	264	2	42	0	0	1150	0,0,0,0,0,0	13102	0	145	2809	12	0	2812,2772,2772,2632,2632,2632,2632	1	18	2419,0,0,0,0,0,0	41	0
176350	217	430	254	117	105	21	7	0	1141	7	97	689	256	2	39	0	0	1151	0,0,0,0,0,0	24804	0	125	2933	14	0	2931,2887,2887,2730,2730,2730,2730	1	10	2543,0,0,0,0,0,0	53	0
176255	210	466	252	108	103	20	7	1	1216	8	100	680	242	2	41	0	0	1166	0,0,0,0,0,0	25097	0	139	3075	14	0	3070,3022,3022,2849,2849,2849,2849	1	11	2685,0,0,0,0,0,0	46	0
176148	232	464	277	116	99	24	6	1	1263	9	107	669	297	4	41	0	0	1218	0,0,0,0,0,0	12856	0	168	3240	17	0	3232,3178,3178,2985,2985,2985,2985	1	19	2852,0,0,0,0,0,0	43	0
176071	261	428	300	134	107	24	9	1	1290	9	112	673	243	3	55	0	0	1263	0,0,0,0,0,0	13146	0	164	3403	18	0	3385,3323,3323,3102,3102,3102,3102	1	19	3015,0,0,0,0,0,0	44	0
175952	280	480	300	138	118	21	9	1	1322	10	115	634	308	2	48	0	0	1346	0,0,0,0,0,0	13034	0	203	3606	18	0	3579,3510,3510,3262,3262,3262,3262	1	17	3218,0,0,0,0,0,0	48	0
175841	282	514	301	140	129	21	9	1	1383	10	115	643	95	2	49	0	0	1396	0,0,0,0,0,0	13042	0	186	3792	18	0	3758,3682,3682,3409,3409,3409,3409	1	21	3404,0,0,0,0,0,0	43	0
175713	314	529	328	140	131	24	9	1	1430	11	116	634	270	0	62	0	0	1475	0,0,0,0,0,0	12858	0	212	4004	19	0	3955,3872,3872,3576,3576,3576,3576	1	14	3616,0,0,0,0,0,0	37	0
175616	313	557	332	146	130	24	9	2	1483	11	123	627	96	0	39	0	0	1511	0,0,0,0,0,0	24880	0	177	4179	21	0	4121,4031,4031,3710,3710,3710,3710	1	12	3791,0,0,0,0,0,0	46	0
175540	308	555	347	138	142	23	10	1	1548	11	123	655	262	4	47	0	0	1523	0,0,0,0,0,0	24950	0	173	4351	22	0	4283,4184,4184,3831,3831,3831,3831	1	19	3963,0,0,0,0,0,0	45	0
175397	330	598	351	152	140	26	12	1	1601	12	126	642	257	1	56	0	0	1609	0,0,0,0,0,0	12972	0	233	4585	22	0	4508,4400,4400,4017,4017,4017,4017	1	27	4197,0,0,0,0,0,0	42	0
175262	348	617	358	163	144	25	14	1	1669	13	132	654	310	3	52	0	0	1669	0,0,0,0,0,0	13026	0	219	4803	23	0	4721,4605,4605,4191,4191,4191,4191	1	23	4415,0,0,0,0,0,0	53	0
175142	357	665	371	163	149	29	14	2	1706	14	134	638	266	4	55	0	0	1748	0,0,0,0,0,0	13016	0	232	5035	24	0	4938,4812,4812,4362,4362,4362,4362	1	24	4647,0,0,0,0,0,0	48	0
175004	347	711	390	173	159	34	16	2	1753	14	143	621	236	3	52	0	0	1830	0,0,0,0,0,0	12834	0	234	5269	25	0	5169,5034,5034,4549,4549,4549,4549	1	24	4881,0,0,0,0,0,0	56	0
174841	387	687	445	190	179	38	15	3	1800	15	146	613	271	4	67	0	0	1941	0,0,0,0,0,0	12901	0	260	5531	25	0	5420,5276,5276,4758,4758,4758,4758	1	17	5143,0,0,0,0,0,0	63	0
174698	401	718	466	180	183	41	18	3	1875	16	147	617	257	2	68	0	0	2007	0,0,0,0,0,0	25020	0	251	5781	27	0	5662,5508,5508,4952,4952,4952,4952	1	15	5393,0,0,0,0,0,0	67	0
174565	386	730	484	191	188	44	21	4	1966	16	151	609	341	3	70	0	0	2044	0,0,0,0,0,0	24802	0	221	6002	27	0	5880,5717,5717,5129,5129,5129,5129	1	15	5614,0,0,0,0,0,0	77	0
174375	432	770	502	202	201	44	24	4	2021	17	154	608	301	4	65	0	0	2175	0,0,0,0,0,0	13108	0	312	6316	27	0	6185,6009,6009,5378,5378,5378,5378	1	23	5928,0,0,0,0,0,0	80	0
174191	442	802	506	211	204	46	24	4	2141	19	156	576	318	4	77	0	0	2235	0,0,0,0,0,0	13013	0	283	6601	28	0	6460,6274,6274,5608,5608,5608,5608	1	25	6213,0,0,0,0,0,0	84	0
174016	483	829	529	219	212	45	25	4	2204	19	161	574	228	3	79	0	0	2342	0,0,0,0,0,0	12980	0	301	6905	30	0	6756,6558,6558,5845,5845,5845,5845	2	31	6517,0,0,0,0,0,0	91	0
173819	498	875	550	218	215	45	24	6	2314	20	162	615	288	5	95	0	0	2425	0,0,0,0,0,0	13007	0	315	7221	31	0	7063,6854,6854,6098,6098,6098,6098	2	26	6833,0,0,0,0,0,0	85	0
173616	516	925	599	206	211	48	25	6	2411	20	163	591	273	8	73	0	0	2530	0,0,0,0,0,0	12960	0	329	7552	31	0	7386,7164,7164,6362,6362,6362,6362	2	39	7164,0,0,0,0,0,0	89	0
173501	504	933	619	223	213	51	25	7	2485	22	163	578	238	3	72	0	0	2568	0,0,0,0,0,0	24878	0	261	7814	31	0	7637,7400,7400,6546,6546,6546,6546	2	27	7426,0,0,0,0,0,0	107	0
173323	514	976	629	216	223	54	24	6	2588	25	168	554	326	8	91	0	0	2636	0,0,0,0,0,0	24781	0	320	8134	31	0	7950,7700,7700,6794,6794,6794,6794	2	24	7746,0,0,0,0,0,0	102	0
173143	521	1051	617	224	244	58	23	7	2663	26	169	546	303	6	83	0	0	2738	0,0,0,0,0,0	13086	0	358	8493	31	0	8298,8029,8029,7060,7060,7060,7060	2	47	8105,0,0,0,0,0,0	104	0
172911	552	1072	664	239	261	56	24	6	2761	28	172	529	330	5	96	0	0	2868	0,0,0,0,0,0	12940	0	396	8891	32	0	8684,8399,8399,7369,7369,7369,7369	2	52	8504,0,0,0,0,0,0	109	0
172708	559	1078	700	256	281	54	25	6	2877	28	174	515	302	3	96	0	0	2953	0,0,0,0,0,0	28560	0	356	9249	32	0	9032,8732,8732,7645,7645,7645,7645	2	39	8862,0,0,0,0,0,0	95	0
172520	544	1126	695	283	302	52	29	5	2983	30	177	505	319	2	105	0	0	3031	0,0,0,0,0,0	28740	0	385	9633	35	0	9407,9086,9086,7927,7927,7927,7927	3	39	9247,0,0,0,0,0,0	95	0
172318	543	1198	714	280	294	51	25	5	3104	36	178	517	200	6	101	0	0	3105	0,0,0,0,0,0	28563	0	379	10012	38	0	9776,9437,9437,8213,8213,8213,8213	3	35	9627,0,0,0,0,0,0	88	0
172210	547	1153	733	272	311	55	28	6	3214	36	181	491	244	3	86	0	0	3099	0,0,0,0,0,0	42377	0	322	10332	40	0	10085,9725,9725,8422,8422,8422,8422	3	29	9948,0,0,0,0,0,0	88	0
172103	499	1144	763	280	322	54	30	7	3324	37	183	481	262	5	103	0	0	3092	0,0,0,0,0,0	42307	0	302	10634	42	0	10375,9996,9996,8622,8622,8622,8622	3	30	10250,0,0,0,0,0,0	105	0
171925	508	1123	788	295	313	58	36	7	3468	38	187	498	323	5	118	0	0	3121	0,0,0,0,0,0	28524	0	346	10982	44	0	10716,10319,10319,8882,8882,8882,8882	3	29	10599,0,0,0,0,0,0	100	0
171788	514	1122	809	315	288	65	36	5	3576	40	188	500	256	1	117	0	0	3149	0,0,0,0,0,0	28667	0	350	11330	47	0	11049,10631,10631,9116,9116,9116,9116	2	25	10947,0,0,0,0,0,0	113	0
171653	547	1072	817	328	293	68	34	3	3698	42	191	477	278	9	101	0	0	3159	0,0,0,0,0,0	28799	0	348	11674	52	0	11382,10943,10943,9350,9350,9350,9350	2	30	11293,0,0,0,0,0,0	117	0
171549	557	1052	813	332	292	68	34	5	3807	44	193	496	272	6	113	0	0	3148	0,0,0,0,0,0	28539	0	324	11996	55	0	11692,11231,11231,9557,9557,9557,9557	2	31	11615,0,0,0,0,0,0	114	0
171460	523	1099	798	329	276	75	33	5	3902	49	197	484	252	4	126	0	0	3133	0,0,0,0,0,0	28566	0	329	12328	57	0	12012,11525,11525,9761,9761,9761,9761	2	31	11947,0,0,0,0,0,0	119	0
171382	497	1097	802	321	284	80	39	5	3989	50	200	473	260	4	91	0	0	3120	0,0,0,0,0,0	42591	0	315	12643	60	0	12313,11803,11803,9952,9952,9952,9952	2	27	12262,0,0,0,0,0,0	142	0
171307	474	1110	764	323	285	82	46	4	4096	52	203	463	244	2	99	0	0	3084	0,0,0,0,0,0	42210	0	307	12947	64	0	12604,12071,12071,10135,10135,10135,10135	2	26	12566,0,0,0,0,0,0	157	0
171208	498	1074	796	326	301	85	48	4	4144	54	208	467	272	3	108	0	0	3128	0,0,0,0,0,0	28593	0	341	13287	65	0	12932,12375,12375,10349,10349,10349,10349	2	36	12906,0,0,0,0,0,0	155	0
171122	487	1096	805	301	303	85	54	4	4225	55	209	470	308	4	116	0	0	3131	0,0,0,0,0,0	28534	0	349	13637	67	0	13264,12680,12680,10557,10557,10557,10557	2	41	13257,0,0,0,0,0,0	156	0
171083	486	1061	811	306	304	87	51	2	4286	59	210	469	248	8	121	0	0	3106	0,0,0,0,0,0	28760	0	318	13952	71	0	13561,12950,12950,10725,10725,10725,10725	2	39	13572,0,0,0,0,0,0	158	0
170991	520	1050	815	295	304	88	50	2	4357	62	212	459	319	5	99	0	0	3122	0,0,0,0,0,0	28329	0	350	14301	74	0	13895,13257,13257,10937,10937,10937,10937	3	46	13921,0,0,0,0,0,0	157	0
170943	541	991	809	300	298	84	50	2	4449	64	215	450	245	5	106	0	0	3073	0,0,0,0,0,0	28477	0	314	14611	79	0	14190,13526,13526,11107,11107,11107,11107	3	36	14232,0,0,0,0,0,0	153	0
170924	475	1044	778	286	296	79	47	5	4526	68	218	431	251	4	108	0	0	3005	0,0,0,0,0,0	42455	0	286	14898	79	0	14461,13770,13770,11252,11252,11252,11252	3	23	14519,0,0,0,0,0,0	146	0
170928	451	1022	768	293	272	80	49	6	4585	71	221	465	245	1	93	0	0	2935	0,0,0,0,0,0	42404	0	270	15169	80	0	14717,13997,13997,11378,11378,11378,11378	2	27	14790,0,0,0,0,0,0	149	0
170921	429	988	747	295	298	82	52	6	4633	71	224	456	217	4	101	0	0	2891	0,0,0,0,0,0	28661	0	283	15450	83	0	14981,14234,14234,11513,11513,11513,11513	2	27	15071,0,0,0,0,0,0	156	0
170854	444	1017	738	295	298	90	50	5	4651	75	229	430	228	0	113	0	0	2932	0,0,0,0,0,0	28573	0	348	15798	85	0	15310,14535,14535,11709,11709,11709,11709	2	32	15419,0,0,0,0,0,0	149	0
170816	457	978	731	286	305	89	47	5	4719	80	233	421	277	3	109	0	0	2893	0,0,0,0,0,0	28283	0	302	16101	86	0	15599,14797,14797,11870,11870,11870,11870	2	30	15723,0,0,0,0,0,0	152	0
170792	480	970	732	296	274	91	49	5	4736	84	237	437	253	2	116	0	0	2892	0,0,0,0,0,0	28404	0	310	16411	89	0	15893,15061,15061,12028,12028,12028,12028	2	26	16033,0,0,0,0,0,0	143	0
170798	478	991	725	284	267	91	52	6	4731	85	238	445	203	3	91	0	0	2888	0,0,0,0,0,0	28536	0	311	16722	92	0	16182,15319,15319,12167,12167,12167,12167	2	38	16344,0,0,0,0,0,0	159	0
170844	433	951	740	298	269	94	49	8	4733	88	239	442	307	3	97	0	0	2834	0,0,0,0,0,0	42422	0	251	16970	96	0	16411,15518,15518,12258,12258,12258,12258	2	16	16592,0,0,0,0,0,0	161	0
170894	400	952	716	299	244	84	49	7	4768	92	241	457	285	4	104	0	0	2744	0,0,0,0,0,0	41876	0	238	17205	99	0	16628,15706,15706,12340,12340,12340,12340	2	16	16827,0,0,0,0,0,0	164	0
170896	415	941	691	281	248	93	49	8	4787	96	241	452	265	7	90	0	0	2718	0,0,0,0,0,0	28490	0	307	17510	101	0	16910,15958,15958,12477,12477,12477,12477	2	31	17132,0,0,0,0,0,0	164	0
170950	404	928	662	277	241	85	47	11	4801	98	242	459	321	3	110	0	0	2644	0,0,0,0,0,0	28597	0	258	17766	104	0	17142,16159,16159,12563,12563,12563,12563	2	32	17388,0,0,0,0,0,0	168	0
170953	418	917	662	270	260	83	45	10	4777	103	248	415	258	2	92	0	0	2655	0,0,0,0,0,0	28314	0	291	18055	106	0	17415,16402,16402,12694,12694,12694,12694	2	28	17677,0,0,0,0,0,0	163	0
170999	432	873	679	290	264	81	42	10	4720	106	250	401	259	6	90	0	0	2661	0,0,0,0,0,0	28370	0	276	18331	106	0	17668,16623,16623,12795,12795,12795,12795	2	28	17953,0,0,0,0,0,0	157	0
170986	437	877	656	283	255	78	44	11	4760	108	251	387	264	3	89	0	0	2630	0,0,0,0,0,0	28581	0	268	18601	108	0	17919,16848,16848,12923,12923,12923,12923	2	34	18223,0,0,0,0,0,0	145	0
171051	419	877	636	269	250	81	45	9	4744	112	253	405	279	1	96	0	0	2577	0,0,0,0,0,0	42072	0	250	18852	108	0	18150,17047,17047,13003,13003,13003,13003	2	26	18474,0,0,0,0,0,0	150	0
171111	391	844	634	275	261	76	48	9	4726	114	257	421	259	1	83	0	0	2529	0,0,0,0,0,0	42478	0	242	19092	111	0	18371,17238,17238,13081,13081,13081,13081	2	19	18715,0,0,0,0,0,0	161	0
171087	412	875	610	266	245	73	47	9	4746	116	260	415	254	2	103	0	0	2528	0,0,0,0,0,0	28654	0	292	19380	117	0	18642,17482,17482,13224,13224,13224,13224	2	37	19004,0,0,0,0,0,0	149	0
171078	426	877	615	266	242	75	43	11	4730	120	263	408	278	3	93	0	0	2544	0,0,0,0,0,0	28369	0	293	19672	119	0	18912,17723,17723,13358,13358,13358,13358	2	32	19296,0,0,0,0,0,0	147	0
171132	419	874	613	255	244	70	44	12	4697	122	264	442	236	2	104	0	0	2519	0,0,0,0,0,0	28514	0	258	19927	124	0	19145,17925,17925,13443,13443,13443,13443	2	22	19552,0,0,0,0,0,0	152	0
171197	442	872	606	243	244	69	45	11	4627	123	267	424	321	4	90	0	0	2521	0,0,0,0,0,0	28317	0	275	20200	126	0	19394,18141,18141,13531,13531,13531,13531	2	39	19825,0,0,0,0,0,0	156	0
171250	434	884	609	239	250	64	41	12	4567	128	268	420	298	2	85	0	0	2521	0,0,0,0,0,0	28490	0	275	20475	128	0	19644,18357,18357,13624,13624,13624,13624	2	30	20100,0,0,0,0,0,0	149	0
171345	404	846	633	257	244	62	45	12	4497	129	272	428	277	3	73	0	0	2491	0,0,0,0,0,0	42363	0	215	20687	131	0	19837,18519,18519,13669,13669,13669,13669	2	18	20312,0,0,0,0,0,0	144	0
171430	385	842	628	230	262	65	44	12	4443	132	273	446	251	6	87	0	0	2456	0,0,0,0,0,0	42046	0	244	20928	136	0	20054,18704,18704,13731,13731,13731,13731	2	28	20553,0,0,0,0,0,0	140	0
171427	407	828	620	225	251	66	43	14	4455	135	275	458	231	3	91	0	0	2440	0,0,0,0,0,0	28439	0	275	21197	142	0	20304,18927,18927,13851,13851,13851,13851	2	22	20823,0,0,0,0,0,0	134	0
171472	423	794	616	231	251	65	43	14	4420	138	279	437	230	4	72	0	0	2423	0,0,0,0,0,0	28414	0	259	21454	145	0	20537,19130,19130,13938,13938,13938,13938	2	28	21080,0,0,0,0,0,0	132	0
171542	403	783	595	232	256	65	35	13	4391	147	284	445	250	2	81	0	0	2369	0,0,0,0,0,0	28314	0	216	21668	150	0	20731,19295,19295,13994,13994,13994,13994	2	22	21294,0,0,0,0,0,0	123	0
171639	366	776	586	225	255	65	37	9	4355	148	285	461	246	1	71	0	0	2310	0,0,0,0,0,0	42458	0	210	21876	152	0	20916,19449,19449,14031,14031,14031,14031	2	15	21503,0,0,0,0,0,0	127	0
171764	343	750	566	226	231	65	35	8	4318	153	287	470	294	6	90	0	0	2216	0,0,0,0,0,0	42361	0	190	22063	156	0	21080,19581,19581,14044,14044,14044,14044	2	18	21690,0,0,0,0,0,0	124	0
171874	324	735	540	243	231	64	35	5	4247	158	290	486	227	2	59	0	0	2172	0,0,0,0,0,0	42355	0	191	22256	156	0	21251,19722,19722,14069,14069,14069,14069	2	14	21883,0,0,0,0,0,0	123	0
171979	315	683	541	233	229	62	30	6	4213	162	293	472	318	0	74	0	0	2093	0,0,0,0,0,0	42266	26	179	22431	160	0	21406,19849,19849,14089,14089,14089,14089	2	17	22058,0,0,0,0,0,0	127	21
172062	326	675	533	220	230	61	27	6	4142	166	298	464	255	1	84	0	0	2072	0,0,0,0,0,0	28328	17	219	22647	165	0	21601,20014,20014,14138,14138,14138,14138	1	23	22274,0,0,0,0,0,0	110	35
172129	321	669	535	223	217	63	25	6	4084	170	304	470	323	6	81	0	0	2053	0,0,0,0,0,0	28359	27	203	22851	166	0	21784,20169,20169,14187,14187,14187,14187	1	24	22478,0,0,0,0,0,0	106	56
172237	323	646	532	224	223	59	24	6	3994	173	305	459	250	1	77	0	0	2031	0,0,0,0,0,0	28495	27	199	23050	166	0	21958,20312,20312,14212,14212,14212,14212	2	24	22677,0,0,0,0,0,0	97	79
172274	357	638	542	214	193	58	22	7	3956	175	310	474	248	4	72	0	0	2024	0,0,0,0,0,0	28493	28	232	23279	170	0	22168,20495,20495,14290,14290,14290,14290	2	23	22906,0,0,0,0,0,0	106	102
172333	371	627	501	202	185	57	21	6	3953	177	313	462	289	3	63	0	0	1964	0,0,0,0,0,0	28655	27	205	23482	173	0	22348,20649,20649,14342,14342,14342,14342	2	18	23109,0,0,0,0,0,0	97	126
172472	298	633	502	210	177	57	19	7	3879	178	314	507	257	6	72	0	0	1896	0,0,0,0,0,0	35586	27	141	23622	174	0	22466,20739,20739,14325,14325,14325,14325	1	13	23249,0,0,0,0,0,0	110	150
172567	260	638	489	201	173	55	23	6	3833	180	321	482	262	2	55	0	0	1839	0,0,0,0,0,0	35744	142	156	23778	175	0	22613,20860,20860,14344,14344,14344,14344	1	8	23405,0,0,0,0,0,0	101	271
172628	269	614	462	205	189	56	23	6	3789	181	324	471	263	4	76	0	0	1818	0,0,0,0,0,0	23423	139	187	23963	178	0	22784,21006,21006,14390,14390,14390,14390	1	21	23590,0,0,0,0,0,0	97	394
172673	286	573	472	211	183	51	22	6	3757	183	329	465	302	3	78	0	0	1798	0,0,0,0,0,0	23666	128	192	24152	182	0	22961,21160,21160,14446,14446,14446,14446	1	26	23779,0,0,0,0,0,0	95	498
172733	308	585	454	188	170	53	29	6	3705	184	331	456	280	3	64	0	0	1787	0,0,0,0,0,0	23470	135	210	24360	185	0	23156,21328,21328,14504,14504,14504,14504	1	20	23987,0,0,0,0,0,0	89	604
172813	289	595	445	187	179	51	31	5	3634	185	332	475	252	2	72	0	0	1777	0,0,0,0,0,0	23519	127	168	24525	189	0	23308,21455,21455,14530,14530,14530,14530	1	23	24153,0,0,0,0,0,0	99	705
172895	283	587	427	197	176	55	31	5	3568	186	336	480	328	1	53	0	0	1756	0,0,0,0,0,0	23209	119	184	24706	193	0	23477,21597,21597,14564,14564,14564,14564	1	18	24334,0,0,0,0,0,0	105	801
172958	279	596	422	179	175	48	31	5	3525	188	340	466	263	5	58	0	0	1730	0,0,0,0,0,0	35798	143	171	24877	194	0	23640,21736,21736,14606,14606,14606,14606	1	11	24505,0,0,0,0,0,0	101	920
173046	268	579	438	183	178	50	31	7	3435	190	341	454	91	2	58	0	0	1727	0,0,0,0,0,0	35442	148	171	25050	195	0	23836,21906,21906,14651,14651,14651,14651	1	16	24678,0,0,0,0,0,0	102	1035
173126	263	569	416	163	164	53	29	9	3419	193	342	455	241	3	66	0	0	1657	0,0,0,0,0,0	23349	164	160	25208	197	0	24017,22064,22064,14691,14691,14691,14691	1	18	24836,0,0,0,0,0,0	92	1172
173172	274	559	417	157	161	49	26	10	3382	196	343	478	231	4	60	0	0	1643	0,0,0,0,0,0	23040	166	174	25378	202	0	24203,22228,22228,14749,14749,14749,14749	1	12	25006,0,0,0,0,0,0	89	1312
173207	274	566	392	154	163	49	28	9	3362	197	345	456	243	3	64	0	0	1626	0,0,0,0,0,0	23543	155	194	25569	205	0	24415,22416,22416,14826,14826,14826,14826	1	24	25199,0,0,0,0,0,0	96	1436
173286	250	535	415	166	169	47	27	10	3294	200	347	439	261	1	60	0	0	1609	0,0,0,0,0,0	23355	148	147	25714	208	0	24577,22557,22557,14857,14857,14857,14857	1	16	25344,0,0,0,0,0,0	90	1552
173323	264	505	408	173	175	53	23	10	3262	202	348	469	272	4	62	0	0	1601	0,0,0,0,0,0	23261	141	170	25882	211	0	24761,22719,22719,14918,14918,14918,14918	1	20	25512,0,0,0,0,0,0	96	1657
173432	246	506	410	151	175	52	23	10	3186	205	350	471	263	3	52	0	0	1563	0,0,0,0,0,0	35680	175	134	26015	214	0	24917,22851,22851,14932,14932,14932,14932	1	8	25645,0,0,0,0,0,0	95	1806
173471	249	522	392	145	170	51	23	9	3154	205	355	471	258	2	64	0	0	1552	0,0,0,0,0,0	35578	57	167	26181	217	0	25110,23023,23023,14998,14998,14998,14998	1	17	25811,0,0,0,0,0,0	95	1851
173558	245	509	391	144	169	55	22	6	3081	207	359	428	302	1	46	0	0	1535	0,0,0,0,0,0	23398	84	147	26327	219	0	25286,23176,23176,15030,15030,15030,15030	1	18	25957,0,0,0,0,0,0	86	1922
173597	242	508	381	137	166	62	24	7	3051	208	363	436	242	1	52	0	0	1520	0,0,0,0,0,0	23348	56	161	26488	220	0	25480,23349,23349,15094,15094,15094,15094	1	15	26118,0,0,0,0,0,0	90	1964
173642	249	505	378	137	160	57	23	6	3010	210	369	462	262	2	58	0	0	1509	0,0,0,0,0,0	23518	63	155	26642	222	0	25663,23512,23512,15150,15150,15150,15150	1	9	26272,0,0,0,0,0,0	99	2015
173694	257	491	382	136	162	55	23	6	2958	211	371	457	252	3	61	0	0	1506	0,0,0,0,0,0	23463	59	153	26792	226	0	25835,23664,23664,15196,15196,15196,15196	1	16	26423,0,0,0,0,0,0	95	2063
173739	254	505	356	140	154	58	23	4	2931	211	371	469	269	2	53	0	0	1490	0,0,0,0,0,0	23436	64	160	26949	229	0	26010,23818,23818,15248,15248,15248,15248	1	11	26580,0,0,0,0,0,0	91	2114
173800	230	503	373	147	148	60	24	4	2870	212	375	452	227	1	56	0	0	1485	0,0,0,0,0,0	35550	53	140	27088	230	0	26187,23975,23975,15294,15294,15294,15294	1	11	26719,0,0,0,0,0,0	101	2158
173885	197	492	367	140	141	58	24	5	2846	214	377	456	245	3	58	0	0	1419	0,0,0,0,0,0	35815	197	105	27191	232	0	26295,24064,24064,15293,15293,15293,15293	1	7	26822,0,0,0,0,0,0	99	2322
173937	210	491	353	134	147	55	25	4	2793	215	382	464	236	2	54	0	0	1415	0,0,0,0,0,0	23415	208	155	27343	235	0	26459,24208,24208,15335,15335,15335,15335	1	26	26975,0,0,0,0,0,0	100	2478
173971	237	499	356	132	146	54	27	3	2718	217	386	469	151	1	50	0	0	1451	2,0,0,0,0,0	23448	217	153	27530	236	0	26645,24371,24371,15395,15395,15395,15395	1	18	27128,35,0,0,0,0,0	91	2645
173975	265	510	363	140	132	54	27	3	2668	219	390	489	233	1	56	0	0	1491	5,0,0,0,0,0	23366	211	170	27727	242	0	26849,24555,24555,15480,15480,15480,15480	1	16	27286,77,0,0,0,0,0	92	2811
173964	296	520	372	137	140	56	30	4	2617	219	391	478	315	2	58	0	0	1551	7,0,0,0,0,0	23531	204	162	27926	244	0	27052,24740,24740,15572,15572,15572,15572	1	18	27446,117,0,0,0,0,0	102	2956
173955	291	557	360	146	133	57	27	3	2597	222	398	493	252	4	42	0	0	1571	10,0,0,0,0,0	23289	217	163	28112	249	0	27250,24919,24919,15660,15660,15660,15660	1	16	27581,170,0,0,0,0,0	108	3128
173954	301	571	362	151	138	58	26	4	2558	224	399	514	292	1	54	0	0	1607	14,0,0,0,0,0	35627	205	151	28306	250	0	27446,25096,25096,15745,15745,15745,15745	1	12	27705,241,0,0,0,0,0	109	3291
173913	309	605	371	162	137	58	22	5	2533	228	403	518	229	2	58	0	0	1664	18,0,0,0,0,0	35576	156	182	28517	257	0	27743,25377,25377,15902,15902,15902,15902	1	14	27836,324,0,0,0,0,0	109	3405
173880	331	602	378	158	157	57	21	5	2520	230	407	526	224	1	65	0	0	1704	21,0,0,0,0,0	23746	161	208	28720	262	0	28030,25648,25648,16045,16045,16045,16045	1	12	27961,404,0,0,0,0,0	103	3532
