S	E	I1	I2	I3	I4	I5_h	I6_h	R_h	R	D1	D2	H	T	P1	P2	Q	QT	NQ	MUT	HOM	VAC	NI	INF	REINF	BSTR	IMM	HCI	HCE	INFV	INFH	VNI
178155	109	116	50	48	43	4	7	0	210	4	0	196	0	0	0	0	0	377	0,0,0,0,0,0	178742	0	0	377	0	0	591,591,591,591,591,591,591	0	0	0,0,0,0,0,0,0	0	0
178105	92	169	49	45	35	5	8	1	230	4	3	299	312	1	73	0	0	403	0,0,0,0,0,0	12420	0	61	438	0	0	641,641,641,641,641,641,641	0	4	61,0,0,0,0,0,0	12	0
178053	100	166	63	46	46	5	7	1	251	5	3	394	262	0	15	0	0	433	0,0,0,0,0,0	12449	0	60	498	0	0	693,693,693,693,693,693,693	0	3	121,0,0,0,0,0,0	13	0
177988	109	176	76	42	42	5	7	1	288	5	7	537	159	1	17	0	0	457	0,0,0,0,0,0	12680	0	67	565	0	0	759,759,759,759,759,759,759	0	6	188,0,0,0,0,0,0	14	0
177939	108	178	90	49	45	6	7	1	307	5	11	555	256	0	15	0	0	483	0,0,0,0,0,0	24523	0	59	624	0	0	810,810,810,810,810,810,810	0	6	247,0,0,0,0,0,0	18	0
177898	98	191	105	43	50	6	7	1	329	6	12	602	273	0	22	0	0	500	0,0,0,0,0,0	24773	0	57	683	0	0	854,854,854,854,854,854,854	0	1	306,0,0,0,0,0,0	18	0
177831	109	209	112	47	45	8	7	1	353	6	18	619	82	1	17	0	0	537	0,0,0,0,0,0	12934	0	82	767	0	0	927,927,927,927,927,927,927	0	3	390,0,0,0,0,0,0	18	0
177769	106	206	129	47	55	10	9	2	386	6	21	663	91	1	23	0	0	562	0,0,0,0,0,0	12781	0	69	836	1	0	993,992,992,991,991,991,991	0	7	460,0,0,0,0,0,0	18	0
177693	122	219	145	50	50	12	10	2	411	6	26	672	284	0	24	0	0	608	0,0,0,0,0,0	12961	0	94	930	1	0	1077,1076,1076,1074,1074,1074,1074	0	6	554,0,0,0,0,0,0	24	0
177633	127	236	145	57	44	15	11	2	439	6	31	699	111	0	20	0	0	635	0,0,0,0,0,0	12846	0	86	1016	1	0	1147,1146,1146,1143,1143,1143,1143	0	10	640,0,0,0,0,0,0	26	0
177556	133	263	144	47	52	16	9	3	483	8	32	687	274	0	15	0	0	664	0,0,0,0,0,0	12971	0	95	1110	2	0	1233,1232,1232,1227,1227,1227,1227	0	7	735,0,0,0,0,0,0	29	0
177493	126	284	143	52	60	16	7	4	514	8	39	697	266	1	20	0	0	688	0,0,0,0,0,0	25086	0	83	1192	3	0	1306,1304,1304,1297,1297,1297,1297	0	12	818,0,0,0,0,0,0	32	0
177437	116	275	153	63	65	15	8	4	557	8	45	722	92	1	13	0	0	695	0,0,0,0,0,0	24573	0	68	1260	3	0	1374,1371,1371,1361,1361,1361,1361	0	9	886,0,0,0,0,0,0	31	0
177342	145	273	169	66	76	15	8	3	592	8	49	733	93	1	29	0	0	752	0,0,0,0,0,0	12982	0	115	1378	3	0	1484,1480,1480,1467,1467,1467,1467	0	7	1004,0,0,0,0,0,0	31	0
177268	155	275	158	65	91	16	7	3	644	9	55	744	245	0	29	0	0	767	0,0,0,0,0,0	12958	0	98	1474	5	0	1575,1570,1570,1552,1552,1552,1552	0	10	1101,0,0,0,0,0,0	29	0
177189	156	290	161	71	88	19	8	2	694	9	59	746	236	1	39	0	0	793	0,0,0,0,0,0	12893	0	104	1578	5	0	1670,1664,1664,1642,1642,1642,1642	0	13	1205,0,0,0,0,0,0	33	0
177114	153	304	184	72	93	22	10	2	719	10	63	756	83	1	30	0	0	838	0,0,0,0,0,0	13038	0	105	1682	6	0	1767,1759,1759,1731,1731,1731,1731	0	16	1309,0,0,0,0,0,0	34	0
177040	167	300	211	71	87	22	12	1	759	10	66	747	251	0	28	0	0	870	0,0,0,0,0,0	13107	0	110	1793	6	0	1867,1857,1857,1822,1822,1822,1822	0	11	1420,0,0,0,0,0,0	42	0
176988	162	305	207	78	93	22	10	2	793	11	75	747	100	0	27	0	0	877	0,0,0,0,0,0	24991	0	92	1884	8	0	1955,1942,1942,1895,1895,1895,1895	0	1	1513,0,0,0,0,0,0	45	0
176913	169	319	215	76	93	23	11	2	833	11	81	753	264	0	35	0	0	906	0,0,0,0,0,0	24943	0	113	1995	11	0	2061,2045,2045,1988,1988,1988,1988	0	7	1626,0,0,0,0,0,0	48	0
176831	177	338	222	80	83	20	8	4	886	12	85	740	106	0	24	0	0	928	0,0,0,0,0,0	13143	0	119	2113	12	0	2169,2151,2151,2086,2086,2086,2086	0	14	1745,0,0,0,0,0,0	40	0
176748	180	369	229	72	104	21	9	4	909	13	88	727	272	1	27	0	0	984	0,0,0,0,0,0	13023	0	134	2247	13	0	2297,2274,2274,2194,2194,2194,2194	0	16	1880,0,0,0,0,0,0	41	0
176654	180	397	235	77	102	17	6	6	963	14	95	730	90	0	34	0	0	1014	0,0,0,0,0,0	12996	0	136	2383	13	0	2431,2405,2405,2311,2311,2311,2311	0	14	2016,0,0,0,0,0,0	37	0
176560	193	400	244	86	106	19	6	5	1014	16	97	735	245	2	35	0	0	1054	0,0,0,0,0,0	13115	0	145	2526	15	0	2566,2536,2536,2428,2428,2428,2428	0	17	2160,0,0,0,0,0,0	37	0
176450	208	440	235	86	102	18	9	5	1074	16	103	713	243	2	42	0	0	1098	0,0,0,0,0,0	12980	0	155	2682	15	0	2717,2683,2683,2561,2561,2561,2561	1	23	2316,0,0,0,0,0,0	43	0
176366	219	449	253	89	101	22	8	5	1112	16	106	737	292	3	32	0	0	1141	0,0,0,0,0,0	25059	0	142	2824	16	0	2850,2812,2812,2674,2674,2674,2674	1	5	2458,0,0,0,0,0,0	46	0
176302	213	451	272	93	111	22	8	2	1143	16	113	699	163	2	42	0	0	1170	0,0,0,0,0,0	24966	0	128	2953	16	0	2969,2925,2925,2770,2770,2770,2770	1	13	2587,0,0,0,0,0,0	60	0
176181	223	475	295	101	109	22	8	2	1195	16	119	702	272	1	28	0	0	1233	0,0,0,0,0,0	12965	0	180	3133	17	0	3141,3092,3092,2919,2919,2919,2919	1	19	2767,0,0,0,0,0,0	52	0
176056	248	476	324	111	108	26	8	1	1246	16	126	695	261	3	48	0	0	1301	0,0,0,0,0,0	12880	0	175	3307	20	0	3314,3261,3261,3069,3069,3069,3069	1	19	2941,0,0,0,0,0,0	55	0
175907	294	519	332	118	103	27	9	1	1286	16	134	685	313	2	49	0	0	1402	0,0,0,0,0,0	13132	0	219	3526	22	0	3531,3470,3470,3254,3254,3254,3254	1	23	3160,0,0,0,0,0,0	59	0
175781	312	524	328	115	133	23	8	2	1364	16	140	683	282	1	37	0	0	1443	0,0,0,0,0,0	13058	0	194	3720	23	0	3718,3652,3652,3413,3413,3413,3413	1	19	3355,0,0,0,0,0,0	55	0
175663	335	553	329	117	149	20	9	2	1411	16	142	692	277	1	58	0	0	1512	0,0,0,0,0,0	13011	0	220	3939	24	0	3924,3848,3848,3578,3578,3578,3578	1	31	3574,0,0,0,0,0,0	55	0
175580	322	569	325	128	151	17	8	2	1483	17	144	700	247	0	59	0	0	1520	0,0,0,0,0,0	24873	0	163	4101	25	0	4077,3994,3994,3699,3699,3699,3699	1	9	3736,0,0,0,0,0,0	54	0
175457	303	582	370	140	150	19	10	2	1545	17	151	706	258	2	42	0	0	1574	0,0,0,0,0,0	24904	0	189	4290	26	0	4263,4174,4174,3856,3856,3856,3856	1	13	3925,0,0,0,0,0,0	54	0
175311	340	608	370	146	138	21	12	1	1628	18	153	662	308	2	85	0	0	1635	0,0,0,0,0,0	13233	0	242	4532	27	0	4494,4397,4397,4046,4046,4046,4046	1	27	4168,0,0,0,0,0,0	61	0
175181	394	597	391	144	157	19	12	1	1676	18	156	693	310	1	52	0	0	1714	0,0,0,0,0,0	12971	0	235	4769	27	0	4721,4613,4613,4226,4226,4226,4226	1	27	4405,0,0,0,0,0,0	61	0
175053	377	630	427	150	148	18	12	1	1745	19	166	682	262	1	55	0	0	1762	0,0,0,0,0,0	12862	0	209	4977	28	0	4928,4812,4812,4396,4396,4396,4396	1	24	4613,0,0,0,0,0,0	51	0
174892	362	673	441	173	164	18	16	0	1817	19	171	649	325	3	59	0	0	1847	0,0,0,0,0,0	12972	0	247	5224	28	0	5169,5044,5044,4597,4597,4597,4597	1	26	4860,0,0,0,0,0,0	45	0
174744	368	714	464	174	154	19	15	2	1897	20	175	663	318	7	74	0	0	1908	0,0,0,0,0,0	13019	0	249	5475	28	0	5411,5277,5277,4795,4795,4795,4795	1	23	5111,0,0,0,0,0,0	51	0
174619	360	725	486	185	159	22	16	2	1974	22	176	634	258	2	60	0	0	1953	0,0,0,0,0,0	25018	0	225	5700	28	0	5629,5485,5485,4967,4967,4967,4967	1	19	5336,0,0,0,0,0,0	55	0
174494	367	730	488	193	164	27	15	3	2062	23	180	621	296	2	57	0	0	1984	0,0,0,0,0,0	24681	0	231	5932	28	0	5855,5700,5700,5144,5144,5144,5144	1	18	5568,0,0,0,0,0,0	66	0
174306	414	750	494	197	171	29	18	2	2156	23	186	582	263	3	81	0	0	2073	0,0,0,0,0,0	13332	0	294	6227	28	0	6147,5981,5981,5385,5385,5385,5385	1	24	5863,0,0,0,0,0,0	70	0
174144	423	796	507	206	182	35	20	2	2219	23	189	614	267	4	75	0	0	2169	0,0,0,0,0,0	12876	0	278	6507	28	0	6417,6240,6240,5602,5602,5602,5602	1	32	6143,0,0,0,0,0,0	78	0
173975	449	810	540	216	186	40	21	2	2292	24	191	626	252	7	85	0	0	2262	0,0,0,0,0,0	12998	0	302	6810	29	0	6711,6521,6521,5836,5836,5836,5836	2	36	6446,0,0,0,0,0,0	89	0
173795	456	877	571	217	184	39	25	1	2362	25	194	624	296	4	77	0	0	2369	0,0,0,0,0,0	13053	0	320	7131	31	0	7023,6819,6819,6084,6084,6084,6084	2	33	6767,0,0,0,0,0,0	96	0
173604	473	912	582	234	200	43	24	1	2445	27	201	604	256	3	74	0	0	2468	0,0,0,0,0,0	12866	0	325	7454	33	0	7342,7124,7124,6339,6339,6339,6339	2	39	7090,0,0,0,0,0,0	92	0
173482	472	905	638	241	204	46	25	2	2503	27	201	576	311	2	78	0	0	2531	0,0,0,0,0,0	24873	0	284	7737	34	0	7612,7379,7379,6538,6538,6538,6538	2	21	7373,0,0,0,0,0,0	93	0
173315	466	922	667	258	198	52	27	2	2607	29	203	582	312	5	81	0	0	2590	0,0,0,0,0,0	24777	0	305	8043	35	0	7909,7662,7662,6771,6771,6771,6771	2	18	7679,0,0,0,0,0,0	102	0
173125	469	958	678	254	230	56	24	3	2709	32	208	584	277	2	88	0	0	2669	0,0,0,0,0,0	13174	0	340	8382	37	0	8243,7981,7981,7034,7034,7034,7034	2	38	8019,0,0,0,0,0,0	111	0
172900	490	1017	676	257	238	58	23	4	2838	33	212	562	334	2	109	0	0	2759	0,0,0,0,0,0	13005	0	362	8743	39	0	8596,8320,8320,7323,7323,7323,7323	2	48	8381,0,0,0,0,0,0	109	0
172731	494	1011	713	259	259	59	23	4	2941	34	218	556	238	2	84	0	0	2818	0,0,0,0,0,0	28438	0	327	9071	41	0	8917,8625,8625,7568,7568,7568,7568	2	40	8709,0,0,0,0,0,0	113	0
172544	500	1040	735	253	263	69	24	3	3060	35	220	535	316	6	95	0	0	2884	0,0,0,0,0,0	28506	0	360	9434	42	0	9269,8959,8959,7839,7839,7839,7839	2	29	9072,0,0,0,0,0,0	111	0
172387	521	1051	710	261	261	71	20	3	3197	39	225	506	255	4	92	0	0	2895	0,0,0,0,0,0	28640	0	342	9775	45	0	9602,9274,9274,8085,8085,8085,8085	3	42	9413,0,0,0,0,0,0	120	0
172280	536	1007	717	267	274	71	24	3	3299	41	227	509	83	3	87	0	0	2896	0,0,0,0,0,0	42215	0	309	10086	45	0	9902,9553,9553,8289,8289,8289,8289	2	29	9724,0,0,0,0,0,0	124	0
172166	506	1049	715	279	267	68	26	3	3397	42	228	533	348	5	102	0	0	2910	0,0,0,0,0,0	42060	0	305	10395	45	0	10198,9830,9830,8496,8496,8496,8496	3	34	10033,0,0,0,0,0,0	127	0
172052	494	1062	735	292	284	70	31	4	3445	43	234	495	263	4	112	0	0	2968	0,0,0,0,0,0	28180	0	340	10733	48	0	10528,10136,10136,8718,8718,8718,8718	3	44	10371,0,0,0,0,0,0	122	0
171907	506	1041	746	287	301	72	34	4	3567	45	236	471	250	7	103	0	0	2987	0,0,0,0,0,0	28381	0	330	11061	53	0	10843,10433,10433,8948,8948,8948,8948	3	37	10700,0,0,0,0,0,0	129	0
171782	510	1047	753	291	298	79	37	6	3660	45	238	474	236	4	121	0	0	3015	0,0,0,0,0,0	28606	0	350	11410	57	0	11179,10747,10747,9179,9179,9179,9179	3	35	11049,0,0,0,0,0,0	138	0
171659	512	1055	753	304	300	79	40	6	3751	47	240	484	280	6	108	0	0	3043	0,0,0,0,0,0	28634	0	342	11756	57	0	11511,11056,11056,9407,9407,9407,9407	3	49	11395,0,0,0,0,0,0	136	0
171545	517	1099	740	300	303	77	42	7	3824	48	244	466	287	4	122	0	0	3078	0,0,0,0,0,0	28557	0	360	12115	60	0	11858,11378,11378,9637,9637,9637,9637	3	32	11754,0,0,0,0,0,0	135	0
171541	475	1058	757	309	310	72	45	6	3876	49	248	456	314	3	84	0	0	3026	0,0,0,0,0,0	42324	0	259	12367	67	0	12097,11592,11592,9760,9760,9760,9760	3	24	12008,0,0,0,0,0,0	135	0
171489	440	1068	739	305	306	74	46	8	3969	51	251	446	250	3	104	0	0	2978	0,0,0,0,0,0	42413	0	291	12658	69	0	12375,11846,11846,9925,9925,9925,9925	3	28	12300,0,0,0,0,0,0	144	0
171425	456	1030	740	307	313	73	49	9	4037	53	254	449	264	6	123	0	0	2968	0,0,0,0,0,0	28675	0	319	12976	72	0	12679,12124,12124,10108,10108,10108,10108	3	36	12619,0,0,0,0,0,0	142	0
171371	467	1003	750	318	310	72	52	10	4081	54	258	432	255	0	120	0	0	2972	0,0,0,0,0,0	28537	0	309	13285	76	0	12972,12391,12391,10281,10281,10281,10281	3	35	12928,0,0,0,0,0,0	147	0
171293	492	1005	739	287	302	75	50	8	4178	58	259	422	255	4	99	0	0	2950	0,0,0,0,0,0	28625	0	328	13609	82	0	13280,12675,12675,10473,10473,10473,10473	3	32	13252,0,0,0,0,0,0	144	0
171206	483	1018	734	274	308	84	51	7	4262	59	260	420	248	2	104	0	0	2952	0,0,0,0,0,0	28625	0	336	13944	84	0	13600,12969,12969,10676,10676,10676,10676	3	40	13588,0,0,0,0,0,0	151	0
171127	510	1036	739	268	306	90	59	6	4282	59	264	402	253	9	119	0	0	3008	0,0,0,0,0,0	28587	0	337	14278	87	0	13920,13264,13264,10875,10875,10875,10875	3	41	13922,0,0,0,0,0,0	157	0
171069	506	1020	732	294	302	91	56	7	4341	63	265	395	305	3	93	0	0	3001	0,0,0,0,0,0	42272	0	308	14586	88	0	14212,13530,13530,11049,11049,11049,11049	3	34	14230,0,0,0,0,0,0	171	0
171051	474	1028	742	280	289	91	57	7	4390	67	270	417	244	3	91	0	0	2961	0,0,0,0,0,0	42272	0	284	14866	93	0	14479,13771,13771,11191,11191,11191,11191	3	24	14510,0,0,0,0,0,0	172	0
171040	444	1055	734	285	278	94	59	9	4404	70	274	414	273	1	105	0	0	2949	0,0,0,0,0,0	28324	0	310	15177	94	0	14772,14034,14034,11342,11342,11342,11342	2	37	14821,0,0,0,0,0,0	160	0
171016	459	1045	712	276	297	94	59	10	4427	77	274	399	314	1	97	0	0	2942	0,0,0,0,0,0	28340	0	316	15498	94	0	15071,14302,14302,11502,11502,11502,11502	2	37	15142,0,0,0,0,0,0	168	0
170968	485	1010	703	278	302	93	60	12	4481	78	276	374	259	8	105	0	0	2931	0,0,0,0,0,0	28547	0	317	15810	100	0	15366,14571,14571,11672,11672,11672,11672	2	32	15454,0,0,0,0,0,0	173	0
170907	484	1004	690	287	290	94	58	13	4563	80	276	401	266	5	116	0	0	2907	0,0,0,0,0,0	28324	0	309	16119	103	0	15657,14838,14838,11846,11846,11846,11846	3	43	15764,0,0,0,0,0,0	174	0
170873	481	1025	692	285	285	89	54	14	4584	85	279	400	252	4	96	0	0	2911	0,0,0,0,0,0	28646	0	315	16434	106	0	15956,15107,15107,12009,12009,12009,12009	3	32	16080,0,0,0,0,0,0	171	0
170892	477	990	700	294	271	90	52	12	4593	91	284	410	261	3	83	0	0	2874	0,0,0,0,0,0	42608	0	284	16717	110	0	16223,15344,15344,12132,12132,12132,12132	2	21	16363,0,0,0,0,0,0	158	0
170938	461	973	708	276	266	81	49	13	4598	97	286	404	249	3	89	0	0	2814	0,0,0,0,0,0	42417	0	276	16991	114	0	16476,15565,15565,12235,12235,12235,12235	2	21	16637,0,0,0,0,0,0	149	0
170915	459	967	721	278	247	75	51	12	4633	100	288	394	324	3	104	0	0	2798	0,0,0,0,0,0	28480	0	300	17290	118	0	16756,15817,15817,12384,12384,12384,12384	2	38	16936,0,0,0,0,0,0	139	0
170875	467	978	724	283	243	77	56	12	4641	100	290	373	288	6	84	0	0	2828	0,0,0,0,0,0	28428	0	327	17617	119	0	17062,16094,16094,12554,12554,12554,12554	2	37	17263,0,0,0,0,0,0	143	0
170878	461	977	721	276	242	79	51	14	4653	103	291	378	328	7	90	0	0	2807	0,0,0,0,0,0	28495	0	284	17902	120	0	17326,16330,16330,12681,12681,12681,12681	2	20	17548,0,0,0,0,0,0	147	0
170879	460	982	711	285	258	81	45	13	4633	108	291	393	263	3	97	0	0	2822	0,0,0,0,0,0	28255	0	304	18204	124	0	17606,16579,16579,12818,12818,12818,12818	2	40	17851,0,0,0,0,0,0	147	0
170864	465	959	708	303	261	83	40	13	4643	113	294	390	287	4	110	0	0	2819	0,0,0,0,0,0	28308	0	298	18501	125	0	17885,16829,16829,12961,12961,12961,12961	2	30	18148,0,0,0,0,0,0	139	0
170908	460	908	728	302	273	76	40	13	4624	117	297	401	264	2	84	0	0	2787	0,0,0,0,0,0	42151	0	270	18768	131	0	18133,17046,17046,13061,13061,13061,13061	2	13	18415,0,0,0,0,0,0	137	0
170976	433	875	727	295	266	78	37	14	4624	121	300	402	306	8	97	0	0	2711	0,0,0,0,0,0	42032	0	238	19007	131	0	18351,17234,17234,13133,13133,13133,13133	2	20	18654,0,0,0,0,0,0	145	0
171035	410	874	723	285	266	78	34	14	4599	125	303	405	245	4	123	0	0	2670	0,0,0,0,0,0	28336	0	265	19271	133	0	18595,17444,17444,13222,13222,13222,13222	2	38	18919,0,0,0,0,0,0	130	0
171012	418	892	704	274	263	78	34	17	4623	127	304	419	260	3	75	0	0	2663	0,0,0,0,0,0	28322	0	301	19574	134	0	18875,17697,17697,13368,13368,13368,13368	2	35	19222,0,0,0,0,0,0	131	0
171052	404	902	688	247	252	68	35	16	4646	129	307	423	258	1	75	0	0	2596	0,0,0,0,0,0	28679	0	268	19842	135	0	19123,17913,17913,13468,13468,13468,13468	2	36	19490,0,0,0,0,0,0	121	0
171084	392	902	679	249	250	60	32	16	4643	131	308	442	257	6	97	0	0	2564	0,0,0,0,0,0	28645	0	261	20102	136	0	19361,18122,18122,13566,13566,13566,13566	2	31	19750,0,0,0,0,0,0	123	0
171131	382	913	666	255	252	61	31	16	4597	131	311	440	242	3	91	0	0	2560	0,0,0,0,0,0	28471	0	282	20383	138	0	19620,18348,18348,13667,13667,13667,13667	2	25	20031,0,0,0,0,0,0	118	0
171166	381	864	663	250	264	60	33	14	4601	132	318	462	231	2	83	0	0	2515	0,0,0,0,0,0	42229	0	234	20615	142	0	19836,18536,18536,13754,13754,13754,13754	2	20	20263,0,0,0,0,0,0	116	0
171254	383	817	681	253	238	61	33	13	4559	134	320	470	291	2	93	0	0	2466	0,0,0,0,0,0	42143	0	219	20836	142	0	20035,18705,18705,13806,13806,13806,13806	2	21	20484,0,0,0,0,0,0	131	0
171330	377	801	677	245	239	59	36	12	4509	138	323	447	317	6	91	0	0	2434	0,0,0,0,0,0	28372	0	241	21072	147	0	20250,18888,18888,13870,13870,13870,13870	2	25	20720,0,0,0,0,0,0	118	0
171430	390	745	654	252	244	60	36	7	4463	141	324	453	238	5	82	0	0	2381	0,0,0,0,0,0	28550	0	226	21296	149	0	20448,19053,19053,13912,13912,13912,13912	2	13	20944,0,0,0,0,0,0	113	0
171500	386	728	641	253	236	62	34	7	4425	146	328	445	93	1	89	0	0	2340	0,0,0,0,0,0	28350	0	230	21523	153	0	20654,19229,19229,13974,13974,13974,13974	2	23	21171,0,0,0,0,0,0	121	0
171575	355	730	607	224	228	67	37	8	4436	149	330	431	259	9	73	0	0	2248	0,0,0,0,0,0	42453	0	201	21726	153	0	20835,19383,19383,14021,14021,14021,14021	2	21	21374,0,0,0,0,0,0	122	0
171628	335	738	608	212	218	68	38	8	4412	149	332	437	236	3	74	0	0	2217	0,0,0,0,0,0	42039	0	224	21947	157	0	21034,19554,19554,14086,14086,14086,14086	2	16	21595,0,0,0,0,0,0	129	0
171706	313	758	545	220	204	69	42	8	4397	151	333	423	253	3	72	0	0	2151	0,0,0,0,0,0	42365	0	201	22143	163	0	21210,19702,19702,14130,14130,14130,14130	1	12	21792,0,0,0,0,0,0	132	0
171796	323	698	531	221	229	64	46	8	4340	153	337	415	258	0	71	0	0	2112	0,0,0,0,0,0	42320	25	196	22338	164	0	21386,19850,19850,14167,14167,14167,14167	1	23	21987,0,0,0,0,0,0	136	22
171849	314	717	531	205	216	68	47	6	4299	155	339	420	270	2	92	0	0	2098	0,0,0,0,0,0	28472	24	214	22551	165	0	21577,20014,20014,14229,14229,14229,14229	1	12	22200,0,0,0,0,0,0	131	41
171948	306	695	530	211	224	65	43	6	4215	160	343	408	288	2	76	0	0	2074	0,0,0,0,0,0	28351	34	205	22754	169	0	21756,20163,20163,14261,14261,14261,14261	1	26	22403,0,0,0,0,0,0	141	67
172032	325	655	532	212	231	70	41	8	4132	162	346	399	244	4	93	0	0	2066	0,0,0,0,0,0	28256	22	216	22966	174	0	21947,20323,20323,14307,14307,14307,14307	1	33	22616,0,0,0,0,0,0	133	89
172082	328	640	527	203	216	67	42	10	4122	163	346	414	310	1	66	0	0	2023	0,0,0,0,0,0	28639	33	207	23169	178	0	22128,20479,20479,14363,14363,14363,14363	1	21	22820,0,0,0,0,0,0	133	115
172146	306	657	483	205	219	65	40	11	4097	167	350	419	261	5	75	0	0	1975	0,0,0,0,0,0	28279	26	194	23362	180	0	22301,20626,20626,14409,14409,14409,14409	1	17	23014,0,0,0,0,0,0	131	134
172204	312	663	481	186	210	70	41	13	4042	169	355	406	258	6	65	0	0	1963	0,0,0,0,0,0	35685	29	207	23568	183	0	22489,20787,20787,14467,14467,14467,14467	1	30	23221,0,0,0,0,0,0	132	157
172271	318	630	485	176	207	70	42	12	4009	171	355	401	254	3	69	0	0	1928	0,0,0,0,0,0	35397	154	179	23743	188	0	22651,20925,20925,14508,14508,14508,14508	1	10	23396,0,0,0,0,0,0	145	282
172379	306	659	474	154	189	65	43	10	3932	177	358	407	322	4	81	0	0	1890	0,0,0,0,0,0	23321	147	193	23935	192	0	22827,21070,21070,14533,14533,14533,14533	1	21	23588,0,0,0,0,0,0	123	405
172433	314	636	482	179	194	64	41	11	3853	179	360	413	307	3	62	0	0	1910	0,0,0,0,0,0	23155	131	204	24136	198	0	23014,21232,21232,14590,14590,14590,14590	1	22	23790,0,0,0,0,0,0	132	508
172491	324	636	470	180	199	63	35	8	3793	186	361	411	255	2	69	0	0	1907	0,0,0,0,0,0	23196	133	197	24334	200	0	23199,21391,21391,14644,14644,14644,14644	1	24	23989,0,0,0,0,0,0	119	619
172575	315	633	479	165	198	63	34	5	3728	189	362	439	246	3	68	0	0	1887	0,0,0,0,0,0	23269	129	199	24530	203	0	23381,21545,21545,14684,14684,14684,14684	1	21	24185,0,0,0,0,0,0	118	716
172591	336	673	460	163	184	61	39	4	3681	189	365	431	328	4	68	0	0	1916	0,0,0,0,0,0	23423	138	233	24762	205	0	23599,21738,21738,14775,14775,14775,14775	1	19	24417,0,0,0,0,0,0	122	839
172630	343	679	471	178	187	56	41	3	3601	190	367	445	139	2	64	0	0	1955	0,0,0,0,0,0	35603	131	214	24976	207	0	23800,21914,21914,14848,14848,14848,14848	1	22	24631,0,0,0,0,0,0	134	942
172706	311	681	471	171	189	55	43	4	3555	192	368	431	73	3	55	0	0	1921	0,0,0,0,0,0	35106	160	167	25142	208	0	23992,22081,22081,14897,14897,14897,14897	1	19	24797,0,0,0,0,0,0	124	1072
172727	287	692	472	179	200	52	43	6	3524	194	370	453	248	6	87	0	0	1925	0,0,0,0,0,0	23182	131	212	25355	208	0	24231,22296,22296,14996,14996,14996,14996	1	26	25010,0,0,0,0,0,0	119	1179
172787	276	674	490	162	210	53	40	7	3477	197	373	455	258	1	74	0	0	1905	0,0,0,0,0,0	23314	177	200	25555	209	0	24446,22486,22486,15062,15062,15062,15062	1	13	25210,0,0,0,0,0,0	106	1325
172800	294	647	479	174	205	51	37	9	3475	199	376	456	257	4	74	0	0	1887	0,0,0,0,0,0	23386	170	205	25760	211	0	24672,22690,22690,15158,15158,15158,15158	1	20	25415,0,0,0,0,0,0	109	1467
172819	286	652	480	192	198	54	30	11	3444	202	378	425	269	1	67	0	0	1892	0,0,0,0,0,0	23410	130	206	25965	214	0	24893,22888,22888,15247,15247,15247,15247	1	20	25620,0,0,0,0,0,0	103	1578
172823	315	611	479	192	194	57	27	10	3455	204	379	430	278	3	66	0	0	1875	0,0,0,0,0,0	23441	153	207	26173	218	0	25125,23099,23099,15350,15350,15350,15350	1	18	25828,0,0,0,0,0,0	100	1702
172885	324	589	483	192	189	60	24	11	3400	206	383	446	230	1	59	0	0	1861	0,0,0,0,0,0	35177	145	180	26350	221	0	25324,23273,23273,15409,15409,15409,15409	1	17	26005,0,0,0,0,0,0	105	1822
172981	284	600	469	208	171	59	27	9	3342	209	387	446	265	1	56	0	0	1818	0,0,0,0,0,0	35638	61	156	26505	222	0	25508,23431,23431,15442,15442,15442,15442	1	8	26160,0,0,0,0,0,0	99	1868
172999	300	614	468	196	163	63	23	11	3311	211	387	437	263	0	65	0	0	1827	0,0,0,0,0,0	23318	66	211	26714	224	0	25733,23634,23634,15533,15533,15533,15533	1	28	26369,0,0,0,0,0,0	111	1910
173028	290	610	447	186	156	71	24	11	3321	213	389	428	235	1	60	0	0	1784	0,0,0,0,0,0	23494	41	183	26893	228	0	25944,23824,23824,15611,15611,15611,15611	1	16	26549,0,0,0,0,0,0	95	1940
173048	294	634	442	168	150	65	25	11	3303	216	390	424	266	0	57	0	0	1778	0,0,0,0,0,0	23258	65	207	27094	234	0	26174,24032,24032,15702,15702,15702,15702	1	27	26751,0,0,0,0,0,0	96	1989
173071	305	637	443	164	167	62	22	10	3253	219	393	432	335	2	65	0	0	1800	0,0,0,0,0,0	23477	61	199	27293	235	0	26393,24228,24228,15787,15787,15787,15787	1	19	26950,0,0,0,0,0,0	96	2036
173082	321	632	428	177	165	67	23	11	3225	221	394	438	251	2	58	0	0	1813	0,0,0,0,0,0	23171	65	214	27503	241	0	26627,24440,24440,15886,15886,15886,15886	1	18	27161,0,0,0,0,0,0	95	2078
173167	297	597	426	192	159	67	22	9	3191	223	396	437	236	1	63	0	0	1760	0,0,0,0,0,0	35582	64	146	27649	242	0	26796,24586,24586,15916,15916,15916,15916	1	13	27307,0,0,0,0,0,0	100	2124
173224	304	573	442	199	143	68	22	9	3140	223	399	454	350	3	60	0	0	1751	0,0,0,0,0,0	35452	185	172	27823	242	0	26974,24740,24740,15964,15964,15964,15964	1	16	27481,0,0,0,0,0,0	102	2275
173276	283	576	422	190	159	68	22	8	3116	225	401	440	275	3	76	0	0	1720	0,0,0,0,0,0	23232	211	154	27975	245	0	27130,24875,24875,16002,16002,16002,16002	1	23	27633,0,0,0,0,0,0	111	2426
173278	288	608	418	186	161	62	22	5	3090	226	402	454	269	5	66	0	0	1745	1,0,0,0,0,0	23374	190	187	28186	249	0	27336,25061,25061,16090,16090,16090,16090	1	24	27817,28,0,0,0,0,0	110	2569
173264	318	603	428	180	168	57	20	5	3072	228	403	476	242	1	64	0	0	1774	4,0,0,0,0,0	23430	205	174	28404	255	0	27557,25261,25261,16192,16192,16192,16192	1	20	27984,81,0,0,0,0,0	94	2730
173234	331	631	442	186	156	56	20	6	3047	229	408	500	250	5	60	0	0	1822	7,0,0,0,0,0	23350	187	204	28631	263	0	27791,25475,25475,16310,16310,16310,16310	1	28	28163,131,0,0,0,0,0	97	2873
173201	345	704	425	171	161	57	24	5	3013	231	409	506	241	6	68	0	0	1887	10,0,0,0,0,0	23203	192	209	28875	269	0	28035,25698,25698,16434,16434,16434,16434	1	21	28346,194,0,0,0,0,0	91	3022
173152	361	734	431	156	170	56	24	5	3011	234	412	495	228	1	42	0	0	1932	14,0,0,0,0,0	35870	206	200	29113	278	0	28280,25925,25925,16568,16568,16568,16568	1	16	28497,286,0,0,0,0,0	100	3176
173165	350	711	476	176	183	57	25	6	2949	236	412	483	270	3	62	0	0	1978	17,0,0,0,0,0	35839	181	185	29320	281	0	28565,26189,26189,16693,16693,16693,16693	1	10	28630,361,0,0,0,0,0	98	3319
173112	345	724	490	193	208	53	28	6	2932	237	418	488	286	1	72	0	0	2041	19,0,0,0,0,0	23211	161	246	29564	283	0	28890,26495,26495,16868,16868,16868,16868	1	25	28812,424,0,0,0,0,0	96	3420
