S	E	I1	I2	I3	I4	I5_h	I6_h	R_h	R	D1	D2	H	T	P1	P2	Q	QT	NQ	MUT	HOM	VAC	NI	INF	REINF	BSTR	IMM	HCI	HCE	INFV	INFH	VNI
178145	108	102	44	35	51	4	3	0	253	1	0	193	0	0	0	57	57	290	0,0,0,0,0,0	178745	0	0	347	0	0	601,601,601,601,601,601,601	0	0	0,0,0,0,0,0,0	0	0
178087	90	155	51	29	46	4	3	0	277	1	3	324	259	0	69	118	59	319	0,0,0,0,0,0	12567	0	64	411	0	0	659,659,659,659,659,659,659	0	6	64,0,0,0,0,0,0	9	0
178028	106	173	58	32	42	6	3	0	291	1	6	420	311	0	14	355	64	356	0,0,0,0,0,0	12733	0	70	481	0	0	718,718,718,718,718,718,718	0	7	134,0,0,0,0,0,0	9	0
177975	117	184	59	38	44	9	5	0	306	1	8	481	83	1	11	566	78	378	0,0,0,0,0,0	13057	0	62	543	0	0	772,772,772,772,772,772,772	0	7	196,0,0,0,0,0,0	12	0
177911	121	207	64	44	47	11	4	1	324	1	11	521	91	0	15	627	92	406	0,0,0,0,0,0	25333	0	81	624	0	0	839,839,839,839,839,839,839	0	4	277,0,0,0,0,0,0	16	0
177856	119	222	84	48	46	13	5	1	337	1	14	563	156	0	16	737	113	424	0,0,0,0,0,0	25437	0	67	692	0	0	898,898,898,898,898,898,898	0	5	345,0,0,0,0,0,0	24	0
177793	111	238	96	50	50	15	4	3	367	1	18	629	298	0	16	971	125	439	0,0,0,0,0,0	13811	0	73	765	0	0	964,964,964,964,964,964,964	0	4	418,0,0,0,0,0,0	22	0
177721	126	225	124	50	56	16	4	3	395	1	25	662	266	0	18	1081	148	453	0,0,0,0,0,0	13878	0	85	850	0	0	1042,1042,1042,1041,1041,1041,1041	0	9	503,0,0,0,0,0,0	24	0
177671	114	231	132	47	63	15	4	3	436	1	29	670	250	0	25	1271	180	426	0,0,0,0,0,0	13986	0	67	917	1	0	1095,1095,1095,1094,1094,1094,1094	0	10	571,0,0,0,0,0,0	27	0
177593	124	238	148	57	63	16	5	4	462	1	35	715	268	1	15	1527	195	456	0,0,0,0,0,0	14351	0	97	1014	1	0	1181,1181,1181,1179,1179,1179,1179	0	4	668,0,0,0,0,0,0	28	0
177511	136	257	148	63	63	19	5	3	502	2	37	741	249	1	21	1570	203	488	0,0,0,0,0,0	14425	0	107	1123	1	0	1277,1276,1276,1272,1272,1272,1272	0	13	777,0,0,0,0,0,0	35	0
177470	125	260	163	68	63	20	5	2	531	2	37	734	104	0	24	1476	222	482	0,0,0,0,0,0	26136	0	68	1190	2	0	1329,1327,1327,1320,1320,1320,1320	0	4	845,0,0,0,0,0,0	39	0
177410	125	271	171	69	70	23	5	2	558	2	40	730	91	1	18	1314	225	509	0,0,0,0,0,0	26348	0	94	1284	2	0	1409,1406,1406,1394,1394,1394,1394	0	6	939,0,0,0,0,0,0	37	0
177333	139	283	168	75	66	26	6	3	599	2	46	783	242	0	24	1296	220	543	0,0,0,0,0,0	14220	0	104	1388	2	0	1506,1501,1501,1485,1485,1485,1485	0	11	1043,0,0,0,0,0,0	41	0
177242	162	301	162	81	70	24	7	3	643	2	49	750	89	0	31	1403	252	555	0,0,0,0,0,0	14126	0	117	1503	5	0	1614,1608,1608,1585,1585,1585,1585	1	6	1161,0,0,0,0,0,0	56	0
177173	164	316	163	83	76	22	8	4	681	2	54	739	220	1	19	1401	253	579	0,0,0,0,0,0	14297	0	106	1608	7	0	1703,1695,1695,1667,1667,1667,1667	1	11	1268,0,0,0,0,0,0	54	0
177096	157	332	175	84	87	18	7	4	726	4	56	729	313	0	24	1451	254	606	0,0,0,0,0,0	14306	0	110	1719	7	0	1803,1793,1793,1757,1757,1757,1757	1	12	1379,0,0,0,0,0,0	52	0
177004	176	342	187	83	84	23	10	4	768	5	60	708	288	2	38	1582	275	630	0,0,0,0,0,0	14297	0	124	1843	8	0	1917,1905,1905,1863,1863,1863,1863	1	15	1504,0,0,0,0,0,0	55	0
176933	176	336	205	87	88	20	9	3	815	6	68	673	257	2	30	1475	284	637	0,0,0,0,0,0	26196	0	101	1944	8	0	2012,1998,1998,1949,1949,1949,1949	1	3	1605,0,0,0,0,0,0	60	0
176884	168	341	214	85	81	24	9	1	862	6	71	696	258	0	27	1559	294	628	0,0,0,0,0,0	26121	0	98	2042	8	0	2097,2080,2080,2020,2020,2020,2020	1	10	1703,0,0,0,0,0,0	52	0
176803	177	352	221	99	89	23	9	1	892	7	73	708	252	3	22	1615	295	675	0,0,0,0,0,0	14424	0	135	2178	9	0	2221,2200,2200,2126,2126,2126,2126	1	17	1839,0,0,0,0,0,0	57	0
176720	192	381	229	98	84	21	11	1	919	7	83	696	249	2	37	1885	313	703	0,0,0,0,0,0	14836	0	140	2319	9	0	2355,2329,2329,2237,2237,2237,2237	1	13	1980,0,0,0,0,0,0	57	0
176639	199	393	242	99	97	20	11	1	950	7	88	717	226	2	33	1950	326	735	0,0,0,0,0,0	14600	0	139	2460	9	0	2485,2455,2455,2347,2347,2347,2347	1	15	2121,0,0,0,0,0,0	54	0
176533	203	412	258	107	98	19	13	1	1002	7	93	700	255	1	25	2060	327	783	0,0,0,0,0,0	14770	0	148	2605	12	0	2629,2595,2595,2473,2473,2473,2473	1	17	2269,0,0,0,0,0,0	58	0
176420	223	452	275	106	97	21	12	2	1035	7	96	700	85	2	35	2095	337	849	0,0,0,0,0,0	15107	0	183	2787	13	0	2800,2761,2761,2619,2619,2619,2619	2	21	2451,0,0,0,0,0,0	59	0
176312	243	463	280	114	102	19	12	3	1092	7	99	678	277	0	28	2246	337	896	0,0,0,0,0,0	26874	0	163	2951	14	0	2956,2911,2911,2752,2752,2752,2752	2	20	2616,0,0,0,0,0,0	62	0
176202	248	489	287	116	114	24	12	3	1138	7	106	647	250	1	36	2261	362	928	0,0,0,0,0,0	27059	0	160	3110	15	0	3110,3061,3061,2886,2886,2886,2886	2	10	2775,0,0,0,0,0,0	76	0
176095	245	507	297	133	121	25	14	3	1189	7	110	687	263	4	38	2282	351	991	0,0,0,0,0,0	15172	0	176	3286	16	0	3281,3225,3225,3028,3028,3028,3028	2	10	2951,0,0,0,0,0,0	72	0
175974	263	542	306	135	124	27	15	4	1230	7	119	653	269	2	64	2479	442	970	0,0,0,0,0,0	15039	0	196	3482	18	0	3470,3408,3408,3185,3185,3185,3185	2	18	3147,0,0,0,0,0,0	83	0
175853	286	544	313	145	135	32	15	2	1294	7	120	669	93	3	53	3011	465	1005	0,0,0,0,0,0	15784	0	196	3679	18	0	3656,3587,3587,3341,3341,3341,3341	2	19	3344,0,0,0,0,0,0	75	0
175700	308	556	345	145	147	37	19	2	1353	9	125	669	270	0	42	3134	498	1059	0,0,0,0,0,0	16067	0	219	3899	18	0	3872,3796,3796,3527,3527,3527,3527	2	23	3564,0,0,0,0,0,0	81	0
175549	319	570	365	154	154	38	20	2	1434	11	130	696	293	3	54	3377	506	1114	0,0,0,0,0,0	16091	0	199	4101	18	0	4073,3993,3993,3704,3704,3704,3704	2	18	3766,0,0,0,0,0,0	90	0
175414	324	595	386	159	151	42	22	3	1505	11	134	667	324	5	40	3477	515	1164	0,0,0,0,0,0	27742	0	220	4321	20	0	4287,4198,4198,3881,3881,3881,3881	2	16	3987,0,0,0,0,0,0	90	0
175278	310	635	389	154	151	44	22	4	1611	11	137	659	331	3	51	3672	537	1168	0,0,0,0,0,0	27994	0	199	4520	21	0	4482,4387,4387,4048,4048,4048,4048	2	20	4186,0,0,0,0,0,0	100	0
175085	343	718	375	167	159	40	23	3	1683	12	138	630	260	2	58	3983	566	1259	0,0,0,0,0,0	17105	0	291	4810	23	0	4761,4657,4657,4287,4287,4287,4287	2	37	4476,0,0,0,0,0,0	103	0
174929	375	729	388	185	169	37	23	3	1746	14	148	602	342	4	66	4410	618	1288	0,0,0,0,0,0	16951	0	247	5057	25	0	5005,4893,4893,4489,4489,4489,4489	3	34	4723,0,0,0,0,0,0	94	0
174770	404	748	397	194	180	45	25	3	1813	14	153	602	248	2	50	4708	642	1351	0,0,0,0,0,0	17431	0	265	5320	28	0	5263,5141,5141,4700,4700,4700,4700	3	25	4986,0,0,0,0,0,0	97	0
174580	434	770	445	186	180	46	22	5	1901	17	160	559	287	3	63	5208	667	1416	0,0,0,0,0,0	17638	0	277	5597	32	0	5537,5405,5405,4933,4933,4933,4933	3	21	5264,0,0,0,0,0,0	91	0
174403	454	796	479	209	204	46	23	5	1945	18	164	548	317	2	67	5061	700	1511	0,0,0,0,0,0	18087	0	294	5895	32	0	5829,5685,5685,5169,5169,5169,5169	3	31	5562,0,0,0,0,0,0	86	0
174258	468	801	510	206	212	46	25	4	2028	19	169	516	257	2	75	5222	733	1535	0,0,0,0,0,0	29360	0	250	6147	33	0	6076,5921,5921,5366,5366,5366,5366	3	20	5814,0,0,0,0,0,0	85	0
174124	437	846	498	221	230	50	26	4	2119	21	170	533	267	2	70	5278	776	1532	0,0,0,0,0,0	29510	0	255	6403	34	0	6324,6157,6157,5559,5559,5559,5559	3	13	6070,0,0,0,0,0,0	89	0
173973	451	851	517	215	238	57	29	3	2214	22	176	534	320	4	80	5709	814	1544	0,0,0,0,0,0	18559	0	273	6676	37	0	6590,6411,6411,5769,5769,5769,5769	3	35	6344,0,0,0,0,0,0	93	0
173814	435	905	539	219	232	57	32	3	2308	23	179	549	248	1	70	5654	825	1594	0,0,0,0,0,0	18711	0	293	6971	39	0	6874,6682,6682,5991,5991,5991,5991	4	40	6639,0,0,0,0,0,0	108	0
173606	473	926	539	236	247	57	35	2	2420	24	181	537	313	10	72	5659	812	1701	0,0,0,0,0,0	18439	0	334	7306	40	0	7198,6994,6994,6259,6259,6259,6259	4	36	6974,0,0,0,0,0,0	116	0
173401	487	981	548	247	251	64	34	2	2516	27	188	524	263	2	91	6120	832	1780	0,0,0,0,0,0	18826	0	344	7651	40	0	7539,7320,7320,6533,6533,6533,6533	4	25	7319,0,0,0,0,0,0	116	0
173206	498	1015	576	254	257	77	34	2	2609	30	188	547	267	1	81	6238	836	1875	0,0,0,0,0,0	19107	0	349	8004	41	0	7881,7647,7647,6803,6803,6803,6803	4	33	7672,0,0,0,0,0,0	127	0
173008	529	1025	594	265	275	72	33	2	2714	34	195	548	315	10	93	6179	872	1921	0,0,0,0,0,0	30244	0	343	8347	43	0	8217,7969,7969,7073,7073,7073,7073	4	24	8015,0,0,0,0,0,0	144	0
172833	504	1072	596	274	280	76	40	2	2838	34	197	546	276	2	75	6224	933	1909	0,0,0,0,0,0	30528	0	317	8663	45	0	8525,8262,8262,7315,7315,7315,7315	4	17	8331,0,0,0,0,0,0	155	0
172638	520	1088	627	289	290	73	37	4	2940	37	203	525	333	5	105	6484	986	1938	0,0,0,0,0,0	19786	0	356	9017	49	0	8873,8594,8594,7587,7587,7587,7587	4	46	8686,0,0,0,0,0,0	151	0
172411	577	1126	642	297	299	72	38	6	3033	37	208	511	267	3	94	6558	1016	2035	0,0,0,0,0,0	19110	0	417	9437	49	0	9282,8984,8984,7906,7906,7906,7906	4	41	9106,0,0,0,0,0,0	158	0
172207	603	1152	665	288	307	81	36	8	3151	38	210	490	257	5	89	6744	1009	2123	0,0,0,0,0,0	34751	0	368	9806	52	0	9643,9327,9327,8189,8189,8189,8189	4	32	9475,0,0,0,0,0,0	162	0
172024	608	1137	702	318	323	77	36	9	3260	39	213	484	284	5	94	6642	1032	2169	0,0,0,0,0,0	34766	0	366	10170	54	0	9997,9663,9663,8458,8458,8458,8458	4	36	9839,0,0,0,0,0,0	160	0
171843	581	1183	719	304	341	83	41	10	3384	42	215	490	250	8	85	7076	1050	2202	0,0,0,0,0,0	34758	0	361	10533	58	0	10350,9998,9998,8725,8725,8725,8725	5	41	10203,0,0,0,0,0,0	162	0
171731	517	1226	750	325	337	83	46	8	3461	45	217	479	321	5	115	7050	1082	2202	0,0,0,0,0,0	48020	0	341	10874	62	0	10678,10303,10303,8947,8947,8947,8947	5	27	10545,0,0,0,0,0,0	181	0
171638	505	1179	739	348	343	86	42	9	3587	49	221	454	274	6	122	6917	1117	2125	0,0,0,0,0,0	47692	0	313	11187	63	0	10980,10583,10583,9146,9146,9146,9146	5	42	10858,0,0,0,0,0,0	178	0
171477	513	1184	763	339	332	93	43	11	3716	50	225	452	302	6	112	7284	1127	2140	0,0,0,0,0,0	35070	0	373	11559	65	0	11341,10923,10923,9408,9408,9408,9408	5	44	11230,0,0,0,0,0,0	178	0
171338	540	1145	774	332	360	95	42	12	3826	55	227	431	350	6	114	7434	1162	2126	0,0,0,0,0,0	35504	0	359	11916	70	0	11683,11243,11243,9648,9648,9648,9648	5	41	11587,0,0,0,0,0,0	173	0
171267	511	1159	745	335	346	97	43	12	3947	56	228	449	289	7	106	7832	1190	2046	0,0,0,0,0,0	35664	0	320	12236	71	0	11988,11523,11523,9836,9836,9836,9836	5	26	11907,0,0,0,0,0,0	173	0
171205	483	1169	751	335	329	104	44	13	4022	57	234	451	258	4	94	8103	1195	2020	0,0,0,0,0,0	36055	0	317	12553	72	0	12293,11802,11802,10020,10020,10020,10020	5	24	12224,0,0,0,0,0,0	183	0
171099	503	1081	786	345	354	108	51	12	4112	58	237	446	275	10	86	8279	1191	2037	0,0,0,0,0,0	36203	0	338	12890	75	0	12616,12102,12102,10235,10235,10235,10235	5	37	12561,0,0,0,0,0,0	193	0
171046	496	1046	789	341	335	117	57	11	4211	59	238	415	296	4	98	7983	1150	2031	0,0,0,0,0,0	48400	0	287	13175	80	0	12886,12348,12348,10396,10396,10396,10396	5	26	12846,0,0,0,0,0,0	218	0
171061	458	996	795	321	323	120	61	12	4298	60	241	409	256	4	112	7940	1138	1936	0,0,0,0,0,0	48379	0	258	13431	83	0	13127,12562,12562,10510,10510,10510,10510	5	23	13102,0,0,0,0,0,0	231	0
171024	430	1007	760	335	312	115	52	14	4386	66	245	435	264	8	94	7712	1113	1898	0,0,0,0,0,0	35728	0	297	13721	91	0	13405,12813,12813,10667,10667,10667,10667	5	29	13393,0,0,0,0,0,0	212	0
171013	471	950	758	351	303	115	60	13	4396	69	247	425	247	9	78	7793	1111	1897	0,0,0,0,0,0	35509	0	310	14032	94	0	13696,13074,13074,10818,10818,10818,10818	5	40	13704,0,0,0,0,0,0	198	0
171032	455	927	759	335	292	117	59	15	4436	72	247	402	335	3	111	7728	1145	1799	0,0,0,0,0,0	35228	0	260	14291	98	0	13936,13287,13287,10928,10928,10928,10928	5	28	13964,0,0,0,0,0,0	205	0
171021	420	962	739	317	286	122	58	14	4484	76	247	380	298	1	89	7366	1110	1794	0,0,0,0,0,0	35418	0	292	14587	98	0	14213,13535,13535,11071,11071,11071,11071	5	34	14260,0,0,0,0,0,0	207	0
170991	418	934	735	313	303	120	64	12	4528	79	249	366	268	6	83	7177	1073	1814	0,0,0,0,0,0	35086	0	290	14875	100	0	14483,13780,13780,11220,11220,11220,11220	5	39	14548,0,0,0,0,0,0	214	0
170971	412	928	695	301	302	116	62	11	4616	83	249	367	277	5	78	6509	993	1823	0,0,0,0,0,0	47604	0	276	15150	102	0	14741,14012,14012,11358,11358,11358,11358	5	25	14823,0,0,0,0,0,0	203	0
170973	411	886	701	289	286	121	59	10	4668	88	254	366	250	2	77	5921	964	1789	0,0,0,0,0,0	46876	0	266	15416	106	0	14993,14237,14237,11482,11482,11482,11482	5	30	15089,0,0,0,0,0,0	214	0
170992	406	884	678	274	289	120	55	11	4689	92	256	388	280	2	107	6488	1008	1698	0,0,0,0,0,0	34258	0	272	15687	107	0	15245,14459,14459,11597,11597,11597,11597	5	34	15360,0,0,0,0,0,0	206	0
171014	407	892	673	264	269	124	56	11	4686	94	256	388	237	2	86	6372	982	1703	0,0,0,0,0,0	34447	0	268	15953	112	0	15489,14675,14675,11706,11706,11706,11706	5	31	15626,0,0,0,0,0,0	207	0
171011	423	888	663	270	276	116	59	10	4679	95	256	402	257	3	74	6342	974	1721	0,0,0,0,0,0	34450	0	289	16238	116	0	15754,14911,14911,11838,11838,11838,11838	5	35	15912,0,0,0,0,0,0	203	0
171051	414	872	646	274	282	114	55	14	4670	96	258	399	271	2	83	6432	967	1690	0,0,0,0,0,0	34297	0	257	16494	120	0	15990,15118,15118,11934,11934,11934,11934	5	33	16169,0,0,0,0,0,0	198	0
171050	410	904	596	277	292	112	52	17	4674	101	261	389	271	6	85	6473	964	1679	0,0,0,0,0,0	34487	0	293	16788	124	0	16266,15364,15364,12071,12071,12071,12071	5	31	16463,0,0,0,0,0,0	190	0
171104	400	873	615	273	258	111	56	15	4672	104	265	372	304	1	75	6089	923	1663	0,0,0,0,0,0	47135	0	236	17022	127	0	16483,15552,15552,12150,12150,12150,12150	5	17	16697,0,0,0,0,0,0	198	0
171158	394	860	601	252	258	111	49	16	4670	109	268	368	260	3	57	5924	854	1671	0,0,0,0,0,0	47181	0	241	17260	131	0	16703,15743,15743,12231,12231,12231,12231	5	21	16935,0,0,0,0,0,0	197	0
171144	410	875	617	246	235	106	48	15	4668	113	269	374	256	4	92	6091	875	1662	0,0,0,0,0,0	33893	0	310	17570	133	0	16993,16003,16003,12381,12381,12381,12381	5	40	17246,0,0,0,0,0,0	177	0
171185	428	851	615	245	247	106	52	15	4616	116	270	380	245	0	61	6313	843	1701	0,0,0,0,0,0	34012	0	246	17811	139	0	17212,16194,16194,12465,12465,12465,12465	5	31	17487,0,0,0,0,0,0	170	0
171209	410	854	609	268	230	107	49	15	4603	120	272	389	248	4	69	6111	814	1713	0,0,0,0,0,0	33950	0	257	18073	139	0	17455,16407,16407,12571,12571,12571,12571	5	25	17749,0,0,0,0,0,0	172	0
171233	390	862	629	239	238	102	49	17	4590	124	273	374	145	3	72	6000	798	1711	0,0,0,0,0,0	34024	0	260	18332	140	0	17693,16617,16617,12674,12674,12674,12674	5	31	18008,0,0,0,0,0,0	166	0
171292	406	832	611	241	248	99	48	17	4546	131	275	373	257	3	79	5905	827	1658	0,0,0,0,0,0	33980	0	259	18590	142	0	17928,16820,16820,12759,12759,12759,12759	5	29	18266,0,0,0,0,0,0	159	0
171405	372	811	589	228	252	97	51	16	4513	133	279	373	250	5	76	5726	799	1601	0,0,0,0,0,0	46517	0	199	18788	143	0	18107,16968,16968,12789,12789,12789,12789	5	15	18464,0,0,0,0,0,0	168	0
171519	345	764	599	229	249	98	57	15	4457	133	281	388	253	5	72	5426	801	1540	0,0,0,0,0,0	46707	0	197	18979	150	0	18278,17109,17109,12814,12814,12814,12814	4	20	18657,0,0,0,0,0,0	171	0
171576	348	728	614	226	249	96	55	17	4420	135	282	377	248	4	64	5464	770	1546	0,0,0,0,0,0	33365	0	234	19211	152	0	18489,17290,17290,12886,12886,12886,12886	5	32	18889,0,0,0,0,0,0	179	0
171613	368	760	567	228	242	84	52	16	4391	141	284	379	254	2	69	5669	779	1522	0,0,0,0,0,0	33273	0	252	19464	153	0	18719,17491,17491,12977,12977,12977,12977	4	26	19143,0,0,0,0,0,0	156	0
171660	371	789	529	234	234	82	49	14	4353	146	285	416	238	3	68	5841	781	1507	0,0,0,0,0,0	33597	0	244	19707	156	0	18940,17683,17683,13059,13059,13059,13059	4	27	19386,0,0,0,0,0,0	158	0
171659	361	813	537	237	217	78	49	16	4342	148	289	433	259	4	65	5751	775	1517	0,0,0,0,0,0	33772	0	258	19958	163	0	19175,17892,17892,13171,13171,13171,13171	4	26	19637,0,0,0,0,0,0	158	0
171690	378	804	538	237	218	82	49	15	4291	151	293	440	244	6	65	5505	781	1525	0,0,0,0,0,0	33588	0	259	20210	174	0	19409,18098,18098,13267,13267,13267,13267	4	29	19892,0,0,0,0,0,0	153	0
171799	353	752	529	226	235	80	51	14	4260	152	295	415	275	3	64	5204	753	1473	0,0,0,0,0,0	46393	0	191	20395	180	0	19573,18232,18232,13289,13289,13289,13289	4	19	20077,0,0,0,0,0,0	166	0
171881	327	743	545	238	224	79	52	12	4191	153	301	396	241	1	72	5446	763	1445	0,0,0,0,0,0	46268	0	201	20597	180	0	19757,18387,18387,13336,13336,13336,13336	4	27	20279,0,0,0,0,0,0	176	0
171898	339	725	533	253	224	78	52	11	4172	156	305	399	257	4	66	5909	770	1434	0,0,0,0,0,0	33837	0	236	20833	181	0	19976,18580,18580,13430,13430,13430,13430	4	23	20516,0,0,0,0,0,0	166	0
171924	350	715	533	248	221	79	52	15	4139	158	312	395	256	2	75	6025	787	1411	0,0,0,0,0,0	34299	0	228	21056	187	0	20182,18760,18760,13512,13512,13512,13512	4	22	20739,0,0,0,0,0,0	166	0
171972	357	687	534	231	217	78	47	15	4129	165	314	396	231	1	62	6070	781	1370	0,0,0,0,0,0	33896	0	210	21261	192	0	20366,18919,18919,13574,13574,13574,13574	4	25	20944,0,0,0,0,0,0	168	0
172053	319	688	523	219	218	75	44	13	4111	168	315	422	278	3	67	5895	781	1305	0,0,0,0,0,0	47032	0	179	21438	196	0	20522,19049,19049,13604,13604,13604,13604	4	18	21121,0,0,0,0,0,0	164	0
172159	302	698	508	214	202	81	42	14	4038	172	316	434	260	3	61	5540	750	1297	0,0,0,0,0,0	46904	0	196	21632	199	0	20692,19189,19189,13630,13630,13630,13630	4	23	21315,0,0,0,0,0,0	175	0
172233	282	696	512	217	189	79	39	12	3994	175	318	426	343	3	45	5519	718	1296	0,0,0,0,0,0	46714	0	190	21815	206	0	20856,19327,19327,13668,13668,13668,13668	4	23	21499,0,0,0,0,0,0	168	0
172313	276	662	505	220	196	74	35	12	3953	177	323	417	259	3	48	5412	708	1260	0,0,0,0,0,0	46529	26	172	21984	209	0	21008,19454,19454,13697,13697,13697,13697	3	13	21669,0,0,0,0,0,0	161	23
172406	276	652	485	205	196	73	35	11	3903	179	325	427	314	3	70	5665	710	1212	0,0,0,0,0,0	33656	30	203	22185	213	0	21187,19603,19603,13733,13733,13733,13733	3	27	21870,0,0,0,0,0,0	150	49
172490	301	611	465	212	198	68	34	11	3846	184	326	423	268	2	55	5658	709	1180	0,0,0,0,0,0	33720	24	188	22371	216	0	21349,19738,19738,13763,13763,13763,13763	3	26	22057,0,0,0,0,0,0	123	69
172602	282	607	445	213	200	66	35	10	3770	184	332	418	256	2	67	5425	713	1135	0,0,0,0,0,0	33567	17	160	22530	218	0	21489,19850,19850,13769,13769,13769,13769	3	23	22216,0,0,0,0,0,0	137	83
172658	286	605	426	210	192	64	32	12	3739	188	334	428	250	2	58	5040	721	1094	0,0,0,0,0,0	33525	38	197	22723	223	0	21661,19998,19998,13819,13819,13819,13819	3	21	22410,0,0,0,0,0,0	120	112
172761	273	588	432	214	187	62	33	11	3658	191	336	415	263	2	60	5238	713	1076	0,0,0,0,0,0	32907	24	172	22894	224	0	21810,20119,20119,13833,13833,13833,13833	3	23	22581,0,0,0,0,0,0	126	133
172869	261	566	451	189	179	63	35	12	3590	195	336	394	255	5	51	5117	688	1056	0,0,0,0,0,0	39943	24	154	23048	225	0	21942,20224,20224,13838,13838,13838,13838	3	12	22735,0,0,0,0,0,0	134	151
172954	260	559	440	183	179	62	32	12	3527	199	339	420	242	2	52	4911	665	1050	0,0,0,0,0,0	39604	138	162	23207	228	0	22091,20349,20349,13862,13862,13862,13862	3	21	22894,0,0,0,0,0,0	130	265
173050	273	533	448	194	166	62	31	10	3434	200	345	440	261	7	61	4751	663	1044	0,0,0,0,0,0	27910	135	179	23383	232	0	22256,20487,20487,13888,13888,13888,13888	3	20	23070,0,0,0,0,0,0	123	375
173095	280	556	386	191	166	63	30	10	3420	202	347	409	303	6	42	4742	649	1023	0,0,0,0,0,0	27893	122	175	23552	238	0	22412,20621,20621,13933,13933,13933,13933	3	16	23239,0,0,0,0,0,0	122	476
173154	284	571	370	185	160	58	28	12	3368	206	350	394	280	0	66	4749	672	984	0,0,0,0,0,0	27741	119	180	23729	242	0	22575,20760,20760,13976,13976,13976,13976	3	17	23416,0,0,0,0,0,0	110	576
173232	268	570	375	184	154	54	28	13	3309	206	353	409	332	0	47	4661	656	977	0,0,0,0,0,0	27643	117	154	23883	244	0	22721,20883,20883,14000,14000,14000,14000	3	22	23570,0,0,0,0,0,0	108	668
173266	272	553	384	191	156	50	24	14	3273	209	354	434	260	0	36	4584	610	1020	0,0,0,0,0,0	27780	150	175	24057	246	0	22883,21023,21023,14053,14053,14053,14053	3	21	23744,0,0,0,0,0,0	98	783
173359	244	529	385	185	158	50	26	14	3230	211	355	461	243	2	44	4341	573	1004	0,0,0,0,0,0	39099	140	127	24182	249	0	22995,21114,21114,14054,14054,14054,14054	3	8	23869,0,0,0,0,0,0	97	894
173432	234	539	382	192	154	47	32	10	3155	212	357	447	313	2	54	4087	578	1002	0,0,0,0,0,0	39021	179	157	24334	254	0	23170,21266,21266,14097,14097,14097,14097	3	20	24021,0,0,0,0,0,0	101	1044
173464	255	533	371	171	152	45	33	11	3135	214	362	470	261	3	48	3908	569	991	0,0,0,0,0,0	27246	159	173	24507	255	0	23368,21443,21443,14169,14169,14169,14169	3	27	24194,0,0,0,0,0,0	98	1180
173548	247	510	365	164	155	43	30	11	3092	217	364	497	236	4	40	3809	536	978	0,0,0,0,0,0	26906	161	143	24650	257	0	23526,21578,21578,14194,14194,14194,14194	3	12	24337,0,0,0,0,0,0	93	1311
173594	246	509	364	157	173	41	30	12	3037	218	365	490	298	0	49	3765	555	965	0,0,0,0,0,0	26509	146	153	24798	262	0	23693,21725,21725,14244,14244,14244,14244	2	17	24485,0,0,0,0,0,0	88	1437
173642	255	522	350	149	161	38	26	13	3005	220	365	469	262	4	43	3933	522	979	0,0,0,0,0,0	26734	136	158	24954	264	0	23863,21875,21875,14294,14294,14294,14294	2	16	24641,0,0,0,0,0,0	85	1543
173721	231	535	356	159	164	39	26	11	2916	220	368	466	285	2	52	3893	549	961	0,0,0,0,0,0	27132	154	144	25096	267	0	24028,22018,22018,14325,14325,14325,14325	2	18	24784,0,0,0,0,0,0	84	1665
173809	212	485	381	161	159	42	25	11	2869	222	370	458	240	1	40	3653	496	969	0,0,0,0,0,0	38651	149	118	25209	272	0	24164,22133,22133,14339,14339,14339,14339	2	10	24897,0,0,0,0,0,0	79	1788
173890	205	456	379	168	157	46	24	10	2811	225	375	449	292	2	53	3468	487	948	0,0,0,0,0,0	38397	81	128	25335	274	0	24331,22279,22279,14371,14371,14371,14371	2	13	25024,0,0,0,0,0,0	91	1853
173962	220	436	351	158	165	42	24	10	2777	226	375	453	291	1	66	3698	510	886	0,0,0,0,0,0	26645	59	142	25478	276	0	24503,22429,22429,14408,14408,14408,14408	2	13	25167,0,0,0,0,0,0	89	1895
174021	224	415	343	154	158	44	19	11	2750	230	377	490	242	2	55	3963	522	835	0,0,0,0,0,0	26860	66	124	25600	280	0	24654,22562,22562,14441,14441,14441,14441	2	17	25289,0,0,0,0,0,0	81	1947
174078	199	462	303	153	138	48	19	12	2720	231	383	476	283	2	45	3743	511	811	0,0,0,0,0,0	26833	54	130	25729	283	0	24813,22702,22702,14479,14479,14479,14479	2	23	25419,0,0,0,0,0,0	81	1986
174108	185	456	305	143	152	45	16	10	2709	234	383	479	228	1	47	3725	503	799	0,0,0,0,0,0	26915	55	131	25860	284	0	24964,22837,22837,14526,14526,14526,14526	2	14	25550,0,0,0,0,0,0	88	2033
174149	178	465	292	144	151	46	16	9	2678	235	383	506	250	2	47	3870	507	785	0,0,0,0,0,0	26626	63	124	25984	285	0	25113,22970,22970,14566,14566,14566,14566	2	11	25674,0,0,0,0,0,0	84	2079
174227	174	437	306	150	139	46	16	6	2622	237	386	499	230	1	36	3751	494	774	0,0,0,0,0,0	38423	80	116	26096	289	0	25253,23090,23090,14586,14586,14586,14586	2	9	25786,0,0,0,0,0,0	81	2147
174304	169	402	297	145	133	40	17	6	2607	238	388	488	248	1	32	3418	472	731	0,0,0,0,0,0	38560	198	98	26192	292	0	25363,23184,23184,14590,14590,14590,14590	2	5	25883,0,0,0,0,0,0	78	2306
174345	175	389	295	143	134	41	21	3	2569	239	392	483	109	1	49	3495	480	718	0,0,0,0,0,0	26182	218	129	26321	294	0	25499,23303,23303,14622,14622,14622,14622	2	13	26012,0,0,0,0,0,0	75	2480
174394	200	370	269	129	142	41	21	3	2541	241	395	476	231	0	48	3598	470	702	0,0,0,0,0,0	26250	199	135	26453	298	0	25638,23423,23423,14652,14652,14652,14652	2	7	26144,0,0,0,0,0,0	81	2634
174459	189	385	260	120	132	46	21	4	2491	241	398	489	91	1	27	3393	438	715	0,0,0,0,0,0	26492	230	113	26560	306	0	25748,23516,23516,14660,14660,14660,14660	2	6	26252,0,0,0,0,0,0	83	2814
174518	178	392	254	120	130	44	21	4	2439	242	404	478	252	3	39	3038	397	742	0,0,0,0,0,0	26369	196	115	26678	306	0	25874,23624,23624,14680,14680,14680,14680	1	13	26370,0,0,0,0,0,0	83	2969
174586	174	401	244	126	136	41	20	5	2363	242	408	465	89	0	43	3014	424	718	0,0,0,0,0,0	25780	204	127	26801	310	0	26002,23733,23733,14695,14695,14695,14695	1	14	26493,0,0,0,0,0,0	81	3127
174653	173	379	246	128	142	46	18	5	2303	243	410	494	252	2	29	2830	410	722	0,0,0,0,0,0	38040	198	103	26904	311	0	26118,23832,23832,14706,14706,14706,14706	1	4	26596,0,0,0,0,0,0	73	3286
174696	167	376	237	122	143	49	19	4	2277	244	412	506	95	1	38	2734	410	703	0,0,0,0,0,0	37663	186	104	27004	315	0	26301,24002,24002,14763,14763,14763,14763	1	8	26696,0,0,0,0,0,0	80	3434
174739	154	360	237	127	124	43	18	3	2283	246	412	487	246	5	45	2878	401	662	0,0,0,0,0,0	25746	159	97	27095	321	0	26477,24165,24165,14815,14815,14815,14815	1	12	26787,0,0,0,0,0,0	68	3562
174745	157	378	250	134	115	40	20	4	2240	247	416	505	259	1	38	3187	417	677	3,0,0,0,0,0	26147	165	102	27228	329	0	26682,24358,24358,14900,14900,14900,14900	1	6	26885,39,0,0,0,0,0	66	3698
174710	215	370	237	134	112	37	19	4	2240	249	419	502	249	2	30	3236	394	730	7,0,0,0,0,0	26125	164	139	27397	336	0	26938,24601,24601,15031,15031,15031,15031	1	14	27011,85,0,0,0,0,0	61	3817
174675	246	405	259	121	107	36	18	4	2198	251	426	499	239	2	43	2977	398	794	11,0,0,0,0,0	26177	183	155	27578	344	0	27199,24848,24848,15164,15164,15164,15164	1	6	27137,143,0,0,0,0,0	60	3955
174649	258	433	260	115	113	36	18	5	2174	253	432	484	225	0	36	2905	373	860	16,0,0,0,0,0	25961	163	130	27745	347	0	27452,25088,25088,15291,15291,15291,15291	1	12	27233,215,0,0,0,0,0	58	4079
174619	263	480	251	120	126	38	19	3	2134	254	439	498	319	1	35	2976	400	897	21,0,0,0,0,0	37967	160	136	27915	349	0	27709,25331,25331,15423,15423,15423,15423	1	8	27328,291,0,0,0,0,0	64	4196
174537	273	512	285	133	134	35	19	4	2118	254	442	487	232	2	47	3250	433	958	26,0,0,0,0,0	38461	126	164	28111	357	0	27999,25612,25612,15593,15593,15593,15593	1	8	27430,391,0,0,0,0,0	68	4290
174493	298	524	287	134	130	33	15	5	2124	257	446	478	275	1	52	3186	444	977	30,0,0,0,0,0	26639	142	193	28302	359	0	28268,25867,25866,15732,15732,15732,15732	1	8	27538,475,0,0,0,0,0	66	4393
174429	309	557	283	144	138	35	13	5	2120	260	453	476	233	2	39	3275	461	1018	33,0,0,0,0,0	26171	121	205	28503	364	0	28547,26135,26134,15887,15887,15887,15887	1	11	27657,560,0,0,0,0,0	58	4477
174382	320	578	308	150	139	32	15	4	2102	260	456	487	282	2	45	3356	488	1054	35,0,0,0,0,0	26439	126	190	28691	368	0	28802,26377,26376,16021,16021,16021,16021	1	11	27755,651,0,0,0,0,0	61	4554
174344	295	612	299	156	162	32	14	5	2109	261	457	512	310	1	48	3508	510	1060	38,0,0,0,0,0	26645	134	178	28865	373	0	29045,26608,26606,16146,16146,16146,16146	1	7	27841,743,0,0,0,0,0	61	4642
174298	306	626	326	158	169	35	11	7	2087	264	459	511	98	3	60	3493	570	1061	40,0,0,0,0,0	26693	140	208	29073	374	0	29323,26872,26870,16292,16292,16292,16292	1	10	27945,847,0,0,0,0,0	59	4749
174273	289	585	357	162	165	41	11	7	2127	267	462	503	314	3	42	3616	573	1037	41,0,0,0,0,0	38427	143	151	29223	376	0	29545,27083,27081,16400,16400,16400,16400	1	6	28023,920,0,0,0,0,0	62	4854
174258	252	600	359	170	157	42	8	7	2158	270	465	478	246	1	42	3888	572	1016	42,0,0,0,0,0	38608	282	150	29371	380	0	29733,27260,27257,16484,16484,16484,16484	1	7	28097,996,0,0,0,0,0	70	5053
174218	264	569	366	190	176	38	10	8	2167	270	470	496	262	1	60	4482	600	1013	44,0,0,0,0,0	27296	279	186	29553	384	0	29947,27464,27459,16593,16593,16593,16593	1	12	28179,1098,0,0,0,0,0	65	5249
174160	295	582	348	187	179	44	9	9	2191	270	472	508	241	3	63	4524	627	1017	46,0,0,0,0,0	27625	309	203	29753	389	0	30172,27679,27672,16715,16715,16715,16715	1	9	28268,1213,0,0,0,0,0	64	5469
174121	292	606	353	168	170	48	5	9	2226	273	475	513	270	4	61	4499	614	1028	47,0,0,0,0,0	27837	306	185	29934	393	0	30378,27874,27866,16818,16818,16818,16818	1	11	28356,1307,0,0,0,0,0	66	5677
174061	285	634	354	179	168	49	5	7	2254	274	476	538	259	2	52	4558	602	1072	49,0,0,0,0,0	27530	321	204	30134	398	0	30603,28090,28080,16942,16942,16942,16942	1	7	28438,1429,0,0,0,0,0	67	5907
173990	303	626	380	185	179	50	5	6	2270	275	477	541	243	3	54	4692	601	1127	51,0,0,0,0,0	27698	272	206	30335	404	0	30835,28314,28302,17075,17075,17075,17075	1	18	28513,1557,0,0,0,0,0	70	6085
173951	292	643	383	189	165	48	6	5	2308	275	481	538	269	4	52	4482	571	1155	53,0,0,0,0,0	39420	290	191	30518	413	0	31060,28531,28515,17190,17190,17190,17190	1	9	28580,1679,0,0,0,0,0	73	6279
173911	320	606	404	190	175	51	7	3	2319	275	485	568	256	3	49	4365	575	1178	55,0,0,0,0,0	39327	609	194	30703	423	0	31353,28817,28798,17342,17342,17342,17342	1	11	28638,1813,0,0,0,0,0	90	6576
173830	334	621	414	174	192	52	13	2	2352	275	487	574	301	2	71	4395	610	1190	57,0,0,0,0,0	27423	594	224	30920	432	0	31681,29139,29117,17529,17529,17529,17529	1	9	28712,1964,0,0,0,0,0	91	7005
173733	367	672	391	184	185	51	14	4	2382	275	488	565	262	4	71	4502	628	1236	59,0,0,0,0,0	27627	640	262	31172	443	0	32041,29494,29468,17742,17742,17742,17742	1	11	28786,2149,0,0,0,0,0	93	7567
173633	351	710	404	196	175	52	17	2	2439	276	491	562	260	5	55	4364	621	1284	61,0,0,0,0,0	27789	621	234	31399	451	0	32385,29837,29806,17951,17951,17951,17951	1	10	28854,2315,0,0,0,0,0	102	8129
173535	374	726	421	202	186	49	18	3	2461	277	494	555	233	2	54	4455	640	1336	62,0,0,0,0,0	27185	582	251	31639	465	0	32741,30187,30153,18162,18162,18162,18162	1	14	28921,2498,0,0,0,0,0	104	8639
173422	400	742	445	194	172	56	17	3	2517	279	499	526	260	0	74	4904	663	1363	65,0,0,0,0,0	27803	602	263	31891	477	0	33096,30538,30499,18379,18379,18379,18379	1	16	28985,2695,0,0,0,0,0	108	9166
173362	404	752	458	203	182	54	18	4	2530	279	500	565	252	2	44	4961	659	1412	67,0,0,0,0,0	39597	618	227	32111	487	0	33412,30853,30809,18555,18555,18555,18555	1	10	29039,2867,0,0,0,0,0	114	9718
173303	378	813	456	195	196	61	21	3	2535	279	506	557	269	6	48	5327	659	1461	70,0,0,0,0,0	39831	818	251	32354	498	0	33793,31230,31179,18760,18760,18760,18760	1	8	29083,3075,0,0,0,0,0	121	10444
173171	378	812	462	220	214	63	21	2	2610	282	511	539	269	1	90	5623	707	1463	71,0,0,0,0,0	28758	805	276	32618	510	0	34237,31671,31615,19027,19027,19027,19027	1	15	29143,3287,0,0,0,0,0	131	11140
173042	434	804	486	234	203	60	25	2	2651	283	522	543	319	9	79	5691	729	1517	73,0,0,0,0,0	28691	819	305	32913	522	0	34762,32193,32130,19334,19334,19334,19334	1	15	29207,3525,0,0,0,0,0	126	11836
172909	466	844	501	232	223	61	29	2	2669	284	526	539	262	2	83	5940	782	1574	75,0,0,0,0,0	28948	779	315	33222	530	0	35291,32722,32652,19651,19651,19651,19651	1	12	29258,3790,0,0,0,0,0	137	12494
172774	484	902	522	226	241	61	32	1	2690	284	529	532	325	5	78	6027	774	1694	76,0,0,0,0,0	29161	819	328	33538	544	0	35813,33244,33166,19965,19965,19965,19965	1	15	29316,4060,0,0,0,0,0	135	13203
172642	516	908	545	244	240	67	29	3	2734	287	531	518	263	5	92	6249	804	1745	77,0,0,0,0,0	29091	764	319	33847	557	0	36327,33760,33672,20271,20271,20271,20271	1	15	29373,4323,0,0,0,0,0	140	13864
172513	517	957	549	247	244	68	29	3	2798	288	533	502	316	3	72	6186	812	1799	77,0,0,0,0,0	40448	864	309	34148	567	0	36842,34277,34180,20580,20580,20580,20580	1	16	29429,4575,0,0,0,0,0	160	14594
172386	490	973	577	262	263	66	32	4	2867	290	536	498	319	7	77	6167	835	1828	77,0,0,0,0,0	40601	889	302	34445	579	0	37410,34845,34740,20909,20909,20909,20909	1	13	29494,4818,0,0,0,0,0	156	15345
172214	491	983	618	258	272	69	34	6	2968	294	539	517	266	3	101	5879	860	1865	78,0,0,0,0,0	45637	922	328	34756	598	0	37983,35421,35309,21261,21261,21261,21261	1	12	29534,5102,0,0,0,0,0	151	16140
172042	512	1015	615	276	273	70	34	6	3066	296	541	500	301	8	93	5819	910	1885	79,0,0,0,0,0	45644	883	355	35092	619	0	38568,36011,35889,21620,21620,21620,21620	1	21	29588,5400,0,0,0,0,0	162	16888
171909	511	1009	640	303	295	73	39	6	3116	297	548	496	237	5	92	6228	962	1908	80,0,0,0,0,0	45692	881	324	35406	634	0	39118,36565,36432,21943,21943,21943,21943	1	24	29626,5686,0,0,0,0,0	165	17640
171792	513	1014	652	304	305	80	46	5	3186	298	551	493	313	7	111	6361	1003	1911	81,0,0,0,0,0	45368	913	335	35723	653	0	39689,37140,36996,22270,22270,22270,22270	1	20	29668,5975,0,0,0,0,0	166	18406
171632	529	1037	652	294	312	77	46	6	3305	302	554	465	272	5	106	6573	1020	1927	83,0,0,0,0,0	46056	892	350	36063	663	0	40267,37726,37570,22620,22620,22620,22620	1	20	29702,6290,0,0,0,0,0	166	19148
171524	496	1028	648	307	324	78	49	5	3423	306	558	474	245	6	74	6371	1022	1908	84,0,0,0,0,0	69876	879	278	36330	676	0	40810,38277,38110,22929,22929,22929,22929	2	18	29730,6538,0,0,0,0,0	171	19880
171466	440	1038	642	320	309	82	49	8	3524	309	559	518	252	1	94	6143	1031	1849	84,0,0,0,0,0	70003	622	262	36587	683	0	41365,38843,38662,23222,23222,23222,23222	1	20	29761,6770,0,0,0,0,0	169	20375
171347	487	967	692	322	309	84	50	8	3606	313	561	502	316	4	109	6319	1014	1897	85,0,0,0,0,0	45708	672	330	36902	701	0	42001,39490,39295,23583,23583,23583,23583	2	15	29797,7061,0,0,0,0,0	171	20935
171275	511	972	655	328	315	77	48	10	3674	316	565	499	273	7	90	6493	1037	1869	86,0,0,0,0,0	45688	603	326	37213	716	0	42614,40119,39906,23913,23913,23913,23913	2	17	29826,7352,0,0,0,0,0	168	21439
171201	491	1026	632	326	292	77	46	10	3758	319	568	490	291	6	96	6795	1046	1844	87,0,0,0,0,0	46009	650	322	37525	729	0	43229,40746,40517,24246,24246,24246,24246	1	15	29848,7649,0,0,0,0,0	172	21982
171117	483	1034	656	330	284	77	48	10	3817	320	570	463	311	3	87	6627	1024	1888	88,0,0,0,0,0	45771	650	322	37827	751	0	43851,41381,41137,24586,24586,24586,24586	2	21	29867,7947,0,0,0,0,0	178	22508
171014	489	1030	659	334	290	72	48	12	3903	323	572	475	300	5	102	6753	1033	1889	88,0,0,0,0,0	46109	632	326	38141	768	0	44459,42003,41743,24927,24927,24927,24927	2	19	29888,8250,0,0,0,0,0	169	23015
171009	460	959	667	353	297	72	47	11	3969	326	576	495	261	5	76	6363	970	1885	89,0,0,0,0,0	70001	642	243	38376	780	0	44984,42541,42265,25183,25183,25183,25183	2	15	29907,8477,0,0,0,0,0	180	23528
170976	425	967	660	355	304	77	49	11	4015	328	579	495	282	6	118	6206	1004	1833	90,0,0,0,0,0	69922	917	272	38632	799	0	45495,43076,42784,25484,25484,25484,25484	2	21	29918,8736,0,0,0,0,0	188	24285
170893	436	979	647	348	295	80	50	14	4088	331	585	459	258	4	108	6450	986	1849	91,0,0,0,0,0	45972	870	322	38939	815	0	46115,43717,43407,25829,25829,25829,25829	2	14	29935,9041,0,0,0,0,0	190	24985
170787	494	974	646	320	291	79	52	16	4166	331	590	472	238	5	107	6397	968	1888	91,0,0,0,0,0	45799	906	360	39281	833	0	46787,44404,44076,26186,26186,26186,26186	2	18	29952,9378,0,0,0,0,0	190	25717
170716	518	963	640	327	284	81	53	14	4224	333	593	461	233	4	106	6288	981	1885	92,0,0,0,0,0	45558	925	318	39591	843	0	47432,45065,44719,26512,26512,26512,26512	2	20	29963,9683,0,0,0,0,0	196	26488
170641	516	1005	610	324	303	72	55	11	4274	339	596	452	306	2	83	6309	947	1938	93,0,0,0,0,0	45758	933	323	39897	861	0	48064,45712,45348,26833,26833,26833,26833	2	18	29978,9985,0,0,0,0,0	198	27263
170534	545	1017	628	325	305	79	58	11	4298	343	603	472	247	2	92	6196	945	2012	93,0,0,0,0,0	45931	885	354	40238	877	0	48715,46379,45996,27182,27182,27182,27182	2	32	29994,10321,0,0,0,0,0	183	27979
170514	517	1017	636	336	299	84	60	11	4320	346	606	475	240	6	78	6060	942	2007	94,0,0,0,0,0	70309	842	281	40503	895	0	49308,46987,46586,27459,27459,27459,27459	2	18	30005,10588,0,0,0,0,0	198	28649
170584	456	1020	607	322	319	87	57	10	4326	349	609	434	322	3	111	6036	955	1913	94,0,0,0,0,0	69495	1052	220	40714	906	0	49996,47694,47271,27736,27736,27736,27736	2	12	30017,10795,0,0,0,0,0	212	29492
170575	438	1007	630	338	322	92	54	11	4318	351	610	445	322	5	127	6290	1006	1875	94,0,0,0,0,0	45730	1055	295	40995	922	0	50725,48443,47999,28071,28071,28071,28071	2	14	30029,11072,0,0,0,0,0	198	30358
170538	455	1016	637	320	308	95	49	11	4349	354	614	443	268	7	116	6548	1038	1842	94,0,0,0,0,0	45769	1101	317	41295	941	0	51481,49223,48756,28436,28436,28436,28436	2	16	30038,11379,0,0,0,0,0	201	31234
170520	468	986	631	328	319	90	42	11	4374	359	618	448	248	3	99	6308	1027	1837	95,0,0,0,0,0	45541	1096	298	41580	959	0	52218,49982,49494,28786,28786,28786,28786	2	17	30047,11669,0,0,0,0,0	188	32089
170510	440	962	657	321	333	91	34	15	4395	364	624	475	272	2	101	6339	1005	1833	95,0,0,0,0,0	45775	1068	285	41856	970	0	52975,50761,50251,29135,29135,29135,29135	2	14	30051,11950,0,0,0,0,0	179	32974
170499	468	946	650	324	314	99	40	15	4399	366	626	504	249	6	103	6602	995	1846	95,0,0,0,0,0	45802	1076	315	42156	985	0	53713,51522,50989,29478,29478,29478,29478	2	23	30059,12255,0,0,0,0,0	181	33811
170577	442	945	646	319	315	95	39	14	4357	369	628	497	314	3	92	6534	999	1802	96,0,0,0,0,0	69609	1080	247	42388	1000	0	54391,52226,51666,29750,29750,29750,29750	2	17	30065,12492,0,0,0,0,0	189	34667
170637	393	899	660	311	309	96	47	14	4379	370	631	501	258	3	90	6534	967	1748	96,0,0,0,0,0	70260	1418	208	42590	1007	0	55107,52965,52384,30042,30042,30042,30042	2	15	30069,12695,0,0,0,0,0	192	35797
170637	400	889	636	300	290	102	45	14	4428	372	633	503	324	4	104	6299	918	1744	96,0,0,0,0,0	45915	1381	279	42853	1024	0	55906,53788,53184,30398,30398,30398,30398	2	17	30074,12965,0,0,0,0,0	188	36867
170633	427	863	626	295	289	99	48	13	4441	375	637	484	236	3	108	6375	913	1734	96,0,0,0,0,0	45877	1366	291	43122	1046	0	56703,54611,53983,30754,30754,30754,30754	2	15	30083,13243,0,0,0,0,0	190	37942
170657	434	872	616	287	292	97	47	13	4412	377	642	468	253	4	101	6074	919	1726	97,0,0,0,0,0	45630	1353	276	43376	1068	0	57477,55413,54760,31090,31090,31090,31090	2	27	30088,13510,0,0,0,0,0	193	38974
170648	418	901	594	271	270	102	44	15	4456	383	644	477	262	5	79	5671	852	1748	97,0,0,0,0,0	37150	1307	276	43640	1081	0	58275,56235,55560,31451,31451,31451,31451	2	17	30092,13780,0,0,0,0,0	179	40015
170656	435	859	597	264	278	100	46	13	4463	390	645	493	268	5	106	5371	832	1747	97,0,0,0,0,0	37015	1349	273	43898	1099	0	59038,57022,56325,31789,31789,31789,31789	2	14	30097,14048,0,0,0,0,0	182	41052
170737	399	837	596	243	280	104	49	13	4447	392	649	484	258	6	96	5591	828	1680	97,0,0,0,0,0	39293	1471	215	44100	1113	0	59754,57764,57043,32069,32069,32069,32069	1	11	30099,14260,0,0,0,0,0	189	42206
170815	347	847	602	237	265	96	56	12	4421	396	652	468	334	5	88	5688	820	1630	98,0,0,0,0,0	39468	1070	231	44319	1125	0	60497,58532,57785,32352,32352,32352,32352	1	14	30099,14488,0,0,0,0,0	197	42991
170851	354	823	613	232	258	90	52	14	4402	400	657	463	306	3	93	5695	807	1615	98,0,0,0,0,0	37279	1095	253	44560	1138	0	61252,59313,58541,32657,32657,32657,32657	2	20	30099,14738,0,0,0,0,0	184	43791
170842	394	787	603	244	252	84	50	13	4416	403	658	468	246	4	89	5594	783	1631	98,0,0,0,0,0	36938	1077	265	44805	1158	0	61992,60075,59282,32972,32972,32972,32972	1	15	30100,14996,0,0,0,0,0	180	44580
170884	385	820	611	236	236	83	44	14	4363	409	661	472	307	5	78	5628	763	1652	98,0,0,0,0,0	36700	1127	254	45046	1173	0	62731,60839,60022,33268,33268,33268,33268	1	12	30100,15247,0,0,0,0,0	175	45376
170927	384	815	593	226	250	71	44	11	4349	411	665	468	254	4	83	5570	763	1620	98,0,0,0,0,0	36907	1082	241	45277	1183	0	63458,61592,60751,33559,33559,33559,33559	1	15	30101,15486,0,0,0,0,0	163	46176
170990	410	794	576	239	250	72	45	12	4277	411	670	469	260	6	78	5388	733	1653	98,0,0,0,0,0	36974	1114	261	45526	1197	0	64196,62359,61490,33848,33848,33848,33848	1	14	30103,15745,0,0,0,0,0	153	46942
171041	407	769	556	251	254	74	42	15	4254	412	671	483	252	3	73	5275	713	1640	98,0,0,0,0,0	39478	1130	226	45734	1216	0	64939,63128,62236,34147,34147,34147,34147	1	15	30104,15967,0,0,0,0,0	153	47749
171140	375	760	537	235	254	74	44	12	4228	414	673	484	318	1	55	5267	707	1572	99,0,0,0,0,0	39043	862	187	45906	1232	0	65595,63812,62896,34367,34367,34367,34367	1	3	30106,16148,0,0,0,0,0	157	48363
171165	369	769	528	230	246	75	42	14	4214	417	677	474	285	5	91	4899	700	1559	99,0,0,0,0,0	30016	876	231	46124	1247	0	66285,64529,63591,34641,34641,34641,34641	1	10	30106,16376,0,0,0,0,0	149	48971
171221	360	761	543	217	236	72	42	16	4181	419	678	467	296	4	78	4799	683	1548	99,0,0,0,0,0	29864	841	216	46331	1257	0	66971,65242,64281,34895,34895,34895,34895	1	10	30107,16591,0,0,0,0,0	149	49579
171267	358	723	557	215	247	67	40	15	4154	422	681	475	320	3	84	4434	665	1542	99,0,0,0,0,0	29639	876	209	46530	1268	0	67661,65957,64974,35153,35153,35153,35153	1	10	30110,16796,0,0,0,0,0	137	50188
171347	326	717	569	222	235	66	38	13	4104	425	684	492	329	3	71	4526	642	1531	99,0,0,0,0,0	29563	912	195	46714	1281	0	68336,66658,65653,35388,35388,35388,35388	1	12	30110,16990,0,0,0,0,0	131	50841
171392	342	721	547	207	225	63	37	11	4087	428	686	496	266	2	66	4510	623	1519	99,0,0,0,0,0	24402	878	228	46935	1289	0	69034,67382,66353,35649,35649,35649,35649	1	11	30112,17217,0,0,0,0,0	129	51464
171471	307	690	547	213	228	66	34	9	4063	430	688	494	301	3	59	4387	612	1473	99,0,0,0,0,0	30335	914	171	47094	1301	0	69659,68033,66983,35861,35861,35861,35861	1	9	30112,17382,0,0,0,0,0	124	52140
171565	294	678	517	215	225	64	32	10	4024	433	689	489	252	2	59	4444	578	1447	99,0,0,0,0,0	30562	1287	180	47267	1308	0	70275,68677,67604,36062,36062,36062,36062	1	6	30112,17562,0,0,0,0,0	120	53074
171681	280	639	514	203	212	63	31	11	3983	435	694	476	366	4	56	4640	549	1393	99,0,0,0,0,0	24250	1219	160	47415	1320	0	70879,69308,68213,36239,36239,36239,36239	1	3	30112,17720,0,0,0,0,0	119	53981
171788	267	596	522	205	205	60	34	9	3929	435	696	455	334	1	75	4709	529	1360	99,0,0,0,0,0	24570	1202	162	47571	1327	0	71486,69944,68827,36425,36425,36425,36425	1	8	30112,17881,0,0,0,0,0	108	54852
171897	272	566	514	197	205	56	30	11	3864	438	696	467	278	7	67	4920	533	1307	99,0,0,0,0,0	24647	1203	163	47728	1333	0	72091,70578,69438,36609,36609,36609,36609	1	8	30112,18043,0,0,0,0,0	101	55733
171995	255	552	494	184	191	53	28	8	3849	440	697	462	315	3	59	4830	510	1247	99,0,0,0,0,0	24823	1179	144	47860	1346	0	72700,71210,70051,36789,36789,36789,36789	1	7	30112,18183,0,0,0,0,0	99	56582
172135	239	521	493	185	180	49	27	6	3769	442	700	470	249	3	45	4610	499	1195	99,0,0,0,0,0	24469	1241	132	47990	1349	0	73276,71817,70634,36946,36946,36946,36946	1	2	30113,18313,0,0,0,0,0	87	57516
172298	200	492	483	164	174	54	26	6	3699	444	706	473	274	1	52	4267	473	1120	99,0,0,0,0,0	28704	1198	105	48091	1355	0	73854,72423,71218,37093,37093,37093,37093	0	3	30113,18418,0,0,0,0,0	88	58391
172442	199	446	440	171	156	56	24	9	3649	446	708	452	278	1	43	4144	435	1057	99,0,0,0,0,0	28517	576	106	48193	1362	0	74629,73226,72001,37347,37347,37347,37347	0	3	30113,18525,0,0,0,0,0	86	58803
172570	189	453	395	145	145	53	22	7	3604	449	714	467	233	3	51	4062	398	1004	99,0,0,0,0,0	23182	574	119	48305	1369	0	75369,73994,72751,37593,37593,37593,37593	0	4	30113,18644,0,0,0,0,0	82	59221
172718	179	425	389	131	130	48	20	7	3529	451	719	460	265	1	42	3890	371	951	99,0,0,0,0,0	22672	580	98	48402	1372	0	76093,74746,73483,37816,37816,37816,37816	0	6	30114,18742,0,0,0,0,0	82	59640
172858	180	371	373	130	124	43	17	7	3467	455	721	484	221	1	36	3860	339	899	99,0,0,0,0,0	23013	598	102	48494	1382	0	76809,75492,74210,38047,38047,38047,38047	0	4	30114,18842,0,0,0,0,0	65	60064
173000	168	371	364	121	112	36	14	7	3371	458	724	504	212	1	38	3635	314	872	99,0,0,0,0,0	22425	607	93	48581	1389	0	77500,76209,74908,38243,38243,38243,38243	0	3	30114,18932,0,0,0,0,0	56	60503
173159	147	374	329	112	97	35	14	6	3288	458	727	508	258	2	38	3656	277	831	99,0,0,0,0,0	22464	601	81	48656	1395	0	78216,76954,75634,38454,38454,38454,38454	0	1	30114,19012,0,0,0,0,0	51	60926
173311	127	323	335	113	89	34	13	6	3204	460	731	486	243	0	24	3301	250	784	99,0,0,0,0,0	27669	571	65	48717	1399	0	78949,77712,76376,38681,38681,38681,38681	0	3	30114,19077,0,0,0,0,0	49	61338
173441	116	294	309	111	84	33	15	6	3142	461	734	477	259	1	26	2989	237	725	99,0,0,0,0,0	27498	833	72	48784	1404	0	79372,78156,76806,38750,38750,38750,38750	0	1	30114,19148,0,0,0,0,0	46	61941
173565	128	264	285	109	91	32	16	5	3052	461	738	474	282	2	25	2787	232	693	99,0,0,0,0,0	16712	782	88	48866	1411	0	79814,78623,77256,38827,38827,38827,38827	0	3	30114,19236,0,0,0,0,0	49	62500
173737	121	243	281	91	86	31	16	5	2932	462	741	471	311	1	37	2711	240	629	99,0,0,0,0,0	16385	837	59	48922	1414	0	80225,79059,77675,38867,38867,38867,38867	0	1	30114,19294,0,0,0,0,0	49	63113
173860	128	248	254	89	78	26	11	6	2838	467	741	510	263	1	33	2735	236	598	99,0,0,0,0,0	16270	790	84	48998	1422	0	80657,79514,78117,38947,38947,38947,38947	0	2	30114,19374,0,0,0,0,0	39	63711
173996	117	240	254	80	76	25	10	6	2730	469	743	494	271	1	21	2761	231	571	99,0,0,0,0,0	16560	797	67	49057	1430	0	81082,79961,78549,39004,39004,39004,39004	0	3	30114,19441,0,0,0,0,0	35	64312
174144	113	237	235	71	76	19	10	5	2619	469	748	482	334	3	25	2361	211	550	99,0,0,0,0,0	16398	832	68	49123	1432	0	81504,80406,78979,39067,39067,39067,39067	0	2	30114,19509,0,0,0,0,0	33	64928
174281	102	218	227	65	78	16	7	6	2526	471	749	477	267	1	16	2325	192	521	99,0,0,0,0,0	26605	768	52	49168	1439	0	81909,80832,79393,39126,39126,39126,39126	0	4	30114,19557,0,0,0,0,0	28	65483
174432	95	196	241	61	66	19	8	6	2398	471	753	461	232	0	20	1917	165	521	99,0,0,0,0,0	26770	1039	54	49221	1440	0	82316,81261,79807,39165,39165,39165,39165	0	1	30114,19611,0,0,0,0,0	24	66261
174552	82	194	231	49	60	18	8	6	2319	471	756	458	298	1	25	1979	159	483	100,0,0,0,0,0	15619	1085	51	49268	1445	0	82708,81671,80206,39207,39207,39207,39207	0	3	30114,19663,0,0,0,0,0	29	67053
174660	94	174	212	49	53	14	8	4	2245	471	762	470	268	0	14	2079	152	452	100,0,0,0,0,0	15721	1073	54	49317	1451	0	83115,82095,80619,39256,39256,39256,39256	0	0	30114,19715,0,0,0,0,0	24	67882
174772	85	179	180	47	46	15	9	3	2176	471	763	475	248	1	15	2068	142	419	100,0,0,0,0,0	15676	1032	46	49359	1455	0	83515,82511,81025,39303,39303,39303,39303	0	3	30114,19760,0,0,0,0,0	24	68656
174873	92	163	183	44	45	14	8	4	2084	471	765	458	262	1	17	2171	133	416	100,0,0,0,0,0	15715	1015	51	49409	1457	0	83939,82949,81455,39363,39363,39363,39363	0	2	30114,19812,0,0,0,0,0	24	69409
174975	78	159	181	43	52	13	8	3	1993	471	770	455	252	1	13	1807	122	412	100,0,0,0,0,0	15592	1095	48	49454	1460	0	84357,83383,81879,39421,39421,39421,39421	0	1	30114,19860,0,0,0,0,0	23	70219
175102	74	155	153	41	52	13	8	2	1901	471	774	484	228	1	15	1420	113	383	100,0,0,0,0,0	21021	1104	40	49491	1463	0	84753,83795,82281,39459,39459,39459,39459	0	2	30114,19900,0,0,0,0,0	21	71047
175212	61	160	151	41	44	11	7	2	1810	472	775	502	236	2	10	1544	109	366	100,0,0,0,0,0	20812	331	42	49530	1466	0	85336,84395,82874,39606,39606,39606,39606	0	2	30114,19941,0,0,0,0,0	20	71278
175295	57	159	138	43	40	11	7	2	1743	472	779	495	309	0	16	1467	103	352	100,0,0,0,0,0	12372	333	40	49567	1469	0	85914,84988,83461,39754,39754,39754,39754	0	0	30114,19981,0,0,0,0,0	20	71516
175376	58	154	126	36	35	10	5	1	1689	474	782	494	311	1	12	1537	94	330	100,0,0,0,0,0	12169	356	40	49602	1474	0	86488,85576,84044,39901,39901,39901,39901	0	1	30114,20018,0,0,0,0,0	17	71765
175450	50	148	127	35	36	8	5	1	1626	474	786	519	248	0	15	1459	101	308	100,0,0,0,0,0	12315	385	34	49634	1476	0	87050,86152,84614,40043,40043,40043,40043	0	1	30114,20051,0,0,0,0,0	17	72051
175552	48	148	117	33	42	7	4	2	1530	474	789	520	233	1	12	1183	99	300	100,0,0,0,0,0	12283	329	39	49672	1477	0	87592,86710,85165,40167,40167,40167,40167	0	2	30114,20089,0,0,0,0,0	13	72289
175624	44	137	117	36	36	5	3	2	1470	475	797	521	237	0	11	1253	92	286	100,0,0,0,0,0	12064	382	33	49703	1479	0	88180,87312,85763,40322,40322,40322,40322	0	0	30114,20121,0,0,0,0,0	9	72570
175726	40	123	116	31	36	7	3	2	1389	475	798	546	243	0	9	1048	83	273	100,0,0,0,0,0	20463	311	22	49724	1480	0	88749,87894,86340,40460,40460,40460,40460	0	1	30114,20143,0,0,0,0,0	9	72792
175810	36	110	118	31	35	5	2	3	1321	475	800	512	299	0	6	984	75	262	100,0,0,0,0,0	20475	312	25	49747	1482	0	88908,88063,86503,40370,40370,40370,40370	0	1	30114,20168,0,0,0,0,0	10	73017
175866	41	105	105	22	34	6	2	3	1282	476	804	499	262	0	9	927	67	248	100,0,0,0,0,0	11679	361	32	49776	1486	0	89079,88243,86677,40288,40288,40288,40288	0	0	30114,20200,0,0,0,0,0	9	73284
175921	45	94	105	19	28	6	1	1	1244	477	805	514	243	0	11	682	62	236	100,0,0,0,0,0	11575	309	33	49808	1487	0	89253,88425,86855,40211,40211,40211,40211	0	2	30114,20233,0,0,0,0,0	9	73515
176004	39	96	94	18	21	6	3	1	1181	477	806	520	247	2	12	668	64	213	100,0,0,0,0,0	11541	343	22	49830	1487	0	89435,88617,87041,40132,40132,40132,40132	0	1	30114,20255,0,0,0,0,0	10	73764
176074	39	85	81	23	20	7	3	1	1126	477	810	534	88	0	5	547	62	196	100,0,0,0,0,0	11488	316	16	49847	1488	0	89602,88792,87212,40043,40043,40043,40043	0	0	30114,20273,0,0,0,0,0	11	73990
176135	40	81	77	26	24	6	3	1	1066	477	810	541	109	0	9	543	64	193	100,0,0,0,0,0	11392	332	29	49873	1491	0	89784,88984,87398,39970,39970,39970,39970	0	3	30114,20302,0,0,0,0,0	10	74235
176207	27	75	80	23	28	5	2	1	1005	478	815	533	86	0	5	481	56	184	100,0,0,0,0,0	19730	306	9	49883	1491	0	89925,89132,87542,39872,39872,39872,39872	0	0	30114,20312,0,0,0,0,0	8	74451
176272	21	73	74	21	26	5	1	1	954	479	819	560	91	0	4	536	53	168	100,0,0,0,0,0	19949	174	12	49895	1491	0	90140,89358,87765,39829,39829,39829,39829	0	2	30114,20324,0,0,0,0,0	7	74563
176340	27	54	77	24	25	5	0	2	890	479	823	551	308	0	10	527	52	160	100,0,0,0,0,0	11269	165	16	49911	1491	0	90360,89586,87990,39778,39778,39778,39778	0	0	30114,20340,0,0,0,0,0	8	74683
176400	32	45	68	24	17	4	0	1	850	479	826	571	104	0	9	536	48	142	100,0,0,0,0,0	11426	190	14	49923	1493	0	90576,89811,88213,39727,39727,39727,39727	0	2	30114,20354,0,0,0,0,0	6	74819
176446	26	48	66	16	15	3	0	1	817	479	829	569	5212	6	6	538	37	137	100,0,0,0,0,0	11285	162	12	49934	1494	0	90799,90040,88440,39678,39678,39678,39678	0	0	30114,20366,0,0,0,0,0	5	74924
176500	16	51	57	12	14	3	0	1	782	479	831	560	2575	1	3	643	43	110	100,0,0,0,0,0	11379	174	5	49939	1494	0	91006,90254,88653,39617,39617,39617,39617	0	0	30114,20371,0,0,0,0,0	4	75044
176546	17	45	51	8	17	4	0	1	744	479	834	597	1421	1	6	630	38	104	100,0,0,0,0,0	11406	203	13	49951	1495	0	91237,90493,88890,39580,39580,39580,39580	0	0	30114,20384,0,0,0,0,0	5	75190
176591	15	44	51	8	17	4	0	1	699	479	837	587	802	2	6	608	42	97	100,0,0,0,0,0	20246	176	8	49957	1498	0	91428,90692,89087,39523,39523,39523,39523	0	0	30114,20392,0,0,0,0,0	5	75316
176634	21	32	59	11	14	3	0	1	653	479	839	569	464	0	2	536	42	98	100,0,0,0,0,0	19801	178	15	49972	1498	0	91669,90940,89335,39496,39496,39496,39496	0	0	30114,20407,0,0,0,0,0	3	75439
176678	26	29	49	11	12	3	0	1	617	479	841	594	2852	0	3	534	41	89	100,0,0,0,0,0	22191	165	10	49981	1499	0	91913,91193,89588,39475,39475,39475,39475	0	0	30114,20417,0,0,0,0,0	3	75553
176707	20	34	47	6	10	3	0	1	595	479	844	589	2700	0	2	419	33	87	100,0,0,0,0,0	22271	185	8	49989	1499	0	92171,91458,89854,39456,39456,39456,39456	0	0	30114,20425,0,0,0,0,0	4	75680
176735	19	34	45	7	7	3	0	1	567	479	849	600	2004	0	1	384	30	85	100,0,0,0,0,0	21845	172	12	50001	1500	0	92403,91697,90094,39428,39428,39428,39428	0	0	30114,20437,0,0,0,0,0	5	75811
176775	12	35	41	5	8	3	0	1	535	479	852	599	1386	0	1	307	25	79	100,0,0,0,0,0	21619	171	5	50006	1500	0	92629,91929,90327,39389,39389,39389,39389	0	0	30114,20442,0,0,0,0,0	4	75940
176801	11	37	30	7	12	3	0	0	511	479	855	587	991	0	4	289	22	78	100,0,0,0,0,0	21861	160	10	50015	1501	0	92891,92197,90597,39381,39381,39381,39381	0	0	30114,20452,0,0,0,0,0	4	76061
176829	12	38	21	7	13	3	0	0	485	479	859	586	1908	0	3	280	22	72	100,0,0,0,0,0	19691	182	8	50022	1502	0	93149,92460,90862,39368,39368,39368,39368	0	0	30114,20460,0,0,0,0,0	5	76183
176847	16	35	22	3	11	3	1	0	463	479	866	582	2321	0	4	255	23	68	100,0,0,0,0,0	19513	138	10	50030	1504	0	93178,92493,90894,39220,39220,39220,39220	0	1	30114,20470,0,0,0,0,0	3	76276
176885	13	32	23	3	14	2	1	0	424	479	870	605	2304	0	3	243	25	63	100,0,0,0,0,0	21707	170	2	50032	1504	0	93195,92513,90913,39050,39050,39050,39050	0	0	30114,20472,0,0,0,0,0	3	76410
176923	12	24	25	5	15	2	1	0	387	479	873	615	1751	0	1	225	20	64	100,0,0,0,0,0	21926	210	5	50037	1504	0	93223,92546,90943,38887,38887,38887,38887	0	0	30114,20477,0,0,0,0,0	3	76557
176956	11	22	20	5	13	2	3	0	360	479	875	607	1393	1	3	178	19	57	100,0,0,0,0,0	21933	176	6	50043	1504	0	93269,92596,90992,38736,38736,38736,38736	0	0	30114,20483,0,0,0,0,0	4	76670
176976	9	24	23	4	9	1	3	0	342	479	876	614	1714	0	5	186	25	48	100,0,0,0,0,0	21790	160	8	50050	1505	0	93295,92625,91020,38577,38577,38577,38577	0	0	30114,20491,0,0,0,0,0	4	76772
176991	9	23	23	3	9	1	2	0	325	480	880	629	1964	0	2	187	28	42	100,0,0,0,0,0	21850	162	6	50055	1506	0	93333,92666,91061,38429,38429,38429,38429	0	0	30114,20497,0,0,0,0,0	3	76872
177008	7	29	19	2	8	1	2	0	308	480	882	637	2024	0	0	209	25	43	100,0,0,0,0,0	19538	144	5	50060	1506	0	93352,92688,91082,38272,38272,38272,38272	0	0	30114,20502,0,0,0,0,0	3	76975
177021	8	26	16	3	6	2	1	1	297	480	885	634	1896	0	0	208	20	42	100,0,0,0,0,0	19720	98	5	50064	1507	0	93357,92695,91090,38112,38112,38112,38112	0	0	30114,20507,0,0,0,0,0	2	77039
177047	5	18	22	5	5	2	1	1	273	480	887	601	1664	0	1	150	19	39	100,0,0,0,0,0	21779	102	2	50066	1507	0	93389,92731,91125,37957,37957,37957,37957	0	0	30114,20509,0,0,0,0,0	4	77110
177070	4	17	21	4	5	2	1	1	253	480	888	627	1633	0	0	120	16	38	100,0,0,0,0,0	21815	107	3	50069	1507	0	93411,92755,91148,37792,37792,37792,37792	0	0	30114,20512,0,0,0,0,0	4	77180
177087	5	21	16	5	2	2	1	1	236	480	890	614	1799	1	1	109	15	37	100,0,0,0,0,0	21674	128	6	50075	1507	0	93433,92780,91173,37636,37636,37636,37636	0	0	30114,20518,0,0,0,0,0	4	77265
177102	6	15	19	3	2	3	1	1	223	480	891	620	1894	0	2	78	14	35	100,0,0,0,0,0	21671	120	3	50078	1507	0	93438,92787,91180,37471,37471,37471,37471	0	0	30114,20521,0,0,0,0,0	4	77350
177109	6	13	17	1	3	2	1	1	220	480	893	617	1953	0	2	110	9	34	100,0,0,0,0,0	21795	117	3	50081	1507	0	93449,92800,91194,37310,37310,37310,37310	0	0	30114,20524,0,0,0,0,0	4	77424
177124	7	10	17	3	7	2	1	1	198	480	896	647	1753	0	2	110	12	35	100,0,0,0,0,0	19675	97	6	50087	1507	0	93452,92806,91199,37147,37147,37147,37147	0	0	30114,20530,0,0,0,0,0	5	77493
177139	4	12	15	4	6	2	1	1	184	480	898	652	1716	0	1	98	14	30	100,0,0,0,0,0	19641	83	2	50089	1507	0	93401,92757,91150,36955,36955,36955,36955	0	0	30114,20532,0,0,0,0,0	4	77546
177144	5	11	18	4	5	2	1	1	175	480	900	639	1820	0	1	73	13	33	100,0,0,0,0,0	21690	107	5	50094	1507	0	93356,92714,91107,36763,36763,36763,36763	0	0	30114,20537,0,0,0,0,0	4	77620
177141	6	14	15	2	3	1	1	1	176	480	906	671	2003	0	3	99	13	29	100,0,0,0,0,0	21624	86	6	50100	1507	0	93314,92674,91067,36576,36576,36576,36576	0	1	30114,20543,0,0,0,0,0	2	77679
177153	6	12	16	1	4	0	0	2	163	480	909	662	1903	0	0	208	9	30	100,0,0,0,0,0	21774	98	3	50102	1508	0	93267,92628,91021,36381,36381,36381,36381	0	0	30114,20545,0,0,0,0,0	0	77741
177167	6	10	15	1	4	0	0	2	147	480	914	636	1882	0	2	207	9	27	100,0,0,0,0,0	21575	87	2	50104	1508	0	93224,92587,90980,36187,36187,36187,36187	0	0	30114,20547,0,0,0,0,0	0	77795
177174	3	8	13	1	5	0	0	2	140	480	920	657	1684	0	1	236	7	23	100,0,0,0,0,0	21798	82	1	50105	1508	0	93185,92550,90943,35997,35997,35997,35997	0	0	30114,20548,0,0,0,0,0	0	77849
177183	1	8	10	2	4	0	0	2	136	480	920	643	1978	0	1	233	6	19	100,0,0,0,0,0	19652	85	0	50105	1508	0	93138,92503,90896,35802,35802,35802,35802	0	0	30114,20548,0,0,0,0,0	0	77907
177192	0	7	12	2	3	0	0	2	124	480	924	650	1732	1	1	198	6	18	100,0,0,0,0,0	19629	77	1	50106	1508	0	93085,92452,90845,35612,35612,35612,35612	0	1	30114,20549,0,0,0,0,0	1	77947
177201	0	5	12	2	4	0	0	2	115	480	925	636	1866	0	0	225	5	18	100,0,0,0,0,0	21908	91	1	50107	1508	0	93033,92401,90794,35417,35417,35417,35417	0	0	30114,20550,0,0,0,0,0	0	78002
177200	3	4	11	1	5	0	0	0	109	480	933	645	1847	0	0	223	5	19	100,0,0,0,0,0	21750	93	4	50111	1508	0	92986,92354,90748,35229,35229,35229,35229	0	0	30114,20554,0,0,0,0,0	0	78055
177211	3	5	8	0	3	0	0	0	102	480	934	624	1777	0	1	224	5	14	100,0,0,0,0,0	21903	95	1	50112	1508	0	92935,92305,90698,35029,35029,35029,35029	0	0	30114,20555,0,0,0,0,0	0	78113
177218	1	5	8	0	3	0	0	0	95	480	936	619	1851	1	0	225	5	12	100,0,0,0,0,0	21951	79	0	50112	1508	0	92879,92249,90643,34830,34830,34830,34830	0	0	30114,20555,0,0,0,0,0	0	78165
177220	0	7	4	0	1	0	0	0	97	480	937	619	1780	0	0	91	4	8	100,0,0,0,0,0	21603	76	1	50113	1508	0	92819,92190,90584,34629,34629,34629,34629	0	0	30114,20556,0,0,0,0,0	0	78213
177226	0	4	5	1	1	0	0	0	88	480	941	619	1852	0	0	89	4	7	100,0,0,0,0,0	19502	70	0	50113	1508	0	92767,92140,90534,34439,34439,34439,34439	0	0	30114,20556,0,0,0,0,0	0	78250
177224	2	4	5	1	0	0	0	0	82	480	948	627	1765	0	0	56	3	9	100,0,0,0,0,0	19482	77	2	50115	1508	0	92702,92075,90470,34251,34251,34251,34251	0	0	30114,20558,0,0,0,0,0	0	78297
177228	2	2	6	2	0	0	0	0	76	480	950	633	1853	0	0	48	3	9	100,0,0,0,0,0	21779	75	0	50115	1508	0	92648,92022,90417,34060,34060,34060,34060	0	0	30114,20558,0,0,0,0,0	0	78346
177230	1	4	6	2	0	0	0	0	65	480	958	621	1855	0	0	49	2	11	100,0,0,0,0,0	21675	83	2	50117	1508	0	92603,91977,90373,33883,33883,33883,33883	0	0	30114,20560,0,0,0,0,0	0	78407
177237	1	3	5	0	1	0	0	0	60	480	959	608	1800	0	0	13	2	8	100,0,0,0,0,0	21659	82	0	50117	1508	0	92544,91919,90316,33696,33696,33696,33696	0	0	30114,20560,0,0,0,0,0	0	78458
177240	1	4	2	0	1	0	0	0	57	480	961	635	1780	0	1	13	2	6	100,0,0,0,0,0	21559	89	1	50118	1508	0	92479,91854,90252,33507,33507,33507,33507	0	0	30114,20561,0,0,0,0,0	0	78512
177244	1	2	3	0	1	0	0	0	52	480	963	628	1768	0	0	14	2	5	100,0,0,0,0,0	21676	68	0	50118	1508	0	92411,91786,90186,33316,33316,33316,33316	0	0	30114,20561,0,0,0,0,0	0	78553
177248	0	2	3	0	2	0	0	0	45	480	966	616	1845	0	0	7	1	6	100,0,0,0,0,0	19542	77	0	50118	1508	0	92341,91717,90117,33122,33122,33122,33122	0	0	30114,20561,0,0,0,0,0	0	78602
177245	1	2	3	0	0	0	0	0	45	480	970	612	1860	0	1	9	1	5	100,0,0,0,0,0	19556	66	1	50119	1508	0	92264,91640,90040,32939,32939,32939,32939	0	0	30114,20562,0,0,0,0,0	0	78640
177248	1	2	3	0	0	0	0	0	42	480	970	590	1767	0	0	46	1	5	100,0,0,0,0,0	21775	82	0	50119	1508	0	92184,91559,89960,32747,32747,32747,32747	0	0	30114,20562,0,0,0,0,0	0	78692
177249	1	1	3	1	0	0	0	0	37	480	974	577	1831	0	0	46	1	5	100,0,0,0,0,0	21757	88	0	50119	1508	0	92107,91484,89885,32561,32561,32561,32561	0	0	30114,20562,0,0,0,0,0	0	78752
177247	1	1	3	1	0	0	0	0	36	480	977	572	1773	0	0	47	1	5	100,0,0,0,0,0	21553	56	0	50119	1508	0	92034,91411,89813,32379,32379,32379,32379	0	0	30114,20562,0,0,0,0,0	0	78785
177247	0	1	3	1	0	0	0	0	35	480	979	558	1762	0	0	47	1	4	100,0,0,0,0,0	21852	74	0	50119	1508	0	91962,91338,89741,32195,32195,32195,32195	0	0	30114,20562,0,0,0,0,0	0	78839
177247	1	0	2	0	1	0	0	0	34	480	981	578	1833	0	0	47	1	3	100,0,0,0,0,0	21703	81	1	50120	1508	0	91879,91255,89660,32005,32005,32005,32005	0	0	30114,20563,0,0,0,0,0	0	78882
177244	1	0	2	0	1	0	0	0	33	480	985	580	1835	0	0	47	1	3	100,0,0,0,0,0	19798	87	0	50120	1508	0	91801,91177,89582,31821,31821,31821,31821	0	0	30114,20563,0,0,0,0,0	0	78936
177245	0	1	2	0	1	0	0	0	29	480	988	592	1836	0	0	41	1	3	100,0,0,0,0,0	19385	70	0	50120	1508	0	91712,91087,89493,31643,31643,31643,31643	0	0	30114,20563,0,0,0,0,0	0	78979
177245	0	1	1	0	1	0	0	0	26	480	992	602	1819	0	0	41	1	2	100,0,0,0,0,0	21534	61	0	50120	1508	0	91634,91010,89417,31470,31470,31470,31470	0	0	30114,20563,0,0,0,0,0	0	79019
177242	0	1	1	0	0	0	0	0	25	480	997	574	1756	0	0	41	0	2	100,0,0,0,0,0	21737	177	0	50120	1508	113	91555,90930,89337,31296,31296,31296,31296	0	0	30114,20563,0,0,0,0,0	0	79058
177241	1	1	0	0	0	0	0	0	21	480	1002	564	1758	0	0	0	0	2	100,0,0,0,0,0	21478	200	1	50121	1508	245	91496,90872,89280,31179,31179,31179,31179	0	0	30114,20564,0,0,0,0,0	0	79095
177241	2	1	0	0	0	0	0	0	19	480	1003	570	1824	0	0	0	0	3	100,0,0,0,0,0	21339	183	1	50122	1508	377	91441,90817,89226,31068,31068,31068,31068	0	0	30114,20565,0,0,0,0,0	0	79132
177243	1	2	0	0	0	0	0	0	16	480	1004	585	1887	0	0	0	0	3	100,0,0,0,0,0	21676	185	0	50122	1508	489	91384,90760,89170,30955,30955,30955,30955	0	0	30114,20565,0,0,0,0,0	0	79183
177241	0	3	0	0	0	0	0	0	13	480	1009	604	1853	0	0	0	0	3	100,0,0,0,0,0	19353	192	0	50122	1508	614	91330,90707,89117,30843,30843,30843,30843	0	0	30114,20565,0,0,0,0,0	0	79222
177236	0	2	0	0	1	0	0	0	12	480	1015	589	1794	0	0	0	0	3	100,0,0,0,0,0	19532	178	0	50122	1508	728	91273,90650,89061,30745,30745,30745,30745	0	0	30114,20565,0,0,0,0,0	0	79260
177235	1	1	1	0	1	0	0	0	10	480	1017	599	1748	0	1	2	1	3	100,0,0,0,0,0	21677	177	1	50123	1508	852	91209,90586,88999,30633,30633,30633,30633	0	0	30114,20566,0,0,0,0,0	0	79291
177235	1	1	0	0	2	0	0	0	8	480	1019	613	1837	0	0	2	1	3	100,0,0,0,0,0	21575	274	1	50124	1508	1056	91149,90526,88940,30527,30527,30527,30527	0	0	30114,20567,0,0,0,0,0	0	79335
177234	0	2	0	0	2	0	0	0	8	480	1020	616	1808	0	1	3	2	2	100,0,0,0,0,0	21767	250	0	50124	1508	1237	91109,90487,88901,30464,30464,30464,30464	0	0	30114,20567,0,0,0,0,0	0	79369
177230	0	2	0	0	2	0	0	0	8	480	1024	640	1794	0	0	3	2	2	100,0,0,0,0,0	21657	241	0	50124	1508	1417	91059,90437,88852,30383,30383,30383,30383	0	0	30114,20567,0,0,0,0,0	0	79398
177226	1	2	0	0	1	0	0	0	9	480	1027	632	1831	0	0	3	1	3	100,0,0,0,0,0	21751	266	1	50125	1508	1615	91011,90389,88806,30299,30299,30299,30299	0	0	30114,20568,0,0,0,0,0	0	79437
177224	1	1	0	0	2	0	0	0	9	480	1029	608	1811	0	0	3	1	3	100,0,0,0,0,0	19725	247	0	50125	1508	1792	90965,90344,88762,30235,30235,30235,30235	0	0	30114,20568,0,0,0,0,0	0	79478
177222	1	1	0	0	2	0	0	0	9	480	1031	622	1820	0	0	3	1	3	100,0,0,0,0,0	19591	247	0	50125	1508	1985	90920,90299,88717,30176,30176,30176,30176	0	0	30114,20568,0,0,0,0,0	0	79511
177221	0	2	0	0	2	0	0	0	9	480	1032	605	1847	0	1	4	2	2	100,0,0,0,0,0	21425	248	0	50125	1508	2179	90869,90247,88667,30111,30111,30111,30111	0	0	30114,20568,0,0,0,0,0	0	79542
177221	0	1	0	1	1	0	0	0	9	480	1033	615	1786	0	0	4	1	2	100,0,0,0,0,0	21595	261	0	50125	1508	2378	90826,90204,88625,30046,30046,30046,30046	0	0	30114,20568,0,0,0,0,0	0	79581
177216	0	1	0	0	0	0	1	0	10	480	1038	620	1769	0	0	4	1	1	100,0,0,0,0,0	21594	250	0	50125	1508	2547	90783,90161,88583,29993,29993,29993,29993	0	0	30114,20568,0,0,0,0,0	0	79635
177212	1	2	0	0	0	0	1	0	10	480	1040	616	1909	0	0	2	1	3	50,50,0,0,0,0	21739	251	0	50127	1508	2732	90733,90111,88534,29927,29927,29927,29927	0	0	30114,20568,2,0,0,0,0	1	79680
177202	6	6	0	0	0	0	1	0	6	480	1045	664	1737	0	0	2	1	12	15,84,0,0,0,0	21846	220	0	50135	1509	2880	90690,90068,88493,29870,29870,29870,29870	0	0	30114,20568,11,0,0,0,0	1	79720
177194	8	9	2	0	0	0	1	0	5	480	1047	694	1868	0	0	1	1	19	15,85,0,0,0,0	19845	248	3	50141	1510	3044	90639,90017,88442,29794,29794,29794,29794	0	1	30114,20569,17,0,0,0,0	1	79764
177182	7	13	3	1	2	0	1	0	6	480	1051	645	1818	1	0	1	1	26	7,92,0,0,0,0	19537	233	2	50149	1510	3199	90589,89968,88394,29744,29744,29744,29744	0	0	30114,20569,25,0,0,0,0	1	79800
177175	6	20	2	1	2	0	1	0	7	480	1052	631	1843	0	2	6	4	28	6,93,0,0,0,0	21752	272	1	50155	1510	3373	90539,89917,88345,29684,29684,29684,29684	0	0	30114,20569,31,0,0,0,0	1	79857
177157	12	21	7	1	2	0	1	0	7	480	1058	626	1836	0	0	6	4	40	4,95,0,0,0,0	21771	345	2	50167	1510	3634	90502,89879,88308,29639,29639,29639,29639	0	0	30114,20569,43,0,0,0,0	1	79899
177149	11	25	9	0	2	0	1	0	9	480	1060	619	1788	1	1	8	4	44	4,95,0,0,0,0	21622	346	6	50173	1510	3905	90478,89855,88286,29633,29633,29633,29633	0	0	30114,20569,49,0,0,0,0	1	79937
177141	9	23	14	1	1	0	1	0	11	480	1065	651	1813	0	0	10	3	46	4,95,0,0,0,0	21614	347	4	50177	1510	4161	90458,89836,88267,29631,29631,29631,29631	0	0	30114,20569,53,0,0,0,0	1	79993
177127	9	22	16	4	2	1	1	0	13	480	1071	626	1837	0	0	10	2	53	3,96,0,0,0,0	21736	346	9	50183	1513	4426	90434,89812,88245,29630,29630,29630,29630	0	0	30114,20569,62,0,0,0,0	1	80036
177112	14	19	21	5	4	1	1	0	15	480	1074	662	1838	0	3	14	4	61	3,96,0,0,0,0	19553	375	13	50196	1513	4718	90425,89804,88238,29639,29639,29639,29639	0	1	30114,20569,75,0,0,0,0	1	80081
177101	16	17	23	4	5	1	1	0	21	480	1077	639	1829	0	2	21	6	61	2,97,0,0,0,0	19796	478	8	50201	1516	5001	90410,89789,88225,29673,29673,29673,29673	0	0	30114,20569,83,0,0,0,0	2	80195
177094	20	18	25	2	2	1	1	0	26	480	1077	621	1793	0	2	27	5	64	2,97,0,0,0,0	21748	461	9	50210	1516	5273	90396,89776,88212,29699,29699,29699,29699	0	0	30114,20569,92,0,0,0,0	3	80296
177082	17	22	24	1	2	1	1	0	33	480	1083	611	1786	0	1	32	7	61	2,97,0,0,0,0	10054	480	7	50217	1516	5576	90372,89752,88189,29708,29708,29708,29708	0	0	30114,20569,99,0,0,0,0	2	80395
177068	18	24	26	0	4	1	1	0	36	480	1088	612	1814	1	1	35	8	66	2,97,0,0,0,0	10100	523	12	50226	1519	5909	90357,89737,88177,29741,29741,29741,29741	0	0	30114,20569,111,0,0,0,0	2	80504
177056	15	28	25	5	3	0	1	0	45	480	1088	647	1817	0	1	34	8	69	2,97,0,0,0,0	10191	491	12	50238	1520	6192	90354,89734,88175,29785,29785,29785,29785	0	1	30114,20569,124,0,0,0,0	1	80615
177043	17	26	30	6	5	0	1	0	46	480	1092	692	1853	0	4	47	12	73	2,97,0,0,0,0	10087	495	11	50247	1522	6488	90344,89724,88167,29808,29808,29808,29808	0	0	30114,20569,135,0,0,0,0	1	80742
177026	19	28	31	5	5	0	1	0	50	480	1101	701	1768	0	2	51	15	74	2,97,0,0,0,0	19402	474	8	50255	1523	6752	90338,89719,88162,29851,29851,29851,29851	0	0	30114,20569,144,0,0,0,0	2	80871
177019	19	31	27	5	3	0	1	0	57	480	1104	716	1989	1	1	50	15	71	2,97,0,0,0,0	19626	376	9	50264	1523	7046	90351,89731,88177,29898,29898,29898,29898	0	0	30114,20569,153,0,0,0,0	3	80915
177009	21	28	30	6	3	0	1	0	60	480	1108	725	1783	0	1	56	13	76	2,97,0,0,0,0	10135	392	11	50274	1524	7339	90361,89741,88189,29952,29952,29952,29952	0	0	30114,20569,164,0,0,0,0	3	80971
177003	11	37	26	5	2	0	0	0	71	481	1110	750	1805	0	0	47	9	72	0,100,0,0,0,0	10190	402	8	50280	1526	7638	90371,89752,88201,30000,30000,30000,30000	0	0	30114,20569,172,0,0,0,0	1	81038
176990	11	37	35	3	2	1	0	0	73	481	1113	719	1881	0	3	56	11	78	0,100,0,0,0,0	10148	404	12	50290	1528	7959	90389,89770,88220,30062,30062,30062,30062	0	0	30114,20569,183,0,0,0,0	1	81081
176970	15	41	40	3	1	1	0	0	74	481	1120	735	1795	0	0	89	10	91	0,100,0,0,0,0	10225	321	20	50309	1529	8197	90418,89799,88251,30142,30142,30142,30142	0	1	30114,20569,203,0,0,0,0	4	81117
176947	22	37	43	4	4	0	0	0	80	481	1128	768	1816	0	2	90	9	101	0,100,0,0,0,0	10339	361	19	50326	1531	8466	90434,89815,88268,30179,30179,30179,30179	0	0	30114,20569,222,0,0,0,0	6	81161
176931	26	38	44	7	3	0	0	0	84	481	1132	741	1827	1	2	96	9	109	0,100,0,0,0,0	19490	386	16	50341	1532	8755	90458,89839,88295,30234,30234,30234,30234	0	2	30114,20569,238,0,0,0,0	6	81204
176910	28	48	42	7	3	1	0	0	92	481	1134	757	1844	3	2	136	12	117	0,100,0,0,0,0	19518	332	23	50360	1536	9039	90457,89838,88295,30296,30296,30296,30296	0	2	30114,20569,261,0,0,0,0	7	81224
176880	35	60	41	9	4	0	0	0	96	481	1140	756	1899	1	3	139	17	132	0,100,0,0,0,0	10478	334	31	50389	1538	9322	90468,89849,88308,30364,30364,30364,30364	0	3	30114,20569,292,0,0,0,0	5	81245
176849	42	61	47	11	5	1	0	0	107	481	1142	761	1970	2	1	140	20	147	0,100,0,0,0,0	10393	295	32	50417	1542	9568	90479,89861,88321,30428,30428,30428,30428	0	2	30114,20569,324,0,0,0,0	3	81263
176819	39	76	51	9	6	1	0	0	119	481	1145	756	1980	1	3	170	22	160	0,100,0,0,0,0	10364	307	31	50445	1545	9828	90483,89865,88326,30476,30476,30476,30476	0	1	30114,20569,355,0,0,0,0	2	81281
176780	46	90	60	7	6	2	0	0	124	481	1150	792	1864	2	4	215	27	184	0,100,0,0,0,0	10416	333	43	50483	1550	10092	90493,89875,88338,30544,30544,30544,30544	0	4	30114,20569,398,0,0,0,0	3	81303
176741	58	93	70	6	9	2	0	0	133	481	1153	795	1800	3	5	261	38	200	0,100,0,0,0,0	10490	312	43	50522	1554	10357	90504,89885,88351,30605,30605,30605,30605	0	0	30114,20569,441,0,0,0,0	3	81324
176723	54	85	79	8	7	2	0	0	150	481	1157	777	1893	0	2	226	40	195	0,100,0,0,0,0	19718	315	21	50539	1559	10630	90501,89883,88351,30654,30654,30654,30654	0	0	30114,20569,463,0,0,0,0	2	81341
176692	53	94	84	8	8	2	0	0	160	481	1164	773	1793	2	1	408	40	209	0,100,0,0,0,0	19976	297	34	50571	1561	10879	90506,89888,88358,30741,30741,30741,30741	0	0	30114,20569,497,0,0,0,0	2	81350
176664	55	92	92	9	9	2	0	0	174	481	1168	776	1778	1	2	456	44	215	0,100,0,0,0,0	10720	334	32	50597	1567	11177	90507,89889,88362,30808,30808,30808,30808	0	2	30114,20569,529,0,0,0,0	3	81365
176606	65	113	95	7	10	2	0	0	195	481	1172	754	1907	3	2	417	37	255	0,100,0,0,0,0	10639	295	60	50655	1569	11423	90536,89918,88393,30913,30913,30913,30913	0	5	30114,20569,589,0,0,0,0	4	81376
176541	72	147	99	3	14	2	0	0	209	481	1178	758	1991	3	3	428	41	296	0,100,0,0,0,0	10639	301	68	50718	1574	11670	90557,89938,88416,31001,31001,31001,31001	0	1	30114,20569,657,0,0,0,0	4	81391
176484	88	157	115	5	14	2	0	0	218	481	1182	761	1834	2	5	456	43	338	0,100,0,0,0,0	10724	345	67	50777	1583	11953	90582,89963,88444,31090,31090,31090,31090	0	0	30114,20569,725,0,0,0,0	4	81406
176417	106	171	127	10	11	2	0	0	235	481	1186	764	2039	3	5	476	41	386	0,100,0,0,0,0	10741	325	77	50845	1593	12228	90621,90002,88486,31207,31207,31207,31207	0	3	30114,20569,803,0,0,0,0	4	81406
176356	100	199	137	11	13	2	0	0	255	481	1192	770	1786	1	2	517	39	423	0,100,0,0,0,0	20176	316	65	50904	1599	12513	90645,90027,88513,31311,31311,31311,31311	0	3	30114,20569,867,0,0,0,0	3	81398
176301	112	195	154	16	16	3	0	0	271	481	1197	781	1937	4	6	517	42	454	0,100,0,0,0,0	20335	309	72	50969	1607	12767	90714,90094,88585,31459,31459,31459,31459	0	2	30114,20569,940,0,0,0,0	3	81404
176204	138	226	154	17	19	3	0	0	304	481	1200	768	1923	4	6	614	50	507	0,100,0,0,0,0	10895	277	108	51067	1617	13005	90793,90173,88669,31619,31619,31619,31619	0	4	30114,20569,1048,0,0,0,0	3	81393
176103	158	246	180	24	23	3	0	0	321	481	1207	786	1820	3	9	515	62	572	0,100,0,0,0,0	10851	273	112	51170	1628	13239	90873,90253,88753,31771,31771,31771,31771	0	3	30114,20569,1162,0,0,0,0	4	81374
175987	168	286	205	23	25	4	0	0	355	481	1212	773	1965	2	11	564	82	629	0,100,0,0,0,0	10777	284	128	51283	1643	13477	90964,90345,88849,31936,31936,31936,31936	0	2	30114,20569,1289,0,0,0,0	4	81362
175853	207	313	210	27	25	4	0	0	411	481	1215	775	1916	2	5	657	81	705	0,100,0,0,0,0	10894	298	146	51409	1665	13730	91079,90459,88969,32129,32129,32129,32129	0	3	30114,20569,1437,0,0,0,0	5	81349
175709	225	369	224	33	34	3	0	0	449	481	1219	747	2019	6	13	727	90	798	0,100,0,0,0,0	10794	276	162	51557	1679	13964	91200,90581,89095,32330,32330,32330,32330	0	7	30114,20569,1599,0,0,0,0	6	81316
175587	222	410	252	39	42	4	0	0	487	481	1222	777	1872	3	11	757	100	869	0,100,0,0,0,0	20180	292	142	51679	1699	14205	91300,90680,89200,32507,32507,32507,32507	0	6	30114,20569,1741,0,0,0,0	6	81300
175444	246	429	296	37	49	4	1	0	529	481	1230	781	1815	2	17	825	116	946	0,100,0,0,0,0	20153	253	163	51826	1715	14426	91390,90770,89294,32699,32699,32699,32699	0	8	30114,20569,1904,0,0,0,0	8	81248
175233	277	512	333	37	51	5	1	0	578	481	1238	777	2105	5	21	860	142	1074	0,100,0,0,0,0	11237	302	234	52030	1746	14683	91517,90897,89426,32940,32940,32940,32940	0	9	30114,20569,2137,0,0,0,0	8	81181
174962	349	564	376	45	63	7	1	0	656	481	1242	797	1804	14	19	1099	157	1248	0,100,0,0,0,0	11257	283	288	52278	1788	14938	91701,91083,89616,33248,33248,33248,33248	0	17	30114,20569,2427,0,0,0,0	10	81101
174729	377	627	440	49	61	6	1	0	729	481	1246	790	2051	11	15	1274	175	1386	0,100,0,0,0,0	11692	281	259	52495	1830	15187	91860,91241,89781,33523,33523,33523,33523	0	10	30114,20569,2685,0,0,0,0	11	81041
174420	438	720	492	54	69	6	1	0	810	481	1255	749	1999	15	26	1542	213	1567	0,100,0,0,0,0	11823	283	336	52789	1874	15432	92066,91449,89994,33861,33861,33861,33861	0	15	30114,20569,3021,0,0,0,0	16	80955
174107	504	808	538	51	84	5	1	0	905	481	1262	747	2057	19	23	1805	252	1739	0,100,0,0,0,0	12036	298	353	53108	1914	15696	92304,91688,90239,34225,34225,34225,34225	0	12	30114,20569,3377,0,0,0,0	11	80862
173824	511	880	608	76	87	6	2	0	1007	481	1264	729	1967	12	16	1789	259	1911	0,100,0,0,0,0	21181	300	319	53396	1949	15950	92519,91902,90459,34568,34568,34568,34568	1	11	30114,20569,3700,0,0,0,0	16	80772
173530	505	958	692	83	86	7	2	0	1134	481	1268	731	1960	15	29	1981	290	2043	0,100,0,0,0,0	21127	305	339	53691	1998	16214	92718,92102,90666,34918,34918,34918,34918	1	24	30114,20569,4041,0,0,0,0	18	80669
173108	584	1062	778	96	90	7	2	0	1268	481	1270	733	1978	18	31	2266	314	2305	0,100,0,0,0,0	12416	285	474	54118	2048	16473	93036,92420,90991,35398,35398,35398,35398	1	23	30114,20569,4518,0,0,0,0	27	80527
172671	666	1173	822	103	102	9	3	0	1437	481	1279	721	1995	28	37	2616	341	2537	0,100,0,0,0,0	12856	293	495	54551	2113	16730	93353,92739,91318,35888,35888,35888,35888	1	17	30114,20569,5014,0,0,0,0	25	80378
172121	793	1303	913	114	125	8	2	0	1597	482	1288	703	2033	27	34	3006	383	2875	0,100,0,0,0,0	13081	314	621	55089	2200	17004	93742,93129,91719,36481,36481,36481,36481	1	24	30114,20569,5639,0,0,0,0	28	80159
171562	946	1426	994	133	141	7	3	0	1762	482	1290	693	2051	32	46	3266	446	3204	0,100,0,0,0,0	13434	282	663	55683	2273	17248	94181,93568,92169,37116,37116,37116,37116	2	29	30114,20569,6303,0,0,0,0	23	79927
170945	1026	1669	1087	151	150	3	2	0	1939	483	1291	713	2043	32	59	3591	529	3559	0,100,0,0,0,0	14019	306	720	56324	2359	17515	94657,94047,92659,37785,37785,37785,37785	2	29	30114,20569,7026,0,0,0,0	22	79700
170390	1052	1834	1210	165	165	5	0	1	2146	484	1294	692	1977	26	45	3941	576	3855	0,100,0,0,0,0	23364	282	667	56925	2430	17770	95070,94461,93085,38403,38403,38403,38403	2	39	30114,20569,7693,0,0,0,0	27	79426
169860	996	1996	1314	179	181	6	0	1	2430	484	1299	687	1997	42	58	4494	625	4047	0,100,0,0,0,0	23510	302	646	57501	2506	18025	95468,94860,93496,39010,39010,39010,39010	2	34	30114,20569,8339,0,0,0,0	36	79164
169007	1164	2220	1427	199	185	6	0	1	2744	484	1309	630	1992	37	72	5189	726	4475	0,100,0,0,0,0	15195	316	946	58331	2629	18288	96088,95482,94131,39900,39900,39900,39900	3	40	30114,20569,9289,0,0,0,0	30	78839
168132	1369	2380	1605	234	230	7	0	1	2988	484	1316	613	1998	48	55	5758	813	5012	0,100,0,0,0,0	15786	295	1007	59212	2761	18539	96750,96146,94811,40830,40830,40830,40830	3	38	30114,20569,10297,0,0,0,0	39	78483
167242	1512	2578	1789	246	262	11	2	1	3300	484	1319	657	1978	36	103	6357	927	5473	0,100,0,0,0,0	16180	305	1067	60162	2883	18808	97459,96858,95541,41799,41799,41799,41799	3	34	30114,20569,11368,0,0,0,0	32	78099
166297	1608	2809	1973	272	289	11	7	1	3675	484	1320	655	2058	64	108	7086	1014	5955	0,100,0,0,0,0	17177	345	1118	61170	2999	19112	98197,97598,96299,42827,42827,42827,42827	3	37	30114,20569,12485,0,0,0,0	49	77651
165249	1724	3023	2249	319	333	9	9	1	4023	485	1322	626	1972	47	109	7864	1159	6507	0,100,0,0,0,0	17942	318	1256	62305	3129	19400	99052,98457,97179,43990,43990,43990,43990	4	53	30114,20569,13747,0,0,0,0	59	77160
164296	1774	3262	2401	341	343	14	10	1	4494	486	1324	657	1955	46	100	8226	1235	6910	0,100,0,0,0,0	26758	306	1173	63335	3277	19670	99779,99187,97930,45036,45036,45036,45036	4	62	30114,20569,14922,0,0,0,0	65	76648
163314	1865	3448	2595	357	356	20	12	1	4966	486	1326	649	1978	56	108	8921	1321	7332	0,100,0,0,0,0	27482	312	1226	64430	3419	19944	100563,99970,98739,46125,46125,46125,46125	5	61	30114,20569,16148,0,0,0,0	73	76117
162337	1904	3610	2801	398	376	25	12	0	5463	488	1332	649	1989	63	141	8922	1419	7707	0,100,0,0,0,0	28547	335	1264	65536	3582	20237	101318,100730,99525,47216,47216,47216,47216	5	63	30114,20569,17409,0,0,0,0	83	75534
161313	1977	3776	3024	407	396	26	13	0	5989	489	1336	659	2007	73	146	9090	1537	8082	0,100,0,0,0,0	28462	289	1331	66716	3744	20486	102129,101544,100369,48361,48361,48361,48361	5	69	30114,20569,18741,0,0,0,0	90	74920
160244	2012	4002	3265	425	386	26	16	0	6540	489	1341	670	2000	76	141	9630	1644	8488	0,100,0,0,0,0	29033	285	1380	67920	3932	20740	102966,102383,101238,49533,49533,49533,49533	6	72	30114,20569,20124,0,0,0,0	80	74298
159177	2017	4193	3385	476	447	29	17	1	7170	490	1344	650	1933	79	135	10118	1735	8829	0,100,0,0,0,0	29573	302	1382	69137	4106	20998	103798,103217,102101,50704,50704,50704,50704	6	67	30114,20569,21505,0,0,0,0	85	73662
157978	2153	4393	3530	506	477	28	17	1	7825	492	1346	677	2042	92	169	10834	1844	9260	0,100,0,0,0,0	30037	283	1560	70488	4327	21238	104731,104153,103069,52023,52023,52023,52023	7	80	30114,20569,23056,0,0,0,0	101	72942
156967	2242	4387	3759	538	502	37	19	1	8450	494	1350	623	1959	88	140	11270	1921	9563	0,100,0,0,0,0	29982	288	1434	71723	4536	21479	105568,104995,103946,53186,53186,53186,53186	7	84	30114,20569,24483,0,0,0,0	113	72295
155978	2262	4482	3911	550	537	40	22	1	9115	495	1353	628	1969	80	164	11126	1984	9820	0,100,0,0,0,0	29660	324	1468	72979	4757	21749	106436,105867,104859,54351,54351,54351,54351	8	64	30114,20569,25944,0,0,0,0	122	71667
154937	2261	4680	4019	568	550	41	27	2	9804	498	1359	627	1959	95	208	10874	2039	10107	0,100,0,0,0,0	30312	283	1561	74316	4990	21992	107352,106786,105823,55587,55587,55587,55587	8	88	30114,20569,27502,0,0,0,0	119	70962
153730	2450	4807	4210	594	577	42	23	4	10448	501	1360	594	2000	85	210	11349	2141	10562	0,100,0,0,0,0	21643	533	1790	75856	5256	22477	108408,107846,106934,56991,56991,56991,56991	9	73	30114,20569,29292,0,0,0,0	134	70171
152476	2640	4999	4364	618	611	43	26	4	11099	502	1364	595	1963	85	207	11771	2250	11051	0,100,0,0,0,0	21646	502	1824	77446	5504	22933	109572,109014,108152,58553,58553,58553,58553	9	84	30114,20569,31117,0,0,0,0	147	69380
151137	2769	5284	4488	663	624	45	26	5	11832	505	1368	588	1965	102	214	11960	2294	11605	0,100,0,0,0,0	22080	505	1906	79082	5793	23402	110785,110232,109419,60169,60169,60169,60169	10	102	30114,20569,33024,0,0,0,0	152	68569
149800	2885	5564	4676	688	671	45	27	6	12505	508	1371	560	1937	100	229	12262	2414	12142	0,100,0,0,0,0	22347	485	2012	80824	6081	23842	112064,111513,110759,61830,61830,61830,61830	10	90	30114,20569,35032,0,0,0,0	142	67730
148650	2930	5649	4928	718	684	51	29	6	13216	510	1375	577	1916	118	192	12152	2455	12534	0,100,0,0,0,0	30606	462	1858	82417	6361	24256	113183,112637,111939,63319,63319,63319,63319	10	104	30114,20569,36876,0,0,0,0	146	66867
147593	2905	5816	5036	705	709	58	30	6	14000	512	1376	579	1945	100	236	12238	2536	12723	0,100,0,0,0,0	30543	535	1811	83991	6617	24726	114289,113746,113111,64759,64759,64759,64759	11	108	30114,20569,38693,0,0,0,0	173	66026
146295	3047	5970	5224	704	745	61	33	7	14767	514	1379	575	2001	128	254	12658	2597	13187	0,100,0,0,0,0	23228	526	2099	85759	6959	25188	115590,115055,114483,66450,66450,66450,66450	11	88	30114,20569,40776,0,0,0,0	167	65163
145135	3118	6135	5417	720	738	65	37	7	15473	518	1383	550	1952	117	249	13592	2741	13489	0,100,0,0,0,0	23571	699	2058	87499	7288	25811	116822,116290,115791,68031,68031,68031,68031	11	81	30114,20569,42816,0,0,0,0	172	64268
143870	3194	6284	5629	740	758	65	38	8	16255	520	1385	575	1931	107	242	14226	2852	13856	0,100,0,0,0,0	23912	682	2166	89329	7636	26415	118165,117637,117210,69762,69762,69762,69762	11	95	30114,20569,44968,0,0,0,0	175	63330
142736	3312	6329	5806	769	805	67	37	9	16964	522	1390	549	1906	115	240	14288	2868	14257	0,100,0,0,0,0	24401	655	2129	91134	7978	27008	119470,118945,118599,71418,71418,71418,71418	12	105	30114,20569,47087,0,0,0,0	188	62395
141624	3266	6515	5999	770	785	71	37	9	17748	528	1394	556	1969	113	242	14627	2897	14546	0,100,0,0,0,0	24478	683	2130	92895	8361	27626	120723,120203,119937,73027,73027,73027,73027	12	117	30114,20569,49194,0,0,0,0	183	61456
140764	3132	6597	6110	777	825	76	35	9	18490	531	1400	578	1960	124	256	14965	2965	14587	0,100,0,0,0,0	32719	658	1930	94476	8725	28225	121818,121304,121122,74429,74429,74429,74429	12	115	30114,20569,51108,0,0,0,0	191	60571
139952	3007	6551	6247	805	863	78	37	8	19261	533	1404	543	1947	104	249	15567	3136	14452	0,100,0,0,0,0	33480	649	1870	96063	9020	28801	122930,122418,122319,75818,75818,75818,75818	13	113	30114,20569,52955,0,0,0,0	199	59684
138948	3109	6597	6274	831	877	80	33	9	20044	538	1406	535	1956	151	261	15767	3220	14581	0,100,0,0,0,0	26244	647	2154	97805	9444	29377	124174,123672,123660,77382,77382,77382,77382	13	110	30114,20569,55071,0,0,0,0	185	58753
138036	3191	6551	6320	851	871	87	38	10	20844	540	1407	528	1941	140	288	16503	3297	14612	0,100,0,0,0,0	26311	892	2089	99501	9846	30192	125346,124852,124929,78841,78841,78841,78841	13	101	30114,20569,57117,0,0,0,0	182	57829
137299	3166	6526	6398	866	870	83	39	10	21533	544	1412	549	1961	139	311	16236	3308	14640	0,100,0,0,0,0	26564	861	1991	101078	10274	30972	126487,125999,126171,80274,80274,80274,80274	13	89	30114,20569,59073,0,0,0,0	173	56944
136607	3134	6549	6474	830	882	85	40	9	22175	545	1416	555	1981	117	286	16197	3316	14678	0,100,0,0,0,0	26704	915	1976	102682	10658	31815	127634,127148,127417,81662,81662,81662,81662	13	95	30114,20569,61009,0,0,0,0	177	56073
135958	3111	6470	6480	867	910	84	39	8	22847	554	1418	542	1991	113	273	16534	3317	14644	0,100,0,0,0,0	26543	917	1970	104275	11049	32660	128769,128284,128652,83048,83048,83048,83048	13	96	30114,20569,62941,0,0,0,0	168	55194
135661	2929	6344	6467	869	888	92	38	10	23468	559	1421	546	1913	128	246	16802	3292	14335	0,100,0,0,0,0	34296	901	1650	105613	11372	33482	129692,129207,129675,84116,84116,84116,84116	13	101	30114,20569,64556,0,0,0,0	171	54424
135442	2759	6186	6461	875	871	99	34	9	24021	565	1424	529	1925	110	271	16576	3273	14012	0,100,0,0,0,0	34453	1013	1643	106924	11715	34294	130569,130088,130659,85128,85128,85128,85128	13	76	30114,20569,66141,0,0,0,0	175	53683
135183	2685	6027	6375	881	837	103	38	9	24616	567	1425	520	1940	131	296	16799	3262	13684	0,100,0,0,0,0	27209	1039	1715	108255	12113	35150	131457,130977,131656,86163,86163,86163,86163	13	78	30114,20569,67813,0,0,0,0	171	52907
134971	2670	5826	6329	870	840	101	40	8	25091	571	1429	530	1927	104	276	16951	3188	13488	0,100,0,0,0,0	27437	1611	1678	109548	12507	36594	132345,131865,132647,87175,87175,87175,87175	13	88	30114,20569,69422,0,0,0,0	191	52166
134805	2547	5685	6244	862	827	105	43	7	25618	574	1429	545	1995	94	286	17412	3152	13161	0,100,0,0,0,0	27209	1746	1623	110783	12904	38149	133319,132843,133727,88313,88313,88313,88313	13	79	30114,20569,70981,0,0,0,0	193	51515
134795	2552	5449	6097	841	816	106	45	7	26031	576	1431	524	1907	113	255	17128	3039	12867	0,100,0,0,0,0	27883	1747	1590	111959	13324	39710	134267,133798,134792,89411,89411,89411,89411	13	79	30114,20569,72513,0,0,0,0	204	50888
134996	2438	5303	5970	823	779	109	44	7	26259	580	1438	506	1862	78	259	16832	3003	12463	0,100,0,0,0,0	26960	1756	1453	113086	13663	41282	135156,134691,135799,90367,90367,90367,90367	13	68	30114,20569,73914,0,0,0,0	191	50278
135370	2252	5074	5789	819	758	115	40	8	26497	584	1440	506	1931	110	213	16307	2878	11969	0,100,0,0,0,0	34134	1765	1249	114006	13998	42874	135873,135413,136627,91124,91124,91124,91124	12	66	30114,20569,75095,0,0,0,0	192	49745
135944	2006	4768	5687	778	767	109	42	8	26608	585	1444	500	2016	90	253	16024	2791	11366	0,100,0,0,0,0	34124	1723	1072	114812	14269	44443	136516,136055,137378,91739,91739,91739,91739	11	64	30114,20569,76110,0,0,0,0	193	49270
136370	1951	4502	5530	726	799	107	46	6	26672	588	1449	487	1963	83	229	15587	2707	10954	0,100,0,0,0,0	26111	1735	1261	115740	14608	46035	137261,136801,138239,92495,92495,92495,92495	11	65	30114,20569,77297,0,0,0,0	192	48720
136805	1951	4276	5238	718	755	99	54	7	26803	588	1452	479	1862	68	231	15799	2555	10536	0,100,0,0,0,0	25903	892	1194	116604	14947	46769	137952,137494,139040,93170,93170,93170,93170	11	54	30114,20569,78431,0,0,0,0	188	48235
137347	1842	4092	5036	681	729	97	48	9	26817	594	1454	502	1880	67	223	15275	2409	10116	0,100,0,0,0,0	25669	822	1100	117411	15246	47457	138413,137955,139612,93486,93486,93486,93486	10	39	30114,20569,79477,0,0,0,0	172	47756
137961	1744	3913	4809	619	714	94	46	10	26782	599	1455	522	1928	71	200	14317	2280	9659	0,100,0,0,0,0	25241	821	1026	118161	15532	48135	138842,138387,140154,93738,93738,93738,93738	10	50	30114,20569,80457,0,0,0,0	183	47331
138698	1701	3791	4637	617	672	84	48	10	26428	602	1458	507	1989	68	199	13756	2170	9380	0,100,0,0,0,0	24087	832	1023	118881	15841	48825	139252,138797,140677,93916,93916,93916,93916	9	60	30114,20569,81406,0,0,0,0	167	46942
139450	1574	3563	4426	597	642	85	47	9	26287	604	1462	506	1958	61	166	12742	2022	8912	0,99,0,0,0,0	31279	853	830	119467	16122	49528	139576,139122,141109,94029,94029,94029,94029	9	51	30114,20569,82188,26,0,0,0	167	46603
140368	1394	3437	4222	555	613	89	46	9	25940	608	1465	512	1981	55	187	12599	1954	8402	0,99,0,0,0,0	30642	836	765	120018	16378	50199	139856,139402,141499,94046,94046,94046,94046	9	40	30114,20569,82892,62,0,0,0	167	46284
141203	1356	3251	4052	532	560	78	47	9	25581	611	1466	527	1919	62	175	12152	1806	8070	0,99,0,0,0,0	22653	886	844	120656	16607	50938	140196,139737,141945,94123,94123,94123,94123	8	41	30114,20569,83669,88,0,0,0	157	45924
142083	1339	3084	3812	490	554	80	42	10	25165	617	1470	541	1979	47	157	11891	1725	7676	0,98,1,0,0,0	22067	779	817	121238	16865	51558	140478,140018,142339,94154,94154,94154,94154	8	41	30114,20569,84412,119,0,0,0	141	45567
142907	1317	2956	3643	478	519	82	43	9	24702	619	1471	521	2010	60	157	11781	1631	7407	0,98,1,0,0,0	22103	737	771	121779	17123	52148	140743,140286,142708,94167,94167,94167,94167	7	36	30114,20569,85099,163,0,0,0	145	45259
143770	1277	2801	3479	473	495	80	42	9	24216	626	1478	509	1981	61	148	11044	1577	7070	0,97,2,0,0,0	21706	749	754	122295	17394	52745	140993,140534,143063,94140,94140,94140,94140	7	41	30114,20569,85764,217,0,0,0	147	44969
144699	1173	2714	3262	452	454	77	40	7	23756	631	1481	506	1928	62	155	10547	1484	6688	0,97,2,0,0,0	21007	730	671	122728	17640	53320	141176,140717,143347,94034,94034,94034,94034	7	38	30114,20569,86339,254,0,0,0	146	44738
145758	1038	2557	3132	435	410	72	33	9	23179	638	1485	507	1931	56	119	10322	1399	6278	0,96,3,0,0,0	28618	778	575	123110	17835	53946	141298,140839,143571,93834,93834,93834,93834	7	36	30114,20569,86828,296,0,0,0	131	44492
146704	930	2399	3016	408	417	73	31	10	22627	641	1490	493	1960	42	98	9935	1338	5936	0,96,3,0,0,0	28423	708	566	123454	18064	54489	141415,140956,143782,93676,93676,93676,93676	7	41	30114,20569,87284,351,0,0,0	131	44273
147669	917	2207	2831	373	398	79	32	9	22098	643	1490	480	1955	51	128	9588	1266	5571	0,95,4,0,0,0	19896	774	592	123814	18299	55094	141517,141059,143979,93483,93482,93482,93482	6	28	30114,20569,87744,414,0,0,0	128	44055
148654	900	2067	2643	374	361	76	30	7	21493	646	1495	484	1962	35	116	9627	1202	5249	0,94,5,0,0,0	19750	399	536	124157	18500	55337	141624,141165,144177,93295,93294,93294,93294	6	31	30114,20569,88170,474,0,0,0	129	43834
149555	879	1978	2529	338	340	70	32	9	20872	648	1496	495	1925	31	102	9426	1126	5040	0,93,6,0,0,0	19808	394	532	124470	18724	55580	141667,141205,144304,93020,93018,93018,93018	6	22	30114,20569,88566,556,0,0,0	115	43664
150504	851	1889	2406	303	311	63	31	8	20232	651	1497	488	1987	27	99	8766	1037	4817	0,92,7,0,0,0	19324	412	518	124792	18921	55832	141707,141240,144427,92736,92734,92734,92734	5	18	30114,20569,88959,629,0,0,0	106	43461
151397	801	1800	2306	281	289	65	31	5	19617	655	1499	496	1928	39	98	8474	974	4599	0,91,8,0,0,0	19046	413	494	125113	19096	56080	141747,141280,144549,92461,92458,92458,92458	5	21	30114,20569,89338,705,0,0,0	108	43273
152291	750	1685	2193	262	284	63	28	3	19027	660	1500	497	1899	33	75	8080	903	4362	0,90,9,0,0,0	26518	357	424	125362	19274	56363	141748,141278,144626,92163,92159,92159,92159	5	26	30114,20569,89648,786,0,0,0	107	43111
153260	662	1644	2064	260	275	57	25	3	18330	663	1503	514	1925	29	63	7505	831	4156	0,89,10,0,0,0	26467	256	406	125596	19451	56619	141754,141283,144711,91848,91844,91844,91844	4	16	30114,20569,89935,866,0,0,0	107	42952
154057	656	1572	1948	232	274	51	21	4	17758	666	1507	511	1977	20	99	7323	793	3961	0,88,11,0,0,0	17708	256	450	125851	19648	56875	141777,141305,144802,91607,91602,91602,91602	4	16	30114,20569,90230,976,0,0,0	97	42777
154878	695	1483	1845	214	267	46	15	5	17115	672	1511	501	1957	26	68	7099	721	3844	0,86,13,0,0,0	17585	118	451	126088	19863	56993	141787,141314,144882,91349,91342,91342,91342	4	28	30114,20569,90496,1101,0,0,0	82	42605
155764	665	1401	1756	190	247	42	17	4	16472	672	1516	521	1997	30	76	6677	643	3675	0,84,15,0,0,0	26785	99	387	126283	20056	57092	141753,141278,144920,90994,90986,90986,90986	4	27	30114,20569,90721,1225,0,0,0	78	42475
156565	630	1339	1686	185	223	42	16	6	15862	673	1519	540	1941	33	72	6264	639	3482	0,82,17,0,0,0	26633	102	388	126514	20217	57194	141750,141272,144980,90705,90695,90695,90695	4	21	30114,20569,90966,1335,0,0,0	76	42322
157381	613	1235	1606	214	202	40	15	6	15238	675	1521	528	1991	24	61	5587	601	3324	0,80,19,0,0,0	24628	93	344	126691	20387	57287	141700,141223,144994,90368,90356,90356,90356	3	24	30114,20569,91161,1453,0,0,0	72	42198
158151	581	1189	1523	183	179	32	16	5	14685	676	1526	546	1952	25	55	5475	556	3147	0,78,21,0,0,0	24329	93	348	126861	20568	57380	141656,141176,145009,90054,90041,90041,90041	3	19	30114,20569,91346,1590,0,0,0	64	42073
158947	537	1123	1460	159	175	31	15	7	14085	679	1528	535	1994	25	46	4881	530	2970	0,76,23,0,0,0	24399	94	311	127012	20728	57474	141594,141115,145005,89718,89702,89702,89702	3	14	30114,20569,91501,1709,0,0,0	64	41975
159680	549	1095	1387	136	177	29	17	6	13456	681	1533	548	1909	21	45	4601	509	2881	0,74,25,0,0,0	24954	100	354	127179	20918	57574	141537,141054,145002,89403,89385,89385,89385	3	18	30114,20569,91648,1874,0,0,0	61	41853
160324	559	1045	1333	128	166	28	18	4	12923	683	1535	541	1970	21	54	4720	504	2773	0,71,28,0,0,0	24950	78	339	127339	21099	57652	141488,141003,144999,89138,89117,89117,89117	3	19	30114,20569,91777,2054,0,0,0	60	41733
160986	571	1004	1279	146	139	22	20	2	12355	683	1539	533	1992	26	54	4564	482	2699	0,68,31,0,0,0	25141	83	331	127482	21291	57735	141421,140936,144983,88839,88814,88814,88814	3	15	30114,20569,91906,2221,0,0,0	57	41627
161651	540	1007	1210	150	122	21	20	3	11794	684	1544	531	1943	26	46	4398	454	2616	0,66,33,0,0,0	25017	63	323	127645	21451	57798	141374,140885,144982,88559,88531,88531,88531	3	23	30114,20569,92033,2400,0,0,0	54	41508
162160	528	1007	1143	141	114	21	20	4	11377	684	1547	529	1773	13	39	4611	450	2524	0,63,36,0,0,0	24813	74	340	127812	21626	57872	141330,140838,144977,88325,88295,88295,88295	3	16	30114,20569,92162,2580,0,0,0	58	41379
162723	530	975	1123	136	116	21	18	5	10860	686	1553	518	1920	26	43	4615	429	2490	0,59,40,0,0,0	23637	67	326	127956	21809	57939	141285,140790,144973,88088,88053,88053,88053	2	21	30114,20569,92261,2787,0,0,0	55	41282
163274	535	917	1143	124	113	21	16	4	10359	687	1553	526	1942	17	29	4437	396	2473	0,56,43,0,0,0	23410	70	321	128095	21992	58009	141238,140742,144965,87851,87813,87813,87813	2	20	30114,20569,92364,2989,0,0,0	59	41188
163742	553	952	1072	112	109	21	13	5	9921	690	1556	514	1959	17	54	4146	388	2444	0,52,47,0,0,0	14306	73	356	128248	22195	58082	141204,140701,144965,87655,87613,87613,87613	2	19	30114,20569,92453,3232,0,0,0	53	41076
164167	598	919	1065	110	115	21	12	5	9485	691	1558	507	1981	16	31	3880	373	2467	0,49,50,0,0,0	14228	286	357	128415	22390	58368	141175,140673,144972,87479,87432,87432,87432	2	22	30114,20569,92547,3479,0,0,0	54	40963
164535	616	925	1054	113	105	22	9	4	9108	694	1561	556	1919	26	35	3894	347	2497	0,45,54,0,0,0	13841	281	377	128563	22621	58649	141180,140678,145004,87394,87342,87342,87342	2	29	30114,20569,92621,3766,0,0,0	52	40850
164810	640	971	1041	110	112	18	6	4	8775	696	1563	541	1949	26	47	3679	347	2551	0,42,57,0,0,0	13978	279	415	128712	22890	58928	141191,140689,145040,87340,87283,87283,87283	2	16	30114,20569,92711,4079,0,0,0	40	40741
165090	661	1035	1040	100	116	15	7	4	8411	697	1570	554	1885	30	38	3302	347	2627	0,39,60,0,0,0	13636	307	416	128878	23142	59235	141211,140708,145085,87302,87239,87239,87239	2	22	30114,20569,92794,4394,0,0,0	34	40626
165306	672	1073	1060	95	111	14	7	3	8135	698	1572	528	2031	27	36	3261	347	2685	0,36,63,0,0,0	22404	288	418	129036	23405	59523	141233,140732,145131,87291,87222,87222,87222	2	28	30114,20569,92865,4721,0,0,0	33	40515
165532	740	1054	1076	110	111	12	7	3	7830	698	1573	523	2043	23	34	3082	326	2784	0,32,67,0,0,0	22233	300	444	129188	23701	59823	141259,140760,145180,87289,87214,87214,87214	2	28	30114,20569,92926,5092,0,0,0	31	40398
165653	804	1113	1078	115	112	11	8	3	7576	698	1575	524	1949	28	41	2739	335	2906	0,29,70,0,0,0	13032	255	523	129386	24029	60078	141338,140841,145279,87372,87290,87290,87290	2	28	30114,20569,92997,5519,0,0,0	36	40268
165683	883	1157	1150	103	105	13	8	2	7365	698	1579	527	1938	31	46	2817	353	3066	0,26,73,0,0,0	12813	350	558	129573	24405	60428	141381,140886,145337,87448,87359,87359,87359	3	28	30114,20569,93047,6012,0,0,0	34	40116
165722	945	1234	1158	103	95	13	6	2	7188	700	1580	543	1920	32	47	3032	378	3176	0,23,76,0,0,0	12934	345	549	129784	24746	60773	141450,140958,145424,87555,87459,87459,87459	3	28	30114,20569,93100,6498,0,0,0	38	39955
165691	990	1312	1192	121	108	13	6	3	7029	700	1581	538	2022	31	30	3101	377	3365	0,21,78,0,0,0	13196	349	607	129990	25148	61122	141529,141038,145511,87713,87607,87607,87607	3	35	30114,20569,93150,7033,0,0,0	35	39792
165584	1057	1427	1259	139	115	11	6	3	6862	701	1582	533	1916	43	54	3333	425	3589	0,19,80,0,0,0	13294	326	655	130209	25587	61448	141618,141131,145609,87915,87799,87799,87799	3	41	30114,20569,93201,7629,0,0,0	36	39630
165445	1080	1506	1304	149	123	9	6	2	6834	701	1587	534	1938	35	39	3595	450	3727	0,17,82,0,0,0	22533	362	622	130418	26004	61810	141700,141216,145699,88083,87960,87960,87960	3	36	30114,20569,93239,8201,0,0,0	35	39466
165310	1083	1589	1416	136	122	7	5	2	6782	703	1591	534	1929	42	51	3971	496	3862	0,15,84,0,0,0	22669	332	629	130623	26446	62142	141774,141291,145782,88273,88138,88138,88138	3	23	30114,20569,93276,8784,12,0,0	36	39305
164980	1191	1685	1540	161	117	6	5	1	6761	703	1596	540	2020	46	57	4058	522	4183	0,13,85,0,0,0	14133	360	808	130906	26999	62502	141912,141427,145921,88572,88426,88426,88426	3	39	30114,20569,93313,9548,38,0,0	32	39094
