S	E	I1	I2	I3	I4	I5_h	I6_h	R_h	R	D1	D2	H	T	P1	P2	Q	QT	NQ	MUT	HOM	VAC	NI	INF	REINF	BSTR	IMM	HCI	HCE	INFV	INFH	VNI
178105	130	114	52	36	49	7	1	0	252	0	0	213	0	0	0	57	57	332	0,0,0,0,0,0	178746	0	0	389	0	0	641,641,641,641,641,641,641	0	0	0,0,0,0,0,0,0	0	0
178047	100	183	59	32	50	6	2	0	266	0	1	324	347	1	77	174	67	365	0,0,0,0,0,0	12444	0	67	456	0	0	699,699,699,699,699,699,699	0	3	67,0,0,0,0,0,0	8	0
177966	113	224	61	31	50	7	3	0	289	0	2	452	278	2	11	255	77	412	0,0,0,0,0,0	12726	0	94	551	0	0	781,781,781,781,781,781,781	0	9	162,0,0,0,0,0,0	9	0
177874	151	238	66	37	61	9	3	0	304	0	3	535	263	3	17	378	99	466	0,0,0,0,0,0	12968	0	108	659	0	0	874,874,874,874,874,874,874	0	14	270,0,0,0,0,0,0	11	0
177799	154	243	83	52	63	10	5	0	327	0	10	580	277	1	18	455	118	492	0,0,0,0,0,0	24987	0	81	739	2	0	951,951,951,951,951,951,951	0	8	352,0,0,0,0,0,0	17	0
177731	139	267	107	62	61	11	5	0	351	0	12	619	326	1	26	544	148	504	0,0,0,0,0,0	25159	0	83	822	2	0	1022,1022,1022,1022,1022,1022,1022	0	6	435,0,0,0,0,0,0	18	0
177634	145	272	119	69	66	11	7	0	404	0	19	622	321	2	28	889	183	506	0,0,0,0,0,0	13659	0	96	918	2	0	1120,1120,1120,1119,1119,1119,1119	0	7	531,0,0,0,0,0,0	20	0
177559	135	290	140	70	72	12	7	0	439	1	21	657	250	2	29	1096	226	500	0,0,0,0,0,0	13749	0	91	1008	4	0	1199,1198,1198,1197,1197,1197,1197	0	6	623,0,0,0,0,0,0	22	0
177475	141	305	158	72	70	12	6	0	481	3	23	670	273	3	21	1480	251	513	0,0,0,0,0,0	14311	0	100	1108	5	0	1289,1288,1288,1286,1286,1286,1286	0	8	724,0,0,0,0,0,0	18	0
177399	151	314	159	75	62	15	9	1	534	3	24	681	101	0	17	1817	259	526	0,0,0,0,0,0	14539	0	98	1206	5	0	1376,1375,1375,1371,1371,1371,1371	1	13	822,0,0,0,0,0,0	20	0
177334	163	315	165	76	73	16	10	1	565	3	25	666	271	1	18	2090	263	555	0,0,0,0,0,0	14772	0	108	1313	6	0	1460,1457,1457,1450,1450,1450,1450	1	8	930,0,0,0,0,0,0	31	0
177280	153	328	170	82	80	16	12	1	592	3	29	681	139	0	20	2004	267	574	0,0,0,0,0,0	26793	0	91	1404	6	0	1537,1533,1533,1520,1520,1520,1520	1	9	1021,0,0,0,0,0,0	33	0
177204	171	333	180	83	73	18	14	1	633	5	31	699	84	2	17	2044	265	607	0,0,0,0,0,0	26765	0	108	1510	8	0	1629,1624,1624,1607,1607,1607,1607	1	5	1129,0,0,0,0,0,0	32	0
177136	175	315	197	87	88	21	14	1	673	5	34	671	94	0	22	2085	265	632	0,0,0,0,0,0	15104	0	98	1607	9	0	1715,1709,1709,1687,1687,1687,1687	1	10	1227,0,0,0,0,0,0	40	0
177058	188	310	208	81	83	23	16	1	734	6	38	674	235	0	22	2338	257	652	0,0,0,0,0,0	15087	0	116	1723	9	0	1812,1805,1805,1778,1778,1778,1778	1	14	1343,0,0,0,0,0,0	41	0
176992	190	333	205	83	85	21	18	1	768	6	44	662	271	0	32	2392	267	668	0,0,0,0,0,0	15313	0	114	1834	12	0	1912,1902,1902,1866,1866,1866,1866	1	9	1456,0,0,0,0,0,0	51	0
176906	198	334	227	80	94	21	18	2	813	6	47	659	242	2	20	2463	262	710	0,0,0,0,0,0	15558	0	124	1961	12	0	2027,2014,2014,1969,1969,1969,1969	1	9	1583,0,0,0,0,0,0	56	0
176807	197	372	232	86	95	18	17	2	862	8	50	697	268	1	32	2273	283	734	0,0,0,0,0,0	15302	0	145	2106	13	0	2160,2144,2144,2088,2088,2088,2088	1	14	1729,0,0,0,0,0,0	48	0
176725	203	367	237	88	87	21	19	2	935	8	54	687	103	1	28	2266	272	750	0,0,0,0,0,0	26940	0	117	2220	16	0	2266,2248,2248,2184,2184,2184,2184	1	6	1846,0,0,0,0,0,0	46	0
176657	197	378	242	95	100	26	18	3	961	8	61	671	277	4	27	2220	299	757	0,0,0,0,0,0	27178	0	117	2337	18	0	2378,2356,2356,2277,2277,2277,2277	1	14	1965,0,0,0,0,0,0	55	0
176568	209	387	263	104	105	24	17	3	990	10	66	684	303	2	45	2531	349	760	0,0,0,0,0,0	15488	0	143	2477	21	0	2512,2485,2485,2390,2390,2390,2390	1	8	2108,0,0,0,0,0,0	53	0
176475	219	403	253	112	117	24	14	3	1041	13	72	667	99	1	29	2634	348	794	0,0,0,0,0,0	15326	0	151	2628	21	0	2655,2624,2624,2511,2511,2511,2511	1	18	2259,0,0,0,0,0,0	50	0
176382	233	429	245	123	123	22	13	3	1082	15	76	668	282	0	40	2788	376	812	0,0,0,0,0,0	15471	0	155	2781	23	0	2799,2762,2762,2632,2632,2632,2632	1	13	2414,0,0,0,0,0,0	45	0
176304	220	430	249	124	134	24	12	3	1149	16	81	672	234	1	36	2951	399	794	0,0,0,0,0,0	15699	0	129	2909	24	0	2919,2879,2879,2734,2734,2734,2734	1	13	2542,0,0,0,0,0,0	45	0
176223	208	446	246	133	138	28	14	2	1207	16	85	689	245	5	44	3174	413	800	0,0,0,0,0,0	16036	0	149	3058	24	0	3060,3013,3013,2847,2847,2847,2847	1	10	2691,0,0,0,0,0,0	48	0
176151	214	445	263	132	143	29	16	3	1244	17	89	667	294	3	43	3141	431	811	0,0,0,0,0,0	27694	0	150	3205	27	0	3197,3144,3144,2955,2955,2955,2955	1	11	2839,0,0,0,0,0,0	62	0
176069	212	455	258	128	133	36	16	2	1328	19	90	632	248	3	38	3270	428	810	0,0,0,0,0,0	27669	0	141	3345	28	0	3328,3270,3270,3063,3063,3063,3063	2	18	2979,0,0,0,0,0,0	58	0
175945	254	485	255	127	126	36	16	2	1390	19	91	633	297	4	49	3259	441	858	0,0,0,0,0,0	16255	0	196	3543	28	0	3517,3452,3452,3222,3222,3222,3222	2	31	3177,0,0,0,0,0,0	73	0
175865	255	500	272	122	116	40	16	2	1446	20	92	642	281	4	38	3621	454	867	0,0,0,0,0,0	16576	0	158	3698	32	0	3661,3590,3590,3336,3336,3336,3336	2	23	3334,0,0,0,0,0,0	75	0
175734	268	548	270	126	135	40	16	2	1490	20	97	615	136	2	32	3598	467	936	0,0,0,0,0,0	16683	0	196	3895	32	0	3851,3774,3774,3498,3498,3498,3498	2	20	3531,0,0,0,0,0,0	82	0
175635	293	541	294	133	128	43	16	2	1540	21	100	614	254	6	44	3758	477	971	0,0,0,0,0,0	16597	0	178	4072	33	0	4019,3935,3935,3634,3634,3634,3634	2	26	3708,0,0,0,0,0,0	78	0
175535	274	572	324	138	129	44	15	3	1588	21	103	625	317	3	41	3943	513	983	0,0,0,0,0,0	16673	0	186	4258	33	0	4196,4104,4104,3775,3775,3775,3775	2	23	3894,0,0,0,0,0,0	80	0
175437	293	567	340	147	133	42	15	4	1640	21	107	660	237	1	32	3816	490	1047	0,0,0,0,0,0	28310	0	190	4449	33	0	4382,4281,4281,3919,3919,3919,3919	2	14	4085,0,0,0,0,0,0	81	0
175364	294	563	362	145	151	43	14	4	1671	24	111	622	333	5	44	3867	527	1045	0,0,0,0,0,0	28639	0	174	4623	34	0	4549,4438,4438,4042,4042,4042,4042	2	11	4260,0,0,0,0,0,0	76	0
175270	322	556	369	166	173	42	11	4	1693	27	113	598	315	3	52	4265	569	1070	0,0,0,0,0,0	17573	0	211	4832	38	0	4749,4628,4628,4191,4191,4191,4191	2	23	4470,0,0,0,0,0,0	73	0
175154	317	585	371	174	169	46	12	4	1768	27	119	611	257	4	54	5040	581	1093	0,0,0,0,0,0	17339	0	202	5034	38	0	4944,4814,4814,4347,4347,4347,4347	2	19	4672,0,0,0,0,0,0	74	0
175027	300	645	389	179	173	42	12	5	1820	28	126	599	259	2	45	5044	597	1143	0,0,0,0,0,0	17948	0	216	5252	38	0	5158,5019,5019,4519,4519,4519,4519	3	24	4890,0,0,0,0,0,0	79	0
174887	324	643	391	188	181	43	16	4	1910	28	131	598	259	1	59	5072	611	1175	0,0,0,0,0,0	18007	0	233	5485	42	0	5383,5235,5235,4704,4704,4704,4704	3	23	5123,0,0,0,0,0,0	79	0
174773	358	658	387	201	183	46	17	4	1955	29	135	605	223	4	61	5027	631	1219	0,0,0,0,0,0	18015	0	250	5733	44	0	5619,5459,5459,4881,4881,4881,4881	3	24	5371,0,0,0,0,0,0	91	0
174663	369	680	397	192	169	44	22	3	2036	30	141	614	248	1	53	4966	640	1233	0,0,0,0,0,0	29312	0	208	5938	47	0	5821,5651,5651,5039,5039,5039,5039	3	16	5576,0,0,0,0,0,0	99	0
174616	332	682	421	194	170	49	23	4	2077	32	146	591	244	5	61	4980	624	1247	0,0,0,0,0,0	29240	0	177	6116	47	0	5991,5808,5808,5149,5149,5149,5149	3	10	5754,0,0,0,0,0,0	110	0
174491	346	723	395	203	173	45	22	5	2158	33	152	597	313	2	63	5281	629	1278	0,0,0,0,0,0	18373	0	248	6366	47	0	6234,6039,6039,5336,5336,5336,5336	3	28	6004,0,0,0,0,0,0	114	0
174350	394	737	408	219	173	43	24	4	2207	33	154	594	276	5	68	5266	665	1333	0,0,0,0,0,0	18153	0	273	6638	49	0	6496,6288,6288,5538,5538,5538,5538	3	32	6277,0,0,0,0,0,0	113	0
174226	415	729	419	234	198	42	20	6	2262	35	160	597	249	1	57	5233	676	1381	0,0,0,0,0,0	18256	0	251	6889	50	0	6740,6519,6519,5724,5724,5724,5724	3	32	6528,0,0,0,0,0,0	111	0
174112	412	771	440	221	210	44	22	8	2308	35	163	586	288	3	79	5162	704	1416	0,0,0,0,0,0	18107	0	260	7146	53	0	6990,6755,6755,5907,5907,5907,5907	3	22	6786,0,0,0,0,0,0	105	0
173993	419	796	450	225	211	45	25	8	2371	36	167	561	278	3	76	5015	718	1453	0,0,0,0,0,0	18200	0	266	7411	55	0	7246,6996,6996,6096,6096,6096,6096	3	32	7052,0,0,0,0,0,0	106	0
173866	428	796	482	236	218	44	26	7	2436	37	170	548	256	1	57	5205	737	1493	0,0,0,0,0,0	29555	0	265	7675	56	0	7499,7236,7236,6288,6288,6288,6288	3	15	7316,0,0,0,0,0,0	106	0
173757	405	808	497	239	225	48	30	6	2517	37	177	545	279	2	80	5089	737	1515	0,0,0,0,0,0	29286	0	249	7925	57	0	7745,7468,7468,6466,6466,6466,6466	3	17	7566,0,0,0,0,0,0	108	0
173608	428	868	513	223	213	50	32	7	2586	38	180	552	282	6	88	5667	777	1550	0,0,0,0,0,0	18631	0	311	8235	58	0	8045,7752,7752,6692,6692,6692,6692	3	30	7876,0,0,0,0,0,0	116	0
173484	443	891	530	226	210	58	31	8	2644	39	182	546	277	2	71	5826	803	1586	0,0,0,0,0,0	18630	0	290	8523	60	0	8320,8011,8011,6892,6892,6892,6892	3	31	8164,0,0,0,0,0,0	115	0
173365	443	929	531	243	227	55	29	7	2685	43	189	534	259	2	67	5539	782	1675	0,0,0,0,0,0	33657	0	307	8831	63	0	8620,8292,8292,7103,7103,7103,7103	3	33	8472,0,0,0,0,0,0	116	0
173222	447	950	564	244	246	55	29	8	2743	44	194	516	246	6	72	5702	822	1713	0,0,0,0,0,0	33636	0	307	9138	65	0	8920,8574,8574,7324,7324,7324,7324	4	42	8779,0,0,0,0,0,0	113	0
173076	474	939	574	254	260	61	28	7	2825	47	201	528	221	5	83	6237	845	1745	0,0,0,0,0,0	34135	0	316	9452	68	0	9229,8866,8866,7552,7552,7552,7552	4	32	9093,0,0,0,0,0,0	110	0
173027	439	919	591	274	278	67	35	6	2857	47	206	526	292	4	64	6223	867	1736	0,0,0,0,0,0	47402	0	252	9703	69	0	9470,9087,9087,7698,7698,7698,7698	4	16	9344,0,0,0,0,0,0	124	0
172940	413	925	605	275	285	64	39	7	2935	50	208	539	274	5	82	6044	883	1723	0,0,0,0,0,0	47444	0	269	9975	70	0	9731,9330,9330,7873,7873,7873,7873	4	22	9616,0,0,0,0,0,0	132	0
172890	378	935	562	282	273	61	39	9	3051	52	214	497	261	2	99	6332	928	1602	0,0,0,0,0,0	34375	0	228	10203	72	0	9951,9531,9531,8008,8008,8008,8008	4	25	9844,0,0,0,0,0,0	134	0
172838	370	880	586	275	284	66	38	10	3128	54	217	475	311	5	75	6805	947	1552	0,0,0,0,0,0	34586	0	250	10446	79	0	10183,9744,9744,8149,8149,8149,8149	4	32	10089,0,0,0,0,0,0	137	0
172759	379	865	595	273	277	71	40	8	3203	55	221	470	284	2	86	6811	957	1543	0,0,0,0,0,0	34622	0	267	10712	80	0	10439,9981,9981,8316,8316,8316,8316	4	24	10355,0,0,0,0,0,0	144	0
172705	392	866	593	265	272	86	39	9	3235	59	225	459	260	7	69	6449	935	1578	0,0,0,0,0,0	34524	0	269	10978	83	0	10695,10215,10215,8470,8470,8470,8470	4	33	10621,0,0,0,0,0,0	157	0
172599	390	861	606	256	284	76	45	8	3334	59	228	422	332	3	86	6810	965	1553	0,0,0,0,0,0	34621	0	270	11249	86	0	10957,10460,10460,8653,8653,8653,8653	4	28	10892,0,0,0,0,0,0	156	0
172590	390	805	598	277	275	77	54	5	3387	59	229	418	282	3	65	6905	957	1519	0,0,0,0,0,0	47595	0	222	11462	95	0	11157,10640,10640,8758,8758,8758,8758	4	27	11105,0,0,0,0,0,0	168	0
172593	348	774	587	271	278	73	53	6	3471	61	231	427	236	2	75	6883	899	1485	0,0,0,0,0,0	47895	0	194	11658	95	0	11342,10804,10804,8848,8848,8848,8848	4	17	11301,0,0,0,0,0,0	173	0
172513	381	762	553	266	272	77	55	7	3557	66	237	423	253	6	88	6326	859	1507	0,0,0,0,0,0	34476	0	266	11921	99	0	11598,11041,11041,9015,9015,9015,9015	4	31	11565,0,0,0,0,0,0	148	0
172519	359	752	536	284	251	80	57	11	3591	69	237	444	236	1	83	6567	875	1444	0,0,0,0,0,0	34088	0	213	12133	102	0	11793,11215,11215,9108,9108,9108,9108	4	27	11777,0,0,0,0,0,0	149	0
172536	355	744	535	282	247	76	60	12	3592	69	238	473	268	3	79	6397	864	1435	0,0,0,0,0,0	34316	0	229	12365	102	0	12009,11405,11405,9207,9207,9207,9207	4	24	12009,0,0,0,0,0,0	165	0
172552	336	721	533	272	225	80	60	15	3642	70	240	466	244	5	80	6245	829	1398	0,0,0,0,0,0	34372	0	196	12561	103	0	12192,11567,11567,9289,9289,9289,9289	4	24	12205,0,0,0,0,0,0	164	0
172513	342	737	540	251	215	78	58	16	3679	73	244	453	358	2	74	6432	814	1407	0,0,0,0,0,0	34456	0	238	12798	104	0	12418,11773,11773,9420,9420,9420,9420	4	25	12442,0,0,0,0,0,0	169	0
172573	327	686	552	250	217	77	58	17	3664	77	248	460	259	1	50	6260	773	1394	0,0,0,0,0,0	47417	0	179	12977	105	0	12585,11915,11915,9473,9473,9473,9473	4	17	12621,0,0,0,0,0,0	163	0
172582	311	676	541	243	222	77	62	13	3689	78	252	480	240	5	78	6333	774	1358	0,0,0,0,0,0	47366	0	199	13176	106	0	12772,12081,12081,9561,9561,9561,9561	4	18	12820,0,0,0,0,0,0	169	0
172611	324	646	523	226	220	78	60	13	3710	83	252	456	321	6	78	6246	762	1315	0,0,0,0,0,0	34077	0	202	13377	109	0	12956,12243,12243,9637,9637,9637,9637	4	20	13021,0,0,0,0,0,0	173	0
172647	313	679	496	218	213	79	58	17	3685	87	254	434	251	2	59	6217	745	1311	0,0,0,0,0,0	34266	0	225	13603	111	0	13164,12424,12424,9720,9720,9720,9720	4	23	13247,0,0,0,0,0,0	151	0
172661	323	681	477	201	216	84	53	17	3685	93	255	437	317	5	63	6424	747	1288	0,0,0,0,0,0	33956	0	213	13814	113	0	13359,12597,12597,9809,9809,9809,9809	4	28	13458,0,0,0,0,0,0	159	0
172682	328	685	469	205	208	73	46	17	3677	97	259	445	246	4	69	6375	729	1285	0,0,0,0,0,0	34392	0	224	14040	113	0	13570,12783,12783,9902,9902,9902,9902	4	35	13684,0,0,0,0,0,0	144	0
172701	317	693	477	219	207	70	43	18	3640	100	261	428	254	4	55	6115	734	1292	0,0,0,0,0,0	34318	0	218	14259	113	0	13773,12962,12962,9991,9991,9991,9991	4	24	13903,0,0,0,0,0,0	134	0
172755	308	691	473	226	203	66	43	18	3599	101	263	453	241	2	50	5611	713	1297	0,0,0,0,0,0	46987	0	191	14448	117	0	13946,13110,13110,10049,10049,10049,10049	4	18	14092,0,0,0,0,0,0	131	0
172780	309	683	452	212	208	63	44	14	3611	105	265	473	259	2	56	5251	676	1295	0,0,0,0,0,0	46487	0	199	14647	119	0	14131,13272,13272,10126,10126,10126,10126	3	16	14292,0,0,0,0,0,0	127	0
172837	305	679	448	193	208	61	43	14	3580	110	268	447	268	2	74	5393	686	1251	0,0,0,0,0,0	33317	0	180	14823	123	0	14292,13410,13410,10176,10176,10176,10176	4	16	14468,0,0,0,0,0,0	124	0
172825	321	656	478	191	206	57	36	13	3575	117	271	466	246	2	62	5664	722	1223	0,0,0,0,0,0	33541	0	208	15032	124	0	14487,13585,13585,10275,10275,10275,10275	4	30	14678,0,0,0,0,0,0	124	0
172841	313	679	470	178	194	59	37	11	3570	118	276	473	266	2	56	5714	699	1231	0,0,0,0,0,0	33565	0	200	15230	127	0	14674,13749,13749,10356,10356,10356,10356	3	24	14877,0,0,0,0,0,0	114	0
172861	315	657	463	194	208	59	39	10	3538	121	281	464	281	1	50	5448	699	1236	0,0,0,0,0,0	33765	0	202	15429	131	0	14859,13913,13913,10435,10435,10435,10435	4	25	15076,0,0,0,0,0,0	120	0
172931	326	658	455	194	186	62	36	9	3479	125	285	450	277	2	52	5740	679	1238	0,0,0,0,0,0	33740	0	191	15621	132	0	15034,14061,14061,10484,10484,10484,10484	3	16	15268,0,0,0,0,0,0	118	0
173012	302	642	439	197	189	62	36	9	3444	128	286	439	103	1	48	5257	668	1199	0,0,0,0,0,0	46658	0	165	15786	133	0	15181,14184,14184,10514,10514,10514,10514	3	11	15433,0,0,0,0,0,0	112	0
173084	273	636	445	201	177	56	36	10	3411	130	287	426	230	1	53	5167	654	1170	0,0,0,0,0,0	46091	0	166	15950	135	0	15329,14307,14307,10549,10549,10549,10549	3	15	15597,0,0,0,0,0,0	111	0
173109	266	652	447	206	182	53	35	10	3363	132	291	433	278	1	54	5007	645	1196	0,0,0,0,0,0	33241	0	203	16150	138	0	15514,14470,14470,10625,10625,10625,10625	3	21	15797,0,0,0,0,0,0	108	0
173159	283	625	443	209	198	50	32	13	3306	134	294	447	328	1	60	5171	665	1175	0,0,0,0,0,0	33127	0	194	16340	142	0	15686,14617,14617,10681,10681,10681,10681	3	22	15987,0,0,0,0,0,0	107	0
173218	302	596	442	205	189	49	33	12	3269	135	296	455	263	4	65	5155	656	1160	0,0,0,0,0,0	33390	0	194	16533	144	0	15861,14767,14767,10734,10734,10734,10734	3	22	16180,0,0,0,0,0,0	104	0
173292	281	594	428	197	179	49	36	9	3243	137	301	452	245	1	60	4941	669	1095	0,0,0,0,0,0	33222	0	160	16693	145	0	16005,14887,14887,10764,10764,10764,10764	3	12	16340,0,0,0,0,0,0	89	0
173327	247	621	413	185	191	45	38	9	3228	139	303	451	274	4	54	4769	663	1077	0,0,0,0,0,0	33078	0	176	16871	146	0	16167,15028,15028,10822,10822,10822,10822	3	11	16518,0,0,0,0,0,0	99	0
173347	251	614	395	198	169	46	40	9	3226	144	307	440	242	5	51	4416	654	1059	0,0,0,0,0,0	45805	0	179	17048	148	0	16330,15171,15171,10890,10890,10890,10890	3	14	16695,0,0,0,0,0,0	101	0
173407	247	573	394	202	170	46	38	7	3206	147	309	456	252	0	49	4328	625	1045	0,0,0,0,0,0	45627	0	153	17200	151	0	16466,15286,15286,10923,10923,10923,10923	3	13	16847,0,0,0,0,0,0	103	0
173432	235	572	402	203	181	46	36	9	3168	149	313	447	246	7	50	4449	634	1041	0,0,0,0,0,0	32806	0	179	17377	154	0	16630,15429,15429,10987,10987,10987,10987	3	24	17024,0,0,0,0,0,0	95	0
173473	243	564	404	201	187	49	33	8	3116	152	316	436	261	2	53	4561	658	1023	0,0,0,0,0,0	32622	0	188	17560	159	0	16795,15572,15572,11042,11042,11042,11042	3	15	17209,0,0,0,0,0,0	93	0
173513	250	541	397	163	193	49	36	8	3125	154	317	457	257	4	65	4536	651	978	0,0,0,0,0,0	32480	0	151	17711	160	0	16930,15687,15687,11084,11084,11084,11084	3	16	17360,0,0,0,0,0,0	91	0
173554	274	506	386	162	180	46	32	10	3114	160	322	474	263	0	34	4506	611	975	0,0,0,0,0,0	45491	0	176	17884	163	0	17090,15825,15825,11137,11137,11137,11137	3	11	17533,0,0,0,0,0,0	94	0
173658	255	498	368	160	173	52	32	10	3055	162	323	493	228	1	45	4179	595	943	0,0,0,0,0,0	45534	0	131	18011	167	0	17198,15910,15910,11133,11133,11133,11133	3	12	17660,0,0,0,0,0,0	98	0
173782	213	484	347	172	173	52	26	7	2995	167	328	488	262	2	47	4049	552	915	0,0,0,0,0,0	45546	0	110	18119	169	0	17292,15980,15980,11112,11112,11112,11112	2	11	17768,0,0,0,0,0,0	99	0
173850	216	454	333	171	160	54	28	7	2970	169	334	490	227	1	41	4019	525	891	0,0,0,0,0,0	45059	34	118	18238	169	0	17399,16068,16068,11126,11126,11126,11126	2	16	17887,0,0,0,0,0,0	107	27
173953	221	428	332	157	154	48	28	10	2911	169	335	489	258	0	59	4078	547	821	0,0,0,0,0,0	32385	28	130	18368	171	0	17511,16156,16156,11125,11125,11125,11125	2	15	18017,0,0,0,0,0,0	96	48
174027	201	409	344	151	152	49	30	9	2868	170	336	484	240	3	41	4078	560	776	0,0,0,0,0,0	32242	35	110	18477	172	0	17602,16229,16229,11125,11125,11125,11125	2	7	18126,0,0,0,0,0,0	101	75
174074	187	407	337	149	149	49	27	8	2846	172	341	478	319	1	42	4110	539	766	0,0,0,0,0,0	32531	39	118	18592	175	0	17703,16314,16314,11145,11145,11145,11145	2	14	18241,0,0,0,0,0,0	105	112
174144	189	400	330	137	142	47	30	8	2802	174	343	480	256	1	30	4020	503	772	0,0,0,0,0,0	32573	24	119	18707	179	0	17802,16395,16395,11152,11152,11152,11152	2	8	18356,0,0,0,0,0,0	100	135
174213	186	418	292	132	147	45	31	7	2749	176	350	459	255	1	40	3835	483	768	0,0,0,0,0,0	31819	28	136	18840	182	0	17923,16495,16495,11171,11171,11171,11171	2	15	18489,0,0,0,0,0,0	98	160
174273	199	428	298	129	132	45	33	7	2670	178	354	465	253	1	44	3598	479	785	0,0,0,0,0,0	38535	28	130	18971	183	0	18040,16592,16592,11193,11193,11193,11193	2	14	18620,0,0,0,0,0,0	102	183
174332	187	432	307	127	124	45	31	10	2615	179	357	476	223	2	29	3591	454	799	0,0,0,0,0,0	38123	146	123	19094	184	0	18160,16693,16693,11216,11216,11216,11216	2	13	18743,0,0,0,0,0,0	114	311
174363	188	434	312	130	114	43	29	11	2581	182	359	479	240	1	46	3513	448	802	0,0,0,0,0,0	26658	144	137	19226	190	0	18284,16801,16801,11255,11255,11255,11255	2	16	18875,0,0,0,0,0,0	105	432
174390	200	444	301	133	110	40	28	11	2545	183	361	466	89	0	36	3523	416	840	0,0,0,0,0,0	26529	116	162	19385	193	0	18436,16934,16934,11309,11309,11309,11309	2	14	19034,0,0,0,0,0,0	105	534
174431	215	439	312	137	111	37	29	10	2477	184	364	446	254	2	38	3567	430	850	0,0,0,0,0,0	26541	137	145	19530	196	0	18579,17058,17058,11351,11351,11351,11351	2	11	19179,0,0,0,0,0,0	103	650
174443	237	435	317	139	112	37	25	11	2437	188	365	458	104	0	39	3422	422	880	0,0,0,0,0,0	26756	131	159	19687	198	0	18728,17191,17191,11412,11412,11412,11412	2	20	19336,0,0,0,0,0,0	91	758
174458	218	457	312	132	112	36	22	14	2427	190	368	456	82	1	35	3329	402	887	0,0,0,0,0,0	26465	120	144	19827	202	0	18864,17310,17310,11463,11463,11463,11463	2	14	19476,0,0,0,0,0,0	83	868
174495	204	445	304	135	123	40	18	15	2406	191	370	434	260	2	41	2715	403	866	0,0,0,0,0,0	38037	142	126	19951	204	0	18981,17411,17411,11495,11495,11495,11495	2	7	19600,0,0,0,0,0,0	81	993
174479	221	438	305	147	121	38	20	14	2396	192	375	456	241	2	46	2829	394	896	0,0,0,0,0,0	37654	149	155	20106	204	0	19172,17588,17588,11591,11591,11591,11591	2	14	19755,0,0,0,0,0,0	78	1118
174514	215	458	292	141	131	37	17	14	2354	195	378	448	259	1	36	3044	398	893	0,0,0,0,0,0	26069	175	149	20253	206	0	19350,17748,17748,11654,11654,11654,11654	2	19	19902,0,0,0,0,0,0	76	1272
174515	223	462	295	150	119	35	20	14	2336	197	380	490	259	1	55	3220	420	884	0,0,0,0,0,0	25953	154	152	20402	209	0	19522,17904,17904,11729,11729,11729,11729	2	15	20051,0,0,0,0,0,0	76	1394
174523	266	433	304	155	135	35	21	12	2282	198	382	508	262	3	40	3280	421	928	0,0,0,0,0,0	26353	148	170	20570	212	0	19717,18082,18082,11814,11814,11814,11814	2	13	20220,0,0,0,0,0,0	79	1521
174513	278	440	312	144	123	31	22	11	2283	198	391	499	223	1	37	3263	430	920	0,0,0,0,0,0	26205	152	149	20718	214	0	19899,18249,18249,11900,11900,11900,11900	2	19	20368,0,0,0,0,0,0	74	1652
174509	274	466	289	128	132	38	22	10	2285	199	394	500	90	2	38	3184	437	912	0,0,0,0,0,0	26321	146	146	20863	215	0	20071,18406,18406,11978,11978,11978,11978	2	12	20513,0,0,0,0,0,0	80	1772
174535	240	489	301	140	141	34	25	10	2237	200	394	520	106	3	39	3076	465	905	0,0,0,0,0,0	38451	177	143	21006	216	0	20244,18562,18562,12043,12043,12043,12043	2	10	20656,0,0,0,0,0,0	87	1920
174554	210	485	293	146	142	35	24	13	2247	200	397	520	270	2	42	3312	455	880	0,0,0,0,0,0	38405	61	119	21126	216	0	20398,18703,18703,12101,12101,12101,12101	2	9	20776,0,0,0,0,0,0	90	1970
174568	203	480	297	144	147	39	25	13	2229	203	398	488	268	2	63	3824	491	844	0,0,0,0,0,0	26924	58	144	21269	217	0	20582,18871,18871,12176,12176,12176,12176	2	15	20919,0,0,0,0,0,0	92	2014
174583	235	468	283	145	139	39	24	14	2211	206	399	465	316	1	50	3875	497	836	0,0,0,0,0,0	26967	57	153	21419	220	0	20759,19031,19031,12246,12246,12246,12246	2	22	21069,0,0,0,0,0,0	90	2061
174574	237	453	297	142	149	41	27	14	2202	206	404	468	255	0	42	3851	499	847	0,0,0,0,0,0	26967	71	145	21562	223	0	20937,19195,19195,12328,12328,12328,12328	2	12	21213,0,0,0,0,0,0	92	2121
174568	234	460	300	138	143	41	27	13	2206	207	409	482	261	3	51	3628	489	854	0,0,0,0,0,0	26829	66	148	21707	226	0	21119,19363,19363,12410,12410,12410,12410	2	12	21359,0,0,0,0,0,0	96	2177
174585	221	460	298	147	148	34	27	11	2195	209	411	512	259	2	45	3335	482	853	0,0,0,0,0,0	26431	63	137	21844	226	0	21285,19513,19513,12474,12474,12474,12474	2	7	21496,0,0,0,0,0,0	87	2223
174620	207	462	305	143	137	31	29	8	2182	211	411	510	233	1	37	3227	470	844	0,0,0,0,0,0	38080	76	127	21968	229	0	21448,19661,19661,12528,12528,12528,12528	2	9	21620,0,0,0,0,0,0	90	2280
174621	196	470	312	132	144	30	28	9	2181	212	411	480	228	2	33	3094	455	857	0,0,0,0,0,0	38107	202	136	22101	233	0	21594,19793,19793,12590,12590,12590,12590	2	15	21753,0,0,0,0,0,0	99	2449
174632	213	440	326	145	139	35	26	5	2158	214	413	494	250	1	41	3374	460	864	0,0,0,0,0,0	26696	192	145	22239	241	0	21741,19926,19926,12646,12646,12646,12646	2	20	21893,0,0,0,0,0,0	86	2603
174651	205	437	313	147	143	37	25	4	2155	215	414	510	257	3	53	3311	473	834	0,0,0,0,0,0	26623	202	128	22364	245	0	21874,20044,20044,12691,12691,12691,12691	2	17	22018,0,0,0,0,0,0	83	2772
174673	199	434	319	128	144	41	29	6	2142	215	416	460	240	3	45	3146	500	794	0,0,0,0,0,0	26519	186	125	22483	252	0	22012,20168,20168,12736,12736,12736,12736	2	9	22137,0,0,0,0,0,0	84	2931
174680	211	434	310	128	140	42	30	6	2131	216	418	445	237	4	38	3076	484	811	0,0,0,0,0,0	26319	189	138	22616	257	0	22158,20300,20300,12792,12792,12792,12792	2	15	22270,0,0,0,0,0,0	90	3071
174706	212	422	294	137	134	39	34	5	2127	216	420	453	259	2	40	3089	502	770	0,0,0,0,0,0	26224	211	128	22743	259	0	22294,20421,20421,12834,12834,12834,12834	2	17	22397,0,0,0,0,0,0	97	3252
174730	194	445	285	135	128	40	31	7	2112	217	422	437	90	1	37	3131	482	776	0,0,0,0,0,0	38218	202	125	22865	263	0	22429,20541,20541,12879,12879,12879,12879	2	9	22519,0,0,0,0,0,0	96	3416
174762	189	423	287	136	130	39	31	8	2098	220	423	427	258	3	34	3123	467	768	0,0,0,0,0,0	38110	153	115	22979	265	0	22634,20733,20733,12954,12954,12954,12954	1	4	22633,0,0,0,0,0,0	89	3540
174789	200	393	296	136	132	40	30	10	2072	221	427	450	248	0	39	3380	475	752	0,0,0,0,0,0	26174	161	126	23102	268	0	22844,20928,20928,13034,13034,13034,13034	1	20	22756,0,0,0,0,0,0	86	3659
174794	219	409	267	139	125	40	29	11	2060	224	429	467	264	1	40	3719	445	783	3,0,0,0,0,0	26345	160	111	23254	269	0	23077,21146,21146,13135,13135,13135,13135	2	15	22867,41,0,0,0,0,0	83	3787
174766	248	437	263	130	131	40	30	11	2032	224	434	475	267	3	46	3590	440	839	6,0,0,0,0,0	26789	178	143	23428	275	0	23337,21392,21392,13266,13266,13266,13266	2	20	22995,89,0,0,0,0,0	93	3924
174710	266	459	265	129	144	37	31	11	2033	224	437	487	266	0	33	3344	428	903	11,0,0,0,0,0	26805	167	150	23614	281	0	23597,21641,21641,13413,13413,13413,13413	2	13	23123,149,0,0,0,0,0	97	4055
174652	294	496	278	138	145	36	29	12	2001	226	439	486	293	2	38	3297	419	997	15,0,0,0,0,0	26718	159	167	23816	284	0	23888,21917,21917,13572,13572,13572,13572	2	16	23252,222,0,0,0,0,0	98	4173
174607	281	546	277	132	137	38	26	11	2019	230	442	475	268	2	46	3231	418	1019	19,0,0,0,0,0	37821	151	136	23983	290	0	24150,22168,22168,13713,13713,13713,13713	1	3	23347,297,0,0,0,0,0	92	4293
174547	285	592	297	147	143	38	24	10	1987	232	444	482	258	2	37	3333	435	1091	25,0,0,0,0,0	38505	128	169	24194	291	0	24432,22436,22436,13871,13871,13871,13871	2	13	23452,404,0,0,0,0,0	92	4391
174526	294	576	320	153	156	40	23	6	1973	234	445	488	267	2	47	3282	415	1147	28,0,0,0,0,0	26356	139	177	24363	301	0	24680,22670,22670,13990,13990,13990,13990	2	17	23548,483,0,0,0,0,0	86	4497
174482	287	593	336	171	151	41	24	6	1970	236	449	466	281	4	69	3577	474	1129	32,0,0,0,0,0	26651	132	180	24538	306	0	24932,22910,22910,14125,14125,14125,14125	1	17	23639,571,0,0,0,0,0	87	4591
174391	300	598	343	174	158	39	24	7	2025	236	451	479	262	2	60	3852	498	1138	35,0,0,0,0,0	26606	140	205	24739	311	0	25214,23183,23182,14295,14295,14295,14295	2	15	23749,665,0,0,0,0,0	83	4705
174322	301	616	358	159	176	42	25	7	2048	236	456	485	236	0	54	3753	519	1158	38,0,0,0,0,0	26978	156	212	24946	316	0	25497,23454,23452,14457,14457,14457,14457	2	22	23842,783,0,0,0,0,0	88	4816
174237	317	629	378	158	176	40	25	8	2083	237	458	499	305	3	68	3787	553	1170	41,0,0,0,0,0	26649	110	218	25163	319	0	25784,23730,23728,14629,14629,14629,14629	2	21	23938,907,0,0,0,0,0	86	4899
174154	322	640	385	168	179	45	24	5	2126	238	460	510	243	2	63	3904	583	1180	44,0,0,0,0,0	38914	139	212	25370	324	0	26068,24006,24002,14800,14800,14800,14800	2	11	24032,1022,0,0,0,0,0	88	5002
174114	299	641	386	190	186	45	19	7	2156	240	463	522	275	5	51	3954	603	1163	46,0,0,0,0,0	38956	274	180	25544	330	0	26279,24206,24201,14910,14910,14910,14910	2	7	24109,1122,0,0,0,0,0	82	5219
174006	313	640	412	203	185	45	17	6	2210	243	466	509	256	1	50	4109	624	1191	49,0,0,0,0,0	26894	288	227	25767	335	0	26539,24456,24450,15076,15076,15076,15076	2	17	24186,1272,0,0,0,0,0	82	5434
173928	335	653	426	195	187	43	17	5	2243	245	469	521	249	2	61	4213	641	1215	52,0,0,0,0,0	27020	276	225	25988	342	0	26787,24694,24687,15222,15222,15222,15222	2	20	24262,1422,0,0,0,0,0	84	5633
173806	360	688	436	217	173	46	19	5	2280	245	471	511	234	3	65	4357	672	1267	55,0,0,0,0,0	27397	289	262	26239	353	0	27082,24979,24970,15412,15412,15412,15412	2	15	24351,1592,0,0,0,0,0	90	5847
173668	377	735	430	222	169	52	16	8	2343	249	477	540	246	1	56	4496	674	1327	57,0,0,0,0,0	27553	274	266	26498	362	0	27387,25275,25265,15616,15616,15616,15616	2	26	24441,1767,0,0,0,0,0	94	6036
173522	384	796	431	230	181	53	19	6	2392	251	481	538	312	3	68	4571	686	1408	59,0,0,0,0,0	27808	301	281	26771	372	0	27689,25568,25557,15825,15825,15825,15825	2	18	24525,1963,0,0,0,0,0	101	6245
173393	420	799	453	228	199	53	18	7	2439	253	484	527	264	5	46	4576	689	1481	62,0,0,0,0,0	39267	295	269	27032	380	0	27987,25859,25844,16025,16025,16025,16025	2	13	24596,2157,0,0,0,0,0	115	6453
173303	437	792	462	222	199	55	22	8	2508	253	485	522	265	2	67	4451	701	1488	64,0,0,0,0,0	39022	610	242	27270	385	0	28341,26206,26188,16233,16233,16233,16233	2	10	24659,2337,0,0,0,0,0	109	6853
173164	438	852	469	243	203	48	22	9	2554	254	490	534	252	4	72	4527	737	1538	67,0,0,0,0,0	27861	603	303	27564	397	0	28748,26607,26585,16492,16492,16492,16492	2	20	24722,2576,0,0,0,0,0	107	7246
173007	473	855	518	263	223	53	22	11	2576	255	490	520	307	1	74	4685	783	1624	69,0,0,0,0,0	27739	617	317	27876	404	0	29167,27019,26994,16764,16764,16764,16764	1	16	24794,2821,0,0,0,0,0	99	7799
172836	522	906	511	263	249	54	25	10	2623	256	491	532	298	4	79	5100	816	1714	71,0,0,0,0,0	27811	569	364	28228	418	0	29627,27472,27442,17065,17065,17065,17065	2	20	24862,3113,0,0,0,0,0	106	8302
172669	514	985	539	264	248	57	26	9	2685	257	493	528	248	7	89	5444	871	1762	71,0,0,0,0,0	28361	604	334	28557	425	0	30046,27889,27853,17348,17348,17348,17348	2	22	24941,3368,0,0,0,0,0	116	8838
172434	558	1035	589	257	250	60	28	8	2772	261	494	538	268	1	67	5505	856	1921	72,0,0,0,0,0	28623	620	397	28946	435	0	30546,28385,28344,17700,17700,17700,17700	2	26	25027,3679,0,0,0,0,0	115	9375
172256	580	1052	599	264	249	68	30	7	2881	263	497	553	307	5	79	5508	866	1976	73,0,0,0,0,0	39850	597	344	29279	447	0	30981,28818,28771,17994,17994,17994,17994	2	23	25101,3946,0,0,0,0,0	139	9889
172111	579	1064	594	287	280	69	28	7	2957	268	502	531	236	10	83	5500	890	2011	74,0,0,0,0,0	39756	813	333	29597	464	0	31456,29293,29237,18292,18292,18292,18292	2	23	25170,4209,0,0,0,0,0	142	10595
171864	610	1136	580	284	293	67	32	6	3100	270	504	527	300	8	118	5621	935	2067	76,0,0,0,0,0	28599	790	421	30005	481	0	32023,29858,29796,18685,18685,18685,18685	2	19	25235,4566,0,0,0,0,0	137	11286
171637	658	1212	592	308	298	69	35	6	3151	272	508	534	317	2	108	6196	1015	2157	77,0,0,0,0,0	28900	761	446	30435	499	0	32665,30504,30430,19106,19106,19106,19106	2	31	25320,4928,0,0,0,0,0	144	11926
171407	680	1251	648	309	309	72	38	6	3240	273	513	533	299	3	79	6612	1019	2288	79,0,0,0,0,0	29694	797	437	30855	517	0	33289,31132,31048,19522,19522,19522,19522	2	20	25385,5299,0,0,0,0,0	157	12610
171128	713	1329	686	305	347	74	39	4	3327	277	517	516	231	8	96	6943	1066	2427	80,0,0,0,0,0	29872	807	498	31338	536	0	33984,31828,31733,19998,19998,19998,19998	2	22	25454,5728,0,0,0,0,0	158	13302
170748	738	1426	749	363	357	77	44	4	3440	280	520	510	262	6	121	6987	1175	2579	81,0,0,0,0,0	30083	801	566	31883	561	0	34741,32589,32485,20554,20554,20554,20554	2	22	25523,6223,0,0,0,0,0	160	13988
170513	757	1409	822	392	375	71	44	5	3552	283	523	515	315	3	118	6610	1228	2642	82,0,0,0,0,0	41179	739	450	32324	574	0	35377,33230,33115,20980,20980,20980,20980	2	17	25574,6623,0,0,0,0,0	182	14611
170233	760	1423	852	406	393	78	49	5	3736	284	527	505	250	6	126	7274	1296	2665	83,0,0,0,0,0	41047	896	467	32777	590	0	36092,33952,33825,21461,21461,21461,21461	2	22	25629,7033,0,0,0,0,0	189	15408
169965	738	1524	873	400	416	78	58	7	3874	285	528	492	297	5	135	8126	1350	2737	84,0,0,0,0,0	47098	885	510	33265	613	0	36827,34690,34551,21948,21948,21948,21948	2	27	25687,7481,0,0,0,0,0	199	16164
169674	782	1580	899	403	396	82	60	8	4044	289	529	508	226	4	137	8384	1405	2797	85,0,0,0,0,0	47206	862	537	33782	635	0	37561,35431,35278,22447,22447,22447,22447	2	33	25742,7961,0,0,0,0,0	194	16853
169427	800	1562	934	404	439	89	63	9	4195	290	534	488	283	6	139	8663	1468	2823	86,0,0,0,0,0	47550	872	505	34264	663	0	38290,36169,36000,22920,22920,22920,22920	2	27	25802,8402,0,0,0,0,0	202	17578
169179	831	1574	967	409	454	98	68	9	4325	292	540	476	263	3	129	8892	1488	2913	87,0,0,0,0,0	47912	862	509	34748	689	0	39029,36916,36731,23399,23399,23399,23399	2	33	25846,8862,0,0,0,0,0	211	18306
168926	824	1623	973	441	455	103	69	9	4485	296	542	454	259	5	149	8930	1535	2953	87,0,0,0,0,0	48058	884	517	35249	709	0	39766,37667,37463,23880,23880,23880,23880	2	22	25889,9336,0,0,0,0,0	218	19038
168762	774	1611	989	465	470	102	73	7	4649	298	546	455	302	10	117	8927	1522	2962	88,0,0,0,0,0	71530	905	427	35646	743	0	40386,38301,38079,24261,24261,24261,24261	2	18	25923,9724,0,0,0,0,0	231	19802
168622	705	1594	1017	474	468	110	76	8	4821	303	548	441	322	8	125	9189	1535	2909	88,0,0,0,0,0	71548	690	427	36041	775	0	41095,39025,38784,24675,24675,24675,24675	2	32	25963,10100,0,0,0,0,0	235	20366
168357	732	1639	986	486	481	115	87	7	5001	305	550	440	273	11	158	9332	1557	2969	89,0,0,0,0,0	47765	645	543	36562	800	0	41915,39862,39601,25207,25207,25207,25207	3	28	25987,10615,0,0,0,0,0	249	20874
168120	790	1630	989	504	489	115	90	9	5143	314	553	445	331	6	183	9162	1592	3015	90,0,0,0,0,0	48357	677	561	37099	825	0	42714,40681,40396,25716,25716,25716,25716	3	37	26016,11138,0,0,0,0,0	266	21408
167899	803	1610	1020	526	497	110	92	10	5301	318	560	442	233	6	168	9445	1611	3047	91,0,0,0,0,0	48104	649	520	37598	849	0	43491,41476,41170,26205,26205,26205,26205	3	34	26045,11629,0,0,0,0,0	273	21915
167719	769	1665	992	548	491	120	92	10	5451	328	561	408	273	6	162	9205	1598	3079	91,0,0,0,0,0	48024	604	515	38084	879	0	44242,42249,41918,26665,26665,26665,26665	3	50	26073,12111,0,0,0,0,0	277	22385
167548	758	1689	1006	562	469	127	95	9	5585	334	564	406	326	12	167	9574	1601	3105	92,0,0,0,0,0	48154	632	531	38583	912	0	45018,43048,42691,27133,27133,27133,27133	3	33	26093,12611,0,0,0,0,0	276	22891
167443	747	1645	1006	577	483	129	98	11	5705	336	566	392	318	5	121	9208	1586	3099	92,0,0,0,0,0	71688	682	453	39013	943	0	45733,43784,43402,27540,27540,27540,27540	3	24	26108,13048,0,0,0,0,0	294	23433
167452	692	1576	1012	569	507	135	103	12	5778	342	568	402	242	5	161	9151	1564	3030	93,0,0,0,0,0	71956	887	384	39384	957	0	46376,44460,44047,27875,27875,27875,27875	3	17	26121,13414,0,0,0,0,0	312	24149
167299	695	1586	1024	571	508	142	104	12	5889	345	571	382	291	6	173	9547	1625	3005	93,0,0,0,0,0	48018	933	499	39858	983	0	47116,45228,44790,28334,28334,28334,28334	3	27	26139,13888,0,0,0,0,0	312	24910
167173	705	1580	1007	520	502	152	110	12	6060	351	574	377	289	6	174	9792	1640	2936	94,0,0,0,0,0	48589	880	486	40319	1008	0	47895,46031,45565,28764,28764,28764,28764	3	26	26155,14356,0,0,0,0,0	321	25600
167040	720	1620	960	519	510	169	112	12	6150	358	576	371	266	9	167	10237	1638	2972	94,0,0,0,0,0	48502	849	513	40815	1027	0	48680,46842,46346,29200,29200,29200,29200	3	37	26170,14851,0,0,0,0,0	328	26255
166840	793	1598	980	528	509	164	100	14	6271	369	580	342	307	5	161	10066	1654	3018	95,0,0,0,0,0	49179	911	550	41335	1063	0	49488,47678,47152,29680,29680,29680,29680	3	33	26183,15387,0,0,0,0,0	332	26974
166762	796	1580	992	528	507	162	98	12	6352	375	582	351	298	6	153	9760	1620	3043	95,0,0,0,0,0	48438	948	487	41811	1075	0	50258,48476,47918,30085,30085,30085,30085	3	33	26193,15863,0,0,0,0,0	314	27703
166723	730	1558	962	521	529	162	94	12	6489	381	585	339	295	7	129	9484	1583	2973	95,0,0,0,0,0	72128	908	395	42191	1098	0	50952,49198,48610,30433,30433,30433,30433	3	16	26204,16246,0,0,0,0,0	310	28438
166702	660	1526	981	511	533	156	91	16	6596	386	588	345	288	7	157	9007	1556	2902	96,0,0,0,0,0	71744	1125	411	42580	1122	0	51778,50053,49434,30833,30833,30833,30833	3	23	26209,16645,0,0,0,0,0	305	29338
166642	699	1519	986	501	504	157	92	18	6650	389	589	337	270	12	169	8870	1545	2913	96,0,0,0,0,0	47972	1045	484	43037	1152	0	52664,50973,50320,31283,31283,31283,31283	3	32	26221,17111,0,0,0,0,0	288	30157
166592	709	1496	952	496	517	156	90	17	6732	398	591	350	269	7	160	8976	1555	2861	96,0,0,0,0,0	47798	1078	448	43471	1167	0	53500,51840,51154,31701,31701,31701,31701	3	34	26229,17550,0,0,0,0,0	289	30998
166546	722	1500	937	473	519	149	88	17	6791	407	597	363	304	8	140	9151	1550	2838	97,0,0,0,0,0	47907	1088	467	43918	1189	0	54355,52728,52007,32128,32128,32128,32128	3	21	26241,17999,0,0,0,0,0	269	31851
166508	725	1463	959	478	526	150	87	18	6819	415	598	380	252	9	134	8786	1526	2862	97,0,0,0,0,0	48312	1051	466	44349	1226	0	55217,53623,52869,32559,32559,32559,32559	3	31	26248,18453,0,0,0,0,0	278	32637
166539	685	1458	976	495	505	147	83	19	6820	420	599	362	259	4	158	8719	1530	2819	97,0,0,0,0,0	47513	1077	436	44765	1248	0	56054,54497,53704,32941,32941,32941,32941	3	24	26253,18882,0,0,0,0,0	266	33453
166608	624	1440	996	455	493	148	84	20	6852	426	600	380	224	8	126	8445	1478	2762	97,0,0,0,0,0	71575	1100	373	45109	1280	0	56806,55287,54457,33264,33264,33264,33264	3	21	26255,19248,0,0,0,0,0	263	34288
166659	587	1374	991	444	464	152	87	21	6937	429	601	380	283	7	131	8411	1412	2687	98,0,0,0,0,0	71315	1357	353	45440	1306	0	57666,56178,55316,33633,33633,33633,33633	2	15	26260,19593,0,0,0,0,0	272	35299
166717	571	1309	992	426	484	152	94	20	6944	430	607	383	240	6	142	8182	1399	2629	98,0,0,0,0,0	47369	1366	359	45779	1327	0	58495,57042,56144,33987,33987,33987,33987	2	15	26266,19943,0,0,0,0,0	275	36360
166764	570	1277	965	432	481	143	96	20	6953	437	608	362	304	5	155	8311	1420	2544	97,0,0,0,0,0	47481	1367	386	46142	1351	0	59325,57911,56977,34353,34353,34353,34353	2	16	26276,20310,0,0,0,0,0	280	37380
166885	574	1253	928	427	441	139	93	22	6930	445	609	353	325	9	152	8551	1392	2463	98,0,0,0,0,0	47426	1394	356	46480	1372	0	60141,58768,57793,34674,34674,34674,34674	2	18	26281,20660,0,0,0,0,0	257	38462
166996	560	1245	914	406	417	143	85	27	6893	450	610	326	252	7	120	8441	1341	2429	98,0,0,0,0,0	39657	1357	364	46822	1394	0	60927,59595,58580,34983,34983,34983,34983	2	29	26283,21019,0,0,0,0,0	261	39466
167045	572	1223	917	408	403	146	83	23	6860	454	612	352	325	10	118	8504	1274	2478	98,0,0,0,0,0	39345	1380	399	47202	1417	0	61783,60488,59436,35356,35356,35356,35356	2	19	26286,21411,0,0,0,0,0	249	40469
167175	541	1146	883	391	398	145	73	28	6888	462	616	346	290	3	107	8457	1155	2422	98,0,0,0,0,0	42238	1414	297	47479	1438	0	62556,61295,60208,35648,35648,35648,35648	2	12	26287,21701,0,0,0,0,0	239	41513
167346	465	1133	846	389	378	134	67	25	6876	468	619	348	251	6	116	8264	1093	2319	98,0,0,0,0,0	41428	1100	267	47730	1456	0	63286,62065,60939,35888,35888,35888,35888	2	14	26289,21963,0,0,0,0,0	233	42310
167439	494	1107	837	381	363	125	62	25	6818	474	621	367	302	4	113	7788	1067	2302	98,0,0,0,0,0	39200	1069	357	48074	1472	0	64104,62924,61758,36210,36210,36210,36210	2	11	26291,22318,0,0,0,0,0	213	43115
167521	524	1087	809	370	326	120	61	23	6805	478	622	382	345	4	121	7666	1019	2278	98,0,0,0,0,0	38416	1124	336	48396	1489	0	64900,63757,62555,36524,36524,36524,36524	2	13	26295,22645,0,0,0,0,0	203	43896
167600	549	1057	776	354	332	111	55	25	6779	485	623	379	317	6	113	7833	987	2247	98,0,0,0,0,0	38559	1097	340	48720	1509	0	65706,64598,63361,36845,36845,36845,36845	2	20	26300,22980,0,0,0,0,0	188	44622
167774	487	1083	737	342	342	100	52	24	6691	488	626	376	246	3	103	7659	961	2182	98,0,0,0,0,0	38749	1137	277	48984	1523	0	66423,65355,64077,37073,37073,37073,37073	2	18	26301,23253,0,0,0,0,0	177	45405
167907	482	1071	726	324	341	100	54	25	6596	491	629	379	261	5	107	7426	942	2156	98,0,0,0,0,0	38703	1105	310	49272	1548	0	67164,66132,64818,37333,37333,37333,37333	2	21	26301,23555,0,0,0,0,0	168	46135
168137	452	1018	727	304	344	96	51	22	6469	496	630	380	296	7	91	6810	908	2084	99,0,0,0,0,0	40828	1071	244	49503	1561	0	67869,66877,65523,37535,37535,37535,37535	2	14	26301,23794,0,0,0,0,0	178	46860
168288	410	1008	730	278	320	97	51	23	6408	499	634	380	246	2	100	6751	861	2033	99,0,0,0,0,0	40448	926	250	49738	1576	0	68565,67608,66221,37759,37759,37759,37759	1	8	26302,24037,0,0,0,0,0	172	47495
168502	372	968	696	281	317	99	55	23	6295	500	638	385	262	2	106	6101	851	1937	99,0,0,0,0,0	31372	876	228	49959	1585	0	69251,68335,66909,37945,37945,37945,37945	1	15	26306,24260,0,0,0,0,0	181	48080
168640	392	909	701	298	300	92	50	21	6197	505	641	396	295	4	107	6484	864	1878	99,0,0,0,0,0	31049	902	270	50208	1606	0	69944,69066,67605,38173,38173,38173,38173	1	19	26307,24524,0,0,0,0,0	179	48678
168787	395	871	690	290	298	86	48	18	6111	508	644	400	282	1	103	6510	872	1806	99,0,0,0,0,0	31012	923	241	50438	1618	0	70601,69757,68263,38373,38373,38373,38373	1	11	26308,24762,0,0,0,0,0	161	49284
168961	374	858	682	281	293	89	44	17	5989	512	646	404	236	7	82	6609	833	1788	99,0,0,0,0,0	31415	929	232	50654	1634	0	71268,70461,68932,38567,38567,38567,38567	1	10	26308,24991,0,0,0,0,0	157	49900
169125	355	846	672	266	270	82	42	20	5906	515	647	434	291	4	78	6475	811	1722	99,0,0,0,0,0	26134	891	234	50877	1647	0	71940,71170,69608,38772,38772,38772,38772	1	9	26310,25222,0,0,0,0,0	146	50506
169310	341	787	664	265	264	80	41	18	5807	517	652	423	315	6	75	6269	776	1666	99,0,0,0,0,0	32213	880	198	51069	1655	0	72564,71829,70234,38939,38939,38939,38939	1	10	26312,25418,0,0,0,0,0	143	51080
169536	297	766	642	243	241	82	35	19	5708	522	655	445	306	9	66	6041	718	1588	99,0,0,0,0,0	32351	1241	176	51237	1663	0	73183,72483,70856,39081,39081,39081,39081	1	5	26312,25593,0,0,0,0,0	129	51986
169749	288	717	611	241	237	77	36	20	5588	524	658	444	259	1	85	6055	710	1497	99,0,0,0,0,0	25651	1313	190	51419	1672	0	73775,73112,71452,39214,39214,39214,39214	1	12	26314,25778,0,0,0,0,0	130	52916
169944	269	681	586	228	222	77	37	18	5497	525	662	457	311	1	52	5884	653	1447	99,0,0,0,0,0	25608	1236	182	51589	1685	0	74380,73753,72062,39361,39361,39361,39361	1	9	26314,25956,0,0,0,0,0	131	53816
170180	266	656	534	210	203	78	33	15	5376	531	664	448	253	4	62	5721	590	1390	99,0,0,0,0,0	25668	1221	170	51753	1693	0	74972,74382,72657,39482,39482,39482,39482	1	12	26315,26126,0,0,0,0,0	133	54677
170425	244	637	494	209	188	84	29	14	5221	536	665	456	238	2	57	5356	549	1336	99,0,0,0,0,0	25268	1270	152	51898	1703	0	75532,74980,73223,39591,39591,39591,39591	1	8	26317,26276,0,0,0,0,0	125	55574
170620	239	598	491	198	180	83	28	13	5091	537	668	462	226	4	66	4833	531	1286	99,0,0,0,0,0	24663	1234	156	52046	1713	0	76106,75588,73802,39722,39722,39722,39722	1	7	26317,26430,0,0,0,0,0	135	56476
170900	221	534	504	186	171	82	27	12	4900	540	669	447	278	3	54	4323	517	1208	99,0,0,0,0,0	28832	1164	115	52155	1719	0	76642,76163,74343,39801,39801,39801,39801	1	3	26317,26545,0,0,0,0,0	129	57302
171123	192	493	504	181	175	79	25	14	4750	541	669	456	257	3	48	4326	488	1161	99,0,0,0,0,0	28548	575	121	52264	1731	0	77361,76916,75071,39997,39997,39997,39997	1	9	26317,26662,0,0,0,0,0	128	57699
171327	195	456	479	169	167	74	24	12	4629	542	672	467	345	1	48	3892	467	1097	99,0,0,0,0,0	22717	635	134	52393	1736	0	78123,77711,75840,40218,40218,40218,40218	1	5	26317,26795,0,0,0,0,0	112	58130
171559	198	409	439	169	151	69	25	10	4499	543	675	461	244	4	48	3860	419	1041	99,0,0,0,0,0	22668	582	106	52491	1745	0	78831,78452,76556,40399,40399,40399,40399	0	3	26317,26899,0,0,0,0,0	109	58541
171784	185	404	399	145	135	66	24	9	4370	545	680	460	338	1	43	3945	403	955	99,0,0,0,0,0	22666	551	106	52595	1752	0	79550,79204,77282,40585,40585,40585,40585	0	1	26317,27007,0,0,0,0,0	98	58900
172003	181	388	366	126	131	58	22	8	4232	547	684	466	306	2	40	3669	365	907	99,0,0,0,0,0	22656	593	93	52683	1758	0	80247,79933,77988,40767,40767,40767,40767	0	10	26317,27098,0,0,0,0,0	98	59303
172240	159	391	349	119	123	50	20	8	4053	549	685	458	235	1	36	3535	350	861	99,0,0,0,0,0	22295	581	103	52775	1771	0	80956,80673,78705,40951,40951,40951,40951	0	5	26318,27193,0,0,0,0,0	86	59703
172428	147	359	341	125	111	43	14	8	3926	553	691	465	267	0	35	3411	318	822	99,0,0,0,0,0	27656	607	85	52859	1773	0	81640,81386,79398,41149,41149,41149,41149	0	4	26318,27277,0,0,0,0,0	72	60126
172640	125	335	348	117	101	41	12	9	3772	554	692	485	233	1	33	3224	295	784	99,0,0,0,0,0	27611	808	81	52933	1782	0	82058,81829,79821,41177,41177,41177,41177	0	6	26318,27356,0,0,0,0,0	67	60727
172855	118	316	335	113	92	37	11	7	3611	555	696	447	260	0	39	3104	285	737	99,0,0,0,0,0	16793	871	80	53006	1789	0	82486,82285,80254,41199,41199,41199,41199	0	4	26318,27433,0,0,0,0,0	61	61368
173019	117	311	312	99	100	35	10	7	3482	555	699	445	266	5	35	3046	261	723	99,0,0,0,0,0	16834	866	93	53097	1793	0	82924,82746,80700,41262,41262,41262,41262	0	8	26318,27526,0,0,0,0,0	58	61975
173206	125	312	276	96	95	33	7	11	3330	555	700	477	239	3	29	3151	257	687	99,0,0,0,0,0	16754	814	97	53188	1799	0	83324,83173,81107,41300,41300,41300,41300	0	8	26318,27623,0,0,0,0,0	52	62546
173359	123	309	247	87	87	30	6	12	3225	556	705	485	244	2	36	2905	238	651	99,0,0,0,0,0	16496	839	71	53257	1803	0	83741,83610,81531,41364,41364,41364,41364	0	4	26318,27694,0,0,0,0,0	54	63124
173508	121	282	255	85	85	29	7	12	3096	556	710	485	325	2	33	2791	233	631	100,0,0,0,0,0	16809	805	82	53332	1810	0	84144,84031,81941,41419,41419,41419,41419	0	6	26318,27773,0,0,0,0,0	51	63685
173697	114	264	258	86	75	24	8	10	2938	556	716	472	257	0	24	2651	218	611	100,0,0,0,0,0	27185	814	70	53397	1815	0	84545,84454,82348,41457,41457,41457,41457	0	2	26318,27842,0,0,0,0,0	47	64276
173854	111	244	254	77	77	23	7	8	2816	557	718	484	247	0	23	2616	220	573	100,0,0,0,0,0	27176	1053	59	53452	1820	0	84960,84887,82768,41498,41498,41498,41498	0	1	26318,27901,0,0,0,0,0	46	65059
173994	111	226	242	71	66	21	7	8	2724	557	719	473	98	0	22	2518	202	542	100,0,0,0,0,0	16188	1081	71	53516	1828	0	85386,85331,83200,41549,41549,41549,41549	0	4	26318,27972,0,0,0,0,0	39	65839
174106	104	225	223	76	52	21	7	7	2646	557	722	483	335	1	21	2396	184	524	100,0,0,0,0,0	16010	1092	69	53576	1837	0	85805,85765,83625,41609,41609,41609,41609	0	2	26318,28037,0,0,0,0,0	35	66634
174243	90	216	208	67	61	18	8	6	2545	557	727	492	260	0	17	2446	172	496	100,0,0,0,0,0	16060	1087	50	53624	1839	0	86204,86180,84030,41654,41654,41654,41654	0	3	26318,28086,0,0,0,0,0	35	67413
174373	82	203	195	65	64	13	8	5	2452	558	728	495	254	0	30	2149	178	452	100,0,0,0,0,0	15890	1057	47	53666	1844	0	86605,86597,84437,41697,41697,41697,41697	0	0	26318,28132,0,0,0,0,0	32	68178
174517	69	208	181	60	62	10	6	5	2338	559	731	513	272	0	17	1888	173	423	100,0,0,0,0,0	15430	1019	46	53708	1849	0	86994,87002,84831,41724,41724,41724,41724	0	4	26318,28177,0,0,0,0,0	24	68901
174638	76	193	178	55	57	10	5	6	2235	559	734	523	251	0	13	1823	160	414	100,0,0,0,0,0	21406	1105	60	53765	1852	0	87400,87423,85243,41779,41779,41779,41779	0	2	26318,28235,0,0,0,0,0	23	69694
174760	82	169	190	51	45	11	5	4	2134	559	736	536	255	0	15	1312	144	409	100,0,0,0,0,0	21017	352	51	53814	1854	0	87978,88016,85828,41914,41914,41914,41914	0	3	26318,28285,0,0,0,0,0	21	69926
174885	76	167	181	45	42	11	5	4	2032	559	739	549	286	0	14	1218	126	401	100,0,0,0,0,0	12081	351	44	53852	1860	0	88564,88620,86423,42053,42053,42053,42053	0	0	26318,28327,0,0,0,0,0	20	70166
174975	70	171	170	38	45	11	4	5	1957	559	741	577	243	0	8	1009	108	401	100,0,0,0,0,0	12054	344	51	53901	1862	0	89151,89218,87017,42203,42203,42203,42203	0	5	26318,28377,0,0,0,0,0	20	70397
175085	75	158	170	37	43	10	3	5	1855	560	745	537	268	1	20	1070	103	393	100,0,0,0,0,0	11803	337	48	53945	1867	0	89712,89793,87585,42333,42333,42333,42333	0	2	26318,28425,0,0,0,0,0	18	70614
175177	71	154	161	36	40	7	3	5	1782	560	750	521	90	0	8	1076	88	384	100,0,0,0,0,0	11838	347	45	53983	1875	0	90280,90372,88162,42480,42480,42480,42480	0	2	26318,28468,0,0,0,0,0	13	70846
175271	73	149	148	39	38	7	1	6	1700	561	753	521	265	1	13	955	87	368	100,0,0,0,0,0	11830	313	44	54022	1880	0	90831,90935,88719,42606,42606,42606,42606	0	2	26318,28511,0,0,0,0,0	12	71054
175366	77	144	134	36	40	6	1	5	1621	561	755	533	256	0	11	971	91	347	100,0,0,0,0,0	20192	352	37	54058	1881	0	91379,91494,89275,42741,42741,42741,42741	0	2	26318,28548,0,0,0,0,0	10	71286
175452	63	139	129	34	38	7	1	3	1558	561	761	550	91	0	13	847	83	328	100,0,0,0,0,0	20231	312	28	54085	1882	0	91535,91660,89435,42649,42649,42649,42649	0	3	26318,28576,0,0,0,0,0	10	71498
175560	62	125	119	37	36	8	0	3	1472	561	763	534	267	0	11	788	75	312	100,0,0,0,0,0	11517	352	33	54114	1886	0	91707,91843,89610,42555,42555,42555,42555	0	2	26318,28606,0,0,0,0,0	9	71747
175652	55	107	126	38	29	7	1	2	1401	561	767	560	99	0	15	790	74	289	100,0,0,0,0,0	11621	309	26	54140	1886	0	91867,92012,89773,42458,42458,42458,42458	0	1	26318,28632,0,0,0,0,0	10	71959
175743	56	103	112	32	35	6	1	1	1327	561	769	546	260	0	9	919	69	276	100,0,0,0,0,0	11618	332	32	54170	1888	0	92002,92157,89912,42354,42354,42354,42354	0	3	26318,28663,0,0,0,0,0	9	72187
175816	51	99	96	37	36	5	1	1	1272	561	771	563	163	0	14	866	69	256	100,0,0,0,0,0	11785	328	26	54193	1891	0	92159,92324,90073,42269,42269,42269,42269	0	2	26318,28689,0,0,0,0,0	8	72413
175890	49	95	96	29	26	5	1	1	1219	561	774	592	132	1	12	970	62	239	100,0,0,0,0,0	11791	338	26	54216	1894	0	92302,92476,90220,42173,42173,42173,42173	0	1	26318,28715,0,0,0,0,0	7	72634
175962	36	99	83	27	23	5	1	1	1171	561	777	569	91	0	7	960	54	220	100,0,0,0,0,0	20514	333	20	54235	1895	0	92462,92643,90384,42091,42091,42091,42091	0	1	26318,28734,0,0,0,0,0	8	72855
176025	31	83	91	28	27	5	2	1	1110	561	782	581	248	0	6	983	55	212	100,0,0,0,0,0	20437	136	16	54250	1896	0	92676,92864,90602,42036,42036,42036,42036	0	3	26318,28750,0,0,0,0,0	8	72942
176102	32	73	85	22	26	5	2	1	1050	561	787	574	83	0	11	1091	47	198	100,0,0,0,0,0	12063	140	20	54269	1897	0	92919,93115,90850,41992,41992,41992,41992	0	1	26318,28770,0,0,0,0,0	7	73047
176180	35	76	80	26	23	4	2	1	969	561	789	562	90	0	8	1082	52	194	100,0,0,0,0,0	11966	166	30	54296	1900	0	93140,93344,91076,41943,41943,41943,41943	0	1	26318,28800,0,0,0,0,0	8	73158
176237	33	74	70	27	16	6	2	1	926	561	793	571	5255	8	7	1102	49	179	100,0,0,0,0,0	11825	186	19	54312	1903	0	93352,93563,91294,41896,41896,41896,41896	0	4	26318,28818,0,0,0,0,0	8	73291
176280	28	71	67	23	16	6	2	1	894	561	797	601	2695	4	5	1134	53	160	100,0,0,0,0,0	12089	182	15	54326	1904	0	93566,93784,91515,41860,41860,41860,41860	0	0	26318,28833,0,0,0,0,0	9	73409
176333	22	70	66	22	13	4	2	1	854	561	798	596	1398	2	5	1069	51	148	100,0,0,0,0,0	12077	170	13	54338	1905	0	93770,93991,91723,41807,41807,41807,41807	0	0	26318,28846,0,0,0,0,0	7	73523
176386	22	67	63	20	12	3	3	0	810	561	799	621	826	1	3	869	53	137	100,0,0,0,0,0	20523	182	19	54356	1906	0	93985,94213,91943,41763,41763,41763,41763	0	0	26318,28864,0,0,0,0,0	5	73644
176432	22	54	64	21	11	2	3	0	774	561	802	616	449	1	3	801	50	127	100,0,0,0,0,0	20484	184	14	54370	1907	0	94216,94450,92181,41729,41729,41729,41729	0	1	26318,28878,0,0,0,0,0	5	73767
176480	23	48	57	21	12	3	3	0	733	561	805	635	2799	0	4	613	44	123	100,0,0,0,0,0	22021	173	10	54378	1909	0	94447,94686,92419,41697,41697,41697,41697	0	1	26318,28887,0,0,0,0,0	5	73895
176523	20	44	57	15	11	3	3	0	701	561	808	626	2691	1	6	655	42	111	100,0,0,0,0,0	22415	147	10	54387	1910	0	94693,94936,92671,41674,41674,41674,41674	0	1	26318,28896,0,0,0,0,0	6	73993
176564	14	46	52	14	5	3	2	0	675	562	809	663	2191	0	3	559	36	100	100,0,0,0,0,0	22349	166	9	54396	1910	0	94942,95189,92927,41657,41657,41657,41657	0	2	26318,28905,0,0,0,0,0	5	74105
176608	14	42	48	12	9	2	2	0	637	562	810	655	1449	1	3	571	31	98	100,0,0,0,0,0	22288	180	12	54407	1911	0	95175,95424,93166,41630,41630,41630,41630	0	0	26318,28916,0,0,0,0,0	4	74224
176648	8	37	48	10	8	2	2	0	608	562	813	643	990	1	1	505	27	88	100,0,0,0,0,0	22052	190	4	54411	1911	0	95389,95641,93387,41593,41593,41593,41593	0	2	26318,28920,0,0,0,0,0	4	74355
176676	8	36	40	10	6	2	2	0	585	562	819	665	1831	0	3	473	22	82	100,0,0,0,0,0	19981	159	11	54421	1912	0	95643,95898,93648,41587,41587,41587,41587	0	1	26318,28931,0,0,0,0,0	5	74456
176719	10	29	38	10	5	2	1	0	547	563	822	617	2341	2	1	393	17	78	100,0,0,0,0,0	19873	190	6	54427	1912	0	95671,95930,93678,41427,41427,41427,41427	0	0	26318,28937,0,0,0,0,0	4	74583
176750	7	29	28	9	6	2	1	0	526	563	825	621	2158	0	3	378	18	64	100,0,0,0,0,0	21794	163	7	54434	1912	0	95700,95961,93709,41269,41269,41269,41269	0	0	26318,28944,0,0,0,0,0	4	74691
176787	5	27	30	7	6	2	0	0	489	564	829	654	1970	0	5	391	19	58	100,0,0,0,0,0	21950	151	3	54437	1912	0	95712,95976,93723,41099,41099,41099,41099	0	1	26318,28947,0,0,0,0,0	2	74792
176820	7	19	31	4	6	1	0	0	463	564	831	644	1328	2	2	362	18	50	100,0,0,0,0,0	22182	188	3	54439	1913	0	95725,95992,93738,40936,40936,40936,40936	0	0	26318,28949,0,0,0,0,0	1	74911
176839	10	17	24	1	7	1	0	0	448	564	835	645	1602	1	0	279	17	43	100,0,0,0,0,0	22093	159	9	54448	1913	0	95754,96023,93770,40786,40786,40786,40786	0	1	26318,28958,0,0,0,0,0	1	75014
176860	6	18	22	2	8	1	0	0	425	564	840	631	2078	1	3	183	20	37	100,0,0,0,0,0	22076	167	4	54452	1913	0	95770,96041,93788,40627,40627,40627,40627	0	0	26318,28962,0,0,0,0,0	1	75127
176899	4	14	23	1	7	1	0	0	390	564	843	623	2061	0	0	161	18	32	100,0,0,0,0,0	19630	186	1	54453	1913	0	95782,96058,93803,40465,40465,40465,40465	0	0	26318,28963,0,0,0,0,0	1	75238
176925	4	9	23	5	5	0	0	0	363	564	848	646	1897	0	2	136	19	27	100,0,0,0,0,0	19687	96	2	54455	1913	0	95796,96073,93819,40302,40302,40302,40302	0	0	26318,28965,0,0,0,0,0	0	75305
176939	2	10	22	5	5	0	0	0	348	564	851	647	1645	0	2	128	20	24	100,0,0,0,0,0	21675	130	2	54457	1913	0	95813,96092,93838,40144,40144,40144,40144	0	0	26318,28967,0,0,0,0,0	0	75382
176960	2	14	18	5	2	0	0	0	327	564	854	612	1667	0	1	121	18	23	100,0,0,0,0,0	21971	107	6	54463	1913	0	95815,96096,93842,39976,39976,39976,39976	0	0	26318,28973,0,0,0,0,0	0	75447
176975	5	11	15	3	3	0	0	0	312	564	858	639	1942	0	1	136	15	22	100,0,0,0,0,0	21683	110	3	54466	1913	0	95834,96116,93863,39821,39821,39821,39821	0	0	26318,28976,0,0,0,0,0	0	75522
176989	4	10	11	2	2	1	0	0	292	564	871	620	1962	0	1	181	11	19	100,0,0,0,0,0	21911	112	0	54466	1913	0	95847,96131,93878,39665,39665,39665,39665	0	0	26318,28976,0,0,0,0,0	0	75597
177013	4	8	8	2	4	1	0	0	270	564	872	605	1948	0	0	166	10	17	100,0,0,0,0,0	21837	102	3	54469	1913	0	95858,96144,93892,39505,39505,39505,39505	0	0	26318,28979,0,0,0,0,0	1	75658
177028	3	8	9	2	3	1	0	0	253	564	875	626	1749	0	1	170	9	17	100,0,0,0,0,0	19618	98	1	54470	1913	0	95870,96159,93907,39351,39351,39351,39351	0	0	26318,28980,0,0,0,0,0	1	75721
177057	2	6	8	2	3	1	0	0	224	564	879	621	1879	0	3	171	10	12	100,0,0,0,0,0	19608	93	0	54470	1913	0	95807,96098,93845,39142,39142,39142,39142	0	0	26318,28980,0,0,0,0,0	1	75775
177070	4	5	6	3	2	1	0	0	210	564	881	632	1685	0	0	137	6	15	100,0,0,0,0,0	22060	85	3	54472	1914	0	95753,96045,93791,38936,38936,38936,38936	0	0	26318,28982,0,0,0,0,0	1	75826
177081	4	2	7	4	2	2	1	0	193	564	886	632	1864	0	0	137	6	16	100,0,0,0,0,0	21763	102	1	54473	1914	0	95701,95994,93740,38737,38737,38737,38737	0	0	26318,28983,0,0,0,0,0	1	75878
177096	2	5	7	3	1	1	1	0	179	564	887	620	1893	0	2	131	5	15	100,0,0,0,0,0	21730	93	0	54474	1914	0	95659,95952,93699,38541,38541,38541,38541	0	0	26318,28984,0,0,0,0,0	2	75941
177100	3	6	3	2	1	0	1	0	176	564	890	617	1866	0	1	122	5	11	100,0,0,0,0,0	21664	90	3	54477	1914	0	95616,95911,93658,38354,38354,38354,38354	0	0	26318,28987,0,0,0,0,0	1	75993
177117	2	7	4	1	1	0	1	0	157	564	892	617	1777	0	0	133	4	12	100,0,0,0,0,0	21808	89	1	54478	1914	0	95560,95856,93603,38151,38151,38151,38151	0	0	26318,28988,0,0,0,0,0	1	76040
177131	0	8	3	1	2	0	1	0	143	564	893	640	1739	0	0	38	4	11	100,0,0,0,0,0	19546	68	0	54478	1914	0	95509,95806,93553,37955,37955,37955,37955	0	0	26318,28988,0,0,0,0,0	1	76076
177146	1	8	4	1	1	0	1	0	125	564	895	636	1833	0	0	36	3	13	100,0,0,0,0,0	19491	78	2	54480	1914	0	95457,95755,93502,37762,37762,37762,37762	0	0	26318,28990,0,0,0,0,0	1	76124
177155	4	6	6	1	1	0	1	0	110	564	898	638	1877	0	0	36	3	16	100,0,0,0,0,0	21824	68	3	54483	1914	0	95401,95700,93447,37561,37561,37561,37561	0	0	26318,28993,0,0,0,0,0	1	76166
177163	4	4	6	1	2	0	1	0	101	564	900	637	1827	0	0	32	3	15	100,0,0,0,0,0	21680	69	0	54483	1914	0	95336,95635,93383,37358,37358,37358,37358	0	0	26318,28993,0,0,0,0,0	1	76216
177166	4	3	7	1	3	0	1	0	91	564	906	653	1812	0	0	24	3	16	100,0,0,0,0,0	21710	70	2	54485	1914	0	95282,95582,93330,37166,37166,37166,37166	0	0	26318,28995,0,0,0,0,0	1	76255
177174	1	3	9	0	3	0	1	0	78	564	913	645	1775	0	1	25	3	14	100,0,0,0,0,0	21747	76	0	54485	1914	0	95227,95528,93277,36972,36972,36972,36972	0	0	26318,28995,0,0,0,0,0	1	76303
177171	1	5	8	0	3	0	1	0	72	564	921	627	1865	0	1	27	4	14	100,0,0,0,0,0	21576	77	2	54487	1914	0	95177,95479,93229,36787,36787,36787,36787	0	0	26318,28997,0,0,0,0,0	1	76351
177175	0	4	6	0	2	0	1	0	69	564	925	649	1844	0	0	23	2	11	100,0,0,0,0,0	19593	67	0	54487	1914	0	95110,95412,93163,36592,36592,36592,36592	0	0	26318,28997,0,0,0,0,0	1	76385
177174	0	4	5	0	2	0	0	1	64	564	932	661	1798	0	0	7	2	9	100,0,0,0,0,0	19520	81	0	54487	1914	0	95061,95362,93114,36414,36414,36414,36414	0	0	26318,28997,0,0,0,0,0	0	76432
177175	0	4	3	0	2	0	0	1	61	564	936	648	1788	0	0	7	2	7	100,0,0,0,0,0	21679	66	0	54487	1914	0	94994,95295,93049,36220,36220,36220,36220	0	0	26318,28997,0,0,0,0,0	0	76471
177174	0	6	2	0	1	0	0	1	60	564	938	656	1822	0	0	7	1	8	100,0,0,0,0,0	21763	75	2	54489	1914	0	94929,95230,92985,36031,36031,36031,36031	0	0	26318,28999,0,0,0,0,0	0	76507
177178	0	3	4	1	0	0	0	1	55	564	940	669	1836	0	0	7	0	8	100,0,0,0,0,0	21627	82	0	54489	1914	0	94866,95167,92924,35846,35846,35846,35846	0	0	26318,28999,0,0,0,0,0	0	76543
177180	0	3	3	1	0	0	0	0	50	564	945	648	1830	0	1	8	1	6	100,0,0,0,0,0	21655	71	0	54489	1914	0	94802,95103,92860,35658,35658,35658,35658	0	0	26318,28999,0,0,0,0,0	0	76582
177176	0	0	3	1	1	0	0	0	50	564	951	649	1786	0	0	9	1	4	100,0,0,0,0,0	21714	78	0	54489	1914	0	94743,95043,92802,35475,35475,35475,35475	0	0	26318,28999,0,0,0,0,0	0	76629
177175	0	2	2	1	1	0	0	0	48	564	953	625	1810	0	1	12	3	3	100,0,0,0,0,0	19630	87	2	54491	1914	0	94681,94980,92742,35297,35297,35297,35297	0	0	26318,29001,0,0,0,0,0	0	76680
177177	0	2	1	1	1	0	0	0	44	564	956	618	1828	0	0	10	3	2	100,0,0,0,0,0	19517	70	0	54491	1914	0	94600,94899,92661,35106,35106,35106,35106	0	0	26318,29001,0,0,0,0,0	0	76718
177171	0	2	0	0	1	0	0	0	44	564	964	622	1833	0	0	6	2	1	100,0,0,0,0,0	21852	68	0	54491	1914	0	94522,94821,92585,34923,34923,34923,34923	0	0	26318,29001,0,0,0,0,0	0	76755
177167	0	2	0	0	1	0	0	0	42	564	970	622	1781	0	0	7	2	1	100,0,0,0,0,0	21598	69	0	54491	1914	0	94440,94738,92503,34737,34737,34737,34737	0	0	26318,29001,0,0,0,0,0	0	76794
177167	1	1	1	0	1	0	0	0	39	564	972	593	1809	0	0	8	3	1	100,0,0,0,0,0	21486	76	1	54492	1914	0	94358,94656,92422,34549,34549,34549,34549	0	0	26318,29002,0,0,0,0,0	0	76826
177169	1	1	1	0	1	0	0	0	34	564	975	586	1756	0	0	8	3	1	100,0,0,0,0,0	21548	69	0	54492	1914	0	94276,94574,92341,34362,34362,34362,34362	0	0	26318,29002,0,0,0,0,0	0	76864
177169	0	1	2	0	1	0	0	0	31	564	978	597	1823	0	0	8	3	1	100,0,0,0,0,0	21524	69	0	54492	1914	0	94193,94491,92258,34174,34174,34174,34174	0	0	26318,29002,0,0,0,0,0	0	76896
177169	0	1	1	0	1	0	0	0	31	564	979	602	1851	0	0	8	2	1	100,0,0,0,0,0	19474	75	0	54492	1914	0	94114,94411,92180,33990,33990,33990,33990	0	0	26318,29002,0,0,0,0,0	0	76936
177158	1	0	1	1	1	0	0	0	30	564	990	566	1781	0	0	4	2	2	100,0,0,0,0,0	19694	70	1	54493	1914	0	94030,94327,92097,33824,33824,33824,33824	0	0	26318,29003,0,0,0,0,0	0	76974
177154	1	0	1	1	1	0	0	0	28	564	996	567	1818	0	0	4	2	2	100,0,0,0,0,0	21613	61	0	54493	1914	0	93938,94235,92006,33642,33642,33642,33642	0	0	26318,29003,0,0,0,0,0	0	77003
177150	1	0	1	1	1	0	0	0	28	564	1000	554	1778	0	0	3	2	2	100,0,0,0,0,0	21509	193	0	54493	1914	123	93850,94146,91919,33469,33469,33469,33469	0	0	26318,29003,0,0,0,0,0	0	77041
177152	1	0	1	1	1	0	0	0	23	564	1003	532	1804	0	0	4	2	2	100,0,0,0,0,0	21468	189	0	54493	1914	252	93789,94085,91859,33349,33349,33349,33349	0	0	26318,29003,0,0,0,0,0	0	77082
177129	11	16	0	1	0	0	0	0	20	564	1005	525	1850	0	0	4	1	27	7,92,0,0,0,0	21501	193	0	54516	1917	384	93750,94045,91820,33261,33261,33261,33261	0	0	26318,29003,26,0,0,0,0	0	77103
177096	24	27	3	3	1	0	0	0	18	564	1010	528	1787	1	0	4	1	57	3,96,0,0,0,0	21531	179	0	54540	1923	512	93705,94000,91777,33179,33179,33179,33179	0	0	26318,29003,56,0,0,0,0	0	77120
177061	28	45	4	5	5	0	0	0	21	564	1013	533	1782	1	0	5	0	87	1,98,0,0,0,0	19616	191	3	54563	1932	644	93662,93956,91735,33093,33093,33093,33093	0	0	26318,29003,88,0,0,0,0	0	77142
177010	43	75	10	4	3	0	0	0	21	564	1016	530	1751	2	5	16	4	131	0,99,0,0,0,0	19528	201	5	54604	1943	778	93636,93930,91711,33038,33038,33038,33038	0	0	26318,29003,140,0,0,0,0	0	77163
176963	55	87	21	7	4	0	0	0	26	564	1019	553	1820	2	1	52	7	167	0,99,0,0,0,0	21674	193	11	54643	1949	899	93599,93892,91674,32968,32968,32968,32968	0	2	26318,29003,185,0,0,0,0	0	77184
176915	61	98	36	10	4	0	0	0	35	564	1023	548	1875	1	2	59	9	200	0,99,0,0,0,0	21618	252	11	54684	1952	1082	93566,93859,91642,32897,32897,32897,32897	0	1	26318,29003,229,0,0,0,0	0	77197
176898	45	99	40	16	11	1	0	0	46	564	1026	560	1795	4	4	70	13	199	0,100,0,0,0,0	21526	275	14	54697	1953	1287	93524,93817,91602,32832,32832,32832,32832	0	1	26318,29003,243,0,0,0,0	0	77230
176876	38	97	47	20	11	3	0	0	59	564	1031	559	1760	1	5	111	20	196	0,100,0,0,0,0	21746	259	22	54718	1954	1476	93497,93789,91575,32784,32784,32784,32784	0	1	26318,29003,265,0,0,0,0	1	77262
176849	39	97	51	20	17	1	0	0	75	564	1033	558	1816	1	8	156	25	200	0,100,0,0,0,0	21835	274	26	54743	1955	1669	93462,93754,91541,32725,32725,32725,32725	0	1	26318,29003,291,0,0,0,0	1	77293
176831	36	88	57	20	20	1	3	0	88	564	1038	565	1799	2	6	206	32	193	0,100,0,0,0,0	19524	251	19	54762	1956	1865	93424,93716,91505,32667,32667,32667,32667	0	0	26318,29003,311,0,0,0,0	1	77324
176807	38	91	56	17	18	1	4	0	111	564	1039	535	1998	0	6	218	33	192	0,100,0,0,0,0	19703	254	28	54788	1958	2048	93401,93693,91484,32634,32634,32634,32634	0	0	26318,29003,339,0,0,0,0	4	77359
176782	40	94	56	16	16	3	4	0	128	564	1043	534	1933	0	12	248	49	180	0,100,0,0,0,0	21773	258	26	54810	1962	2250	93370,93661,91455,32592,32592,32592,32592	0	1	26318,29003,365,0,0,0,0	5	77379
176759	38	88	60	17	15	3	5	0	150	564	1047	542	1907	0	7	325	51	175	0,100,0,0,0,0	21760	236	26	54835	1963	2410	93339,93630,91425,32558,32558,32558,32558	0	3	26318,29003,391,0,0,0,0	9	77395
176748	33	85	57	21	17	3	5	0	165	564	1048	546	1959	0	6	294	52	169	0,100,0,0,0,0	21776	205	17	54850	1965	2552	93295,93584,91382,32494,32494,32494,32494	0	2	26318,29003,408,0,0,0,0	10	77423
176742	30	66	65	26	19	5	5	0	171	564	1053	571	1993	2	4	462	49	167	0,100,0,0,0,0	21996	248	12	54862	1965	2741	93245,93533,91334,32416,32416,32416,32416	0	1	26318,29003,420,0,0,0,0	10	77447
176736	21	67	59	26	22	6	5	0	184	564	1056	578	1800	2	6	497	49	157	0,100,0,0,0,0	22059	252	11	54873	1965	2931	93209,93497,91299,32366,32366,32366,32366	0	0	26318,29003,431,0,0,0,0	14	77481
176720	25	54	59	26	24	3	5	0	206	564	1060	588	1919	2	12	531	57	139	0,100,0,0,0,0	20156	228	17	54889	1966	3102	93177,93464,91269,32325,32325,32325,32325	0	2	26318,29003,448,0,0,0,0	13	77500
176717	29	48	55	24	22	3	5	0	219	564	1060	592	1899	0	8	656	54	132	0,100,0,0,0,0	20118	243	14	54903	1966	3254	93135,93421,91228,32280,32280,32280,32280	0	1	26318,29003,462,0,0,0,0	13	77536
176720	22	45	51	18	16	6	4	0	234	566	1064	588	1838	0	9	639	47	115	0,100,0,0,0,0	22209	247	6	54908	1967	3420	93074,93359,91169,32206,32206,32206,32206	0	0	26318,29003,468,0,0,0,0	9	77572
176717	20	45	48	18	15	6	3	0	240	567	1067	578	1846	3	8	645	46	109	0,100,0,0,0,0	22177	360	14	54921	1968	3698	93023,93308,91120,32147,32147,32147,32147	0	0	26318,29003,482,0,0,0,0	15	77600
176721	17	44	43	15	15	5	4	0	247	567	1068	578	2097	1	8	740	47	96	0,100,0,0,0,0	22091	350	9	54929	1969	3948	92996,93281,91096,32148,32148,32148,32148	0	1	26318,29003,491,0,0,0,0	14	77649
176709	22	39	33	15	17	5	2	1	262	568	1073	602	1768	1	6	688	44	89	0,100,0,0,0,0	22266	359	15	54943	1970	4226	92969,93253,91070,32139,32139,32139,32139	0	2	26318,29003,506,0,0,0,0	13	77683
176712	19	34	36	14	18	5	2	1	260	568	1077	628	1750	3	5	716	51	77	0,100,0,0,0,0	22261	348	6	54949	1970	4500	92943,93226,91046,32138,32138,32138,32138	0	2	26318,29003,512,0,0,0,0	14	77723
176712	20	30	41	13	13	5	1	1	257	569	1084	604	1755	3	3	556	47	76	0,100,0,0,0,0	20094	339	12	54960	1971	4760	92921,93203,91027,32141,32141,32141,32141	0	2	26318,29003,523,0,0,0,0	13	77757
176709	21	34	32	10	12	6	1	0	267	569	1085	590	1813	2	5	528	43	73	0,100,0,0,0,0	20136	473	12	54971	1972	5044	92902,93183,91009,32159,32159,32159,32159	0	1	26318,29003,535,0,0,0,0	13	77855
176713	20	32	25	11	11	6	1	0	268	570	1089	625	1876	3	2	524	38	68	0,100,0,0,0,0	22031	494	7	54976	1974	5331	92877,93158,90986,32175,32175,32175,32175	0	1	26318,29003,542,0,0,0,0	14	77962
176711	20	31	24	16	10	4	1	0	266	570	1093	621	1819	0	2	337	33	73	0,100,0,0,0,0	10721	511	10	54984	1976	5637	92853,93133,90964,32188,32188,32188,32188	0	0	26318,29003,552,0,0,0,0	14	78061
176711	15	37	17	14	14	3	2	0	263	570	1100	622	1809	2	3	324	35	67	0,100,0,0,0,0	10417	494	9	54993	1976	5945	92846,93125,90959,32218,32218,32218,32218	0	0	26318,29003,561,0,0,0,0	12	78148
176718	9	35	21	15	15	3	2	0	255	570	1103	641	1813	1	4	313	35	65	0,100,0,0,0,0	10431	512	8	55001	1976	6243	92831,93109,90946,32245,32245,32245,32245	0	2	26318,29003,569,0,0,0,0	11	78256
176719	11	29	25	15	12	2	2	0	254	570	1107	653	1770	0	3	211	35	61	0,100,0,0,0,0	10402	483	6	55005	1978	6538	92813,93090,90930,32268,32268,32268,32268	0	0	26318,29003,575,0,0,0,0	8	78349
176726	11	30	21	10	11	2	2	1	254	570	1108	654	1808	3	2	194	28	59	0,100,0,0,0,0	19670	512	8	55012	1979	6842	92793,93069,90913,32287,32287,32287,32287	0	0	26318,29003,583,0,0,0,0	6	78452
176724	10	25	26	11	12	1	2	1	252	570	1112	680	1807	0	4	163	30	57	0,100,0,0,0,0	19630	408	10	55019	1982	7169	92807,93082,90929,32346,32346,32346,32346	0	1	26318,29003,593,0,0,0,0	7	78483
176724	12	21	27	12	14	1	1	1	246	571	1116	689	1839	0	1	151	27	61	0,100,0,0,0,0	10398	418	9	55024	1986	7486	92827,93102,90951,32412,32412,32412,32412	0	0	26318,29003,601,0,0,0,0	5	78528
176728	11	27	22	10	12	1	1	1	240	571	1122	696	1946	1	6	179	32	52	0,100,0,0,0,0	10360	371	9	55030	1989	7757	92839,93113,90966,32467,32467,32467,32467	0	1	26318,29003,609,0,0,0,0	5	78577
176727	13	28	19	8	12	2	1	1	238	571	1126	715	1870	0	1	242	31	52	0,100,0,0,0,0	10509	377	8	55037	1991	8041	92839,93112,90968,32498,32498,32498,32498	0	1	26318,29003,618,0,0,0,0	5	78625
176732	14	30	18	8	9	2	1	1	231	571	1129	722	1919	1	2	240	28	54	0,100,0,0,0,0	10468	370	9	55044	1993	8317	92850,93122,90981,32539,32539,32539,32539	0	0	26318,29003,627,0,0,0,0	5	78665
176728	19	23	22	6	9	3	1	1	231	571	1132	720	1846	2	5	242	26	57	0,100,0,0,0,0	10459	374	10	55049	1998	8601	92854,93124,90987,32575,32575,32575,32575	0	2	26318,29003,637,0,0,0,0	6	78713
176729	18	24	21	8	9	3	1	1	226	571	1135	719	1839	3	0	275	27	57	0,100,0,0,0,0	19641	359	9	55056	2000	8870	92863,93134,90998,32618,32618,32618,32618	0	1	26318,29003,645,0,0,0,0	7	78759
176731	16	29	15	9	7	3	1	1	225	571	1138	714	1799	0	0	265	21	59	0,100,0,0,0,0	19709	311	9	55064	2001	9131	92842,93112,90979,32648,32648,32648,32648	0	3	26318,29003,654,0,0,0,0	6	78779
176725	16	33	15	6	9	3	0	1	222	572	1144	710	1811	0	2	233	21	61	0,100,0,0,0,0	10424	339	13	55075	2003	9421	92827,93096,90966,32680,32680,32680,32680	0	1	26318,29003,667,0,0,0,0	4	78798
176719	17	46	11	6	9	3	0	1	213	572	1149	710	1828	1	4	245	26	66	0,100,0,0,0,0	10479	294	17	55087	2008	9675	92821,93090,90963,32730,32730,32730,32730	0	4	26318,29003,684,0,0,0,0	5	78810
176723	17	46	11	3	11	3	0	1	207	572	1152	723	1943	1	4	290	27	64	0,100,0,0,0,0	10453	296	9	55095	2009	9916	92803,93071,90947,32752,32752,32752,32752	0	0	26318,29003,693,0,0,0,0	5	78837
176716	15	46	17	3	10	3	0	1	204	572	1159	755	1821	2	3	299	28	66	0,100,0,0,0,0	10430	329	12	55105	2011	10191	92779,93046,90926,32769,32769,32769,32769	0	1	26318,29003,705,0,0,0,0	6	78863
176703	28	42	20	5	8	3	0	0	199	572	1166	733	1866	2	1	175	29	77	0,100,0,0,0,0	10477	313	19	55121	2014	10457	92775,93042,90924,32815,32815,32815,32815	0	2	26318,29003,724,0,0,0,0	5	78891
176697	29	47	20	8	9	2	0	0	195	572	1167	766	1800	1	3	178	33	82	0,100,0,0,0,0	19572	338	18	55132	2021	10736	92760,93027,90911,32849,32849,32849,32849	0	4	26318,29003,741,0,0,0,0	3	78925
176699	24	45	24	11	11	1	0	0	186	572	1173	765	1850	4	2	189	35	81	0,100,0,0,0,0	19780	312	8	55139	2022	10999	92745,93010,90899,32906,32906,32906,32906	0	0	26318,29003,749,0,0,0,0	4	78957
176690	21	54	22	12	16	1	0	0	183	572	1175	772	1832	4	3	148	35	91	0,100,0,0,0,0	10341	345	20	55154	2027	11283	92728,92992,90883,32953,32953,32953,32953	0	1	26318,29003,769,0,0,0,0	3	78996
176677	19	62	28	15	10	1	1	0	186	572	1175	783	1857	0	5	161	40	96	0,100,0,0,0,0	10440	264	20	55174	2027	11502	92713,92976,90871,33009,33009,33009,33009	0	3	26318,29003,789,0,0,0,0	3	79019
176653	23	65	31	13	14	1	1	0	192	572	1181	773	1797	3	4	201	42	106	0,100,0,0,0,0	10515	328	25	55195	2031	11782	92703,92965,90863,33053,33053,33053,33053	0	0	26318,29003,814,0,0,0,0	4	79042
176634	30	70	32	18	14	1	0	1	189	572	1185	750	1866	1	4	211	43	122	0,100,0,0,0,0	10458	321	31	55221	2036	12061	92701,92962,90863,33118,33118,33118,33118	0	3	26318,29003,844,0,0,0,0	2	79056
176621	34	66	41	18	12	2	0	1	188	572	1191	794	1826	1	2	209	43	130	0,100,0,0,0,0	10432	288	21	55239	2039	12299	92697,92958,90862,33178,33178,33178,33178	0	0	26318,29003,865,0,0,0,0	2	79080
176603	41	67	35	17	11	2	1	0	199	572	1198	766	1971	2	4	193	34	140	0,100,0,0,0,0	19880	271	24	55261	2041	12523	92688,92948,90854,33223,33223,33223,33223	0	1	26318,29003,889,0,0,0,0	4	79101
176592	40	63	43	20	8	2	1	0	205	572	1200	786	1874	3	7	195	35	142	0,100,0,0,0,0	19727	325	20	55280	2042	12787	92698,92956,90867,33288,33288,33288,33288	0	1	26318,29003,909,0,0,0,0	6	79128
176578	41	70	47	22	6	3	1	0	203	572	1203	780	1857	0	5	236	47	143	0,100,0,0,0,0	10424	303	27	55302	2047	13044	92728,92984,90901,33375,33375,33375,33375	0	0	26318,29003,936,0,0,0,0	5	79154
176553	48	73	47	25	11	3	1	0	206	572	1207	785	2015	1	5	253	53	155	0,100,0,0,0,0	10529	258	33	55332	2050	13258	92758,93011,90933,33469,33469,33469,33469	0	1	26318,29003,969,0,0,0,0	4	79170
176514	52	86	48	20	16	4	1	0	218	572	1215	782	1873	1	9	301	63	164	0,100,0,0,0,0	10504	271	41	55368	2055	13480	92780,93031,90958,33554,33554,33554,33554	0	0	26318,29003,1009,0,0,0,0	3	79186
176485	54	92	56	22	19	4	1	0	221	572	1220	788	1742	0	5	389	67	181	0,100,0,0,0,0	10589	278	36	55404	2055	13717	92804,93052,90985,33631,33631,33631,33631	0	0	26318,29003,1045,0,0,0,0	5	79195
176460	55	93	66	27	19	3	1	0	228	572	1222	796	2063	0	8	441	70	194	0,100,0,0,0,0	10649	274	35	55435	2059	13951	92823,93069,91007,33708,33708,33708,33708	0	0	26318,29003,1080,0,0,0,0	4	79214
176434	60	111	58	30	18	3	1	0	234	572	1225	776	1809	1	3	456	65	216	0,100,0,0,0,0	19919	292	41	55473	2062	14200	92857,93101,91044,33798,33798,33798,33798	0	5	26318,29003,1121,0,0,0,0	4	79223
176411	59	121	65	27	19	3	1	0	239	572	1229	764	1809	0	2	443	58	237	0,100,0,0,0,0	20150	272	32	55502	2065	14430	92853,93096,91043,33867,33867,33867,33867	0	1	26318,29003,1153,0,0,0,0	5	79241
176372	64	125	69	27	23	3	2	0	253	572	1236	764	1870	2	13	513	63	250	0,100,0,0,0,0	10577	296	50	55545	2072	14690	92860,93101,91052,33946,33946,33946,33946	0	7	26318,29003,1202,0,0,0,0	6	79240
176342	77	124	74	22	29	5	2	0	260	572	1239	769	1934	5	11	607	68	265	0,100,0,0,0,0	10913	304	50	55592	2075	14946	92877,93116,91072,34034,34034,34034,34034	0	3	26318,29003,1252,0,0,0,0	7	79254
176307	77	129	77	29	29	4	2	0	278	572	1242	775	1895	2	9	766	75	272	0,100,0,0,0,0	10915	278	46	55634	2079	15194	92894,93132,91091,34120,34120,34120,34120	0	1	26318,29003,1298,0,0,0,0	9	79255
176257	74	154	77	41	28	3	1	0	292	573	1246	764	1921	1	10	818	83	295	0,100,0,0,0,0	11045	297	62	55688	2087	15440	92919,93156,91118,34216,34216,34216,34216	0	3	26318,29003,1359,0,0,0,0	8	79270
176198	89	163	91	40	30	1	1	0	306	573	1254	758	1956	4	8	856	76	339	0,100,0,0,0,0	11130	272	72	55751	2096	15683	92946,93182,91149,34311,34311,34311,34311	0	4	26318,29003,1431,0,0,0,0	7	79267
176141	113	163	99	42	38	2	2	0	313	573	1260	746	1812	8	8	767	82	377	0,100,0,0,0,0	20274	277	76	55822	2101	15930	92980,93216,91186,34418,34418,34418,34418	0	6	26318,29003,1507,0,0,0,0	5	79257
176102	106	162	112	44	43	2	2	0	335	573	1265	737	1972	4	15	780	97	374	0,100,0,0,0,0	20408	270	54	55870	2107	16170	92988,93222,91196,34512,34512,34512,34512	0	1	26318,29003,1561,0,0,0,0	7	79251
176061	110	181	106	43	38	2	4	0	360	573	1268	710	1985	1	18	822	106	378	0,100,0,0,0,0	10993	287	63	55930	2111	16428	92994,93228,91205,34599,34599,34599,34599	0	1	26318,29003,1625,0,0,0,0	5	79243
176006	109	201	113	52	39	2	5	0	374	573	1272	719	1800	4	18	873	122	399	0,100,0,0,0,0	11090	315	73	55997	2118	16704	93023,93255,91236,34717,34717,34717,34717	0	4	26318,29003,1699,0,0,0,0	6	79238
175948	113	224	121	51	43	2	5	0	392	573	1274	749	1848	1	9	935	125	434	0,100,0,0,0,0	11013	321	78	56066	2127	16981	93055,93287,91271,34844,34844,34844,34844	0	1	26318,29003,1776,0,0,0,0	10	79232
175859	133	238	138	48	45	4	4	1	418	573	1285	729	2025	5	14	879	127	483	0,100,0,0,0,0	11306	287	97	56155	2135	17233	93111,93343,91330,34995,34995,34995,34995	0	6	26318,29003,1872,0,0,0,0	14	79222
175782	141	260	140	54	54	3	5	1	442	574	1290	747	1801	3	14	775	133	524	0,100,0,0,0,0	11145	317	101	56246	2146	17519	93149,93381,91372,35119,35119,35119,35119	0	3	26318,29003,1973,0,0,0,0	11	79208
175712	151	282	149	56	52	5	5	1	463	575	1295	707	1957	4	12	696	121	579	0,100,0,0,0,0	20110	308	102	56338	2158	17784	93203,93435,91430,35265,35265,35265,35265	0	1	26318,29003,2076,0,0,0,0	13	79195
175640	140	287	167	61	64	5	5	1	501	575	1300	711	1910	4	20	680	123	606	0,100,0,0,0,0	20064	276	89	56420	2165	18019	93236,93468,91465,35392,35392,35392,35392	0	4	26318,29003,2164,0,0,0,0	17	79176
175553	153	296	177	68	73	4	4	1	538	576	1303	710	2063	4	20	912	131	644	0,100,0,0,0,0	10986	302	115	56525	2175	18272	93287,93519,91520,35529,35529,35529,35529	0	6	26318,29003,2279,0,0,0,0	14	79156
175446	176	303	191	78	78	7	4	1	579	576	1307	745	1946	6	27	927	140	697	0,100,0,0,0,0	11118	325	139	56652	2187	18555	93355,93587,91592,35694,35694,35694,35694	0	7	26318,29003,2418,0,0,0,0	16	79123
175342	184	345	187	76	77	9	5	1	637	576	1307	723	2057	5	28	1240	145	738	0,100,0,0,0,0	11312	318	129	56770	2201	18837	93427,93659,91668,35861,35861,35861,35861	0	4	26318,29003,2550,0,0,0,0	20	79095
175221	208	390	192	90	67	9	8	1	670	577	1313	709	2014	6	26	1488	168	796	0,100,0,0,0,0	11648	302	149	56909	2215	19096	93517,93749,91763,36051,36051,36051,36051	0	8	26318,29003,2703,0,0,0,0	19	79064
175080	242	405	213	88	76	8	9	0	727	578	1320	727	1910	6	28	1538	185	856	0,100,0,0,0,0	11863	316	176	57057	2244	19366	93611,93844,91863,36247,36247,36247,36247	0	10	26318,29003,2876,0,0,0,0	20	79031
174962	229	457	230	95	76	10	9	0	778	578	1322	708	1870	5	29	1650	214	892	0,100,0,0,0,0	21048	316	155	57194	2266	19640	93693,93928,91951,36431,36431,36431,36431	0	15	26318,29003,3034,0,0,0,0	23	78984
174846	233	494	252	108	90	11	10	0	796	578	1328	698	1976	11	32	1845	249	949	0,100,0,0,0,0	21243	331	164	57332	2294	19928	93776,94010,92040,36620,36620,36620,36620	0	13	26318,29003,3199,0,0,0,0	27	78936
174676	284	519	257	112	88	14	8	1	875	579	1333	714	2062	24	41	2200	272	1010	0,100,0,0,0,0	22653	299	210	57515	2323	20184	93897,94131,92166,36866,36866,36866,36866	1	18	26318,29003,3408,0,0,0,0	26	78859
174569	300	522	271	109	98	17	7	1	936	580	1336	665	1997	8	34	2493	294	1030	0,100,0,0,0,0	22942	287	162	57662	2340	20435	93981,94215,92255,37045,37045,37045,37045	1	11	26318,29003,3571,0,0,0,0	28	78811
174451	281	559	276	115	117	19	7	2	1000	580	1339	649	1942	13	36	2541	314	1060	0,100,0,0,0,0	23078	307	170	57814	2358	20703	94059,94293,92340,37214,37214,37214,37214	1	13	26318,29003,3739,0,0,0,0	30	78756
174319	260	585	307	130	115	21	8	2	1077	580	1342	644	1985	12	42	2817	353	1073	0,100,0,0,0,0	23110	286	175	57967	2381	20949	94150,94384,92436,37404,37404,37404,37404	1	10	26318,29003,3914,0,0,0,0	33	78708
174171	278	585	344	132	125	23	9	2	1152	580	1345	661	1985	14	43	2932	384	1112	0,100,0,0,0,0	23341	281	199	58147	2400	21197	94252,94487,92544,37605,37605,37605,37605	1	11	26318,29003,4113,0,0,0,0	36	78626
174055	277	576	383	152	121	24	10	2	1216	580	1350	657	2016	6	37	2723	377	1166	0,100,0,0,0,0	22225	300	174	58298	2426	21461	94336,94571,92634,37778,37778,37778,37778	1	11	26318,29003,4289,0,0,0,0	39	78579
173927	253	602	386	162	125	27	7	2	1317	583	1355	606	1992	9	35	2726	369	1193	0,100,0,0,0,0	22133	291	177	58459	2443	21714	94433,94668,92737,37972,37972,37972,37972	1	13	26318,29003,4464,0,0,0,0	43	78517
173782	287	573	426	167	142	32	7	2	1383	583	1362	624	1964	8	51	2873	390	1244	0,100,0,0,0,0	23356	294	210	58654	2459	21973	94545,94780,92856,38185,38185,38185,38185	1	14	26318,29003,4675,0,0,0,0	48	78426
173636	317	570	438	158	152	34	9	2	1483	585	1362	596	1923	15	50	2923	387	1291	0,100,0,0,0,0	13091	523	226	58840	2501	22453	94661,94897,92981,38396,38396,38396,38396	1	9	26318,29003,4899,0,0,0,0	54	78363
173472	334	607	431	165	149	29	12	2	1593	585	1367	601	1953	19	58	3131	406	1321	0,100,0,0,0,0	13463	533	233	59043	2533	22928	94854,95090,93182,38737,38737,38737,38737	1	17	26318,29003,5131,0,0,0,0	57	78300
173292	378	636	430	171	163	28	14	1	1677	585	1371	605	1958	16	49	3262	424	1396	0,100,0,0,0,0	13413	528	261	59264	2575	23404	95071,95308,93408,39100,39100,39100,39100	1	20	26318,29003,5392,0,0,0,0	57	78233
173123	399	713	412	157	159	29	15	0	1778	586	1375	641	2064	23	58	3505	420	1464	0,100,0,0,0,0	13549	529	269	59500	2608	23886	95285,95521,93631,39453,39453,39453,39453	1	13	26318,29003,5658,0,0,0,0	61	78152
173011	387	712	441	184	163	32	15	0	1836	588	1377	624	1991	15	61	3698	451	1483	0,100,0,0,0,0	23051	495	224	59695	2637	24331	95466,95703,93822,39758,39758,39758,39758	1	14	26318,29003,5877,0,0,0,0	67	78099
172906	364	744	419	202	190	31	16	0	1905	589	1380	616	1925	20	52	3896	477	1489	0,100,0,0,0,0	22997	541	222	59894	2662	24806	95648,95883,94013,40058,40058,40058,40058	1	19	26318,29003,6099,0,0,0,0	72	78040
172699	415	748	451	210	195	31	15	1	2005	590	1386	612	1929	13	66	4035	500	1565	0,100,0,0,0,0	14244	505	304	60170	2690	25241	95893,96129,94269,40452,40452,40452,40452	1	20	26318,29003,6402,0,0,0,0	69	77953
172507	461	772	479	214	222	33	15	0	2060	590	1393	612	2017	19	69	4337	546	1650	0,100,0,0,0,0	14300	649	306	60433	2735	25822	96129,96364,94515,40816,40816,40816,40816	1	15	26318,29003,6706,0,0,0,0	72	77880
172290	502	822	494	213	202	35	15	0	2182	594	1397	596	1990	19	77	4679	552	1731	0,100,0,0,0,0	14833	688	335	60729	2775	26438	96432,96668,94831,41277,41277,41277,41277	2	16	26318,29003,7041,0,0,0,0	73	77785
172077	495	888	518	228	199	36	13	0	2292	597	1403	614	1920	22	53	5040	536	1841	0,100,0,0,0,0	15136	664	317	61007	2815	27046	96741,96977,95151,41754,41754,41754,41754	2	17	26318,29003,7359,0,0,0,0	70	77697
171794	538	976	534	240	210	33	13	0	2399	599	1410	616	1994	14	72	5051	555	1989	0,100,0,0,0,0	15583	692	406	61356	2874	27667	97101,97337,95524,42292,42292,42292,42292	2	20	26318,29003,7765,0,0,0,0	72	77580
171575	551	1043	569	253	224	28	16	0	2472	600	1415	618	1967	17	61	5018	557	2127	0,100,0,0,0,0	24055	633	371	61690	2913	28242	97438,97673,95874,42793,42793,42793,42793	2	14	26318,29003,8136,0,0,0,0	71	77440
171344	557	1092	611	251	232	27	18	0	2593	602	1419	617	2077	19	82	4808	590	2198	0,100,0,0,0,0	23839	712	364	62000	2970	28884	97753,97989,96202,43268,43268,43268,43268	2	15	26318,29003,8497,0,0,0,0	78	77330
171048	604	1136	687	248	262	27	17	0	2690	604	1423	614	1947	20	85	4887	637	2344	0,100,0,0,0,0	15111	666	446	62392	3026	29478	98155,98390,96620,43844,43844,43844,43844	2	22	26318,29003,8943,0,0,0,0	68	77193
170767	640	1210	711	268	278	32	21	1	2783	606	1429	631	2020	26	92	4942	672	2488	0,100,0,0,0,0	15108	895	440	62776	3086	30309	98547,98782,97028,44389,44389,44389,44389	2	14	26318,29003,9386,0,0,0,0	63	77066
170452	686	1272	783	260	294	38	23	2	2898	608	1430	608	1972	21	98	5419	719	2637	0,100,0,0,0,0	15516	876	473	63199	3139	31122	99019,99254,97516,45058,45058,45058,45058	2	12	26318,29003,9862,0,0,0,0	76	76905
170101	749	1358	800	291	296	43	26	2	3041	608	1431	612	1994	26	106	6167	776	2787	0,100,0,0,0,0	16060	958	534	63658	3215	32019	99518,99755,98034,45774,45774,45774,45774	2	28	26318,29003,10392,0,0,0,0	89	76725
169749	784	1454	846	314	306	46	29	2	3172	612	1432	610	2037	18	98	6163	816	2963	0,100,0,0,0,0	16665	867	539	64136	3280	32835	100053,100290,98586,46530,46530,46530,46530	2	23	26318,29003,10929,0,0,0,0	93	76529
169435	826	1481	884	340	320	45	37	1	3329	612	1436	613	1946	26	94	6178	844	3089	0,100,0,0,0,0	25248	895	516	64596	3338	33657	100543,100780,99095,47225,47225,47225,47225	2	32	26318,29003,11445,0,0,0,0	104	76341
169154	834	1496	943	382	351	55	35	2	3443	614	1437	625	1971	36	121	6080	922	3174	0,100,0,0,0,0	25124	973	497	65032	3402	34459	101028,101265,99599,47908,47908,47908,47908	2	23	26318,29003,11941,0,0,0,0	110	76233
168783	856	1591	1012	376	346	56	36	2	3630	617	1441	596	1984	24	123	7047	965	3308	0,100,0,0,0,0	17029	1004	583	65533	3487	35302	101567,101804,100158,48644,48644,48644,48644	2	26	26318,29003,12519,0,0,0,0	114	76106
168345	887	1705	1090	381	366	59	39	2	3809	619	1444	614	1969	31	117	7739	1010	3517	0,100,0,0,0,0	17464	1657	639	66087	3577	36780	102153,102391,100764,49444,49444,49444,49444	3	26	26318,29003,13154,0,0,0,0	122	75926
167955	923	1764	1121	415	373	62	37	3	4023	624	1446	613	2054	37	123	7881	1049	3646	0,100,0,0,0,0	18159	1748	611	66598	3682	38348	102908,103146,101542,50513,50513,50513,50513	3	24	26318,29003,13765,0,0,0,0	128	75808
167569	970	1799	1145	464	393	60	43	3	4227	624	1449	569	1972	38	131	8521	1138	3736	0,100,0,0,0,0	18737	1685	629	67141	3774	39874	103729,103968,102388,51652,51652,51652,51652	3	26	26318,29003,14396,0,0,0,0	133	75665
167146	1004	1856	1176	495	422	57	42	3	4466	629	1450	588	1969	32	146	8827	1228	3824	0,100,0,0,0,0	18879	1685	667	67725	3858	41386	104538,104779,103223,52780,52780,52780,52780	3	22	26318,29003,15060,0,0,0,0	123	75492
166764	995	1944	1189	499	441	66	41	3	4717	633	1454	585	1959	33	145	8691	1265	3910	0,100,0,0,0,0	27302	1702	619	68232	3972	42902	105293,105535,104002,53852,53852,53852,53852	3	26	26318,29003,15673,0,0,0,0	118	75339
166406	991	1987	1235	530	461	66	47	1	4929	637	1456	565	1970	34	134	9089	1322	3995	0,100,0,0,0,0	27632	1693	633	68771	4067	44434	106098,106341,104833,54965,54965,54965,54965	3	36	26318,29003,16302,0,0,0,0	131	75142
165996	1046	2047	1265	538	493	74	52	1	5137	640	1457	580	2032	37	174	9733	1443	4072	0,100,0,0,0,0	20117	1715	711	69376	4178	45995	106956,107201,105720,56120,56120,56120,56120	3	41	26318,29003,17012,0,0,0,0	135	74944
165647	1051	2102	1323	541	520	83	51	0	5321	646	1461	569	2034	43	159	10310	1530	4141	0,100,0,0,0,0	20364	841	673	69945	4289	46690	107783,108030,106580,57211,57211,57211,57211	3	43	26318,29003,17685,0,0,0,0	149	74753
165204	1087	2210	1342	539	522	88	52	0	5589	649	1464	574	1964	51	192	10444	1551	4289	0,100,0,0,0,0	21013	833	772	70622	4391	47378	108442,108689,107266,57992,57992,57992,57992	4	34	26318,29003,18455,0,0,0,0	160	74529
164775	1153	2223	1410	523	564	92	58	1	5827	651	1469	536	1959	40	149	10663	1550	4473	0,100,0,0,0,0	21236	879	749	71259	4507	48087	109051,109299,107905,58718,58718,58718,58718	4	27	26318,29003,19197,0,0,0,0	158	74311
164278	1234	2293	1427	553	569	103	58	1	6103	656	1471	513	1912	36	168	10932	1569	4668	0,100,0,0,0,0	21313	875	824	71952	4647	48808	109706,109956,108590,59523,59523,59523,59523	4	46	26318,29003,20023,0,0,0,0	165	74035
163965	1199	2301	1467	597	611	111	61	3	6295	664	1472	520	2018	42	185	10819	1646	4701	0,99,0,0,0,0	29441	917	653	72530	4757	49552	110274,110523,109189,60192,60192,60192,60192	4	29	26318,29003,20672,31,0,0,0	170	73815
163566	1149	2373	1490	642	595	112	56	2	6614	672	1475	507	1991	57	181	10942	1647	4770	0,99,0,0,0,0	29329	872	715	73133	4901	50270	110869,111119,109815,60933,60933,60933,60933	4	43	26318,29003,21372,64,0,0,0	187	73552
163164	1183	2391	1589	638	623	116	53	6	6831	676	1476	479	2018	39	211	11243	1730	4863	0,98,1,0,0,0	21743	912	761	73808	5021	51030	111513,111763,110492,61693,61693,61693,61693	4	41	26318,29003,22129,98,0,0,0	174	73277
162757	1238	2404	1631	673	636	128	57	6	7056	683	1477	480	1942	48	196	11219	1785	4982	0,97,2,0,0,0	21926	743	795	74490	5172	51617	112155,112402,111169,62451,62451,62451,62451	4	33	26318,29003,22905,144,0,0,0	176	73010
162291	1265	2497	1676	689	630	140	49	11	7327	690	1481	465	1874	45	211	10982	1817	5129	0,97,2,0,0,0	21204	751	828	75193	5328	52215	112793,113041,111840,63188,63188,63188,63188	5	42	26318,29003,23696,202,0,0,0	202	72735
161820	1330	2576	1662	698	650	153	53	12	7614	695	1483	430	1965	53	187	11597	1870	5252	0,96,3,0,0,0	21658	736	894	75956	5492	52798	113436,113686,112522,63944,63944,63944,63944	5	40	26318,29003,24521,285,0,0,0	201	72399
161433	1337	2598	1742	709	653	157	53	12	7860	703	1489	430	2044	54	222	11757	1956	5293	0,95,4,0,0,0	22203	735	839	76636	5658	53383	114036,114286,113159,64623,64622,64622,64622	5	39	26318,29003,25296,345,0,0,0	208	72142
161152	1280	2609	1801	733	661	156	53	9	8094	708	1490	417	1959	58	197	11650	1967	5326	0,94,5,0,0,0	29949	768	755	77245	5811	53984	114562,114811,113724,65208,65208,65208,65208	5	39	26318,29003,25965,426,0,0,0	229	71892
160906	1225	2581	1877	762	667	147	54	11	8312	712	1492	410	1949	37	184	11874	1995	5318	0,93,6,0,0,0	29912	718	766	77862	5962	54562	115074,115324,114277,65788,65788,65788,65788	5	44	26318,29003,26618,528,0,0,0	213	71618
160571	1233	2600	1902	771	666	145	61	11	8578	714	1494	395	1864	52	212	12388	2003	5375	0,93,6,0,0,0	22526	744	852	78539	6142	55133	115635,115884,114880,66423,66422,66422,66422	5	39	26318,29003,27366,625,0,0,0	214	71315
160215	1287	2596	1925	769	663	149	62	11	8856	718	1495	420	1915	52	224	12650	1990	5461	0,92,7,0,0,0	23086	415	888	79254	6323	55395	116221,116471,115509,67075,67074,67074,67074	5	46	26318,29003,28135,735,0,0,0	216	70996
159890	1326	2583	1931	782	668	148	68	14	9117	721	1498	382	1935	50	233	12687	1976	5530	0,91,8,0,0,0	23030	271	852	79919	6513	55650	116687,116938,116018,67555,67554,67554,67554	5	39	26318,29003,28854,862,0,0,0	221	70652
159465	1390	2620	1947	731	678	146	67	12	9459	733	1498	391	1981	55	248	13062	2014	5565	0,90,9,0,0,0	23476	276	939	80655	6724	55926	117209,117459,116581,68113,68111,68111,68111	6	58	26318,29003,29625,1025,0,0,0	226	70280
159143	1490	2624	1928	742	680	140	64	14	9679	742	1500	376	2020	70	213	13599	1948	5720	0,88,11,0,0,0	23769	286	941	81391	6932	56212	117699,117950,117119,68624,68621,68621,68621	6	50	26318,29003,30366,1211,0,0,0	222	69866
158957	1435	2601	1930	730	665	130	70	12	9957	751	1508	369	1853	52	199	13028	1901	5660	0,87,12,0,0,0	31393	255	769	81991	7108	56467	118095,118346,117560,69003,68999,68999,68999	6	41	26318,29003,30949,1389,0,0,0	225	69550
158784	1387	2659	1936	722	670	131	66	15	10105	762	1509	360	1938	58	198	12677	1929	5642	0,86,13,0,0,0	31173	246	807	82629	7281	56713	118503,118757,118015,69396,69390,69390,69390	6	45	26318,29003,31543,1584,0,0,0	223	69183
158468	1417	2727	2006	696	672	140	75	12	10256	766	1511	355	1908	45	219	12710	1946	5787	0,85,14,0,0,0	23150	250	942	83364	7494	56963	119004,119259,118564,69915,69908,69908,69908	6	54	26318,29003,32242,1817,0,0,0	223	68785
158168	1475	2748	2077	705	664	137	69	13	10401	777	1512	355	2031	70	223	12890	1956	5919	0,83,16,0,0,0	23098	94	970	84114	7719	57057	119512,119769,119122,70457,70447,70447,70447	6	48	26318,29003,32936,2082,0,0,0	228	68377
157852	1468	2797	2092	721	662	133	67	13	10642	785	1514	350	1956	58	220	12730	1993	5947	0,81,18,0,0,0	32033	118	923	84806	7957	57175	119919,120179,119575,70876,70864,70864,70864	6	46	26318,29003,33562,2362,0,0,0	220	68000
157586	1468	2810	2103	719	678	136	69	12	10857	791	1517	348	1941	52	177	12707	1940	6043	0,79,20,0,0,0	31791	89	924	85504	8189	57264	120296,120556,120000,71273,71258,71258,71258	6	56	26318,29003,34147,2685,0,0,0	212	67571
157287	1542	2796	2136	743	657	148	73	11	11038	795	1520	362	1920	54	216	12607	1972	6123	0,77,22,0,0,0	30660	92	960	86199	8460	57356	120684,120943,120438,71674,71657,71657,71657	6	57	26318,29003,34731,3053,0,0,0	236	67180
157106	1497	2745	2192	713	673	155	72	12	11257	804	1520	374	1895	69	191	12586	1931	6116	0,75,24,0,0,0	31225	92	847	86823	8686	57448	121003,121261,120801,71992,71971,71971,71971	7	52	26318,29003,35222,3392,0,0,0	236	66793
156961	1422	2780	2141	701	670	160	65	14	11500	812	1520	373	1918	57	206	12476	1889	6050	0,73,26,0,0,0	30769	102	848	87430	8932	57550	121307,121566,121152,72289,72265,72265,72265	6	41	26318,29003,35712,3738,0,0,0	255	66429
156741	1525	2730	2140	700	664	161	70	15	11662	818	1520	368	1959	65	237	12866	1923	6067	0,71,28,0,0,0	31664	87	979	88148	9200	57637	121673,121933,121566,72690,72661,72661,72661	7	52	26318,29003,36246,4172,0,0,0	250	65979
156556	1611	2626	2219	718	644	161	80	15	11767	824	1525	328	1955	69	218	12718	1929	6130	0,68,31,0,0,0	31707	89	960	88819	9493	57726	122011,122266,121954,73050,73015,73015,73015	7	54	26318,29003,36722,4636,0,0,0	245	65572
156337	1570	2689	2228	728	647	166	81	17	11922	834	1527	345	1943	52	216	12562	1914	6195	0,66,33,0,0,0	31599	95	962	89507	9771	57821	122355,122610,122346,73421,73381,73381,73381	7	62	26318,29003,37180,5125,0,0,0	249	65130
156090	1608	2735	2232	710	632	168	79	16	12104	844	1528	336	1934	74	194	11971	1891	6273	0,64,35,0,0,0	31348	87	987	90192	10080	57908	122686,122939,122723,73828,73781,73781,73781	7	53	26318,29003,37627,5656,0,0,0	251	64668
155772	1658	2790	2266	676	618	168	82	16	12321	850	1529	335	1934	52	216	11767	1890	6368	0,61,38,0,0,0	30953	63	1044	90916	10407	57971	123044,123297,123125,74283,74228,74228,74228	7	72	26318,29003,38063,6247,0,0,0	254	64182
155568	1684	2800	2314	635	629	164	81	11	12469	860	1531	358	1882	56	174	11261	1809	6498	0,58,41,0,0,0	29755	88	987	91607	10711	58059	123367,123620,123495,74664,74601,74601,74601	7	50	26318,29003,38430,6857,0,0,0	257	63736
155284	1710	2867	2371	640	623	168	77	11	12594	868	1533	357	1941	79	203	10839	1766	6690	0,55,44,0,0,0	29155	85	1066	92306	11085	58144	123719,123970,123891,75116,75044,75044,75044	7	63	26318,29003,38818,7523,0,0,0	253	63311
154878	1830	2937	2448	643	606	166	75	13	12738	876	1536	350	1919	74	206	10195	1789	6916	0,52,47,0,0,0	20997	81	1218	93065	11553	58225	124105,124353,124322,75647,75566,75566,75566	7	55	26318,29003,39226,8320,0,0,0	250	62826
154358	2059	3051	2464	628	580	162	75	13	12933	885	1538	350	1910	70	187	10136	1762	7257	0,48,51,0,0,0	20045	297	1344	93963	12011	58522	124588,124834,124850,76316,76223,76223,76223	8	72	26318,29003,39644,9245,0,0,0	242	62261
153771	2203	3218	2527	604	586	158	74	15	13161	891	1538	348	1819	68	191	9968	1738	7632	0,45,54,0,0,0	20327	279	1398	94874	12507	58801	125139,125384,125445,77095,76992,76992,76992	8	65	26318,29003,40009,10267,0,0,0	238	61712
153185	2326	3395	2627	623	554	161	79	17	13346	893	1540	337	1994	84	207	9960	1761	8004	0,42,57,0,0,0	20022	295	1423	95778	13038	59096	125654,125895,126002,77882,77763,77763,77763	8	66	26318,29003,40389,11303,0,0,0	252	61132
152412	2491	3569	2780	619	561	162	73	15	13619	905	1540	347	1952	68	196	10108	1745	8510	0,39,60,0,0,0	20151	268	1589	96763	13651	59364	126265,126505,126652,78812,78680,78680,78680	8	61	26318,29003,40761,12509,0,0,0	241	60534
151751	2612	3689	2974	633	573	149	71	17	13825	912	1540	345	2023	81	178	9979	1739	8962	0,36,63,0,0,0	28351	282	1536	97744	14218	59646	126826,127068,127258,79663,79518,79518,79518	8	72	26318,29003,41089,13713,0,0,0	241	59898
151079	2624	3823	3127	635	585	157	64	18	14174	918	1542	339	1858	66	212	9996	1765	9250	0,33,66,0,0,0	28276	287	1541	98653	14864	59933	127328,127568,127803,80499,80339,80339,80339	8	96	26318,29003,41355,14987,0,0,0	240	59269
149979	2911	4118	3281	637	595	150	69	20	14521	922	1543	347	1909	92	234	10333	1841	9920	0,30,69,0,0,0	20207	290	1950	99879	15606	60223	128056,128295,128571,81698,81520,81520,81520	9	99	26318,29003,41660,16629,0,0,0	229	58461
148852	3265	4283	3459	645	589	147	67	21	14946	928	1544	341	1961	108	209	10978	1920	10535	0,27,72,0,0,0	20564	333	2033	101067	16459	60556	128753,128991,129308,82909,82711,82711,82711	9	80	26318,29003,41950,18354,0,0,0	218	57662
147709	3369	4587	3678	643	610	138	72	17	15444	932	1547	356	1944	81	220	11367	2041	11056	0,25,74,0,0,0	21414	390	2010	102301	17245	60946	129437,129678,130030,84112,83892,83892,83892	9	101	26318,29003,42194,20119,0,0,0	222	56834
146441	3683	4870	3924	625	642	145	73	16	15845	933	1549	339	1950	107	225	11800	2094	11868	0,22,77,0,0,0	21762	335	2283	103663	18176	61281	130214,130454,130851,85487,85242,85242,85242	10	99	26318,29003,42432,22161,0,0,0	231	55919
144969	3960	5180	4268	585	658	145	67	18	16403	940	1553	335	1867	118	212	12428	2157	12706	0,20,79,0,0,0	22444	337	2463	105113	19201	61618	131036,131275,131706,86990,86717,86717,86717	10	111	26318,29003,42694,24354,0,0,0	238	54943
143719	3902	5500	4640	601	643	131	59	22	17023	950	1556	338	1964	129	222	12449	2195	13281	0,18,81,0,0,0	30386	335	2234	106459	20109	61953	131769,132010,132475,88325,88024,88024,88024	11	124	26318,29003,42892,26389,0,0,0	229	54025
142403	3948	5823	4896	628	671	130	53	23	17655	959	1557	322	1969	148	213	13039	2339	13810	0,16,83,0,0,0	30996	347	2392	107851	21145	62300	132522,132763,133262,89775,89440,89440,89440	11	128	26318,29003,43067,28597,18,0,0	213	53050
140428	4575	5986	5207	664	683	127	52	23	18479	962	1560	344	1934	145	246	13457	2467	14827	0,14,84,0,0,0	23357	340	3017	109611	22449	62640	133544,133786,134315,91692,91323,91323,91323	12	150	26318,29003,43248,31432,46,0,0	213	51864
