S	E	I1	I2	I3	I4	I5_h	I6_h	R_h	R	D1	D2	H	T	P1	P2	Q	QT	NQ	MUT	HOM	VAC	NI	INF	REINF	BSTR	IMM	HCI	HCE	INFV	INFH	VNI
178102	113	131	53	32	44	11	4	0	254	2	0	191	0	0	0	58	58	330	0,0,0,0,0,0	178744	0	0	388	0	0	644,644,644,644,644,644,644	0	0	0,0,0,0,0,0,0	0	0
178057	93	185	58	33	38	12	4	0	262	2	2	311	334	1	77	237	67	356	0,0,0,0,0,0	12417	0	65	453	0	0	689,689,689,689,689,689,689	0	0	65,0,0,0,0,0,0	16	0
177996	108	191	72	29	44	12	5	0	284	2	3	371	160	0	12	339	76	385	0,0,0,0,0,0	12937	0	73	527	0	0	750,750,750,750,750,750,750	0	4	139,0,0,0,0,0,0	17	0
177938	105	207	82	39	51	11	4	0	299	3	7	478	266	0	11	452	77	422	0,0,0,0,0,0	12948	0	71	598	0	0	810,810,810,810,810,810,810	0	3	210,0,0,0,0,0,0	18	0
177870	117	218	88	42	66	10	3	0	317	4	11	535	247	0	21	533	105	439	0,0,0,0,0,0	24979	0	84	682	0	0	882,882,882,882,882,882,882	0	4	294,0,0,0,0,0,0	17	0
177786	131	221	96	49	74	11	4	0	351	4	19	584	267	1	20	685	132	454	0,0,0,0,0,0	25336	0	93	774	1	0	970,970,970,970,970,970,970	0	6	387,0,0,0,0,0,0	19	0
177714	126	239	96	61	76	14	4	0	387	4	25	640	263	1	29	1209	160	456	0,0,0,0,0,0	13771	0	80	856	1	0	1046,1046,1046,1046,1046,1046,1046	0	7	469,0,0,0,0,0,0	18	0
177648	133	243	117	66	80	16	2	1	407	5	28	654	90	2	20	1661	196	461	0,0,0,0,0,0	14563	0	92	949	1	0	1122,1122,1122,1121,1121,1121,1121	0	3	562,0,0,0,0,0,0	17	0
177582	143	236	125	76	80	18	2	1	445	6	32	669	324	2	24	1865	230	450	0,0,0,0,0,0	14521	0	82	1032	2	0	1195,1194,1194,1192,1192,1192,1192	0	2	646,0,0,0,0,0,0	22	0
177509	149	250	125	69	76	20	4	1	500	6	37	670	156	0	21	2099	236	457	0,0,0,0,0,0	15010	0	90	1121	4	0	1275,1274,1274,1269,1269,1269,1269	0	8	737,0,0,0,0,0,0	24	0
177444	150	258	147	64	78	20	5	1	533	6	40	727	158	3	20	2192	236	486	0,0,0,0,0,0	14972	0	90	1211	4	0	1353,1351,1351,1344,1344,1344,1344	0	6	827,0,0,0,0,0,0	30	0
177398	131	275	152	73	79	18	5	1	560	6	48	734	264	1	14	2130	251	482	0,0,0,0,0,0	26861	0	75	1286	5	0	1419,1415,1415,1404,1404,1404,1404	0	7	903,0,0,0,0,0,0	30	0
177334	130	281	164	80	69	17	9	1	602	7	52	700	71	1	13	2173	248	502	0,0,0,0,0,0	26675	0	92	1377	7	0	1501,1496,1496,1479,1479,1479,1479	0	6	996,0,0,0,0,0,0	37	0
177263	143	301	162	82	69	18	11	2	631	7	57	660	286	2	25	2238	271	515	0,0,0,0,0,0	15191	0	105	1478	11	0	1591,1584,1584,1563,1563,1563,1563	0	11	1100,0,0,0,0,0,0	42	0
177199	143	324	163	76	80	21	10	1	660	8	61	667	270	4	26	2303	287	530	0,0,0,0,0,0	15090	0	99	1578	11	0	1680,1672,1672,1643,1643,1643,1643	0	3	1200,0,0,0,0,0,0	47	0
177121	159	317	168	99	83	20	11	1	693	8	66	706	305	2	18	2532	286	571	0,0,0,0,0,0	15455	0	114	1691	12	0	1783,1773,1773,1737,1737,1737,1737	0	8	1314,0,0,0,0,0,0	43	0
177064	162	300	188	103	85	23	13	1	727	8	72	727	237	3	25	2058	292	582	0,0,0,0,0,0	15619	0	87	1778	12	0	1862,1850,1850,1808,1808,1808,1808	1	8	1401,0,0,0,0,0,0	42	0
176995	155	315	202	93	79	22	16	1	780	9	79	737	271	3	40	2267	303	579	0,0,0,0,0,0	15046	0	98	1873	16	0	1950,1936,1936,1888,1888,1888,1888	1	15	1498,0,0,0,0,0,0	46	0
176931	170	314	199	88	74	18	15	2	840	9	86	733	303	2	20	2139	275	603	0,0,0,0,0,0	26922	0	102	1974	17	0	2046,2029,2029,1971,1971,1971,1971	1	12	1599,0,0,0,0,0,0	47	0
176870	167	340	187	96	81	18	15	2	869	9	92	720	235	0	24	2089	288	616	0,0,0,0,0,0	26733	0	111	2085	18	0	2147,2127,2127,2057,2057,2057,2057	1	8	1710,0,0,0,0,0,0	50	0
176812	172	348	196	89	84	19	17	2	901	10	96	737	249	2	34	2189	286	639	0,0,0,0,0,0	15305	0	114	2199	18	0	2251,2227,2227,2143,2143,2143,2143	1	18	1824,0,0,0,0,0,0	54	0
176728	186	359	197	85	101	18	15	2	943	13	99	732	248	0	35	2329	295	666	0,0,0,0,0,0	15251	0	133	2330	20	0	2371,2344,2344,2247,2247,2247,2247	1	10	1957,0,0,0,0,0,0	65	0
176685	195	364	204	89	91	20	15	2	968	13	100	737	275	1	33	2496	293	685	0,0,0,0,0,0	15217	0	111	2441	20	0	2471,2438,2438,2322,2322,2322,2322	1	13	2068,0,0,0,0,0,0	65	0
176619	192	381	200	92	104	20	17	2	1003	14	102	730	307	1	31	2507	302	704	0,0,0,0,0,0	15427	0	131	2572	20	0	2590,2552,2552,2418,2418,2418,2418	1	15	2199,0,0,0,0,0,0	68	0
176530	213	381	218	112	100	21	19	2	1031	14	105	702	233	2	40	2386	314	750	0,0,0,0,0,0	15532	0	156	2729	20	0	2736,2692,2692,2538,2538,2538,2538	1	18	2356,0,0,0,0,0,0	65	0
176434	235	393	230	99	103	22	21	1	1084	14	110	688	132	3	44	2376	337	766	0,0,0,0,0,0	27161	0	150	2877	22	0	2880,2832,2832,2661,2661,2661,2661	1	12	2505,0,0,0,0,0,0	71	0
176368	243	379	247	100	110	21	20	3	1125	15	115	705	236	2	28	2440	345	775	0,0,0,0,0,0	27189	0	123	2999	23	0	2995,2942,2942,2753,2753,2753,2753	2	11	2627,0,0,0,0,0,0	67	0
176294	234	404	249	110	114	22	22	3	1161	15	118	681	234	3	29	2338	354	801	0,0,0,0,0,0	15399	0	129	3128	24	0	3119,3061,3061,2854,2854,2854,2854	2	15	2756,0,0,0,0,0,0	68	0
176199	230	436	253	114	118	25	19	4	1208	18	122	658	91	0	40	2451	365	830	0,0,0,0,0,0	15226	0	159	3287	25	0	3269,3205,3205,2977,2977,2977,2977	2	25	2916,0,0,0,0,0,0	62	0
176132	229	441	268	104	123	27	19	4	1249	20	130	636	326	3	39	2447	370	841	0,0,0,0,0,0	15164	0	139	3427	25	0	3404,3333,3333,3080,3080,3080,3080	2	13	3056,0,0,0,0,0,0	62	0
176054	249	444	268	101	132	30	14	5	1292	24	133	645	231	3	50	2771	413	825	0,0,0,0,0,0	15538	0	157	3583	26	0	3552,3474,3474,3196,3196,3196,3196	2	18	3212,0,0,0,0,0,0	67	0
175970	253	476	274	110	128	29	15	4	1327	25	135	637	239	1	38	2941	424	861	0,0,0,0,0,0	15930	0	153	3737	26	0	3696,3612,3612,3312,3312,3312,3312	2	20	3366,0,0,0,0,0,0	67	0
175898	244	491	283	124	135	32	18	4	1349	27	141	636	255	1	32	2875	413	914	0,0,0,0,0,0	27566	0	154	3890	27	0	3842,3751,3751,3424,3424,3424,3424	2	8	3519,0,0,0,0,0,0	73	0
175806	255	503	291	150	133	37	19	4	1379	27	142	632	304	4	59	3209	463	925	0,0,0,0,0,0	27807	0	171	4059	29	0	4004,3906,3906,3552,3552,3552,3552	2	12	3688,0,0,0,0,0,0	94	0
175685	272	530	288	162	138	38	19	4	1438	28	144	617	259	6	46	3273	468	979	0,0,0,0,0,0	16536	0	205	4263	30	0	4201,4095,4095,3714,3714,3714,3714	2	22	3892,0,0,0,0,0,0	98	0
175583	272	547	305	174	135	38	16	6	1495	30	145	614	241	4	46	3371	471	1016	0,0,0,0,0,0	16120	0	195	4458	30	0	4382,4267,4267,3857,3857,3857,3857	2	19	4087,0,0,0,0,0,0	93	0
175503	285	567	321	177	137	36	19	6	1519	30	146	617	228	2	57	3514	510	1032	0,0,0,0,0,0	16153	0	188	4645	31	0	4557,4433,4433,3987,3987,3987,3987	2	24	4274,0,0,0,0,0,0	99	0
175361	308	610	349	160	140	35	19	5	1578	31	150	596	300	1	50	4098	527	1094	0,0,0,0,0,0	16754	0	218	4865	32	0	4772,4640,4640,4166,4166,4166,4166	2	19	4494,0,0,0,0,0,0	93	0
175234	318	625	352	164	152	30	20	5	1660	32	154	594	254	0	42	4333	521	1140	0,0,0,0,0,0	17018	0	207	5073	32	0	4975,4835,4835,4333,4333,4333,4333	2	18	4702,0,0,0,0,0,0	83	0
175129	328	629	391	145	163	35	20	4	1712	33	157	593	251	3	47	4165	535	1176	0,0,0,0,0,0	28598	0	202	5271	36	0	5168,5019,5019,4483,4483,4483,4483	2	16	4900,0,0,0,0,0,0	89	0
175065	312	665	401	148	158	38	19	4	1741	34	161	598	250	1	46	3957	558	1183	0,0,0,0,0,0	28556	0	194	5464	38	0	5351,5190,5190,4609,4609,4609,4609	2	14	5093,0,0,0,0,0,0	80	0
174933	332	710	392	149	160	44	22	4	1801	34	165	598	325	2	48	4215	569	1240	0,0,0,0,0,0	17163	0	238	5703	38	0	5584,5412,5412,4793,4793,4793,4793	2	20	5332,0,0,0,0,0,0	82	0
174817	355	695	417	167	177	45	20	4	1845	35	169	590	315	3	49	4236	574	1302	0,0,0,0,0,0	17262	0	234	5936	39	0	5808,5625,5625,4963,4963,4963,4963	2	25	5565,0,0,0,0,0,0	95	0
174669	369	695	422	188	195	45	24	3	1927	37	172	605	292	1	62	4128	585	1353	0,0,0,0,0,0	17105	0	241	6174	42	0	6037,5845,5845,5153,5153,5153,5153	2	23	5803,0,0,0,0,0,0	91	0
174545	372	726	441	203	192	48	24	4	1980	38	173	584	246	3	90	4281	633	1373	0,0,0,0,0,0	17151	0	250	6425	44	0	6279,6075,6075,5338,5338,5338,5338	3	23	6054,0,0,0,0,0,0	106	0
174417	382	765	442	203	190	48	23	4	2055	41	176	575	338	1	68	4653	669	1384	0,0,0,0,0,0	17119	0	248	6673	45	0	6521,6305,6305,5524,5524,5524,5524	3	22	6303,0,0,0,0,0,0	104	0
174348	360	765	468	211	200	48	23	4	2095	42	182	565	249	6	44	4500	651	1424	0,0,0,0,0,0	29043	0	212	6882	48	0	6726,6495,6495,5662,5662,5662,5662	3	19	6512,0,0,0,0,0,0	107	0
174206	346	770	512	215	194	43	21	5	2205	44	185	545	260	2	63	4368	641	1460	0,0,0,0,0,0	28882	0	250	7131	49	0	6967,6726,6726,5855,5855,5855,5855	3	17	6761,0,0,0,0,0,0	101	0
174057	369	799	516	215	205	43	22	5	2284	44	187	567	248	3	68	4519	666	1503	0,0,0,0,0,0	17706	0	294	7425	50	0	7253,6997,6997,6073,6073,6073,6073	3	26	7056,0,0,0,0,0,0	92	0
173940	387	784	519	218	239	43	23	5	2352	45	191	591	244	2	67	4755	679	1534	0,0,0,0,0,0	17399	0	248	7672	52	0	7493,7224,7224,6251,6251,6251,6251	3	28	7304,0,0,0,0,0,0	102	0
173818	414	778	524	232	244	44	21	6	2422	48	195	581	301	5	83	4705	720	1537	0,0,0,0,0,0	32947	0	263	7933	54	0	7748,7464,7464,6440,6440,6440,6440	3	28	7565,0,0,0,0,0,0	91	0
173718	419	790	550	216	241	49	24	4	2487	50	198	560	315	3	69	4617	748	1541	0,0,0,0,0,0	32752	0	263	8197	55	0	8003,7703,7703,6618,6618,6618,6618	3	30	7829,0,0,0,0,0,0	92	0
173587	414	823	540	217	249	52	26	5	2579	51	203	533	266	0	70	5247	770	1551	0,0,0,0,0,0	33150	0	266	8466	55	0	8267,7953,7953,6815,6815,6815,6815	3	24	8098,0,0,0,0,0,0	95	0
173479	402	848	537	229	256	54	28	4	2650	52	207	531	248	5	61	5148	751	1603	0,0,0,0,0,0	46774	0	266	8732	58	0	8526,8196,8196,7000,7000,7000,7000	3	28	8364,0,0,0,0,0,0	114	0
173394	396	834	534	241	258	52	29	5	2743	52	208	522	272	3	80	5256	749	1595	0,0,0,0,0,0	46717	0	239	8972	60	0	8756,8411,8411,7157,7157,7157,7157	3	19	8604,0,0,0,0,0,0	116	0
173342	386	802	537	241	261	56	24	6	2826	57	208	532	290	3	76	5867	750	1557	0,0,0,0,0,0	33985	0	224	9195	61	0	8968,8606,8606,7289,7289,7289,7289	3	19	8828,0,0,0,0,0,0	104	0
173289	353	807	549	247	249	59	23	5	2892	60	213	524	268	5	81	6017	789	1498	0,0,0,0,0,0	34047	0	226	9420	64	0	9183,8803,8803,7422,7422,7422,7422	3	22	9053,0,0,0,0,0,0	108	0
173178	367	810	560	232	232	59	23	4	3004	62	215	520	267	1	70	5891	781	1502	0,0,0,0,0,0	34008	0	270	9689	67	0	9443,9047,9047,7608,7608,7608,7608	3	20	9322,0,0,0,0,0,0	108	0
173070	400	820	561	250	236	60	21	7	3040	64	217	524	235	3	69	5869	768	1580	0,0,0,0,0,0	33982	0	284	9978	68	0	9722,9307,9307,7801,7801,7801,7801	3	21	9611,0,0,0,0,0,0	109	0
172985	436	824	559	262	238	64	25	6	3062	64	221	527	226	2	78	5982	792	1616	0,0,0,0,0,0	33790	0	295	10272	70	0	10007,9570,9570,7986,7986,7986,7986	3	24	9906,0,0,0,0,0,0	123	0
172946	408	835	566	255	231	63	28	6	3117	66	225	492	231	2	77	5985	777	1609	0,0,0,0,0,0	47098	0	228	10496	75	0	10222,9767,9767,8113,8113,8113,8113	3	19	10130,0,0,0,0,0,0	124	0
172893	390	833	559	255	221	65	27	5	3198	70	230	470	245	6	72	5753	746	1604	0,0,0,0,0,0	46989	0	247	10740	79	0	10458,9983,9983,8257,8257,8257,8257	3	27	10375,0,0,0,0,0,0	135	0
172803	412	838	556	267	210	73	27	7	3250	71	232	463	298	2	81	5730	761	1622	0,0,0,0,0,0	33766	0	278	11011	88	0	10718,10225,10225,8431,8431,8431,8431	3	23	10646,0,0,0,0,0,0	125	0
172730	422	829	561	267	206	73	32	7	3310	71	238	478	255	7	68	5549	758	1632	0,0,0,0,0,0	33656	0	260	11272	89	0	10967,10455,10455,8591,8591,8591,8591	4	30	10907,0,0,0,0,0,0	132	0
172688	420	831	545	257	208	76	34	9	3365	72	241	453	257	3	65	4848	746	1625	0,0,0,0,0,0	33325	0	247	11516	94	0	11199,10667,10667,8727,8727,8727,8727	4	23	11151,0,0,0,0,0,0	132	0
172601	427	832	561	268	236	81	30	7	3385	76	242	477	293	0	74	4639	775	1660	0,0,0,0,0,0	33061	0	286	11801	97	0	11472,10919,10919,8906,8906,8906,8906	4	33	11437,0,0,0,0,0,0	137	0
172540	416	851	554	261	250	79	36	6	3427	80	246	441	237	4	83	5107	796	1651	0,0,0,0,0,0	33184	0	269	12067	101	0	11726,11153,11153,9063,9063,9063,9063	4	32	11703,0,0,0,0,0,0	141	0
172474	407	827	559	258	249	83	39	6	3515	82	247	438	264	2	80	5201	819	1603	0,0,0,0,0,0	46383	0	242	12308	103	0	11956,11365,11365,9209,9209,9209,9209	4	19	11944,0,0,0,0,0,0	153	0
172462	397	777	579	252	251	81	35	8	3567	85	252	449	302	6	83	5225	813	1559	0,0,0,0,0,0	46091	0	232	12539	106	0	12176,11563,11563,9325,9325,9325,9325	4	19	12175,0,0,0,0,0,0	164	0
172447	407	747	574	254	251	72	44	7	3601	85	257	457	271	7	91	5183	822	1527	0,0,0,0,0,0	33497	0	234	12776	107	0	12401,11765,11765,9444,9444,9444,9444	4	31	12412,0,0,0,0,0,0	156	0
172456	395	764	575	255	228	75	45	6	3599	88	260	448	267	9	70	5483	802	1535	0,0,0,0,0,0	33270	0	225	13000	109	0	12609,11950,11950,9541,9541,9541,9541	4	23	12636,0,0,0,0,0,0	165	0
172395	402	783	580	253	229	80	46	7	3619	90	262	425	247	3	69	5380	816	1557	0,0,0,0,0,0	33097	0	281	13281	110	0	12877,12195,12195,9704,9704,9704,9704	4	31	12917,0,0,0,0,0,0	174	0
172341	402	822	538	259	242	76	46	8	3656	93	263	423	321	6	87	5580	832	1553	0,0,0,0,0,0	33531	0	261	13538	114	0	13120,12418,12418,9851,9851,9851,9851	4	35	13175,0,0,0,0,0,0	174	0
172317	404	821	556	269	234	80	48	8	3648	96	265	425	313	4	70	5706	845	1567	0,0,0,0,0,0	33412	0	255	13791	117	0	13359,12634,12634,9980,9980,9980,9980	4	24	13429,0,0,0,0,0,0	169	0
172341	396	802	553	252	254	78	52	8	3645	97	268	416	107	2	64	5895	818	1569	0,0,0,0,0,0	46981	0	249	14041	117	0	13593,12840,12840,10084,10084,10084,10084	4	23	13679,0,0,0,0,0,0	173	0
172344	386	794	534	241	258	86	55	9	3669	102	268	426	245	5	86	5895	828	1526	0,0,0,0,0,0	46790	0	227	14267	120	0	13803,13027,13027,10186,10186,10186,10186	4	25	13905,0,0,0,0,0,0	179	0
172350	405	779	523	241	253	88	54	10	3670	103	270	425	219	5	87	5661	851	1492	0,0,0,0,0,0	33871	0	249	14513	123	0	14032,13231,13231,10295,10295,10295,10295	4	35	14153,0,0,0,0,0,0	182	0
172357	394	781	513	231	258	86	56	9	3681	106	274	401	76	2	79	5951	875	1444	0,0,0,0,0,0	33834	0	230	14741	127	0	14245,13420,13420,10395,10395,10395,10395	4	24	14381,0,0,0,0,0,0	174	0
172360	384	782	506	230	251	85	57	10	3698	108	275	412	312	4	80	5899	871	1424	0,0,0,0,0,0	33846	0	228	14967	129	0	14455,13606,13606,10496,10496,10496,10496	4	22	14607,0,0,0,0,0,0	170	0
172394	361	758	532	241	248	78	52	10	3680	114	278	413	252	4	65	5623	832	1438	0,0,0,0,0,0	33624	0	228	15193	133	0	14665,13790,13790,10581,10581,10581,10581	4	22	14833,0,0,0,0,0,0	155	0
172407	340	786	537	232	245	79	55	9	3661	116	279	411	291	3	74	5793	853	1421	0,0,0,0,0,0	33630	0	215	15407	136	0	14862,13965,13965,10670,10670,10670,10670	4	25	15047,0,0,0,0,0,0	149	0
172434	322	753	530	227	258	76	54	9	3680	122	281	433	325	4	53	5613	827	1393	0,0,0,0,0,0	46791	0	209	15614	138	0	15053,14132,14132,10750,10750,10750,10750	4	20	15254,0,0,0,0,0,0	151	0
172461	298	745	497	225	256	79	50	11	3714	127	283	430	256	5	69	5353	812	1338	0,0,0,0,0,0	46709	0	206	15817	141	0	15241,14296,14296,10827,10827,10827,10827	4	16	15457,0,0,0,0,0,0	143	0
172477	319	717	485	215	257	78	54	10	3720	129	285	421	274	4	68	5158	777	1348	0,0,0,0,0,0	33323	0	224	16040	142	0	15447,14479,14479,10919,10919,10919,10919	4	23	15680,0,0,0,0,0,0	149	0
172524	304	702	484	205	247	82	51	12	3712	133	290	426	268	2	70	5003	762	1313	0,0,0,0,0,0	32901	0	184	16223	144	0	15615,14624,14624,10975,10975,10975,10975	3	16	15863,0,0,0,0,0,0	139	0
172542	311	687	468	207	249	81	47	12	3714	136	292	430	256	7	71	4967	724	1326	0,0,0,0,0,0	33009	0	218	16440	146	0	15816,14801,14801,11063,11063,11063,11063	3	20	16081,0,0,0,0,0,0	150	0
172566	319	691	457	196	242	78	43	12	3706	141	295	431	256	3	74	4630	718	1308	0,0,0,0,0,0	32487	0	217	16655	148	0	16015,14975,14975,11146,11146,11146,11146	3	28	16296,0,0,0,0,0,0	141	0
172643	317	664	466	189	235	78	45	10	3658	143	298	407	254	2	71	4593	692	1302	0,0,0,0,0,0	32636	0	176	16826	154	0	16168,15104,15104,11180,11180,11180,11180	4	19	16467,0,0,0,0,0,0	146	0
172689	301	663	450	207	213	73	43	9	3650	147	301	419	241	2	67	4668	714	1236	0,0,0,0,0,0	45704	0	178	17004	155	0	16332,15245,15245,11235,11235,11235,11235	3	18	16645,0,0,0,0,0,0	145	0
172775	288	636	467	201	197	68	40	8	3611	151	304	409	223	1	48	4859	686	1211	0,0,0,0,0,0	46025	0	168	17171	157	0	16481,15368,15368,11263,11263,11263,11263	3	14	16812,0,0,0,0,0,0	139	0
172796	301	612	452	211	197	69	40	7	3601	155	305	424	251	3	56	4826	675	1207	0,0,0,0,0,0	32981	0	210	17380	160	0	16673,15537,15537,11344,11344,11344,11344	3	25	17021,0,0,0,0,0,0	128	0
172811	308	597	451	205	189	71	41	8	3604	156	305	422	267	2	55	4893	675	1187	0,0,0,0,0,0	32738	0	195	17573	163	0	16847,15690,15690,11417,11417,11417,11417	3	26	17214,0,0,0,0,0,0	132	0
172863	310	596	461	185	187	74	42	8	3555	159	306	420	267	6	64	4840	686	1169	0,0,0,0,0,0	32700	0	188	17758	167	0	17013,15833,15833,11470,11470,11470,11470	3	21	17399,0,0,0,0,0,0	135	0
172986	269	602	424	190	179	77	34	9	3504	166	306	422	148	2	41	4888	631	1144	0,0,0,0,0,0	46163	0	138	17892	172	0	17127,15921,15921,11460,11460,11460,11460	3	15	17533,0,0,0,0,0,0	129	0
173044	259	576	440	178	177	75	34	12	3476	166	309	402	242	4	65	4892	643	1096	0,0,0,0,0,0	46169	0	150	18041	173	0	17261,16034,16034,11492,11492,11492,11492	3	10	17682,0,0,0,0,0,0	132	0
173151	236	548	441	192	163	75	31	11	3417	169	312	417	276	2	51	4835	629	1057	0,0,0,0,0,0	46102	0	137	18179	173	0	17382,16130,16130,11494,11494,11494,11494	3	13	17820,0,0,0,0,0,0	141	0
173240	219	535	416	179	158	78	31	9	3398	170	313	390	251	3	50	4584	603	1013	0,0,0,0,0,0	45753	20	143	18320	175	0	17505,16230,16230,11506,11506,11506,11506	3	17	17961,0,0,0,0,0,0	142	19
173306	225	504	401	172	164	77	31	7	3372	172	315	397	261	4	60	4642	594	980	0,0,0,0,0,0	32912	35	149	18467	178	0	17636,16339,16339,11532,11532,11532,11532	3	13	18108,0,0,0,0,0,0	135	49
173399	216	483	385	163	156	73	32	9	3342	172	316	409	230	3	43	4283	577	931	0,0,0,0,0,0	32725	30	125	18592	179	0	17741,16423,16423,11531,11531,11531,11531	3	18	18233,0,0,0,0,0,0	132	76
173494	218	471	375	145	157	81	32	9	3272	175	317	409	240	2	51	4211	589	890	0,0,0,0,0,0	32269	20	136	18727	181	0	17858,16516,16516,11536,11536,11536,11536	3	13	18368,0,0,0,0,0,0	131	95
173543	233	478	371	144	139	78	31	8	3225	178	318	434	103	0	33	4447	554	920	0,0,0,0,0,0	32523	21	161	18887	183	0	18000,16638,16638,11576,11576,11576,11576	3	16	18528,0,0,0,0,0,0	136	112
173595	242	453	353	140	136	72	29	11	3210	181	324	407	260	0	39	4280	530	895	0,0,0,0,0,0	32478	23	146	19031	186	0	18131,16748,16748,11608,11608,11608,11608	2	10	18672,0,0,0,0,0,0	124	134
173663	230	463	355	138	143	71	27	8	3135	185	328	399	255	3	44	3947	535	892	0,0,0,0,0,0	38949	24	141	19173	186	0	18259,16854,16854,11632,11632,11632,11632	2	19	18814,0,0,0,0,0,0	135	155
173737	205	472	333	143	151	69	30	9	3080	186	331	405	256	4	53	4021	561	842	0,0,0,0,0,0	38881	134	134	19306	189	0	18384,16958,16958,11651,11651,11651,11651	2	7	18947,0,0,0,0,0,0	133	272
173812	192	486	332	137	137	70	27	10	3021	188	334	422	329	3	55	4050	538	843	0,0,0,0,0,0	27307	131	155	19463	189	0	18533,17085,17085,11681,11681,11681,11681	2	23	19104,0,0,0,0,0,0	127	381
173875	220	465	341	140	138	71	24	8	2937	191	336	407	245	2	44	4272	537	862	0,0,0,0,0,0	27192	127	162	19623	191	0	18684,17213,17213,11717,11717,11717,11717	2	17	19265,0,0,0,0,0,0	131	490
173965	237	441	354	125	137	68	25	7	2856	192	339	417	241	1	42	3926	510	877	0,0,0,0,0,0	27267	138	145	19766	193	0	18816,17322,17322,11731,11731,11731,11731	2	24	19408,0,0,0,0,0,0	120	611
174011	238	467	335	120	151	62	21	9	2795	194	343	429	225	2	27	3876	472	922	0,0,0,0,0,0	26728	135	158	19921	196	0	18963,17448,17448,11773,11773,11773,11773	2	18	19563,0,0,0,0,0,0	116	726
174048	226	506	331	116	153	57	22	9	2733	198	347	432	249	2	43	4319	486	925	0,0,0,0,0,0	27304	125	162	20083	198	0	19117,17582,17582,11823,11823,11823,11823	2	15	19725,0,0,0,0,0,0	102	834
174095	214	496	349	127	150	54	23	10	2680	200	348	413	267	2	51	4204	524	889	0,0,0,0,0,0	38908	127	137	20220	198	0	19246,17692,17692,11857,11857,11857,11857	2	16	19862,0,0,0,0,0,0	105	950
174145	198	495	333	131	152	46	23	8	2664	201	350	443	237	1	52	4022	527	851	0,0,0,0,0,0	38704	128	125	20344	199	0	19397,17826,17826,11899,11899,11899,11899	2	11	19986,0,0,0,0,0,0	101	1064
174139	228	474	339	146	146	45	24	7	2643	202	353	445	247	1	47	4317	538	864	0,0,0,0,0,0	27279	176	160	20502	201	0	19584,17997,17997,11987,11987,11987,11987	2	15	20144,0,0,0,0,0,0	95	1219
174194	233	456	322	139	163	44	27	7	2603	202	356	448	268	5	44	4384	540	844	0,0,0,0,0,0	27441	159	135	20637	202	0	19742,18136,18136,12029,12029,12029,12029	2	12	20279,0,0,0,0,0,0	91	1348
174259	210	461	319	138	167	45	29	5	2551	202	360	463	252	2	49	4285	537	832	0,0,0,0,0,0	27309	147	133	20767	205	0	19902,18276,18276,12068,12068,12068,12068	2	10	20409,0,0,0,0,0,0	98	1476
174280	213	467	312	151	141	43	32	5	2535	203	364	437	318	1	50	4249	519	840	0,0,0,0,0,0	27382	159	147	20911	208	0	20075,18432,18432,12134,12134,12134,12134	2	13	20554,0,0,0,0,0,0	90	1608
174330	210	470	303	151	135	46	32	4	2492	205	368	400	263	1	37	4169	509	838	0,0,0,0,0,0	27065	133	134	21040	213	0	20231,18570,18570,12178,12178,12178,12178	2	10	20683,0,0,0,0,0,0	85	1716
174353	219	468	304	145	115	54	33	3	2473	208	371	409	260	4	43	4070	498	840	0,0,0,0,0,0	38826	157	141	21179	215	0	20400,18722,18722,12243,12243,12243,12243	2	12	20822,0,0,0,0,0,0	91	1852
174406	200	459	301	145	117	61	30	3	2440	211	373	436	284	2	36	3680	466	847	0,0,0,0,0,0	38953	73	114	21289	219	0	20538,18844,18844,12276,12276,12276,12276	2	11	20932,0,0,0,0,0,0	105	1907
174458	181	474	309	139	115	61	30	3	2386	213	377	425	241	3	40	3534	454	855	0,0,0,0,0,0	26566	73	144	21430	222	0	20719,19005,19005,12330,12330,12330,12330	2	21	21073,0,0,0,0,0,0	100	1966
174452	205	449	314	147	130	56	29	4	2366	214	380	452	254	1	34	3473	462	868	0,0,0,0,0,0	26480	67	151	21579	224	0	20901,19173,19173,12412,12412,12412,12412	2	7	21223,0,0,0,0,0,0	98	2020
174465	224	411	318	144	130	66	23	4	2361	219	381	461	227	2	44	3546	473	843	0,0,0,0,0,0	26418	57	131	21709	225	0	21062,19319,19319,12475,12475,12475,12475	2	13	21353,0,0,0,0,0,0	94	2062
174486	210	421	292	141	140	63	26	4	2361	219	383	454	95	0	49	3380	470	823	0,0,0,0,0,0	26705	65	125	21833	226	0	21220,19462,19462,12532,12532,12532,12532	2	8	21477,0,0,0,0,0,0	94	2118
174514	204	423	311	130	139	59	25	3	2334	220	384	445	91	1	41	3340	453	838	0,0,0,0,0,0	26319	62	136	21968	227	0	21379,19605,19605,12587,12587,12587,12587	2	16	21612,0,0,0,0,0,0	99	2171
174555	209	413	312	132	132	56	24	3	2303	222	385	468	260	2	45	3219	488	790	0,0,0,0,0,0	38085	72	119	22087	227	0	21531,19741,19741,12632,12632,12632,12632	1	9	21731,0,0,0,0,0,0	87	2237
174594	205	423	310	123	136	52	26	4	2263	222	388	461	285	1	30	3082	472	803	0,0,0,0,0,0	38196	203	125	22211	229	0	21668,19862,19862,12670,12670,12670,12670	1	7	21855,0,0,0,0,0,0	90	2421
174610	206	413	317	130	134	51	27	3	2242	222	391	446	272	2	35	3155	474	804	0,0,0,0,0,0	26447	215	129	22336	233	0	21811,19991,19991,12721,12721,12721,12721	1	11	21981,0,0,0,0,0,0	92	2600
174630	201	442	312	109	123	55	27	5	2227	222	393	458	239	4	47	3163	464	805	0,0,0,0,0,0	26296	214	142	22475	236	0	21961,20125,20125,12773,12773,12773,12773	1	8	22120,0,0,0,0,0,0	87	2773
174648	203	429	322	115	136	48	22	8	2194	225	396	487	247	0	44	3554	476	799	0,0,0,0,0,0	26385	201	134	22609	237	0	22104,20252,20252,12823,12823,12823,12823	1	6	22254,0,0,0,0,0,0	88	2947
174634	219	429	313	127	138	45	25	7	2184	225	400	477	244	1	40	3824	494	802	0,0,0,0,0,0	27102	212	148	22752	242	0	22259,20394,20394,12895,12895,12895,12895	1	19	22397,0,0,0,0,0,0	85	3120
174675	213	421	306	132	139	42	21	5	2162	230	400	469	266	3	43	3887	510	764	0,0,0,0,0,0	27083	207	123	22872	245	0	22389,20508,20508,12926,12926,12926,12926	1	9	22518,0,0,0,0,0,0	83	3295
174705	199	405	307	126	138	42	21	5	2168	230	400	469	279	4	33	3602	489	749	0,0,0,0,0,0	38623	178	115	22986	247	0	22518,20622,20622,12964,12964,12964,12964	1	12	22632,0,0,0,0,0,0	88	3437
174769	169	407	289	127	132	47	20	2	2151	231	402	502	245	1	37	3713	485	706	0,0,0,0,0,0	38425	151	97	23083	247	0	22709,20799,20799,13016,13016,13016,13016	1	4	22729,0,0,0,0,0,0	76	3564
174801	167	401	275	124	131	43	19	2	2143	232	408	504	248	2	41	3677	453	707	0,0,0,0,0,0	26930	175	112	23193	249	0	22913,20989,20989,13089,13089,13089,13089	1	6	22840,0,0,0,0,0,0	82	3708
174820	202	383	279	138	133	42	15	2	2085	235	412	502	89	0	29	3619	450	742	2,0,0,0,0,0	26705	154	116	23337	252	0	23142,21203,21203,13181,13181,13181,13181	1	12	22955,30,0,0,0,0,0	79	3837
174786	233	404	268	141	129	42	16	3	2073	236	415	497	257	1	42	3470	451	782	5,0,0,0,0,0	26671	174	131	23500	256	0	23398,21446,21446,13313,13313,13313,13313	1	15	23079,72,0,0,0,0,0	70	3975
174733	259	437	253	140	133	40	13	4	2076	239	419	514	252	0	32	3547	460	815	9,0,0,0,0,0	26706	163	137	23674	259	0	23664,21700,21700,13459,13459,13459,13459	1	19	23204,123,0,0,0,0,0	71	4105
174675	270	491	253	132	133	42	11	4	2070	240	425	508	230	0	27	3388	427	905	14,0,0,0,0,0	26651	174	137	23861	261	0	23942,21966,21966,13614,13614,13614,13614	1	11	23316,199,0,0,0,0,0	71	4248
174620	275	537	250	132	141	42	11	3	2064	242	429	520	286	1	48	2964	428	960	19,0,0,0,0,0	38366	160	139	24039	263	0	24201,22213,22213,13757,13757,13757,13757	1	10	23416,278,0,0,0,0,0	73	4374
174559	292	547	277	144	146	41	11	4	2048	243	434	535	295	0	44	2812	415	1043	24,0,0,0,0,0	37753	125	138	24225	266	0	24463,22462,22462,13903,13903,13903,13903	1	9	23501,380,0,0,0,0,0	64	4469
174501	281	557	298	172	149	41	9	5	2053	244	436	509	329	3	47	3057	434	1073	27,0,0,0,0,0	25856	140	181	24401	271	0	24728,22717,22716,14048,14048,14048,14048	1	15	23602,456,0,0,0,0,0	62	4574
174419	297	586	299	176	149	41	10	4	2080	247	438	515	258	4	61	3085	471	1087	30,0,0,0,0,0	26256	132	213	24610	276	0	25010,22988,22987,14216,14216,14216,14216	1	18	23730,540,0,0,0,0,0	62	4664
174364	297	605	329	176	163	44	11	4	2065	248	440	517	253	2	58	3040	500	1125	34,0,0,0,0,0	26095	119	206	24810	282	0	25291,23256,23255,14370,14370,14370,14370	1	20	23833,641,0,0,0,0,0	73	4758
174315	305	585	373	166	170	44	13	3	2081	249	442	524	294	2	48	3245	508	1148	37,0,0,0,0,0	26283	158	194	24994	293	0	25556,23508,23507,14512,14512,14512,14512	1	16	23918,744,0,0,0,0,0	75	4873
174215	331	602	360	177	186	45	16	3	2118	249	444	546	274	4	60	3603	539	1178	40,0,0,0,0,0	26503	140	231	25220	298	0	25857,23799,23798,14698,14698,14698,14698	1	13	24030,862,0,0,0,0,0	73	4973
174157	334	611	373	166	189	46	17	4	2153	249	447	531	294	2	59	3621	559	1177	42,0,0,0,0,0	38630	109	189	25407	301	0	26121,24052,24050,14845,14845,14845,14845	1	12	24120,960,0,0,0,0,0	84	5051
174096	355	600	372	159	189	51	18	4	2203	249	450	528	283	2	55	3905	574	1170	44,0,0,0,0,0	38399	311	192	25597	304	0	26348,24269,24266,14974,14974,14974,14974	1	10	24200,1071,0,0,0,0,0	90	5288
174027	337	643	384	184	176	51	20	4	2216	250	454	531	308	0	63	4143	609	1186	47,0,0,0,0,0	26941	248	209	25803	307	0	26596,24506,24502,15116,15116,15116,15116	1	9	24283,1197,0,0,0,0,0	97	5490
173984	327	639	388	193	178	49	21	3	2253	253	458	514	257	3	57	4256	610	1185	50,0,0,0,0,0	27200	287	191	25993	312	0	26820,24719,24713,15232,15232,15232,15232	1	13	24350,1324,0,0,0,0,0	85	5697
173920	322	668	375	184	183	49	21	4	2305	253	462	495	258	2	59	4406	616	1186	53,0,0,0,0,0	27164	284	207	26199	313	0	27058,24948,24939,15366,15366,15366,15366	1	5	24416,1464,0,0,0,0,0	88	5918
173867	328	668	390	205	183	52	22	4	2309	254	464	509	255	4	57	4335	623	1225	55,0,0,0,0,0	27299	302	221	26417	317	0	27312,25190,25179,15503,15503,15503,15503	1	12	24498,1602,0,0,0,0,0	94	6137
173773	356	698	394	197	195	55	22	3	2328	257	468	514	207	3	65	4289	640	1277	57,0,0,0,0,0	27123	288	258	26670	323	0	27601,25468,25455,15677,15677,15677,15677	1	12	24577,1780,0,0,0,0,0	102	6341
173691	363	691	430	212	205	55	25	4	2341	258	471	504	318	4	43	4284	637	1344	59,0,0,0,0,0	39088	302	232	26895	331	0	27854,25712,25696,15828,15828,15828,15828	1	13	24647,1939,0,0,0,0,0	103	6559
173644	346	682	459	213	206	59	27	5	2373	259	473	503	317	2	71	4548	681	1311	61,0,0,0,0,0	39489	604	203	27093	338	0	28180,26031,26012,15999,15999,15999,15999	1	9	24707,2083,0,0,0,0,0	111	6978
173487	379	759	453	205	206	60	29	6	2426	262	474	522	286	4	80	4754	717	1374	64,0,0,0,0,0	27635	610	312	27396	348	0	28593,26439,26415,16268,16268,16268,16268	1	23	24788,2311,0,0,0,0,0	118	7330
173341	434	775	453	214	213	59	30	6	2481	264	476	536	252	6	56	4678	706	1472	66,0,0,0,0,0	27825	587	299	27683	361	0	28994,26833,26807,16527,16527,16527,16527	1	11	24852,2542,0,0,0,0,0	122	7852
173202	446	833	470	216	220	60	29	7	2520	266	477	542	237	0	70	4641	749	1525	69,0,0,0,0,0	27463	609	300	27969	375	0	29392,27229,27197,16780,16780,16780,16780	1	16	24910,2778,0,0,0,0,0	115	8396
173062	441	876	482	236	230	64	34	8	2565	267	481	518	259	2	70	4852	756	1607	71,0,0,0,0,0	27997	631	302	28262	385	0	29807,27640,27603,17043,17043,17043,17043	1	16	24970,3018,0,0,0,0,0	119	8965
172878	510	895	501	243	234	68	33	7	2618	270	489	501	245	2	99	4988	810	1674	73,0,0,0,0,0	27934	605	344	28599	394	0	30257,28084,28043,17345,17345,17345,17345	1	17	25032,3299,0,0,0,0,0	128	9496
172722	492	919	535	261	254	74	33	7	2687	272	490	466	289	3	59	4944	796	1772	75,0,0,0,0,0	39419	608	300	28892	404	0	30658,28483,28437,17610,17610,17610,17610	1	13	25072,3561,0,0,0,0,0	144	10039
172580	486	975	531	270	262	75	37	5	2758	275	492	469	260	4	93	5171	865	1771	76,0,0,0,0,0	39645	806	307	29197	407	0	31135,28955,28904,17903,17903,17903,17903	1	13	25133,3807,0,0,0,0,0	148	10759
172342	551	1013	565	279	269	79	41	4	2828	277	498	481	308	2	76	5460	884	1913	77,0,0,0,0,0	28505	826	420	29607	418	0	31700,29518,29459,18288,18288,18288,18288	1	18	25201,4156,0,0,0,0,0	146	11478
172137	596	1042	579	291	279	80	41	3	2918	281	499	470	304	1	88	5443	910	1998	78,0,0,0,0,0	28529	804	400	29994	433	0	32292,30109,30042,18669,18669,18669,18669	1	19	25258,4498,0,0,0,0,0	155	12181
171876	601	1131	612	309	292	77	42	3	3015	284	504	480	247	4	104	5608	962	2102	80,0,0,0,0,0	28489	801	421	30409	443	0	32933,30751,30677,19104,19104,19104,19104	1	20	25317,4864,0,0,0,0,0	157	12878
171586	668	1214	626	304	301	81	49	2	3124	284	507	464	293	4	117	5844	1000	2243	81,0,0,0,0,0	28472	813	483	30882	454	0	33626,31445,31361,19580,19580,19580,19580	1	21	25383,5280,0,0,0,0,0	168	13576
171300	721	1323	645	321	312	81	52	4	3190	285	512	467	263	3	118	6562	1099	2356	82,0,0,0,0,0	29196	785	487	31357	471	0	34316,32138,32044,20054,20054,20054,20054	2	24	25442,5706,0,0,0,0,0	169	14276
171043	710	1418	694	321	346	84	54	4	3271	287	514	477	312	5	99	6886	1161	2466	83,0,0,0,0,0	41233	783	455	31796	488	0	34963,32789,32684,20494,20494,20494,20494	2	26	25498,6104,0,0,0,0,0	191	14928
170816	670	1436	748	347	382	87	57	6	3393	288	516	470	293	5	94	6786	1175	2552	85,0,0,0,0,0	41198	880	426	32210	501	0	35641,33471,33356,20931,20931,20931,20931	2	18	25533,6493,0,0,0,0,0	190	15686
170488	717	1465	804	387	405	88	51	8	3518	295	520	460	267	7	132	7273	1261	2656	86,0,0,0,0,0	46407	886	526	32719	520	0	36415,34248,34122,21464,21464,21464,21464	2	28	25574,6976,0,0,0,0,0	188	16437
170233	740	1425	857	421	407	88	54	6	3691	299	525	463	275	4	141	7944	1328	2664	87,0,0,0,0,0	47079	868	465	33174	532	0	37115,34958,34818,21926,21926,21926,21926	2	26	25622,7394,0,0,0,0,0	186	17171
169963	716	1504	855	443	405	91	56	7	3877	301	528	472	300	7	134	8158	1402	2668	87,0,0,0,0,0	47206	913	477	33640	550	0	37829,35681,35528,22401,22401,22401,22401	2	26	25671,7828,0,0,0,0,0	187	17957
169717	736	1538	886	459	426	95	56	9	3991	303	530	436	327	6	127	8510	1452	2744	88,0,0,0,0,0	47289	875	497	34115	576	0	38551,36414,36244,22872,22872,22872,22872	2	40	25702,8294,0,0,0,0,0	192	18707
169452	780	1523	926	454	452	99	63	8	4151	305	533	450	263	7	144	8801	1532	2765	89,0,0,0,0,0	47578	876	496	34590	597	0	39271,37146,36961,23351,23351,23351,23351	2	20	25739,8745,0,0,0,0,0	195	19450
169347	728	1486	916	469	466	97	68	9	4318	308	534	458	313	5	122	9040	1541	2689	90,0,0,0,0,0	71657	918	363	34937	616	0	39843,37730,37527,23677,23677,23677,23677	2	22	25760,9089,0,0,0,0,0	222	20217
169228	657	1443	932	484	469	101	68	10	4506	314	534	440	319	10	155	8636	1541	2613	90,0,0,0,0,0	71455	602	370	35299	626	0	40517,38417,38197,24060,24060,24060,24060	2	15	25784,9434,0,0,0,0,0	228	20703
169040	653	1466	913	470	471	107	74	12	4682	318	540	422	323	5	168	8744	1626	2528	91,0,0,0,0,0	47910	649	460	35738	649	0	41253,39164,38927,24505,24505,24505,24505	2	35	25801,9875,0,0,0,0,0	222	21220
168871	669	1454	918	459	481	115	72	14	4825	323	545	393	306	3	139	9032	1577	2591	91,0,0,0,0,0	47491	651	473	36193	669	0	41991,39919,39660,24948,24948,24948,24948	2	36	25823,10323,0,0,0,0,0	237	21747
168704	682	1487	909	465	469	117	75	17	4948	325	548	400	253	8	142	8906	1556	2648	92,0,0,0,0,0	47742	636	458	36632	690	0	42737,40683,40403,25392,25392,25392,25392	3	26	25841,10760,0,0,0,0,0	230	22256
168531	712	1471	904	479	448	114	80	16	5110	330	551	404	308	8	138	8811	1502	2706	92,0,0,0,0,0	47610	640	466	37075	715	0	43479,41446,41144,25840,25840,25840,25840	3	26	25857,11209,0,0,0,0,0	232	22767
168389	739	1425	915	504	450	118	79	16	5224	335	552	415	288	11	122	8367	1473	2757	93,0,0,0,0,0	47179	609	450	37509	734	0	44200,42189,41863,26265,26265,26265,26265	3	21	25874,11639,0,0,0,0,0	232	23283
168309	708	1400	929	468	471	118	79	17	5356	336	555	393	249	5	131	8258	1426	2747	94,0,0,0,0,0	71174	632	409	37905	749	0	44894,42906,42554,26647,26647,26647,26647	3	18	25886,12030,0,0,0,0,0	242	23787
168273	642	1380	944	461	479	126	79	14	5448	342	558	410	258	5	157	8082	1442	2669	94,0,0,0,0,0	71097	870	357	38249	762	0	45500,43538,43162,26973,26973,26973,26973	2	18	25900,12372,0,0,0,0,0	240	24512
168116	654	1433	943	474	446	128	73	15	5554	347	563	369	328	9	159	8602	1454	2697	95,0,0,0,0,0	47797	911	482	38710	784	0	46227,44296,43895,27433,27433,27433,27433	2	23	25909,12841,0,0,0,0,0	242	25247
167981	699	1412	955	479	439	124	71	12	5655	355	564	361	234	4	153	8986	1498	2681	95,0,0,0,0,0	47721	873	464	39159	802	0	46985,45078,44651,27857,27857,27857,27857	2	17	25919,13295,0,0,0,0,0	234	25932
167860	707	1464	943	461	433	125	73	13	5744	358	565	369	257	7	144	8884	1491	2715	95,0,0,0,0,0	47650	871	455	39598	821	0	47738,45855,45402,28268,28268,28268,28268	2	22	25923,13742,0,0,0,0,0	244	26640
167724	690	1511	961	464	456	131	72	14	5794	359	570	370	237	10	139	8901	1482	2803	96,0,0,0,0,0	47653	864	479	40053	849	0	48516,46659,46177,28699,28699,28699,28699	2	26	25937,14203,0,0,0,0,0	242	27313
167592	706	1505	969	478	475	126	71	13	5873	365	573	373	266	8	150	8906	1480	2850	96,0,0,0,0,0	47823	874	491	40522	875	0	49283,47454,46943,29126,29126,29126,29126	2	26	25945,14682,0,0,0,0,0	242	27999
167536	683	1443	967	485	467	140	68	15	5995	371	576	409	261	8	115	8879	1429	2824	96,0,0,0,0,0	71430	874	374	40883	891	0	49957,48152,47615,29466,29466,29466,29466	2	16	25954,15047,0,0,0,0,0	256	28702
167566	587	1415	965	488	465	144	64	16	6084	374	578	409	301	11	158	8892	1436	2692	96,0,0,0,0,0	71998	1082	327	41196	907	0	50716,48935,48370,29802,29802,29802,29802	2	16	25960,15362,0,0,0,0,0	265	29592
167513	600	1364	969	484	471	138	69	17	6161	376	584	410	323	1	132	8934	1413	2682	97,0,0,0,0,0	47884	1093	433	41610	928	0	51581,49831,49235,30235,30235,30235,30235	2	24	25967,15782,0,0,0,0,0	243	30452
167447	661	1338	955	484	445	147	75	15	6214	380	585	411	253	12	145	9072	1387	2718	97,0,0,0,0,0	48044	1064	456	42051	948	0	52430,50712,50083,30666,30666,30666,30666	2	27	25973,16231,0,0,0,0,0	250	31286
167382	662	1360	946	478	433	143	73	16	6282	384	587	421	353	3	154	8437	1356	2739	97,0,0,0,0,0	48022	1076	447	42478	969	0	53278,51591,50931,31096,31096,31096,31096	2	29	25979,16668,0,0,0,0,0	261	32140
167334	662	1374	929	459	434	136	71	17	6348	390	592	422	306	8	124	8150	1314	2751	98,0,0,0,0,0	47563	1109	435	42891	993	0	54106,52449,51758,31507,31507,31507,31507	2	30	25980,17098,0,0,0,0,0	256	33004
167274	668	1383	934	457	423	144	77	17	6380	394	595	412	288	5	139	8004	1308	2778	98,0,0,0,0,0	47112	1058	441	43306	1020	0	54941,53316,52593,31927,31927,31927,31927	2	25	25983,17532,0,0,0,0,0	256	33799
167295	652	1333	893	467	413	132	75	20	6469	401	596	398	234	4	119	7735	1276	2689	98,0,0,0,0,0	70801	1047	360	43648	1041	0	55701,54109,53353,32274,32274,32274,32274	2	16	25984,17886,0,0,0,0,0	255	34602
167393	584	1283	896	463	412	134	74	17	6484	408	598	417	243	7	139	7664	1246	2600	98,0,0,0,0,0	70604	1403	304	43934	1060	0	56489,54931,54142,32591,32591,32591,32591	2	21	25989,18180,0,0,0,0,0	261	35698
167392	584	1290	864	440	405	136	73	19	6532	412	599	396	270	10	161	7789	1237	2555	98,0,0,0,0,0	46943	1354	398	44320	1077	0	57373,55849,55026,32996,32996,32996,32996	2	23	25993,18574,0,0,0,0,0	260	36704
167451	581	1280	867	425	401	128	68	21	6507	416	601	413	312	13	138	8448	1268	2482	98,0,0,0,0,0	47609	1399	382	44681	1098	0	58223,56735,55876,33360,33360,33360,33360	2	16	25994,18948,0,0,0,0,0	244	37773
167470	581	1217	845	427	426	132	70	18	6538	418	604	422	261	9	125	8326	1268	2430	98,0,0,0,0,0	47272	1341	356	45022	1116	0	59077,57623,56731,33738,33738,33738,33738	2	15	25996,19300,0,0,0,0,0	233	38806
167499	579	1192	864	438	392	127	66	20	6541	422	606	410	266	7	125	8227	1202	2456	98,0,0,0,0,0	39475	1354	386	45383	1141	0	59941,58524,57597,34116,34116,34116,34116	2	17	25997,19681,0,0,0,0,0	223	39818
167517	609	1212	868	406	396	132	60	20	6486	431	609	402	316	5	138	8346	1199	2484	98,0,0,0,0,0	39272	1398	426	45784	1168	0	60796,59418,58453,34505,34505,34505,34505	2	21	26001,20097,0,0,0,0,0	217	40852
167631	597	1132	863	407	400	128	57	21	6463	437	610	408	285	3	115	8021	1165	2419	99,0,0,0,0,0	41589	1375	299	46065	1187	0	61550,60210,59209,34796,34796,34796,34796	2	20	26001,20393,0,0,0,0,0	226	41888
167809	510	1140	801	376	380	127	59	21	6468	444	611	408	274	13	128	7840	1126	2267	99,0,0,0,0,0	41202	1090	269	46322	1201	0	62273,60973,59932,35033,35033,35033,35033	2	10	26001,20660,0,0,0,0,0	222	42691
167897	488	1141	825	358	370	127	57	21	6402	449	611	415	277	5	136	7787	1133	2233	99,0,0,0,0,0	38837	1104	334	46636	1222	0	63058,61795,60718,35340,35340,35340,35340	2	14	26003,20991,0,0,0,0,0	226	43499
168003	513	1087	832	353	337	127	62	19	6349	449	615	411	295	1	119	7809	1105	2206	99,0,0,0,0,0	38772	1084	328	46947	1240	0	63845,62620,61506,35638,35638,35638,35638	2	20	26003,21313,0,0,0,0,0	229	44266
168088	475	1105	846	327	314	120	60	15	6320	458	618	401	300	4	105	7532	1068	2179	99,0,0,0,0,0	38576	1136	325	47253	1260	0	64617,63430,62279,35938,35938,35938,35938	2	21	26006,21634,0,0,0,0,0	224	45075
168193	473	1067	852	338	323	113	63	13	6227	459	625	395	273	3	96	6630	1021	2208	99,0,0,0,0,0	38603	1081	337	47576	1279	0	65409,64261,63071,36235,36235,36235,36235	2	20	26006,21965,0,0,0,0,0	219	45831
168269	503	1045	815	317	303	104	59	13	6224	467	627	394	277	6	98	6486	956	2190	99,0,0,0,0,0	37602	1158	322	47885	1295	0	66189,65076,63851,36537,36537,36537,36537	2	19	26008,22284,0,0,0,0,0	204	46588
168434	495	972	786	336	299	104	60	13	6150	469	628	406	258	2	80	6223	915	2137	99,0,0,0,0,0	40223	1126	258	48127	1314	0	66892,65818,64556,36767,36767,36767,36767	2	18	26008,22540,0,0,0,0,0	195	47322
168592	461	977	738	326	300	101	61	14	6076	472	628	394	289	7	106	6057	903	2061	99,0,0,0,0,0	39836	929	255	48369	1328	0	67584,66549,65250,36986,36986,36986,36986	2	6	26009,22792,0,0,0,0,0	197	47949
168715	447	972	735	321	306	92	62	9	5982	474	631	420	295	7	104	6347	913	2022	99,0,0,0,0,0	30757	920	289	48640	1346	0	68318,67322,65988,37236,37236,37236,37236	1	16	26010,23076,0,0,0,0,0	184	48536
168841	423	923	727	305	278	86	62	8	5982	475	636	418	233	1	94	6211	861	1943	99,0,0,0,0,0	30939	947	252	48873	1365	0	68991,68031,66665,37460,37460,37460,37460	1	10	26011,23323,0,0,0,0,0	172	49129
168993	421	897	718	299	284	86	65	9	5861	476	637	431	271	7	89	5843	833	1937	99,0,0,0,0,0	30728	887	273	49134	1378	0	69703,68781,67378,37688,37688,37688,37688	1	14	26011,23595,0,0,0,0,0	168	49721
169135	421	861	689	292	275	83	63	10	5797	480	640	451	223	6	106	5629	797	1887	99,0,0,0,0,0	30629	913	243	49369	1386	0	70370,69484,68048,37899,37899,37899,37899	1	16	26012,23836,0,0,0,0,0	170	50309
169237	427	850	660	280	267	78	61	11	5752	483	640	450	305	5	78	5399	740	1883	99,0,0,0,0,0	25270	951	262	49614	1404	0	71048,70198,68731,38134,38134,38134,38134	1	24	26012,24097,0,0,0,0,0	167	50931
169438	370	821	649	251	257	74	57	10	5687	492	640	444	245	1	84	5481	692	1787	99,0,0,0,0,0	31549	925	175	49779	1415	0	71650,70835,69335,38283,38283,38283,38283	1	10	26012,24271,0,0,0,0,0	156	51554
169632	324	806	641	234	249	71	55	10	5586	495	643	444	308	3	77	5290	664	1716	99,0,0,0,0,0	31386	1245	188	49953	1430	0	72274,71495,69963,38438,38438,38438,38438	1	6	26012,24455,0,0,0,0,0	156	52446
169813	331	769	605	251	241	65	51	10	5464	500	646	432	318	5	81	5435	652	1661	99,0,0,0,0,0	24731	1227	216	50160	1441	0	72904,72163,70597,38604,38604,38604,38604	1	12	26013,24669,0,0,0,0,0	140	53328
169957	326	722	624	242	243	67	47	9	5354	504	651	458	229	2	84	5635	660	1611	99,0,0,0,0,0	25152	1261	212	50356	1458	0	73535,72829,71233,38787,38787,38787,38787	1	7	26013,24874,0,0,0,0,0	133	54229
170130	312	691	625	237	212	61	46	7	5264	507	654	463	232	6	85	5479	639	1545	99,0,0,0,0,0	25233	1217	191	50534	1472	0	74141,73469,71844,38941,38941,38941,38941	1	10	26013,25061,0,0,0,0,0	127	55104
170310	298	660	599	221	208	62	43	9	5166	513	657	471	292	3	75	5114	636	1455	99,0,0,0,0,0	24976	1226	175	50694	1487	0	74737,74100,72445,39086,39086,39086,39086	1	8	26013,25233,0,0,0,0,0	119	55974
170504	287	625	588	198	197	57	41	10	5061	516	662	458	266	6	74	5275	608	1385	99,0,0,0,0,0	24911	1234	154	50837	1498	0	75314,74712,73028,39224,39224,39224,39224	1	6	26013,25385,0,0,0,0,0	114	56845
170728	252	602	557	189	202	49	37	13	4933	518	666	458	296	2	47	5208	573	1315	99,0,0,0,0,0	29148	1170	130	50959	1506	0	75863,75296,73582,39335,39335,39335,39335	1	7	26013,25513,0,0,0,0,0	102	57699
170938	226	557	535	189	195	51	34	11	4817	522	671	479	292	3	50	5110	531	1256	99,0,0,0,0,0	29482	566	133	51083	1516	0	76611,76078,74338,39551,39551,39551,39551	1	7	26013,25641,0,0,0,0,0	104	58085
171166	208	512	514	180	195	58	33	12	4669	525	674	466	254	6	68	5018	525	1175	99,0,0,0,0,0	23753	575	118	51199	1519	0	77328,76829,75062,39738,39738,39738,39738	1	7	26013,25759,0,0,0,0,0	106	58482
171376	192	474	480	169	167	51	29	14	4588	528	678	479	268	4	54	4864	489	1073	100,0,0,0,0,0	23807	539	110	51300	1528	0	78055,77590,75799,39942,39942,39942,39942	1	7	26013,25867,0,0,0,0,0	101	58863
171584	170	458	450	152	158	50	25	15	4471	530	683	503	278	2	46	4620	440	1023	100,0,0,0,0,0	23470	579	113	51410	1532	0	78772,78338,76522,40134,40134,40134,40134	1	6	26013,25981,0,0,0,0,0	92	59255
171796	169	419	410	141	141	46	23	16	4367	532	686	497	234	3	37	4266	380	969	100,0,0,0,0,0	23250	582	110	51512	1540	0	79478,79077,77237,40322,40322,40322,40322	0	4	26013,26089,0,0,0,0,0	85	59649
172022	165	402	399	123	135	42	21	15	4198	533	691	485	232	4	44	4201	352	935	100,0,0,0,0,0	22730	579	99	51609	1543	0	80193,79823,77959,40509,40509,40509,40509	0	4	26013,26187,0,0,0,0,0	76	60058
172238	148	371	376	131	121	42	20	14	4057	535	693	485	328	1	34	3847	336	873	100,0,0,0,0,0	28135	562	87	51691	1548	0	80891,80551,78665,40696,40696,40696,40696	0	5	26013,26274,0,0,0,0,0	70	60475
172478	136	334	360	112	118	41	21	14	3897	536	699	486	247	0	36	3623	321	801	100,0,0,0,0,0	27930	852	75	51765	1549	0	81300,80989,79079,40710,40710,40710,40710	0	3	26013,26349,0,0,0,0,0	71	61084
172679	123	314	351	109	107	36	18	11	3757	539	702	503	317	2	37	3206	304	754	100,0,0,0,0,0	17101	816	84	51843	1555	0	81718,81435,79504,40739,40739,40739,40739	0	2	26013,26431,0,0,0,0,0	63	61668
172871	132	311	330	95	91	38	16	9	3608	540	705	500	102	0	24	2872	275	738	100,0,0,0,0,0	16641	837	83	51924	1558	0	82127,81871,79921,40771,40771,40771,40771	0	2	26013,26514,0,0,0,0,0	59	62269
173082	132	271	291	94	93	33	15	7	3480	542	706	524	249	1	22	2768	245	684	100,0,0,0,0,0	16589	867	67	51988	1562	0	82537,82305,80336,40791,40791,40791,40791	0	2	26013,26581,0,0,0,0,0	54	62884
173270	111	275	272	92	82	29	12	9	3339	544	711	505	264	0	31	2237	226	647	100,0,0,0,0,0	16189	799	74	52057	1567	0	82931,82721,80736,40814,40814,40814,40814	0	5	26013,26653,0,0,0,0,0	47	63456
173403	99	263	265	94	75	32	11	7	3236	545	716	496	233	1	32	2026	209	630	100,0,0,0,0,0	15834	780	65	52119	1572	0	83347,83157,81161,40886,40886,40886,40886	0	2	26013,26720,0,0,0,0,0	49	64027
173566	93	239	264	76	74	28	12	4	3126	546	718	529	236	1	33	1914	206	580	100,0,0,0,0,0	26347	792	58	52176	1574	0	83748,83576,81568,40938,40938,40938,40938	0	0	26013,26779,0,0,0,0,0	49	64594
173728	96	229	241	70	71	23	11	3	3005	548	721	511	251	0	23	1818	196	545	100,0,0,0,0,0	26219	1023	64	52236	1578	0	84168,84017,81995,40987,40987,40987,40987	0	4	26013,26843,0,0,0,0,0	43	65312
173894	106	225	206	63	66	20	10	3	2879	549	725	487	105	0	22	1851	190	506	100,0,0,0,0,0	15765	1059	66	52301	1579	0	84572,84440,82405,41021,41021,41021,41021	0	3	26013,26909,0,0,0,0,0	37	66090
174036	104	219	194	59	67	12	9	3	2765	550	728	502	267	0	19	1765	166	498	100,0,0,0,0,0	15430	1077	59	52359	1581	0	84983,84868,82822,41073,41073,41073,41073	0	2	26013,26969,0,0,0,0,0	26	66847
174199	102	219	176	54	55	11	8	4	2634	551	733	500	285	1	30	1996	170	455	100,0,0,0,0,0	15324	1081	49	52406	1583	0	85386,85290,83231,41101,41101,41101,41101	0	0	26013,27017,0,0,0,0,0	20	67629
174361	86	210	185	50	52	11	9	4	2492	551	735	488	245	0	7	1979	149	454	100,0,0,0,0,0	15695	1046	44	52448	1585	0	85775,85696,83626,41126,41126,41126,41126	0	3	26013,27060,0,0,0,0,0	23	68393
174480	92	204	170	48	54	10	10	4	2381	551	742	505	262	0	15	1961	142	446	100,0,0,0,0,0	15571	1086	58	52504	1587	0	86193,86129,84049,41184,41184,41184,41184	0	1	26013,27117,0,0,0,0,0	24	69177
174604	86	181	177	45	54	9	10	3	2281	551	745	493	169	1	12	1983	127	435	100,0,0,0,0,0	21401	1074	42	52544	1589	0	86586,86535,84448,41232,41232,41232,41232	0	2	26013,27157,0,0,0,0,0	22	69951
174730	82	170	177	41	45	12	11	3	2174	551	750	502	232	0	17	1967	125	413	100,0,0,0,0,0	21249	327	51	52591	1593	0	87143,87107,85012,41359,41359,41359,41359	0	1	26013,27206,0,0,0,0,0	21	70180
174829	91	163	176	47	44	10	8	3	2069	555	751	519	82	0	16	2118	129	410	100,0,0,0,0,0	12947	318	59	52643	1600	0	87720,87697,85596,41495,41495,41495,41495	0	0	26013,27260,0,0,0,0,0	20	70401
174945	77	170	162	42	49	10	10	3	1969	556	753	524	251	1	14	1866	130	390	100,0,0,0,0,0	12887	338	41	52682	1602	0	88287,88279,86171,41627,41627,41627,41627	0	1	26013,27301,0,0,0,0,0	18	70636
175058	66	159	162	40	39	8	10	3	1889	556	756	533	95	0	21	1643	116	368	100,0,0,0,0,0	12644	337	35	52716	1604	0	88847,88852,86739,41750,41750,41750,41750	0	1	26013,27335,0,0,0,0,0	21	70880
175161	65	157	148	41	30	7	9	3	1808	557	760	549	72	1	7	1784	98	359	100,0,0,0,0,0	12723	366	45	52759	1606	0	89404,89422,87304,41882,41882,41882,41882	0	0	26013,27378,0,0,0,0,0	20	71120
175276	65	149	135	39	35	7	9	3	1709	557	762	541	257	1	9	1718	90	349	100,0,0,0,0,0	12544	322	46	52802	1609	0	89969,90002,87878,42016,42016,42016,42016	0	1	26013,27423,0,0,0,0,0	22	71341
175361	67	136	131	38	45	8	8	3	1628	557	764	538	313	0	17	1304	91	342	100,0,0,0,0,0	21045	353	41	52840	1614	0	90525,90567,88440,42155,42155,42155,42155	0	1	26013,27465,0,0,0,0,0	23	71595
175458	69	123	123	31	42	8	10	2	1556	557	767	579	289	1	15	1408	90	316	100,0,0,0,0,0	20864	324	32	52871	1615	0	90681,90734,88599,42060,42060,42060,42060	0	1	26013,27496,0,0,0,0,0	22	71832
175551	60	118	110	34	36	11	10	2	1486	557	771	540	253	2	21	1522	92	287	100,0,0,0,0,0	12536	277	26	52896	1616	0	90828,90891,88750,41955,41955,41955,41955	0	2	26013,27521,0,0,0,0,0	22	72023
175622	53	127	100	31	38	9	9	3	1419	557	778	569	231	0	7	1551	89	278	100,0,0,0,0,0	12249	335	38	52933	1617	0	90984,91057,88908,41864,41864,41864,41864	0	2	26013,27558,0,0,0,0,0	24	72255
175700	54	117	105	33	36	8	9	3	1345	557	779	566	155	0	15	1318	90	272	100,0,0,0,0,0	12157	321	32	52963	1619	0	91143,91227,89072,41774,41774,41774,41774	0	1	26013,27590,0,0,0,0,0	21	72474
175773	50	108	111	33	39	8	8	3	1270	558	785	565	279	0	9	1276	91	266	100,0,0,0,0,0	12064	308	28	52989	1621	0	91302,91394,89235,41686,41686,41686,41686	0	1	26013,27618,0,0,0,0,0	19	72699
175860	45	100	93	33	36	8	5	5	1213	559	789	565	253	0	11	1371	82	238	100,0,0,0,0,0	12095	326	18	53006	1622	0	91446,91546,89381,41582,41582,41582,41582	0	0	26013,27635,0,0,0,0,0	14	72910
175932	36	96	94	32	26	9	5	4	1163	559	790	550	92	0	6	980	68	230	100,0,0,0,0,0	20544	342	23	53026	1625	0	91607,91715,89546,41493,41493,41493,41493	0	1	26013,27655,0,0,0,0,0	14	73156
175998	38	91	83	33	25	10	4	3	1107	560	794	544	91	0	5	1018	61	223	100,0,0,0,0,0	20162	163	25	53050	1626	0	91840,91957,89785,41456,41456,41456,41456	0	1	26013,27679,0,0,0,0,0	15	73267
176063	39	105	71	28	22	7	4	3	1049	560	795	519	82	0	12	1046	60	216	100,0,0,0,0,0	11917	170	31	53078	1629	0	92049,92174,89999,41401,41401,41401,41401	0	2	26013,27708,0,0,0,0,0	12	73381
176120	43	80	83	31	23	7	3	2	995	561	798	538	124	1	9	933	54	216	100,0,0,0,0,0	11720	164	27	53103	1631	0	92279,92412,90234,41364,41364,41364,41364	0	0	26013,27735,0,0,0,0,0	11	73484
176171	44	73	84	26	24	8	3	2	946	561	804	566	5135	5	8	793	53	209	100,0,0,0,0,0	11614	167	27	53130	1631	0	92509,92649,90470,41330,41330,41330,41330	0	3	26013,27762,0,0,0,0,0	10	73598
176246	35	78	77	23	22	7	3	1	887	562	805	564	2699	4	8	663	61	184	100,0,0,0,0,0	11541	183	13	53142	1632	0	92711,92859,90677,41266,41266,41266,41266	0	1	26013,27775,0,0,0,0,0	10	73721
176298	20	92	70	22	21	9	3	2	839	562	808	532	1391	3	9	672	73	164	100,0,0,0,0,0	11523	191	17	53156	1635	0	92910,93065,90882,41208,41208,41208,41208	0	2	26013,27791,0,0,0,0,0	9	73850
176341	27	83	72	20	16	9	3	2	799	562	812	557	768	1	4	692	70	160	100,0,0,0,0,0	20070	155	20	53175	1637	0	93129,93291,91107,41174,41174,41174,41174	0	0	26013,27812,0,0,0,0,0	12	73949
176389	27	72	60	20	20	9	3	2	768	562	814	569	441	1	4	629	63	148	100,0,0,0,0,0	20154	187	14	53188	1638	0	93353,93520,91338,41144,41144,41144,41144	0	2	26013,27826,0,0,0,0,0	12	74078
176435	29	64	57	21	21	7	3	2	730	562	815	564	3058	0	4	595	62	140	100,0,0,0,0,0	22211	142	16	53203	1639	0	93593,93764,91584,41114,41114,41114,41114	0	1	26013,27842,0,0,0,0,0	10	74173
176478	25	61	55	19	21	7	3	2	693	562	820	581	2690	0	4	604	54	137	100,0,0,0,0,0	22056	178	14	53216	1640	0	93827,94005,91826,41091,41091,41091,41091	0	0	26013,27856,0,0,0,0,0	10	74293
176525	18	56	56	16	23	8	2	3	651	562	826	592	2072	1	7	669	48	131	100,0,0,0,0,0	22108	162	16	53232	1640	0	94070,94253,92076,41064,41064,41064,41064	0	0	26013,27872,0,0,0,0,0	11	74401
176560	21	50	54	16	22	8	2	3	616	562	832	581	1425	1	7	895	51	122	100,0,0,0,0,0	22452	167	15	53247	1640	0	94306,94495,92319,41041,41041,41041,41041	0	2	26013,27887,0,0,0,0,0	13	74502
176590	12	52	51	16	20	7	2	2	596	562	836	586	922	2	4	858	49	111	100,0,0,0,0,0	22166	166	8	53255	1640	0	94554,94746,92574,41026,41026,41026,41026	0	0	26013,27895,0,0,0,0,0	11	74613
176623	10	45	52	15	16	7	1	3	569	562	843	567	2029	1	7	810	45	101	100,0,0,0,0,0	20161	160	10	53264	1641	0	94789,94984,92816,41008,41008,41008,41008	0	1	26013,27904,0,0,0,0,0	9	74725
176649	14	41	44	14	12	7	2	2	552	562	847	589	2256	1	3	951	34	100	100,0,0,0,0,0	20357	188	16	53280	1641	0	94827,95025,92855,40862,40862,40862,40862	0	2	26013,27920,0,0,0,0,0	10	74849
176686	15	38	43	10	13	7	1	2	520	563	848	586	2192	0	6	822	34	93	100,0,0,0,0,0	22390	184	10	53290	1641	0	94834,95036,92865,40690,40690,40690,40690	0	0	26013,27930,0,0,0,0,0	11	74961
176713	14	38	41	9	13	7	1	2	493	563	852	612	1782	0	1	789	31	92	100,0,0,0,0,0	22414	171	11	53300	1642	0	94858,95064,92891,40533,40533,40533,40533	0	0	26013,27941,0,0,0,0,0	10	75062
176745	13	30	44	10	12	6	1	2	467	563	853	624	1394	1	6	797	35	81	100,0,0,0,0,0	22296	170	7	53307	1642	0	94879,95087,92914,40367,40367,40367,40367	0	0	26013,27948,0,0,0,0,0	8	75179
176786	13	25	42	11	12	6	1	2	430	563	855	624	1663	0	2	804	34	76	100,0,0,0,0,0	22373	160	6	53312	1643	0	94897,95109,92935,40205,40205,40205,40205	0	0	26013,27953,0,0,0,0,0	9	75277
176804	11	26	35	8	9	4	1	2	428	563	855	630	1915	1	3	808	32	62	100,0,0,0,0,0	22515	168	4	53315	1644	0	94910,95124,92950,40043,40043,40043,40043	0	0	26013,27957,0,0,0,0,0	7	75383
176830	9	24	31	7	8	3	1	2	409	563	859	643	2081	0	2	490	29	54	100,0,0,0,0,0	20343	170	3	53318	1644	0	94938,95155,92981,39891,39891,39891,39891	0	0	26013,27960,0,0,0,0,0	5	75491
176851	9	21	33	7	6	3	1	1	386	563	865	645	1945	0	2	475	24	56	100,0,0,0,0,0	19675	101	7	53324	1645	0	94965,95185,93009,39738,39738,39738,39738	0	0	26013,27966,0,0,0,0,0	6	75559
176866	9	22	24	7	6	2	1	1	376	563	869	669	1625	0	1	438	19	52	100,0,0,0,0,0	22005	115	7	53330	1646	0	94969,95191,93015,39572,39572,39572,39572	0	0	26013,27972,0,0,0,0,0	4	75631
176893	6	18	24	5	7	3	1	1	353	563	872	643	1603	0	2	223	15	49	100,0,0,0,0,0	22103	135	5	53334	1647	0	94981,95206,93029,39407,39407,39407,39407	0	0	26013,27977,0,0,0,0,0	4	75716
176913	7	12	25	4	6	3	1	1	334	563	877	622	1837	0	2	212	12	46	100,0,0,0,0,0	21544	113	3	53337	1647	0	94991,95219,93042,39245,39245,39245,39245	0	0	26013,27980,0,0,0,0,0	5	75796
176927	8	15	19	3	5	2	1	1	319	563	883	615	1902	0	2	172	12	41	100,0,0,0,0,0	21848	105	7	53343	1648	0	94997,95226,93049,39081,39081,39081,39081	0	0	26013,27986,0,0,0,0,0	3	75864
176945	6	13	15	3	6	2	0	1	304	564	887	621	1981	0	1	201	11	34	100,0,0,0,0,0	21863	89	1	53344	1648	0	95001,95232,93057,38921,38921,38921,38921	0	0	26013,27987,0,0,0,0,0	2	75912
176965	5	14	13	3	7	2	0	1	284	564	888	624	1829	0	2	123	13	31	100,0,0,0,0,0	19693	107	3	53347	1648	0	95020,95253,93078,38766,38766,38766,38766	0	0	26013,27990,0,0,0,0,0	2	75979
176988	7	9	15	1	8	2	0	1	260	564	891	620	1640	0	1	120	11	31	100,0,0,0,0,0	19724	95	4	53351	1648	0	94972,95207,93030,38569,38569,38569,38569	0	0	26013,27994,0,0,0,0,0	2	76048
177005	5	10	16	3	7	2	0	1	239	564	894	608	1737	0	2	92	12	31	100,0,0,0,0,0	22017	81	2	53353	1648	0	94921,95159,92981,38371,38371,38371,38371	0	0	26013,27996,0,0,0,0,0	2	76099
177021	5	9	15	3	6	2	0	1	223	564	897	634	1852	0	0	106	11	29	100,0,0,0,0,0	21628	65	3	53356	1648	0	94873,95112,92934,38173,38173,38173,38173	0	0	26013,27999,0,0,0,0,0	2	76138
177030	5	8	18	4	6	1	0	0	212	564	898	636	2042	0	2	101	14	28	100,0,0,0,0,0	21656	90	3	53359	1648	0	94827,95066,92889,37976,37976,37976,37976	0	0	26013,28002,0,0,0,0,0	2	76195
177043	5	5	15	6	4	1	0	0	204	564	899	627	1794	0	1	104	12	24	100,0,0,0,0,0	21710	96	2	53360	1649	0	94778,95019,92841,37780,37780,37780,37780	0	0	26013,28003,0,0,0,0,0	1	76260
177060	3	7	13	5	1	1	0	0	191	564	901	634	1790	0	0	144	8	22	100,0,0,0,0,0	21749	97	2	53362	1649	0	94725,94967,92789,37580,37580,37580,37580	0	0	26013,28005,0,0,0,0,0	1	76329
177063	5	11	10	4	3	1	0	0	180	564	905	633	1774	0	0	141	8	26	100,0,0,0,0,0	19638	82	8	53369	1650	0	94676,94920,92742,37393,37393,37393,37393	0	0	26013,28012,0,0,0,0,0	1	76376
177072	6	9	9	3	3	1	1	0	171	564	907	642	1793	0	2	101	8	24	100,0,0,0,0,0	19479	78	3	53372	1650	0	94635,94879,92702,37209,37209,37209,37209	0	0	26013,28015,0,0,0,0,0	1	76421
177078	2	14	5	3	0	2	1	0	162	564	915	631	2011	0	2	161	8	19	100,0,0,0,0,0	21688	91	2	53373	1651	0	94570,94816,92638,37010,37010,37010,37010	0	1	26013,28017,0,0,0,0,0	3	76475
177082	3	11	9	3	1	2	1	0	152	564	918	617	1861	0	0	362	7	23	100,0,0,0,0,0	22106	88	3	53375	1652	0	94511,94757,92580,36814,36814,36814,36814	0	0	26013,28020,0,0,0,0,0	3	76527
177092	3	9	9	2	1	2	1	0	143	564	920	629	1812	0	0	361	7	20	100,0,0,0,0,0	22032	70	0	53375	1652	0	94450,94697,92521,36613,36613,36613,36613	0	0	26013,28020,0,0,0,0,0	3	76571
177098	2	8	8	4	2	2	1	0	132	564	925	641	1760	0	0	334	7	20	100,0,0,0,0,0	21967	75	1	53376	1652	0	94395,94642,92466,36420,36420,36420,36420	0	0	26013,28021,0,0,0,0,0	3	76622
177106	1	6	4	6	2	2	0	1	126	564	928	626	1805	0	1	334	9	12	100,0,0,0,0,0	21804	76	0	53376	1652	0	94342,94590,92415,36226,36226,36226,36226	0	0	26013,28021,0,0,0,0,0	2	76662
177113	0	4	4	3	3	2	0	1	121	564	931	634	1806	1	1	335	6	10	100,0,0,0,0,0	19849	80	0	53376	1652	0	94284,94533,92358,36031,36031,36031,36031	0	0	26013,28021,0,0,0,0,0	2	76708
177115	1	4	4	3	5	2	0	1	113	564	934	629	1837	0	3	292	10	9	100,0,0,0,0,0	19715	69	4	53380	1652	0	94233,94482,92308,35852,35852,35852,35852	0	0	26013,28025,0,0,0,0,0	2	76753
177119	2	2	5	2	3	1	0	0	111	564	937	584	1814	0	0	315	8	7	100,0,0,0,0,0	21917	84	2	53382	1652	0	94176,94425,92253,35669,35669,35669,35669	0	0	26013,28027,0,0,0,0,0	1	76802
177125	3	2	3	2	3	1	0	0	103	564	940	609	1811	0	1	319	8	6	100,0,0,0,0,0	21951	69	2	53384	1652	0	94113,94363,92191,35483,35483,35483,35483	0	1	26013,28029,0,0,0,0,0	1	76837
177128	2	3	4	2	2	1	0	0	96	564	944	608	1763	0	0	291	6	8	100,0,0,0,0,0	21808	73	1	53385	1652	0	94050,94300,92129,35293,35293,35293,35293	0	0	26013,28030,0,0,0,0,0	1	76876
177132	1	3	5	1	1	1	0	0	90	564	948	605	1884	1	0	42	4	8	100,0,0,0,0,0	21926	89	0	53385	1652	0	93984,94234,92064,35107,35107,35107,35107	0	0	26013,28030,0,0,0,0,0	1	76923
177128	0	4	3	1	1	1	0	0	91	564	953	594	1810	0	0	44	5	5	100,0,0,0,0,0	21528	86	0	53385	1652	0	93919,94169,92001,34923,34923,34923,34923	0	0	26013,28030,0,0,0,0,0	1	76966
177133	0	6	2	1	1	1	0	0	82	564	956	599	1828	0	0	44	5	6	100,0,0,0,0,0	19645	72	2	53387	1652	0	93859,94108,91942,34742,34742,34742,34742	0	0	26013,28032,0,0,0,0,0	1	77012
177135	1	3	3	1	2	1	0	0	78	564	958	614	1811	0	0	44	4	7	100,0,0,0,0,0	19645	76	1	53388	1652	0	93779,94028,91863,34556,34556,34556,34556	0	0	26013,28033,0,0,0,0,0	1	77053
177134	1	3	2	1	1	2	0	0	76	564	962	613	1794	0	1	43	4	6	100,0,0,0,0,0	21698	76	1	53389	1652	0	93702,93952,91786,34372,34372,34372,34372	0	0	26013,28034,0,0,0,0,0	1	77096
177138	1	2	2	1	1	3	0	0	66	564	968	571	1786	0	1	42	4	6	100,0,0,0,0,0	21822	80	1	53390	1652	0	93625,93875,91710,34187,34187,34187,34187	0	0	26013,28035,0,0,0,0,0	2	77134
177138	1	4	2	1	1	3	0	0	64	564	968	575	1756	0	0	10	3	9	100,0,0,0,0,0	21663	84	2	53392	1652	0	93544,93793,91630,33998,33998,33998,33998	0	1	26013,28037,0,0,0,0,0	3	77183
177139	1	4	2	0	1	2	0	0	62	564	971	596	1795	0	0	10	3	7	100,0,0,0,0,0	21645	79	0	53392	1652	0	93463,93713,91550,33811,33811,33811,33811	0	0	26013,28037,0,0,0,0,0	2	77225
177142	0	3	4	0	1	2	0	0	58	564	972	594	1816	0	0	7	3	7	100,0,0,0,0,0	21715	82	0	53392	1652	0	93374,93623,91461,33621,33621,33621,33621	0	0	26013,28037,0,0,0,0,0	3	77265
177146	0	4	4	0	0	2	0	0	52	564	974	603	1810	1	0	7	2	8	100,0,0,0,0,0	19626	76	2	53394	1652	0	93295,93545,91384,33439,33439,33439,33439	0	1	26013,28039,0,0,0,0,0	3	77301
177147	1	3	3	0	0	1	0	0	48	564	979	615	1789	1	1	13	4	4	100,0,0,0,0,0	19581	71	1	53395	1652	0	93215,93465,91304,33266,33266,33266,33266	0	1	26013,28040,0,0,0,0,0	3	77344
177147	1	4	3	0	0	1	0	0	46	564	980	630	1809	0	0	15	5	4	100,0,0,0,0,0	21529	62	2	53397	1652	0	93126,93375,91215,33087,33087,33087,33087	0	0	26013,28042,0,0,0,0,0	1	77380
177152	0	5	2	0	0	1	0	0	41	564	981	632	1819	0	0	15	5	3	100,0,0,0,0,0	21731	187	0	53397	1652	117	93029,93278,91118,32900,32900,32900,32900	0	0	26013,28042,0,0,0,0,0	1	77415
177155	0	4	3	1	0	1	0	0	35	564	983	631	1846	0	0	15	5	4	100,0,0,0,0,0	21746	194	1	53398	1652	250	92971,93220,91061,32782,32782,32782,32782	0	0	26013,28043,0,0,0,0,0	1	77450
177121	16	17	4	1	0	1	0	0	34	564	988	615	1793	2	0	12	4	35	25,74,0,0,0,0	21592	205	1	53427	1653	401	92939,93188,91030,32704,32704,32704,32704	0	0	26013,28044,29,0,0,0,0	1	77461
177084	33	29	4	2	1	1	0	0	32	564	996	615	1793	0	0	13	3	67	8,91,0,0,0,0	21550	197	2	53456	1659	528	92921,93169,91013,32641,32641,32641,32641	0	0	26013,28044,64,0,0,0,0	1	77486
177048	37	52	6	5	4	0	0	0	30	564	1000	588	1759	1	1	15	6	98	5,94,0,0,0,0	19417	213	5	53485	1666	669	92887,93135,90980,32564,32564,32564,32564	0	0	26013,28045,99,0,0,0,0	0	77521
176999	50	66	15	12	5	0	0	0	29	564	1006	582	1834	0	3	27	13	135	3,96,0,0,0,0	19542	186	16	53527	1670	795	92870,93118,90964,32520,32520,32520,32520	0	0	26013,28045,145,0,0,0,0	1	77541
176951	59	83	22	14	9	0	0	0	33	564	1011	582	1840	2	3	60	17	170	2,97,0,0,0,0	21619	216	19	53565	1677	947	92839,93086,90934,32458,32458,32458,32458	0	0	26013,28046,189,0,0,0,0	2	77557
176900	72	88	37	17	17	0	0	0	38	564	1013	543	1905	1	5	225	22	209	2,97,0,0,0,0	21859	250	17	53607	1685	1132	92813,93060,90910,32407,32407,32407,32407	0	2	26013,28047,238,0,0,0,0	2	77570
176879	62	89	44	15	22	1	0	0	54	564	1016	542	1810	1	11	457	32	201	2,97,0,0,0,0	21893	269	20	53627	1685	1329	92773,93020,90871,32342,32342,32342,32342	0	1	26013,28047,258,0,0,0,0	1	77602
176865	49	88	48	17	23	3	0	0	70	564	1019	552	1908	2	6	480	37	191	1,98,0,0,0,0	21801	287	15	53642	1685	1539	92735,92983,90835,32285,32285,32285,32285	0	4	26013,28047,273,0,0,0,0	1	77637
176843	41	90	49	24	20	4	0	0	88	564	1023	554	1781	1	4	682	40	188	1,98,0,0,0,0	22266	295	20	53662	1685	1759	92707,92954,90808,32245,32245,32245,32245	0	0	26013,28047,293,0,0,0,0	3	77666
176822	39	83	55	24	18	5	1	0	109	564	1026	555	1854	2	5	729	41	184	1,98,0,0,0,0	20084	262	23	53679	1691	1948	92686,92932,90788,32210,32210,32210,32210	0	1	26013,28048,315,0,0,0,0	3	77701
176810	31	82	57	19	22	3	1	0	126	565	1030	585	1953	0	13	760	45	170	1,98,0,0,0,0	20324	246	16	53691	1695	2131	92650,92897,90754,32162,32162,32162,32162	0	2	26013,28048,331,0,0,0,0	3	77727
176794	25	86	62	20	24	3	1	0	132	565	1034	613	1982	2	6	770	49	172	1,98,0,0,0,0	22365	262	23	53711	1698	2323	92619,92866,90725,32120,32120,32120,32120	0	2	26013,28048,354,0,0,0,0	4	77763
176781	27	81	63	18	25	4	2	0	141	565	1039	617	1770	0	8	892	56	164	1,98,0,0,0,0	22363	234	17	53728	1699	2488	92584,92830,90691,32077,32077,32077,32077	0	0	26013,28049,371,0,0,0,0	4	77793
176763	31	74	62	14	25	4	2	0	160	565	1046	622	1825	1	8	918	57	155	1,98,0,0,0,0	22299	241	18	53744	1701	2656	92541,92786,90650,32017,32017,32017,32017	0	0	26013,28049,389,0,0,0,0	8	77830
176755	29	65	62	18	24	3	2	0	173	565	1050	583	2001	2	9	1024	57	146	1,98,0,0,0,0	22731	254	15	53757	1703	2832	92496,92741,90607,31951,31951,31951,31951	0	1	26013,28049,404,0,0,0,0	5	77863
176754	21	61	61	19	25	2	2	0	184	565	1052	606	1896	2	6	775	55	136	0,99,0,0,0,0	22330	231	9	53766	1704	3003	92452,92696,90565,31889,31889,31889,31889	0	0	26013,28049,414,0,0,0,0	4	77898
176751	13	61	53	16	22	1	3	0	206	565	1055	620	1989	1	6	787	56	113	0,99,0,0,0,0	20300	206	8	53773	1705	3147	92413,92657,90527,31828,31828,31828,31828	0	1	26013,28049,422,0,0,0,0	4	77934
176751	13	52	50	17	15	3	3	0	222	565	1055	617	1895	0	3	616	51	102	0,100,0,0,0,0	20099	242	12	53783	1707	3316	92359,92603,90475,31765,31765,31765,31765	0	1	26013,28049,434,0,0,0,0	4	77965
176755	12	46	43	17	16	2	4	0	227	565	1059	636	1828	1	0	599	45	95	0,100,0,0,0,0	21936	268	6	53788	1708	3511	92310,92553,90428,31706,31706,31706,31706	0	0	26013,28049,440,0,0,0,0	6	77996
176757	10	38	44	14	16	3	5	0	233	565	1061	617	1963	0	6	602	45	85	0,100,0,0,0,0	22112	326	6	53793	1709	3782	92265,92507,90385,31664,31664,31664,31664	0	1	26013,28049,446,0,0,0,0	7	78014
176749	8	41	41	14	19	3	3	1	237	566	1064	604	1856	0	4	574	41	88	0,100,0,0,0,0	22000	336	13	53807	1709	4053	92256,92497,90377,31673,31673,31673,31673	0	2	26013,28049,460,0,0,0,0	7	78040
176745	18	36	35	17	15	2	3	1	242	566	1066	626	1883	3	4	567	41	85	0,100,0,0,0,0	22104	371	18	53825	1709	4334	92240,92481,90364,31676,31676,31676,31676	0	1	26013,28049,478,0,0,0,0	6	78078
176753	19	28	32	18	12	3	3	1	241	566	1070	638	1926	0	4	675	41	74	0,100,0,0,0,0	22362	381	5	53830	1709	4620	92217,92458,90344,31674,31674,31674,31674	0	1	26013,28049,483,0,0,0,0	7	78126
176756	12	30	32	13	13	3	3	1	245	566	1072	619	1783	1	1	549	36	70	0,100,0,0,0,0	20165	361	4	53834	1709	4888	92192,92433,90321,31670,31670,31670,31670	0	1	26013,28049,487,0,0,0,0	8	78164
176752	15	31	33	14	9	3	3	1	243	566	1076	623	1862	2	3	514	33	75	0,100,0,0,0,0	20108	441	13	53847	1709	5153	92176,92416,90307,31692,31692,31692,31692	0	1	26013,28049,500,0,0,0,0	9	78249
176754	13	26	30	16	8	2	2	1	247	567	1080	627	1844	0	2	470	28	69	0,100,0,0,0,0	22045	426	6	53852	1710	5411	92144,92384,90277,31695,31695,31695,31695	0	2	26013,28049,506,0,0,0,0	7	78341
176747	11	30	24	14	8	2	2	1	255	567	1085	641	1779	1	5	469	26	65	0,100,0,0,0,0	10546	455	10	53860	1712	5664	92112,92351,90247,31697,31697,31697,31697	0	1	26013,28049,516,0,0,0,0	6	78452
176747	8	26	22	13	9	4	2	1	260	567	1087	663	1858	2	5	452	31	53	0,100,0,0,0,0	10585	529	9	53866	1715	5963	92075,92314,90212,31689,31689,31689,31689	0	0	26013,28049,523,0,0,0,0	6	78584
176743	15	26	21	11	10	4	2	1	254	567	1092	677	1758	1	1	453	32	57	0,100,0,0,0,0	10606	461	13	53877	1717	6233	92059,92298,90199,31717,31717,31717,31717	0	0	26013,28049,536,0,0,0,0	7	78679
176748	20	23	22	10	9	4	2	1	244	567	1096	699	1880	0	3	468	29	61	0,100,0,0,0,0	10741	499	10	53886	1718	6532	92042,92280,90184,31728,31728,31728,31728	0	0	26013,28049,546,0,0,0,0	7	78783
176751	16	29	21	7	6	4	1	1	243	568	1099	696	1851	2	2	421	23	61	0,100,0,0,0,0	20123	501	5	53892	1718	6808	92035,92272,90179,31761,31761,31761,31761	0	0	26013,28049,552,0,0,0,0	6	78894
176751	16	34	17	11	5	4	0	2	236	568	1102	714	1831	0	1	293	24	63	0,100,0,0,0,0	19776	380	12	53903	1719	7084	92041,92278,90188,31806,31806,31806,31806	0	1	26013,28049,564,0,0,0,0	5	78948
176750	12	37	22	8	4	4	0	2	233	568	1106	707	1795	0	1	195	18	69	0,100,0,0,0,0	10592	438	10	53911	1721	7419	92045,92281,90193,31849,31849,31849,31849	0	0	26013,28049,573,0,0,0,0	5	79013
176743	20	35	24	14	6	3	0	2	222	568	1109	727	1817	1	0	166	16	86	0,100,0,0,0,0	10366	350	21	53930	1723	7675	92071,92307,90223,31922,31922,31922,31922	0	1	26013,28049,594,0,0,0,0	6	79053
176733	20	41	21	14	6	2	0	1	224	568	1116	708	1791	1	8	184	22	82	0,100,0,0,0,0	10425	378	13	53940	1726	7948	92088,92324,90242,31962,31962,31962,31962	0	1	26013,28049,607,0,0,0,0	4	79105
176719	25	46	20	13	5	1	0	1	227	568	1121	730	1799	0	3	328	22	88	0,100,0,0,0,0	10583	365	20	53958	1728	8223	92105,92340,90260,32013,32013,32013,32013	0	0	26013,28049,627,0,0,0,0	4	79149
176716	23	47	24	15	7	1	1	1	218	568	1125	751	2004	0	4	334	27	91	0,100,0,0,0,0	10503	378	14	53970	1730	8495	92118,92351,90276,32053,32053,32053,32053	0	0	26013,28049,641,0,0,0,0	3	79208
176703	25	53	21	15	9	2	2	1	214	568	1133	759	1898	3	2	437	26	101	0,100,0,0,0,0	19968	363	19	53988	1731	8767	92139,92371,90298,32104,32104,32104,32104	0	3	26013,28049,660,0,0,0,0	4	79241
176694	27	59	23	15	7	3	4	1	210	568	1135	765	1885	0	7	424	33	105	0,100,0,0,0,0	20065	312	23	54009	1733	9017	92131,92363,90294,32149,32149,32149,32149	0	1	26013,28049,683,0,0,0,0	7	79265
176689	33	59	23	16	9	2	4	2	201	568	1140	726	1933	0	3	565	34	112	0,100,0,0,0,0	10739	329	19	54026	1735	9293	92128,92360,90293,32186,32186,32186,32186	0	0	26013,28049,702,0,0,0,0	10	79283
176672	33	63	28	20	7	2	4	2	203	568	1144	701	1758	1	2	542	36	121	0,100,0,0,0,0	10756	306	24	54048	1737	9546	92126,92356,90292,32234,32234,32234,32234	0	1	26013,28049,726,0,0,0,0	8	79306
176652	31	75	34	21	9	1	3	2	201	569	1148	692	1786	2	3	571	36	138	0,100,0,0,0,0	10668	310	30	54077	1739	9815	92125,92355,90293,32278,32278,32278,32278	0	1	26013,28049,756,0,0,0,0	5	79310
176621	45	74	46	17	13	1	4	2	203	569	1151	728	1822	0	5	611	41	159	0,100,0,0,0,0	10691	322	38	54110	1745	10102	92130,92360,90301,32334,32334,32334,32334	0	0	26013,28049,794,0,0,0,0	5	79320
176606	53	79	49	17	17	2	4	2	194	569	1154	757	1987	0	7	647	42	179	0,100,0,0,0,0	10858	314	38	54144	1749	10365	92145,92374,90319,32394,32394,32394,32394	0	1	26013,28049,832,0,0,0,0	6	79340
176573	61	81	54	15	22	3	4	1	206	569	1157	764	1862	1	5	488	42	198	0,100,0,0,0,0	20184	313	41	54181	1754	10625	92149,92377,90325,32449,32449,32449,32449	0	1	26013,28049,874,0,0,0,0	9	79353
176554	60	84	56	17	25	3	5	1	209	569	1163	762	1859	2	8	533	49	201	0,100,0,0,0,0	20289	280	26	54202	1759	10857	92144,92371,90322,32512,32512,32512,32512	0	1	26013,28049,899,0,0,0,0	11	79369
176527	65	88	56	16	22	2	7	0	226	569	1168	723	1839	2	12	447	55	201	0,100,0,0,0,0	10548	271	36	54233	1764	11091	92132,92359,90312,32566,32566,32566,32566	0	3	26013,28049,935,0,0,0,0	11	79382
176494	63	101	53	26	32	2	7	0	227	569	1172	773	1866	2	10	534	68	216	0,100,0,0,0,0	10761	322	48	54275	1770	11365	92121,92347,90304,32621,32621,32621,32621	0	2	26013,28049,983,0,0,0,0	16	79393
176455	61	113	58	23	34	3	7	0	244	570	1178	761	1853	3	15	525	76	223	0,100,0,0,0,0	10923	343	43	54314	1774	11649	92121,92346,90306,32697,32697,32697,32697	0	5	26013,28049,1026,0,0,0,0	14	79419
176415	67	125	66	25	29	3	6	0	254	571	1185	769	1852	2	10	526	80	241	0,100,0,0,0,0	10860	270	52	54360	1780	11874	92143,92367,90331,32791,32791,32791,32791	0	2	26013,28049,1077,0,0,0,0	12	79440
176382	65	138	62	31	33	4	5	0	265	572	1189	779	1788	3	4	632	72	266	0,100,0,0,0,0	10702	308	44	54396	1788	12131	92145,92368,90336,32847,32847,32847,32847	0	1	26013,28049,1121,0,0,0,0	11	79465
176343	66	146	66	35	31	4	5	0	286	572	1192	786	1798	3	8	681	68	285	0,100,0,0,0,0	20325	322	52	54440	1796	12406	92153,92373,90346,32926,32926,32926,32926	0	2	26013,28049,1173,0,0,0,0	11	79472
176309	66	138	79	43	35	5	5	0	299	572	1195	746	1843	6	16	877	81	290	0,100,0,0,0,0	20451	267	47	54483	1800	12638	92184,92402,90380,33033,33033,33033,33033	0	1	26013,28049,1220,0,0,0,0	12	79478
176264	68	153	81	38	34	5	5	0	328	572	1198	751	2037	5	15	1003	90	294	0,100,0,0,0,0	11236	311	58	54538	1803	12893	92216,92432,90415,33128,33128,33128,33128	0	6	26013,28049,1278,0,0,0,0	13	79487
176234	81	151	81	52	33	5	4	0	329	574	1202	750	2005	5	13	1071	94	313	0,100,0,0,0,0	11504	304	55	54590	1807	13142	92257,92470,90460,33231,33231,33231,33231	0	2	26013,28049,1334,0,0,0,0	13	79491
176193	88	147	99	47	33	7	5	0	344	576	1207	765	2083	0	20	1148	117	309	0,100,0,0,0,0	11327	255	55	54635	1817	13356	92315,92526,90521,33346,33346,33346,33346	0	4	26013,28049,1388,0,0,0,0	15	79498
176138	94	156	93	47	40	8	5	0	372	576	1217	742	2008	0	12	1203	111	332	0,100,0,0,0,0	11397	263	60	54686	1826	13579	92347,92556,90557,33438,33438,33438,33438	0	5	26013,28049,1448,0,0,0,0	20	79502
176113	98	163	105	46	39	8	5	0	374	576	1219	736	1828	3	14	1046	103	361	0,100,0,0,0,0	11469	260	60	54737	1836	13803	92385,92592,90599,33523,33523,33523,33523	0	1	26013,28049,1508,0,0,0,0	18	79510
176082	94	172	108	50	31	10	6	0	392	576	1225	729	1813	4	9	1073	101	370	0,100,0,0,0,0	20699	272	52	54783	1842	14035	92422,92626,90640,33619,33619,33619,33619	0	4	26013,28049,1560,0,0,0,0	19	79516
176043	87	181	121	47	35	10	6	0	410	577	1229	743	2017	5	17	1032	106	381	0,100,0,0,0,0	20470	266	61	54835	1851	14263	92437,92640,90659,33711,33711,33711,33711	0	3	26013,28049,1620,0,0,0,0	20	79514
175972	105	204	122	47	36	11	7	0	432	578	1232	741	1971	7	22	973	128	404	0,100,0,0,0,0	11316	268	88	54911	1864	14498	92484,92685,90708,33828,33828,33828,33828	0	3	26013,28049,1709,0,0,0,0	21	79509
175900	132	211	127	46	41	7	5	0	460	580	1237	738	1869	2	10	922	135	434	0,100,0,0,0,0	11284	251	93	54995	1873	14726	92523,92723,90751,33947,33947,33947,33947	0	5	26013,28049,1802,0,0,0,0	20	79490
175848	135	208	137	47	49	5	5	0	492	580	1240	740	1827	2	12	931	135	451	0,100,0,0,0,0	11178	285	73	55056	1887	14974	92543,92742,90775,34036,34036,34036,34036	0	2	26013,28049,1875,0,0,0,0	18	79492
175780	134	241	134	53	47	8	5	0	519	580	1245	709	1806	4	21	939	145	477	0,100,0,0,0,0	11220	297	94	55138	1900	15230	92583,92780,90818,34152,34152,34152,34152	0	9	26013,28049,1970,0,0,0,0	17	79488
175710	136	275	146	62	49	9	5	0	528	580	1246	737	1970	9	17	1188	160	522	0,100,0,0,0,0	11325	273	102	55225	1915	15467	92644,92839,90883,34292,34292,34292,34292	0	7	26013,28049,2072,0,0,0,0	21	79474
175646	148	268	150	62	59	9	3	0	564	582	1255	714	1829	5	14	1096	166	533	0,100,0,0,0,0	20577	316	88	55302	1926	15747	92677,92872,90921,34403,34403,34403,34403	0	7	26013,28049,2159,0,0,0,0	21	79464
175572	158	271	156	65	63	10	3	0	608	582	1258	725	1966	8	22	1150	175	551	0,100,0,0,0,0	20269	291	99	55398	1930	16011	92734,92928,90981,34563,34563,34563,34563	0	5	26013,28049,2259,0,0,0,0	21	79439
175481	170	292	164	63	68	12	4	0	648	582	1262	720	1971	5	25	1269	184	589	0,100,0,0,0,0	11455	282	118	55505	1943	16268	92795,92988,91045,34722,34722,34722,34722	0	8	26013,28049,2377,0,0,0,0	22	79415
175403	170	327	165	64	68	11	6	0	685	583	1264	728	1954	8	24	1478	188	623	0,100,0,0,0,0	11694	306	108	55606	1951	16540	92832,93025,91086,34857,34857,34857,34857	0	9	26013,28049,2486,0,0,0,0	25	79384
175331	162	344	185	71	84	10	6	0	699	584	1270	718	1800	6	22	1622	206	656	0,100,0,0,0,0	11677	283	114	55705	1966	16796	92881,93073,91140,34999,34999,34999,34999	0	7	26013,28049,2600,0,0,0,0	31	79357
175221	180	381	192	77	84	10	6	0	734	585	1276	699	1998	15	28	1608	223	707	0,100,0,0,0,0	11959	308	153	55837	1988	17063	92953,93144,91218,35165,35165,35165,35165	0	6	26013,28049,2753,0,0,0,0	33	79325
175097	209	416	191	82	93	10	5	0	778	586	1279	688	1854	11	19	1750	233	773	0,100,0,0,0,0	11854	291	164	55978	2011	17313	93041,93231,91310,35349,35349,35349,35349	0	10	26013,28049,2916,0,0,0,0	33	79300
174999	215	426	226	96	82	12	5	0	812	587	1286	672	2004	10	23	1785	250	812	0,100,0,0,0,0	20963	318	142	56107	2026	17593	93112,93302,91386,35515,35515,35515,35515	0	8	26013,28049,3059,0,0,0,0	29	79256
174887	213	434	246	99	98	13	4	0	874	588	1290	692	1941	8	22	1617	245	862	0,100,0,0,0,0	21212	307	144	56234	2043	17857	93181,93371,91459,35697,35697,35697,35697	0	5	26013,28049,3203,0,0,0,0	32	79225
174727	231	502	248	97	94	15	5	0	946	588	1293	687	1865	10	32	1838	253	939	0,100,0,0,0,0	11845	300	201	56408	2070	18115	93291,93482,91575,35918,35918,35918,35918	0	9	26013,28049,3402,0,0,0,0	37	79181
174564	279	532	264	100	112	14	4	0	990	590	1297	739	1850	8	29	2228	268	1037	0,100,0,0,0,0	12498	292	216	56604	2090	18361	93411,93601,91701,36146,36146,36146,36146	0	9	26013,28049,3617,0,0,0,0	33	79128
174437	311	516	283	112	144	11	3	0	1037	591	1301	709	2001	6	37	2432	294	1086	0,100,0,0,0,0	12745	299	185	56765	2116	18627	93502,93692,91798,36330,36330,36330,36330	1	10	26013,28049,3801,0,0,0,0	28	79081
174284	323	570	301	115	136	14	5	0	1101	591	1306	698	2036	11	55	2472	342	1122	0,100,0,0,0,0	12680	301	212	56947	2148	18887	93617,93809,91921,36548,36548,36548,36548	0	3	26013,28049,4013,0,0,0,0	27	79022
174109	337	586	344	127	149	19	4	0	1171	592	1308	720	1765	11	44	2477	345	1221	0,100,0,0,0,0	12560	346	225	57144	2178	19189	93753,93945,92063,36780,36780,36780,36780	1	7	26013,28049,4239,0,0,0,0	31	78977
173957	340	616	346	147	149	21	4	0	1257	593	1316	698	1958	8	46	2577	387	1236	0,100,0,0,0,0	21638	311	201	57328	2196	19463	93885,94078,92201,37022,37022,37022,37022	1	6	26013,28049,4441,0,0,0,0	34	78922
173822	325	657	342	151	160	24	5	0	1348	593	1319	695	2060	8	40	2862	382	1282	0,100,0,0,0,0	22024	352	200	57506	2219	19766	94003,94196,92325,37247,37247,37247,37247	1	8	26013,28049,4640,0,0,0,0	33	78862
173646	334	702	360	171	167	26	5	0	1421	593	1321	678	1997	6	52	3077	410	1355	0,100,0,0,0,0	23573	298	249	57730	2248	20022	94168,94360,92497,37529,37529,37529,37529	1	15	26013,28049,4891,0,0,0,0	43	78784
173467	353	690	417	190	160	27	8	0	1512	593	1329	686	2084	15	64	3186	454	1391	0,100,0,0,0,0	23564	306	238	57934	2284	20289	94298,94491,92637,37775,37775,37775,37775	1	6	26013,28049,5130,0,0,0,0	50	78712
173333	370	713	418	191	164	34	11	0	1588	594	1330	668	1953	13	54	3434	464	1437	0,100,0,0,0,0	23889	305	246	58155	2311	20555	94436,94628,92784,38009,38009,38009,38009	1	17	26013,28049,5377,0,0,0,0	56	78637
173171	395	726	446	206	168	35	14	0	1658	594	1333	684	1992	16	71	3203	512	1478	0,100,0,0,0,0	23971	316	259	58382	2347	20835	94575,94769,92934,38250,38250,38250,38250	1	13	26013,28049,5637,0,0,0,0	60	78551
173013	416	717	473	212	174	43	17	0	1748	596	1337	672	2029	16	53	3374	515	1537	0,100,0,0,0,0	23557	323	254	58603	2381	21129	94714,94906,93081,38494,38494,38494,38494	1	15	26013,28049,5890,0,0,0,0	68	78455
172860	383	781	472	214	177	46	16	1	1853	598	1345	668	1741	21	66	3583	533	1556	0,100,0,0,0,0	22773	329	250	58822	2414	21415	94861,95054,93239,38756,38756,38756,38756	1	11	26013,28049,6139,0,0,0,0	88	78361
172721	372	785	522	231	181	50	14	2	1923	599	1346	662	2084	12	62	3679	560	1595	0,100,0,0,0,0	22567	297	242	59032	2448	21663	95003,95195,93389,39001,39001,39001,39001	1	12	26013,28049,6381,0,0,0,0	92	78294
172535	390	830	531	224	183	51	13	2	2032	601	1354	655	1979	18	67	4068	555	1667	0,100,0,0,0,0	24254	287	284	59285	2480	21912	95157,95350,93553,39266,39266,39266,39266	1	20	26013,28049,6663,0,0,0,0	98	78183
172325	425	849	553	225	205	51	16	2	2137	601	1357	653	1995	24	73	4166	569	1755	0,100,0,0,0,0	14361	495	322	59564	2526	22368	95327,95521,93735,39538,39538,39538,39538	1	26	26013,28049,6984,0,0,0,0	94	78078
172126	465	912	566	225	211	52	21	1	2205	602	1360	622	2054	21	66	4322	602	1850	0,100,0,0,0,0	14490	530	333	59861	2563	22846	95584,95778,94005,39938,39938,39938,39938	1	19	26013,28049,7316,0,0,0,0	100	77970
171901	504	933	593	232	224	54	19	2	2318	604	1362	631	1945	18	77	4540	630	1929	0,100,0,0,0,0	14809	464	348	60153	2621	23272	95856,96050,94289,40359,40359,40359,40359	2	24	26013,28049,7662,0,0,0,0	107	77865
171645	539	1016	600	251	229	53	21	2	2420	606	1364	628	1926	19	80	4881	648	2061	0,100,0,0,0,0	14878	479	386	60488	2676	23713	96126,96320,94573,40781,40781,40781,40781	2	25	26013,28049,8051,0,0,0,0	99	77718
171458	550	1014	624	280	232	50	21	1	2539	610	1367	643	2012	33	74	5339	659	2112	0,100,0,0,0,0	24368	533	334	60786	2715	24198	96374,96569,94835,41154,41154,41154,41154	2	17	26013,28049,8386,0,0,0,0	97	77608
171294	519	1038	645	284	228	51	22	2	2679	611	1373	596	2005	23	79	5469	685	2102	0,100,0,0,0,0	24468	523	309	61052	2760	24651	96611,96807,95087,41530,41530,41530,41530	2	21	26013,28049,8694,0,0,0,0	100	77518
171040	562	1083	660	282	248	54	19	3	2807	613	1375	579	2006	21	73	5891	704	2204	0,100,0,0,0,0	15652	549	406	61414	2810	25144	96908,97106,95398,41972,41972,41972,41972	2	22	26013,28049,9104,0,0,0,0	94	77377
170798	600	1102	697	297	271	51	18	3	2915	617	1377	570	1950	33	101	6286	744	2292	0,100,0,0,0,0	16398	633	408	61769	2868	25720	97214,97412,95719,42432,42432,42432,42432	2	29	26013,28049,9511,0,0,0,0	94	77230
170517	648	1191	688	310	288	47	20	3	3035	620	1379	538	1957	26	108	6954	805	2387	0,100,0,0,0,0	17272	693	461	62160	2940	26355	97573,97772,96097,42970,42970,42970,42970	2	24	26013,28049,9971,0,0,0,0	86	77081
170199	678	1311	704	308	307	48	17	5	3168	621	1380	586	1962	29	109	7063	842	2531	0,100,0,0,0,0	17279	696	478	62572	3012	26992	97974,98171,96512,43565,43565,43565,43565	3	36	26013,28049,10449,0,0,0,0	82	76911
169885	741	1359	766	312	329	50	16	7	3278	622	1381	587	2057	32	95	7273	879	2694	0,100,0,0,0,0	17377	660	509	63022	3076	27582	98401,98599,96957,44161,44161,44161,44161	3	22	26013,28049,10957,0,0,0,0	84	76751
169631	754	1360	802	360	336	56	18	7	3413	624	1385	600	2041	32	98	7544	895	2791	0,100,0,0,0,0	26284	620	437	63394	3143	28142	98761,98960,97333,44688,44688,44688,44688	3	19	26013,28049,11391,0,0,0,0	98	76607
169344	735	1471	856	342	348	67	22	7	3537	629	1388	587	1934	34	105	7656	919	2922	0,100,0,0,0,0	26477	718	479	63809	3210	28793	99140,99341,97731,45241,45241,45241,45241	3	32	26013,28049,11867,0,0,0,0	107	76426
168983	794	1529	871	361	367	64	28	5	3724	629	1391	582	1994	37	129	7394	962	3052	0,100,0,0,0,0	18001	664	568	64302	3293	29383	99624,99826,98235,45906,45906,45906,45906	3	25	26013,28049,12439,0,0,0,0	123	76263
168624	839	1604	899	384	361	64	26	4	3912	634	1395	593	1965	24	139	7814	1013	3164	0,100,0,0,0,0	17763	969	562	64787	3372	30284	100071,100275,98703,46530,46530,46530,46530	3	20	26013,28049,12999,0,0,0,0	115	76069
168289	834	1693	991	390	373	66	28	4	4044	637	1397	586	2034	33	118	8668	1098	3277	0,100,0,0,0,0	18512	846	564	65271	3457	31068	100616,100820,99270,47302,47302,47302,47302	3	33	26013,28049,13564,0,0,0,0	109	75886
167902	836	1824	1050	436	390	66	27	4	4173	640	1398	578	2004	32	117	8772	1179	3450	0,100,0,0,0,0	19132	832	625	65813	3545	31848	101167,101370,99842,48065,48065,48065,48065	3	28	26013,28049,14189,0,0,0,0	114	75650
167472	918	1872	1112	467	405	65	30	4	4360	642	1399	594	2007	34	131	8351	1185	3684	0,100,0,0,0,0	19194	885	694	66412	3644	32664	101745,101951,100445,48863,48863,48863,48863	3	27	26013,28049,14881,0,0,0,0	119	75395
167076	952	1908	1174	467	448	71	33	3	4567	643	1404	570	1981	22	137	8493	1259	3794	0,100,0,0,0,0	27163	918	630	66962	3728	33515	102299,102504,101019,49633,49633,49633,49633	3	25	26013,28049,15509,0,0,0,0	131	75159
166695	934	1986	1203	499	460	70	33	5	4809	643	1409	563	1989	37	118	8877	1267	3918	0,100,0,0,0,0	27604	1013	628	67507	3813	34340	102867,103074,101611,50423,50423,50423,50423	3	40	26013,28049,16130,0,0,0,0	135	74999
166217	1008	2114	1228	499	472	73	40	4	5036	645	1410	577	1996	47	164	9188	1346	4088	0,100,0,0,0,0	19611	996	756	68175	3905	35150	103533,103739,102301,51301,51301,51301,51301	3	39	26013,28049,16883,0,0,0,0	136	74796
165756	1069	2152	1269	548	480	76	42	3	5289	650	1412	566	1998	32	155	9708	1397	4239	0,100,0,0,0,0	19701	1662	745	68836	3994	36638	104177,104382,102970,52143,52143,52143,52143	4	29	26013,28049,17627,0,0,0,0	137	74578
165251	1130	2222	1319	567	518	79	45	3	5533	657	1422	532	1962	38	158	10220	1464	4416	0,100,0,0,0,0	20126	1786	781	69509	4108	38237	105046,105250,103865,53357,53357,53357,53357	4	36	26013,28049,18404,0,0,0,0	154	74345
164783	1221	2264	1432	608	543	85	51	4	5671	659	1425	521	1952	32	177	10357	1518	4686	0,100,0,0,0,0	20872	1673	828	70206	4243	39734	105959,106164,104812,54613,54613,54613,54613	4	32	26013,28049,19229,0,0,0,0	156	74122
164289	1268	2332	1499	648	558	94	52	5	5905	666	1430	502	2016	58	217	10260	1599	4852	0,100,0,0,0,0	20843	1719	842	70942	4355	41272	106876,107080,105760,55845,55845,55845,55845	4	36	26013,28049,20068,0,0,0,0	165	73865
163999	1203	2308	1525	695	592	102	52	5	6163	671	1431	509	1971	46	160	10203	1626	4851	0,100,0,0,0,0	28848	1690	668	71518	4453	42768	107654,107859,106573,56902,56902,56902,56902	4	34	26013,28049,20735,0,0,0,0	177	73674
163622	1171	2371	1560	701	604	105	60	5	6437	677	1433	509	1909	37	194	10666	1743	4829	0,100,0,0,0,0	28995	1680	741	72178	4539	44311	108513,108719,107464,58026,58026,58026,58026	4	34	26013,28049,21471,0,0,0,0	178	73421
163190	1183	2416	1584	712	627	105	63	4	6746	681	1435	475	1956	39	210	10896	1788	4902	0,100,0,0,0,0	21450	1732	799	72853	4671	45876	109435,109642,108420,59232,59232,59232,59232	4	41	26013,28049,22273,0,0,0,0	200	73202
162782	1187	2488	1600	712	647	122	64	7	7014	684	1439	469	1957	43	209	11230	1857	4963	0,100,0,0,0,0	21502	865	829	73548	4810	46591	110322,110528,109344,60389,60389,60389,60389	4	44	26013,28049,23096,0,0,0,0	191	72916
162376	1252	2493	1667	698	643	121	71	10	7281	691	1443	450	1975	39	222	11635	1888	5057	0,100,0,0,0,0	21932	832	850	74283	4932	47280	110991,111197,110049,61174,61174,61174,61174	5	53	26013,28049,23945,0,0,0,0	203	72610
162011	1307	2474	1707	722	641	129	76	9	7531	694	1445	435	1972	43	216	11842	1897	5159	0,100,0,0,0,0	22163	837	819	74969	5068	47962	111632,111838,110728,61909,61909,61909,61909	5	47	26013,28049,24757,0,0,0,0	226	72360
161575	1298	2533	1767	722	620	139	84	8	7858	696	1446	418	1941	48	193	12166	1878	5285	0,100,0,0,0,0	22478	878	860	75690	5216	48669	112286,112493,111419,62686,62686,62686,62686	5	37	26013,28049,25608,0,0,0,0	235	72073
161267	1297	2578	1704	720	622	143	85	8	8171	704	1447	417	1954	54	195	11921	1846	5303	0,99,0,0,0,0	30063	860	721	76331	5348	49358	112875,113081,112046,63370,63370,63370,63370	5	49	26013,28049,26332,45,0,0,0	238	71806
161045	1242	2559	1713	719	633	149	86	10	8432	709	1449	415	2070	76	198	12165	1861	5240	0,98,1,0,0,0	30367	868	695	76951	5463	50089	113424,113632,112634,63992,63992,63992,63992	5	50	26013,28049,27013,85,0,0,0	253	71526
160738	1195	2593	1717	739	662	156	83	12	8682	716	1453	399	1924	47	214	12653	1977	5168	0,98,1,0,0,0	23063	878	766	77591	5618	50802	114014,114222,113265,64685,64685,64685,64685	5	28	26013,28049,27764,119,0,0,0	260	71244
160385	1269	2576	1761	767	699	159	82	12	8859	722	1455	393	1911	46	221	12786	2040	5273	0,97,2,0,0,0	23299	752	843	78311	5772	51377	114645,114853,113938,65419,65419,65419,65419	5	57	26013,28049,28556,183,0,0,0	258	70940
160101	1303	2593	1767	742	696	156	81	13	9111	727	1456	381	1931	56	247	12961	2035	5303	0,96,3,0,0,0	23077	729	781	78979	5915	51951	115190,115397,114524,66014,66014,66014,66014	5	43	26013,28049,29289,247,0,0,0	256	70644
159734	1346	2644	1810	751	688	164	82	18	9318	732	1459	374	1942	51	232	13085	2097	5388	0,95,4,0,0,0	23548	750	851	79704	6074	52541	115781,115990,115158,66684,66684,66684,66684	6	41	26013,28049,30082,323,0,0,0	254	70307
159459	1357	2676	1823	739	703	155	80	17	9534	742	1461	366	1905	49	205	12791	2080	5453	0,95,4,0,0,0	23239	743	847	80388	6242	53123	116349,116557,115771,67299,67299,67299,67299	6	33	26013,28049,30833,409,0,0,0	255	70024
159256	1312	2628	1890	769	706	157	78	17	9723	747	1463	356	1963	45	172	12275	2038	5502	0,94,5,0,0,0	30712	725	788	81007	6415	53699	116842,117052,116312,67839,67839,67839,67839	6	46	26013,28049,31526,487,0,0,0	261	69730
159057	1273	2587	1986	780	681	158	67	16	9915	762	1464	345	1895	54	211	12074	2015	5517	0,93,6,0,0,0	30160	754	774	81635	6570	54298	117333,117544,116847,68376,68375,68375,68375	6	52	26013,28049,32195,586,0,0,0	251	69435
158782	1287	2590	1970	741	701	151	68	16	10209	767	1464	360	1899	49	211	12757	1970	5538	0,92,7,0,0,0	23167	795	870	82328	6755	54931	117888,118100,117448,68979,68978,68978,68978	6	42	26013,28049,32923,716,0,0,0	235	69138
158535	1357	2561	1979	769	648	155	67	14	10420	775	1466	372	1957	63	217	12879	1927	5609	0,91,8,0,0,0	23133	417	884	83016	6955	55193	118458,118670,118064,69608,69607,69607,69607	6	48	26013,28049,33648,865,0,0,0	230	68838
158275	1379	2591	1939	741	641	158	74	15	10681	783	1469	379	1927	57	204	12744	1932	5591	0,90,9,0,0,0	23289	407	849	83687	7140	55444	118892,119104,118546,70038,70036,70036,70036	6	43	26013,28049,34363,990,0,0,0	226	68538
158041	1373	2682	1954	715	644	157	73	15	10826	791	1475	354	2014	47	218	12632	1878	5720	0,89,10,0,0,0	22960	277	879	84364	7351	55700	119328,119540,119028,70474,70471,70471,70471	6	37	26013,28049,35079,1137,0,0,0	235	68177
157780	1385	2717	1997	723	656	165	74	15	10957	801	1476	346	1891	46	205	12756	1895	5822	0,88,11,0,0,0	22944	282	939	85075	7580	55982	119804,120017,119556,70946,70943,70943,70943	6	39	26013,28049,35819,1318,0,0,0	237	67810
157578	1415	2642	2001	729	656	167	68	15	11186	811	1478	361	1927	46	190	12028	1852	5826	0,86,13,0,0,0	30734	235	830	85715	7780	56217	120218,120432,120017,71362,71357,71357,71357	6	52	26013,28049,36448,1517,0,0,0	240	67453
157460	1329	2642	2016	738	692	165	67	14	11326	818	1479	358	1966	45	201	12104	1849	5800	0,85,14,0,0,0	30379	242	790	86297	7992	56459	120598,120815,120448,71722,71715,71715,71715	6	36	26013,28049,37025,1716,0,0,0	241	67115
157217	1379	2668	2032	735	683	166	61	14	11482	828	1481	360	1954	50	242	12762	1895	5829	0,83,16,0,0,0	23136	253	944	87003	8234	56712	121063,121280,120963,72196,72187,72187,72187	6	55	26013,28049,37676,1989,0,0,0	237	66717
156928	1482	2681	2038	729	710	158	61	15	11628	831	1485	372	1965	61	220	13237	1925	5934	0,81,18,0,0,0	23114	104	981	87717	8505	56816	121555,121772,121505,72709,72698,72698,72698	6	37	26013,28049,38336,2289,0,0,0	227	66332
156757	1485	2744	2040	690	685	171	64	15	11773	837	1485	387	1980	41	249	12834	1931	5948	0,79,20,0,0,0	32421	103	922	88418	8739	56919	121963,122178,121964,73093,73080,73080,73080	6	45	26013,28049,38946,2596,0,0,0	224	65922
156582	1507	2751	2082	704	687	173	62	16	11847	844	1491	364	1853	53	197	12580	1910	6056	0,77,22,0,0,0	32056	135	944	89084	9020	57054	122323,122535,122376,73453,73437,73437,73437	6	64	26013,28049,39513,2956,0,0,0	227	65512
156476	1490	2752	2119	719	647	165	65	15	11958	848	1492	390	1931	61	196	12381	1887	6070	0,75,24,0,0,0	30746	104	876	89726	9258	57158	122658,122868,122762,73779,73758,73758,73758	6	55	26013,28049,40061,3267,0,0,0	241	65122
156351	1482	2736	2127	721	637	173	70	11	12089	854	1495	361	1940	60	190	12013	1863	6083	0,74,25,0,0,0	30309	108	878	90353	9515	57266	122985,123196,123140,74096,74072,74072,74072	6	59	26013,28049,40579,3613,0,0,0	239	64740
156253	1452	2720	2196	684	632	170	72	14	12196	858	1499	338	2025	71	199	11621	1885	6041	0,71,28,0,0,0	30016	60	849	90976	9747	57326	123298,123510,123501,74385,74357,74357,74357	6	40	26013,28049,41033,3992,0,0,0	256	64378
156034	1508	2706	2199	694	629	175	80	15	12339	863	1504	323	1971	66	200	11727	1885	6106	0,69,30,0,0,0	30909	108	980	91681	10028	57434	123662,123870,123912,74763,74731,74731,74731	6	57	26013,28049,41516,4472,0,0,0	258	63952
155865	1570	2605	2245	720	624	171	82	14	12475	870	1505	329	1948	76	224	11968	1935	6082	0,66,33,0,0,0	30933	96	921	92324	10310	57530	123981,124187,124278,75113,75076,75076,75076	6	63	26013,28049,41933,4962,0,0,0	261	63541
155749	1567	2589	2258	697	631	169	78	14	12608	879	1507	332	1890	50	208	11684	1912	6077	0,64,35,0,0,0	31108	96	920	92968	10602	57626	124291,124492,124637,75432,75388,75388,75388	7	60	26013,28049,42371,5447,0,0,0	253	63135
155632	1538	2618	2289	682	601	164	79	17	12734	883	1509	339	1901	61	211	11333	1840	6131	0,61,38,0,0,0	30589	60	906	93599	10885	57686	124590,124790,124983,75741,75691,75691,75691	7	49	26013,28049,42729,5976,0,0,0	243	62733
155420	1595	2640	2318	662	608	161	77	19	12848	888	1510	319	1946	65	177	10787	1755	6306	0,59,40,0,0,0	30154	57	1017	94324	11181	57743	124915,125115,125356,76133,76075,76075,76075	7	50	26013,28049,43136,6577,0,0,0	249	62254
155298	1671	2601	2314	636	569	162	82	19	12985	895	1514	330	1960	52	193	10332	1702	6333	0,55,44,0,0,0	28608	63	944	94960	11494	57806	125190,125387,125676,76459,76392,76392,76392	7	50	26013,28049,43444,7203,0,0,0	250	61838
155202	1665	2651	2313	616	526	160	78	23	13096	899	1517	322	1914	51	174	10368	1657	6352	0,52,47,0,0,0	28925	77	951	95585	11826	57883	125449,125646,125982,76762,76686,76686,76686	7	64	26013,28049,43726,7866,0,0,0	251	61422
154842	1800	2745	2386	603	531	160	71	21	13157	912	1518	330	1917	66	198	10681	1670	6626	0,48,51,0,0,0	20766	89	1188	96343	12265	57972	125823,126018,126399,77275,77189,77189,77189	7	55	26013,28049,44054,8713,0,0,0	246	60924
154463	1963	2871	2401	595	510	158	68	20	13256	922	1519	328	1883	72	164	10805	1591	6975	0,45,54,0,0,0	20941	294	1248	97166	12698	58266	126229,126420,126851,77823,77727,77727,77727	7	62	26013,28049,44369,9634,0,0,0	243	60378
154008	2093	3001	2466	580	517	158	66	22	13385	929	1521	324	1938	69	171	10457	1554	7327	0,41,58,0,0,0	20498	268	1284	97997	13160	58534	126696,126888,127363,78492,78384,78384,78384	7	67	26013,28049,44672,10598,0,0,0	232	59849
153475	2211	3210	2509	559	524	146	61	24	13568	936	1523	352	2033	83	177	10087	1552	7668	0,38,61,0,0,0	20487	274	1394	98860	13694	58808	127165,127357,127875,79209,79087,79087,79087	7	60	26013,28049,44975,11672,0,0,0	224	59281
152917	2375	3355	2643	543	541	130	63	21	13690	944	1524	337	1919	68	169	10019	1534	8116	0,34,65,0,0,0	20410	299	1485	99760	14294	59107	127682,127877,128438,80006,79868,79868,79868	8	71	26013,28049,45257,12868,0,0,0	207	58701
152439	2398	3478	2837	525	540	126	65	21	13841	950	1526	345	1946	71	171	9799	1505	8464	0,32,67,0,0,0	28220	304	1405	100604	14859	59411	128118,128313,128919,80717,80562,80562,80562	8	73	26013,28049,45506,14006,0,0,0	207	58120
151802	2425	3732	2933	515	531	125	67	16	14114	957	1529	370	1942	85	176	9907	1561	8767	0,29,70,0,0,0	28228	285	1532	101493	15511	59696	128614,128811,129454,81545,81372,81372,81372	8	80	26013,28049,45731,15299,0,0,0	199	57529
150789	2823	3847	3137	514	527	117	63	16	14420	964	1529	364	1962	76	191	10490	1668	9360	0,26,73,0,0,0	20162	296	1873	102569	16322	59992	129247,129443,130123,82633,82443,82443,82443	8	88	26013,28049,45985,16912,0,0,0	203	56813
149780	3151	3957	3358	508	536	115	64	16	14757	972	1532	377	1969	92	187	10250	1668	10021	0,23,76,0,0,0	20556	348	1948	103692	17156	60340	129887,130082,130800,83745,83534,83534,83534	8	76	26013,28049,46196,18642,0,0,0	199	56052
148736	3363	4257	3538	500	551	116	57	15	15100	981	1532	363	1929	119	208	10192	1764	10618	0,21,78,0,0,0	20446	336	1996	104878	17986	60676	130544,130738,131490,84933,84696,84696,84696	9	102	26013,28049,46426,20412,0,0,0	194	55240
147593	3502	4651	3733	519	519	115	56	15	15521	988	1534	372	1948	107	197	10018	1834	11261	0,19,80,0,0,0	20360	356	2121	106085	18915	61032	131196,131390,132173,86153,85891,85891,85891	9	109	26013,28049,46607,22346,0,0,0	202	54409
146208	3787	5046	3935	550	526	110	53	15	15987	995	1534	382	1897	95	194	10608	1943	12064	0,17,82,0,0,0	20527	344	2384	107439	19964	61376	131983,132180,132991,87576,87287,87287,87287	10	121	26013,28049,46808,24522,0,0,0	202	53525
145108	3761	5236	4344	597	545	102	52	14	16448	1001	1538	416	1945	117	178	10789	1935	12702	0,15,84,0,0,0	28664	325	2129	108684	20859	61701	132614,132808,133648,88804,88483,88483,88483	11	127	26013,28049,46963,26485,0,0,0	209	52643
143866	3670	5582	4653	613	567	104	56	10	17080	1004	1541	398	1921	142	203	10761	2014	13231	0,14,85,0,0,0	29046	338	2235	109951	21860	62039	133273,133469,134336,90116,89762,89762,89762	11	113	26013,28049,47121,28553,21,0,0	215	51749
142052	4245	5688	5037	641	585	99	56	10	17778	1009	1546	387	1917	139	251	12039	2202	14149	0,12,87,0,0,0	21771	335	2865	111514	23193	62374	134155,134353,135239,91863,91475,91475,91475	12	154	26013,28049,47286,31240,33,0,0	197	50676
