S	E	I1	I2	I3	I4	I5_h	I6_h	R_h	R	D1	D2	H	T	P1	P2	Q	QT	NQ	MUT	HOM	VAC	NI	INF	REINF	BSTR	IMM	HCI	HCE	INFV	INFH	VNI
178126	115	123	62	24	40	6	4	0	242	4	0	201	0	0	0	62	62	312	0,0,0,0,0,0	178742	0	0	374	0	0	620,620,620,620,620,620,620	0	0	0,0,0,0,0,0,0	0	0
178073	90	175	63	25	39	8	2	0	262	6	3	345	345	2	70	86	57	345	0,0,0,0,0,0	12493	0	62	436	0	0	673,673,673,673,673,673,673	0	7	62,0,0,0,0,0,0	8	0
178018	102	193	59	29	49	8	2	0	275	6	5	442	243	0	14	209	69	373	0,0,0,0,0,0	12757	0	68	506	0	0	728,728,728,728,728,728,728	0	1	132,0,0,0,0,0,0	13	0
177965	99	207	75	25	59	9	3	0	293	6	5	507	99	0	11	298	75	402	0,0,0,0,0,0	12873	0	71	577	0	0	783,783,783,783,783,783,783	0	10	203,0,0,0,0,0,0	12	0
177888	92	243	90	28	65	10	4	0	310	6	10	564	279	2	21	373	96	436	0,0,0,0,0,0	24983	0	85	663	0	0	862,862,862,862,862,862,862	0	6	289,0,0,0,0,0,0	17	0
177809	102	267	95	39	68	9	5	0	328	6	18	603	260	0	20	597	119	466	0,0,0,0,0,0	25261	0	86	751	0	0	944,944,944,944,944,944,944	0	6	377,0,0,0,0,0,0	17	0
177716	115	278	118	43	68	14	5	0	359	6	24	651	155	0	13	806	145	496	0,0,0,0,0,0	13679	0	100	852	0	0	1041,1041,1041,1041,1041,1041,1041	0	5	478,0,0,0,0,0,0	17	0
177641	135	261	137	47	73	16	4	1	396	6	29	658	314	0	21	944	170	503	0,0,0,0,0,0	13546	0	90	942	0	0	1120,1120,1120,1119,1119,1119,1119	0	8	568,0,0,0,0,0,0	23	0
177564	131	276	158	49	71	17	2	2	436	7	33	696	282	1	21	1166	183	521	0,0,0,0,0,0	13928	0	93	1035	1	0	1201,1200,1200,1199,1199,1199,1199	0	8	662,0,0,0,0,0,0	19	0
177471	136	306	152	57	83	19	2	2	471	7	40	725	239	1	25	1362	225	530	0,0,0,0,0,0	14178	0	116	1147	5	0	1303,1303,1303,1300,1300,1300,1300	0	9	778,0,0,0,0,0,0	22	0
177383	139	318	173	74	77	18	3	2	510	7	42	737	97	1	22	1585	230	572	0,0,0,0,0,0	14406	0	113	1259	6	0	1401,1399,1399,1396,1396,1396,1396	1	12	890,0,0,0,0,0,0	22	0
177306	144	325	182	81	79	20	4	2	551	7	45	738	269	1	22	1679	238	597	0,0,0,0,0,0	26261	0	103	1363	6	0	1494,1492,1492,1485,1485,1485,1485	1	7	994,0,0,0,0,0,0	24	0
177208	167	324	194	84	86	19	4	2	597	8	53	742	286	1	31	1805	270	608	0,0,0,0,0,0	26300	0	119	1482	7	0	1609,1606,1606,1594,1594,1594,1594	1	10	1114,0,0,0,0,0,0	31	0
177111	195	319	209	82	83	20	5	2	653	8	59	757	231	3	29	2414	290	623	0,0,0,0,0,0	15215	0	125	1604	11	0	1726,1721,1721,1704,1704,1704,1704	1	5	1240,0,0,0,0,0,0	28	0
177031	211	321	220	79	85	19	6	2	703	8	61	742	83	0	18	2374	283	658	0,0,0,0,0,0	15461	0	116	1720	12	0	1832,1825,1825,1800,1800,1800,1800	1	5	1357,0,0,0,0,0,0	27	0
176945	200	371	199	83	82	20	6	1	764	8	67	703	314	2	24	2369	275	686	0,0,0,0,0,0	15377	0	125	1845	14	0	1948,1939,1939,1904,1904,1904,1904	1	12	1484,0,0,0,0,0,0	32	0
176837	206	381	216	86	96	23	7	1	809	9	75	723	138	1	27	2510	296	719	0,0,0,0,0,0	15411	0	141	1985	16	0	2081,2069,2069,2028,2028,2028,2028	1	11	1626,0,0,0,0,0,0	35	0
176700	221	432	225	79	100	22	7	1	868	10	81	712	277	2	33	2560	308	778	0,0,0,0,0,0	15565	0	172	2155	18	0	2245,2231,2231,2181,2181,2181,2181	1	18	1797,0,0,0,0,0,0	41	0
176620	229	424	243	88	101	18	7	1	920	10	85	731	100	1	34	2608	313	797	0,0,0,0,0,0	27039	0	134	2287	20	0	2361,2345,2345,2285,2285,2285,2285	1	11	1930,0,0,0,0,0,0	41	0
176528	236	445	242	100	104	18	8	1	963	10	91	713	283	0	32	2547	336	817	0,0,0,0,0,0	27248	0	146	2430	23	0	2497,2476,2476,2403,2403,2403,2403	1	13	2075,0,0,0,0,0,0	41	0
176424	228	478	244	102	115	20	11	0	1018	11	95	700	347	3	44	2834	373	825	0,0,0,0,0,0	15572	0	155	2581	27	0	2643,2618,2618,2529,2529,2529,2529	1	10	2229,0,0,0,0,0,0	38	0
176331	221	495	265	104	124	20	11	0	1063	11	101	695	83	1	41	2821	393	847	0,0,0,0,0,0	15834	0	147	2729	29	0	2782,2753,2753,2646,2646,2646,2646	1	12	2378,0,0,0,0,0,0	40	0
176202	260	501	288	116	125	20	12	0	1104	11	107	668	238	0	34	2618	378	944	0,0,0,0,0,0	15852	0	188	2917	30	0	2967,2931,2931,2805,2805,2805,2805	1	12	2566,0,0,0,0,0,0	46	0
176007	309	539	309	130	125	28	14	0	1164	11	110	684	328	3	47	2481	417	1037	0,0,0,0,0,0	15544	0	242	3157	33	0	3204,3164,3164,3022,3022,3022,3022	1	23	2808,0,0,0,0,0,0	50	0
175861	319	566	326	137	128	34	15	1	1234	11	114	652	227	2	46	2974	460	1065	0,0,0,0,0,0	15572	0	203	3360	34	0	3402,3357,3357,3196,3196,3196,3196	2	19	3012,0,0,0,0,0,0	55	0
175723	333	575	335	146	136	33	13	2	1321	11	118	654	320	4	50	3292	475	1096	0,0,0,0,0,0	27773	0	197	3558	36	0	3594,3544,3544,3364,3364,3364,3364	2	14	3210,0,0,0,0,0,0	65	0
175590	324	598	352	163	136	34	13	1	1401	13	121	659	242	2	47	3463	506	1114	0,0,0,0,0,0	27862	0	191	3748	38	0	3778,3722,3722,3525,3525,3525,3525	2	18	3400,0,0,0,0,0,0	67	0
175446	355	628	364	146	151	36	13	1	1470	14	122	641	328	4	47	3601	532	1161	0,0,0,0,0,0	16340	0	231	3978	40	0	3995,3932,3932,3709,3709,3709,3709	2	23	3630,0,0,0,0,0,0	65	0
175290	357	662	412	144	158	37	13	1	1528	15	129	630	269	4	40	3740	514	1269	0,0,0,0,0,0	16466	0	244	4224	41	0	4238,4166,4166,3911,3911,3911,3911	2	19	3877,0,0,0,0,0,0	66	0
175133	369	705	399	157	177	36	12	1	1609	17	131	622	242	1	53	3856	542	1313	0,0,0,0,0,0	16594	0	248	4471	43	0	4472,4392,4392,4109,4109,4109,4109	2	17	4124,0,0,0,0,0,0	68	0
174971	396	721	413	170	186	41	18	1	1680	17	132	631	380	1	77	3919	590	1355	0,0,0,0,0,0	16704	0	255	4726	44	0	4718,4630,4630,4316,4316,4316,4316	2	30	4380,0,0,0,0,0,0	69	0
174801	396	772	411	185	189	44	19	0	1777	18	134	633	255	4	64	4177	622	1394	0,0,0,0,0,0	16986	0	256	4983	45	0	4968,4872,4872,4528,4528,4528,4528	2	32	4637,0,0,0,0,0,0	89	0
174690	380	765	417	202	205	45	23	1	1863	18	137	647	335	2	70	4386	651	1386	0,0,0,0,0,0	28578	0	228	5211	46	0	5184,5077,5077,4694,4694,4694,4694	2	11	4865,0,0,0,0,0,0	93	0
174563	374	778	462	203	197	48	21	3	1935	20	142	632	235	5	71	4481	675	1408	0,0,0,0,0,0	28595	0	235	5446	46	0	5411,5294,5294,4875,4875,4875,4875	3	21	5100,0,0,0,0,0,0	102	0
174396	384	782	480	224	206	46	23	3	2034	21	147	624	330	1	70	4469	719	1426	0,0,0,0,0,0	17864	0	275	5723	46	0	5681,5553,5553,5096,5096,5096,5096	3	24	5377,0,0,0,0,0,0	95	0
174246	413	773	503	206	207	51	25	4	2142	24	152	623	304	2	79	4757	714	1464	0,0,0,0,0,0	17455	0	267	5989	49	0	5938,5799,5799,5300,5300,5300,5300	3	30	5645,0,0,0,0,0,0	98	0
174064	424	806	525	212	217	51	24	4	2234	24	161	618	267	2	72	5076	723	1536	0,0,0,0,0,0	17705	0	302	6290	51	0	6235,6084,6084,5542,5542,5542,5542	3	36	5946,0,0,0,0,0,0	106	0
173896	426	839	530	225	221	52	24	4	2340	24	165	602	270	8	75	5423	768	1549	0,0,0,0,0,0	18021	0	292	6582	52	0	6518,6355,6355,5771,5771,5771,5771	3	27	6238,0,0,0,0,0,0	98	0
173705	452	884	545	226	235	53	27	3	2422	27	167	583	280	2	68	5743	785	1637	0,0,0,0,0,0	18464	0	327	6906	57	0	6832,6656,6656,6025,6025,6025,6025	3	25	6562,0,0,0,0,0,0	97	0
173552	487	886	561	227	260	52	27	4	2492	28	170	579	249	2	60	5779	784	1716	0,0,0,0,0,0	30002	0	313	7220	59	0	7133,6941,6941,6254,6254,6254,6254	3	21	6876,0,0,0,0,0,0	105	0
173407	472	902	593	250	273	52	27	5	2561	29	175	568	257	4	79	5653	807	1762	0,0,0,0,0,0	30130	0	291	7508	63	0	7411,7205,7205,6468,6468,6468,6468	3	20	7164,0,0,0,0,0,0	110	0
173248	464	924	618	271	265	53	30	5	2660	30	178	557	272	2	86	5992	838	1787	0,0,0,0,0,0	18909	0	316	7823	64	0	7714,7494,7494,6701,6701,6701,6701	4	38	7479,0,0,0,0,0,0	110	0
173078	487	958	596	261	286	60	35	5	2767	31	182	552	320	5	90	6449	870	1813	0,0,0,0,0,0	18974	0	345	8169	65	0	8045,7808,7808,6953,6953,6953,6953	4	24	7826,0,0,0,0,0,0	109	0
172922	495	981	608	264	295	63	40	6	2856	32	184	559	310	4	91	6324	916	1830	0,0,0,0,0,0	19072	0	326	8494	68	0	8356,8102,8102,7188,7188,7188,7188	4	28	8152,0,0,0,0,0,0	121	0
172720	510	1052	629	261	305	72	42	7	2922	35	191	510	227	6	84	6635	946	1925	0,0,0,0,0,0	19134	0	379	8871	71	0	8727,8455,8455,7475,7475,7475,7475	4	33	8529,0,0,0,0,0,0	135	0
172508	562	1081	663	262	322	78	49	7	2982	36	196	493	258	4	91	6697	962	2055	0,0,0,0,0,0	19374	0	402	9273	72	0	9119,8828,8828,7780,7780,7780,7780	4	32	8931,0,0,0,0,0,0	152	0
172368	562	1058	698	260	321	75	47	10	3111	39	197	459	305	0	95	6695	973	2048	0,0,0,0,0,0	30866	0	323	9595	75	0	9429,9120,9120,8006,8006,8006,8006	4	25	9253,0,0,0,0,0,0	148	0
172203	531	1092	718	267	329	73	49	12	3231	42	199	465	253	4	82	6564	956	2103	0,0,0,0,0,0	30908	0	350	9943	78	0	9767,9439,9439,8258,8258,8258,8258	4	20	9601,0,0,0,0,0,0	148	0
171979	572	1140	701	299	348	70	50	11	3327	47	202	450	330	5	105	6729	1000	2180	0,0,0,0,0,0	19691	0	420	10360	82	0	10172,9826,9826,8575,8575,8575,8575	4	48	10019,0,0,0,0,0,0	153	0
171751	633	1139	712	330	350	76	54	11	3434	50	206	433	248	2	105	7002	1069	2225	0,0,0,0,0,0	19644	0	429	10792	83	0	10592,10225,10225,8899,8899,8899,8899	5	48	10451,0,0,0,0,0,0	150	0
171576	660	1152	732	347	336	75	53	9	3544	53	209	453	249	2	104	7196	1092	2263	0,0,0,0,0,0	35031	0	388	11178	86	0	10966,10578,10578,9175,9175,9175,9175	5	37	10838,0,0,0,0,0,0	150	0
171380	642	1201	739	353	347	80	52	11	3674	56	211	443	274	6	107	7525	1122	2292	0,0,0,0,0,0	35213	0	397	11576	89	0	11353,10944,10944,9467,9467,9467,9467	5	52	11236,0,0,0,0,0,0	153	0
171253	586	1221	744	356	356	83	54	10	3815	56	212	431	296	5	110	7493	1156	2244	0,0,0,0,0,0	35391	0	331	11905	91	0	11669,11240,11240,9688,9688,9688,9688	5	31	11565,0,0,0,0,0,0	154	0
171125	535	1246	768	354	347	84	59	12	3945	57	214	436	232	5	97	7644	1186	2207	0,0,0,0,0,0	48518	0	363	12267	95	0	12018,11565,11565,9928,9928,9928,9928	5	37	11928,0,0,0,0,0,0	172	0
171039	531	1210	798	347	339	84	59	11	4050	62	216	431	342	3	111	7552	1213	2155	0,0,0,0,0,0	48524	0	335	12603	98	0	12339,11861,11861,10132,10132,10132,10132	5	32	12265,0,0,0,0,0,0	177	0
170945	537	1182	789	331	367	86	60	10	4157	63	219	398	236	6	125	7826	1237	2115	0,0,0,0,0,0	35491	0	359	12959	101	0	12681,12177,12177,10351,10351,10351,10351	5	47	12621,0,0,0,0,0,0	173	0
170880	526	1183	791	327	350	87	64	8	4241	68	221	413	279	6	111	8063	1286	2042	0,0,0,0,0,0	35781	0	337	13296	104	0	13000,12468,12468,10543,10543,10543,10543	5	38	12959,0,0,0,0,0,0	164	0
170796	525	1138	773	343	358	88	56	10	4361	77	221	430	248	11	95	8352	1264	2017	0,0,0,0,0,0	35939	0	334	13628	107	0	13315,12759,12759,10742,10742,10742,10742	6	30	13291,0,0,0,0,0,0	158	0
170697	534	1105	813	352	350	93	50	11	4433	84	224	422	239	3	104	8114	1285	2012	0,0,0,0,0,0	36029	0	340	13966	109	0	13640,13059,13059,10954,10954,10954,10954	6	31	13629,0,0,0,0,0,0	168	0
170626	544	1079	790	368	356	89	50	12	4520	85	227	417	291	4	90	8483	1254	2022	0,0,0,0,0,0	36091	0	345	14309	113	0	13967,13359,13359,11152,11152,11152,11152	6	42	13972,0,0,0,0,0,0	170	0
170598	504	1051	795	359	381	95	54	8	4585	87	229	415	258	10	96	8487	1243	1996	0,0,0,0,0,0	48902	0	293	14601	117	0	14242,13607,13607,11304,11304,11304,11304	6	20	14264,0,0,0,0,0,0	185	0
170591	474	1055	766	345	357	101	55	9	4669	91	233	414	244	5	94	8251	1227	1926	0,0,0,0,0,0	48721	0	304	14903	119	0	14525,13861,13861,11449,11449,11449,11449	5	27	14566,0,0,0,0,0,0	184	0
170537	490	1040	741	344	358	105	55	8	4734	96	238	428	246	8	112	8325	1210	1923	0,0,0,0,0,0	36297	0	334	15229	128	0	14836,14145,14145,11632,11632,11632,11632	5	27	14892,0,0,0,0,0,0	182	0
170515	489	1050	738	330	344	108	54	10	4770	99	239	431	259	6	102	8328	1194	1919	0,0,0,0,0,0	36191	0	317	15541	136	0	15127,14406,14406,11787,11787,11787,11787	5	31	15204,0,0,0,0,0,0	192	0
170546	484	1026	720	311	341	108	58	9	4801	101	241	427	246	5	104	8382	1180	1868	0,0,0,0,0,0	36199	0	291	15827	141	0	15394,14641,14641,11904,11904,11904,11904	5	32	15491,0,0,0,0,0,0	203	0
170568	471	1015	708	320	320	110	60	11	4815	103	245	394	249	1	95	7969	1147	1857	0,0,0,0,0,0	35999	0	288	16112	144	0	15661,14877,14877,12025,12025,12025,12025	5	36	15776,0,0,0,0,0,0	206	0
170530	481	994	723	315	316	110	55	11	4858	107	246	407	301	1	97	7942	1141	1853	0,0,0,0,0,0	35806	0	314	16422	150	0	15953,15142,15142,12188,12188,12188,12188	6	48	16086,0,0,0,0,0,0	193	0
170577	459	954	702	308	319	117	53	13	4882	112	250	384	314	4	77	7829	1069	1843	0,0,0,0,0,0	47872	0	262	16681	157	0	16194,15352,15352,12285,12285,12285,12285	6	23	16345,0,0,0,0,0,0	194	0
170620	440	933	695	313	314	115	54	15	4879	117	251	394	237	3	87	7762	1047	1817	0,0,0,0,0,0	48531	0	259	16937	163	0	16431,15559,15559,12380,12380,12380,12380	5	19	16601,0,0,0,0,0,0	198	0
170662	418	972	679	305	304	111	55	15	4847	122	256	349	284	3	105	7449	1085	1759	0,0,0,0,0,0	35837	0	290	17222	168	0	16697,15792,15792,12491,12491,12491,12491	5	28	16886,0,0,0,0,0,0	186	0
170663	411	950	691	288	317	107	55	15	4863	126	260	374	328	4	80	7167	1067	1752	0,0,0,0,0,0	35198	0	287	17503	176	0	16960,16027,16027,12619,12619,12619,12619	5	30	17168,0,0,0,0,0,0	185	0
170690	420	933	681	298	308	97	55	13	4856	130	265	385	287	6	88	7244	1052	1740	0,0,0,0,0,0	35144	0	278	17779	180	0	17218,16254,16254,12732,12732,12732,12732	5	26	17444,0,0,0,0,0,0	184	0
170732	422	910	685	286	288	97	57	13	4854	134	268	384	329	3	74	7091	998	1747	0,0,0,0,0,0	34944	0	285	18060	185	0	17478,16481,16481,12838,12838,12838,12838	5	33	17725,0,0,0,0,0,0	183	0
170797	417	883	672	293	276	97	57	14	4837	135	268	399	254	2	95	7211	979	1716	0,0,0,0,0,0	34890	0	259	18316	188	0	17711,16682,16682,12919,12919,12919,12919	5	34	17982,0,0,0,0,0,0	176	0
170923	380	827	673	293	280	99	54	14	4794	139	270	392	255	1	61	6940	952	1654	0,0,0,0,0,0	47506	0	209	18524	189	0	17898,16835,16835,12947,12947,12947,12947	5	19	18190,0,0,0,0,0,0	180	0
170995	368	810	642	278	280	103	59	11	4786	141	273	399	345	1	76	7152	945	1595	0,0,0,0,0,0	47836	0	226	18746	194	0	18100,17007,17007,13010,13010,13010,13010	4	17	18412,0,0,0,0,0,0	192	0
171085	371	788	630	278	282	95	57	11	4731	144	274	394	267	3	83	7077	953	1548	0,0,0,0,0,0	35035	0	238	18979	200	0	18310,17185,17185,13066,13066,13066,13066	4	30	18646,0,0,0,0,0,0	181	0
171151	378	767	600	270	273	88	53	13	4730	148	275	424	327	0	85	6899	933	1496	0,0,0,0,0,0	34820	0	237	19217	202	0	18525,17369,17369,13136,13136,13136,13136	4	17	18884,0,0,0,0,0,0	166	0
171236	372	732	582	265	264	86	51	17	4711	153	277	422	253	3	68	7041	899	1453	0,0,0,0,0,0	34916	0	218	19433	204	0	18720,17534,17534,13186,13186,13186,13186	4	28	19100,0,0,0,0,0,0	156	0
171315	340	743	579	254	239	81	48	16	4695	157	279	415	248	3	70	6739	840	1444	0,0,0,0,0,0	34720	0	222	19649	211	0	18914,17698,17698,13239,13239,13239,13239	4	19	19316,0,0,0,0,0,0	155	0
171400	344	709	559	255	237	84	47	12	4659	159	281	409	240	4	65	6928	821	1414	0,0,0,0,0,0	34847	0	213	19864	212	0	19107,17862,17862,13289,13289,13289,13289	4	34	19531,0,0,0,0,0,0	152	0
171530	318	725	550	239	220	93	46	14	4568	162	281	391	307	0	54	6534	778	1413	0,0,0,0,0,0	47572	0	205	20066	215	0	19285,18006,18006,13309,13309,13309,13309	4	19	19733,0,0,0,0,0,0	161	0
171612	323	719	535	219	221	92	43	15	4519	165	283	358	241	3	61	6294	762	1390	0,0,0,0,0,0	47195	0	208	20274	216	0	19472,18164,18164,13357,13357,13357,13357	4	10	19941,0,0,0,0,0,0	164	0
171678	331	701	537	213	214	81	46	13	4479	169	284	378	262	2	68	6131	747	1376	0,0,0,0,0,0	34398	0	213	20486	219	0	19663,18327,18327,13414,13414,13414,13414	4	23	20153,0,0,0,0,0,0	148	0
171749	345	718	534	203	224	74	47	12	4383	172	285	395	253	6	58	5860	734	1411	0,0,0,0,0,0	34292	0	234	20719	224	0	19870,18504,18504,13476,13476,13476,13476	4	25	20386,0,0,0,0,0,0	152	0
171810	336	737	526	211	215	72	43	11	4322	178	285	434	236	2	75	5980	737	1403	0,0,0,0,0,0	33696	0	235	20948	230	0	20076,18681,18681,13542,13542,13542,13542	4	27	20615,0,0,0,0,0,0	144	0
171848	362	724	506	212	212	66	41	12	4299	178	286	434	237	2	64	5908	714	1409	0,0,0,0,0,0	34071	0	238	21182	235	0	20289,18866,18866,13623,13623,13623,13623	4	25	20849,0,0,0,0,0,0	139	0
171867	381	738	499	209	220	67	38	11	4244	181	291	429	330	1	47	5441	679	1473	0,0,0,0,0,0	33799	0	246	21429	236	0	20516,19067,19067,13721,13721,13721,13721	4	29	21096,0,0,0,0,0,0	136	0
172001	355	730	502	199	220	67	40	12	4145	181	294	451	305	4	62	5390	697	1416	0,0,0,0,0,0	46414	0	178	21606	239	0	20672,19191,19191,13726,13726,13726,13726	4	15	21273,0,0,0,0,0,0	134	0
172128	317	693	535	200	219	70	39	13	4053	183	296	420	249	2	66	5329	700	1373	0,0,0,0,0,0	46494	0	175	21779	242	0	20822,19311,19311,13732,13732,13732,13732	4	30	21447,0,0,0,0,0,0	148	0
172211	322	672	508	208	203	69	38	12	4018	186	299	416	222	3	72	5326	693	1327	0,0,0,0,0,0	33296	0	190	21967	246	0	20989,19450,19450,13767,13767,13767,13767	4	27	21635,0,0,0,0,0,0	137	0
172274	327	681	495	209	203	74	36	11	3945	188	303	423	93	3	56	5343	689	1336	0,0,0,0,0,0	33172	0	226	22190	249	0	21189,19622,19622,13827,13827,13827,13827	4	23	21858,0,0,0,0,0,0	138	0
172359	333	663	482	195	210	68	39	11	3890	190	306	449	257	2	66	5213	689	1301	0,0,0,0,0,0	32989	0	193	22376	257	0	21355,19760,19760,13860,13860,13860,13860	4	25	22046,0,0,0,0,0,0	129	0
172428	317	673	459	189	183	70	36	9	3877	194	311	434	270	2	49	4859	658	1269	0,0,0,0,0,0	46013	0	180	22555	258	0	21515,19896,19896,13898,13898,13898,13898	3	19	22225,0,0,0,0,0,0	131	0
172514	290	657	470	171	193	73	34	9	3825	196	314	418	330	4	53	4716	618	1270	0,0,0,0,0,0	45680	0	174	22725	262	0	21666,20020,20020,13921,13921,13921,13921	3	16	22395,0,0,0,0,0,0	141	0
172591	256	632	448	172	194	69	32	10	3828	199	315	431	278	2	57	4584	635	1168	0,0,0,0,0,0	45787	0	150	22871	266	0	21793,20124,20124,13939,13939,13939,13939	3	12	22541,0,0,0,0,0,0	137	0
172670	267	596	464	191	176	64	28	10	3759	202	319	433	293	3	40	4449	623	1163	0,0,0,0,0,0	45763	27	194	23062	270	0	21965,20269,20269,13978,13978,13978,13978	3	17	22732,0,0,0,0,0,0	134	26
172776	253	578	461	171	184	68	25	9	3693	207	321	437	239	2	63	4669	621	1119	0,0,0,0,0,0	32705	24	162	23222	273	0	22101,20379,20379,13985,13985,13985,13985	3	23	22892,0,0,0,0,0,0	123	45
172872	257	546	446	173	195	69	24	8	3623	208	325	449	261	2	60	4682	630	1080	0,0,0,0,0,0	32621	25	173	23396	274	0	22251,20502,20502,14002,14002,14002,14002	3	20	23067,0,0,0,0,0,0	131	66
172974	255	522	438	165	193	68	23	9	3557	210	332	458	278	2	47	4606	597	1067	0,0,0,0,0,0	32572	31	156	23553	275	0	22390,20614,20614,14012,14012,14012,14012	3	23	23224,0,0,0,0,0,0	113	92
173051	251	529	448	180	178	68	20	10	3461	214	336	458	246	0	63	4417	625	1049	0,0,0,0,0,0	32558	16	169	23719	280	0	22537,20736,20736,14037,14037,14037,14037	3	18	23392,0,0,0,0,0,0	114	106
173102	268	517	429	183	170	66	20	8	3428	216	339	461	294	0	47	4356	617	1036	0,0,0,0,0,0	32279	37	168	23886	282	0	22686,20863,20863,14076,14076,14076,14076	3	17	23559,0,0,0,0,0,0	118	138
173205	251	522	402	177	154	74	19	7	3377	217	341	457	222	3	56	4103	612	987	0,0,0,0,0,0	38902	26	137	24024	285	0	22803,20956,20956,14075,14075,14075,14075	3	16	23697,0,0,0,0,0,0	119	159
173300	249	515	394	178	152	65	19	7	3306	220	341	454	245	2	40	4447	601	971	0,0,0,0,0,0	39298	145	152	24177	286	0	22943,21072,21072,14089,14089,14089,14089	3	13	23850,0,0,0,0,0,0	124	283
173403	255	503	388	170	157	60	18	6	3219	222	345	471	323	3	55	4795	625	926	0,0,0,0,0,0	27848	138	141	24319	288	0	23073,21177,21177,14092,14092,14092,14092	3	17	23992,0,0,0,0,0,0	119	405
173467	225	537	364	168	154	60	20	8	3173	222	348	478	312	3	46	4719	600	928	0,0,0,0,0,0	27751	118	148	24465	291	0	23206,21289,21289,14115,14115,14115,14115	3	17	24138,0,0,0,0,0,0	113	501
173527	226	517	355	165	162	56	18	8	3137	224	351	453	288	4	43	4758	570	929	0,0,0,0,0,0	27650	144	160	24624	292	0	23356,21416,21416,14150,14150,14150,14150	3	19	24297,0,0,0,0,0,0	110	621
173547	242	504	360	163	167	58	17	7	3099	226	356	505	102	1	50	4606	560	951	0,0,0,0,0,0	27603	145	171	24790	298	0	23512,21553,21553,14206,14206,14206,14206	3	17	24465,0,0,0,0,0,0	106	741
173585	251	514	355	167	167	58	18	5	3041	228	357	483	312	2	44	4335	549	981	0,0,0,0,0,0	27535	143	173	24963	299	0	23675,21695,21695,14258,14258,14258,14258	2	13	24638,0,0,0,0,0,0	109	858
173641	224	517	371	162	169	61	21	5	2985	229	361	483	248	0	46	4168	535	990	0,0,0,0,0,0	38786	140	145	25106	301	0	23809,21808,21808,14287,14287,14287,14287	2	11	24782,0,0,0,0,0,0	117	976
173720	215	490	351	158	181	60	22	3	2953	230	363	475	261	1	57	4355	541	936	0,0,0,0,0,0	39310	145	138	25242	303	0	23972,21950,21950,14319,14319,14319,14319	2	11	24919,0,0,0,0,0,0	117	1095
173731	237	495	359	158	169	56	22	2	2919	232	366	474	283	3	60	4670	566	930	0,0,0,0,0,0	27329	156	180	25418	308	0	24175,22134,22134,14403,14403,14403,14403	2	24	25095,0,0,0,0,0,0	119	1221
173787	247	481	356	155	149	55	23	2	2891	233	367	472	292	2	38	4363	525	941	0,0,0,0,0,0	27705	145	144	25561	311	0	24333,22272,22272,14442,14442,14442,14442	2	17	25238,0,0,0,0,0,0	112	1341
173859	246	500	345	145	133	51	21	2	2843	234	367	485	98	4	46	4224	521	920	0,0,0,0,0,0	27171	142	156	25712	317	0	24506,22423,22423,14481,14481,14481,14481	2	16	25389,0,0,0,0,0,0	111	1451
173891	263	502	338	137	134	51	24	3	2799	235	369	485	245	0	41	4307	491	958	0,0,0,0,0,0	27321	165	161	25870	322	0	24689,22587,22587,14544,14544,14544,14544	2	27	25547,0,0,0,0,0,0	110	1587
173920	261	503	341	150	129	46	24	4	2757	236	375	510	234	1	53	4199	487	967	0,0,0,0,0,0	27098	168	165	26028	329	0	24875,22753,22753,14610,14610,14610,14610	2	18	25705,0,0,0,0,0,0	101	1723
173988	233	502	337	158	127	49	24	5	2710	237	376	503	313	1	30	4149	479	951	0,0,0,0,0,0	38952	145	127	26153	331	0	25025,22884,22884,14640,14640,14640,14640	2	8	25830,0,0,0,0,0,0	96	1836
174069	207	512	329	162	138	46	29	6	2633	237	378	502	288	0	41	3844	470	953	0,0,0,0,0,0	39152	56	130	26284	332	0	25180,23017,23017,14665,14665,14665,14665	2	6	25961,0,0,0,0,0,0	99	1881
174091	231	530	321	169	130	45	27	6	2572	239	385	466	298	1	55	3878	480	973	0,0,0,0,0,0	26908	62	175	26456	336	0	25383,23201,23201,14743,14743,14743,14743	2	17	26133,0,0,0,0,0,0	96	1929
174095	235	513	334	167	134	48	25	7	2560	241	387	477	258	5	49	3493	477	979	0,0,0,0,0,0	26488	76	159	26616	337	0	25568,23369,23369,14818,14818,14818,14818	2	15	26293,0,0,0,0,0,0	90	1983
174092	242	529	349	143	146	48	21	8	2534	245	389	467	246	1	49	3520	489	989	0,0,0,0,0,0	26466	72	168	26782	340	0	25755,23540,23540,14900,14900,14900,14900	2	18	26459,0,0,0,0,0,0	89	2042
174094	258	515	334	164	144	45	19	8	2526	247	392	472	262	0	48	3436	500	979	0,0,0,0,0,0	26451	75	167	26948	343	0	25955,23722,23722,14985,14985,14985,14985	2	19	26625,0,0,0,0,0,0	89	2097
174115	257	515	327	155	153	44	19	8	2510	249	394	480	238	3	41	3612	498	972	0,0,0,0,0,0	26576	65	158	27105	344	0	26143,23892,23892,15054,15054,15054,15054	2	15	26782,0,0,0,0,0,0	89	2152
174178	234	498	355	158	153	43	17	7	2454	250	399	482	263	1	57	3418	510	948	0,0,0,0,0,0	38127	61	132	27234	347	0	26296,24026,24026,15086,15086,15086,15086	2	12	26912,0,0,0,0,0,0	90	2196
174215	222	501	336	164	155	42	17	6	2437	252	399	502	304	0	31	3362	485	952	0,0,0,0,0,0	38124	191	142	27373	350	0	26441,24153,24153,15126,15126,15126,15126	2	12	27051,0,0,0,0,0,0	95	2344
174256	210	495	346	164	150	46	18	5	2401	253	402	506	247	1	57	3292	478	951	0,0,0,0,0,0	26346	235	140	27512	352	0	26585,24279,24279,15163,15163,15163,15163	2	13	27190,0,0,0,0,0,0	89	2521
174267	214	481	355	179	157	47	17	4	2361	255	409	505	260	1	52	3376	526	924	0,0,0,0,0,0	26498	209	151	27661	356	0	26746,24424,24424,15222,15222,15222,15222	2	13	27339,0,0,0,0,0,0	94	2685
174231	231	492	335	167	142	46	19	4	2410	256	413	498	96	1	48	3533	522	910	0,0,0,0,0,0	26474	227	164	27824	357	0	26926,24591,24591,15315,15315,15315,15315	2	14	27502,0,0,0,0,0,0	85	2864
174242	246	462	331	181	151	39	19	3	2396	257	419	478	241	3	52	3711	533	896	0,0,0,0,0,0	26446	200	156	27979	361	0	27091,24739,24739,15375,15375,15375,15375	2	10	27659,0,0,0,0,0,0	85	3020
174252	249	479	312	164	147	41	16	3	2400	261	422	482	285	2	55	3730	530	878	0,0,0,0,0,0	26464	185	146	28122	364	0	27248,24881,24881,15433,15433,15433,15433	2	12	27803,0,0,0,0,0,0	84	3167
174308	247	458	305	163	138	41	16	3	2381	261	425	495	87	2	34	3285	483	885	0,0,0,0,0,0	38442	170	130	28249	367	0	27381,24996,24996,15458,15458,15458,15458	2	8	27931,0,0,0,0,0,0	89	3311
174354	223	444	316	166	137	39	17	3	2354	262	431	515	228	1	42	3170	489	853	0,0,0,0,0,0	38042	157	114	28358	372	0	27574,25174,25174,15517,15517,15517,15517	1	5	28040,0,0,0,0,0,0	83	3437
174404	205	441	313	164	132	39	17	3	2330	264	434	508	245	1	47	3095	498	813	0,0,0,0,0,0	26325	156	121	28478	373	0	27786,25369,25369,15582,15582,15582,15582	1	12	28160,0,0,0,0,0,0	83	3555
174387	219	442	299	167	128	38	16	3	2341	266	440	524	266	2	35	3071	462	847	2,0,0,0,0,0	25913	171	126	28632	376	0	28018,25588,25588,15691,15691,15691,15691	1	9	28285,30,0,0,0,0,0	79	3685
174369	233	446	303	168	139	40	16	3	2317	267	445	521	263	1	36	3262	478	867	5,0,0,0,0,0	26024	166	141	28799	383	0	28277,25833,25833,15815,15815,15815,15815	1	7	28412,74,0,0,0,0,0	70	3811
174367	235	491	294	151	131	42	18	5	2296	267	449	520	275	2	50	3155	468	894	9,0,0,0,0,0	26201	135	135	28968	387	0	28528,26068,26068,15926,15926,15926,15926	1	7	28525,130,0,0,0,0,0	71	3904
174353	240	506	309	148	127	42	19	6	2278	267	451	530	271	0	40	3134	435	956	14,0,0,0,0,0	26322	174	134	29134	397	0	28771,26297,26297,16039,16039,16039,16039	1	10	28627,200,0,0,0,0,0	72	4028
174316	246	531	313	141	126	38	21	6	2284	268	456	511	266	3	41	2880	413	1003	20,0,0,0,0,0	38416	158	137	29308	401	0	29025,26538,26538,16171,16171,16171,16171	1	3	28711,292,0,0,0,0,0	71	4139
174252	283	550	317	142	116	40	20	7	2290	269	460	506	242	0	42	2871	434	1034	24,0,0,0,0,0	37827	111	173	29514	403	0	29303,26803,26803,16327,16327,16327,16327	1	10	28825,385,0,0,0,0,0	73	4224
174237	283	551	313	149	127	40	18	10	2284	270	464	521	235	3	45	2991	434	1047	27,0,0,0,0,0	26178	134	166	29679	406	0	29540,27026,27026,16436,16436,16436,16436	1	15	28924,452,0,0,0,0,0	70	4322
174241	265	568	306	155	144	36	20	8	2268	270	465	518	311	1	54	3267	468	1026	30,0,0,0,0,0	26134	119	163	29835	413	0	29766,27238,27237,16530,16530,16530,16530	1	5	29015,518,0,0,0,0,0	69	4418
174204	278	563	322	160	154	41	19	8	2258	271	468	521	247	4	54	3335	502	1035	32,0,0,0,0,0	26381	123	178	30009	419	0	30006,27466,27465,16653,16653,16653,16653	1	14	29115,597,0,0,0,0,0	65	4511
174146	295	569	314	166	153	42	24	7	2286	271	473	521	287	3	51	3278	488	1075	35,0,0,0,0,0	26555	127	183	30190	422	0	30256,27705,27704,16789,16789,16789,16789	1	7	29208,688,0,0,0,0,0	68	4609
174102	279	611	313	173	145	43	24	8	2303	271	474	543	266	2	63	3386	522	1066	38,0,0,0,0,0	26648	136	190	30377	428	0	30515,27952,27951,16924,16924,16924,16924	1	18	29294,792,0,0,0,0,0	74	4698
174072	272	595	326	184	160	40	23	9	2315	272	478	523	274	2	39	3239	530	1070	40,0,0,0,0,0	37793	148	166	30538	433	0	30740,28166,28164,17038,17038,17038,17038	1	9	29376,873,0,0,0,0,0	70	4802
174062	264	592	320	186	155	44	24	9	2335	274	481	549	278	3	36	3178	514	1071	42,0,0,0,0,0	38116	283	153	30688	437	0	30918,28332,28329,17113,17113,17113,17113	1	8	29446,957,0,0,0,0,0	73	5020
174007	282	573	325	191	171	46	25	8	2361	274	483	538	240	3	69	3724	545	1068	44,0,0,0,0,0	26889	302	185	30863	447	0	31125,28530,28526,17225,17225,17225,17225	1	11	29533,1050,0,0,0,0,0	71	5240
173943	287	604	332	189	173	52	25	8	2370	276	487	534	271	0	50	3887	547	1115	47,0,0,0,0,0	26981	284	211	31068	454	0	31363,28757,28752,17357,17357,17357,17357	1	15	29613,1178,0,0,0,0,0	73	5427
173895	280	641	346	166	172	53	22	10	2390	277	494	522	237	2	59	4194	540	1140	50,0,0,0,0,0	27362	304	196	31259	460	0	31592,28975,28968,17476,17476,17476,17476	1	12	29681,1306,0,0,0,0,0	80	5632
173828	308	636	352	181	182	54	17	10	2392	282	504	508	259	3	61	3973	572	1158	53,0,0,0,0,0	27310	297	217	31473	463	0	31844,29215,29207,17616,17616,17616,17616	1	8	29754,1449,0,0,0,0,0	80	5828
173760	322	665	371	175	183	52	20	8	2400	283	507	502	315	4	53	3954	579	1209	54,0,0,0,0,0	27159	282	226	31693	471	0	32092,29454,29443,17753,17753,17753,17753	1	15	29833,1595,0,0,0,0,0	76	6000
173692	334	638	422	193	185	51	18	9	2407	284	513	534	268	2	44	4029	586	1255	56,0,0,0,0,0	38592	295	207	31895	476	0	32329,29684,29670,17889,17889,17889,17889	1	10	29899,1735,0,0,0,0,0	78	6198
173653	318	625	439	210	187	54	15	9	2435	287	514	509	309	1	60	4388	626	1222	58,0,0,0,0,0	39095	597	196	32087	482	0	32629,29978,29960,18044,18044,18044,18044	1	9	29961,1868,0,0,0,0,0	75	6541
173586	354	634	443	193	186	62	16	7	2461	289	515	519	282	3	68	4372	615	1273	60,0,0,0,0,0	27374	606	225	32302	492	0	32965,30307,30286,18232,18232,18232,18232	1	11	30023,2028,0,0,0,0,0	86	6885
173497	350	663	422	204	211	64	17	7	2506	289	516	535	257	3	56	4617	633	1298	62,0,0,0,0,0	27141	642	233	32532	497	0	33299,30634,30611,18425,18425,18425,18425	1	12	30089,2197,0,0,0,0,0	95	7430
173393	369	711	423	213	206	64	19	5	2532	291	520	527	247	3	54	4607	634	1371	64,0,0,0,0,0	27436	608	260	32786	505	0	33669,31000,30972,18646,18646,18646,18646	1	10	30156,2388,0,0,0,0,0	100	7963
173294	385	729	428	208	221	60	20	2	2580	293	526	521	267	7	64	4605	661	1390	66,0,0,0,0,0	27667	602	253	33028	516	0	34010,31335,31304,18849,18849,18849,18849	1	21	30221,2574,0,0,0,0,0	96	8472
173176	400	785	426	207	228	61	20	2	2613	296	532	516	272	4	60	4600	666	1461	68,0,0,0,0,0	27720	616	284	33294	534	0	34369,31690,31654,19070,19070,19070,19070	1	15	30285,2788,0,0,0,0,0	98	9005
173104	408	777	429	211	233	66	23	2	2665	296	532	559	226	4	56	4585	659	1488	70,0,0,0,0,0	39221	558	246	33535	541	0	34706,32024,31982,19260,19260,19260,19260	1	5	30340,2977,0,0,0,0,0	125	9510
173047	404	785	449	212	231	66	28	1	2690	297	536	500	314	0	72	4679	688	1487	72,0,0,0,0,0	39435	790	236	33759	553	0	35076,32389,32341,19455,19455,19455,19455	1	10	30372,3181,0,0,0,0,0	134	10206
172909	387	835	461	212	245	67	29	3	2763	298	537	493	294	0	80	4875	739	1497	74,0,0,0,0,0	28010	783	280	34030	564	0	35489,32801,32747,19710,19710,19710,19710	1	15	30416,3418,0,0,0,0,0	130	10896
172743	459	829	476	228	245	71	31	1	2821	299	543	469	320	5	80	4722	770	1569	76,0,0,0,0,0	27760	770	323	34335	585	0	36016,33327,33268,20037,20037,20037,20037	1	13	30462,3694,0,0,0,0,0	136	11565
172612	471	866	491	237	249	66	29	2	2879	301	543	501	276	1	66	5027	776	1633	79,0,0,0,0,0	27846	855	300	34629	592	0	36516,33828,33761,20336,20336,20336,20336	1	22	30501,3956,0,0,0,0,0	123	12299
172476	491	916	518	249	246	61	30	3	2905	302	549	506	329	1	72	5647	768	1743	80,0,0,0,0,0	28532	778	337	34954	607	0	37031,34345,34269,20648,20648,20648,20648	1	16	30550,4244,0,0,0,0,0	127	12982
172275	543	990	537	272	253	63	30	2	2922	306	553	497	273	2	75	5583	788	1900	82,0,0,0,0,0	28898	838	386	35326	625	0	37614,34928,34844,21025,21025,21025,21025	1	18	30593,4590,0,0,0,0,0	132	13688
172092	565	1009	577	272	262	68	27	5	3008	307	554	520	293	5	81	5645	833	1947	83,0,0,0,0,0	40131	816	352	35660	649	0	38140,35458,35365,21368,21368,21368,21368	1	15	30626,4907,0,0,0,0,0	125	14385
171963	566	1060	589	261	268	75	30	6	3061	310	557	510	257	4	90	5798	891	1958	84,0,0,0,0,0	40467	929	341	35989	662	0	38723,36041,35939,21704,21704,21704,21704	1	10	30665,5206,0,0,0,0,0	128	15166
171803	577	1099	612	291	276	80	31	4	3103	312	558	478	237	4	104	6436	992	1974	85,0,0,0,0,0	45564	906	371	36348	676	0	39334,36655,36542,22071,22071,22071,22071	1	18	30700,5538,0,0,0,0,0	143	15932
171625	588	1126	656	303	285	68	33	3	3186	313	560	513	242	1	89	6940	1012	2047	86,0,0,0,0,0	46181	919	370	36704	692	0	39931,37256,37132,22435,22435,22435,22435	1	16	30734,5872,0,0,0,0,0	133	16716
171514	562	1139	671	321	310	73	31	5	3240	316	564	506	250	2	94	6697	1014	2093	87,0,0,0,0,0	46015	904	345	37035	707	0	40531,37860,37724,22770,22770,22770,22770	1	16	30761,6189,0,0,0,0,0	119	17478
171343	551	1182	684	322	316	80	32	5	3346	319	566	520	287	5	96	6924	1032	2135	87,0,0,0,0,0	46243	931	382	37404	723	0	41147,38479,38332,23143,23143,23143,23143	1	20	30793,6538,0,0,0,0,0	125	18260
171204	577	1146	704	338	354	87	32	5	3408	323	568	490	282	8	117	7412	1118	2120	88,0,0,0,0,0	46941	920	376	37764	743	0	41754,39095,38933,23499,23499,23499,23499	1	22	30824,6881,0,0,0,0,0	137	19032
171147	547	1113	697	352	368	86	34	5	3499	325	573	499	312	5	92	7348	1119	2078	89,0,0,0,0,0	70671	878	283	38037	757	0	42281,39632,39455,23777,23777,23777,23777	1	11	30850,7139,0,0,0,0,0	148	19767
171083	543	1094	722	353	372	89	35	7	3545	328	575	487	306	9	106	7065	1146	2062	89,0,0,0,0,0	70375	634	317	38335	778	0	42895,40257,40064,24101,24101,24101,24101	1	12	30883,7420,0,0,0,0,0	161	20291
170935	546	1102	758	351	372	88	39	6	3643	331	575	480	332	5	111	7215	1174	2082	89,0,0,0,0,0	46635	663	369	38682	801	0	43557,40931,40723,24491,24491,24491,24491	1	20	30908,7760,0,0,0,0,0	160	20833
170793	590	1100	732	356	378	87	37	8	3754	335	576	481	334	3	122	7797	1209	2071	90,0,0,0,0,0	46917	619	361	39029	815	0	44213,41598,41377,24876,24876,24876,24876	1	21	30930,8097,0,0,0,0,0	166	21330
170673	572	1150	714	349	357	89	44	6	3879	336	577	497	257	4	115	7843	1175	2100	90,0,0,0,0,0	47164	592	351	39363	834	0	44853,42252,42015,25243,25243,25243,25243	1	18	30955,8424,0,0,0,0,0	173	21803
170504	574	1211	718	346	339	87	49	7	3994	337	580	482	234	2	102	8132	1138	2186	91,0,0,0,0,0	47800	674	408	39754	851	0	45552,42966,42713,25666,25666,25666,25666	1	19	30982,8803,0,0,0,0,0	199	22349
170408	569	1226	696	350	342	92	49	8	4084	338	584	457	250	3	104	8207	1093	2231	92,0,0,0,0,0	47031	624	356	40096	869	0	46195,43629,43356,26028,26028,26028,26028	2	20	30998,9146,0,0,0,0,0	199	22863
170374	522	1174	716	378	349	95	50	6	4155	341	586	477	247	1	97	8425	1074	2210	92,0,0,0,0,0	71388	643	289	40373	886	0	46760,44213,43921,26321,26321,26321,26321	2	17	31011,9423,0,0,0,0,0	207	23380
170356	484	1161	690	387	372	93	53	7	4213	342	588	470	245	4	100	7884	1048	2192	93,0,0,0,0,0	71169	915	287	40642	905	0	47294,44775,44462,26614,26614,26614,26614	2	16	31021,9696,0,0,0,0,0	214	24148
170256	476	1180	690	394	382	95	48	7	4281	348	589	473	263	9	135	7763	1090	2175	93,0,0,0,0,0	47198	911	364	40980	934	0	47912,45421,45088,26991,26991,26991,26991	2	14	31039,10039,0,0,0,0,0	205	24889
170144	530	1150	691	401	377	86	50	9	4364	349	595	466	333	6	147	8039	1123	2162	94,0,0,0,0,0	46877	911	381	41338	958	0	48591,46117,45765,27360,27360,27360,27360	2	24	31048,10405,0,0,0,0,0	205	25623
170029	586	1120	695	407	364	93	50	9	4443	354	596	454	257	4	122	8460	1146	2169	94,0,0,0,0,0	47483	879	379	41696	981	0	49250,46792,46421,27715,27715,27715,27715	2	26	31058,10766,0,0,0,0,0	196	26333
169982	582	1098	704	395	355	95	52	10	4517	356	600	454	347	3	107	7948	1130	2151	94,0,0,0,0,0	47661	875	345	42026	997	0	49902,47466,47072,28040,28040,28040,28040	2	22	31076,11091,0,0,0,0,0	197	27012
169902	571	1112	695	377	365	94	53	10	4605	358	604	476	319	4	120	7537	1091	2176	95,0,0,0,0,0	46924	913	358	42368	1014	0	50555,48142,47725,28380,28380,28380,28380	2	17	31085,11436,0,0,0,0,0	199	27722
169887	528	1119	700	372	368	92	49	11	4649	366	605	475	251	5	96	7223	1083	2145	95,0,0,0,0,0	70631	898	314	42666	1032	0	51152,48763,48320,28659,28659,28659,28659	2	18	31094,11741,0,0,0,0,0	208	28428
169891	470	1084	733	382	368	88	46	11	4695	369	609	460	243	6	105	6758	1059	2112	95,0,0,0,0,0	70118	1059	291	42944	1045	0	51888,49522,49056,28996,28996,28996,28996	2	17	31102,12021,0,0,0,0,0	209	29273
169836	529	1085	710	360	347	93	40	12	4745	376	613	447	242	2	99	6687	1026	2138	95,0,0,0,0,0	46420	1069	370	43293	1071	0	52680,50339,49847,29387,29387,29387,29387	2	24	31110,12381,0,0,0,0,0	194	30144
169797	533	1047	715	369	345	91	41	11	4804	377	616	463	235	3	109	7177	1048	2093	96,0,0,0,0,0	46618	1094	322	43596	1094	0	53423,51104,50590,29744,29744,29744,29744	2	29	31113,12699,0,0,0,0,0	191	30988
169735	519	1107	695	357	306	90	45	7	4884	381	620	465	265	12	125	7379	1024	2095	96,0,0,0,0,0	46529	1065	338	43914	1114	0	54206,51911,51374,30131,30131,30131,30131	2	20	31124,13019,0,0,0,0,0	173	31825
169687	523	1096	681	356	320	91	51	7	4924	386	624	437	275	10	109	7597	1033	2085	96,0,0,0,0,0	46904	1061	343	44232	1141	0	54953,52683,52122,30493,30493,30493,30493	2	19	31129,13354,0,0,0,0,0	183	32654
169646	505	1116	676	368	338	88	49	10	4936	388	626	449	303	9	107	7064	1048	2092	96,0,0,0,0,0	46868	1062	343	44548	1169	0	55716,53471,52886,30865,30865,30865,30865	2	16	31135,13687,0,0,0,0,0	183	33488
169659	502	1070	658	373	327	99	51	10	4981	390	626	452	248	5	84	6848	998	2082	96,0,0,0,0,0	70322	1086	292	44820	1190	0	56436,54216,53607,31192,31192,31192,31192	2	12	31139,13972,0,0,0,0,0	192	34324
169734	487	1013	694	355	319	97	48	11	4964	397	627	461	263	8	112	6891	985	2028	96,0,0,0,0,0	69806	1411	251	45060	1203	0	57198,55008,54372,31505,31505,31505,31505	2	10	31144,14214,0,0,0,0,0	197	35431
169756	500	988	698	329	326	92	49	7	4972	398	631	479	329	6	97	6884	989	1993	97,0,0,0,0,0	46416	1416	305	45349	1220	0	58016,55857,55193,31867,31867,31867,31867	2	14	31148,14511,0,0,0,0,0	196	36508
169713	525	1008	712	317	320	89	50	7	4969	402	634	480	319	3	102	6764	990	2031	97,0,0,0,0,0	46450	1312	345	45673	1244	0	58850,56717,56028,32264,32264,32264,32264	2	30	31159,14837,0,0,0,0,0	197	37498
169695	504	1053	701	313	317	89	51	6	4973	406	638	472	286	4	98	6428	983	2045	97,0,0,0,0,0	45976	1370	337	45980	1276	0	59670,57565,56850,32643,32643,32643,32643	2	17	31168,15162,0,0,0,0,0	196	38516
169658	511	1066	688	322	317	95	50	6	4981	410	642	453	247	4	98	6196	970	2079	97,0,0,0,0,0	37827	1385	348	46302	1302	0	60494,58418,57677,33036,33036,33036,33036	2	22	31175,15501,0,0,0,0,0	190	39542
169680	515	1061	692	322	325	92	50	5	4943	416	645	458	301	4	101	6040	956	2101	97,0,0,0,0,0	37178	1383	318	46605	1317	0	61301,59256,58486,33389,33389,33389,33389	2	12	31178,15810,0,0,0,0,0	188	40549
169760	483	1025	643	320	318	95	47	6	4982	420	647	461	327	6	85	5530	887	2044	97,0,0,0,0,0	40108	1365	248	46832	1340	0	62025,60010,59212,33678,33678,33678,33678	2	8	31184,16052,0,0,0,0,0	178	41583
169872	420	971	677	322	338	93	46	8	4928	422	649	449	253	6	77	5292	875	1992	97,0,0,0,0,0	39248	1141	222	47036	1359	0	62732,60746,59921,33929,33929,33929,33929	1	14	31187,16263,0,0,0,0,0	178	42411
169922	415	974	659	302	323	96	49	9	4919	427	651	442	275	5	111	5119	874	1944	97,0,0,0,0,0	36464	1083	265	47285	1377	0	63491,61532,60680,34231,34231,34231,34231	2	22	31193,16519,0,0,0,0,0	165	43182
169955	424	952	674	296	324	93	50	10	4885	429	654	456	318	7	112	5399	890	1923	97,0,0,0,0,0	36579	1084	284	47556	1390	0	64227,62295,61417,34530,34530,34530,34530	2	17	31193,16800,0,0,0,0,0	179	43908
170024	414	945	682	291	300	81	50	10	4861	432	656	478	244	6	104	5074	875	1888	98,0,0,0,0,0	36629	1059	265	47808	1404	0	64946,63043,62136,34805,34805,34805,34805	2	14	31195,17059,0,0,0,0,0	167	44634
170053	438	921	660	288	304	72	48	12	4858	433	659	456	276	5	82	5166	852	1879	98,0,0,0,0,0	36692	1074	286	48077	1424	0	65720,63847,62913,35125,35125,35125,35125	2	13	31198,17339,0,0,0,0,0	158	45387
170113	438	901	645	271	291	76	48	10	4852	437	664	468	310	8	87	5195	840	1830	98,0,0,0,0,0	36434	1083	271	48335	1437	0	66457,64615,63652,35413,35413,35413,35413	1	7	31199,17606,0,0,0,0,0	154	46100
170221	410	863	657	267	293	72	44	9	4800	442	668	459	241	3	80	5313	823	1783	98,0,0,0,0,0	39137	1149	229	48549	1454	0	67158,65347,64355,35665,35665,35665,35665	1	8	31206,17824,0,0,0,0,0	156	46918
170361	349	839	643	268	307	76	40	10	4734	448	671	462	243	1	74	5335	803	1719	98,0,0,0,0,0	39532	920	190	48726	1468	0	67820,66041,65020,35871,35871,35871,35871	1	10	31209,18010,0,0,0,0,0	145	47547
170372	375	838	654	235	318	73	38	11	4707	450	675	446	311	3	95	5493	824	1707	98,0,0,0,0,0	30249	910	284	48989	1490	0	68542,66792,65747,36171,36171,36171,36171	1	16	31211,18287,0,0,0,0,0	142	48157
170440	369	817	588	246	308	72	36	10	4727	454	679	436	237	7	85	5579	787	1649	98,0,0,0,0,0	30206	907	238	49208	1511	0	69206,67485,66414,36410,36410,36410,36410	1	10	31215,18518,0,0,0,0,0	138	48768
170531	354	808	610	242	268	76	31	12	4676	455	683	448	247	1	86	5829	767	1622	98,0,0,0,0,0	30376	896	211	49412	1522	0	69854,68161,67064,36625,36625,36625,36625	1	18	31215,18730,0,0,0,0,0	129	49366
170680	327	754	600	258	262	73	28	11	4608	457	688	457	267	4	71	5679	714	1588	98,0,0,0,0,0	30679	885	184	49590	1529	0	70463,68803,67677,36802,36802,36802,36802	1	9	31216,18912,0,0,0,0,0	121	49959
170779	336	759	571	234	248	69	28	11	4560	458	693	426	287	5	63	5583	667	1578	98,0,0,0,0,0	25409	886	227	49804	1543	0	71115,69486,68334,37027,37027,37027,37027	1	7	31216,19137,0,0,0,0,0	121	50569
170898	331	726	546	227	240	64	28	12	4518	461	695	441	278	6	73	5290	644	1518	98,0,0,0,0,0	31222	897	189	49984	1554	0	71771,70172,68993,37241,37241,37241,37241	1	7	31217,19327,0,0,0,0,0	115	51188
171045	284	689	524	228	245	64	28	11	4468	463	697	446	258	5	61	5174	621	1441	98,0,0,0,0,0	31202	1280	157	50128	1567	0	72368,70798,69594,37403,37403,37403,37403	1	5	31217,19479,0,0,0,0,0	114	52106
171175	282	631	528	222	250	65	29	9	4390	466	699	449	268	3	79	5319	615	1392	98,0,0,0,0,0	24774	1224	176	50292	1580	0	72988,71447,70217,37579,37579,37579,37579	1	9	31218,19649,0,0,0,0,0	114	52948
171307	271	587	516	213	236	61	26	11	4350	467	701	485	244	2	72	5035	593	1317	98,0,0,0,0,0	24877	1270	147	50433	1587	0	73579,72068,70815,37750,37750,37750,37750	1	7	31218,19797,0,0,0,0,0	108	53854
171467	248	560	514	203	218	64	28	11	4262	468	703	511	287	3	75	4990	579	1256	99,0,0,0,0,0	24903	1239	151	50575	1596	0	74155,72676,71398,37896,37896,37896,37896	1	15	31218,19945,0,0,0,0,0	107	54737
171655	233	540	487	208	201	57	28	14	4150	469	704	490	305	1	64	4707	547	1207	99,0,0,0,0,0	24729	1255	143	50710	1607	0	74719,73274,71967,38026,38026,38026,38026	1	10	31218,20088,0,0,0,0,0	97	55614
171804	234	508	470	192	176	59	30	13	4085	470	705	489	257	4	61	4603	523	1146	99,0,0,0,0,0	24887	1225	139	50839	1618	0	75285,73871,72540,38172,38172,38172,38172	1	5	31219,20224,0,0,0,0,0	97	56494
172009	204	475	445	172	173	54	28	14	3993	472	707	475	248	2	52	4258	498	1053	99,0,0,0,0,0	28694	1200	85	50919	1624	0	75816,74432,73078,38284,38284,38284,38284	0	2	31219,20309,0,0,0,0,0	93	57367
172216	169	470	410	155	159	56	26	13	3886	474	712	484	252	1	32	3796	440	1005	99,0,0,0,0,0	28328	589	103	51015	1631	0	76552,75201,73823,38497,38497,38497,38497	0	3	31219,20410,0,0,0,0,0	89	57794
172355	182	426	394	134	158	52	21	15	3814	477	718	466	225	3	56	3856	418	949	99,0,0,0,0,0	22448	591	120	51127	1639	0	77281,75959,74562,38735,38735,38735,38735	0	6	31219,20528,0,0,0,0,0	84	58228
172516	185	393	369	140	140	51	19	14	3719	480	720	474	234	5	31	4006	388	909	99,0,0,0,0,0	23003	557	105	51221	1650	0	77987,76693,75276,38946,38946,38946,38946	0	8	31219,20628,0,0,0,0,0	79	58623
172672	176	346	364	129	124	50	19	15	3647	482	722	500	257	5	40	4098	367	841	99,0,0,0,0,0	22899	589	87	51304	1655	0	78688,77422,75987,39162,39162,39162,39162	0	1	31219,20714,0,0,0,0,0	75	59043
172809	154	355	321	128	115	40	17	12	3588	484	723	497	245	4	40	3557	345	785	99,0,0,0,0,0	22837	585	95	51391	1663	0	79398,78159,76707,39388,39388,39388,39388	0	7	31219,20808,0,0,0,0,0	70	59434
172936	143	332	295	129	123	41	13	10	3512	487	725	465	248	2	31	3268	328	748	99,0,0,0,0,0	22300	588	83	51466	1672	0	80104,78890,77424,39622,39622,39622,39622	0	6	31219,20889,0,0,0,0,0	64	59868
173101	137	310	283	112	117	38	12	10	3407	488	731	489	241	0	39	3036	311	698	99,0,0,0,0,0	27543	595	67	51531	1674	0	80784,79596,78114,39823,39823,39823,39823	0	3	31219,20955,0,0,0,0,0	62	60297
173274	108	293	282	116	99	35	11	7	3298	489	734	469	305	0	27	2681	277	667	99,0,0,0,0,0	27325	855	55	51578	1682	0	81207,80044,78545,39879,39879,39879,39879	0	3	31219,21009,0,0,0,0,0	58	60916
173400	118	279	275	101	89	33	11	7	3208	489	736	482	250	1	34	2698	261	645	100,0,0,0,0,0	16033	801	85	51657	1688	0	81641,80503,78989,39958,39958,39958,39958	0	5	31219,21090,0,0,0,0,0	53	61494
173573	122	230	256	101	92	31	11	7	3095	489	739	492	80	1	31	2691	252	591	100,0,0,0,0,0	16250	837	57	51710	1693	0	82023,80910,79380,39993,39993,39993,39993	0	2	31219,21146,0,0,0,0,0	54	62109
173715	121	236	228	95	73	33	12	6	2995	490	742	488	231	2	24	2676	226	572	100,0,0,0,0,0	16155	826	78	51785	1696	0	82425,81332,79789,40052,40052,40052,40052	0	7	31219,21223,0,0,0,0,0	49	62713
173864	99	243	225	82	66	32	11	6	2884	490	744	501	293	0	21	2108	197	561	100,0,0,0,0,0	16282	809	62	51843	1700	0	82822,81750,80193,40096,40096,40096,40096	0	3	31219,21284,0,0,0,0,0	53	63307
174014	94	227	218	86	72	27	12	7	2753	490	746	486	97	1	15	2020	191	545	100,0,0,0,0,0	15720	835	64	51899	1708	0	83219,82168,80598,40154,40154,40154,40154	0	4	31219,21346,0,0,0,0,0	45	63914
174146	96	234	198	71	74	27	11	6	2640	491	752	509	246	1	25	1797	167	544	100,0,0,0,0,0	26295	773	69	51966	1710	0	83666,82635,81053,40242,40242,40242,40242	0	3	31219,21415,0,0,0,0,0	43	64471
174271	88	208	198	65	62	28	9	6	2565	492	754	521	269	0	23	1828	168	490	100,0,0,0,0,0	26409	1125	44	52006	1715	0	84081,83067,81475,40298,40298,40298,40298	0	4	31219,21460,0,0,0,0,0	40	65272
174380	87	203	198	56	51	27	11	4	2476	493	760	505	259	5	26	1792	158	475	100,0,0,0,0,0	15664	1050	64	52066	1719	0	84495,83497,81896,40360,40360,40360,40360	0	3	31219,21523,0,0,0,0,0	42	66032
174499	92	200	179	53	53	28	11	3	2374	493	761	495	279	1	15	1709	150	466	100,0,0,0,0,0	15405	1066	64	52121	1728	0	84915,83936,82323,40418,40418,40418,40418	0	1	31219,21586,0,0,0,0,0	45	66826
174626	83	198	170	53	48	26	11	2	2270	494	765	488	234	2	21	1586	142	447	100,0,0,0,0,0	15259	1038	47	52168	1728	0	85324,84362,82738,40468,40468,40468,40468	0	1	31219,21633,0,0,0,0,0	42	67576
174777	74	195	164	55	48	24	11	2	2135	494	767	472	104	1	11	1369	115	456	100,0,0,0,0,0	15295	1040	44	52209	1732	0	85718,84775,83139,40499,40499,40499,40499	0	3	31219,21676,0,0,0,0,0	39	68334
174895	81	173	165	55	44	21	7	3	2035	497	770	477	88	1	18	1392	116	430	100,0,0,0,0,0	14942	1072	51	52256	1736	0	86126,85199,83553,40550,40550,40550,40550	0	5	31219,21726,0,0,0,0,0	33	69114
175036	77	162	156	50	37	18	7	2	1931	498	772	494	110	0	17	1350	110	397	100,0,0,0,0,0	20511	1062	35	52288	1739	0	86508,85600,83942,40580,40580,40580,40580	0	0	31219,21759,0,0,0,0,0	27	69904
175155	60	158	142	46	41	20	6	2	1839	499	778	482	249	1	6	1273	100	373	100,0,0,0,0,0	20516	328	32	52316	1743	0	87085,86194,84529,40722,40722,40722,40722	0	2	31219,21789,0,0,0,0,0	28	70136
175255	56	150	130	47	50	18	6	2	1753	499	780	506	248	1	21	1380	113	344	100,0,0,0,0,0	12176	345	32	52347	1745	0	87628,86752,85082,40857,40857,40857,40857	0	2	31219,21822,0,0,0,0,0	29	70374
175344	64	131	126	45	45	14	5	2	1686	500	784	518	292	2	14	1530	117	313	100,0,0,0,0,0	12524	330	30	52375	1747	0	88199,87336,85662,41004,41004,41004,41004	0	3	31219,21851,0,0,0,0,0	22	70586
175441	69	115	135	42	38	14	6	2	1598	500	786	539	295	0	11	1467	110	309	100,0,0,0,0,0	12338	340	34	52407	1749	0	88752,87903,86224,41138,41138,41138,41138	0	2	31219,21885,0,0,0,0,0	21	70833
175533	60	120	122	39	32	14	7	2	1531	500	786	540	263	0	12	1438	104	290	100,0,0,0,0,0	12342	377	40	52445	1751	0	89303,88469,86785,41281,41281,41281,41281	0	2	31219,21925,0,0,0,0,0	24	71106
175607	59	123	120	33	24	14	8	2	1467	500	789	532	82	1	6	1433	95	286	100,0,0,0,0,0	12272	362	32	52475	1753	0	89867,89045,87358,41428,41428,41428,41428	0	3	31219,21955,0,0,0,0,0	25	71362
175710	43	110	129	37	29	13	8	2	1373	500	792	547	86	0	5	1461	89	280	100,0,0,0,0,0	20753	322	19	52494	1753	0	90409,89600,87908,41556,41556,41556,41556	0	1	31219,21974,0,0,0,0,0	23	71590
175783	33	110	124	35	28	13	7	1	1317	501	794	555	95	0	8	1315	78	272	100,0,0,0,0,0	20726	337	26	52519	1754	0	90573,89774,88076,41470,41470,41470,41470	0	0	31219,21999,0,0,0,0,0	24	71829
175848	34	98	128	35	28	8	8	1	1262	501	795	562	150	0	10	1372	81	258	100,0,0,0,0,0	12113	318	30	52548	1756	0	90743,89955,88251,41389,41389,41389,41389	0	0	31219,22030,0,0,0,0,0	16	72055
175908	36	84	116	32	30	7	7	0	1226	502	798	586	295	1	10	1389	77	235	100,0,0,0,0,0	12148	317	22	52570	1756	0	90889,90109,88400,41296,41296,41296,41296	0	1	31219,22052,0,0,0,0,0	14	72285
175986	32	77	98	31	26	6	5	1	1181	503	800	583	259	0	7	1220	66	209	100,0,0,0,0,0	12250	315	15	52584	1757	0	91042,90273,88559,41205,41205,41205,41205	0	1	31219,22067,0,0,0,0,0	11	72516
176064	29	69	92	34	22	6	5	1	1117	503	804	568	267	0	5	858	62	195	100,0,0,0,0,0	12000	338	22	52605	1758	0	91211,90452,88733,41125,41125,41125,41125	0	2	31219,22089,0,0,0,0,0	11	72748
176128	30	61	90	31	22	5	5	1	1062	503	808	537	230	0	14	739	61	183	100,0,0,0,0,0	11594	309	19	52624	1758	0	91383,90632,88909,41045,41045,41045,41045	0	1	31219,22108,0,0,0,0,0	10	72968
176181	31	62	91	27	18	4	5	1	1011	503	812	555	87	0	6	782	59	179	100,0,0,0,0,0	20484	316	21	52644	1759	0	91545,90802,89075,40969,40969,40969,40969	0	2	31219,22129,0,0,0,0,0	9	73191
176240	37	52	78	22	16	2	4	2	976	503	814	556	109	0	5	733	52	159	100,0,0,0,0,0	20155	180	16	52659	1760	0	91772,91040,89309,40934,40934,40934,40934	0	1	31219,22145,0,0,0,0,0	7	73309
176308	25	66	67	19	16	3	4	1	918	503	816	568	103	0	1	594	44	156	100,0,0,0,0,0	11601	152	19	52676	1762	0	91978,91255,89521,40878,40878,40878,40878	0	1	31219,22164,0,0,0,0,0	7	73420
176376	27	67	62	15	10	1	4	1	861	503	819	565	86	0	9	567	40	146	100,0,0,0,0,0	11341	173	17	52692	1763	0	92193,91481,89743,40827,40827,40827,40827	0	1	31219,22181,0,0,0,0,0	7	73536
176447	30	56	63	18	12	1	4	1	790	503	821	569	5108	8	1	561	38	146	100,0,0,0,0,0	11467	157	17	52709	1763	0	92414,91713,89971,40776,40776,40776,40776	0	1	31219,22198,0,0,0,0,0	6	73639
176481	38	48	55	22	7	3	3	1	757	504	827	589	2877	4	6	468	39	137	100,0,0,0,0,0	11396	149	18	52725	1765	0	92631,91937,90194,40738,40738,40738,40738	0	1	31219,22216,0,0,0,0,0	5	73731
176530	28	55	57	18	6	4	2	1	708	505	832	615	1542	0	3	387	35	135	100,0,0,0,0,0	11157	189	13	52737	1767	0	92845,92159,90414,40695,40695,40695,40695	0	0	31219,22230,0,0,0,0,0	5	73858
176579	24	61	52	14	4	4	2	1	663	505	837	616	786	0	1	371	35	126	100,0,0,0,0,0	20139	174	11	52748	1767	0	93048,92368,90623,40647,40647,40647,40647	0	0	31219,22241,0,0,0,0,0	6	73972
176625	16	60	49	13	6	4	2	1	624	505	841	616	454	0	3	375	35	115	100,0,0,0,0,0	19781	174	8	52756	1767	0	93297,92625,90881,40638,40638,40638,40638	0	0	31219,22249,0,0,0,0,0	6	74093
176660	14	51	47	14	9	4	3	1	592	505	846	622	2796	0	2	186	34	108	100,0,0,0,0,0	21991	192	8	52764	1767	0	93528,92863,91120,40613,40613,40613,40613	0	0	31219,22257,0,0,0,0,0	6	74218
176693	11	46	48	12	6	4	2	1	568	506	849	611	2630	1	5	183	29	100	100,0,0,0,0,0	21894	185	9	52773	1767	0	93770,93110,91369,40588,40588,40588,40588	0	0	31219,22266,0,0,0,0,0	5	74345
176727	13	34	55	16	5	5	1	0	532	507	851	657	2134	0	2	159	31	98	100,0,0,0,0,0	21721	177	6	52779	1767	0	93992,93339,91600,40561,40561,40561,40561	0	0	31219,22272,0,0,0,0,0	5	74467
176766	11	31	52	13	3	5	1	0	503	507	854	666	1585	0	4	170	29	87	100,0,0,0,0,0	21707	172	5	52783	1768	0	94211,93564,91827,40526,40526,40526,40526	0	0	31219,22277,0,0,0,0,0	6	74588
176793	14	33	52	11	1	5	1	0	469	507	860	646	962	0	1	109	20	97	100,0,0,0,0,0	21961	176	14	52795	1770	0	94459,93820,92084,40517,40517,40517,40517	0	0	31219,22291,0,0,0,0,0	6	74711
176818	15	31	47	8	3	4	2	0	450	507	861	645	1849	0	0	110	14	96	100,0,0,0,0,0	19770	157	9	52804	1770	0	94701,94067,92334,40504,40504,40504,40504	0	1	31219,22300,0,0,0,0,0	6	74818
176843	19	26	46	9	3	4	1	0	424	508	863	648	2279	0	2	88	13	95	100,0,0,0,0,0	19783	161	9	52811	1772	0	94726,94095,92361,40347,40347,40347,40347	0	1	31219,22307,0,0,0,0,0	5	74930
176875	14	28	38	7	6	5	1	0	399	508	865	661	2199	1	0	70	10	89	100,0,0,0,0,0	21621	159	6	52817	1772	0	94749,94123,92387,40190,40190,40190,40190	0	0	31219,22313,0,0,0,0,0	5	75035
176892	16	30	32	6	6	5	1	0	382	508	868	654	1787	0	4	75	16	80	100,0,0,0,0,0	21803	163	12	52826	1775	0	94770,94147,92411,40038,40038,40038,40038	0	0	31219,22324,0,0,0,0,0	6	75145
176909	19	21	36	8	6	4	2	0	359	508	874	654	1389	0	5	115	23	73	100,0,0,0,0,0	21613	194	11	52834	1778	0	94800,94181,92444,39888,39888,39888,39888	0	0	31219,22334,0,0,0,0,0	6	75278
176920	13	31	34	6	6	3	1	0	348	509	875	631	1794	1	2	112	21	73	100,0,0,0,0,0	21832	172	10	52843	1779	0	94841,94224,92487,39744,39744,39744,39744	0	0	31219,22344,0,0,0,0,0	5	75390
176940	12	32	35	5	6	2	1	0	327	509	877	621	1921	1	0	93	19	74	100,0,0,0,0,0	21835	172	9	52851	1780	0	94877,94263,92526,39596,39596,39596,39596	0	1	31219,22353,0,0,0,0,0	4	75498
176963	14	28	31	5	6	1	1	0	306	509	882	644	2066	0	3	90	16	70	100,0,0,0,0,0	19671	168	6	52857	1780	0	94894,94285,92546,39439,39439,39439,39439	0	0	31219,22359,0,0,0,0,0	5	75609
176992	11	26	32	3	6	1	2	0	280	509	884	647	1930	0	3	86	15	66	100,0,0,0,0,0	19613	93	5	52862	1780	0	94912,94308,92567,39280,39280,39280,39280	0	0	31219,22364,0,0,0,0,0	3	75673
177007	12	27	28	4	7	1	1	0	262	510	887	649	1627	1	5	99	20	60	100,0,0,0,0,0	21735	117	7	52867	1782	0	94922,94321,92580,39120,39120,39120,39120	0	1	31219,22370,0,0,0,0,0	2	75753
177025	15	24	28	4	5	1	1	0	244	510	889	646	1677	1	1	129	19	59	100,0,0,0,0,0	21774	100	8	52875	1782	0	94936,94337,92596,38960,38960,38960,38960	0	0	31219,22378,0,0,0,0,0	2	75820
177030	14	17	22	5	9	0	1	0	243	510	895	642	1764	0	0	124	14	54	100,0,0,0,0,0	21756	110	5	52880	1782	0	94960,94364,92623,38811,38811,38811,38811	0	1	31219,22383,0,0,0,0,0	1	75887
177036	12	19	21	4	7	0	1	0	237	510	899	637	1991	0	4	127	11	53	100,0,0,0,0,0	21795	86	6	52886	1782	0	94979,94385,92645,38661,38661,38661,38661	0	1	31219,22389,0,0,0,0,0	1	75941
177037	8	26	17	5	6	0	1	0	231	510	905	611	1905	0	1	93	7	56	100,0,0,0,0,0	21534	98	8	52893	1783	0	94991,94399,92659,38508,38508,38508,38508	0	1	31219,22397,0,0,0,0,0	1	76001
177056	5	24	17	5	3	0	0	0	217	511	908	623	1737	0	4	116	10	44	100,0,0,0,0,0	19779	102	1	52894	1783	0	95003,94414,92674,38349,38349,38349,38349	0	0	31219,22398,0,0,0,0,0	0	76058
177072	5	20	18	2	5	0	0	0	203	511	910	632	1710	1	0	280	7	43	100,0,0,0,0,0	19606	78	3	52898	1783	0	94956,94369,92628,38156,38156,38156,38156	0	0	31219,22402,0,0,0,0,0	0	76111
177086	8	17	17	3	7	0	0	0	185	511	912	649	1747	0	3	290	13	39	100,0,0,0,0,0	21818	86	7	52904	1784	0	94910,94325,92583,37959,37959,37959,37959	0	0	31219,22409,0,0,0,0,0	0	76164
177098	10	9	17	2	7	0	0	0	177	511	915	639	1882	1	1	289	12	33	100,0,0,0,0,0	22045	100	3	52907	1784	0	94861,94277,92535,37763,37763,37763,37763	0	0	31219,22412,0,0,0,0,0	0	76234
177107	8	9	18	2	6	0	0	0	168	511	917	669	1916	0	0	283	13	30	100,0,0,0,0,0	21989	81	3	52910	1784	0	94807,94224,92482,37567,37567,37567,37567	0	0	31219,22415,0,0,0,0,0	0	76287
177115	4	9	21	2	6	0	0	0	151	511	927	637	1844	0	1	250	15	27	100,0,0,0,0,0	21865	92	1	52911	1784	0	94748,94166,92424,37367,37367,37367,37367	0	0	31219,22416,0,0,0,0,0	0	76352
177119	6	9	14	3	5	0	0	0	149	511	930	629	1765	0	1	248	14	23	100,0,0,0,0,0	21799	101	4	52914	1785	0	94700,94119,92378,37176,37176,37176,37176	0	0	31219,22419,0,0,0,0,0	0	76420
177126	5	7	14	4	5	0	0	0	143	511	931	634	1716	0	2	253	15	20	100,0,0,0,0,0	19904	83	1	52915	1785	0	94645,94065,92324,36984,36984,36984,36984	0	0	31219,22420,0,0,0,0,0	0	76473
177132	2	11	12	3	3	1	0	0	137	511	934	611	1828	0	0	239	13	19	100,0,0,0,0,0	19921	72	2	52917	1785	0	94591,94012,92271,36793,36793,36793,36793	0	0	31219,22422,0,0,0,0,0	0	76518
177141	2	12	8	4	3	1	0	0	129	511	935	611	1830	1	0	208	11	19	100,0,0,0,0,0	21961	91	3	52920	1785	0	94539,93962,92221,36604,36604,36604,36604	0	1	31219,22425,0,0,0,0,0	1	76571
177149	3	10	8	4	3	1	0	0	119	511	938	613	2039	0	1	38	10	19	100,0,0,0,0,0	21890	88	2	52922	1785	0	94492,93916,92176,36416,36416,36416,36416	0	1	31219,22427,0,0,0,0,0	1	76627
177147	3	12	10	3	2	1	0	0	115	511	942	628	1795	0	1	40	9	22	100,0,0,0,0,0	21720	101	5	52927	1785	0	94441,93866,92126,36231,36231,36231,36231	0	0	31219,22432,0,0,0,0,0	2	76692
177152	3	10	9	2	2	1	0	0	109	511	947	643	1755	0	0	31	7	20	100,0,0,0,0,0	21709	81	0	52927	1785	0	94388,93816,92076,36037,36037,36037,36037	0	0	31219,22432,0,0,0,0,0	1	76749
177157	2	8	11	1	2	1	0	0	101	511	952	616	1785	1	0	27	7	18	100,0,0,0,0,0	21643	85	2	52929	1785	0	94340,93768,92029,35846,35846,35846,35846	0	0	31219,22434,0,0,0,0,0	1	76800
177159	1	6	11	1	2	1	0	0	96	511	958	605	1880	0	0	28	5	17	100,0,0,0,0,0	19411	63	1	52930	1785	0	94284,93713,91974,35657,35657,35657,35657	0	0	31219,22435,0,0,0,0,0	1	76836
177160	1	5	9	1	1	1	0	0	94	511	963	605	1847	0	1	20	4	14	100,0,0,0,0,0	19426	71	1	52931	1785	0	94224,93653,91915,35470,35470,35470,35470	0	0	31219,22436,0,0,0,0,0	1	76881
177157	1	4	7	2	1	1	0	0	92	511	970	604	1832	0	0	43	4	12	100,0,0,0,0,0	21752	64	0	52931	1785	0	94164,93595,91857,35286,35286,35286,35286	0	0	31219,22436,0,0,0,0,0	1	76916
177159	0	3	5	2	2	1	0	0	89	511	974	585	1777	0	0	38	3	10	100,0,0,0,0,0	21668	70	0	52931	1785	0	94105,93536,91799,35101,35101,35101,35101	0	0	31219,22436,0,0,0,0,0	1	76955
177165	0	3	4	2	0	0	0	0	84	511	977	586	1933	0	1	35	3	6	100,0,0,0,0,0	21630	79	0	52931	1785	0	94058,93489,91753,34922,34922,34922,34922	0	0	31219,22436,0,0,0,0,0	0	77009
177166	1	3	4	2	0	0	0	0	77	511	982	594	1785	0	0	36	3	7	100,0,0,0,0,0	21625	71	2	52933	1785	0	94002,93434,91699,34739,34739,34739,34739	0	0	31219,22438,0,0,0,0,0	0	77055
177165	1	3	4	2	0	0	0	0	74	511	986	603	1831	0	0	33	2	8	100,0,0,0,0,0	21637	76	0	52933	1785	0	93940,93372,91639,34556,34556,34556,34556	0	0	31219,22438,0,0,0,0,0	0	77108
177167	1	1	3	2	1	0	0	0	71	511	989	603	1848	0	0	32	2	6	100,0,0,0,0,0	19370	85	0	52933	1785	0	93877,93309,91576,34372,34372,34372,34372	0	0	31219,22438,0,0,0,0,0	0	77165
177173	1	0	4	2	0	0	0	0	63	511	992	617	1993	0	1	29	2	5	100,0,0,0,0,0	19650	83	0	52933	1785	0	93795,93228,91496,34180,34180,34180,34180	0	0	31219,22438,0,0,0,0,0	0	77217
177170	1	0	4	2	0	0	0	0	58	511	1000	601	1734	0	0	29	2	5	100,0,0,0,0,0	21600	81	0	52933	1785	0	93717,93151,91418,33996,33996,33996,33996	0	0	31219,22438,0,0,0,0,0	0	77261
177169	0	1	4	1	0	0	0	0	56	511	1004	623	1809	0	0	29	1	5	100,0,0,0,0,0	21646	82	0	52933	1785	0	93632,93067,91335,33808,33808,33808,33808	0	0	31219,22438,0,0,0,0,0	0	77314
177162	1	1	3	1	0	0	0	0	53	511	1014	641	1868	0	0	4	1	5	100,0,0,0,0,0	21715	62	1	52934	1785	0	93557,92992,91261,33631,33631,33631,33631	0	0	31219,22439,0,0,0,0,0	0	77355
177161	1	1	3	1	0	0	0	0	48	511	1020	618	1885	0	0	4	1	5	100,0,0,0,0,0	21596	82	0	52934	1785	0	93472,92907,91177,33442,33442,33442,33442	0	0	31219,22439,0,0,0,0,0	0	77404
177165	1	0	2	1	0	0	0	0	45	511	1021	616	1842	0	0	4	0	4	100,0,0,0,0,0	21570	84	0	52934	1785	0	93391,92826,91096,33252,33252,33252,33252	0	0	31219,22439,0,0,0,0,0	0	77455
177165	0	1	0	1	0	0	0	0	44	511	1024	613	1725	0	0	3	0	2	100,0,0,0,0,0	19591	97	0	52934	1785	0	93314,92749,91020,33073,33073,33073,33073	0	0	31219,22439,0,0,0,0,0	0	77509
177167	0	1	0	0	0	0	0	0	42	511	1025	609	1788	0	0	3	0	1	100,0,0,0,0,0	19584	74	0	52934	1785	0	93229,92664,90935,32893,32893,32893,32893	0	0	31219,22439,0,0,0,0,0	0	77557
177157	0	1	0	0	0	0	0	0	42	511	1035	581	1859	0	0	3	0	1	100,0,0,0,0,0	21272	66	0	52934	1785	0	93146,92581,90854,32722,32722,32722,32722	0	0	31219,22439,0,0,0,0,0	0	77598
177151	0	0	1	0	0	0	0	0	41	511	1042	562	1812	0	0	4	0	1	100,0,0,0,0,0	21670	185	0	52934	1785	128	93069,92504,90777,32555,32555,32555,32555	0	0	31219,22439,0,0,0,0,0	0	77632
177151	0	0	0	0	0	0	0	0	39	511	1045	589	1802	0	0	3	0	0	0,0,0,0,0,0	21651	195	0	52934	1785	253	93010,92446,90720,32443,32443,32443,32443	0	0	31219,22439,0,0,0,0,0	0	77676
177148	0	0	0	0	0	0	0	0	36	511	1051	593	1796	0	0	3	0	0	0,0,0,0,0,0	21590	204	0	52934	1785	392	92956,92392,90667,32330,32330,32330,32330	0	0	31219,22439,0,0,0,0,0	0	77712
177151	0	0	0	0	0	0	0	0	31	511	1053	577	1799	0	0	3	0	0	0,0,0,0,0,0	21535	184	0	52934	1785	507	92907,92343,90619,32223,32223,32223,32223	0	0	31219,22439,0,0,0,0,0	0	77760
177149	0	0	0	0	0	0	0	0	30	511	1056	587	1811	0	0	0	0	0	0,0,0,0,0,0	19573	200	0	52934	1785	644	92851,92287,90564,32109,32109,32109,32109	0	0	31219,22439,0,0,0,0,0	0	77794
177150	0	0	0	0	0	0	0	0	26	511	1059	589	1839	0	0	0	0	0	0,0,0,0,0,0	19567	214	0	52934	1785	783	92795,92232,90509,32008,32008,32008,32008	0	0	31219,22439,0,0,0,0,0	0	77842
177149	0	0	0	0	0	0	0	0	24	511	1062	594	1838	0	0	0	0	0	0,0,0,0,0,0	21690	192	0	52934	1785	908	92743,92179,90457,31914,31914,31914,31914	0	0	31219,22439,0,0,0,0,0	0	77889
177151	0	0	0	0	0	0	0	0	21	511	1063	571	1822	0	0	0	0	0	0,0,0,0,0,0	21735	270	0	52934	1785	1110	92681,92118,90397,31808,31808,31808,31808	0	0	31219,22439,0,0,0,0,0	0	77927
177147	0	0	0	0	0	0	0	0	21	511	1067	591	1762	0	0	0	0	0	0,0,0,0,0,0	21569	260	0	52934	1785	1297	92649,92085,90366,31751,31751,31751,31751	0	0	31219,22439,0,0,0,0,0	0	77963
177148	0	0	0	0	0	0	0	0	18	511	1069	599	1832	0	0	0	0	0	0,0,0,0,0,0	21622	286	0	52934	1785	1511	92603,92040,90321,31676,31676,31676,31676	0	0	31219,22439,0,0,0,0,0	0	78002
177148	0	0	0	0	0	0	0	0	15	511	1072	608	1799	0	0	0	0	0	0,0,0,0,0,0	21574	273	0	52934	1785	1699	92569,92007,90289,31618,31618,31618,31618	0	0	31219,22439,0,0,0,0,0	0	78054
177146	0	0	0	0	0	0	0	0	14	511	1075	611	1823	0	0	0	0	0	0,0,0,0,0,0	19354	260	0	52934	1785	1890	92518,91956,90239,31546,31546,31546,31546	0	0	31219,22439,0,0,0,0,0	0	78094
177143	0	0	0	0	0	0	0	0	13	511	1079	604	1749	0	0	0	0	0	0,0,0,0,0,0	19370	258	0	52934	1785	2077	92475,91913,90197,31485,31485,31485,31485	0	0	31219,22439,0,0,0,0,0	0	78137
177142	0	0	0	0	0	0	0	0	12	511	1081	596	1873	0	0	0	0	0	0,0,0,0,0,0	21752	239	0	52934	1785	2253	92425,91863,90149,31421,31421,31421,31421	0	0	31219,22439,0,0,0,0,0	0	78180
177141	0	0	0	0	0	0	0	0	12	511	1082	599	1751	0	0	0	0	0	0,0,0,0,0,0	21602	224	0	52934	1785	2443	92369,91807,90093,31345,31345,31345,31345	0	0	31219,22439,0,0,0,0,0	0	78198
177140	0	0	0	0	0	0	0	0	12	511	1083	619	1841	0	0	0	0	0	0,0,0,0,0,0	21585	248	0	52934	1785	2621	92322,91760,90048,31282,31282,31282,31282	0	0	31219,22439,0,0,0,0,0	0	78235
177141	0	0	0	0	0	0	0	0	11	511	1083	609	1810	0	0	0	0	0	0,0,0,0,0,0	21704	239	0	52934	1785	2795	92271,91709,89997,31209,31209,31209,31209	0	0	31219,22439,0,0,0,0,0	0	78278
177137	0	0	0	0	0	0	0	0	10	511	1088	601	1784	0	0	0	0	0	0,0,0,0,0,0	21535	238	0	52934	1785	2957	92225,91664,89953,31138,31138,31138,31138	0	0	31219,22439,0,0,0,0,0	0	78326
177132	0	0	0	0	0	0	0	0	10	511	1093	618	1808	0	0	0	0	0	0,0,0,0,0,0	19664	218	0	52934	1785	3107	92180,91618,89909,31070,31070,31070,31070	0	0	31219,22439,0,0,0,0,0	0	78360
177127	0	0	0	0	0	0	0	0	9	511	1099	617	1772	0	0	0	0	0	0,0,0,0,0,0	19584	255	0	52934	1785	3275	92129,91567,89859,31004,31004,31004,31004	0	0	31219,22439,0,0,0,0,0	0	78413
177124	0	0	0	0	0	0	0	0	7	511	1104	631	1885	0	0	0	0	0	0,0,0,0,0,0	21532	241	0	52934	1785	3430	92081,91519,89813,30952,30952,30952,30952	0	0	31219,22439,0,0,0,0,0	0	78465
177115	0	0	0	0	0	0	0	0	7	511	1113	649	1830	0	0	0	0	0	0,0,0,0,0,0	21798	362	0	52934	1785	3707	92021,91459,89754,30885,30885,30885,30885	0	0	31219,22439,0,0,0,0,0	0	78519
177105	0	0	0	0	0	0	0	0	7	511	1123	636	1841	0	0	0	0	0	0,0,0,0,0,0	21551	341	0	52934	1785	3954	91992,91430,89726,30877,30877,30877,30877	0	0	31219,22439,0,0,0,0,0	0	78569
177101	0	0	0	0	0	0	0	0	7	511	1127	623	1765	0	0	0	0	0	0,0,0,0,0,0	21800	345	0	52934	1785	4210	91960,91399,89696,30856,30856,30856,30856	0	0	31219,22439,0,0,0,0,0	0	78628
177097	0	0	0	0	0	0	0	0	6	511	1132	629	1775	0	0	0	0	0	0,0,0,0,0,0	21706	322	0	52934	1785	4460	91936,91374,89673,30843,30843,30843,30843	0	0	31219,22439,0,0,0,0,0	0	78673
177057	20	12	0	0	0	0	0	0	6	511	1140	632	1821	0	0	0	0	32	0,100,0,0,0,0	19551	326	0	52961	1790	4707	91939,91377,89678,30874,30874,30874,30874	0	0	31219,22439,32,0,0,0,0	0	78714
177013	35	34	3	1	0	0	0	0	6	511	1143	665	1850	0	0	0	0	73	0,100,0,0,0,0	19432	479	2	52997	1795	4988	91942,91379,89682,30917,30917,30917,30917	0	0	31219,22439,73,0,0,0,0	0	78822
176966	48	54	11	4	1	0	0	0	4	511	1147	694	1816	1	0	0	0	118	0,100,0,0,0,0	21727	426	10	53036	1801	5238	91955,91392,89696,30976,30976,30976,30976	0	0	31219,22439,118,0,0,0,0	0	78912
176910	61	78	20	6	2	1	0	0	7	511	1150	658	1845	1	1	5	1	167	0,100,0,0,0,0	10105	500	19	53085	1806	5544	91961,91399,89704,31023,31023,31023,31023	0	0	31219,22439,172,0,0,0,0	1	79000
176842	79	101	37	6	7	1	0	0	10	511	1152	678	1814	0	4	12	6	225	0,100,0,0,0,0	10195	489	31	53143	1814	5828	91999,91436,89743,31113,31113,31113,31113	0	0	31219,22439,238,0,0,0,0	3	79099
176783	91	116	53	9	11	1	0	0	17	511	1154	700	1960	2	4	24	11	270	0,100,0,0,0,0	10256	475	24	53198	1817	6100	92020,91457,89766,31177,31177,31177,31177	0	1	31219,22439,296,0,0,0,0	4	79194
176734	78	139	63	11	13	2	0	0	37	511	1158	698	1968	3	6	45	20	286	0,100,0,0,0,0	10153	490	44	53241	1819	6393	92036,91473,89783,31234,31234,31234,31234	0	0	31219,22439,341,0,0,0,0	1	79293
176699	65	144	72	15	17	1	0	0	60	511	1162	682	1904	2	4	141	23	291	0,100,0,0,0,0	19453	509	31	53268	1823	6717	92043,91480,89792,31292,31292,31292,31292	0	2	31219,22439,372,0,0,0,0	2	79384
176663	60	137	87	22	20	1	0	0	80	511	1165	702	1978	3	9	255	33	294	0,100,0,0,0,0	19709	401	35	53301	1825	7012	92089,91526,89840,31389,31389,31389,31389	0	2	31219,22439,407,0,0,0,0	4	79421
176614	52	154	91	26	21	1	0	0	108	511	1168	735	1775	1	8	379	46	299	0,100,0,0,0,0	10531	374	48	53348	1826	7303	92128,91565,89880,31478,31478,31478,31478	0	2	31219,22439,455,0,0,0,0	2	79447
176558	57	159	102	29	20	0	0	0	135	511	1175	724	1994	1	9	518	52	315	0,100,0,0,0,0	10789	395	55	53397	1832	7588	92176,91614,89931,31573,31573,31573,31573	0	3	31219,22439,510,0,0,0,0	2	79499
176505	67	163	105	32	22	0	0	0	162	511	1179	713	1984	4	5	559	56	333	0,100,0,0,0,0	10639	384	54	53446	1837	7864	92223,91661,89980,31666,31666,31666,31666	0	0	31219,22439,564,0,0,0,0	2	79544
176450	85	151	125	31	29	0	0	0	180	511	1184	690	1923	0	13	623	69	352	0,100,0,0,0,0	10758	368	63	53499	1847	8149	92266,91703,90026,31748,31748,31748,31748	0	3	31219,22439,627,0,0,0,0	4	79571
176399	92	145	132	35	27	0	0	0	215	511	1190	708	1918	2	11	659	72	359	0,100,0,0,0,0	10847	359	54	53547	1853	8424	92312,91749,90074,31837,31837,31837,31837	0	0	31219,22439,681,0,0,0,0	4	79599
176351	98	157	126	38	24	0	0	0	250	511	1191	723	1843	2	4	821	72	371	0,100,0,0,0,0	20420	371	54	53596	1860	8686	92355,91793,90120,31923,31923,31923,31923	0	4	31219,22439,737,0,0,0,0	4	79643
176306	90	174	138	38	20	0	1	0	274	511	1194	744	2017	1	8	856	71	390	0,100,0,0,0,0	20225	359	62	53649	1869	8985	92375,91813,90143,32001,32001,32001,32001	0	3	31219,22439,799,0,0,0,0	4	79651
176257	80	187	147	35	22	1	1	0	307	511	1198	777	2020	3	12	791	75	398	0,100,0,0,0,0	11134	323	57	53703	1873	9266	92408,91845,90179,32097,32097,32097,32097	0	0	31219,22439,857,0,0,0,0	4	79654
176204	85	195	146	31	26	2	1	0	343	511	1202	781	1909	1	12	779	90	396	0,100,0,0,0,0	11099	331	63	53762	1877	9544	92433,91871,90206,32182,32182,32182,32182	0	4	31219,22439,920,0,0,0,0	2	79655
176148	105	202	154	27	23	2	1	0	367	511	1206	819	1991	3	8	941	90	424	0,100,0,0,0,0	11180	334	75	53834	1881	9814	92472,91909,90248,32285,32285,32285,32285	0	2	31219,22439,996,0,0,0,0	3	79658
176075	135	201	158	32	33	2	1	0	390	511	1208	797	1980	3	7	941	95	467	0,100,0,0,0,0	11379	324	90	53914	1893	10083	92515,91953,90295,32388,32388,32388,32388	0	2	31219,22439,1088,0,0,0,0	3	79659
176011	130	233	156	30	40	2	0	0	420	512	1212	828	1960	4	14	986	103	488	0,100,0,0,0,0	11306	334	82	53982	1908	10365	92552,91990,90336,32477,32477,32477,32477	0	2	31219,22439,1170,0,0,0,0	2	79669
175948	116	235	174	36	33	2	0	0	463	512	1227	809	1831	5	13	1078	98	498	0,100,0,0,0,0	20414	291	68	54044	1914	10610	92590,92028,90377,32587,32587,32587,32587	0	3	31219,22439,1238,0,0,0,0	4	79667
175875	132	242	178	36	38	2	1	0	499	512	1231	808	1886	6	8	1075	104	525	0,100,0,0,0,0	20914	316	88	54126	1921	10879	92625,92063,90416,32698,32698,32698,32698	0	5	31219,22439,1327,0,0,0,0	5	79649
175797	144	251	190	38	40	2	1	0	534	512	1237	803	1806	1	11	940	101	565	0,100,0,0,0,0	11420	316	98	54218	1927	11149	92677,92116,90472,32829,32829,32829,32829	0	5	31219,22439,1425,0,0,0,0	6	79640
175719	153	279	197	39	45	2	1	0	559	512	1240	804	1828	4	15	1034	113	603	0,100,0,0,0,0	11375	252	110	54314	1943	11352	92731,92171,90531,32949,32949,32949,32949	0	3	31219,22439,1536,0,0,0,0	5	79645
175626	165	295	221	41	49	2	1	0	588	512	1246	797	1908	2	11	1145	119	655	0,100,0,0,0,0	11432	303	117	54417	1957	11600	92778,92218,90582,33059,33059,33059,33059	0	6	31219,22439,1652,0,0,0,0	6	79633
175536	164	322	234	44	44	2	1	0	639	512	1248	775	2021	7	15	1171	117	694	0,100,0,0,0,0	11530	318	120	54527	1968	11867	92838,92278,90646,33184,33184,33184,33184	0	1	31219,22439,1773,0,0,0,0	4	79626
175428	187	352	253	37	38	3	2	0	681	512	1253	766	1989	5	13	997	117	755	0,100,0,0,0,0	11338	335	140	54645	1991	12152	92906,92346,90719,33329,33329,33329,33329	0	5	31219,22439,1912,0,0,0,0	5	79610
175355	197	343	280	46	36	5	2	0	714	512	1256	776	1973	5	12	902	121	788	0,100,0,0,0,0	20461	304	112	54746	2002	12415	92967,92406,90784,33467,33467,33467,33467	0	6	31219,22439,2023,0,0,0,0	11	79593
175270	189	365	283	51	53	4	2	0	755	512	1262	780	2034	6	20	947	141	806	0,100,0,0,0,0	20521	301	120	54856	2013	12670	93056,92494,90879,33627,33627,33627,33627	0	11	31219,22439,2142,0,0,0,0	9	79579
175135	221	377	314	56	58	4	2	0	800	512	1267	790	1990	7	19	1078	152	880	0,100,0,0,0,0	11403	299	170	55013	2028	12930	93180,92618,91009,33840,33840,33840,33840	0	5	31219,22439,2313,0,0,0,0	8	79540
175011	238	426	315	63	61	4	2	0	842	512	1272	771	2001	5	29	1277	173	936	0,100,0,0,0,0	11551	277	170	55165	2046	13153	93305,92742,91140,34049,34049,34049,34049	0	11	31219,22439,2482,0,0,0,0	8	79512
174848	274	485	348	58	61	4	2	0	878	512	1276	768	1993	11	18	1680	186	1046	0,100,0,0,0,0	11841	279	216	55354	2075	13390	93454,92890,91297,34278,34278,34278,34278	0	5	31219,22439,2700,0,0,0,0	10	79467
174666	311	524	385	56	61	4	2	0	946	512	1279	723	1926	7	20	1740	198	1145	0,100,0,0,0,0	11990	287	215	55546	2100	13628	93620,93055,91469,34523,34523,34523,34523	0	4	31219,22439,2916,0,0,0,0	10	79434
174482	340	565	400	62	61	6	1	1	1028	512	1288	729	1946	9	24	1649	195	1240	0,100,0,0,0,0	11991	281	230	55755	2122	13850	93788,93223,91645,34770,34770,34770,34770	0	7	31219,22439,3147,0,0,0,0	11	79398
174345	343	583	451	59	72	6	1	1	1078	512	1295	728	2008	14	18	1758	198	1317	0,100,0,0,0,0	21061	291	186	55921	2145	14091	93905,93338,91769,34968,34968,34968,34968	0	14	31219,22439,3335,0,0,0,0	13	79348
174181	347	642	455	57	81	6	1	1	1163	512	1300	718	1922	14	25	1944	214	1375	0,100,0,0,0,0	21299	316	218	56118	2168	14369	94032,93466,91903,35198,35198,35198,35198	0	11	31219,22439,3553,0,0,0,0	18	79283
173944	373	705	493	67	92	6	3	1	1244	512	1306	737	1965	12	35	2387	262	1477	0,100,0,0,0,0	12404	293	282	56366	2202	14623	94215,93650,92093,35498,35498,35498,35498	1	19	31219,22439,3834,0,0,0,0	21	79208
173714	420	762	520	81	90	5	4	1	1328	512	1309	747	2042	17	31	2754	278	1604	0,100,0,0,0,0	12840	294	305	56639	2237	14876	94413,93847,92300,35801,35801,35801,35801	1	13	31219,22439,4142,0,0,0,0	22	79116
173470	434	841	552	86	99	5	4	1	1429	512	1313	733	2012	15	35	2952	301	1720	0,100,0,0,0,0	13156	285	317	56928	2266	15126	94628,94062,92523,36118,36118,36118,36118	1	17	31219,22439,4460,0,0,0,0	17	79036
173207	473	905	612	98	106	6	4	1	1508	512	1314	729	2058	12	41	2981	336	1868	0,100,0,0,0,0	13416	259	355	57241	2311	15344	94847,94282,92754,36448,36448,36448,36448	1	16	31219,22439,4818,0,0,0,0	20	78935
172952	513	960	663	115	123	6	4	1	1580	513	1316	730	2045	21	32	3005	355	2029	0,100,0,0,0,0	13483	273	354	57558	2350	15587	95060,94495,92977,36758,36758,36758,36758	1	14	31219,22439,5173,0,0,0,0	22	78823
172707	520	978	723	136	134	6	4	1	1701	513	1323	723	1974	14	37	3175	395	2106	0,100,0,0,0,0	22451	281	326	57854	2381	15832	95265,94700,93192,37080,37080,37080,37080	1	14	31219,22439,5499,0,0,0,0	24	78703
172507	494	1022	758	142	143	6	4	0	1829	513	1328	764	2008	19	46	3350	425	2144	0,100,0,0,0,0	22327	270	308	58136	2410	16069	95432,94867,93369,37361,37361,37361,37361	1	17	31219,22439,5806,0,0,0,0	27	78590
172138	569	1091	827	131	142	8	4	0	1988	513	1335	787	1985	17	51	3805	469	2303	0,100,0,0,0,0	14078	291	458	58536	2471	16321	95707,95142,93655,37785,37785,37785,37785	1	12	31219,22439,6267,0,0,0,0	32	78437
171802	647	1125	880	144	159	8	5	0	2124	513	1339	761	2100	21	51	4149	501	2467	0,100,0,0,0,0	14520	304	451	58937	2523	16582	95985,95421,93945,38200,38200,38200,38200	1	11	31219,22439,6714,0,0,0,0	25	78295
171444	692	1217	927	153	160	7	5	0	2288	513	1340	742	2059	13	56	4302	530	2631	0,100,0,0,0,0	14557	296	477	59361	2580	16853	96278,95715,94252,38656,38656,38656,38656	1	16	31219,22439,7193,0,0,0,0	31	78112
171060	714	1336	962	162	169	6	5	0	2469	514	1349	763	1982	22	45	4307	531	2823	0,100,0,0,0,0	14754	309	493	59801	2635	17129	96587,96026,94573,39134,39134,39134,39134	1	17	31219,22439,7683,0,0,0,0	29	77929
170629	747	1466	1034	199	169	6	4	0	2620	515	1357	749	1998	27	54	4569	554	3071	0,100,0,0,0,0	14897	298	547	60286	2700	17398	96938,96379,94938,39650,39650,39650,39650	2	21	31219,22439,8231,0,0,0,0	32	77731
170281	775	1464	1154	212	175	6	5	0	2798	515	1361	757	1950	21	57	4970	598	3193	0,100,0,0,0,0	23972	252	489	60739	2743	17623	97243,96685,95257,40110,40110,40110,40110	2	29	31219,22439,8724,0,0,0,0	30	77518
169937	764	1517	1211	205	189	9	7	0	3026	516	1365	763	2008	23	53	5035	627	3275	0,100,0,0,0,0	24369	297	498	61168	2816	17878	97519,96961,95548,40540,40540,40540,40540	2	24	31219,22439,9219,0,0,0,0	40	77327
169510	848	1616	1234	211	203	12	6	1	3221	517	1367	757	2007	18	76	5486	685	3445	0,100,0,0,0,0	15768	285	618	61711	2893	18125	97894,97338,95943,41074,41074,41074,41074	2	24	31219,22439,9837,0,0,0,0	41	77105
169086	906	1697	1304	228	220	12	3	1	3400	520	1369	742	2017	25	80	5954	737	3633	0,100,0,0,0,0	16153	316	618	62252	2972	18409	98267,97712,96336,41602,41602,41602,41602	2	35	31219,22439,10456,0,0,0,0	43	76880
168658	905	1795	1350	249	253	14	3	1	3620	521	1377	707	1987	30	83	6350	785	3784	0,100,0,0,0,0	16802	341	623	62808	3043	18707	98664,98111,96753,42156,42156,42156,42156	2	20	31219,22439,11083,0,0,0,0	45	76673
168148	964	1902	1446	268	266	16	5	1	3830	521	1379	700	1964	32	98	6415	843	4024	0,100,0,0,0,0	16933	325	718	63441	3132	18981	99130,98578,97239,42802,42802,42802,42802	2	26	31219,22439,11799,0,0,0,0	50	76422
167597	1058	1993	1517	277	285	16	7	1	4090	521	1384	698	2043	44	95	6986	883	4270	0,100,0,0,0,0	17197	299	765	64114	3231	19242	99605,99056,97736,43460,43460,43460,43460	3	45	31219,22439,12565,0,0,0,0	54	76139
167171	1074	2029	1622	265	302	23	9	1	4341	521	1388	642	2012	37	94	7057	937	4387	0,100,0,0,0,0	25726	339	652	64687	3313	19544	99995,99448,98148,44007,44007,44007,44007	3	31	31219,22439,13214,0,0,0,0	62	75893
166773	1044	2053	1715	290	325	24	10	1	4598	521	1392	632	2047	45	86	7481	969	4492	0,100,0,0,0,0	26204	324	646	65264	3387	19831	100381,99836,98557,44570,44570,44570,44570	3	38	31219,22439,13862,0,0,0,0	72	75595
166340	1057	2111	1793	299	319	24	8	1	4878	523	1393	649	2007	33	107	7254	1021	4590	0,100,0,0,0,0	27209	333	707	65866	3493	20124	100779,100237,98981,45143,45143,45143,45143	3	30	31219,22439,14561,0,0,0,0	73	75309
165935	1057	2144	1816	323	322	30	14	2	5186	523	1394	647	1946	42	111	7800	1021	4685	0,100,0,0,0,0	27917	305	690	66471	3582	20385	101185,100646,99414,45712,45712,45712,45712	3	32	31219,22439,15253,0,0,0,0	69	75015
165567	1051	2200	1866	337	298	32	17	2	5455	524	1397	659	2003	38	117	8092	1063	4738	0,100,0,0,0,0	27922	311	685	67054	3690	20649	101565,101027,99822,46233,46233,46233,46233	4	36	31219,22439,15937,0,0,0,0	82	74744
165166	1075	2235	1901	360	324	33	18	2	5705	525	1402	649	2005	44	114	8034	1082	4864	0,100,0,0,0,0	27873	302	733	67691	3789	20911	101982,101445,100270,46799,46799,46799,46799	4	36	31219,22439,16668,0,0,0,0	78	74433
164748	1101	2247	1930	376	355	34	18	2	6003	527	1405	638	1991	51	119	8606	1118	4943	0,100,0,0,0,0	28423	277	734	68335	3885	21150	102398,101863,100714,47381,47381,47381,47381	4	42	31219,22439,17400,0,0,0,0	75	74095
164395	1091	2289	2005	377	348	40	17	2	6245	529	1408	599	1970	49	98	8931	1126	5041	0,100,0,0,0,0	27755	332	699	68944	3980	21438	102769,102236,101116,47897,47897,47897,47897	4	32	31219,22439,18098,0,0,0,0	85	73779
164051	1105	2298	2031	374	356	38	16	1	6534	531	1411	595	1965	39	121	8454	1115	5103	0,100,0,0,0,0	27354	297	714	69567	4074	21703	103166,102635,101544,48435,48435,48435,48435	4	42	31219,22439,18808,0,0,0,0	93	73461
163652	1146	2364	2028	380	370	46	18	1	6797	532	1412	631	1990	50	118	8905	1171	5181	0,100,0,0,0,0	28569	367	790	70227	4208	22026	103588,103060,102002,49021,49021,49021,49021	4	46	31219,22439,19590,0,0,0,0	94	73111
163228	1238	2407	2072	381	377	46	19	1	7026	532	1419	619	2021	62	136	9058	1210	5330	0,100,0,0,0,0	19475	523	855	70971	4321	22503	104117,103591,102569,49685,49685,49685,49685	4	42	31219,22439,20443,0,0,0,0	106	72800
162817	1232	2538	2104	374	378	51	22	2	7272	533	1423	624	1926	58	120	9236	1269	5430	0,100,0,0,0,0	19390	538	828	71691	4438	22986	104659,104136,103149,50402,50402,50402,50402	5	43	31219,22439,21273,0,0,0,0	110	72467
162415	1255	2625	2116	383	383	50	24	2	7531	535	1427	618	1996	45	143	8886	1293	5543	0,100,0,0,0,0	19456	493	833	72402	4562	23441	105193,104673,103720,51110,51110,51110,51110	5	46	31219,22439,22097,0,0,0,0	120	72131
162029	1321	2644	2175	402	409	53	23	3	7717	538	1432	601	2032	37	111	9214	1314	5713	0,100,0,0,0,0	19534	485	882	73148	4706	23890	105771,105253,104342,51831,51831,51831,51831	5	46	31219,22439,22976,0,0,0,0	113	71825
161686	1287	2726	2224	397	446	51	24	3	7930	539	1433	585	1910	47	106	8976	1291	5864	0,100,0,0,0,0	27824	525	827	73888	4802	24378	106289,105773,104899,52514,52514,52514,52514	5	41	31219,22439,23799,0,0,0,0	111	71440
161357	1315	2641	2298	412	455	54	22	4	8206	544	1438	570	1971	45	149	8424	1301	5896	0,100,0,0,0,0	27398	513	816	74583	4927	24820	106799,106284,105448,53181,53181,53181,53181	5	48	31219,22439,24607,0,0,0,0	109	71117
160881	1369	2740	2350	427	432	60	25	4	8471	544	1443	591	1983	47	144	8336	1319	6084	0,100,0,0,0,0	18761	523	950	75403	5064	25276	107403,106890,106092,53965,53965,53965,53965	5	42	31219,22439,25551,0,0,0,0	119	70742
160406	1419	2841	2407	442	443	62	27	3	8702	546	1448	560	1954	57	150	8919	1355	6286	0,100,0,0,0,0	18838	709	1009	76267	5217	25915	108037,107525,106771,54770,54770,54770,54770	5	63	31219,22439,26549,0,0,0,0	130	70351
159896	1517	2963	2426	452	451	64	27	4	8945	548	1453	553	1980	62	164	8961	1423	6477	0,100,0,0,0,0	19146	707	1064	77170	5384	26557	108765,108255,107544,55701,55701,55701,55701	6	41	31219,22439,27601,0,0,0,0	134	69949
159436	1551	3070	2493	463	456	60	34	4	9174	549	1456	554	1957	68	154	9270	1457	6670	0,100,0,0,0,0	19666	710	1013	78025	5547	27198	109452,108943,108277,56581,56581,56581,56581	6	45	31219,22439,28604,0,0,0,0	128	69566
158946	1597	3109	2578	489	483	58	34	5	9438	550	1459	569	2003	58	163	9636	1534	6814	0,100,0,0,0,0	19652	663	1012	78878	5712	27797	110131,109626,109002,57471,57471,57471,57471	6	65	31219,22439,29611,0,0,0,0	138	69159
158564	1549	3090	2637	523	509	55	35	5	9762	555	1462	560	2023	51	151	9834	1536	6862	0,100,0,0,0,0	28180	701	933	79691	5844	28428	110744,110242,109661,58264,58264,58264,58264	6	48	31219,22439,30545,0,0,0,0	125	68755
158223	1456	3113	2685	562	508	58	39	4	10075	556	1467	529	1968	59	180	9675	1605	6816	0,100,0,0,0,0	28505	644	891	80455	5978	29018	111346,110848,110309,59035,59035,59035,59035	6	43	31219,22439,31426,0,0,0,0	136	68379
157875	1446	3141	2725	560	542	64	42	5	10317	558	1471	527	1949	60	172	10831	1692	6828	0,100,0,0,0,0	20658	667	994	81284	6149	29624	111981,111487,110998,59826,59826,59826,59826	6	39	31219,22439,32407,0,0,0,0	125	67968
157502	1500	3079	2784	551	537	74	43	5	10638	560	1473	539	1878	66	176	11168	1721	6847	0,100,0,0,0,0	21060	948	996	82112	6319	30504	112621,112128,111688,60622,60622,60622,60622	6	43	31219,22439,33384,0,0,0,0	140	67573
157062	1529	3134	2802	565	566	70	44	5	10925	563	1481	522	2015	57	180	11607	1819	6891	0,100,0,0,0,0	21648	896	1070	82996	6513	31328	113375,112884,112495,61589,61589,61589,61589	6	40	31219,22439,34435,0,0,0,0	147	67159
156687	1573	3147	2805	549	551	76	41	5	11261	569	1482	544	2047	55	189	11996	1823	6919	0,100,0,0,0,0	22138	851	1009	83832	6697	32109	114088,113599,113261,62496,62496,62496,62496	6	36	31219,22439,35446,0,0,0,0	151	66763
156334	1609	3192	2815	564	580	74	38	2	11479	574	1485	555	1940	45	179	11881	1825	7047	0,100,0,0,0,0	22322	903	1050	84685	6898	32943	114788,114299,114016,63361,63361,63361,63361	6	37	31219,22439,36474,0,0,0,0	157	66351
156155	1525	3147	2881	559	572	81	37	2	11720	578	1489	521	1975	56	169	10979	1747	7055	0,100,0,0,0,0	29595	911	878	85426	7038	33772	115402,114917,114688,64122,64122,64122,64122	6	52	31219,22439,37345,0,0,0,0	147	65973
155940	1455	3175	2880	541	574	76	43	2	11989	580	1491	538	1905	56	162	11359	1781	6963	0,100,0,0,0,0	29520	958	935	86198	7206	34543	116017,115535,115359,64893,64893,64893,64893	6	60	31219,22439,38258,0,0,0,0	154	65606
155646	1474	3164	2921	533	594	85	42	2	12207	583	1495	508	2033	56	201	11456	1836	6977	0,100,0,0,0,0	21745	970	1007	87025	7392	35334	116698,116218,116096,65706,65706,65706,65706	6	36	31219,22439,39244,0,0,0,0	164	65260
155412	1525	3096	2935	522	582	85	42	3	12456	589	1499	526	2053	59	175	11625	1830	6957	0,100,0,0,0,0	21737	1615	941	87788	7582	36805	117329,116848,116780,66465,66465,66465,66465	6	41	31219,22439,40167,0,0,0,0	164	64910
155193	1483	3078	2950	554	573	85	49	2	12688	590	1501	508	1966	57	184	11296	1833	6939	0,100,0,0,0,0	22095	1657	940	88550	7769	38280	118131,117655,117642,67514,67514,67514,67514	6	50	31219,22439,41100,0,0,0,0	169	64563
155018	1508	3075	2957	548	578	84	50	3	12829	593	1503	503	1891	59	189	11432	1856	6944	0,100,0,0,0,0	21691	1752	976	89364	7939	39832	118978,118504,118547,68561,68561,68561,68561	6	35	31219,22439,42058,0,0,0,0	171	64232
154857	1489	3047	2921	560	607	80	47	3	13027	599	1509	501	1904	50	168	11441	1841	6910	0,100,0,0,0,0	21588	1710	935	90129	8120	41348	119793,119321,119424,69596,69596,69596,69596	6	48	31219,22439,42980,0,0,0,0	177	63896
154850	1406	3007	2931	564	577	79	46	3	13165	604	1514	530	1925	53	160	10964	1764	6846	0,100,0,0,0,0	29618	1711	839	90811	8285	42867	120523,120051,120215,70492,70492,70492,70492	6	44	31219,22439,43806,0,0,0,0	171	63594
154854	1372	2984	2880	538	548	77	51	4	13313	607	1518	523	1887	49	159	10801	1774	6676	0,100,0,0,0,0	29163	1684	833	91474	8460	44387	121259,120788,121014,71388,71388,71388,71388	6	43	31219,22439,44612,0,0,0,0	163	63294
154818	1353	2992	2857	538	517	81	44	6	13402	613	1525	533	2028	63	167	11323	1745	6637	0,100,0,0,0,0	21400	1723	892	92191	8639	45936	122058,121588,121875,72337,72337,72337,72337	6	55	31219,22439,45474,0,0,0,0	163	62977
154816	1376	2860	2827	541	540	79	47	6	13513	616	1525	540	1968	61	149	11098	1704	6566	0,100,0,0,0,0	21677	864	847	92868	8811	46649	122808,122337,122685,73225,73225,73225,73225	6	42	31219,22439,46294,0,0,0,0	175	62641
154880	1362	2842	2738	510	528	71	46	6	13616	620	1527	527	1952	51	195	11330	1676	6421	0,100,0,0,0,0	21401	906	832	93525	8995	47405	123325,122855,123268,73735,73735,73735,73735	6	38	31219,22439,47104,0,0,0,0	161	62327
154901	1344	2784	2725	503	535	74	46	6	13672	625	1531	542	1988	59	186	10886	1669	6342	0,100,0,0,0,0	21197	878	826	94180	9174	48132	123860,123390,123866,74259,74259,74259,74259	6	44	31219,22439,47913,0,0,0,0	152	62047
154941	1324	2738	2724	478	547	73	47	6	13705	628	1535	531	1970	56	149	10813	1646	6285	0,100,0,0,0,0	21476	869	811	94835	9333	48844	124377,123906,124441,74751,74751,74751,74751	6	43	31219,22439,48698,0,0,0,0	155	61759
155063	1241	2700	2653	462	507	72	41	6	13822	637	1542	529	1973	49	155	10486	1601	6075	0,99,0,0,0,0	28913	889	690	95395	9490	49595	124826,124355,124950,75173,75173,75173,75173	6	45	31219,22439,49358,25,0,0,0	144	61482
155351	1178	2565	2628	448	513	74	40	6	13752	644	1547	529	1928	47	141	10259	1570	5876	0,99,0,0,0,0	28765	868	631	95898	9648	50319	125218,124748,125409,75490,75490,75490,75490	6	41	31219,22439,49972,51,0,0,0	142	61250
155432	1127	2551	2569	426	497	63	38	7	13833	649	1554	527	2034	57	154	10043	1534	5737	0,98,1,0,0,0	20559	823	719	96471	9827	50996	125696,125229,125947,75956,75956,75956,75956	6	38	31219,22439,50664,82,0,0,0	135	60996
155605	1152	2443	2531	430	500	69	36	9	13762	653	1556	531	1920	41	139	10064	1493	5668	0,98,1,0,0,0	20308	752	707	97015	10021	51595	126104,125635,126417,76309,76309,76309,76309	6	38	31219,22439,51330,127,0,0,0	129	60736
155862	1130	2391	2415	429	490	65	33	9	13705	658	1559	531	1934	53	159	9973	1466	5487	0,97,2,0,0,0	20366	746	629	97499	10199	52173	126442,125974,126818,76565,76565,76565,76565	6	34	31219,22439,51902,184,0,0,0	128	60496
156110	1088	2382	2332	427	464	65	35	6	13616	659	1562	513	1959	44	129	9727	1439	5354	0,96,3,0,0,0	20121	737	665	98010	10382	52757	126806,126339,127246,76841,76841,76841,76841	6	41	31219,22439,52505,248,0,0,0	127	60251
156302	1083	2273	2310	436	451	66	32	5	13564	662	1562	507	1905	40	154	9628	1423	5228	0,95,4,0,0,0	19866	761	680	98520	10553	53370	127174,126708,127675,77135,77135,77135,77135	6	29	31219,22439,53102,299,0,0,0	131	60001
156626	1023	2163	2291	437	438	63	24	5	13444	670	1562	522	1999	41	127	9836	1365	5074	0,95,4,0,0,0	28228	746	553	98942	10686	53958	127480,127012,128038,77341,77341,77341,77341	5	27	31219,22439,53591,344,0,0,0	114	59805
156942	974	2078	2189	452	423	69	23	4	13352	674	1566	521	1954	41	117	9474	1331	4877	0,94,5,0,0,0	28118	774	545	99352	10824	54573	127773,127305,128387,77539,77539,77539,77539	5	32	31219,22439,54068,396,0,0,0	103	59609
157258	957	1993	2129	432	394	75	26	4	13235	675	1568	505	1981	45	131	9827	1303	4703	0,94,5,0,0,0	20181	719	567	99751	10999	55133	128067,127599,128742,77737,77736,77736,77736	5	34	31219,22439,54558,456,0,0,0	112	59415
157615	942	1924	2069	412	371	72	23	4	13061	679	1574	491	1924	41	115	9486	1250	4563	0,93,6,0,0,0	19873	420	547	100153	11148	55384	128328,127861,129065,77865,77864,77864,77864	5	30	31219,22439,55009,529,0,0,0	121	59233
157950	886	1917	1997	392	349	77	23	4	12895	680	1576	497	1953	44	105	9623	1134	4507	0,92,7,0,0,0	19722	409	558	100556	11307	55643	128516,128049,129309,77897,77895,77895,77895	5	21	31219,22439,55455,617,0,0,0	121	59034
158267	888	1853	1978	357	346	79	22	2	12692	683	1579	513	2014	38	123	9389	1096	4427	0,91,8,0,0,0	19733	418	564	100962	11467	55907	128706,128237,129557,77930,77928,77928,77928	5	31	31219,22439,55907,703,0,0,0	122	58835
158545	897	1806	1918	361	336	68	22	2	12521	685	1585	498	1943	35	115	9167	1067	4341	0,90,9,0,0,0	19331	254	557	101366	11628	56144	128913,128444,129819,77991,77988,77988,77988	5	32	31219,22439,56363,785,0,0,0	121	58626
158868	868	1744	1887	344	317	67	22	1	12352	688	1588	521	2086	33	99	8795	1023	4226	0,89,10,0,0,0	27504	245	491	101714	11776	56389	129056,128585,130013,77992,77988,77988,77988	5	33	31219,22439,56733,881,0,0,0	106	58401
159235	825	1697	1785	331	313	61	22	2	12196	689	1590	529	1943	45	107	8623	979	4055	0,88,11,0,0,0	27079	268	478	102043	11925	56657	129210,128741,130218,77999,77994,77994,77994	5	26	31219,22439,57076,996,0,0,0	112	58204
159519	815	1673	1761	324	310	60	18	2	11976	693	1595	513	1933	31	101	8052	988	3973	0,86,13,0,0,0	19009	249	528	102389	12109	56906	129391,128926,130453,78049,78043,78043,78043	4	19	31219,22439,57446,1124,0,0,0	97	58007
159714	878	1615	1720	331	305	55	13	1	11819	698	1597	541	1973	37	94	7677	942	3975	0,84,15,0,0,0	18031	83	569	102765	12303	56989	129579,129113,130687,78145,78137,78137,78137	4	30	31219,22439,57819,1296,0,0,0	90	57767
160086	851	1599	1689	304	275	61	12	1	11565	700	1603	559	1953	24	98	7219	918	3873	0,82,17,0,0,0	27186	102	463	103082	12454	57091	129676,129211,130837,78055,78046,78046,78046	4	29	31219,22439,58112,1448,0,0,0	85	57578
160390	780	1606	1652	294	272	60	16	1	11365	702	1608	546	2014	31	87	6985	843	3837	0,79,20,0,0,0	26852	130	490	103391	12639	57221	129778,129315,130988,78015,78004,78004,78004	4	29	31219,22439,58396,1629,0,0,0	90	57384
160669	788	1510	1625	282	269	53	15	2	11217	705	1611	546	1968	30	80	6518	783	3759	0,77,22,0,0,0	25519	95	446	103679	12804	57316	129872,129412,131128,77980,77968,77968,77968	4	19	31219,22439,58647,1806,0,0,0	86	57203
161005	771	1445	1646	272	258	51	16	2	10961	706	1613	532	1980	27	88	6543	766	3693	0,75,24,0,0,0	25463	91	451	103968	12970	57407	129959,129497,131260,77909,77894,77894,77894	4	24	31219,22439,58878,2012,0,0,0	87	57036
161333	769	1395	1608	259	235	46	16	2	10759	709	1615	512	1978	36	87	6321	734	3594	0,72,27,0,0,0	25226	104	450	104256	13134	57511	130018,129555,131362,77831,77814,77814,77814	3	29	31219,22439,59101,2216,0,0,0	82	56848
161558	773	1386	1528	245	255	47	13	2	10609	712	1618	517	1927	29	91	6270	730	3517	0,70,29,0,0,0	26183	100	472	104560	13308	57611	130118,129656,131502,77815,77795,77795,77795	3	26	31219,22439,59339,2440,0,0,0	73	56654
161846	789	1346	1503	240	232	48	11	1	10396	714	1620	508	2012	27	84	6341	725	3444	0,66,33,0,0,0	26388	91	472	104877	13469	57702	130192,129731,131623,77770,77747,77747,77747	3	24	31219,22439,59544,2698,0,0,0	65	56438
162077	801	1354	1420	231	232	47	12	1	10233	715	1623	516	1910	30	60	5936	684	3413	0,64,35,0,0,0	25976	72	471	105169	13654	57774	130256,129797,131727,77738,77711,77711,77711	3	21	31219,22439,59739,2956,0,0,0	77	56242
162299	798	1341	1450	234	240	42	11	1	9987	717	1626	525	1955	30	80	5779	674	3442	0,60,39,0,0,0	25722	87	479	105455	13851	57861	130311,129852,131820,77694,77663,77663,77663	3	39	31219,22439,59910,3248,0,0,0	72	56048
162501	820	1346	1419	219	232	40	12	1	9807	718	1631	509	1924	37	75	5565	656	3432	0,56,43,0,0,0	25867	81	477	105724	14062	57942	130376,129919,131922,77668,77632,77632,77632	3	37	31219,22439,60071,3556,0,0,0	66	55872
162726	796	1314	1383	220	212	33	14	1	9694	719	1634	539	1890	32	71	5463	636	3336	0,53,46,0,0,0	24290	67	420	105975	14235	58009	130417,129960,131995,77614,77574,77574,77574	4	35	31219,22439,60191,3844,0,0,0	69	55707
162901	795	1372	1357	215	215	33	14	1	9485	721	1637	544	1986	26	60	5502	638	3363	0,49,50,0,0,0	24497	79	510	106287	14436	58088	130491,130036,132105,77635,77590,77590,77590	4	25	31219,22439,60336,4197,0,0,0	77	55488
162949	920	1347	1366	210	202	32	12	1	9345	723	1639	553	1946	46	79	5314	636	3453	0,45,54,0,0,0	15678	89	588	106597	14721	58177	130587,130132,132233,77707,77658,77658,77658	4	31	31219,22439,60457,4655,0,0,0	75	55270
162964	1000	1416	1377	198	183	31	12	1	9197	726	1641	559	1919	42	56	5148	614	3603	0,41,58,0,0,0	15416	292	632	106938	15014	58469	130707,130253,132385,77819,77764,77764,77764	4	30	31219,22439,60594,5144,0,0,0	76	55043
162881	1076	1531	1400	187	187	32	13	1	9068	727	1643	580	2039	45	72	5170	639	3787	0,37,62,0,0,0	15484	298	703	107329	15329	58767	130896,130442,132601,78063,78002,78002,78002	4	38	31219,22439,60720,5707,0,0,0	82	54775
162802	1165	1626	1458	184	172	29	14	0	8919	729	1648	565	1963	46	74	4967	635	4013	0,34,65,0,0,0	15048	290	724	107714	15673	59057	131081,130629,132815,78319,78250,78250,78250	4	33	31219,22439,60855,6285,0,0,0	90	54521
162601	1308	1743	1542	188	163	25	16	0	8776	730	1654	537	1987	39	62	5075	633	4352	0,30,69,0,0,0	15064	330	876	108180	16085	59387	131316,130868,133080,78670,78592,78592,78592	4	44	31219,22439,60997,7011,0,0,0	84	54213
162506	1342	1806	1611	187	177	29	15	0	8682	733	1658	545	1940	54	49	5222	618	4549	0,27,72,0,0,0	23946	258	761	108570	16460	59645	131500,131054,133288,78957,78870,78870,78870	4	61	31219,22439,61089,7677,0,0,0	92	53925
162240	1371	1926	1700	189	180	27	15	0	8703	734	1661	522	1916	45	61	5007	630	4778	0,24,75,0,0,0	23906	290	841	108979	16901	59935	131718,131275,133531,79311,79217,79217,79217	5	65	31219,22439,61194,8408,0,0,0	97	53648
161869	1544	1980	1816	204	196	30	15	0	8694	736	1662	501	2022	67	74	5024	647	5138	0,22,77,0,0,0	15019	284	967	109479	17373	60219	131969,131530,133805,79776,79670,79670,79670	5	50	31219,22439,61294,9267,0,0,0	92	53279
161471	1655	2157	1905	217	197	31	14	0	8698	738	1663	510	1933	53	66	5137	672	5504	0,19,80,0,0,0	15293	349	1041	109990	17909	60568	132233,131799,134091,80264,80144,80144,80144	5	56	31219,22439,61385,10209,0,0,0	92	52901
160931	1770	2339	2029	216	206	30	16	1	8801	739	1668	524	1922	54	79	5345	703	5903	0,17,82,0,0,0	15529	343	1123	110525	18505	60911	132555,132123,134430,80843,80713,80713,80713	5	47	31219,22439,61477,11238,0,0,0	84	52530
160292	1993	2521	2178	239	194	28	16	2	8875	739	1669	522	2011	59	83	5454	743	6426	0,15,84,0,0,0	15524	321	1298	111138	19195	61232	132913,132486,134802,81529,81384,81384,81384	6	74	31219,22439,61558,12450,0,0,0	88	52096
159495	2214	2683	2364	255	206	25	17	3	9067	744	1673	545	1974	59	94	5702	797	6967	0,13,86,0,0,0	15636	342	1379	111800	19921	61574	133290,132870,135195,82262,82103,82103,82103	6	64	31219,22439,61635,13747,0,0,0	84	51644
158909	2210	2887	2515	248	234	27	16	3	9278	744	1675	534	1976	79	79	5579	822	7315	0,11,88,0,0,0	24311	338	1218	112366	20582	61912	133582,133167,135502,82875,82698,82698,82698	6	59	31219,22439,61702,14897,0,0,0	103	51234
158058	2280	3187	2668	267	252	26	16	3	9564	746	1679	527	1910	66	102	5680	896	7800	0,10,89,0,0,0	24181	330	1436	113050	21366	62242	133968,133557,135904,83659,83466,83466,83466	6	78	31219,22439,61768,16266,21,0,0	97	50740
156900	2714	3368	2891	276	283	24	16	3	9845	747	1679	562	1926	61	136	6110	996	8576	0,8,90,0,0,0	16156	328	1801	113904	22345	62570	134460,134054,136406,84682,84468,84468,84468	7	87	31219,22439,61815,18014,49,0,0	101	50123
