S	E	I1	I2	I3	I4	I5_h	I6_h	R_h	R	D1	D2	H	T	P1	P2	Q	QT	NQ	MUT	HOM	VAC	NI	INF	REINF	BSTR	IMM	HCI	HCE	INFV	INFH	VNI
178059	130	116	40	51	38	9	5	0	296	2	0	183	0	0	0	50	50	339	0,0,0,0,0,0	178744	0	0	389	0	0	687,687,687,687,687,687,687	0	0	0,0,0,0,0,0,0	0	0
178020	95	179	41	49	40	9	6	0	304	2	1	315	341	1	72	310	66	353	0,0,0,0,0,0	12497	0	52	441	0	0	726,726,726,726,726,726,726	0	3	52,0,0,0,0,0,0	14	0
177944	126	192	54	57	46	9	6	0	308	2	2	419	96	0	17	406	81	409	0,0,0,0,0,0	12981	0	92	534	0	0	803,803,803,803,803,803,803	0	11	145,0,0,0,0,0,0	18	0
177868	134	229	57	53	49	9	5	0	331	3	8	467	261	0	18	475	99	437	0,0,0,0,0,0	13008	0	81	617	0	0	880,880,880,880,880,880,880	0	9	228,0,0,0,0,0,0	18	0
177786	115	271	88	58	47	10	7	0	350	3	11	513	96	0	23	667	121	475	0,0,0,0,0,0	24916	0	96	714	0	0	965,965,965,965,965,965,965	0	4	325,0,0,0,0,0,0	21	0
177718	124	278	97	66	57	11	8	0	369	3	15	543	122	0	18	745	145	496	0,0,0,0,0,0	25600	0	89	804	0	0	1036,1036,1036,1036,1036,1036,1036	0	7	415,0,0,0,0,0,0	24	0
177625	136	286	121	75	58	15	8	0	400	3	19	608	307	1	21	988	165	534	0,0,0,0,0,0	13694	0	103	907	0	0	1131,1131,1131,1131,1131,1131,1131	0	7	518,0,0,0,0,0,0	27	0
177535	154	292	146	68	67	12	10	0	437	3	22	665	277	2	30	1232	202	547	0,0,0,0,0,0	14156	0	111	1017	1	0	1226,1226,1226,1225,1225,1225,1225	0	14	628,0,0,0,0,0,0	30	0
177434	170	296	177	72	74	13	11	0	471	3	25	656	262	4	22	1359	230	583	0,0,0,0,0,0	14265	0	119	1136	1	0	1334,1333,1333,1332,1332,1332,1332	0	7	747,0,0,0,0,0,0	30	0
177347	174	295	192	70	88	11	11	1	523	4	30	670	284	1	29	1629	265	576	0,0,0,0,0,0	14445	0	108	1244	1	0	1431,1430,1430,1426,1426,1426,1426	1	8	855,0,0,0,0,0,0	33	0
177269	192	286	209	81	85	12	9	1	562	6	34	740	261	1	31	2045	283	591	0,0,0,0,0,0	14710	0	116	1360	2	0	1528,1526,1526,1518,1518,1518,1518	1	12	972,0,0,0,0,0,0	31	0
177189	182	316	218	73	81	14	8	1	622	7	35	750	238	0	35	1908	321	571	0,0,0,0,0,0	26712	0	109	1466	5	0	1618,1615,1615,1604,1604,1604,1604	1	6	1081,0,0,0,0,0,0	31	0
177110	180	341	206	80	84	14	7	3	673	7	41	751	279	1	20	1998	323	589	0,0,0,0,0,0	26761	0	106	1570	7	0	1715,1710,1710,1695,1695,1695,1695	1	2	1186,0,0,0,0,0,0	30	0
177028	174	362	215	83	77	14	7	2	734	8	42	740	289	1	23	2004	303	629	0,0,0,0,0,0	14972	0	117	1686	8	0	1817,1811,1811,1790,1790,1790,1790	1	9	1303,0,0,0,0,0,0	34	0
176934	200	361	202	87	84	16	6	2	800	9	45	730	255	2	19	2052	292	664	0,0,0,0,0,0	14877	0	127	1812	10	0	1928,1921,1921,1895,1895,1895,1895	1	15	1431,0,0,0,0,0,0	29	0
176831	224	359	202	101	96	15	7	2	852	9	48	717	248	2	28	2013	297	707	0,0,0,0,0,0	15050	0	139	1950	11	0	2056,2047,2047,2013,2013,2013,2013	1	11	1570,0,0,0,0,0,0	30	0
176729	217	384	218	111	97	16	9	2	905	9	49	726	253	2	31	2142	301	751	0,0,0,0,0,0	15132	0	139	2089	11	0	2186,2173,2173,2130,2130,2130,2130	1	14	1709,0,0,0,0,0,0	31	0
176611	226	394	220	112	107	22	10	2	978	10	54	742	323	0	39	2459	317	774	0,0,0,0,0,0	15095	0	153	2240	14	0	2331,2316,2316,2264,2264,2264,2264	1	12	1863,0,0,0,0,0,0	35	0
176528	220	434	229	106	108	22	12	2	1017	10	58	742	262	2	37	2439	353	778	0,0,0,0,0,0	27106	0	135	2372	17	0	2452,2433,2433,2368,2368,2368,2368	1	17	1996,0,0,0,0,0,0	52	0
176441	197	464	256	109	118	24	12	2	1049	12	62	713	253	4	32	2279	374	806	0,0,0,0,0,0	27113	0	134	2507	19	0	2581,2559,2559,2479,2479,2479,2479	1	8	2132,0,0,0,0,0,0	54	0
176322	236	456	271	118	128	23	11	2	1095	16	68	700	245	0	32	2325	377	866	0,0,0,0,0,0	15304	0	174	2682	19	0	2745,2718,2718,2625,2625,2625,2625	1	16	2307,0,0,0,0,0,0	52	0
176222	255	461	272	120	133	20	12	1	1162	17	71	708	256	1	49	2417	380	893	0,0,0,0,0,0	15139	0	159	2838	22	0	2880,2851,2851,2747,2747,2747,2747	1	16	2465,0,0,0,0,0,0	56	0
176116	251	502	280	115	136	22	15	1	1216	17	75	723	241	2	37	2593	400	921	0,0,0,0,0,0	15332	0	166	3002	24	0	3039,3005,3005,2882,2882,2882,2882	1	12	2630,0,0,0,0,0,0	58	0
176007	258	531	279	116	152	21	13	1	1272	20	76	736	106	1	48	2807	416	954	0,0,0,0,0,0	15425	0	176	3179	24	0	3204,3164,3164,3024,3024,3024,3024	2	8	2807,0,0,0,0,0,0	57	0
175898	277	539	289	127	159	27	16	1	1311	21	81	718	243	2	45	2987	436	998	0,0,0,0,0,0	15761	0	191	3371	24	0	3386,3339,3339,3173,3173,3173,3173	2	16	2999,0,0,0,0,0,0	63	0
175819	282	533	301	135	166	25	16	3	1362	21	83	693	241	0	42	3010	432	1026	0,0,0,0,0,0	27693	0	171	3542	25	0	3543,3489,3489,3296,3296,3296,3296	2	14	3171,0,0,0,0,0,0	68	0
175723	278	549	324	150	164	29	16	4	1404	22	83	687	277	2	54	3599	509	1001	0,0,0,0,0,0	28026	0	183	3723	29	0	3710,3649,3649,3430,3430,3430,3430	2	11	3354,0,0,0,0,0,0	66	0
175588	317	580	318	146	161	31	16	4	1472	24	89	681	266	1	43	3574	497	1072	0,0,0,0,0,0	16592	0	220	3944	30	0	3924,3855,3855,3607,3607,3607,3607	2	22	3576,0,0,0,0,0,0	69	0
175439	343	618	338	143	166	30	16	5	1526	25	97	666	98	0	52	3723	520	1134	0,0,0,0,0,0	16328	0	235	4179	31	0	4153,4075,4075,3798,3798,3798,3798	2	29	3811,0,0,0,0,0,0	66	0
175283	370	638	360	159	167	29	17	5	1593	25	100	644	261	3	39	3738	526	1214	0,0,0,0,0,0	16645	0	235	4416	32	0	4380,4295,4295,3992,3992,3992,3992	2	15	4049,0,0,0,0,0,0	66	0
175141	369	684	360	170	172	33	20	5	1666	25	101	636	289	6	55	3981	573	1235	0,0,0,0,0,0	16637	0	228	4643	36	0	4592,4501,4501,4172,4172,4172,4172	2	21	4276,0,0,0,0,0,0	69	0
175014	353	709	393	182	169	36	20	5	1735	26	104	642	260	2	57	4392	601	1261	0,0,0,0,0,0	17228	0	220	4862	38	0	4800,4700,4700,4342,4342,4342,4342	2	17	4495,0,0,0,0,0,0	76	0
174911	318	740	437	176	184	39	20	5	1780	29	107	633	246	1	48	4457	615	1299	0,0,0,0,0,0	28737	0	209	5069	40	0	4993,4884,4884,4494,4494,4494,4494	2	18	4702,0,0,0,0,0,0	89	0
174765	341	727	448	187	181	41	23	4	1893	29	107	670	256	3	60	4402	638	1310	0,0,0,0,0,0	28867	0	239	5308	41	0	5220,5103,5103,4682,4682,4682,4682	2	18	4941,0,0,0,0,0,0	87	0
174575	382	748	454	190	190	42	23	4	1996	31	111	651	257	3	52	4662	626	1403	0,0,0,0,0,0	17693	0	293	5600	43	0	5505,5378,5378,4921,4921,4921,4921	2	21	5234,0,0,0,0,0,0	92	0
174447	398	752	469	194	213	47	23	4	2048	32	119	619	253	3	67	4490	665	1431	0,0,0,0,0,0	17447	0	254	5853	45	0	5751,5611,5611,5110,5110,5110,5110	2	27	5488,0,0,0,0,0,0	92	0
174309	412	785	468	193	218	53	26	6	2125	32	119	615	312	1	72	4421	668	1487	0,0,0,0,0,0	17259	0	260	6112	47	0	5998,5847,5847,5305,5305,5305,5305	3	27	5748,0,0,0,0,0,0	99	0
174152	441	796	499	206	229	51	24	6	2186	35	121	613	282	5	76	4893	719	1527	0,0,0,0,0,0	17396	0	292	6403	49	0	6277,6113,6113,5525,5525,5525,5525	3	27	6039,0,0,0,0,0,0	110	0
174008	445	807	498	220	218	56	28	5	2296	35	130	594	245	3	73	4981	706	1566	0,0,0,0,0,0	17769	0	266	6671	49	0	6541,6365,6365,5731,5731,5731,5731	3	22	6307,0,0,0,0,0,0	105	0
173898	409	805	533	228	230	58	26	5	2385	37	132	587	256	4	63	5040	733	1556	0,0,0,0,0,0	29109	0	243	6914	51	0	6773,6584,6584,5904,5904,5904,5904	3	16	6550,0,0,0,0,0,0	116	0
173811	368	832	512	230	244	60	26	6	2484	39	134	575	291	4	79	5069	736	1536	0,0,0,0,0,0	29496	0	232	7146	53	0	6992,6789,6789,6058,6058,6058,6058	3	21	6782,0,0,0,0,0,0	123	0
173634	409	839	533	253	253	61	29	7	2550	39	139	562	291	4	86	5417	792	1585	0,0,0,0,0,0	18565	0	315	7461	56	0	7300,7083,7083,6303,6303,6303,6303	3	24	7097,0,0,0,0,0,0	132	0
173460	474	828	564	258	250	61	31	7	2628	41	144	553	292	8	94	5783	832	1634	0,0,0,0,0,0	18396	0	328	7787	59	0	7614,7382,7382,6549,6549,6549,6549	3	42	7424,0,0,0,0,0,0	138	0
173257	496	900	562	262	258	62	35	8	2714	41	151	552	308	3	85	6085	889	1686	0,0,0,0,0,0	18993	0	337	8124	60	0	7944,7699,7699,6816,6816,6816,6816	4	35	7761,0,0,0,0,0,0	144	0
173125	487	976	537	269	256	63	37	7	2790	43	156	516	264	7	71	5969	894	1731	0,0,0,0,0,0	18914	0	309	8433	61	0	8243,7980,7980,7033,7033,7033,7033	4	37	8070,0,0,0,0,0,0	150	0
172955	507	995	545	277	264	69	41	7	2880	46	160	529	308	2	82	6534	937	1761	0,0,0,0,0,0	19003	0	326	8757	63	0	8559,8280,8280,7277,7277,7277,7277	4	21	8394,0,0,0,0,0,0	149	0
172850	497	972	571	284	282	68	43	5	2962	47	165	509	336	8	84	6493	916	1801	0,0,0,0,0,0	30751	0	279	9033	66	0	8827,8532,8532,7465,7465,7465,7465	4	23	8672,0,0,0,0,0,0	157	0
172714	505	969	611	271	298	72	49	4	3038	47	168	504	314	9	73	6561	931	1844	0,0,0,0,0,0	30708	0	319	9351	68	0	9137,8823,8823,7689,7689,7689,7689	4	30	8990,0,0,0,0,0,0	153	0
172606	485	1008	629	274	289	74	47	6	3110	50	168	508	312	4	102	7380	986	1820	0,0,0,0,0,0	20198	0	308	9660	68	0	9431,9097,9097,7892,7892,7892,7892	4	32	9299,0,0,0,0,0,0	157	0
172467	470	1062	647	271	282	75	46	6	3197	54	169	510	272	1	93	7421	981	1872	0,0,0,0,0,0	20409	0	325	9989	68	0	9745,9392,9392,8118,8118,8118,8118	4	33	9628,0,0,0,0,0,0	155	0
172327	490	1054	650	283	305	78	47	4	3278	58	172	497	241	3	80	7568	991	1916	0,0,0,0,0,0	35443	0	326	10318	70	0	10064,9693,9693,8348,8348,8348,8348	5	40	9957,0,0,0,0,0,0	160	0
172189	528	1035	672	274	305	79	48	4	3378	60	174	487	258	5	91	7290	972	1969	0,0,0,0,0,0	35295	0	331	10652	70	0	10387,9995,9995,8579,8579,8579,8579	5	38	10291,0,0,0,0,0,0	161	0
172036	541	1056	678	284	323	79	47	6	3459	62	175	450	334	4	88	6873	949	2059	0,0,0,0,0,0	35200	0	368	11016	75	0	10737,10325,10325,8831,8831,8831,8831	5	42	10656,0,0,0,0,0,0	167	0
171966	509	1037	712	281	326	74	49	8	3544	64	176	464	335	6	86	6811	957	2031	0,0,0,0,0,0	47298	0	299	11310	80	0	11016,10581,10581,9007,9007,9007,9007	5	15	10950,0,0,0,0,0,0	162	0
171913	463	1034	662	311	317	71	53	9	3663	69	181	441	248	3	99	6871	996	1915	0,0,0,0,0,0	47656	0	271	11579	83	0	11275,10818,10818,9163,9163,9163,9163	4	27	11219,0,0,0,0,0,0	154	0
171795	458	1064	670	318	310	72	51	10	3743	73	182	428	248	4	99	6729	1018	1925	0,0,0,0,0,0	34788	0	337	11917	86	0	11598,11119,11119,9385,9385,9385,9385	4	35	11557,0,0,0,0,0,0	161	0
171706	471	1071	677	313	303	70	48	11	3815	78	183	434	261	6	80	6880	1007	1946	0,0,0,0,0,0	34858	0	315	12229	90	0	11894,11393,11393,9576,9576,9576,9576	5	37	11870,0,0,0,0,0,0	153	0
171617	486	1038	679	320	306	72	47	14	3901	81	185	428	237	3	81	7015	991	1957	0,0,0,0,0,0	35278	0	321	12546	94	0	12197,11673,11673,9772,9772,9772,9772	5	35	12188,0,0,0,0,0,0	150	0
171536	489	1000	668	328	330	72	50	15	3990	82	186	407	259	3	103	6652	987	1950	0,0,0,0,0,0	34809	0	315	12860	100	0	12496,11949,11949,9962,9962,9962,9962	5	38	12502,0,0,0,0,0,0	153	0
171491	475	980	661	337	316	77	52	14	4073	84	186	418	230	4	98	6838	1013	1885	0,0,0,0,0,0	34447	0	297	13159	102	0	12778,12206,12206,10125,10125,10125,10125	5	31	12802,0,0,0,0,0,0	147	0
171482	447	993	648	303	314	83	54	14	4132	89	187	423	263	7	87	6959	1020	1822	0,0,0,0,0,0	47589	0	275	13435	104	0	13038,12438,12438,10259,10259,10259,10259	4	22	13078,0,0,0,0,0,0	156	0
171499	435	938	641	302	329	86	55	15	4167	91	188	421	242	2	96	7106	1049	1737	0,0,0,0,0,0	47362	0	240	13671	108	0	13258,12633,12633,10361,10361,10361,10361	4	16	13314,0,0,0,0,0,0	162	0
171492	439	949	649	305	289	90	54	14	4177	97	191	409	266	6	86	7286	1008	1767	0,0,0,0,0,0	35178	0	298	13964	114	0	13535,12881,12881,10502,10502,10502,10502	4	35	13608,0,0,0,0,0,0	168	0
171481	417	917	631	316	293	87	54	13	4242	101	194	422	258	3	90	7278	985	1730	0,0,0,0,0,0	35186	0	256	14216	118	0	13771,13092,13092,10623,10623,10623,10623	5	31	13860,0,0,0,0,0,0	163	0
171432	421	918	613	298	288	85	56	10	4327	104	194	443	301	5	102	7384	978	1701	0,0,0,0,0,0	35139	0	291	14506	123	0	14043,13341,13341,10783,10783,10783,10783	5	38	14150,0,0,0,0,0,0	166	0
171441	444	895	625	289	274	88	53	9	4322	111	195	446	258	6	84	7278	972	1696	0,0,0,0,0,0	35308	0	268	14776	126	0	14295,13565,13565,10903,10903,10903,10903	5	34	14420,0,0,0,0,0,0	160	0
171459	439	852	628	289	295	90	55	12	4314	113	200	440	89	1	88	7051	982	1666	0,0,0,0,0,0	35350	0	261	15032	133	0	14537,13779,13779,11014,11014,11014,11014	5	20	14677,0,0,0,0,0,0	168	0
171490	414	849	601	279	302	86	55	10	4340	117	203	424	263	6	79	6874	979	1607	0,0,0,0,0,0	47773	0	244	15271	138	0	14760,13974,13974,11109,11109,11109,11109	5	24	14917,0,0,0,0,0,0	179	0
171541	396	831	597	279	297	84	56	9	4325	122	209	429	244	3	81	6717	978	1562	0,0,0,0,0,0	47590	0	227	15496	141	0	14972,14158,14158,11188,11188,11188,11188	5	20	15142,0,0,0,0,0,0	176	0
171541	423	823	578	267	283	81	54	9	4352	124	211	431	325	5	91	6732	990	1519	0,0,0,0,0,0	34896	0	273	15766	146	0	15223,14382,14382,11312,11312,11312,11312	5	23	15412,0,0,0,0,0,0	169	0
171601	418	824	599	264	249	74	56	10	4313	125	213	444	290	2	90	6852	983	1501	0,0,0,0,0,0	34583	0	250	16015	147	0	15450,14578,14578,11393,11393,11393,11393	4	22	15661,0,0,0,0,0,0	167	0
171628	394	826	612	251	250	77	57	11	4297	127	216	429	251	2	79	6923	978	1489	0,0,0,0,0,0	34834	0	233	16249	149	0	15667,14768,14768,11484,11484,11484,11484	4	20	15896,0,0,0,0,0,0	171	0
171663	377	809	583	259	252	77	56	12	4311	130	217	425	230	3	67	7017	953	1460	0,0,0,0,0,0	34870	0	235	16484	151	0	15883,14957,14957,11572,11572,11572,11572	4	19	16132,0,0,0,0,0,0	171	0
171697	361	810	558	259	260	82	51	13	4301	133	221	430	264	3	85	7316	950	1431	0,0,0,0,0,0	34873	0	225	16714	152	0	16097,15145,15145,11660,11660,11660,11660	4	20	16362,0,0,0,0,0,0	173	0
171790	354	794	530	243	245	88	49	12	4279	138	224	419	313	5	68	7081	908	1395	0,0,0,0,0,0	47778	0	212	16926	154	0	16291,15307,15307,11708,11708,11708,11708	4	19	16574,0,0,0,0,0,0	176	0
171871	339	742	533	234	256	84	48	12	4262	141	224	429	220	3	66	6706	874	1362	0,0,0,0,0,0	47572	0	208	17130	159	0	16474,15462,15462,11756,11756,11756,11756	4	27	16778,0,0,0,0,0,0	162	0
171944	303	725	517	234	257	76	49	14	4257	143	227	426	313	5	94	7074	853	1308	0,0,0,0,0,0	35039	0	194	17324	159	0	16649,15610,15610,11804,11804,11804,11804	4	30	16972,0,0,0,0,0,0	159	0
172005	315	677	533	223	248	79	45	15	4230	148	228	427	310	2	78	6936	839	1281	0,0,0,0,0,0	34783	0	209	17532	160	0	16835,15770,15770,11862,11862,11862,11862	4	20	17180,0,0,0,0,0,0	147	0
172062	319	656	524	218	246	78	40	16	4206	152	229	434	262	3	66	6753	826	1255	0,0,0,0,0,0	34968	0	203	17734	163	0	17017,15926,15926,11920,11920,11920,11920	4	23	17382,0,0,0,0,0,0	143	0
172119	333	661	523	211	235	77	38	17	4143	156	233	441	234	3	67	6615	824	1254	0,0,0,0,0,0	34845	0	222	17955	165	0	17221,16101,16101,11989,11989,11989,11989	4	28	17603,0,0,0,0,0,0	141	0
172164	332	666	518	208	227	81	37	15	4104	159	235	449	101	0	49	6104	787	1282	0,0,0,0,0,0	34248	0	228	18181	168	0	17427,16280,16280,12065,12065,12065,12065	4	19	17829,0,0,0,0,0,0	138	0
172237	319	658	499	208	200	82	36	10	4096	163	238	424	243	1	55	5735	735	1267	0,0,0,0,0,0	46891	0	180	18357	172	0	17587,16415,16415,12105,12105,12105,12105	4	28	18006,0,0,0,0,0,0	144	0
172361	288	628	478	203	199	92	35	11	4045	164	242	432	244	1	47	5242	696	1227	0,0,0,0,0,0	46611	0	147	18503	175	0	17717,16517,16517,12104,12104,12104,12104	3	12	18153,0,0,0,0,0,0	142	0
172448	278	623	455	204	184	86	32	12	4011	167	246	433	251	3	76	4854	684	1178	0,0,0,0,0,0	33198	0	179	18677	180	0	17874,16648,16648,12134,12134,12134,12134	4	23	18328,0,0,0,0,0,0	146	0
172508	298	582	464	200	171	90	34	12	3969	170	248	464	282	1	54	4619	652	1187	0,0,0,0,0,0	32810	0	190	18866	182	0	18041,16790,16790,12181,12181,12181,12181	4	19	18518,0,0,0,0,0,0	141	0
172621	284	608	445	178	154	82	40	12	3899	173	250	453	240	2	58	4388	634	1157	0,0,0,0,0,0	32678	0	169	19036	184	0	18191,16911,16911,12194,12194,12194,12194	3	26	18688,0,0,0,0,0,0	143	0
172695	275	627	438	179	154	84	39	8	3818	174	255	439	254	5	55	4283	605	1191	0,0,0,0,0,0	32429	0	200	19235	186	0	18372,17064,17064,12242,12242,12242,12242	3	26	18887,0,0,0,0,0,0	153	0
172773	286	615	425	177	149	76	36	9	3767	176	257	433	229	7	53	4441	578	1186	0,0,0,0,0,0	32314	0	181	19416	187	0	18533,17200,17200,12277,12277,12277,12277	3	29	19068,0,0,0,0,0,0	148	0
172872	283	587	424	178	151	72	39	9	3693	177	261	419	249	1	48	4391	593	1141	0,0,0,0,0,0	45759	0	163	19579	188	0	18679,17319,17319,12296,12296,12296,12296	3	9	19231,0,0,0,0,0,0	137	0
172965	257	588	402	175	157	73	39	11	3639	177	263	427	268	3	54	4099	561	1130	0,0,0,0,0,0	45287	0	157	19732	192	0	18814,17429,17429,12312,12312,12312,12312	3	9	19384,0,0,0,0,0,0	140	0
173046	262	558	399	155	163	74	34	10	3600	181	264	418	245	1	51	4582	535	1110	0,0,0,0,0,0	32591	0	172	19902	196	0	18964,17554,17554,12339,12339,12339,12339	3	19	19554,0,0,0,0,0,0	131	0
173124	258	561	386	167	170	61	33	10	3526	184	266	409	292	1	51	4616	537	1099	0,0,0,0,0,0	32464	0	171	20068	202	0	19108,17674,17674,12365,12365,12365,12365	3	15	19721,0,0,0,0,0,0	114	0
173185	254	533	414	159	170	61	33	9	3475	187	266	432	266	4	44	4616	531	1093	0,0,0,0,0,0	32516	0	170	20236	205	0	19257,17799,17799,12401,12401,12401,12401	3	21	19891,0,0,0,0,0,0	112	0
173298	240	515	410	161	171	61	32	13	3387	188	270	441	251	4	46	4427	516	1074	0,0,0,0,0,0	45301	0	138	20370	209	0	19373,17890,17890,12395,12395,12395,12395	3	9	20025,0,0,0,0,0,0	108	0
173422	222	487	402	166	173	58	31	12	3309	190	274	436	254	4	53	4408	532	1007	0,0,0,0,0,0	45897	0	115	20483	212	0	19468,17961,17961,12373,12373,12373,12373	3	13	20138,0,0,0,0,0,0	108	0
173528	204	452	391	159	179	59	32	12	3262	192	276	424	240	2	47	4162	534	942	0,0,0,0,0,0	45781	0	123	20604	215	0	19571,18041,18041,12364,12364,12364,12364	2	7	20259,0,0,0,0,0,0	110	0
173639	204	428	384	160	184	58	33	11	3174	194	277	425	259	1	56	4065	553	898	0,0,0,0,0,0	45304	27	132	20735	219	0	19682,18128,18128,12358,12358,12358,12358	2	13	20390,0,0,0,0,0,0	103	24
173730	213	430	360	143	164	55	32	9	3137	195	278	468	240	1	55	3711	539	858	0,0,0,0,0,0	32096	26	145	20875	224	0	19802,18225,18225,12364,12364,12364,12364	2	17	20530,0,0,0,0,0,0	105	47
173826	211	431	347	152	153	49	28	11	3061	197	280	475	251	4	43	3673	532	839	0,0,0,0,0,0	31665	22	132	21003	229	0	19908,18309,18309,12361,12361,12361,12361	2	16	20658,0,0,0,0,0,0	93	67
173898	209	434	341	144	142	49	27	11	3012	198	281	484	254	2	31	3367	509	837	0,0,0,0,0,0	31574	14	138	21137	233	0	20023,18402,18402,12373,12373,12373,12373	2	13	20792,0,0,0,0,0,0	90	81
174022	190	419	337	140	148	44	25	10	2927	201	283	471	245	3	28	3204	478	825	0,0,0,0,0,0	31164	28	108	21245	233	0	20111,18468,18468,12347,12347,12347,12347	2	6	20900,0,0,0,0,0,0	80	108
174087	179	435	317	138	137	43	20	10	2889	205	286	474	246	2	55	3075	473	796	0,0,0,0,0,0	31106	37	125	21369	234	0	20219,18556,18556,12359,12359,12359,12359	2	8	21024,0,0,0,0,0,0	70	137
174169	181	404	314	136	135	44	20	8	2839	206	290	494	274	2	39	3060	476	758	0,0,0,0,0,0	38478	33	105	21473	235	0	20309,18628,18628,12355,12355,12355,12355	2	10	21128,0,0,0,0,0,0	73	168
174281	172	394	313	141	119	49	16	8	2751	210	292	473	247	3	32	2951	448	756	0,0,0,0,0,0	37920	131	107	21577	238	0	20405,18701,18701,12339,12339,12339,12339	2	9	21232,0,0,0,0,0,0	73	281
174334	176	418	309	132	118	50	17	6	2683	211	292	478	323	3	41	3109	463	757	0,0,0,0,0,0	26105	129	143	21716	242	0	20535,18812,18812,12368,12368,12368,12368	2	15	21373,0,0,0,0,0,0	81	391
174402	178	426	295	118	117	49	20	6	2631	211	293	472	227	0	39	2997	449	754	0,0,0,0,0,0	26160	132	130	21846	243	0	20651,18908,18908,12382,12382,12382,12382	2	22	21503,0,0,0,0,0,0	75	500
174443	182	413	318	114	124	53	19	7	2566	212	295	473	269	6	35	2762	427	796	0,0,0,0,0,0	26220	131	128	21972	247	0	20767,19007,19007,12409,12409,12409,12409	2	16	21630,0,0,0,0,0,0	76	605
174482	198	397	312	104	122	52	18	7	2543	214	297	493	91	2	35	2917	418	785	0,0,0,0,0,0	26052	166	128	22099	249	0	20888,19111,19111,12439,12439,12439,12439	2	24	21757,0,0,0,0,0,0	80	738
174534	198	394	312	108	131	52	17	6	2477	215	302	473	259	0	30	3246	424	788	0,0,0,0,0,0	26114	130	123	22220	252	0	21006,19211,19211,12462,12462,12462,12462	2	10	21878,0,0,0,0,0,0	77	841
174602	175	389	300	111	127	51	20	6	2446	215	304	472	245	1	38	3130	413	760	0,0,0,0,0,0	38000	148	98	22318	252	0	21101,19289,19289,12467,12467,12467,12467	2	10	21976,0,0,0,0,0,0	76	969
174683	159	391	304	112	113	50	19	5	2388	216	306	471	93	0	33	3204	421	727	0,0,0,0,0,0	37966	174	99	22415	254	0	21224,19394,19394,12478,12478,12478,12478	2	9	22073,0,0,0,0,0,0	73	1106
174705	181	406	288	109	114	50	16	7	2342	218	310	472	77	0	26	3219	382	782	0,0,0,0,0,0	26255	142	145	22560	255	0	21396,19549,19549,12543,12543,12543,12543	2	12	22218,0,0,0,0,0,0	74	1229
174746	211	379	275	111	115	45	17	6	2310	219	312	489	265	1	38	3394	367	786	0,0,0,0,0,0	26341	155	133	22689	259	0	21548,19685,19685,12587,12587,12587,12587	2	15	22348,0,0,0,0,0,0	79	1356
174772	203	392	270	117	114	43	16	7	2278	220	314	475	218	2	54	3576	392	763	0,0,0,0,0,0	26450	159	126	22812	262	0	21696,19817,19817,12637,12637,12637,12637	2	10	22471,0,0,0,0,0,0	76	1488
174816	208	385	277	119	111	45	14	7	2226	222	316	475	249	3	37	3692	401	758	0,0,0,0,0,0	26697	150	130	22940	265	0	21857,19960,19960,12683,12683,12683,12683	2	19	22599,0,0,0,0,0,0	74	1607
174890	203	382	270	105	114	41	15	6	2177	224	319	474	280	2	40	3846	388	742	0,0,0,0,0,0	27021	163	110	23047	268	0	21985,20070,20070,12700,12700,12700,12700	2	13	22706,0,0,0,0,0,0	72	1744
174926	179	393	257	111	118	40	18	6	2152	225	321	468	269	0	31	3832	384	732	0,0,0,0,0,0	38678	142	104	23150	269	0	22122,20193,20193,12740,12740,12740,12740	2	8	22809,0,0,0,0,0,0	78	1862
174961	176	398	246	114	104	39	16	6	2136	228	322	494	98	0	34	3507	385	708	0,0,0,0,0,0	38780	71	104	23249	274	0	22258,20316,20316,12780,12780,12780,12780	2	11	22908,0,0,0,0,0,0	75	1917
174974	180	399	249	109	106	36	16	5	2117	229	326	476	252	6	27	3444	374	721	0,0,0,0,0,0	26653	70	128	23376	276	0	22417,20460,20460,12840,12840,12840,12840	2	12	23035,0,0,0,0,0,0	70	1976
175003	190	384	258	106	113	33	18	5	2076	229	331	476	222	2	26	3380	364	738	0,0,0,0,0,0	26687	57	122	23500	276	0	22571,20599,20599,12889,12889,12889,12889	1	8	23159,0,0,0,0,0,0	56	2022
175032	188	378	251	114	112	31	16	3	2056	232	333	473	156	1	45	3616	360	730	0,0,0,0,0,0	26735	59	115	23612	279	0	22716,20730,20730,12935,12935,12935,12935	1	9	23271,0,0,0,0,0,0	59	2071
175039	180	382	258	118	103	28	18	3	2049	232	336	471	265	0	43	3858	398	689	0,0,0,0,0,0	27044	62	104	23717	279	0	22853,20855,20855,12986,12986,12986,12986	1	13	23376,0,0,0,0,0,0	54	2121
175075	169	389	244	114	97	29	19	3	2036	233	338	489	273	3	26	3559	364	697	0,0,0,0,0,0	26545	64	100	23818	279	0	22989,20977,20977,13023,13023,13023,13023	1	10	23477,0,0,0,0,0,0	53	2170
175123	155	364	256	118	101	29	19	3	2001	233	344	486	317	2	32	3103	371	671	0,0,0,0,0,0	38560	77	91	23907	281	0	23109,21083,21083,13048,13048,13048,13048	1	9	23566,0,0,0,0,0,0	56	2225
175185	149	349	250	123	99	24	19	3	1963	233	349	497	247	2	30	2948	354	659	0,0,0,0,0,0	38125	172	92	23998	282	0	23214,21173,21173,13057,13057,13057,13057	1	7	23657,0,0,0,0,0,0	55	2369
175231	153	324	259	117	108	26	20	3	1919	233	353	498	255	2	39	2870	354	653	0,0,0,0,0,0	25935	168	104	24101	283	0	23332,21276,21276,13079,13079,13079,13079	1	11	23760,0,0,0,0,0,0	53	2506
175241	163	331	246	107	107	28	18	2	1908	236	359	496	88	0	33	3014	368	632	0,0,0,0,0,0	26174	204	113	24211	286	0	23453,21384,21384,13119,13119,13119,13119	1	8	23871,0,0,0,0,0,0	53	2674
175275	165	326	238	106	107	30	21	2	1875	237	364	501	76	3	33	2966	374	619	0,0,0,0,0,0	26293	212	102	24306	293	0	23558,21476,21476,13140,13140,13140,13140	1	6	23966,0,0,0,0,0,0	54	2854
175312	138	349	226	106	102	30	20	2	1857	239	365	524	272	2	36	3053	371	600	0,0,0,0,0,0	26119	181	95	24400	294	0	23663,21567,21567,13159,13159,13159,13159	1	10	24060,0,0,0,0,0,0	57	2999
175313	140	359	226	104	118	26	20	3	1828	240	369	518	75	0	25	3013	360	633	0,0,0,0,0,0	26177	201	122	24521	295	0	23798,21691,21691,13213,13213,13213,13213	1	12	24181,0,0,0,0,0,0	59	3162
175355	151	342	245	86	115	26	21	2	1791	240	372	505	250	0	27	2547	327	659	0,0,0,0,0,0	37594	172	96	24616	296	0	23912,21790,21790,13235,13235,13235,13235	1	6	24276,0,0,0,0,0,0	56	3309
175365	138	351	242	93	107	27	19	3	1780	244	377	507	277	3	30	2433	315	662	0,0,0,0,0,0	37366	157	96	24710	300	0	24089,21958,21958,13306,13306,13306,13306	1	7	24370,0,0,0,0,0,0	54	3440
175388	148	334	244	93	112	22	19	3	1760	244	379	517	264	1	36	2466	325	647	0,0,0,0,0,0	25641	169	106	24813	304	0	24266,22122,22122,13369,13369,13369,13369	1	9	24473,0,0,0,0,0,0	53	3583
175375	176	317	250	104	115	23	17	5	1737	246	381	507	237	1	34	2522	328	674	3,0,0,0,0,0	25577	144	101	24944	308	0	24481,22326,22326,13468,13468,13468,13468	1	13	24571,34,0,0,0,0,0	45	3694
175344	197	330	264	107	106	24	18	4	1723	246	383	495	250	0	39	2528	360	686	7,0,0,0,0,0	25486	168	100	25079	309	0	24705,22541,22541,13582,13582,13582,13582	1	12	24661,79,0,0,0,0,0	53	3819
175294	212	361	255	101	101	24	17	5	1742	248	386	514	253	1	30	2115	352	719	12,0,0,0,0,0	25592	176	113	25221	316	0	24933,22761,22761,13708,13708,13708,13708	1	10	24748,134,0,0,0,0,0	47	3953
175264	231	382	261	120	95	23	16	5	1713	249	387	488	247	1	36	2140	367	761	18,0,0,0,0,0	25362	155	107	25372	319	0	25166,22984,22984,13827,13827,13827,13827	1	11	24824,212,0,0,0,0,0	55	4070
175183	249	433	271	110	99	23	14	3	1717	251	393	489	281	5	34	2175	378	821	24,0,0,0,0,0	37248	170	137	25550	325	0	25434,23242,23242,13988,13988,13988,13988	1	5	24917,301,0,0,0,0,0	54	4197
175111	276	458	268	109	100	27	13	4	1734	252	394	517	250	1	32	2011	373	878	30,0,0,0,0,0	37062	107	148	25732	328	0	25699,23498,23498,14144,14144,14144,14144	1	9	24997,406,0,0,0,0,0	59	4274
175058	268	496	287	107	104	27	14	4	1729	253	399	530	220	2	29	2433	371	932	35,0,0,0,0,0	25539	130	167	25899	329	0	25950,23739,23738,14279,14279,14279,14279	1	12	25079,492,0,0,0,0,0	54	4377
174954	290	543	306	115	120	29	13	5	1717	253	401	531	272	3	41	2466	392	1024	38,0,0,0,0,0	25547	121	221	26117	333	0	26236,24015,24014,14458,14458,14458,14458	1	17	25193,599,0,0,0,0,0	61	4464
174858	309	577	313	132	137	29	12	3	1719	254	403	542	270	0	51	2679	418	1091	42,0,0,0,0,0	25894	130	201	26316	336	0	26513,24283,24282,14628,14628,14628,14628	1	25	25280,712,0,0,0,0,0	50	4557
174742	324	609	338	137	137	31	14	1	1749	254	410	529	302	4	41	2916	414	1176	45,0,0,0,0,0	25942	124	224	26534	344	0	26810,24571,24570,14820,14820,14820,14820	1	19	25376,839,0,0,0,0,0	53	4650
174618	336	654	357	145	150	31	13	1	1771	256	414	563	292	4	60	2955	489	1197	48,0,0,0,0,0	25951	148	222	26755	348	0	27107,24861,24859,15015,15015,15015,15015	2	16	25469,971,0,0,0,0,0	54	4751
174556	317	647	369	168	156	34	16	1	1808	258	416	566	81	2	42	2971	500	1207	51,0,0,0,0,0	38261	124	187	26937	353	0	27359,25103,25101,15158,15158,15158,15158	2	12	25525,1100,0,0,0,0,0	58	4845
174467	307	666	391	180	161	38	21	1	1837	258	419	543	234	0	54	3157	525	1239	53,0,0,0,0,0	38023	304	203	27134	359	0	27584,25320,25317,15299,15299,15299,15299	2	13	25588,1240,0,0,0,0,0	68	5071
174305	349	697	413	192	179	36	21	1	1872	260	421	524	254	0	56	3630	567	1320	56,0,0,0,0,0	26601	271	278	27404	371	0	27892,25619,25615,15515,15515,15515,15515	2	18	25679,1430,0,0,0,0,0	70	5273
174226	353	719	430	176	189	36	23	1	1908	261	424	514	88	2	57	4003	585	1341	59,0,0,0,0,0	26867	301	224	27622	378	0	28138,25855,25850,15660,15660,15660,15660	2	11	25740,1593,0,0,0,0,0	67	5493
174075	363	743	446	177	212	37	25	1	1979	262	426	527	285	4	54	3762	597	1406	62,0,0,0,0,0	27020	281	265	27875	390	0	28422,26132,26125,15859,15859,15859,15859	2	20	25807,1787,0,0,0,0,0	71	5694
173869	431	769	442	196	225	46	24	1	2047	263	433	554	258	0	60	4138	637	1496	64,0,0,0,0,0	26981	305	319	28177	409	0	28760,26465,26456,16114,16114,16114,16114	2	21	25889,2020,0,0,0,0,0	76	5912
173685	469	812	481	201	228	51	26	2	2092	263	436	546	256	3	78	4801	692	1576	67,0,0,0,0,0	27480	277	315	28479	422	0	29095,26796,26783,16357,16357,16357,16357	2	15	25950,2270,0,0,0,0,0	84	6106
173551	446	846	485	207	238	54	25	2	2189	264	439	510	269	3	66	4680	702	1599	68,0,0,0,0,0	39780	278	265	28736	431	0	29388,27084,27067,16556,16556,16556,16556	2	12	26013,2469,0,0,0,0,0	89	6303
173422	445	831	523	221	237	53	29	2	2275	265	443	493	240	2	61	4514	709	1630	70,0,0,0,0,0	39266	612	264	28994	439	0	29763,27455,27435,16793,16793,16793,16793	2	14	26075,2671,0,0,0,0,0	92	6715
173244	466	886	512	230	226	59	31	3	2373	267	449	468	294	4	79	4957	753	1657	72,0,0,0,0,0	27941	622	319	29303	450	0	30175,27864,27839,17072,17072,17072,17072	2	17	26126,2938,0,0,0,0,0	87	7063
173065	494	909	539	240	243	65	32	3	2435	268	453	470	226	3	65	5039	807	1715	74,0,0,0,0,0	27957	610	326	29621	460	0	30606,28293,28263,17363,17363,17363,17363	2	9	26186,3204,0,0,0,0,0	102	7604
172843	533	977	553	248	270	61	33	3	2501	269	455	466	258	2	85	5310	861	1814	75,0,0,0,0,0	28200	606	382	29999	465	0	31097,28781,28745,17705,17705,17705,17705	2	16	26265,3507,0,0,0,0,0	103	8141
172601	587	1010	603	264	267	63	33	3	2586	270	459	492	259	3	79	5548	901	1926	77,0,0,0,0,0	28355	596	400	30382	483	0	31585,29270,29227,18057,18057,18057,18057	2	25	26322,3850,0,0,0,0,0	117	8652
172335	640	1092	610	262	277	68	37	4	2688	271	462	505	269	6	84	5917	927	2059	79,0,0,0,0,0	28790	606	432	30794	504	0	32095,29779,29730,18433,18433,18433,18433	2	24	26386,4217,0,0,0,0,0	125	9187
172125	628	1137	646	270	269	74	36	5	2817	274	465	484	326	5	82	5836	942	2118	80,0,0,0,0,0	40374	611	361	31147	516	0	32541,30226,30170,18748,18748,18748,18748	2	19	26430,4538,0,0,0,0,0	135	9714
171965	625	1142	669	297	286	73	31	7	2903	277	471	481	238	2	88	5667	942	2181	81,0,0,0,0,0	40342	837	344	31486	528	0	33048,30733,30668,19068,19068,19068,19068	2	11	26470,4844,0,0,0,0,0	144	10453
171658	686	1246	700	289	295	74	32	7	3001	280	478	496	279	10	109	6324	1052	2270	83,0,0,0,0,0	28995	822	503	31958	560	0	33667,31357,31281,19515,19515,19515,19515	2	21	26523,5291,0,0,0,0,0	133	11152
171303	770	1300	752	310	325	79	37	8	3099	281	482	522	320	6	86	6775	1105	2468	84,0,0,0,0,0	29446	765	521	32459	584	0	34374,32064,31982,20028,20028,20028,20028	2	25	26574,5762,0,0,0,0,0	143	11803
170958	776	1440	786	350	343	77	43	7	3195	284	487	498	238	1	112	7070	1173	2642	85,0,0,0,0,0	30025	785	535	32971	610	0	35101,32797,32704,20551,20551,20551,20551	2	18	26627,6243,0,0,0,0,0	154	12485
170576	800	1525	825	370	379	82	44	6	3357	291	491	475	269	5	131	7497	1213	2812	87,0,0,0,0,0	30253	779	559	33511	631	0	35842,33543,33440,21100,21100,21100,21100	2	30	26674,6752,0,0,0,0,0	154	13151
170151	832	1662	871	386	397	84	49	6	3521	292	495	467	305	7	129	8074	1307	2974	87,0,0,0,0,0	30625	811	609	34093	662	0	36630,34336,34223,21695,21695,21695,21695	2	30	26728,7307,0,0,0,0,0	164	13837
169809	869	1656	915	408	432	87	55	5	3717	295	498	483	323	7	125	7713	1311	3111	88,0,0,0,0,0	41958	787	550	34626	681	0	37363,35076,34951,22222,22222,22222,22222	2	29	26761,7820,0,0,0,0,0	174	14493
169525	886	1643	990	439	451	98	59	5	3853	298	499	453	296	5	120	7681	1339	3227	89,0,0,0,0,0	42021	874	527	35132	704	0	38120,35845,35703,22732,22732,22732,22732	2	30	26802,8304,0,0,0,0,0	189	15219
169103	925	1766	1004	430	470	104	60	4	4078	301	501	407	264	7	177	8269	1441	3318	89,0,0,0,0,0	47235	891	651	35760	731	0	38997,36734,36576,23367,23367,23367,23367	2	24	26851,8903,0,0,0,0,0	198	15955
168778	926	1795	1051	470	483	106	67	3	4258	307	502	430	288	6	146	8644	1532	3366	90,0,0,0,0,0	47267	850	571	36303	761	0	39766,37515,37341,23900,23900,23900,23900	2	29	26897,9425,0,0,0,0,0	196	16650
168495	903	1838	1110	472	503	109	67	6	4429	311	503	432	233	7	177	8842	1616	3386	91,0,0,0,0,0	47377	904	568	36833	803	0	40528,38291,38098,24410,24410,24410,24410	3	29	26928,9956,0,0,0,0,0	210	17393
168192	888	1850	1138	512	520	106	68	7	4647	313	505	443	253	5	157	9113	1658	3424	91,0,0,0,0,0	47982	942	572	37377	833	0	41301,39077,38866,24934,24934,24934,24934	3	41	26959,10494,0,0,0,0,0	207	18170
167879	901	1866	1141	508	562	119	72	11	4868	314	505	417	251	4	161	9616	1703	3466	91,0,0,0,0,0	47998	918	623	37976	858	0	42129,39926,39691,25496,25496,25496,25496	3	23	26999,11075,0,0,0,0,0	207	18924
167702	872	1768	1171	542	584	126	79	12	5069	315	506	401	343	7	164	9796	1689	3453	92,0,0,0,0,0	72132	855	468	38425	879	0	42806,40618,40362,25912,25912,25912,25912	3	21	27022,11518,0,0,0,0,0	237	19621
167585	832	1730	1149	560	576	127	83	15	5261	320	508	399	309	7	183	9909	1785	3272	92,0,0,0,0,0	72115	635	450	38851	905	0	43525,41358,41077,26323,26323,26323,26323	3	15	27050,11935,0,0,0,0,0	256	20117
167324	818	1732	1155	581	557	134	80	14	5512	330	509	414	336	7	200	10851	1865	3192	93,0,0,0,0,0	49104	695	558	39386	930	0	44337,42192,41888,26851,26851,26851,26851	3	33	27078,12462,0,0,0,0,0	262	20659
167117	828	1699	1146	543	545	141	89	13	5782	334	509	400	259	14	187	11350	1863	3128	93,0,0,0,0,0	49405	662	524	39878	962	0	45096,42976,42647,27326,27326,27326,27326	3	40	27101,12959,0,0,0,0,0	271	21180
166935	803	1683	1129	545	538	145	89	13	6012	343	511	392	245	10	156	11416	1819	3113	93,0,0,0,0,0	49861	638	515	40365	992	0	45863,43768,43412,27793,27793,27793,27793	3	31	27122,13448,0,0,0,0,0	286	21685
166741	837	1659	1128	552	562	149	91	14	6154	347	512	378	330	5	181	11527	1780	3198	94,0,0,0,0,0	49540	599	566	40904	1020	0	46689,44623,44237,28300,28300,28300,28300	3	37	27144,13988,0,0,0,0,0	286	22130
166658	800	1654	1123	541	562	153	89	18	6282	353	513	377	314	9	183	11910	1804	3118	94,0,0,0,0,0	49913	643	481	41355	1051	0	47413,45376,44959,28701,28701,28701,28701	3	27	27160,14446,0,0,0,0,0	283	22642
166677	703	1603	1118	526	540	152	93	16	6445	356	517	368	220	4	152	11640	1733	3002	94,0,0,0,0,0	73420	654	368	41699	1077	0	48012,46004,45555,28989,28989,28989,28989	3	18	27169,14794,0,0,0,0,0	281	23161
166661	630	1595	1046	520	524	158	93	19	6622	360	518	339	237	5	126	11185	1619	2947	95,0,0,0,0,0	73403	933	388	42069	1097	0	48631,46654,46177,29318,29318,29318,29318	3	23	27182,15161,0,0,0,0,0	288	23916
166575	653	1554	1064	504	525	161	91	16	6712	371	520	349	314	9	169	10773	1642	2910	95,0,0,0,0,0	49512	898	478	42516	1128	0	49344,47406,46897,29745,29745,29745,29745	3	24	27197,15618,0,0,0,0,0	291	24675
166495	707	1492	1038	518	516	164	92	17	6806	378	523	375	316	8	155	10488	1590	2937	96,0,0,0,0,0	49570	918	493	42991	1149	0	50120,48213,47670,30155,30155,30155,30155	3	22	27212,16094,0,0,0,0,0	283	25377
166424	715	1494	1010	522	511	178	90	17	6877	383	525	346	298	12	175	9963	1603	2917	96,0,0,0,0,0	49244	876	480	43446	1176	0	50877,49001,48424,30550,30550,30550,30550	3	24	27222,16559,0,0,0,0,0	298	26080
166373	752	1462	994	504	502	179	90	16	6958	389	527	341	269	10	152	9638	1531	2952	96,0,0,0,0,0	48530	886	494	43911	1207	0	51613,49773,49160,30927,30927,30927,30927	3	26	27236,17036,0,0,0,0,0	302	26788
166325	764	1432	1019	508	484	176	93	19	6998	395	533	328	319	10	180	9452	1583	2893	96,0,0,0,0,0	48182	923	466	44354	1231	0	52356,50548,49900,31303,31303,31303,31303	3	35	27246,17482,0,0,0,0,0	294	27500
166398	700	1471	959	490	475	177	92	19	7032	398	535	344	307	13	121	9363	1527	2837	96,0,0,0,0,0	72130	869	392	44730	1254	0	53025,51253,50566,31588,31588,31588,31588	3	12	27258,17859,0,0,0,0,0	311	28174
166506	611	1410	976	477	460	168	102	18	7076	403	539	360	305	8	141	8740	1479	2725	97,0,0,0,0,0	71900	1066	328	45042	1272	0	53788,52053,51328,31896,31896,31896,31896	2	22	27266,18174,0,0,0,0,0	301	29022
166543	591	1429	928	478	467	162	104	20	7075	407	542	345	259	9	171	8650	1479	2680	97,0,0,0,0,0	47818	1046	409	45427	1298	0	54608,52909,52148,32270,32270,32270,32270	2	24	27274,18568,0,0,0,0,0	300	29853
166550	621	1384	921	459	489	152	96	19	7093	420	542	341	314	8	150	8790	1493	2629	97,0,0,0,0,0	47463	1098	422	45829	1318	0	55419,53754,52957,32646,32646,32646,32646	2	29	27286,18971,0,0,0,0,0	280	30703
166579	633	1329	966	464	467	146	94	15	7083	424	546	382	309	6	130	8984	1455	2644	97,0,0,0,0,0	47784	1054	436	46235	1350	0	56238,54613,53776,33018,33018,33018,33018	2	16	27298,19388,0,0,0,0,0	267	31530
166592	642	1339	918	457	459	137	94	17	7108	432	551	367	336	13	119	8762	1391	2655	97,0,0,0,0,0	47903	1057	426	46642	1372	0	57058,55468,54594,33396,33396,33396,33396	2	25	27309,19799,0,0,0,0,0	259	32362
166626	608	1374	924	465	420	133	91	17	7096	439	553	382	225	11	153	8430	1379	2636	97,0,0,0,0,0	47331	1042	408	47034	1389	0	57860,56308,55395,33759,33759,33759,33759	3	30	27317,20196,0,0,0,0,0	260	33128
166725	565	1312	956	468	394	127	82	22	7092	447	556	381	264	7	101	8076	1284	2620	97,0,0,0,0,0	71001	1042	336	47342	1419	0	58573,57059,56109,34044,34044,34044,34044	2	19	27317,20524,0,0,0,0,0	250	33893
166865	521	1236	942	448	399	123	71	18	7105	458	560	388	216	7	107	7923	1194	2546	97,0,0,0,0,0	71080	1353	306	47634	1436	0	59355,57881,56892,34342,34342,34342,34342	2	10	27321,20825,0,0,0,0,0	224	34946
166906	557	1210	936	424	400	122	73	18	7074	461	565	392	251	7	151	7453	1202	2520	98,0,0,0,0,0	47143	1388	414	48022	1464	0	60221,58784,57758,34727,34727,34727,34727	2	28	27323,21232,0,0,0,0,0	221	35991
167002	566	1170	910	426	388	119	71	23	7039	463	569	377	227	5	135	7298	1221	2429	98,0,0,0,0,0	46841	1390	352	48349	1492	0	61023,59625,58561,35052,35052,35052,35052	2	18	27328,21577,0,0,0,0,0	220	37044
167069	587	1158	880	397	373	112	69	23	7037	471	570	383	286	6	118	6988	1141	2435	98,0,0,0,0,0	46336	1376	362	48699	1506	0	61846,60485,59385,35399,35399,35399,35399	2	16	27331,21933,0,0,0,0,0	208	38051
167153	610	1143	836	383	377	110	69	21	7000	472	572	398	317	6	132	6762	1129	2399	98,0,0,0,0,0	38076	1344	375	49049	1531	0	62692,61372,60233,35753,35753,35753,35753	2	19	27335,22298,0,0,0,0,0	211	39041
167242	590	1184	808	372	364	103	66	22	6943	479	573	395	251	9	118	7043	1121	2366	98,0,0,0,0,0	38281	1365	362	49399	1548	0	63499,62220,61041,36084,36084,36084,36084	2	27	27339,22654,0,0,0,0,0	196	40051
167422	550	1180	778	359	348	98	67	23	6858	486	577	407	293	6	100	6954	1074	2306	98,0,0,0,0,0	40898	1414	300	49683	1565	0	64220,62983,61763,36331,36331,36331,36331	2	13	27341,22944,0,0,0,0,0	187	41107
167615	493	1137	796	360	339	98	65	23	6747	492	581	399	319	7	103	7054	1029	2259	98,0,0,0,0,0	40871	1120	268	49942	1578	0	64939,63747,62485,36562,36562,36562,36562	2	10	27343,23210,0,0,0,0,0	190	41913
167727	484	1101	760	365	345	103	60	19	6695	498	589	393	283	10	123	7203	995	2223	98,0,0,0,0,0	38566	1057	321	50251	1593	0	65738,64585,63284,36865,36865,36865,36865	2	20	27346,23526,0,0,0,0,0	184	42651
167800	487	1097	749	369	335	99	60	16	6642	501	591	392	255	5	128	7317	1036	2160	98,0,0,0,0,0	38307	1081	320	50558	1609	0	66531,65414,64079,37178,37178,37178,37178	2	25	27347,23843,0,0,0,0,0	184	43409
167950	493	1040	755	362	317	96	55	13	6560	510	595	413	264	10	95	7573	1004	2114	99,0,0,0,0,0	38925	1067	288	50829	1629	0	67270,66192,64818,37428,37428,37428,37428	2	12	27349,24128,0,0,0,0,0	170	44122
168053	505	1027	742	351	320	96	46	14	6475	519	598	416	315	9	107	7162	960	2127	99,0,0,0,0,0	38546	1028	302	51119	1641	0	68001,66959,65550,37697,37697,37697,37697	2	16	27353,24422,0,0,0,0,0	166	44816
168189	493	1002	729	335	321	97	45	13	6401	521	600	414	315	9	113	6860	936	2086	99,0,0,0,0,0	38260	1107	291	51396	1656	0	68737,67733,66287,37953,37953,37953,37953	2	24	27354,24708,0,0,0,0,0	165	45521
168430	437	980	722	322	316	96	46	13	6254	526	604	418	281	1	93	6895	908	2011	99,0,0,0,0,0	40703	1133	238	51622	1671	0	69433,68471,66983,38148,38148,38148,38148	2	7	27358,24940,0,0,0,0,0	166	46285
168624	383	965	703	315	307	99	46	13	6158	528	605	427	242	3	92	7041	875	1943	99,0,0,0,0,0	41041	869	232	51845	1681	0	70112,69188,67664,38343,38343,38343,38343	1	11	27359,25168,0,0,0,0,0	168	46834
168811	374	907	703	316	308	95	47	13	6036	530	606	422	284	4	113	6783	902	1848	99,0,0,0,0,0	31677	884	246	52083	1691	0	70790,69905,68344,38534,38534,38534,38534	1	14	27360,25411,0,0,0,0,0	168	47442
168989	370	859	709	308	305	89	40	14	5918	537	608	420	260	4	98	6824	875	1805	99,0,0,0,0,0	31638	955	240	52311	1706	0	71455,70609,69013,38732,38732,38732,38732	1	19	27364,25646,0,0,0,0,0	166	48056
169175	354	817	674	300	295	89	39	14	5835	539	615	414	257	3	95	6567	849	1719	99,0,0,0,0,0	31836	922	218	52519	1717	0	72085,71278,69646,38901,38901,38901,38901	1	11	27366,25861,0,0,0,0,0	154	48672
169380	338	792	683	265	281	83	40	15	5706	543	620	428	271	4	92	6501	815	1667	99,0,0,0,0,0	31171	943	218	52718	1738	0	72688,71920,70252,39050,39050,39050,39050	1	19	27367,26073,0,0,0,0,0	149	49261
169574	336	786	643	269	248	76	42	12	5593	543	624	443	276	1	87	5929	767	1633	99,0,0,0,0,0	25587	927	225	52930	1751	0	73321,72592,70887,39222,39222,39222,39222	1	11	27368,26292,0,0,0,0,0	140	49879
169767	337	748	604	254	249	72	42	12	5485	545	631	452	254	0	64	6044	703	1603	99,0,0,0,0,0	31972	907	200	53111	1770	0	73933,73242,71503,39386,39386,39386,39386	1	12	27369,26485,0,0,0,0,0	141	50447
170026	308	717	590	227	235	73	39	12	5340	547	632	462	219	1	59	5977	642	1547	99,0,0,0,0,0	32088	1183	163	53260	1785	0	74487,73835,72061,39479,39479,39479,39479	1	11	27369,26644,0,0,0,0,0	146	51283
170212	300	676	569	197	229	75	36	13	5254	552	633	450	231	2	78	5651	630	1452	99,0,0,0,0,0	25603	1285	181	53427	1799	0	75078,74461,72657,39618,39618,39618,39618	1	12	27369,26821,0,0,0,0,0	143	52183
170409	284	654	556	172	232	70	35	15	5130	555	634	475	235	2	62	4986	585	1418	99,0,0,0,0,0	24815	1274	172	53584	1815	0	75674,75095,73259,39761,39761,39761,39761	1	5	27369,26992,0,0,0,0,0	132	53082
170620	257	632	532	175	194	69	36	13	5023	557	638	472	268	2	60	4766	547	1348	99,0,0,0,0,0	24635	1238	152	53729	1823	0	76244,75701,73834,39881,39881,39881,39881	1	5	27369,27142,0,0,0,0,0	128	53955
170809	248	599	520	185	187	68	34	10	4883	560	643	481	269	6	62	4778	517	1324	99,0,0,0,0,0	24469	1245	168	53886	1835	0	76826,76318,74421,40013,40013,40013,40013	1	6	27370,27306,0,0,0,0,0	125	54798
171032	233	568	508	171	201	65	32	10	4719	563	644	483	236	3	58	4156	504	1274	99,0,0,0,0,0	24338	1231	146	54029	1840	0	77389,76917,74989,40128,40128,40128,40128	1	5	27370,27452,0,0,0,0,0	118	55659
171236	226	512	483	173	182	64	27	13	4617	567	646	472	300	3	60	3840	474	1193	99,0,0,0,0,0	28278	1219	118	54143	1844	0	77909,77469,75516,40239,40239,40239,40239	1	5	27370,27570,0,0,0,0,0	115	56522
171474	196	468	472	161	175	60	23	13	4482	572	650	480	322	2	53	3612	453	1102	99,0,0,0,0,0	28309	592	101	54237	1851	0	78588,78178,76201,40407,40407,40407,40407	1	4	27370,27669,0,0,0,0,0	103	56933
171672	181	452	435	151	167	59	23	10	4371	574	651	478	257	2	53	3617	419	1049	99,0,0,0,0,0	22719	595	115	54347	1858	0	79317,78939,76938,40615,40615,40615,40615	1	8	27370,27783,0,0,0,0,0	100	57322
171846	167	430	406	147	155	58	21	9	4276	577	654	469	235	1	45	3501	404	980	99,0,0,0,0,0	22400	602	112	54454	1864	0	80052,79703,77680,40835,40835,40835,40835	0	7	27370,27894,0,0,0,0,0	95	57737
172077	163	402	389	137	143	56	20	10	4111	580	658	475	239	2	35	3554	367	943	99,0,0,0,0,0	22246	591	104	54549	1873	0	80758,80442,78395,41020,41020,41020,41020	0	2	27370,27995,0,0,0,0,0	88	58136
172267	162	383	363	127	122	53	19	9	3995	581	665	455	239	3	54	3444	351	878	99,0,0,0,0,0	22035	571	98	54638	1882	0	81439,81153,79085,41212,41212,41212,41212	0	8	27370,28090,0,0,0,0,0	81	58538
172433	149	355	354	123	124	50	18	7	3881	582	670	453	260	2	34	3301	329	844	99,0,0,0,0,0	22192	585	92	54724	1889	0	82128,81869,79782,41413,41413,41413,41413	0	9	27370,28180,0,0,0,0,0	74	58937
172637	125	343	323	119	112	47	17	6	3762	584	671	469	162	0	27	3164	281	805	99,0,0,0,0,0	27667	627	75	54797	1892	0	82817,82585,80479,41606,41606,41606,41606	0	3	27370,28255,0,0,0,0,0	66	59369
172827	119	329	304	114	104	41	15	6	3627	586	674	443	242	0	32	3256	274	752	99,0,0,0,0,0	27389	818	86	54880	1895	0	83235,83032,80906,41656,41656,41656,41656	0	3	27370,28340,0,0,0,0,0	63	59937
173002	127	303	291	96	107	41	15	7	3490	586	681	445	256	1	31	3379	265	715	99,0,0,0,0,0	16976	837	85	54964	1897	0	83644,83468,81322,41696,41696,41696,41696	0	4	27370,28425,0,0,0,0,0	63	60519
173175	117	296	272	88	104	40	17	7	3357	587	686	445	289	1	31	3385	261	673	99,0,0,0,0,0	17121	846	77	55037	1901	0	84061,83911,81746,41738,41738,41738,41738	0	4	27370,28502,0,0,0,0,0	70	61130
173331	123	281	273	83	95	38	15	7	3222	588	690	452	304	1	36	3021	264	644	99,0,0,0,0,0	16912	840	83	55116	1905	0	84459,84330,82151,41786,41786,41786,41786	0	2	27370,28583,0,0,0,0,0	62	61729
173506	116	254	277	67	99	32	15	7	3090	588	695	417	237	3	33	3034	262	598	99,0,0,0,0,0	16508	810	65	55175	1911	0	84830,84722,82529,41811,41811,41811,41811	0	1	27370,28646,0,0,0,0,0	61	62315
173656	103	235	262	63	90	29	12	9	2999	589	699	428	243	1	20	2712	233	561	99,0,0,0,0,0	16422	796	52	55221	1917	0	85215,85124,82921,41859,41859,41859,41859	0	3	27370,28698,0,0,0,0,0	53	62878
173819	78	225	236	61	76	26	11	8	2911	591	704	454	252	1	18	2679	207	506	100,0,0,0,0,0	26903	824	44	55261	1921	0	85615,85543,83329,41911,41911,41911,41911	0	2	27370,28742,0,0,0,0,0	53	63453
173982	70	220	208	60	71	22	10	5	2798	592	708	441	145	1	18	2347	187	474	100,0,0,0,0,0	26991	1068	56	55314	1925	0	85998,85944,83718,41941,41941,41941,41941	0	3	27370,28798,0,0,0,0,0	48	64221
174140	80	193	206	64	58	20	9	5	2668	593	710	463	252	0	24	2047	171	459	100,0,0,0,0,0	16113	1072	58	55363	1934	0	86385,86349,84111,41966,41966,41966,41966	0	3	27370,28851,0,0,0,0,0	45	64993
174296	74	191	181	58	53	16	9	4	2559	593	712	486	317	2	12	1846	148	434	100,0,0,0,0,0	15470	1091	48	55405	1940	0	86799,86779,84530,42008,42008,42008,42008	0	5	27370,28896,0,0,0,0,0	34	65770
174442	74	172	170	56	54	13	8	4	2443	594	716	484	142	0	12	1620	129	418	100,0,0,0,0,0	15301	1047	41	55443	1943	0	87197,87194,84935,42046,42046,42046,42046	0	3	27370,28935,0,0,0,0,0	29	66490
174567	75	156	163	51	48	16	6	5	2344	595	720	506	253	0	16	1417	123	392	100,0,0,0,0,0	15316	1026	41	55482	1945	0	87595,87605,85339,42101,42101,42101,42101	0	2	27370,28975,0,0,0,0,0	26	67214
174700	78	139	149	57	53	13	5	6	2230	595	721	522	234	2	15	1434	117	377	100,0,0,0,0,0	14948	1052	44	55525	1946	0	87982,88006,85732,42136,42136,42136,42136	0	1	27370,29019,0,0,0,0,0	26	67953
174824	72	141	142	43	39	12	5	6	2141	595	726	524	296	0	12	1180	101	353	100,0,0,0,0,0	20921	1022	33	55557	1948	0	88367,88406,86124,42187,42187,42187,42187	0	0	27370,29053,0,0,0,0,0	25	68688
174964	66	124	151	35	40	11	4	4	2023	596	728	529	266	2	14	1270	97	334	100,0,0,0,0,0	20731	344	32	55587	1951	0	88906,88959,86670,42297,42297,42297,42297	0	1	27370,29085,0,0,0,0,0	25	68934
175095	63	131	131	37	30	12	3	4	1913	596	731	550	249	0	11	1551	91	316	100,0,0,0,0,0	12303	368	32	55613	1958	0	89466,89533,87239,42426,42426,42426,42426	0	1	27370,29116,0,0,0,0,0	20	69185
175220	58	123	130	39	33	11	3	2	1798	596	733	524	296	1	9	1512	84	313	100,0,0,0,0,0	12239	347	33	55646	1959	0	90030,90112,87812,42554,42554,42554,42554	0	0	27370,29150,0,0,0,0,0	16	69434
175328	54	115	132	34	29	9	4	2	1704	596	739	536	108	0	9	1485	81	296	100,0,0,0,0,0	12307	355	32	55676	1961	0	90565,90659,88355,42674,42674,42674,42674	0	0	27370,29181,0,0,0,0,0	14	69682
175459	50	104	133	34	32	8	3	2	1583	597	741	520	277	0	9	1441	84	280	100,0,0,0,0,0	12284	349	31	55706	1962	0	91091,91200,88890,42789,42789,42789,42789	0	2	27370,29212,0,0,0,0,0	15	69912
175570	53	97	112	31	28	10	2	2	1501	598	742	505	84	0	11	1392	79	254	100,0,0,0,0,0	12238	309	30	55735	1964	0	91620,91742,89427,42909,42909,42909,42909	0	1	27370,29242,0,0,0,0,0	11	70140
175667	53	93	115	29	16	8	2	2	1417	598	746	525	86	0	5	1289	66	250	100,0,0,0,0,0	20736	338	29	55761	1967	0	92155,92289,89971,43040,43040,43040,43040	0	0	27370,29271,0,0,0,0,0	13	70372
175763	44	94	98	23	17	7	4	2	1347	598	749	523	105	0	5	1084	55	232	100,0,0,0,0,0	20353	298	17	55777	1968	0	92312,92456,90132,42947,42947,42947,42947	0	0	27370,29287,0,0,0,0,0	12	70574
175834	37	90	98	23	19	4	3	3	1286	598	751	543	256	1	10	1054	52	222	100,0,0,0,0,0	11683	284	25	55797	1973	0	92472,92624,90296,42862,42862,42862,42862	0	1	27370,29312,0,0,0,0,0	10	70762
175912	34	83	85	25	20	4	3	3	1225	598	754	530	234	0	9	927	48	206	100,0,0,0,0,0	11738	354	19	55815	1974	0	92633,92792,90460,42771,42771,42771,42771	0	1	27370,29331,0,0,0,0,0	8	71004
175993	38	77	79	23	21	6	3	3	1148	599	756	536	85	0	9	669	51	196	100,0,0,0,0,0	11581	346	22	55837	1974	0	92790,92959,90622,42681,42681,42681,42681	0	0	27370,29353,0,0,0,0,0	8	71260
176063	35	82	65	23	18	5	3	3	1091	599	759	535	95	0	11	604	56	175	100,0,0,0,0,0	11388	339	19	55856	1974	0	92943,93119,90777,42590,42590,42590,42590	0	0	27370,29372,0,0,0,0,0	8	71493
176131	34	81	68	21	18	3	3	3	1024	599	761	548	105	0	6	575	58	170	100,0,0,0,0,0	11405	339	23	55875	1978	0	93095,93279,90934,42500,42500,42500,42500	0	3	27370,29394,0,0,0,0,0	6	71729
176199	28	87	69	20	17	4	2	3	953	600	764	575	243	0	4	524	59	168	100,0,0,0,0,0	20159	335	21	55894	1980	0	93258,93450,91101,42426,42426,42426,42426	0	1	27370,29414,0,0,0,0,0	5	71971
176262	28	70	71	24	22	4	2	3	894	600	766	586	102	0	1	493	52	169	100,0,0,0,0,0	19741	163	16	55908	1982	0	93463,93661,91311,42376,42376,42376,42376	0	1	27370,29429,0,0,0,0,0	6	72081
176299	30	67	60	24	16	4	2	3	868	600	773	591	68	0	8	490	48	155	100,0,0,0,0,0	11166	174	19	55925	1984	0	93668,93870,91521,42335,42335,42335,42335	0	0	27370,29448,0,0,0,0,0	6	72195
176357	28	52	53	25	25	2	2	2	822	600	778	602	77	0	4	652	47	140	100,0,0,0,0,0	11414	160	12	55937	1984	0	93893,94101,91751,42288,42288,42288,42288	0	0	27370,29460,0,0,0,0,0	4	72311
176397	16	62	51	21	23	2	2	2	783	600	787	604	5362	5	10	711	50	127	100,0,0,0,0,0	11694	186	13	55949	1985	0	94126,94340,91991,42259,42259,42259,42259	0	0	27370,29473,0,0,0,0,0	4	72426
176442	13	56	53	21	21	1	2	2	741	600	794	610	2883	2	5	660	50	117	100,0,0,0,0,0	11520	196	12	55961	1985	0	94341,94562,92211,42217,42217,42217,42217	0	1	27370,29485,0,0,0,0,0	3	72563
176478	16	50	49	16	24	1	1	1	709	601	800	612	1353	0	3	585	41	116	100,0,0,0,0,0	11510	177	11	55970	1987	0	94543,94767,92419,42176,42176,42176,42176	0	0	27370,29495,0,0,0,0,0	2	72678
176520	19	43	47	16	22	0	1	1	674	601	802	584	800	1	10	617	44	104	100,0,0,0,0,0	20019	146	12	55981	1988	0	94762,94990,92643,42145,42145,42145,42145	0	0	27370,29506,0,0,0,0,0	1	72770
176563	17	38	46	15	20	1	1	1	636	601	807	592	472	0	4	609	39	99	100,0,0,0,0,0	20146	177	9	55989	1989	0	95000,95233,92888,42126,42126,42126,42126	0	0	27370,29514,0,0,0,0,0	1	72900
176611	17	37	39	12	19	1	1	0	600	601	808	578	2750	0	1	597	34	92	100,0,0,0,0,0	22187	159	8	55996	1990	0	95236,95473,93131,42096,42096,42096,42096	0	0	27370,29521,0,0,0,0,0	2	73008
176644	13	39	39	11	17	2	1	0	567	601	812	598	2763	0	5	565	35	87	100,0,0,0,0,0	22011	176	7	56003	1990	0	95472,95713,93374,42076,42076,42076,42076	0	0	27370,29528,0,0,0,0,0	2	73131
176681	12	35	33	11	12	2	1	0	540	601	818	604	2090	0	1	592	27	79	100,0,0,0,0,0	22162	170	6	56008	1991	0	95688,95933,93598,42051,42051,42051,42051	0	0	27370,29534,0,0,0,0,0	3	73240
176715	16	33	36	12	11	3	0	1	497	601	821	632	1362	2	2	391	28	83	100,0,0,0,0,0	22206	182	11	56019	1991	0	95917,96167,93835,42031,42031,42031,42031	0	0	27370,29545,0,0,0,0,0	2	73350
176745	12	38	33	10	8	2	0	1	473	601	823	653	1091	0	4	385	27	76	100,0,0,0,0,0	21737	167	10	56029	1991	0	96143,96395,94068,42012,42012,42012,42012	0	2	27370,29555,0,0,0,0,0	2	73460
176767	9	32	34	10	9	1	0	1	451	601	831	627	1872	0	1	306	20	75	100,0,0,0,0,0	19774	168	6	56034	1992	0	96364,96617,94295,41994,41994,41994,41994	0	0	27370,29560,0,0,0,0,0	1	73566
176792	6	30	30	7	8	1	0	1	435	601	835	615	2312	0	1	243	17	65	100,0,0,0,0,0	19802	143	5	56039	1992	0	96397,96653,94330,41846,41846,41846,41846	0	1	27370,29565,0,0,0,0,0	1	73654
176821	8	22	32	3	6	1	0	1	413	601	838	574	2152	2	3	212	16	56	100,0,0,0,0,0	21593	178	5	56043	1993	0	96419,96679,94355,41689,41689,41689,41689	0	0	27370,29570,0,0,0,0,0	1	73767
176849	7	19	33	4	4	1	0	1	386	601	841	622	1935	0	2	188	16	52	100,0,0,0,0,0	21573	181	3	56046	1993	0	96443,96705,94381,41527,41527,41527,41527	0	0	27370,29573,0,0,0,0,0	3	73880
176876	8	12	29	6	5	1	0	1	361	601	846	581	1381	1	0	167	14	47	100,0,0,0,0,0	21682	164	4	56049	1994	0	96464,96729,94405,41370,41370,41370,41370	0	1	27370,29576,0,0,0,0,0	3	73991
176900	8	11	25	6	6	1	0	1	336	601	851	628	1588	0	1	171	16	41	100,0,0,0,0,0	21625	186	4	56052	1995	0	96483,96751,94427,41217,41217,41217,41217	0	0	27370,29580,0,0,0,0,0	3	74098
176912	10	8	24	3	5	1	1	1	323	601	857	614	2165	0	4	146	16	36	100,0,0,0,0,0	21636	175	5	56057	1995	0	96499,96769,94445,41059,41059,41059,41059	0	0	27370,29585,0,0,0,0,0	3	74199
176938	11	5	20	1	3	1	1	0	307	601	858	627	2096	0	0	173	10	32	100,0,0,0,0,0	19771	162	2	56059	1995	0	96512,96785,94461,40903,40903,40903,40903	0	0	27370,29587,0,0,0,0,0	4	74301
176948	10	9	16	1	3	1	1	0	291	601	865	631	1892	1	0	135	10	31	100,0,0,0,0,0	19806	109	3	56061	1996	0	96509,96784,94460,40744,40744,40744,40744	0	0	27370,29589,0,0,0,0,0	5	74371
176960	7	11	12	3	1	1	1	0	282	601	867	616	1829	1	2	125	10	26	100,0,0,0,0,0	21786	96	2	56063	1996	0	96506,96781,94459,40578,40578,40578,40578	0	1	27370,29591,0,0,0,0,0	6	74435
176971	3	14	10	4	0	1	1	0	272	601	869	643	1648	0	0	118	9	24	100,0,0,0,0,0	21818	102	2	56065	1996	0	96524,96800,94479,40424,40424,40424,40424	0	0	27370,29593,0,0,0,0,0	5	74506
176991	4	11	8	5	1	1	1	0	252	601	871	658	1817	0	0	114	7	24	100,0,0,0,0,0	21635	88	1	56066	1996	0	96542,96821,94500,40263,40263,40263,40263	0	0	27370,29594,0,0,0,0,0	5	74567
177008	4	7	7	6	0	0	1	0	234	601	878	643	1875	0	3	68	7	18	100,0,0,0,0,0	21803	119	0	56066	1996	0	96555,96835,94515,40106,40106,40106,40106	0	0	27370,29594,0,0,0,0,0	3	74634
177024	1	10	8	3	1	0	1	0	215	601	882	666	1916	0	0	83	5	19	100,0,0,0,0,0	21457	97	2	56068	1996	0	96568,96849,94530,39948,39948,39948,39948	0	0	27370,29596,0,0,0,0,0	3	74688
177034	3	9	10	4	1	0	1	0	198	601	885	662	1837	1	1	86	6	22	100,0,0,0,0,0	19653	96	4	56070	1998	0	96587,96868,94551,39796,39796,39796,39796	0	0	27370,29598,0,0,0,0,0	5	74746
177046	3	4	11	3	2	0	1	0	187	601	888	648	1719	0	1	83	5	19	100,0,0,0,0,0	19705	97	1	56071	1998	0	96538,96821,94504,39606,39606,39606,39606	0	0	27370,29599,0,0,0,0,0	4	74806
177060	2	7	10	1	1	0	1	0	173	601	890	655	1775	0	1	47	5	17	100,0,0,0,0,0	21718	106	2	56073	1998	0	96488,96772,94455,39409,39409,39409,39409	0	0	27370,29601,0,0,0,0,0	2	74871
177061	3	6	8	2	1	1	1	0	164	601	898	637	1841	0	0	50	5	17	100,0,0,0,0,0	21745	95	2	56075	1998	0	96439,96723,94406,39212,39212,39212,39212	0	0	27370,29603,0,0,0,0,0	2	74929
177065	4	6	7	0	1	1	1	0	152	601	908	618	1920	0	1	54	5	15	100,0,0,0,0,0	21656	79	4	56079	1998	0	96390,96676,94359,39025,39025,39025,39025	0	0	27370,29607,0,0,0,0,0	3	74973
177063	4	5	7	0	2	1	1	0	147	601	915	619	1852	0	0	52	5	15	100,0,0,0,0,0	21675	92	1	56080	1998	0	96352,96639,94322,38842,38842,38842,38842	0	0	27370,29608,0,0,0,0,0	3	75024
177069	2	9	6	0	2	1	1	0	137	601	918	621	1819	0	1	56	6	15	100,0,0,0,0,0	21628	80	2	56082	1998	0	96297,96584,94269,38648,38648,38648,38648	0	1	27370,29610,0,0,0,0,0	2	75068
177074	1	7	7	1	3	1	1	0	125	601	925	637	1733	0	0	56	6	15	100,0,0,0,0,0	19497	101	0	56082	1998	0	96238,96525,94211,38455,38455,38455,38455	0	0	27370,29610,0,0,0,0,0	2	75124
177080	0	7	6	1	3	1	1	0	117	601	929	591	1779	0	1	20	7	12	100,0,0,0,0,0	19489	83	0	56082	1998	0	96190,96477,94163,38268,38268,38268,38268	0	0	27370,29610,0,0,0,0,0	2	75169
177086	0	5	6	2	3	1	0	0	107	602	934	635	1862	0	0	20	7	10	100,0,0,0,0,0	21619	69	0	56082	1998	0	96133,96421,94108,38072,38072,38072,38072	0	0	27370,29610,0,0,0,0,0	1	75213
177096	0	3	4	3	2	1	0	0	99	602	936	646	1800	1	1	26	4	9	100,0,0,0,0,0	21631	87	0	56082	1998	0	96076,96365,94052,37872,37872,37872,37872	0	0	27370,29610,0,0,0,0,0	1	75262
177104	0	2	3	2	3	1	0	0	90	602	939	634	1880	0	1	27	6	5	100,0,0,0,0,0	21849	78	0	56082	1998	0	96014,96302,93991,37675,37675,37675,37675	0	0	27370,29610,0,0,0,0,0	1	75306
177109	1	1	4	1	2	1	0	0	85	602	940	633	1826	0	1	23	5	5	100,0,0,0,0,0	21765	75	1	56082	1999	0	95956,96245,93934,37485,37485,37485,37485	0	0	27370,29611,0,0,0,0,0	1	75355
177110	1	1	2	2	2	1	0	0	80	602	945	612	1805	0	0	23	3	6	100,0,0,0,0,0	21566	94	1	56083	1999	0	95895,96184,93875,37290,37290,37290,37290	0	0	27370,29612,0,0,0,0,0	1	75412
177111	1	2	2	1	2	1	0	0	75	602	949	613	1779	0	1	18	2	7	100,0,0,0,0,0	19602	80	1	56084	1999	0	95840,96128,93820,37106,37106,37106,37106	0	0	27370,29613,0,0,0,0,0	1	75452
177116	1	2	1	1	1	1	0	0	67	602	954	606	1745	0	0	20	2	5	100,0,0,0,0,0	19513	68	0	56084	1999	0	95772,96060,93753,36918,36918,36918,36918	0	0	27370,29613,0,0,0,0,0	1	75493
177116	1	2	0	1	0	1	0	0	65	602	958	573	1897	0	0	18	1	4	100,0,0,0,0,0	21550	89	0	56084	1999	0	95710,95998,93693,36731,36731,36731,36731	0	0	27370,29613,0,0,0,0,0	1	75550
177115	1	2	1	1	0	0	0	0	61	602	963	602	1856	0	0	18	1	4	100,0,0,0,0,0	21668	101	1	56085	1999	0	95650,95937,93634,36546,36546,36546,36546	0	0	27370,29614,0,0,0,0,0	0	75607
177119	1	2	1	1	0	0	0	0	56	602	964	619	1838	0	0	14	1	4	100,0,0,0,0,0	21612	80	1	56086	1999	0	95585,95873,93570,36357,36357,36357,36357	0	0	27370,29615,0,0,0,0,0	0	75642
177121	1	2	1	0	0	0	0	0	51	602	968	636	1782	0	0	15	0	4	100,0,0,0,0,0	21534	75	0	56086	1999	0	95526,95814,93513,36179,36179,36179,36179	0	0	27370,29615,0,0,0,0,0	0	75686
177120	0	2	2	0	0	0	0	0	49	602	971	639	1809	0	0	11	0	4	100,0,0,0,0,0	21699	71	0	56086	1999	0	95468,95756,93457,36001,36001,36001,36001	0	0	27370,29615,0,0,0,0,0	0	75720
177125	0	2	3	0	0	0	0	0	39	602	975	626	1787	0	0	6	0	5	100,0,0,0,0,0	19570	83	1	56087	1999	0	95404,95691,93394,35818,35818,35818,35818	0	0	27370,29616,0,0,0,0,0	0	75761
177125	0	1	4	0	0	0	0	0	37	602	977	650	1843	0	0	5	0	5	100,0,0,0,0,0	19586	72	0	56087	1999	0	95326,95613,93317,35637,35637,35637,35637	0	0	27370,29616,0,0,0,0,0	0	75796
177122	1	1	2	0	0	0	0	0	36	602	982	616	1846	0	0	5	0	4	100,0,0,0,0,0	21569	85	1	56087	2000	0	95248,95535,93240,35449,35449,35449,35449	0	0	27370,29616,0,0,0,0,0	0	75842
177121	1	1	2	0	0	0	0	0	33	602	986	595	1822	0	0	0	0	4	100,0,0,0,0,0	21574	69	0	56087	2000	0	95171,95458,93163,35261,35261,35261,35261	0	0	27370,29616,0,0,0,0,0	0	75879
177122	0	1	3	0	0	0	0	0	29	602	989	630	1845	0	0	0	0	4	100,0,0,0,0,0	21579	61	0	56087	2000	0	95083,95370,93075,35068,35068,35068,35068	0	0	27370,29616,0,0,0,0,0	0	75912
177127	0	1	4	0	0	0	0	0	22	602	990	632	1743	0	0	0	0	5	100,0,0,0,0,0	21796	70	1	56088	2000	0	95002,95289,92996,34886,34886,34886,34886	0	1	27370,29617,0,0,0,0,0	0	75951
177129	0	1	2	0	0	0	0	0	18	602	994	622	1790	0	0	0	0	3	100,0,0,0,0,0	21734	78	0	56088	2000	0	94911,95198,92906,34696,34696,34696,34696	0	0	27370,29617,0,0,0,0,0	0	75999
177124	0	1	1	0	0	0	0	0	19	602	999	621	1915	1	0	0	0	2	100,0,0,0,0,0	19466	77	0	56088	2000	0	94830,95116,92825,34517,34517,34517,34517	0	0	27370,29617,0,0,0,0,0	0	76043
177123	0	1	0	0	0	0	0	0	19	602	1001	602	1767	0	0	3	1	0	100,0,0,0,0,0	19653	68	0	56088	2000	0	94745,95031,92741,34346,34346,34346,34346	0	0	27370,29617,0,0,0,0,0	0	76082
177119	0	1	0	0	0	0	0	0	17	602	1007	578	1874	0	0	4	1	0	100,0,0,0,0,0	21502	51	0	56088	2000	0	94665,94950,92662,34174,34174,34174,34174	0	0	27370,29617,0,0,0,0,0	0	76115
177118	0	1	0	0	0	0	0	0	14	602	1011	584	1701	0	0	4	1	0	100,0,0,0,0,0	21645	170	0	56088	2000	116	94574,94858,92571,33993,33993,33993,33993	0	0	27370,29617,0,0,0,0,0	0	76149
177115	0	0	0	0	1	0	0	0	14	602	1014	604	1754	0	0	4	1	0	100,0,0,0,0,0	21679	193	0	56088	2000	250	94505,94790,92504,33870,33870,33870,33870	0	0	27370,29617,0,0,0,0,0	0	76179
177080	18	16	0	0	1	0	0	0	12	602	1017	614	1889	0	0	4	1	34	2,97,0,0,0,0	21631	205	0	56119	2003	398	94468,94752,92468,33792,33792,33792,33792	0	0	27370,29617,34,0,0,0,0	0	76191
177053	33	22	3	0	2	0	0	0	12	602	1019	591	1849	1	0	4	1	59	1,98,0,0,0,0	21642	206	2	56138	2009	551	94431,94715,92432,33714,33714,33714,33714	0	0	27370,29617,59,0,0,0,0	0	76216
177026	34	40	11	0	1	0	0	0	11	602	1021	597	1865	1	1	7	2	84	1,98,0,0,0,0	19616	166	3	56162	2013	674	94399,94683,92402,33644,33644,33644,33644	0	0	27370,29617,87,0,0,0,0	1	76227
176989	35	60	19	2	1	0	0	0	12	602	1026	580	1797	0	0	7	3	114	1,98,0,0,0,0	19522	220	7	56189	2018	829	94363,94645,92366,33574,33574,33574,33574	0	0	27370,29617,118,0,0,0,0	1	76249
176946	47	71	26	2	2	0	0	0	21	602	1029	597	1750	4	1	9	2	146	0,99,0,0,0,0	21562	241	13	56224	2023	982	94334,94616,92338,33518,33518,33518,33518	0	0	27370,29617,158,0,0,0,0	1	76279
176892	54	100	29	2	2	0	0	0	32	602	1033	559	1754	2	1	49	7	180	0,99,0,0,0,0	22012	260	25	56270	2028	1157	94308,94588,92313,33466,33466,33466,33466	0	1	27370,29617,209,0,0,0,0	1	76299
176873	47	89	46	6	10	0	0	0	36	602	1037	561	1870	3	3	54	12	186	0,99,0,0,0,0	21824	254	18	56287	2029	1354	94268,94548,92275,33404,33404,33404,33404	0	0	27370,29617,227,0,0,0,0	1	76330
176850	44	81	60	7	13	0	0	0	49	602	1040	561	1841	1	4	77	19	186	0,99,0,0,0,0	21781	273	22	56304	2034	1541	94234,94514,92242,33351,33351,33351,33351	0	0	27370,29617,249,0,0,0,0	1	76363
176835	37	80	61	6	9	1	0	0	71	602	1044	568	1805	0	7	258	28	166	0,99,0,0,0,0	21927	240	12	56316	2034	1723	94200,94480,92210,33295,33295,33295,33295	0	0	27370,29617,261,0,0,0,0	1	76384
176817	32	80	69	7	8	1	0	0	80	602	1050	558	1756	0	1	318	27	170	0,99,0,0,0,0	19908	293	14	56327	2037	1937	94162,94441,92172,33240,33240,33240,33240	0	2	27370,29617,275,0,0,0,0	3	76422
176812	30	65	73	6	11	1	0	0	96	602	1050	583	1788	2	3	327	26	160	0,99,0,0,0,0	19759	269	13	56338	2039	2136	94129,94407,92141,33201,33201,33201,33201	0	0	27370,29617,288,0,0,0,0	4	76455
176797	31	62	67	8	12	1	0	0	114	602	1052	604	1802	0	3	345	33	148	0,99,0,0,0,0	21881	261	15	56353	2040	2340	94102,94380,92116,33161,33161,33161,33161	0	0	27370,29617,304,0,0,0,0	3	76477
176778	33	55	66	10	16	1	0	0	128	602	1057	587	1981	0	10	368	42	139	0,99,0,0,0,0	22152	224	19	56367	2045	2513	94072,94349,92087,33118,33118,33118,33118	0	2	27370,29617,323,0,0,0,0	3	76499
176770	27	64	53	11	15	1	0	0	143	602	1060	600	1804	1	6	384	43	128	0,99,0,0,0,0	22036	205	16	56383	2045	2673	94027,94303,92044,33058,33058,33058,33058	0	0	27370,29617,339,0,0,0,0	3	76514
176755	21	65	55	11	10	2	1	0	160	602	1064	590	1897	0	5	370	44	121	0,99,0,0,0,0	22082	224	17	56397	2048	2833	93979,94254,91998,32989,32989,32989,32989	0	1	27370,29617,356,0,0,0,0	3	76539
176751	25	53	61	11	12	1	1	0	164	602	1065	565	1783	1	1	394	39	125	0,99,0,0,0,0	21822	215	13	56410	2048	2989	93923,94198,91943,32913,32913,32913,32913	0	1	27370,29617,369,0,0,0,0	5	76562
176746	23	44	68	12	15	1	1	0	167	602	1067	600	1747	1	4	390	40	124	0,99,0,0,0,0	19840	223	10	56418	2050	3161	93875,94149,91897,32843,32843,32843,32843	0	2	27370,29617,378,0,0,0,0	4	76589
176748	15	51	54	9	13	3	1	0	178	602	1072	603	1798	1	3	220	36	110	0,100,0,0,0,0	19741	261	5	56422	2051	3324	93824,94098,91849,32786,32786,32786,32786	0	0	27370,29617,383,0,0,0,0	3	76636
176740	12	46	55	10	12	3	1	0	188	602	1077	588	1870	0	6	183	40	99	0,100,0,0,0,0	21759	243	10	56430	2053	3477	93774,94048,91801,32732,32732,32732,32732	0	1	27370,29617,393,0,0,0,0	5	76676
176731	16	32	65	8	13	2	1	0	197	602	1079	604	1835	1	1	191	39	98	0,100,0,0,0,0	21880	360	16	56445	2054	3762	93718,93991,91746,32666,32666,32666,32666	0	0	27370,29617,409,0,0,0,0	5	76703
176733	16	28	57	8	13	2	1	0	203	602	1083	606	1910	1	4	191	38	87	0,100,0,0,0,0	21882	353	6	56450	2055	4028	93689,93962,91719,32666,32666,32666,32666	0	0	27370,29617,415,0,0,0,0	5	76752
176726	13	35	47	6	12	2	1	0	215	602	1087	600	1757	1	1	189	35	81	0,100,0,0,0,0	21572	344	13	56459	2059	4300	93669,93942,91701,32670,32670,32670,32670	0	0	27370,29617,428,0,0,0,0	6	76785
176716	15	34	42	9	8	2	1	0	224	602	1093	622	1805	1	0	173	28	83	0,100,0,0,0,0	21826	341	13	56472	2059	4557	93650,93922,91685,32676,32676,32676,32676	0	0	27370,29617,441,0,0,0,0	7	76825
176725	13	32	37	10	4	3	1	0	224	602	1095	612	1992	0	3	163	22	78	0,100,0,0,0,0	19812	371	6	56477	2060	4843	93623,93894,91660,32661,32661,32661,32661	0	1	27370,29617,446,0,0,0,0	6	76868
176729	14	29	41	7	1	2	1	0	223	602	1097	615	1828	1	2	120	14	81	0,100,0,0,0,0	19482	477	8	56483	2062	5103	93609,93879,91647,32684,32684,32684,32684	0	1	27370,29617,454,0,0,0,0	6	76990
176722	13	37	35	5	2	2	1	0	226	602	1101	650	1809	0	0	124	16	79	0,100,0,0,0,0	21888	446	12	56493	2064	5362	93587,93857,91627,32695,32695,32695,32695	0	1	27370,29617,466,0,0,0,0	4	77088
176713	13	36	34	6	5	2	1	0	229	602	1105	664	1809	0	1	116	16	81	0,100,0,0,0,0	10209	467	15	56506	2066	5655	93561,93830,91602,32702,32702,32702,32702	0	0	27370,29617,481,0,0,0,0	3	77169
176707	18	36	33	6	4	2	1	0	228	602	1109	690	1830	1	4	93	20	80	0,100,0,0,0,0	10184	491	14	56519	2068	5935	93548,93818,91592,32727,32727,32727,32727	0	0	27370,29617,496,0,0,0,0	3	77280
176702	25	36	26	6	4	1	1	0	230	602	1113	667	1852	0	1	79	16	83	0,100,0,0,0,0	10058	494	13	56532	2068	6229	93528,93798,91575,32743,32743,32743,32743	0	0	27370,29617,509,0,0,0,0	2	77378
176697	22	41	28	4	5	1	1	0	224	602	1121	661	1794	0	1	82	16	86	0,100,0,0,0,0	10186	500	13	56545	2068	6513	93517,93786,91566,32769,32769,32769,32769	0	0	27370,29617,522,0,0,0,0	2	77490
176699	21	42	27	7	7	1	1	0	217	602	1122	664	1785	0	0	68	14	92	0,100,0,0,0,0	19660	480	12	56555	2070	6786	93499,93767,91549,32786,32786,32786,32786	0	0	27370,29617,534,0,0,0,0	2	77592
176693	23	44	28	7	5	1	1	0	217	602	1125	677	1829	1	2	63	14	95	0,100,0,0,0,0	19558	362	15	56570	2071	7073	93512,93779,91565,32832,32832,32832,32832	0	0	27370,29617,549,0,0,0,0	2	77622
176682	28	47	32	7	4	1	1	0	209	602	1133	705	1819	0	2	91	15	105	0,100,0,0,0,0	10224	376	18	56586	2073	7365	93527,93794,91583,32888,32888,32888,32888	0	0	27370,29617,567,0,0,0,0	3	77658
176679	26	47	35	8	6	1	0	0	205	603	1136	733	1883	0	1	90	15	108	0,100,0,0,0,0	10285	383	13	56598	2074	7647	93528,93794,91587,32929,32929,32929,32929	0	0	27370,29617,580,0,0,0,0	2	77703
176670	28	50	34	10	7	1	0	0	204	603	1139	700	1835	0	2	89	16	114	0,100,0,0,0,0	10364	386	18	56613	2077	7947	93544,93809,91604,32975,32975,32975,32975	0	1	27370,29617,598,0,0,0,0	1	77746
176662	28	51	33	9	7	1	1	0	206	603	1145	725	1910	1	5	133	16	114	0,100,0,0,0,0	10550	384	16	56627	2079	8247	93564,93828,91627,33040,33040,33040,33040	0	0	27370,29617,614,0,0,0,0	2	77780
176656	23	44	42	9	8	0	1	0	209	603	1151	752	1799	0	2	250	13	114	0,100,0,0,0,0	10613	387	8	56635	2079	8530	93580,93843,91644,33093,33093,33093,33093	0	0	27370,29617,622,0,0,0,0	2	77837
176650	30	43	36	8	7	0	1	0	214	603	1154	763	1880	0	4	235	8	117	0,100,0,0,0,0	19878	345	15	56649	2080	8795	93602,93865,91669,33149,33149,33149,33149	0	0	27370,29617,637,0,0,0,0	4	77870
176654	30	42	48	5	7	0	0	1	199	603	1157	778	1983	0	7	241	17	115	0,100,0,0,0,0	19863	323	14	56662	2081	9075	93590,93852,91660,33190,33190,33190,33190	0	1	27370,29617,651,0,0,0,0	2	77890
176645	26	51	43	7	5	0	0	1	203	603	1162	736	1835	0	1	271	16	116	0,100,0,0,0,0	10588	337	14	56672	2085	9355	93575,93837,91647,33230,33230,33230,33230	0	1	27370,29617,664,0,0,0,0	2	77924
176634	25	55	42	10	7	0	0	1	204	603	1165	755	1867	1	2	274	17	122	0,100,0,0,0,0	10482	290	20	56690	2087	9600	93566,93828,91640,33273,33273,33273,33273	0	1	27370,29617,684,0,0,0,0	2	77936
176608	30	59	48	9	8	1	0	1	207	603	1172	787	1776	0	2	294	19	136	0,100,0,0,0,0	10463	304	29	56716	2090	9851	93551,93812,91627,33307,33307,33307,33307	0	0	27370,29617,713,0,0,0,0	1	77949
176597	34	61	49	7	8	1	0	1	207	603	1178	768	1869	1	2	293	15	145	0,100,0,0,0,0	10545	340	25	56736	2095	10133	93537,93798,91616,33337,33337,33337,33337	0	1	27370,29617,738,0,0,0,0	5	77969
176577	37	67	51	8	6	1	1	1	209	603	1185	740	1880	1	4	296	18	153	0,100,0,0,0,0	10641	333	24	56757	2098	10405	93543,93803,91624,33395,33395,33395,33395	0	1	27370,29617,762,0,0,0,0	2	77997
176557	41	71	48	9	9	1	1	1	215	603	1190	736	1844	1	4	302	24	156	0,100,0,0,0,0	19810	343	27	56783	2099	10698	93541,93800,91623,33446,33446,33446,33446	0	1	27370,29617,789,0,0,0,0	3	78011
176543	42	69	51	10	10	1	1	1	219	603	1196	744	1767	0	5	312	28	156	0,100,0,0,0,0	19857	324	22	56802	2103	10967	93540,93799,91625,33520,33520,33520,33520	0	2	27370,29617,810,0,0,0,0	2	78024
176523	43	73	57	13	10	1	1	0	221	603	1201	758	1784	1	4	316	29	169	0,100,0,0,0,0	10519	310	35	56837	2103	11228	93550,93808,91638,33592,33592,33592,33592	0	0	27370,29617,845,0,0,0,0	2	78045
176501	45	82	56	15	9	1	1	0	224	603	1209	744	1812	1	5	366	30	179	0,100,0,0,0,0	10526	290	27	56862	2106	11479	93537,93794,91627,33645,33645,33645,33645	0	0	27370,29617,873,0,0,0,0	2	78055
176489	43	90	64	11	8	1	0	1	227	603	1209	742	2141	0	3	332	26	191	0,100,0,0,0,0	10456	314	27	56886	2110	11746	93531,93788,91624,33698,33698,33698,33698	0	0	27370,29617,901,0,0,0,0	1	78076
176440	61	94	71	11	17	1	0	1	230	603	1217	720	2020	3	3	375	33	222	0,100,0,0,0,0	10599	327	51	56931	2116	12021	93548,93804,91643,33780,33780,33780,33780	0	3	27370,29617,952,0,0,0,0	2	78099
176415	66	95	80	13	17	0	0	1	234	603	1222	752	1930	1	6	377	37	234	0,100,0,0,0,0	10439	331	36	56960	2123	12299	93560,93816,91658,33857,33857,33857,33857	0	0	27370,29617,988,0,0,0,0	1	78127
176394	72	105	86	8	16	0	0	0	237	603	1225	759	1974	0	13	428	49	238	0,100,0,0,0,0	19778	294	39	56997	2125	12535	93571,93826,91672,33933,33933,33933,33933	0	1	27370,29617,1027,0,0,0,0	0	78154
176356	72	114	87	12	17	1	0	0	254	603	1230	763	1767	2	2	490	47	256	0,100,0,0,0,0	19943	321	43	57036	2129	12811	93609,93862,91713,34032,34032,34032,34032	0	3	27370,29617,1069,0,0,0,0	0	78173
176301	82	149	90	12	17	2	0	0	255	603	1235	768	1883	5	4	539	53	299	0,100,0,0,0,0	10727	276	72	57097	2140	13037	93666,93917,91774,34162,34162,34162,34162	0	0	27370,29617,1141,0,0,0,0	1	78184
176244	96	161	98	16	12	2	0	0	272	603	1242	754	2001	1	5	424	57	328	0,100,0,0,0,0	10880	262	67	57152	2152	13255	93693,93942,91805,34256,34256,34256,34256	0	3	27370,29617,1208,0,0,0,0	2	78194
176183	110	162	122	18	16	2	0	0	285	603	1245	728	1827	1	3	486	56	374	0,100,0,0,0,0	10720	259	75	57219	2160	13464	93742,93988,91857,34362,34362,34362,34362	0	4	27370,29617,1283,0,0,0,0	2	78202
176118	120	180	134	16	18	2	0	0	306	603	1249	731	1821	5	5	536	53	417	0,100,0,0,0,0	10766	300	79	57287	2171	13710	93794,94038,91913,34468,34468,34468,34468	0	5	27370,29617,1362,0,0,0,0	2	78214
176044	131	212	142	24	26	2	0	0	310	603	1252	746	1792	1	9	606	67	470	0,100,0,0,0,0	10950	291	99	57376	2183	13955	93880,94122,92003,34617,34617,34617,34617	0	2	27370,29617,1463,0,0,0,0	2	78215
175980	125	215	174	28	29	1	0	0	336	603	1255	738	1996	7	7	676	63	509	0,100,0,0,0,0	20346	270	76	57447	2190	14179	93946,94185,92072,34751,34751,34751,34751	0	4	27370,29617,1541,0,0,0,0	1	78213
175896	126	257	178	32	28	1	0	0	364	603	1261	734	1918	1	9	833	83	539	0,100,0,0,0,0	20197	279	101	57542	2197	14423	93992,94231,92122,34873,34873,34873,34873	0	7	27370,29617,1643,0,0,0,0	1	78193
175793	165	286	179	28	31	2	0	0	394	603	1265	729	1776	5	16	908	98	593	0,100,0,0,0,0	11008	270	127	57653	2213	14649	94059,94297,92194,35020,35020,35020,35020	0	5	27370,29617,1770,0,0,0,0	2	78184
175676	186	316	199	35	38	2	0	0	421	603	1270	748	1802	1	8	1148	101	675	0,100,0,0,0,0	11268	293	134	57772	2229	14911	94133,94370,92271,35177,35177,35177,35177	0	7	27370,29617,1905,0,0,0,0	4	78161
175561	200	350	215	35	42	2	0	0	463	603	1275	766	1914	5	16	1295	112	732	0,100,0,0,0,0	11579	271	133	57897	2237	15141	94216,94452,92357,35340,35340,35340,35340	0	3	27370,29617,2038,0,0,0,0	5	78140
175415	230	374	244	49	47	3	0	0	502	603	1279	749	1992	7	10	1501	123	824	0,100,0,0,0,0	11644	261	166	58043	2259	15371	94305,94540,92450,35509,35509,35509,35509	0	9	27370,29617,2206,0,0,0,0	4	78109
175264	252	402	269	57	52	4	0	0	561	603	1282	752	2007	13	13	1612	126	910	0,100,0,0,0,0	11929	274	173	58194	2282	15606	94402,94636,92552,35693,35693,35693,35693	0	8	27370,29617,2380,0,0,0,0	5	78067
175127	248	428	293	72	52	4	0	0	631	603	1288	766	2019	6	24	1605	159	938	0,100,0,0,0,0	20921	258	150	58333	2295	15833	94488,94721,92640,35874,35874,35874,35874	0	6	27370,29617,2531,0,0,0,0	7	78023
174986	263	470	301	74	56	4	0	0	693	603	1296	744	1998	6	21	1876	182	986	0,100,0,0,0,0	21142	288	172	58492	2311	16083	94565,94798,92722,36060,36060,36060,36060	0	10	27370,29617,2705,0,0,0,0	11	77963
174810	280	526	327	73	59	5	0	0	761	603	1302	727	2047	6	25	2068	191	1079	0,100,0,0,0,0	12554	286	212	58679	2338	16326	94689,94922,92852,36289,36289,36289,36289	0	6	27370,29617,2918,0,0,0,0	10	77916
174655	311	544	353	77	64	6	1	0	827	603	1305	731	2040	8	19	2057	193	1163	0,100,0,0,0,0	12459	274	207	58860	2366	16571	94784,95017,92953,36490,36490,36490,36490	0	14	27370,29617,3125,0,0,0,0	9	77857
174453	356	582	395	90	74	5	1	0	879	603	1308	735	1985	8	30	2185	226	1277	0,100,0,0,0,0	12298	300	248	59070	2405	16839	94916,95149,93092,36734,36734,36734,36734	0	9	27370,29617,3372,0,0,0,0	9	77791
174225	392	661	418	89	74	4	1	0	963	603	1316	735	1979	11	22	1959	231	1408	0,100,0,0,0,0	12751	324	270	59315	2431	17116	95083,95316,93265,37019,37019,37019,37019	0	5	27370,29617,3641,0,0,0,0	7	77721
173965	407	764	472	89	82	6	2	1	1034	603	1321	723	1830	8	30	2015	255	1567	0,100,0,0,0,0	12292	294	309	59578	2480	17377	95275,95509,93465,37339,37339,37339,37339	0	8	27370,29617,3952,0,0,0,0	5	77640
173723	416	831	516	106	91	9	1	1	1123	604	1325	682	1906	2	24	1980	268	1702	0,100,0,0,0,0	21356	311	297	59839	2518	17653	95444,95677,93641,37642,37642,37642,37642	0	10	27370,29617,4249,0,0,0,0	12	77534
173464	434	877	584	115	108	7	1	1	1223	604	1328	683	1806	10	32	2063	292	1834	0,100,0,0,0,0	21209	311	315	60119	2556	17922	95645,95878,93849,37975,37975,37975,37975	1	16	27370,29617,4564,0,0,0,0	10	77437
173144	502	923	645	120	131	7	3	1	1334	604	1332	682	1960	18	33	2425	335	1996	0,100,0,0,0,0	12562	311	375	60444	2609	18202	95888,96120,94099,38362,38362,38362,38362	1	15	27370,29617,4941,0,0,0,0	11	77324
172749	573	1018	707	133	137	9	4	1	1476	604	1335	682	2019	15	53	2524	381	2200	0,100,0,0,0,0	12510	295	455	60842	2669	18470	96181,96412,94400,38815,38815,38815,38815	1	15	27370,29617,5398,0,0,0,0	18	77183
172381	644	1100	782	140	138	13	4	0	1597	605	1342	693	2046	20	46	3090	434	2387	0,100,0,0,0,0	13347	341	467	61254	2725	18764	96476,96706,94707,39256,39256,39256,39256	1	18	27370,29617,5866,0,0,0,0	23	77034
171991	670	1219	845	136	158	13	4	0	1756	605	1349	680	1986	23	53	3431	486	2559	0,100,0,0,0,0	13520	337	469	61665	2786	19064	96778,97010,95020,39721,39721,39721,39721	1	16	27370,29617,6336,0,0,0,0	25	76872
171559	757	1289	926	155	168	14	4	1	1914	605	1354	662	2030	20	63	3925	552	2761	0,100,0,0,0,0	13847	337	532	62130	2853	19370	97139,97369,95392,40236,40236,40236,40236	1	18	27370,29617,6867,0,0,0,0	29	76714
171182	765	1371	986	169	164	15	3	1	2125	606	1359	703	1796	31	40	4051	536	2937	0,100,0,0,0,0	23326	302	476	62557	2907	19629	97440,97671,95704,40714,40714,40714,40714	1	27	27370,29617,7345,0,0,0,0	39	76512
170802	773	1427	1063	196	177	14	5	1	2321	606	1361	713	2007	31	59	4446	587	3068	0,100,0,0,0,0	23508	305	488	62993	2965	19906	97731,97963,96007,41165,41165,41165,41165	1	21	27370,29617,7834,0,0,0,0	40	76301
170442	787	1488	1119	205	182	13	4	2	2533	606	1365	705	2097	20	61	4604	612	3186	0,100,0,0,0,0	24987	322	498	63428	3032	20197	98023,98253,96313,41615,41615,41615,41615	2	30	27370,29617,8336,0,0,0,0	41	76093
170096	797	1522	1189	212	202	12	3	2	2729	607	1375	702	1923	18	75	5042	676	3261	0,100,0,0,0,0	25332	311	491	63854	3102	20477	98319,98551,96626,42068,42068,42068,42068	2	19	27370,29617,8828,0,0,0,0	43	75911
169695	850	1569	1219	245	203	11	5	2	2960	607	1380	702	2056	31	64	5681	709	3393	0,100,0,0,0,0	25825	324	552	64330	3178	20759	98651,98883,96973,42565,42565,42565,42565	2	38	27370,29617,9376,0,0,0,0	45	75688
169266	890	1639	1275	240	214	10	7	2	3210	607	1386	699	1944	35	85	6062	743	3532	0,100,0,0,0,0	26112	291	581	64836	3263	21009	99010,99243,97349,43093,43093,43093,43093	2	34	27370,29617,9962,0,0,0,0	43	75458
168885	887	1652	1366	237	248	11	7	2	3455	607	1389	721	1982	31	78	5822	799	3609	0,100,0,0,0,0	26454	290	542	65317	3326	21264	99330,99563,97684,43564,43564,43564,43564	3	27	27370,29617,10504,0,0,0,0	53	75227
168503	902	1695	1430	241	255	13	7	2	3696	608	1394	710	2084	37	91	6060	848	3695	0,100,0,0,0,0	25132	321	570	65813	3404	21549	99660,99893,98032,44051,44051,44051,44051	3	29	27370,29617,11072,0,0,0,0	64	74992
168186	878	1742	1461	260	272	24	9	2	3907	610	1395	714	1958	32	81	6125	882	3764	0,100,0,0,0,0	25264	315	548	66297	3476	21822	99990,100222,98382,44512,44512,44512,44512	3	29	27370,29617,11624,0,0,0,0	68	74780
167831	890	1804	1473	259	277	27	12	1	4163	610	1399	685	1967	31	108	6549	899	3843	0,100,0,0,0,0	26634	303	583	66798	3562	22082	100318,100550,98732,44992,44992,44992,44992	3	31	27370,29617,12203,0,0,0,0	79	74537
167345	975	1915	1518	276	291	35	11	1	4361	612	1406	683	1975	40	81	6974	897	4124	0,100,0,0,0,0	17280	518	725	67412	3677	22548	100740,100971,99176,45590,45590,45590,45590	3	33	27370,29617,12926,0,0,0,0	90	74263
166853	1101	1971	1583	278	301	31	13	1	4590	613	1411	649	1906	31	97	7172	910	4368	0,100,0,0,0,0	17493	478	767	68064	3795	22988	101254,101484,99715,46312,46312,46312,46312	3	41	27370,29617,13689,0,0,0,0	88	73976
166253	1205	2106	1640	295	282	38	13	2	4884	614	1414	657	2051	51	108	7177	938	4641	0,100,0,0,0,0	17359	500	853	68788	3926	23439	101830,102059,100315,47099,47099,47099,47099	4	66	27370,29617,14539,0,0,0,0	92	73666
165672	1270	2239	1677	325	316	41	14	2	5156	614	1420	647	2004	56	90	6749	962	4920	0,100,0,0,0,0	17450	519	856	69514	4061	23905	102401,102630,100912,47894,47894,47894,47894	4	38	27370,29617,15393,0,0,0,0	93	73343
165226	1234	2320	1770	342	328	47	12	3	5419	616	1429	617	1973	48	97	6697	1003	5050	0,100,0,0,0,0	25614	494	740	70152	4168	24365	102880,103109,101418,48585,48585,48585,48585	4	44	27370,29617,16132,0,0,0,0	98	73000
164734	1239	2415	1873	359	335	42	15	4	5680	617	1433	601	2023	48	101	6747	1034	5244	0,100,0,0,0,0	25612	528	788	70832	4284	24827	103412,103642,101977,49317,49317,49317,49317	4	43	27370,29617,16921,0,0,0,0	101	72700
164070	1298	2566	1971	366	368	38	19	3	5986	617	1444	578	1921	45	155	7294	1153	5473	0,100,0,0,0,0	17387	532	978	71670	4426	25289	104063,104295,102660,50202,50202,50202,50202	5	47	27370,29617,17896,0,0,0,0	96	72339
163378	1454	2645	2056	398	379	37	23	3	6307	618	1448	595	1919	57	126	8158	1215	5777	0,100,0,0,0,0	17950	649	1017	72528	4592	25877	104737,104971,103366,51113,51113,51113,51113	5	52	27370,29617,18911,0,0,0,0	101	71967
162689	1535	2831	2118	425	394	42	24	3	6615	619	1451	569	2025	61	141	7955	1297	6072	0,100,0,0,0,0	18285	707	1041	73404	4761	26520	105462,105694,104122,52091,52091,52091,52091	5	53	27370,29617,19947,0,0,0,0	107	71587
161978	1625	2978	2288	446	399	42	30	3	6886	619	1452	558	1956	50	135	8206	1375	6433	0,100,0,0,0,0	18135	687	1108	74337	4944	27149	106230,106465,104926,53138,53138,53138,53138	5	51	27370,29617,21051,0,0,0,0	118	71152
161269	1664	3178	2336	465	439	45	34	4	7238	619	1455	556	1981	57	131	8577	1429	6732	0,100,0,0,0,0	18378	620	1114	75296	5108	27719	107035,107271,105768,54186,54186,54186,54186	5	38	27370,29617,22165,0,0,0,0	122	70738
160609	1641	3345	2421	470	474	45	41	4	7619	621	1456	549	1872	52	157	8986	1511	6926	0,100,0,0,0,0	27150	686	1073	76212	5272	28330	107757,107994,106527,55148,55148,55148,55148	6	51	27370,29617,23238,0,0,0,0	139	70312
159974	1630	3406	2587	477	508	54	44	5	7979	625	1457	553	2007	57	171	9236	1603	7103	0,100,0,0,0,0	27618	687	1056	77105	5444	28952	108484,108722,107290,56119,56119,56119,56119	6	58	27370,29617,24287,0,0,0,0	137	69891
159148	1782	3590	2690	528	519	53	41	6	8295	631	1463	570	1970	75	175	10327	1755	7448	0,100,0,0,0,0	20157	683	1348	78220	5681	29571	109419,109657,108270,57321,57321,57321,57321	6	52	27370,29617,25616,0,0,0,0	147	69415
158308	1878	3725	2905	531	548	48	41	5	8655	634	1468	553	1919	67	172	10893	1830	7846	0,100,0,0,0,0	20930	907	1334	79334	5912	30414	110322,110559,109218,58518,58518,58518,58518	6	45	27370,29617,26951,0,0,0,0	152	68894
157482	1946	3871	3057	586	526	55	41	6	9064	636	1476	565	1936	71	176	11262	1931	8151	0,100,0,0,0,0	21160	864	1371	80469	6157	31209	111300,111537,110245,59809,59809,59809,59809	6	47	27370,29617,28316,0,0,0,0	156	68388
156611	2025	4015	3147	595	562	60	37	7	9566	641	1480	566	1969	75	200	10622	2007	8434	0,100,0,0,0,0	21391	904	1377	81572	6441	32052	112237,112476,111230,61073,61073,61073,61073	6	62	27370,29617,29681,0,0,0,0	143	67854
155874	2029	4120	3305	615	596	63	38	7	9972	645	1482	547	1972	65	179	11146	2067	8699	0,100,0,0,0,0	21362	931	1339	82674	6684	32913	113170,113412,112215,62285,62285,62285,62285	7	53	27370,29617,31005,0,0,0,0	150	67333
155270	1982	4077	3467	635	649	68	34	8	10426	647	1483	558	1989	65	172	11574	2068	8844	0,100,0,0,0,0	29871	885	1200	83683	6886	33749	114016,114259,113112,63393,63393,63393,63393	7	69	27370,29617,32194,0,0,0,0	153	66811
154654	1947	4078	3577	667	671	68	32	6	10911	651	1484	531	1958	62	199	11842	2145	8895	0,100,0,0,0,0	30167	989	1245	84710	7110	34572	114861,115105,114010,64498,64498,64498,64498	7	70	27370,29617,33423,0,0,0,0	154	66342
153988	2010	4080	3718	687	695	74	35	8	11313	652	1486	547	1964	88	215	12340	2236	9063	0,100,0,0,0,0	22738	1040	1365	85842	7356	35415	115797,116044,115004,65674,65674,65674,65674	7	64	27370,29617,34781,0,0,0,0	157	65857
153308	2043	4149	3764	701	675	82	36	8	11835	655	1490	548	1898	65	247	12743	2290	9160	0,100,0,0,0,0	22942	1777	1356	86974	7583	37015	116717,116963,115978,66842,66842,66842,66842	8	65	27370,29617,36118,0,0,0,0	152	65317
152624	2084	4237	3747	700	685	87	45	6	12380	659	1492	532	1985	78	229	13754	2353	9232	0,100,0,0,0,0	24059	1783	1386	88112	7848	38607	117851,118097,117172,68336,68336,68336,68336	8	58	27370,29617,37497,0,0,0,0	167	64827
152006	2123	4223	3819	726	694	89	49	3	12856	664	1494	534	1979	80	207	13717	2348	9375	0,100,0,0,0,0	23997	1669	1374	89191	8149	40130	118933,119182,118318,69768,69768,69768,69768	8	53	27370,29617,38843,0,0,0,0	183	64313
151470	2115	4227	3935	729	729	94	55	2	13226	667	1497	494	1891	70	229	13675	2390	9494	0,100,0,0,0,0	23977	1735	1321	90248	8422	41697	119984,120232,119433,71123,71123,71123,71123	8	68	27370,29617,40140,0,0,0,0	191	63820
151069	1983	4302	3905	746	699	92	52	5	13721	673	1499	511	2003	77	213	13501	2355	9424	0,100,0,0,0,0	31694	1682	1204	91226	8654	43205	120923,121175,120437,72343,72343,72343,72343	8	75	27370,29617,41329,0,0,0,0	190	63337
150766	1870	4244	3925	750	696	94	50	5	14162	679	1505	496	1944	89	238	13486	2371	9258	0,100,0,0,0,0	31576	1572	1135	92151	8870	44641	121836,122090,121417,73493,73493,73493,73493	8	67	27370,29617,42441,0,0,0,0	184	62852
150370	1886	4208	3967	739	698	97	52	5	14531	685	1508	499	1971	79	217	13388	2370	9277	0,100,0,0,0,0	24101	1659	1274	93169	9134	46152	122835,123091,122487,74716,74716,74716,74716	8	61	27370,29617,43692,0,0,0,0	177	62366
149984	1944	4103	3945	740	721	95	53	6	14954	688	1513	474	1991	84	222	13336	2351	9250	0,100,0,0,0,0	23675	913	1252	94135	9426	46915	123812,124067,123532,75927,75927,75927,75927	9	64	27370,29617,44919,0,0,0,0	184	61911
149666	1973	4073	3908	736	719	90	50	6	15314	696	1515	480	1907	66	237	13413	2384	9165	0,100,0,0,0,0	23717	880	1257	95111	9719	47644	124586,124841,124378,76804,76804,76804,76804	8	56	27370,29617,46162,0,0,0,0	188	61424
149330	1954	3996	3957	709	726	95	49	8	15706	700	1516	499	2011	78	237	13797	2401	9085	0,100,0,0,0,0	23988	870	1250	96104	9979	48369	125354,125608,125214,77647,77647,77647,77647	9	62	27370,29617,47370,0,0,0,0	171	60961
149023	1962	3968	3882	674	737	102	51	8	16116	705	1518	463	1901	73	208	12908	2321	9055	0,100,0,0,0,0	24280	892	1226	97031	10287	49104	126082,126334,126014,78470,78470,78470,78470	8	59	27370,29617,48558,0,0,0,0	179	60505
148865	1860	3925	3767	666	704	97	52	8	16570	710	1522	455	1888	81	198	12277	2165	8906	0,99,0,0,0,0	30505	815	1046	97857	10539	49778	126672,126925,126674,79136,79136,79136,79136	8	54	27370,29617,49583,27,0,0,0	183	60013
148827	1770	3878	3760	642	677	89	50	8	16805	715	1525	445	1946	69	208	12387	2206	8660	0,99,0,0,0,0	30535	846	1048	98664	10805	50506	127256,127512,127336,79743,79743,79743,79743	8	63	27370,29617,50597,53,0,0,0	177	59572
148675	1784	3860	3672	652	683	88	47	7	17025	722	1531	444	1902	62	213	12879	2221	8565	0,99,0,0,0,0	23188	868	1145	99565	11078	51223	127936,128192,128090,80447,80447,80447,80447	8	55	27370,29617,51704,82,0,0,0	176	59140
148629	1770	3769	3613	653	706	94	50	5	17197	725	1535	452	1998	64	239	13232	2249	8406	0,98,1,0,0,0	23115	730	1071	100398	11346	51777	128555,128812,128785,81084,81084,81084,81084	8	58	27370,29617,52737,115,0,0,0	177	58703
148599	1729	3743	3565	652	690	90	53	5	17354	728	1538	459	1968	68	215	13192	2209	8313	0,98,1,0,0,0	23458	741	1055	101206	11632	52360	129131,129385,129436,81633,81633,81633,81633	8	45	27370,29617,53737,167,0,0,0	186	58295
148633	1691	3652	3574	628	692	91	53	7	17450	735	1540	469	1907	70	198	13234	2199	8182	0,97,2,0,0,0	23414	767	1034	102001	11903	52962	129670,129921,130054,82133,82133,82133,82133	8	53	27370,29617,54718,226,0,0,0	187	57868
148725	1665	3555	3558	638	663	83	53	7	17518	740	1541	470	1962	54	200	13030	2125	8090	0,97,2,0,0,0	23496	741	1028	102770	12169	53565	130192,130445,130659,82600,82600,82600,82600	8	50	27370,29617,55672,266,0,0,0	183	57468
148931	1546	3452	3471	644	670	87	55	6	17595	743	1546	460	1842	57	176	12684	2028	7897	0,97,2,0,0,0	31093	763	886	103432	12403	54157	130618,130870,131162,82968,82968,82968,82968	8	43	27370,29617,56476,328,0,0,0	177	57089
149184	1441	3321	3442	649	642	91	57	7	17615	745	1552	483	1902	69	193	12115	1948	7695	0,96,3,0,0,0	30775	764	889	104066	12659	54764	131012,131264,131635,83275,83274,83274,83274	8	50	27370,29617,57275,381,0,0,0	184	56737
149285	1453	3220	3402	632	681	95	54	8	17613	751	1552	460	1994	57	216	12556	1965	7572	0,95,4,0,0,0	22891	728	1022	104800	12957	55343	131500,131753,132201,83710,83709,83709,83709	8	54	27370,29617,58166,476,0,0,0	171	56357
149483	1518	3070	3349	608	643	89	56	10	17608	756	1556	475	1867	59	202	12423	1931	7402	0,95,4,0,0,0	22776	391	959	105473	13245	55584	131920,132171,132699,84047,84047,84047,84047	7	51	27370,29617,59007,548,0,0,0	167	55987
149762	1433	3092	3209	617	599	86	54	11	17565	762	1556	465	1959	58	197	11975	1877	7213	0,95,4,0,0,0	22455	400	913	106119	13517	55822	132250,132504,133109,84223,84222,84222,84222	7	33	27370,29617,59794,633,0,0,0	173	55644
150009	1389	2966	3227	605	606	82	51	12	17476	765	1558	477	1924	49	160	11690	1840	7086	0,94,5,0,0,0	21860	401	873	106731	13784	56072	132562,132818,133500,84384,84382,84382,84382	7	35	27370,29617,60526,734,0,0,0	171	55338
150240	1446	2904	3140	566	570	82	50	13	17404	770	1561	485	1937	65	174	11244	1758	7000	0,93,6,0,0,0	21511	310	918	107385	14053	56332	132896,133150,133911,84574,84572,84572,84572	7	47	27370,29617,61288,855,0,0,0	157	54969
150567	1381	2802	3082	554	534	83	47	16	17340	775	1565	471	1930	53	154	10915	1699	6784	0,92,7,0,0,0	29217	223	773	107907	14310	56555	133156,133410,134242,84685,84682,84682,84682	7	40	27370,29617,61919,950,0,0,0	165	54663
150870	1363	2746	2955	507	536	83	48	16	17273	779	1570	431	1903	56	154	10887	1663	6575	0,91,8,0,0,0	29134	265	791	108454	14561	56820	133428,133680,134585,84809,84805,84805,84805	7	49	27370,29617,62559,1067,0,0,0	164	54334
151131	1303	2729	2875	472	496	76	45	19	17246	782	1572	451	1915	56	155	10937	1586	6410	0,91,8,0,0,0	21338	240	809	109003	14825	57060	133731,133981,134956,84987,84981,84981,84981	6	33	27370,29617,63208,1189,0,0,0	151	54013
151528	1264	2640	2822	431	495	79	45	15	17066	788	1573	447	2011	49	142	10879	1521	6255	0,89,10,0,0,0	21241	107	755	109514	15072	57167	133965,134216,135264,85062,85055,85055,85055	6	39	27370,29617,63777,1332,0,0,0	142	53703
151940	1161	2602	2748	418	482	77	46	13	16894	789	1576	462	1939	42	151	10536	1497	6037	0,88,11,0,0,0	29990	94	693	109944	15337	57261	134131,134379,135497,85049,85041,85041,85041	6	36	27370,29617,64282,1486,0,0,0	144	53443
152429	1118	2483	2673	420	454	73	42	15	16666	794	1579	466	1890	45	132	10445	1441	5822	0,87,12,0,0,0	29954	98	667	110365	15590	57359	134281,134526,135718,84988,84978,84978,84978	6	33	27370,29617,64762,1643,0,0,0	138	53189
152880	1062	2352	2591	422	452	71	42	14	16478	797	1585	475	1987	43	118	9972	1397	5595	0,86,13,0,0,0	28739	106	630	110751	15840	57465	134396,134640,135898,84929,84916,84916,84916	6	34	27370,29617,65189,1818,0,0,0	130	52945
153398	1039	2203	2490	414	439	77	36	15	16248	801	1586	473	1941	59	125	9550	1299	5399	0,84,15,0,0,0	28151	97	617	111137	16075	57562	134509,134751,136079,84847,84832,84832,84832	6	41	27370,29617,65580,2012,0,0,0	135	52695
153968	999	2074	2406	391	411	72	36	13	15984	806	1586	473	1996	37	142	9598	1284	5105	0,82,17,0,0,0	28066	83	566	111500	16281	57645	134590,134830,136225,84717,84699,84699,84699	5	26	27370,29617,65931,2185,0,0,0	131	52469
154454	935	1974	2324	391	407	61	31	14	15760	809	1586	464	1954	37	124	9344	1221	4902	0,80,19,0,0,0	29039	98	571	111859	16498	57743	134667,134907,136365,84609,84588,84588,84588	5	32	27370,29617,66259,2401,0,0,0	123	52227
154931	952	1906	2179	372	387	54	27	16	15521	812	1589	464	1944	51	128	8957	1156	4721	0,78,21,0,0,0	28804	78	610	112232	16742	57821	134749,134988,136513,84507,84483,84483,84483	5	36	27370,29617,66626,2615,0,0,0	101	51976
155378	973	1830	2136	325	353	55	29	15	15245	816	1591	465	1824	28	117	8661	1125	4576	0,76,23,0,0,0	28125	68	602	112596	16984	57889	134843,135079,136665,84424,84396,84396,84396	5	27	27370,29617,66972,2838,0,0,0	93	51743
155820	958	1822	2006	308	330	50	31	13	14994	819	1595	492	1990	34	103	8392	1051	4454	0,74,25,0,0,0	28429	83	602	112957	17230	57972	134919,135152,136799,84341,84308,84308,84308	5	32	27370,29617,67295,3102,0,0,0	94	51492
156251	975	1761	1939	312	320	54	25	13	14673	825	1598	500	1971	33	93	7789	1001	4385	0,71,28,0,0,0	27741	85	588	113314	17464	58057	134994,135228,136929,84265,84227,84227,84227	5	37	27370,29617,67573,3394,0,0,0	88	51246
156733	958	1737	1884	301	304	57	22	11	14311	827	1601	480	1984	42	79	7039	931	4332	0,68,31,0,0,0	26258	69	537	113640	17679	58126	135043,135277,137035,84149,84106,84106,84106	5	35	27370,29617,67813,3672,0,0,0	91	51019
157181	970	1720	1872	280	291	62	20	12	13906	829	1603	474	1877	40	74	6648	874	4341	0,65,34,0,0,0	25452	72	599	113992	17928	58198	135097,135330,137146,84052,84005,84005,84005	4	35	27370,29617,68079,3980,0,0,0	95	50772
157499	1033	1699	1878	283	268	63	21	12	13553	832	1605	473	1841	42	96	6662	862	4383	0,62,37,0,0,0	16783	74	649	114343	18230	58272	135171,135400,137271,84020,83968,83968,83968	4	30	27370,29617,68329,4357,0,0,0	103	50516
157773	1094	1746	1819	279	258	61	24	10	13240	832	1610	450	1964	47	80	6464	829	4452	0,59,40,0,0,0	16585	273	682	114706	18553	58545	135266,135499,137418,84038,83979,83979,83979	4	32	27370,29617,68568,4771,0,0,0	102	50274
158075	1071	1756	1835	289	269	57	23	9	12917	833	1612	450	1914	39	83	6219	813	4487	0,55,44,0,0,0	16375	279	640	115062	18838	58824	135382,135617,137583,84079,84015,84015,84015	4	30	27370,29617,68774,5190,0,0,0	97	50033
158245	1155	1844	1831	271	260	58	22	7	12603	835	1615	457	2046	30	115	6084	812	4629	0,51,48,0,0,0	16151	258	783	115471	19212	59082	135534,135769,137782,84215,84144,84144,84144	4	34	27370,29617,69024,5698,0,0,0	102	49749
158357	1256	1841	1846	252	264	56	19	7	12391	839	1618	470	1968	35	90	5795	779	4755	0,47,52,0,0,0	15907	283	777	115834	19629	59365	135675,135909,137965,84355,84277,84277,84277	4	28	27370,29617,69203,6268,0,0,0	99	49503
158594	1237	1876	1873	247	244	49	19	4	12141	841	1621	489	1918	57	81	5201	722	4823	0,44,55,0,0,0	24261	281	667	116124	20010	59646	135767,136000,138098,84433,84347,84347,84347	4	42	27370,29617,69361,6758,0,0,0	101	49299
158655	1211	2013	1888	221	228	47	18	3	11997	844	1621	493	1948	26	68	5368	720	4906	0,41,58,0,0,0	24110	263	772	116515	20396	59909	135931,136164,138294,84652,84556,84556,84556	5	50	27370,29617,69534,7344,0,0,0	98	49025
158566	1399	2078	1910	222	215	45	16	3	11823	847	1622	458	1884	44	79	5715	715	5170	0,37,62,0,0,0	15931	279	949	116958	20907	60188	136133,136367,138528,84928,84823,84823,84823	5	38	27370,29617,69704,8107,0,0,0	95	48712
158383	1573	2080	2060	222	230	46	18	2	11661	847	1624	477	2016	46	94	5830	771	5458	0,33,66,0,0,0	15730	349	988	117439	21420	60537	136364,136595,138787,85280,85165,85165,85165	5	48	27370,29617,69867,8908,0,0,0	99	48378
158215	1618	2209	2120	254	244	45	20	2	11544	848	1627	457	1885	62	91	5971	820	5690	0,31,68,0,0,0	15960	314	997	117881	21980	60851	136583,136811,139037,85639,85514,85514,85514	5	55	27370,29617,70027,9726,0,0,0	93	48063
157904	1699	2437	2192	243	251	41	17	2	11478	852	1630	453	1908	51	104	5832	864	6016	0,28,71,0,0,0	15997	357	1103	118382	22591	61208	136846,137075,139323,86078,85941,85941,85941	5	46	27370,29617,70173,10667,0,0,0	85	47710
157430	1913	2582	2292	250	238	39	16	3	11494	855	1634	459	1989	66	98	6113	902	6428	0,25,74,0,0,0	16255	335	1227	118932	23278	61543	137135,137362,139632,86615,86465,86465,86465	5	58	27370,29617,70309,11742,0,0,0	78	47316
157138	1904	2712	2402	253	247	37	15	2	11538	859	1639	493	1926	46	64	6146	889	6681	0,22,77,0,0,0	24930	333	1085	119417	23884	61876	137349,137577,139872,87036,86869,86869,86869	5	64	27370,29617,70421,12704,0,0,0	83	46962
156840	1851	2886	2560	264	259	38	17	3	11530	859	1639	491	2014	69	101	6119	916	6959	0,20,79,0,0,0	24958	361	1108	119907	24529	62237	137577,137804,140125,87473,87290,87290,87290	6	60	27370,29617,70514,13719,17,0,0	95	46603
156119	2182	2936	2709	269	254	39	17	2	11720	860	1639	480	1870	76	108	6404	953	7453	0,17,81,0,0,0	16454	334	1469	120567	25363	62571	137912,138136,140475,88167,87968,87968,87968	6	73	27370,29617,70623,15068,34,0,0	102	46110
155386	2460	3110	2838	274	245	35	21	2	11871	861	1643	490	1888	72	108	6653	1019	7964	0,15,83,0,0,0	16704	375	1519	121239	26233	62946	138266,138490,140846,88884,88669,88669,88669	7	79	27370,29617,70735,16450,59,0,0	95	45613
154664	2564	3389	2978	293	258	30	19	2	12038	866	1645	492	1920	72	92	6728	1039	8492	0,13,85,0,0,0	16791	380	1553	121921	27130	63326	138624,138850,141219,89627,89391,89391,89391	7	72	27370,29617,70832,17899,81,0,0	89	45107
153699	2780	3628	3191	289	266	30	19	3	12321	867	1653	486	2004	82	111	7215	1090	9113	0,12,86,1,0,0	16982	353	1716	122639	28151	63679	139037,139262,141636,90519,90261,90261,90261	7	79	27370,29617,70921,19497,114,0,0	101	44587
152721	2931	3851	3456	289	287	30	16	4	12634	870	1657	500	1934	97	134	7354	1174	9686	0,11,87,1,0,0	17299	360	1795	123395	29216	64039	139453,139678,142060,91436,91155,91155,91155	8	108	27370,29617,71005,21164,156,0,0	95	44024
151775	2997	4071	3686	308	318	27	17	2	13017	871	1657	508	2002	110	119	7803	1248	10176	0,9,88,1,0,0	25905	382	1747	124083	30285	64421	139841,140065,142453,92308,92001,92001,92001	8	99	27370,29617,71075,22793,197,0,0	103	43522
150791	2993	4321	3945	336	325	25	20	2	13457	872	1659	523	1919	102	137	7938	1352	10613	0,8,89,1,0,0	26614	357	1835	124818	31404	64778	140246,140469,142862,93253,92919,92919,92919	9	114	27370,29617,71131,24518,244,0,0	111	42965
149485	3331	4445	4240	342	337	27	16	4	13982	874	1663	546	1925	109	139	8282	1449	11289	0,7,90,2,0,0	18423	350	2171	125682	32727	65128	140742,140963,143354,94415,94050,94050,94050	10	113	27370,29617,71192,26555,309,0,0	122	42328
148034	3736	4615	4457	369	340	28	20	4	14597	876	1670	507	1989	114	139	9139	1568	11997	0,6,90,2,0,0	19099	306	2331	126617	34141	65434	141279,141498,143887,95679,95284,95284,95284	10	113	27370,29617,71268,28734,382,0,0	121	41642
146514	3905	5032	4645	362	370	33	21	4	15309	877	1674	497	1929	145	137	9653	1634	12734	0,6,91,2,0,0	19505	310	2401	127539	35633	65744	141811,142026,144407,96980,96549,96548,96548	11	118	27370,29617,71342,30972,463,0,0	120	40955
144958	4084	5414	4854	398	398	31	21	4	16030	878	1676	514	1964	139	158	10006	1729	13471	0,5,91,2,0,0	20182	290	2508	128544	37152	66034	142361,142574,144944,98341,97869,97868,97868	12	139	27370,29617,71416,33305,555,0,0	123	40188
143287	4329	5809	5133	437	429	31	22	7	16704	880	1678	490	1975	136	196	10742	1937	14253	0,4,91,3,0,0	20770	325	2730	129603	38838	66359	142954,143168,145522,99863,99345,99343,99343	12	133	27370,29617,71469,35860,674,0,0	117	39385
141886	4322	5985	5408	476	437	31	18	9	17609	884	1681	480	1879	139	174	11132	1988	14689	0,4,92,3,0,0	29268	331	2455	130544	40364	66690	143453,143664,146015,101201,100634,100632,100632	13	134	27370,29617,71511,38144,788,0,0	140	38654
140390	4314	6289	5700	501	439	30	20	10	18487	884	1682	482	2018	142	173	11474	2118	15175	0,3,92,3,0,0	29540	346	2599	131521	42006	67036	143954,144168,146507,102592,101975,101973,101973	14	148	27370,29617,71542,40571,923,0,0	133	37896
138546	4726	6354	6033	499	473	27	18	9	19490	886	1685	473	1979	178	212	11807	2223	15907	0,3,92,4,0,0	21858	329	2962	132655	43852	67365	144583,144794,147121,104256,103584,103581,103581	14	151	27370,29617,71574,43354,1059,0,0	128	37035
136845	4945	6542	6321	516	521	31	20	11	20421	887	1686	463	1937	174	193	12296	2393	16503	0,2,92,4,0,0	22347	113	2917	133739	45701	67478	145159,145370,147679,105860,105131,105127,105127	15	133	27370,29617,71602,46024,1256,0,0	131	36194
135148	4939	6878	6544	542	532	35	19	11	21519	889	1690	495	1999	171	236	12881	2497	16992	0,2,92,5,0,0	22445	140	2974	134888	47543	67618	145730,145939,148229,107475,106682,106678,106678	16	162	27370,29617,71642,48755,1440,0,0	126	35308
133423	4993	7081	6818	552	538	35	18	12	22691	890	1695	488	1910	181	236	13267	2574	17461	0,2,92,5,0,0	23540	109	3022	136019	49458	67727	146313,146514,148792,109134,108275,108269,108269	16	152	27370,29617,71666,51517,1655,0,0	137	34468
131748	5157	7135	7144	578	569	35	19	15	23753	891	1702	495	1934	174	228	13580	2646	17991	0,2,91,5,0,0	23680	131	3106	137144	51451	67858	146871,147065,149322,110779,109850,109843,109843	17	155	27370,29617,71679,54316,1917,0,0	145	33621
130328	5083	7131	7330	603	592	29	23	17	25011	892	1707	496	2023	186	205	13958	2641	18150	0,1,91,6,0,0	31757	117	2860	138155	53327	67975	147318,147512,149751,112291,111285,111275,111275	18	176	27370,29617,71703,56903,2158,0,0	143	32842
129095	4849	7255	7506	582	615	30	25	18	26169	892	1710	507	1896	190	237	14091	2680	18182	0,1,91,6,0,0	32292	143	2814	139158	55160	68118	147727,147918,150145,113744,112657,112645,112645	18	165	27370,29617,71722,59427,2409,0,0	156	32059
127476	4982	7403	7528	576	605	33	25	19	27491	895	1713	500	1925	178	266	14352	2735	18417	0,1,90,7,0,0	24492	157	3192	140282	57254	68275	148246,148431,150636,115474,114302,114288,114288	18	150	27370,29617,71739,62252,2736,0,0	144	31190
