S	E	I1	I2	I3	I4	I5_h	I6_h	R_h	R	D1	D2	H	T	P1	P2	Q	QT	NQ	MUT	HOM	VAC	NI	INF	REINF	BSTR	IMM	HCI	HCE	INFV	INFH	VNI
178120	124	118	54	39	41	4	4	0	242	0	0	200	0	0	0	52	52	332	0,0,0,0,0,0	178746	0	0	384	0	0	626,626,626,626,626,626,626	0	0	0,0,0,0,0,0,0	0	0
178062	92	183	55	35	40	5	3	0	269	1	1	293	327	1	67	258	61	352	0,0,0,0,0,0	12501	0	63	447	0	0	684,684,684,684,684,684,684	0	6	63,0,0,0,0,0,0	10	0
177992	98	211	66	31	36	4	5	0	297	1	5	391	255	0	12	434	66	385	0,0,0,0,0,0	13082	0	78	526	0	0	756,756,756,756,756,756,756	0	6	142,0,0,0,0,0,0	10	0
177917	113	221	79	37	42	2	6	0	320	1	8	490	264	0	11	474	75	425	0,0,0,0,0,0	13069	0	84	610	0	0	831,831,831,831,831,831,831	0	10	226,0,0,0,0,0,0	7	0
177865	112	225	93	42	49	4	6	0	338	1	11	536	95	0	15	539	83	448	0,0,0,0,0,0	25206	0	63	674	0	0	886,886,886,886,886,886,886	0	3	290,0,0,0,0,0,0	11	0
177799	120	224	117	46	60	3	7	1	351	1	17	546	280	0	16	868	101	476	0,0,0,0,0,0	25512	0	82	756	0	0	957,957,957,957,957,957,957	0	7	372,0,0,0,0,0,0	15	0
177726	136	225	138	45	54	5	6	2	388	1	20	573	234	0	23	962	122	487	0,0,0,0,0,0	13598	0	81	838	1	0	1034,1034,1034,1033,1033,1033,1033	0	11	455,0,0,0,0,0,0	15	0
177654	136	249	136	58	53	7	7	1	417	2	26	604	115	1	17	1125	148	498	0,0,0,0,0,0	13943	0	89	928	1	0	1113,1113,1113,1111,1111,1111,1111	0	6	545,0,0,0,0,0,0	15	0
177588	141	250	145	57	64	8	7	1	451	2	32	647	214	2	17	1211	171	501	0,0,0,0,0,0	13985	0	81	1010	1	0	1189,1188,1188,1184,1184,1184,1184	0	3	627,0,0,0,0,0,0	19	0
177493	152	268	156	65	64	9	7	1	492	3	36	653	208	0	23	1417	196	525	0,0,0,0,0,0	14178	0	112	1124	1	0	1293,1292,1292,1287,1287,1287,1287	0	10	741,0,0,0,0,0,0	19	0
177411	157	277	165	62	77	8	7	2	540	3	37	708	311	0	23	1745	202	551	0,0,0,0,0,0	14601	0	103	1229	1	0	1383,1381,1381,1374,1374,1374,1374	0	6	846,0,0,0,0,0,0	18	0
177352	151	289	169	74	69	10	6	2	578	4	42	752	97	1	22	1516	213	555	0,0,0,0,0,0	26290	0	89	1317	2	0	1456,1453,1453,1444,1444,1444,1444	0	5	935,0,0,0,0,0,0	29	0
177288	135	323	161	81	75	9	5	3	616	4	46	727	78	0	18	1623	228	561	0,0,0,0,0,0	26432	0	98	1414	3	0	1543,1539,1539,1524,1524,1524,1524	0	2	1033,0,0,0,0,0,0	21	0
177202	149	312	184	90	84	10	5	3	652	4	51	719	247	0	27	2004	256	578	0,0,0,0,0,0	14710	0	110	1526	4	0	1643,1638,1638,1621,1621,1621,1621	1	13	1146,0,0,0,0,0,0	21	0
177120	140	347	187	85	87	13	6	3	698	4	56	713	261	2	37	1989	297	568	0,0,0,0,0,0	15047	0	112	1637	6	0	1740,1734,1734,1713,1713,1713,1713	1	12	1259,0,0,0,0,0,0	25	0
177027	155	340	201	97	94	14	6	4	739	4	65	722	74	0	25	2152	309	598	0,0,0,0,0,0	14966	0	122	1758	7	0	1857,1849,1849,1820,1820,1820,1820	1	9	1381,0,0,0,0,0,0	27	0
176939	188	327	216	98	92	16	8	4	786	4	68	698	241	3	27	2287	317	628	0,0,0,0,0,0	15120	0	126	1885	7	0	1975,1964,1964,1926,1926,1926,1926	1	12	1508,0,0,0,0,0,0	31	0
176855	208	354	203	91	97	18	7	4	834	5	70	706	246	0	28	2450	302	676	0,0,0,0,0,0	15187	0	132	2014	10	0	2090,2076,2076,2029,2029,2029,2029	1	12	1639,0,0,0,0,0,0	33	0
176773	224	351	215	92	96	17	10	3	880	5	80	688	279	3	29	2774	323	682	0,0,0,0,0,0	27383	0	120	2133	12	0	2202,2186,2186,2130,2130,2130,2130	1	8	1759,0,0,0,0,0,0	34	0
176696	209	382	232	96	98	18	10	3	913	6	83	714	94	2	25	2927	328	717	0,0,0,0,0,0	27617	0	124	2257	14	0	2315,2296,2296,2229,2229,2229,2229	1	9	1884,0,0,0,0,0,0	39	0
176596	212	411	227	111	96	20	10	3	966	6	88	684	239	1	43	2984	353	734	0,0,0,0,0,0	15895	0	147	2404	15	0	2452,2430,2430,2351,2351,2351,2351	1	11	2031,0,0,0,0,0,0	40	0
176481	232	426	242	104	101	24	10	5	1019	8	94	693	259	0	47	3098	377	762	0,0,0,0,0,0	15984	0	154	2558	16	0	2600,2574,2574,2484,2484,2484,2484	1	12	2186,0,0,0,0,0,0	42	0
176376	244	435	250	117	100	25	11	3	1080	8	97	681	262	2	35	3173	382	800	0,0,0,0,0,0	16176	0	161	2717	18	0	2754,2724,2724,2616,2616,2616,2616	1	12	2347,0,0,0,0,0,0	52	0
176261	247	465	273	109	105	27	11	4	1134	8	102	671	252	3	40	3129	402	835	0,0,0,0,0,0	15904	0	173	2888	20	0	2921,2885,2885,2758,2758,2758,2758	1	14	2520,0,0,0,0,0,0	53	0
176140	282	459	298	125	114	32	12	5	1162	10	107	676	231	3	38	3213	414	908	0,0,0,0,0,0	16360	0	182	3073	20	0	3098,3056,3056,2909,2909,2909,2909	1	15	2705,0,0,0,0,0,0	51	0
176063	270	480	312	123	104	34	12	6	1222	12	108	642	271	1	38	3098	408	927	0,0,0,0,0,0	27593	0	149	3220	22	0	3233,3186,3186,3018,3018,3018,3018	1	10	2853,0,0,0,0,0,0	51	0
175972	254	503	320	128	112	32	11	6	1282	14	112	666	262	4	35	3171	431	929	0,0,0,0,0,0	27650	0	159	3377	25	0	3384,3331,3331,3142,3142,3142,3142	1	15	3011,0,0,0,0,0,0	50	0
175863	260	511	329	133	129	35	13	5	1337	14	117	671	323	3	39	3321	450	960	0,0,0,0,0,0	16295	0	168	3550	25	0	3550,3491,3491,3282,3282,3282,3282	1	13	3184,0,0,0,0,0,0	56	0
175757	281	521	341	126	137	34	14	5	1396	14	120	678	252	2	50	3327	479	975	0,0,0,0,0,0	16389	0	187	3737	25	0	3726,3660,3660,3426,3426,3426,3426	2	14	3371,0,0,0,0,0,0	56	0
175646	305	525	353	142	138	34	16	5	1442	14	126	653	239	1	46	3964	485	1028	0,0,0,0,0,0	16544	0	197	3933	27	0	3915,3841,3841,3579,3579,3579,3579	2	20	3568,0,0,0,0,0,0	61	0
175517	302	565	351	152	152	36	19	4	1501	14	133	679	274	1	45	4204	517	1060	0,0,0,0,0,0	17146	0	202	4139	27	0	4120,4038,4038,3748,3748,3748,3748	2	17	3774,0,0,0,0,0,0	69	0
175371	326	603	346	164	158	36	17	5	1566	16	138	666	304	2	55	4191	527	1123	0,0,0,0,0,0	17065	0	232	4369	29	0	4343,4254,4254,3936,3936,3936,3936	2	25	4005,0,0,0,0,0,0	67	0
175283	306	621	382	162	170	42	17	5	1599	17	142	638	292	4	54	4291	568	1132	0,0,0,0,0,0	28755	0	191	4559	31	0	4526,4427,4427,4073,4073,4073,4073	2	13	4195,0,0,0,0,0,0	70	0
175162	297	637	391	173	172	44	21	3	1685	17	144	664	271	0	44	4251	569	1166	0,0,0,0,0,0	28625	0	199	4757	33	0	4715,4609,4609,4230,4230,4230,4230	2	10	4394,0,0,0,0,0,0	79	0
175033	326	665	407	159	167	48	26	3	1744	18	150	635	143	2	48	4403	565	1233	0,0,0,0,0,0	17553	0	235	4991	34	0	4943,4827,4827,4411,4411,4411,4411	2	21	4629,0,0,0,0,0,0	80	0
174895	362	641	438	174	178	45	27	2	1815	18	151	637	248	3	57	4492	582	1283	0,0,0,0,0,0	17594	0	241	5231	35	0	5173,5047,5047,4595,4595,4595,4595	2	25	4870,0,0,0,0,0,0	84	0
174760	385	672	451	166	181	49	27	2	1876	20	157	615	248	2	48	4673	589	1342	0,0,0,0,0,0	17391	0	242	5472	38	0	5406,5270,5270,4781,4781,4781,4781	2	21	5112,0,0,0,0,0,0	83	0
174590	413	707	451	169	181	53	31	2	1966	21	162	615	311	5	60	4485	612	1393	0,0,0,0,0,0	17517	0	270	5741	40	0	5670,5524,5524,4999,4999,4999,4999	2	19	5381,0,0,0,0,0,0	96	0
174454	420	755	425	184	184	52	29	3	2051	23	166	591	279	3	63	4193	618	1431	0,0,0,0,0,0	17392	0	256	5997	41	0	5916,5758,5758,5191,5191,5191,5191	2	27	5637,0,0,0,0,0,0	107	0
174366	398	757	458	180	204	49	30	4	2107	25	168	621	93	2	52	3721	623	1453	0,0,0,0,0,0	28667	0	209	6205	43	0	6114,5945,5945,5337,5337,5337,5337	2	16	5845,0,0,0,0,0,0	112	0
174237	378	798	469	196	213	52	33	4	2166	27	173	604	305	5	59	3830	632	1507	0,0,0,0,0,0	28253	0	258	6462	45	0	6364,6182,6182,5527,5527,5527,5527	2	21	6102,0,0,0,0,0,0	116	0
174047	420	815	516	191	219	47	37	5	2242	28	179	582	231	4	82	4195	683	1562	0,0,0,0,0,0	17107	0	315	6777	46	0	6673,6478,6478,5779,5779,5779,5779	3	37	6417,0,0,0,0,0,0	122	0
173863	427	862	517	204	242	45	38	6	2332	29	181	567	254	2	65	4392	712	1623	0,0,0,0,0,0	17052	0	302	7079	47	0	6964,6758,6758,6017,6017,6017,6017	3	36	6719,0,0,0,0,0,0	115	0
173660	443	928	539	207	257	45	35	8	2405	32	187	526	248	4	77	4889	747	1707	0,0,0,0,0,0	17268	0	333	7412	49	0	7290,7072,7072,6284,6284,6284,6284	3	39	7052,0,0,0,0,0,0	125	0
173488	468	942	557	240	268	47	39	6	2465	33	193	537	332	5	77	5215	774	1787	0,0,0,0,0,0	17803	0	327	7737	52	0	7607,7373,7373,6530,6530,6530,6530	3	25	7377,0,0,0,0,0,0	115	0
173295	512	972	576	259	248	57	41	6	2549	33	198	530	280	6	72	5344	800	1865	0,0,0,0,0,0	17929	0	355	8093	54	0	7956,7706,7706,6802,6802,6802,6802	3	26	7733,0,0,0,0,0,0	128	0
173129	497	986	606	278	243	57	42	7	2665	35	201	540	265	7	74	5389	804	1905	0,0,0,0,0,0	29564	0	311	8405	57	0	8259,7994,7994,7039,7039,7039,7039	3	21	8045,0,0,0,0,0,0	129	0
172959	488	1034	607	285	232	61	45	4	2792	36	203	507	298	8	73	5557	831	1921	0,0,0,0,0,0	29588	0	318	8721	60	0	8565,8286,8286,7278,7278,7278,7278	3	20	8361,0,0,0,0,0,0	152	0
172768	516	1051	638	289	269	58	49	4	2862	37	205	535	302	2	92	5980	887	1983	0,0,0,0,0,0	18732	0	357	9083	60	0	8917,8620,8620,7551,7551,7551,7551	4	33	8723,0,0,0,0,0,0	151	0
172596	539	1064	608	307	295	63	51	4	2971	40	208	507	337	4	115	6427	985	1942	0,0,0,0,0,0	18938	0	349	9436	62	0	9259,8944,8944,7808,7808,7808,7808	4	24	9076,0,0,0,0,0,0	165	0
172476	530	1081	616	327	302	71	53	4	3031	44	211	500	287	8	84	6456	984	1996	0,0,0,0,0,0	34277	0	331	9767	62	0	9578,9243,9243,8029,8029,8029,8029	4	40	9407,0,0,0,0,0,0	164	0
172317	538	1090	652	318	312	76	57	4	3124	47	211	495	245	4	114	6738	1037	2006	0,0,0,0,0,0	34476	0	362	10129	62	0	9926,9570,9570,8284,8284,8284,8284	4	37	9769,0,0,0,0,0,0	172	0
172115	568	1085	650	339	304	74	59	7	3285	48	212	502	303	3	105	6958	1064	2015	0,0,0,0,0,0	34897	0	374	10502	65	0	10288,9915,9915,8566,8566,8566,8566	4	42	10143,0,0,0,0,0,0	182	0
171967	575	1095	662	363	314	80	58	10	3355	52	215	517	313	6	83	6662	1075	2072	0,0,0,0,0,0	47965	0	357	10857	68	0	10633,10239,10239,8813,8813,8813,8813	4	24	10498,0,0,0,0,0,0	182	0
171892	556	1085	661	363	312	83	56	11	3451	57	219	492	313	8	92	6828	1060	2056	0,0,0,0,0,0	47498	0	303	11159	72	0	10924,10507,10507,8997,8997,8997,8997	4	33	10801,0,0,0,0,0,0	192	0
171790	501	1122	661	377	297	85	50	12	3567	64	220	482	258	2	106	7032	1107	1986	0,0,0,0,0,0	34952	0	309	11467	74	0	11218,10781,10781,9196,9196,9196,9196	5	31	11109,0,0,0,0,0,0	175	0
171665	498	1131	679	371	307	88	52	11	3656	68	220	492	286	5	98	7029	1136	1990	0,0,0,0,0,0	34745	0	339	11808	76	0	11544,11084,11084,9420,9420,9420,9420	5	27	11451,0,0,0,0,0,0	167	0
171564	505	1096	707	357	321	91	56	11	3743	70	225	493	247	6	96	7204	1151	1982	0,0,0,0,0,0	34860	0	339	12146	79	0	11869,11386,11386,9634,9634,9634,9634	5	36	11789,0,0,0,0,0,0	181	0
171479	514	1090	724	339	315	91	60	11	3824	72	227	467	256	9	96	7083	1156	1977	0,0,0,0,0,0	35037	0	315	12463	81	0	12171,11665,11665,9828,9828,9828,9828	5	38	12106,0,0,0,0,0,0	192	0
171396	494	1097	728	318	318	101	58	11	3920	77	228	469	313	7	96	7272	1139	1975	0,0,0,0,0,0	34958	0	316	12777	83	0	12471,11941,11941,10018,10018,10018,10018	5	34	12421,0,0,0,0,0,0	184	0
171368	471	1024	749	310	337	100	63	11	4003	79	231	453	249	3	86	7227	1140	1914	0,0,0,0,0,0	47819	0	271	13049	86	0	12728,12174,12174,10161,10161,10161,10161	5	22	12693,0,0,0,0,0,0	197	0
171382	436	985	739	308	344	101	64	12	4061	81	233	443	296	2	103	6803	1121	1856	0,0,0,0,0,0	47822	0	244	13290	90	0	12954,12374,12374,10268,10268,10268,10268	5	25	12934,0,0,0,0,0,0	204	0
171324	467	963	748	292	322	96	60	13	4139	85	237	436	287	3	99	7242	1108	1840	0,0,0,0,0,0	34870	0	324	13614	91	0	13263,12656,12656,10451,10451,10451,10451	5	38	13258,0,0,0,0,0,0	190	0
171275	475	963	709	298	304	96	55	13	4228	90	240	453	257	3	78	7170	1054	1846	0,0,0,0,0,0	35026	0	300	13910	96	0	13543,12911,12911,10614,10614,10614,10614	5	35	13554,0,0,0,0,0,0	171	0
171268	459	939	709	302	300	98	57	14	4266	91	243	438	305	3	93	7515	1023	1841	0,0,0,0,0,0	34962	0	280	14190	98	0	13807,13148,13148,10749,10749,10749,10749	5	28	13834,0,0,0,0,0,0	173	0
171232	454	953	711	281	321	101	56	16	4283	94	244	416	267	8	99	7431	1023	1854	0,0,0,0,0,0	35262	0	306	14494	102	0	14094,13407,13407,10909,10909,10909,10909	5	20	14138,0,0,0,0,0,0	181	0
171157	476	963	696	284	303	99	54	17	4352	97	248	422	307	12	93	7835	1036	1839	0,0,0,0,0,0	35483	0	324	14814	106	0	14398,13687,13687,11098,11098,11098,11098	5	39	14458,0,0,0,0,0,0	184	0
171193	453	936	696	272	324	100	52	17	4349	103	251	427	218	5	73	7737	1000	1833	0,0,0,0,0,0	48503	0	255	15067	111	0	14635,13895,13895,11198,11198,11198,11198	5	19	14711,0,0,0,0,0,0	177	0
171150	443	952	698	273	309	104	55	18	4384	106	254	422	267	5	95	7689	1027	1807	0,0,0,0,0,0	48549	0	298	15363	114	0	14916,14150,14150,11359,11359,11359,11359	5	21	15007,0,0,0,0,0,0	183	0
171180	437	873	705	271	296	108	51	19	4437	109	260	421	251	5	94	7353	995	1746	0,0,0,0,0,0	35708	0	227	15592	114	0	15131,14339,14339,11450,11450,11450,11450	5	25	15236,0,0,0,0,0,0	185	0
171176	423	857	707	279	286	108	50	16	4462	117	265	423	246	3	80	7298	949	1761	0,0,0,0,0,0	35194	0	274	15867	114	0	15390,14570,14570,11578,11578,11578,11578	5	31	15511,0,0,0,0,0,0	184	0
171201	431	837	692	266	260	110	51	19	4490	120	269	412	261	3	102	6881	968	1679	0,0,0,0,0,0	35064	0	260	16126	117	0	15632,14784,14784,11685,11685,11685,11685	4	24	15770,0,0,0,0,0,0	182	0
171161	444	875	657	275	235	112	53	21	4522	120	271	420	261	2	75	6834	969	1682	0,0,0,0,0,0	34967	0	301	16424	122	0	15914,15039,15039,11843,11843,11843,11843	4	32	16069,0,0,0,0,0,0	190	0
171183	452	868	638	280	229	111	53	24	4513	122	273	439	100	3	56	6676	911	1720	0,0,0,0,0,0	34763	0	275	16699	124	0	16167,15263,15263,11957,11957,11957,11957	4	28	16344,0,0,0,0,0,0	186	0
171223	437	818	628	261	238	108	52	22	4560	123	276	426	267	1	66	6346	885	1657	0,0,0,0,0,0	47152	0	221	16920	126	0	16373,15442,15442,12038,12038,12038,12038	4	21	16565,0,0,0,0,0,0	189	0
171281	394	809	602	266	238	99	56	18	4580	126	277	428	259	4	79	6434	849	1615	0,0,0,0,0,0	47583	0	213	17129	131	0	16563,15606,15606,12102,12102,12102,12102	4	20	16774,0,0,0,0,0,0	188	0
171324	391	810	583	272	247	98	56	19	4539	127	280	427	308	3	88	5853	845	1612	0,0,0,0,0,0	34113	0	262	17388	135	0	16804,15816,15816,12198,12198,12198,12198	4	31	17034,0,0,0,0,0,0	183	0
171342	377	806	607	263	230	100	52	20	4534	134	281	426	276	4	96	6039	893	1542	0,0,0,0,0,0	34078	0	255	17640	139	0	17035,16019,16019,12300,12300,12300,12300	4	35	17286,0,0,0,0,0,0	181	0
171387	362	823	600	246	237	97	47	20	4504	139	284	410	242	4	69	6078	889	1523	0,0,0,0,0,0	34099	0	251	17889	142	0	17264,16219,16219,12389,12389,12389,12389	4	30	17535,0,0,0,0,0,0	185	0
171471	363	805	585	230	249	94	48	17	4455	141	288	419	307	2	88	6213	868	1506	0,0,0,0,0,0	34012	0	239	18127	144	0	17481,16403,16403,12452,12452,12452,12452	4	15	17773,0,0,0,0,0,0	172	0
171512	374	795	558	236	255	94	50	17	4420	144	291	429	210	3	77	6416	864	1498	0,0,0,0,0,0	34036	0	235	18360	148	0	17695,16590,16590,12534,12534,12534,12534	4	23	18007,0,0,0,0,0,0	172	0
171579	352	804	558	230	242	95	49	17	4380	146	294	424	293	5	72	6091	854	1476	0,0,0,0,0,0	46842	0	224	18583	151	0	17900,16765,16765,12600,12600,12600,12600	4	13	18230,0,0,0,0,0,0	178	0
171719	352	726	562	231	248	95	51	14	4302	149	297	423	306	3	65	5838	832	1433	0,0,0,0,0,0	47398	0	179	18760	155	0	18055,16889,16889,12605,12605,12605,12605	4	18	18407,0,0,0,0,0,0	176	0
171746	350	716	543	236	234	94	46	10	4315	155	301	422	258	3	88	6570	832	1387	0,0,0,0,0,0	34124	0	225	18986	158	0	18265,17073,17073,12692,12692,12692,12692	4	35	18633,0,0,0,0,0,0	181	0
171842	344	687	542	231	232	94	44	11	4255	162	302	412	248	5	64	6278	825	1349	0,0,0,0,0,0	34248	0	195	19178	161	0	18434,17213,17213,12722,12722,12722,12722	4	22	18825,0,0,0,0,0,0	170	0
171904	319	697	541	233	231	91	43	9	4202	166	310	430	326	5	78	6621	833	1322	0,0,0,0,0,0	34418	0	218	19391	166	0	18631,17382,17382,12785,12785,12785,12785	4	19	19039,0,0,0,0,0,0	158	0
171964	331	666	531	226	221	94	37	8	4184	172	312	432	257	2	71	6558	805	1301	0,0,0,0,0,0	34367	0	220	19609	168	0	18829,17552,17552,12848,12848,12848,12848	4	18	19257,0,0,0,0,0,0	162	0
171969	356	683	501	216	223	92	38	6	4171	176	315	447	237	2	67	6339	800	1309	0,0,0,0,0,0	34330	0	245	19851	173	0	19053,17750,17750,12951,12951,12951,12951	4	38	19500,0,0,0,0,0,0	157	0
172039	329	682	492	227	216	88	34	5	4134	179	321	429	87	3	50	5681	753	1315	0,0,0,0,0,0	47107	0	181	20031	176	0	19216,17889,17889,12993,12993,12993,12993	4	16	19680,0,0,0,0,0,0	155	0
172151	279	662	483	227	200	86	36	6	4110	182	324	426	249	4	59	5216	689	1284	0,0,0,0,0,0	46580	0	158	20189	178	0	19355,18000,18000,13002,13002,13002,13002	4	14	19838,0,0,0,0,0,0	160	0
172233	268	640	491	219	200	83	38	6	4056	184	328	428	267	2	59	5384	705	1234	0,0,0,0,0,0	33313	0	186	20374	181	0	19520,18139,18139,13037,13037,13037,13037	4	32	20023,0,0,0,0,0,0	159	0
172341	278	615	466	209	205	81	38	7	3988	188	330	421	314	5	63	5487	740	1152	0,0,0,0,0,0	33377	0	179	20550	184	0	19673,18263,18263,13053,13053,13053,13053	4	26	20199,0,0,0,0,0,0	149	0
172449	274	600	436	212	200	82	40	7	3925	189	332	420	261	1	55	5338	716	1128	0,0,0,0,0,0	33348	0	175	20725	185	0	19826,18388,18388,13069,13069,13069,13069	4	27	20375,0,0,0,0,0,0	152	0
172575	270	591	418	205	186	76	40	6	3853	191	335	454	273	2	58	4974	685	1101	0,0,0,0,0,0	46336	0	169	20889	191	0	19968,18500,18500,13070,13070,13070,13070	4	18	20539,0,0,0,0,0,0	139	0
172689	273	575	418	198	173	76	43	7	3765	193	336	439	272	2	60	5139	677	1079	0,0,0,0,0,0	46199	0	166	21056	194	0	20113,18617,18617,13078,13078,13078,13078	4	21	20707,0,0,0,0,0,0	140	0
172831	239	567	413	198	180	73	42	7	3662	196	338	461	256	1	55	4863	666	1046	0,0,0,0,0,0	46003	0	138	21193	195	0	20229,18704,18704,13059,13059,13059,13059	3	5	20844,0,0,0,0,0,0	139	0
172959	220	554	403	206	172	71	42	6	3571	198	344	463	247	4	48	4734	654	1014	0,0,0,0,0,0	45884	24	127	21319	196	0	20339,18789,18789,13044,13044,13044,13044	3	19	20970,0,0,0,0,0,0	131	19
173065	215	530	397	190	165	67	39	5	3524	204	345	458	317	4	49	4721	632	971	0,0,0,0,0,0	32608	30	152	21470	197	0	20469,18893,18893,13048,13048,13048,13048	3	17	21121,0,0,0,0,0,0	133	43
173193	207	497	388	190	162	64	39	4	3447	207	348	459	293	2	42	4795	628	919	0,0,0,0,0,0	32610	20	120	21590	198	0	20566,18965,18965,13024,13024,13024,13024	3	11	21241,0,0,0,0,0,0	125	59
173294	201	473	367	185	168	63	39	4	3392	210	350	438	220	1	49	4534	610	886	0,0,0,0,0,0	33081	31	132	21720	201	0	20676,19052,19052,13020,13020,13020,13020	3	25	21371,0,0,0,0,0,0	124	85
173385	199	480	372	180	155	61	36	5	3306	213	354	456	253	1	45	4208	587	896	0,0,0,0,0,0	32482	24	155	21870	207	0	20807,19158,19158,13031,13031,13031,13031	3	23	21521,0,0,0,0,0,0	112	105
173499	203	437	379	168	146	65	35	4	3236	217	357	467	241	2	39	3845	555	878	0,0,0,0,0,0	32291	37	132	21998	212	0	20914,19241,19241,13019,13019,13019,13019	3	21	21649,0,0,0,0,0,0	106	139
173597	199	424	372	159	147	60	34	5	3168	219	362	473	249	3	52	3633	564	831	0,0,0,0,0,0	38569	30	125	22127	213	0	21027,19331,19331,13019,13019,13019,13019	3	12	21778,0,0,0,0,0,0	112	164
173718	170	416	350	150	136	60	30	5	3122	222	367	446	254	2	48	3356	519	793	0,0,0,0,0,0	38043	147	93	22221	214	0	21112,19394,19394,12993,12993,12993,12993	3	12	21872,0,0,0,0,0,0	110	286
173825	168	403	338	135	135	62	30	5	3051	225	369	423	341	4	42	3262	496	775	0,0,0,0,0,0	26460	133	124	22345	215	0	21225,19484,19484,12987,12987,12987,12987	3	15	21996,0,0,0,0,0,0	103	398
173904	190	376	306	132	131	60	28	6	3013	228	372	440	282	4	50	3243	475	748	0,0,0,0,0,0	25914	121	131	22474	217	0	21340,19578,19578,12995,12995,12995,12995	3	10	22125,0,0,0,0,0,0	108	494
173994	199	364	301	129	131	60	27	7	2932	229	373	443	247	3	34	3426	483	728	0,0,0,0,0,0	26370	130	119	22590	220	0	21447,19664,19664,12994,12994,12994,12994	2	16	22241,0,0,0,0,0,0	105	601
174066	210	386	300	114	124	57	27	7	2846	230	379	436	97	1	29	3533	451	767	0,0,0,0,0,0	26634	127	135	22726	221	0	21574,19770,19770,13012,13012,13012,13012	2	16	22377,0,0,0,0,0,0	94	702
174144	206	402	275	123	110	53	28	6	2782	233	384	447	79	1	32	3420	444	753	0,0,0,0,0,0	26564	128	125	22848	224	0	21694,19869,19869,13022,13022,13022,13022	2	16	22499,0,0,0,0,0,0	87	817
174235	200	384	277	114	117	51	20	8	2712	238	390	438	248	0	31	3251	424	739	0,0,0,0,0,0	38179	119	99	22947	224	0	21788,19944,19944,13015,13015,13015,13015	2	6	22598,0,0,0,0,0,0	79	913
174308	186	372	281	120	114	47	21	8	2658	239	392	448	246	1	28	3163	397	744	0,0,0,0,0,0	38089	140	107	23050	228	0	21920,20058,20058,13035,13035,13035,13035	2	11	22701,0,0,0,0,0,0	79	1034
174357	202	396	258	122	100	47	19	7	2602	242	394	441	80	1	43	3290	412	732	0,0,0,0,0,0	26307	148	143	23187	234	0	22082,20202,20202,13081,13081,13081,13081	2	17	22839,0,0,0,0,0,0	78	1156
174428	210	407	259	121	101	47	21	7	2504	243	398	432	89	0	40	3329	413	753	0,0,0,0,0,0	26284	131	133	23320	236	0	22232,20331,20331,13109,13109,13109,13109	2	20	22973,0,0,0,0,0,0	77	1258
174467	193	404	286	113	115	49	22	7	2446	243	401	444	307	0	40	3365	431	751	0,0,0,0,0,0	26368	153	114	23433	237	0	22370,20453,20453,13147,13147,13147,13147	2	14	23086,0,0,0,0,0,0	84	1388
174503	185	396	296	112	115	47	22	8	2416	244	402	438	90	1	41	3259	412	761	0,0,0,0,0,0	26449	170	129	23560	239	0	22516,20583,20583,13190,13190,13190,13190	2	18	23213,0,0,0,0,0,0	80	1530
174551	197	388	271	132	113	46	22	9	2368	245	404	462	329	1	36	3112	400	769	0,0,0,0,0,0	26248	164	121	23678	242	0	22660,20710,20710,13225,13225,13225,13225	2	20	23331,0,0,0,0,0,0	82	1663
174583	204	387	263	127	118	48	20	9	2336	246	405	443	274	2	30	2696	384	783	0,0,0,0,0,0	38084	168	124	23802	243	0	22803,20837,20837,13271,13271,13271,13271	2	13	23455,0,0,0,0,0,0	90	1798
174632	177	410	261	120	114	46	23	7	2304	246	406	461	117	0	43	2793	386	765	0,0,0,0,0,0	37490	60	102	23904	246	0	22935,20954,20954,13301,13301,13301,13301	2	17	23557,0,0,0,0,0,0	93	1850
174652	179	411	273	135	109	48	20	6	2257	248	408	448	293	3	38	3075	391	784	0,0,0,0,0,0	26071	50	139	24040	250	0	23100,21103,21103,13361,13361,13361,13361	2	11	23694,0,0,0,0,0,0	78	1894
174700	198	403	286	127	123	41	20	4	2185	249	410	441	281	0	40	3435	420	778	0,0,0,0,0,0	26263	73	141	24182	251	0	23260,21244,21244,13404,13404,13404,13404	2	20	23836,0,0,0,0,0,0	78	1951
174713	212	387	278	132	122	40	19	5	2172	252	414	455	320	1	44	3706	449	741	0,0,0,0,0,0	26310	69	129	24306	256	0	23417,21387,21387,13464,13464,13464,13464	2	12	23960,0,0,0,0,0,0	72	2008
174741	202	406	273	111	110	46	19	5	2165	253	415	450	265	1	45	3403	446	721	0,0,0,0,0,0	26712	67	122	24426	259	0	23573,21528,21528,13514,13514,13514,13514	2	14	24080,0,0,0,0,0,0	71	2061
174763	193	424	262	102	123	46	19	4	2137	254	419	492	263	4	25	3634	430	739	0,0,0,0,0,0	26386	70	130	24556	260	0	23736,21676,21676,13571,13571,13571,13571	2	9	24210,0,0,0,0,0,0	79	2108
174807	186	402	271	92	130	40	22	4	2117	255	420	501	249	1	33	3370	424	719	0,0,0,0,0,0	38107	66	96	24652	261	0	23868,21794,21794,13603,13603,13603,13603	2	11	24306,0,0,0,0,0,0	80	2162
174866	158	415	269	98	112	38	20	4	2084	259	423	511	323	2	33	3297	410	700	0,0,0,0,0,0	38338	205	98	24749	262	0	23974,21884,21884,13615,13615,13615,13615	2	14	24403,0,0,0,0,0,0	72	2329
174895	177	386	275	107	122	41	17	3	2034	261	428	495	234	2	29	3626	415	710	0,0,0,0,0,0	26829	193	119	24867	263	0	24103,21998,21998,13652,13652,13652,13652	2	14	24521,0,0,0,0,0,0	67	2488
174904	183	360	289	106	131	42	14	4	2018	263	432	508	263	1	37	3677	414	711	0,0,0,0,0,0	26690	210	113	24976	267	0	24224,22107,22107,13693,13693,13693,13693	2	12	24630,0,0,0,0,0,0	63	2656
174936	182	336	304	116	126	41	14	5	1986	263	437	497	241	3	35	3730	414	705	0,0,0,0,0,0	26745	165	106	25082	268	0	24346,22215,22215,13724,13724,13724,13724	2	12	24736,0,0,0,0,0,0	78	2791
174978	177	332	302	109	125	43	14	3	1958	265	440	492	239	1	33	3518	417	685	0,0,0,0,0,0	26904	201	105	25188	269	0	24463,22317,22317,13746,13746,13746,13746	2	9	24843,0,0,0,0,0,0	63	2960
175009	162	332	269	111	119	43	17	2	1971	266	445	460	243	1	39	3294	396	657	0,0,0,0,0,0	26122	211	93	25280	270	0	24570,22411,22411,13768,13768,13768,13768	2	11	24935,0,0,0,0,0,0	70	3128
175065	143	320	261	108	117	41	18	2	1959	267	445	467	265	2	32	3026	368	640	0,0,0,0,0,0	38130	205	74	25353	271	0	24655,22483,22483,13770,13770,13770,13770	1	7	25008,0,0,0,0,0,0	70	3303
175112	137	310	249	103	100	43	18	2	1953	270	449	461	88	1	32	3000	343	617	0,0,0,0,0,0	38084	168	86	25440	271	0	24836,22652,22652,13824,13824,13824,13824	1	4	25095,0,0,0,0,0,0	69	3442
175169	123	308	241	98	100	41	19	3	1921	271	452	468	252	1	36	3286	358	572	0,0,0,0,0,0	26302	163	82	25520	273	0	24999,22802,22802,13864,13864,13864,13864	1	9	25176,0,0,0,0,0,0	68	3572
175142	158	332	226	103	93	38	20	3	1906	271	454	458	264	1	26	3496	346	624	4,0,0,0,0,0	26455	165	107	25673	276	0	25233,23024,23024,13980,13980,13980,13980	1	12	25282,48,0,0,0,0,0	70	3697
175094	216	333	224	97	91	35	20	3	1907	272	454	487	272	3	24	3343	336	680	11,0,0,0,0,0	26742	186	102	25827	281	0	25458,23240,23240,14103,14103,14103,14103	1	7	25368,119,0,0,0,0,0	68	3847
175076	233	357	229	94	100	28	20	3	1876	272	458	517	314	2	36	3202	339	722	16,0,0,0,0,0	26057	162	107	25960	287	0	25675,23446,23446,14207,14207,14207,14207	1	14	25452,171,0,0,0,0,0	61	3977
175040	242	399	239	87	90	29	19	4	1864	273	460	511	260	2	37	3185	330	775	21,0,0,0,0,0	26606	186	120	26116	289	0	25919,23679,23679,14330,14330,14330,14330	1	6	25540,240,0,0,0,0,0	64	4116
174976	271	426	250	95	91	26	18	5	1852	274	462	514	244	4	20	2917	319	858	27,0,0,0,0,0	38111	162	138	26291	292	0	26178,23928,23928,14479,14479,14479,14479	1	12	25627,330,0,0,0,0,0	66	4241
174920	279	487	237	102	91	28	18	5	1839	274	466	530	260	3	29	3081	317	925	33,0,0,0,0,0	37787	125	150	26472	297	0	26440,24177,24177,14623,14623,14623,14623	1	11	25710,431,0,0,0,0,0	69	4343
174891	250	550	244	94	110	26	20	3	1812	276	470	522	262	3	37	3240	321	973	37,0,0,0,0,0	26216	107	157	26624	303	0	26668,24395,24394,14736,14736,14736,14736	1	8	25786,512,0,0,0,0,0	65	4429
174861	232	555	265	120	138	23	20	2	1778	277	475	540	250	1	39	3199	353	1000	41,0,0,0,0,0	26581	98	161	26779	310	0	26891,24606,24606,14847,14847,14847,14847	1	10	25849,610,0,0,0,0,0	65	4503
174758	270	556	310	134	135	25	20	3	1782	277	476	561	253	2	53	3099	387	1063	45,0,0,0,0,0	26112	135	221	26993	317	0	27187,24892,24892,15031,15031,15031,15031	1	15	25936,744,0,0,0,0,0	65	4593
174654	303	593	293	151	130	28	24	3	1813	277	477	554	290	4	49	2639	411	1111	48,0,0,0,0,0	26122	124	223	27216	319	0	27486,25181,25180,15216,15216,15216,15216	1	17	26025,879,0,0,0,0,0	72	4671
174538	320	613	327	161	150	31	21	3	1822	280	480	560	236	3	46	2636	456	1167	51,0,0,0,0,0	25713	134	228	27443	321	0	27794,25481,25480,15412,15412,15412,15412	1	11	26112,1020,0,0,0,0,0	92	4767
174483	321	594	358	166	159	35	23	4	1841	280	482	569	230	1	45	2736	462	1194	53,0,0,0,0,0	38058	129	185	27624	327	0	28056,25734,25732,15557,15557,15557,15557	1	9	26181,1137,0,0,0,0,0	85	4866
174420	296	635	365	171	163	35	22	5	1869	282	483	550	264	3	58	3033	483	1204	56,0,0,0,0,0	38094	275	189	27814	328	0	28280,25948,25944,15683,15683,15683,15683	1	14	26237,1272,0,0,0,0,0	83	5071
174294	317	645	384	183	185	40	19	5	1904	285	485	590	264	3	74	3397	556	1217	58,0,0,0,0,0	26357	275	247	28059	331	0	28546,26205,26200,15860,15860,15860,15860	1	31	26312,1445,0,0,0,0,0	81	5256
174185	361	643	377	177	188	42	21	5	1976	285	486	582	295	0	63	3657	591	1218	61,0,0,0,0,0	26501	289	234	28289	335	0	28800,26450,26444,16024,16024,16024,16024	1	18	26376,1614,0,0,0,0,0	90	5465
174096	371	638	383	191	182	45	21	5	2039	286	489	560	324	2	75	3839	651	1180	62,0,0,0,0,0	26864	285	210	28491	343	0	29035,26680,26670,16168,16168,16168,16168	1	18	26439,1760,0,0,0,0,0	90	5675
173941	379	727	378	187	194	47	21	5	2088	288	491	560	250	5	53	4059	671	1262	65,0,0,0,0,0	27094	313	284	28770	349	0	29340,26979,26966,16380,16380,16380,16380	2	21	26519,1964,0,0,0,0,0	93	5896
173838	370	764	421	186	208	45	19	5	2104	292	494	543	238	1	58	4397	696	1317	67,0,0,0,0,0	27436	275	246	29010	356	0	29605,27238,27222,16548,16548,16548,16548	2	21	26570,2159,0,0,0,0,0	96	6086
173727	372	776	468	199	204	50	22	3	2133	293	499	551	248	2	61	4443	715	1376	69,0,0,0,0,0	39221	261	257	29260	366	0	29890,27515,27496,16730,16730,16730,16730	2	23	26635,2352,0,0,0,0,0	100	6260
173616	384	788	468	215	212	51	23	4	2186	296	503	541	289	4	60	4771	722	1419	70,0,0,0,0,0	39276	616	251	29501	376	0	30246,27868,27845,16949,16949,16949,16949	2	17	26689,2547,0,0,0,0,0	111	6641
173450	418	799	489	218	227	56	21	5	2259	298	506	548	253	5	78	4998	763	1465	72,0,0,0,0,0	27690	604	299	29796	381	0	30644,28263,28236,17215,17215,17215,17215	2	17	26751,2782,0,0,0,0,0	114	6997
173309	447	819	477	216	230	60	25	5	2350	298	510	533	257	0	76	5117	808	1466	73,0,0,0,0,0	28051	653	281	30070	388	0	31029,28646,28614,17465,17465,17465,17465	2	17	26809,3004,0,0,0,0,0	122	7575
173136	448	871	494	222	232	65	28	5	2435	298	512	539	267	1	66	5266	803	1557	74,0,0,0,0,0	28341	624	310	30376	393	0	31438,29053,29016,17740,17740,17740,17740	2	17	26872,3251,0,0,0,0,0	127	8120
172972	498	884	507	226	231	61	33	6	2513	298	517	534	247	5	71	5318	798	1642	76,0,0,0,0,0	28314	649	325	30694	403	0	31867,29481,29438,18021,18021,18021,18021	2	23	26932,3518,0,0,0,0,0	117	8687
172796	504	921	524	245	254	62	29	7	2583	303	518	525	259	4	89	5271	821	1718	77,0,0,0,0,0	28571	588	327	31004	422	0	32279,29894,29844,18300,18300,18300,18300	2	21	26983,3792,0,0,0,0,0	115	9202
172673	475	949	563	240	276	65	26	7	2645	307	520	529	237	2	89	5278	844	1750	78,0,0,0,0,0	40156	629	298	31291	435	0	32661,30278,30220,18540,18540,18540,18540	2	24	27023,4048,0,0,0,0,0	124	9750
172507	490	939	613	267	278	76	26	6	2712	308	524	544	246	8	79	5474	888	1801	79,0,0,0,0,0	39824	803	325	31601	451	0	33129,30748,30682,18844,18844,18844,18844	2	18	27076,4318,0,0,0,0,0	131	10447
172273	563	992	612	280	280	84	27	8	2789	311	527	534	325	2	98	5795	961	1877	81,0,0,0,0,0	28403	817	425	32011	467	0	33677,31298,31223,19220,19220,19220,19220	2	27	27127,4690,0,0,0,0,0	128	11135
172059	621	1006	611	290	292	85	27	9	2904	311	531	520	253	2	85	5980	959	1973	82,0,0,0,0,0	29123	776	388	32390	478	0	34285,31910,31825,19617,19617,19617,19617	2	22	27171,5031,0,0,0,0,0	139	11805
171795	651	1133	619	281	293	78	35	9	3006	311	535	538	229	3	87	6181	971	2119	83,0,0,0,0,0	29191	797	453	32826	496	0	34936,32566,32471,20062,20062,20062,20062	2	28	27217,5436,0,0,0,0,0	140	12496
171522	669	1247	643	290	302	81	34	8	3098	315	537	513	248	6	96	6269	1009	2257	84,0,0,0,0,0	29423	790	471	33278	519	0	35607,33244,33137,20520,20520,20520,20520	2	21	27266,5859,0,0,0,0,0	142	13160
171219	706	1339	669	326	315	80	37	7	3195	316	537	511	238	3	111	6614	1092	2380	86,0,0,0,0,0	29639	837	484	33741	541	0	36271,33914,33797,20990,20990,20990,20990	2	31	27304,6303,0,0,0,0,0	153	13862
170967	722	1382	723	350	326	81	40	5	3292	317	541	511	308	4	101	6766	1115	2509	87,0,0,0,0,0	40845	833	454	34180	559	0	36925,34576,34446,21432,21432,21432,21432	2	20	27337,6724,0,0,0,0,0	170	14578
170739	680	1429	766	380	335	89	44	5	3417	318	544	489	245	1	106	6612	1164	2559	88,0,0,0,0,0	41191	890	430	34597	574	0	37597,35256,35113,21866,21866,21866,21866	2	20	27383,7107,0,0,0,0,0	180	15342
170438	691	1507	802	407	346	92	47	6	3543	319	548	473	286	9	151	7113	1279	2613	89,0,0,0,0,0	45831	911	496	35072	600	0	38322,35989,35833,22360,22360,22360,22360	2	22	27423,7561,0,0,0,0,0	190	16112
170138	760	1457	888	422	363	104	43	6	3690	326	549	486	266	8	117	7677	1328	2709	89,0,0,0,0,0	46793	870	519	35569	624	0	39046,36720,36551,22853,22853,22853,22853	2	30	27455,8045,0,0,0,0,0	186	16827
169854	788	1458	927	435	392	100	53	6	3855	327	551	462	317	8	135	8050	1372	2781	90,0,0,0,0,0	46783	844	498	36051	641	0	39774,37456,37273,23343,23343,23343,23343	2	29	27474,8520,0,0,0,0,0	197	17528
169583	774	1535	908	459	406	107	51	8	4028	331	556	462	325	5	128	8003	1382	2858	91,0,0,0,0,0	47279	893	492	36532	658	0	40486,38178,37981,23820,23820,23820,23820	2	20	27497,8994,0,0,0,0,0	197	18273
169326	777	1545	945	460	428	109	53	9	4200	333	561	475	282	8	136	8543	1465	2852	91,0,0,0,0,0	47588	910	504	37016	683	0	41212,38918,38703,24298,24298,24298,24298	3	30	27520,9476,0,0,0,0,0	208	19025
169128	765	1494	972	476	452	116	61	8	4375	336	563	485	329	5	135	8715	1502	2834	92,0,0,0,0,0	71671	893	444	37441	704	0	41886,39606,39373,24722,24722,24722,24722	3	23	27543,9894,0,0,0,0,0	216	19757
168998	701	1498	962	470	419	120	55	11	4604	342	566	483	261	11	126	8543	1449	2776	92,0,0,0,0,0	71410	633	380	37806	723	0	42558,40293,40042,25110,25110,25110,25110	2	16	27559,10257,0,0,0,0,0	224	20254
168751	700	1539	927	480	429	120	58	10	4819	343	570	490	234	8	168	8546	1502	2751	93,0,0,0,0,0	47442	639	503	38289	748	0	43338,41088,40820,25614,25614,25614,25614	2	34	27584,10731,0,0,0,0,0	213	20759
168519	736	1541	942	498	437	124	62	7	4964	346	570	471	271	7	162	9185	1572	2768	94,0,0,0,0,0	47681	655	518	38783	776	0	44112,41883,41593,26107,26107,26107,26107	3	31	27605,11227,0,0,0,0,0	235	21272
168328	789	1504	963	501	464	121	67	7	5078	348	576	465	288	8	129	9889	1560	2849	94,0,0,0,0,0	48414	662	493	39243	810	0	44846,42641,42326,26559,26559,26559,26559	3	29	27618,11705,0,0,0,0,0	239	21780
168192	745	1547	940	505	455	127	64	7	5234	354	576	461	251	4	143	9604	1536	2847	94,0,0,0,0,0	48831	630	454	39671	839	0	45568,43386,43047,26981,26981,26981,26981	2	22	27633,12142,0,0,0,0,0	243	22273
168019	720	1589	924	510	459	131	62	11	5381	360	580	473	336	12	159	9998	1538	2857	95,0,0,0,0,0	48559	669	501	40151	864	0	46319,44162,43797,27437,27437,27437,27437	3	32	27643,12634,0,0,0,0,0	249	22791
167963	685	1577	946	504	447	129	66	11	5471	363	584	456	215	2	132	9931	1522	2832	95,0,0,0,0,0	72233	644	419	40546	890	0	46982,44853,44459,27792,27792,27792,27792	3	15	27649,13042,0,0,0,0,0	261	23310
167876	654	1507	981	507	444	130	69	12	5608	368	590	425	293	4	142	9689	1495	2797	96,0,0,0,0,0	72109	890	396	40917	917	0	47616,45520,45100,28168,28168,28168,28168	3	21	27660,13424,0,0,0,0,0	263	24030
167689	702	1538	958	497	451	133	71	12	5734	369	592	436	244	4	142	9750	1474	2876	96,0,0,0,0,0	48183	872	540	41430	948	0	48369,46306,45859,28659,28659,28659,28659	2	31	27676,13940,0,0,0,0,0	255	24717
167488	763	1536	939	501	464	141	75	11	5859	373	596	397	253	7	168	9967	1465	2954	96,0,0,0,0,0	48920	950	551	41949	980	0	49213,47177,46702,29158,29158,29158,29158	3	32	27688,14471,0,0,0,0,0	263	25469
167348	807	1509	929	500	481	149	71	12	5958	384	598	376	281	13	188	10464	1545	2901	97,0,0,0,0,0	49157	904	505	42435	1003	0	50003,47997,47492,29606,29606,29606,29606	3	19	27697,14967,0,0,0,0,0	262	26188
167244	792	1556	902	527	490	149	71	16	6008	390	601	404	298	11	161	10018	1545	2942	97,0,0,0,0,0	49139	910	488	42902	1030	0	50773,48798,48260,30023,30023,30023,30023	3	22	27711,15441,0,0,0,0,0	262	26900
167030	802	1628	909	502	505	146	77	14	6137	392	604	394	259	11	163	9873	1561	3008	97,0,0,0,0,0	48543	913	563	43438	1058	0	51614,49667,49101,30527,30527,30527,30527	2	28	27720,15985,0,0,0,0,0	266	27627
167041	724	1601	964	487	497	147	79	14	6188	396	608	402	281	6	155	9167	1525	2974	97,0,0,0,0,0	72038	942	386	43804	1083	0	52286,50373,49772,30841,30841,30841,30841	2	17	27728,16361,0,0,0,0,0	284	28350
167048	642	1582	982	473	507	155	80	15	6251	399	612	387	231	7	136	9053	1540	2881	97,0,0,0,0,0	71545	1070	364	44152	1101	0	53064,51184,50551,31203,31203,31203,31203	2	18	27736,16710,0,0,0,0,0	290	29182
166944	660	1554	1017	480	507	149	77	17	6321	405	615	386	245	8	162	8831	1521	2923	97,0,0,0,0,0	48011	1089	491	44609	1139	0	53949,52101,51437,31678,31678,31678,31678	2	23	27743,17186,0,0,0,0,0	284	30034
166828	732	1506	993	458	500	145	82	18	6459	409	616	389	290	7	150	9007	1508	2908	97,0,0,0,0,0	47841	1055	491	45074	1165	0	54844,53029,52333,32156,32156,32156,32156	2	26	27747,17666,0,0,0,0,0	268	30838
166780	759	1456	1014	461	501	149	84	20	6496	410	616	373	305	10	159	9305	1543	2881	97,0,0,0,0,0	48375	1124	472	45522	1191	0	55713,53934,53202,32593,32593,32593,32593	2	23	27759,18122,0,0,0,0,0	272	31707
166718	741	1490	1013	447	494	146	83	20	6557	420	617	379	273	6	131	8944	1478	2936	97,0,0,0,0,0	48378	1096	465	45959	1221	0	56577,54831,54066,33032,33032,33032,33032	2	18	27765,18575,0,0,0,0,0	257	32567
166687	704	1520	969	471	496	147	84	21	6606	424	617	376	248	8	143	8576	1459	2932	97,0,0,0,0,0	47641	1040	444	46376	1252	0	57432,55723,54923,33453,33453,33453,33453	2	25	27773,19005,0,0,0,0,0	253	33362
166768	674	1397	993	465	506	148	88	20	6637	428	622	376	246	6	140	8504	1411	2860	97,0,0,0,0,0	71441	1058	353	46717	1266	0	58199,56529,55692,33779,33779,33779,33779	2	19	27782,19347,0,0,0,0,0	260	34142
166858	617	1356	1002	453	468	144	87	21	6685	433	622	367	283	5	154	8619	1400	2727	97,0,0,0,0,0	71168	1364	334	47032	1288	0	59006,57373,56499,34105,34105,34105,34105	2	17	27785,19672,0,0,0,0,0	258	35153
166856	629	1320	988	471	456	145	82	21	6713	442	623	371	235	6	135	8596	1354	2737	98,0,0,0,0,0	47621	1442	404	47417	1308	0	59893,58293,57386,34519,34519,34519,34519	2	31	27787,20067,0,0,0,0,0	256	36234
166880	637	1326	912	465	426	141	81	22	6779	451	626	343	239	5	131	8487	1307	2681	98,0,0,0,0,0	47221	1433	408	47803	1331	0	60743,59182,58237,34901,34901,34901,34901	2	20	27789,20466,0,0,0,0,0	242	37305
166935	608	1326	894	458	424	139	77	22	6779	458	626	379	306	4	128	8527	1289	2637	98,0,0,0,0,0	47379	1400	374	48157	1353	0	61577,60055,59073,35262,35262,35262,35262	2	18	27796,20831,0,0,0,0,0	245	38340
166965	599	1314	901	440	430	131	78	17	6782	461	628	362	282	7	131	8427	1251	2642	98,0,0,0,0,0	39286	1390	391	48528	1373	0	62436,60954,59934,35645,35645,35645,35645	2	28	27800,21213,0,0,0,0,0	229	39359
167003	639	1272	893	440	430	131	79	17	6747	466	629	370	277	11	141	8264	1245	2639	98,0,0,0,0,0	39098	1362	416	48911	1406	0	63281,61838,60780,36019,36019,36019,36019	2	36	27805,21615,0,0,0,0,0	233	40337
167114	605	1209	900	443	398	126	76	14	6754	473	634	381	263	7	104	7693	1181	2576	98,0,0,0,0,0	41767	1305	321	49220	1421	0	64046,62642,61547,36322,36322,36322,36322	2	12	27807,21931,0,0,0,0,0	234	41321
167243	537	1212	890	433	366	125	72	15	6738	478	637	390	348	3	135	7660	1141	2494	98,0,0,0,0,0	41373	1073	294	49501	1436	0	64785,63419,62287,36589,36589,36589,36589	2	15	27810,22219,0,0,0,0,0	235	42107
167320	523	1181	898	446	357	126	71	16	6688	483	637	395	324	7	141	7605	1147	2455	98,0,0,0,0,0	38874	1129	351	49834	1457	0	65605,64280,63110,36923,36923,36923,36923	2	20	27814,22567,0,0,0,0,0	231	42900
167338	548	1204	851	429	356	122	67	16	6689	489	637	384	287	7	125	7513	1125	2452	98,0,0,0,0,0	38471	1062	402	50210	1485	0	66463,65176,63970,37303,37303,37303,37303	2	21	27816,22960,0,0,0,0,0	228	43609
167362	585	1149	866	407	365	114	62	16	6686	495	639	404	234	4	129	7348	1109	2439	98,0,0,0,0,0	38680	1055	378	50558	1517	0	67270,66022,64780,37653,37653,37653,37653	2	19	27819,23328,0,0,0,0,0	210	44296
167470	573	1140	832	412	346	107	60	15	6649	500	642	412	252	6	116	7109	1052	2418	98,0,0,0,0,0	38586	1120	336	50869	1543	0	68037,66830,65549,37945,37945,37945,37945	2	15	27821,23657,0,0,0,0,0	202	45035
167568	537	1152	801	394	345	103	54	17	6628	503	644	398	272	2	116	6924	1005	2381	98,0,0,0,0,0	38338	1026	327	51180	1562	0	68806,67637,66320,38236,38236,38236,38236	2	13	27824,23978,0,0,0,0,0	186	45726
167711	494	1126	808	375	320	98	53	15	6594	507	645	411	249	3	92	6288	974	2300	99,0,0,0,0,0	39956	1086	284	51450	1577	0	69529,68400,67045,38489,38489,38489,38489	2	13	27824,24256,0,0,0,0,0	173	46457
167966	432	1071	828	352	320	94	51	17	6456	512	647	433	316	9	92	6434	929	2219	99,0,0,0,0,0	40217	935	216	51653	1592	0	70172,69085,67690,38642,38642,38642,38642	2	11	27825,24469,0,0,0,0,0	166	47067
168081	417	1049	806	343	310	87	48	17	6415	520	653	438	324	8	114	6186	912	2148	99,0,0,0,0,0	30934	844	296	51920	1624	0	70896,69849,68417,38894,38894,38894,38894	2	18	27826,24757,0,0,0,0,0	162	47619
168207	433	981	818	330	307	85	49	17	6342	523	654	410	308	8	111	6302	938	2065	99,0,0,0,0,0	30797	884	290	52193	1641	0	71599,70591,69124,39133,39133,39133,39133	2	19	27828,25041,0,0,0,0,0	161	48204
168328	433	989	806	318	290	83	47	19	6249	527	657	419	258	3	100	6407	896	2070	99,0,0,0,0,0	31013	929	316	52487	1665	0	72299,71334,69828,39377,39377,39377,39377	2	19	27830,25353,0,0,0,0,0	150	48782
168470	436	905	805	320	290	72	45	17	6195	532	659	453	257	1	95	6163	849	2024	99,0,0,0,0,0	30886	887	260	52725	1689	0	72970,72045,70504,39592,39592,39592,39592	2	15	27831,25607,0,0,0,0,0	151	49342
168672	438	866	774	298	286	69	42	20	6082	535	664	439	230	3	92	5728	793	1980	99,0,0,0,0,0	25530	906	246	52961	1701	0	73625,72742,71161,39768,39768,39768,39768	2	8	27831,25854,0,0,0,0,0	138	49943
168861	413	815	763	292	290	62	43	21	5981	536	669	450	317	1	85	5408	775	1903	99,0,0,0,0,0	31335	904	215	53159	1718	0	74260,73418,71802,39951,39951,39951,39951	1	13	27832,26064,0,0,0,0,0	131	50521
169081	352	806	734	251	266	61	43	21	5922	537	672	427	270	5	84	5243	723	1790	99,0,0,0,0,0	31352	1210	184	53332	1730	0	74856,74054,72403,40091,40091,40091,40091	1	12	27833,26245,0,0,0,0,0	130	51349
169288	323	791	705	226	267	63	39	21	5812	539	672	413	248	1	73	5164	704	1710	99,0,0,0,0,0	24606	1188	223	53540	1745	0	75465,74707,73018,40237,40237,40237,40237	1	15	27833,26467,0,0,0,0,0	117	52162
169468	319	753	683	201	259	55	40	17	5735	542	674	435	260	2	89	4987	692	1618	99,0,0,0,0,0	24647	1243	214	53735	1764	0	76068,75348,73626,40393,40393,40393,40393	1	11	27834,26672,0,0,0,0,0	110	53013
169660	316	688	663	217	253	54	34	19	5621	545	676	473	267	4	64	4994	652	1573	99,0,0,0,0,0	24481	1196	182	53902	1779	0	76673,75989,74236,40544,40544,40544,40544	1	10	27834,26850,0,0,0,0,0	103	53860
169834	295	670	639	206	239	56	35	15	5533	545	679	479	310	2	75	4741	628	1512	99,0,0,0,0,0	24453	1183	192	54086	1789	0	77269,76622,74838,40694,40694,40694,40694	1	16	27834,27040,0,0,0,0,0	97	54675
170047	278	645	615	211	216	55	34	15	5403	545	682	471	329	1	71	4796	609	1445	99,0,0,0,0,0	24678	1256	175	54254	1797	0	77845,77235,75419,40821,40821,40821,40821	1	6	27835,27214,0,0,0,0,0	96	55540
170281	266	606	583	180	207	57	35	16	5283	547	685	439	253	1	41	4699	542	1392	99,0,0,0,0,0	29200	1272	151	54397	1807	0	78386,77814,75966,40931,40931,40931,40931	1	5	27835,27363,0,0,0,0,0	104	56401
170543	224	573	564	190	188	55	33	16	5120	551	689	450	271	2	75	4844	547	1280	99,0,0,0,0,0	29032	571	119	54507	1816	0	79064,78530,76653,41100,41100,41100,41100	1	6	27835,27478,0,0,0,0,0	101	56800
170764	231	528	545	170	185	49	29	19	4980	553	693	469	298	2	50	5145	504	1233	99,0,0,0,0,0	24077	592	148	54646	1825	0	79804,79307,77401,41310,41310,41310,41310	1	7	27836,27623,0,0,0,0,0	98	57203
170972	223	480	539	156	176	47	29	17	4859	553	695	469	253	3	57	4974	472	1178	99,0,0,0,0,0	23699	613	121	54759	1834	0	80526,80063,78132,41511,41511,41511,41511	1	7	27836,27744,0,0,0,0,0	97	57617
171198	211	463	481	151	158	44	27	16	4745	556	696	469	251	2	42	5086	416	1119	99,0,0,0,0,0	23619	554	119	54873	1839	0	81224,80794,78839,41701,41701,41701,41701	1	17	27836,27862,0,0,0,0,0	85	57989
171410	216	442	447	142	152	40	21	14	4601	560	701	474	104	3	37	4984	379	1081	99,0,0,0,0,0	23619	570	127	54992	1848	0	81932,81537,79556,41899,41899,41899,41899	1	10	27836,27988,0,0,0,0,0	76	58356
171662	205	416	429	133	128	39	20	14	4435	561	704	478	229	2	47	4594	354	1016	99,0,0,0,0,0	23552	572	93	55072	1861	0	82604,82243,80237,42061,42061,42061,42061	1	6	27836,28078,0,0,0,0,0	73	58751
171878	191	387	408	126	129	41	19	15	4280	562	710	462	234	1	32	4910	331	970	99,0,0,0,0,0	28814	572	93	55158	1868	0	83285,82955,80926,42241,42241,42241,42241	1	5	27836,28170,0,0,0,0,0	67	59137
172109	167	362	386	123	127	36	19	15	4127	563	712	464	272	2	41	4280	315	905	99,0,0,0,0,0	29217	814	90	55242	1874	0	83700,83402,81348,42263,42263,42263,42263	1	6	27836,28259,0,0,0,0,0	65	59705
172300	167	348	372	120	122	33	18	15	3973	563	715	451	250	4	39	3708	304	876	99,0,0,0,0,0	17978	815	116	55345	1887	0	84143,83873,81798,42319,42319,42319,42319	1	5	27836,28373,0,0,0,0,0	58	60284
172510	150	342	338	110	121	32	17	15	3829	563	719	465	215	2	33	3490	298	812	100,0,0,0,0,0	17310	813	84	55422	1895	0	84534,84294,82197,42340,42340,42340,42340	1	5	27836,28455,0,0,0,0,0	55	60866
172711	137	321	327	104	110	28	16	16	3691	564	721	475	268	0	30	3110	281	762	100,0,0,0,0,0	17038	867	72	55489	1901	0	84904,84688,82573,42352,42352,42352,42352	0	6	27836,28527,0,0,0,0,0	48	61495
172915	133	319	311	96	100	29	14	16	3524	566	723	461	315	0	31	2957	262	740	100,0,0,0,0,0	16892	782	93	55575	1908	0	85301,85111,82978,42383,42383,42383,42383	0	3	27836,28618,0,0,0,0,0	47	62036
173101	123	308	296	89	102	27	13	13	3382	567	725	448	258	0	25	2755	240	718	100,0,0,0,0,0	16591	817	84	55655	1913	0	85679,85512,83361,42405,42405,42405,42405	0	6	27836,28703,0,0,0,0,0	45	62590
173280	110	275	287	85	97	27	13	12	3260	569	731	461	288	2	27	2811	227	667	100,0,0,0,0,0	27236	807	63	55712	1920	0	86065,85919,83754,42444,42444,42444,42444	0	5	27836,28766,0,0,0,0,0	43	63162
173431	112	263	257	83	92	28	13	11	3155	569	732	466	263	2	19	2688	204	644	100,0,0,0,0,0	27009	1088	88	55792	1929	0	86482,86357,84177,42500,42500,42500,42500	0	4	27836,28853,0,0,0,0,0	46	63930
173607	112	245	268	75	83	25	12	11	3005	569	734	468	326	1	35	2242	200	620	100,0,0,0,0,0	16128	1097	70	55855	1936	0	86870,86766,84570,42518,42518,42518,42518	0	4	27836,28923,0,0,0,0,0	38	64681
173796	102	235	247	80	67	24	14	8	2864	569	740	458	79	0	16	2139	176	593	100,0,0,0,0,0	15908	1059	58	55909	1940	0	87263,87179,84968,42534,42534,42534,42534	0	3	27836,28979,0,0,0,0,0	38	65430
173943	104	230	243	71	61	27	13	7	2734	570	743	476	259	2	19	2068	153	596	100,0,0,0,0,0	15639	1063	72	55975	1946	0	87684,87618,85395,42588,42588,42588,42588	0	6	27836,29049,0,0,0,0,0	36	66166
174081	105	209	224	73	67	27	12	6	2627	571	744	480	103	0	27	1991	166	551	100,0,0,0,0,0	15681	1056	59	56032	1949	0	88061,88012,85778,42620,42620,42620,42620	0	2	27836,29108,0,0,0,0,0	40	66883
174208	103	207	224	63	61	24	10	6	2522	572	746	490	252	2	21	2028	167	525	100,0,0,0,0,0	15597	1027	62	56085	1959	0	88455,88423,86178,42666,42666,42666,42666	0	2	27836,29167,0,0,0,0,0	38	67581
174356	88	209	204	63	55	23	9	6	2410	572	751	477	240	2	14	1892	154	497	100,0,0,0,0,0	21500	1054	50	56129	1965	0	88843,88827,86573,42707,42707,42707,42707	0	0	27836,29216,0,0,0,0,0	34	68306
174496	86	182	204	50	55	22	9	6	2310	572	754	485	152	1	14	1817	147	461	100,0,0,0,0,0	21013	363	43	56169	1969	0	89388,89388,87126,42827,42827,42827,42827	0	1	27836,29258,0,0,0,0,0	31	68552
174639	76	160	186	47	59	20	9	5	2216	573	756	505	294	0	15	1771	141	416	100,0,0,0,0,0	12645	329	32	56197	1973	0	89909,89923,87654,42923,42923,42923,42923	0	3	27836,29289,0,0,0,0,0	30	68776
174758	75	149	176	55	48	21	9	4	2119	573	759	513	318	0	19	1632	128	405	100,0,0,0,0,0	12524	353	45	56237	1979	0	90449,90479,88203,43046,43046,43046,43046	0	4	27836,29332,0,0,0,0,0	32	68992
174870	73	146	171	54	51	19	7	6	2011	573	765	489	270	0	13	1792	133	388	100,0,0,0,0,0	12539	329	48	56279	1985	0	90993,91036,88754,43170,43170,43170,43170	0	4	27836,29378,0,0,0,0,0	30	69229
174977	69	131	174	52	53	16	9	6	1920	573	766	518	253	1	17	1634	131	373	100,0,0,0,0,0	12705	356	37	56316	1985	0	91518,91574,89287,43284,43284,43284,43284	0	2	27836,29415,0,0,0,0,0	29	69470
175092	72	122	158	49	41	14	7	7	1840	574	770	521	97	0	20	1741	128	335	100,0,0,0,0,0	12496	321	41	56352	1990	0	92041,92109,89819,43405,43405,43405,43405	0	1	27836,29455,0,0,0,0,0	23	69683
175182	69	129	141	48	40	14	7	7	1764	574	771	520	79	0	14	1733	125	323	100,0,0,0,0,0	21000	328	40	56392	1991	0	92584,92664,90370,43552,43552,43552,43552	0	3	27836,29496,0,0,0,0,0	30	69892
175274	63	133	127	47	32	12	6	6	1695	574	777	506	115	0	5	1535	101	319	100,0,0,0,0,0	20696	333	30	56420	1993	0	92755,92845,90544,43467,43467,43467,43467	0	0	27836,29524,0,0,0,0,0	24	70131
175386	51	140	107	46	34	12	6	5	1604	574	781	543	250	0	11	1361	97	299	100,0,0,0,0,0	12229	330	27	56444	1996	0	92908,93010,90700,43357,43357,43357,43357	0	1	27836,29549,0,0,0,0,0	21	70361
175479	48	127	112	40	31	11	5	5	1530	575	783	524	230	2	9	1333	91	283	100,0,0,0,0,0	12250	342	25	56463	2002	0	93058,93169,90854,43257,43257,43257,43257	0	2	27836,29572,0,0,0,0,0	19	70589
175583	47	111	104	42	32	11	5	4	1445	575	787	523	259	0	10	1338	86	266	100,0,0,0,0,0	12158	323	24	56486	2004	0	93204,93326,91004,43150,43150,43150,43150	0	1	27836,29596,0,0,0,0,0	21	70814
175670	43	108	98	34	29	10	6	4	1377	575	792	543	275	0	10	1448	82	246	100,0,0,0,0,0	12342	317	25	56508	2007	0	93352,93484,91156,43054,43054,43054,43054	0	2	27836,29620,0,0,0,0,0	20	71019
175747	41	101	94	37	19	10	6	4	1314	575	798	551	96	0	10	1336	69	239	100,0,0,0,0,0	12234	337	26	56533	2008	0	93497,93637,91304,42961,42961,42961,42961	0	2	27836,29646,0,0,0,0,0	19	71256
175836	44	83	100	33	16	11	4	4	1238	577	800	585	87	0	11	1151	68	223	100,0,0,0,0,0	20719	294	23	56556	2009	0	93639,93787,91449,42867,42867,42867,42867	0	3	27836,29669,0,0,0,0,0	17	71439
175896	36	88	97	25	16	11	3	3	1183	578	810	558	92	0	7	1121	60	216	100,0,0,0,0,0	20390	172	20	56573	2012	0	93856,94012,91672,42828,42828,42828,42828	0	1	27836,29689,0,0,0,0,0	13	71548
175976	28	88	96	25	21	10	3	2	1104	579	814	579	87	0	3	836	50	221	100,0,0,0,0,0	11986	167	23	56594	2014	0	94074,94238,91894,42773,42773,42773,42773	0	0	27836,29712,0,0,0,0,0	14	71662
176020	41	72	87	21	21	11	3	1	1073	579	817	578	75	0	8	928	46	210	100,0,0,0,0,0	11685	186	28	56618	2018	0	94294,94464,92120,42730,42730,42730,42730	0	0	27836,29738,0,0,0,0,0	16	71788
176070	40	74	77	17	21	13	3	1	1031	579	820	562	5206	4	6	930	44	201	100,0,0,0,0,0	11611	154	22	56637	2021	0	94526,94703,92358,42697,42697,42697,42697	0	1	27836,29760,0,0,0,0,0	14	71888
176127	46	77	69	19	21	13	2	1	966	580	825	596	2735	5	12	927	55	192	100,0,0,0,0,0	11753	166	30	56663	2025	0	94727,94912,92564,42647,42647,42647,42647	0	1	27836,29789,0,0,0,0,0	17	71986
176205	43	69	71	17	19	10	1	2	902	580	827	597	1435	1	5	700	53	177	100,0,0,0,0,0	11666	170	13	56675	2027	0	94934,95125,92776,42592,42592,42592,42592	0	0	27836,29802,0,0,0,0,0	13	72098
176265	33	74	66	19	21	9	1	2	842	580	834	605	741	2	2	446	50	173	100,0,0,0,0,0	20250	156	15	56687	2030	0	95132,95330,92980,42541,42541,42541,42541	0	0	27836,29814,0,0,0,0,0	14	72210
176311	28	69	70	18	18	8	1	2	802	580	839	613	467	0	3	425	47	165	100,0,0,0,0,0	20006	182	12	56697	2032	0	95372,95574,93227,42525,42525,42525,42525	0	0	27836,29826,0,0,0,0,0	11	72331
176342	24	70	64	13	12	7	2	1	781	580	850	618	2814	0	5	390	38	154	100,0,0,0,0,0	21760	187	16	56712	2033	0	95613,95821,93477,42518,42518,42518,42518	0	0	27836,29841,0,0,0,0,0	10	72450
176385	24	62	61	15	12	7	2	1	741	580	856	609	2785	0	3	343	38	145	100,0,0,0,0,0	21873	164	10	56722	2033	0	95849,96062,93720,42495,42495,42495,42495	0	1	27836,29851,0,0,0,0,0	11	72555
176433	23	56	58	14	11	7	3	1	699	580	861	590	2058	1	4	299	42	130	100,0,0,0,0,0	21895	154	12	56732	2035	0	96071,96289,93950,42465,42465,42465,42465	0	0	27836,29863,0,0,0,0,0	9	72660
176475	21	49	59	8	7	6	3	1	672	580	865	606	1463	0	8	336	33	120	100,0,0,0,0,0	21811	172	7	56737	2037	0	96285,96506,94171,42437,42437,42437,42437	0	0	27836,29868,0,0,0,0,0	10	72765
176519	15	48	54	6	9	6	2	0	638	581	868	638	950	1	2	262	33	107	100,0,0,0,0,0	21778	148	6	56743	2037	0	96495,96719,94388,42405,42405,42405,42405	0	0	27836,29874,0,0,0,0,0	10	72851
176565	11	43	56	8	10	6	2	0	595	581	869	623	1872	0	3	258	32	104	100,0,0,0,0,0	19822	148	10	56754	2037	0	96717,96947,94619,42387,42387,42387,42387	0	0	27836,29885,0,0,0,0,0	10	72942
176591	12	42	52	10	9	5	2	0	570	581	872	625	2260	1	1	288	30	102	100,0,0,0,0,0	20067	179	13	56766	2038	0	96752,96985,94656,42245,42245,42245,42245	0	2	27836,29897,0,0,0,0,0	7	73059
176619	15	37	50	8	12	3	1	1	545	581	874	649	2176	0	3	284	30	96	100,0,0,0,0,0	21812	174	12	56777	2039	0	96772,97008,94678,42086,42086,42086,42086	0	2	27836,29909,0,0,0,0,0	5	73193
176645	17	32	38	7	13	3	0	2	530	581	878	626	1805	1	3	278	27	83	100,0,0,0,0,0	21930	167	8	56784	2040	0	96786,97024,94694,41928,41928,41928,41928	0	0	27836,29916,0,0,0,0,0	4	73304
176672	15	25	37	5	15	3	0	2	503	581	888	614	1331	1	4	311	27	73	100,0,0,0,0,0	21858	194	5	56789	2040	0	96804,97047,94715,41766,41766,41766,41766	0	0	27836,29921,0,0,0,0,0	4	73427
176700	8	24	30	6	13	2	0	2	487	581	893	623	1618	0	4	408	26	57	100,0,0,0,0,0	22119	160	4	56792	2041	0	96823,97068,94736,41608,41608,41608,41608	0	1	27836,29925,0,0,0,0,0	2	73531
176731	5	23	30	7	12	2	0	1	459	581	895	620	1938	2	3	410	27	52	100,0,0,0,0,0	21992	188	5	56797	2041	0	96825,97074,94741,41441,41441,41441,41441	0	0	27836,29930,0,0,0,0,0	2	73658
176764	6	23	25	5	9	1	0	1	433	581	898	602	2073	1	0	382	21	48	100,0,0,0,0,0	19806	181	6	56803	2041	0	96833,97085,94751,41282,41282,41282,41282	0	0	27836,29936,0,0,0,0,0	2	73776
176789	5	22	23	6	10	1	0	0	407	581	902	637	1895	0	3	315	22	45	100,0,0,0,0,0	19822	123	5	56808	2041	0	96858,97112,94778,41132,41132,41132,41132	0	0	27836,29941,0,0,0,0,0	2	73845
176807	6	22	17	8	11	1	0	0	387	581	906	653	1694	0	2	283	22	43	100,0,0,0,0,0	21892	110	7	56815	2041	0	96885,97140,94806,40979,40979,40979,40979	0	0	27836,29948,0,0,0,0,0	2	73910
176828	4	22	16	8	8	1	0	0	367	581	911	654	1691	0	2	226	19	40	100,0,0,0,0,0	21915	81	4	56818	2042	0	96898,97155,94822,40821,40821,40821,40821	0	0	27836,29951,0,0,0,0,0	2	73962
176852	4	20	14	6	6	1	0	0	347	581	915	648	1776	1	2	224	13	38	100,0,0,0,0,0	21666	110	3	56821	2042	0	96912,97172,94839,40660,40660,40660,40660	0	0	27836,29954,0,0,0,0,0	2	74027
176884	4	18	11	4	5	1	0	0	322	581	916	608	2137	0	1	205	10	33	100,0,0,0,0,0	21981	100	1	56822	2042	0	96912,97174,94841,40492,40492,40492,40492	0	0	27836,29955,0,0,0,0,0	2	74094
176898	2	19	13	4	3	1	0	0	305	581	920	613	1851	0	1	204	9	33	100,0,0,0,0,0	21861	94	3	56825	2042	0	96936,97200,94868,40341,40341,40341,40341	0	0	27836,29958,0,0,0,0,0	2	74156
176925	3	11	16	4	5	1	0	0	277	581	923	595	1811	1	1	68	10	30	100,0,0,0,0,0	19816	122	3	56826	2044	0	96940,97206,94874,40181,40181,40181,40181	0	1	27836,29961,0,0,0,0,0	2	74226
176936	5	10	15	4	4	1	0	0	261	581	929	599	1716	0	1	61	9	30	100,0,0,0,0,0	19601	99	4	56830	2044	0	96896,97163,94831,39995,39995,39995,39995	0	0	27836,29965,0,0,0,0,0	2	74285
176949	4	9	10	4	4	1	0	0	253	581	931	638	1678	0	0	49	9	23	100,0,0,0,0,0	21673	88	0	56830	2044	0	96844,97112,94780,39796,39796,39796,39796	0	0	27836,29965,0,0,0,0,0	1	74338
176964	4	8	9	5	2	1	0	0	240	581	932	632	1890	0	3	56	11	18	100,0,0,0,0,0	21975	88	2	56832	2044	0	96792,97061,94729,39595,39595,39595,39595	0	0	27836,29967,0,0,0,0,0	1	74389
176970	5	8	7	4	3	0	0	0	235	581	933	629	1900	0	1	55	10	17	100,0,0,0,0,0	21523	67	5	56837	2044	0	96735,97005,94673,39398,39398,39398,39398	0	0	27836,29972,0,0,0,0,0	0	74434
176981	4	11	7	3	2	0	0	0	223	581	934	629	1843	0	1	100	10	17	100,0,0,0,0,0	21556	86	4	56841	2044	0	96683,96953,94622,39204,39204,39204,39204	0	0	27836,29976,0,0,0,0,0	0	74476
176995	2	13	10	1	2	0	0	0	207	581	935	656	1781	0	0	92	9	19	100,0,0,0,0,0	21773	96	3	56843	2045	0	96628,96899,94568,39006,39006,39006,39006	0	0	27836,29979,0,0,0,0,0	0	74514
177004	1	10	12	2	1	0	0	0	196	581	939	668	1762	0	0	88	7	19	100,0,0,0,0,0	19595	93	2	56845	2045	0	96580,96852,94521,38816,38816,38816,38816	0	0	27836,29981,0,0,0,0,0	0	74553
177016	2	9	13	1	1	0	0	0	182	581	941	660	1804	0	0	89	5	21	100,0,0,0,0,0	19726	73	4	56847	2047	0	96532,96805,94474,38631,38631,38631,38631	0	0	27836,29984,0,0,0,0,0	0	74594
177017	2	7	10	1	1	0	0	0	181	581	946	655	1834	0	1	86	4	17	100,0,0,0,0,0	21689	81	0	56847	2047	0	96477,96750,94421,38442,38442,38442,38442	0	0	27836,29984,0,0,0,0,0	1	74640
177035	2	9	9	1	1	0	0	0	160	581	948	635	1870	1	1	84	6	16	100,0,0,0,0,0	21741	85	2	56849	2047	0	96413,96688,94358,38237,38237,38237,38237	0	0	27836,29986,0,0,0,0,0	1	74680
177051	3	7	8	2	1	0	0	0	145	581	948	620	1750	0	0	73	5	16	100,0,0,0,0,0	21759	93	2	56851	2047	0	96349,96625,94295,38033,38033,38033,38033	0	0	27836,29988,0,0,0,0,0	1	74733
177053	2	5	9	3	1	0	0	0	135	581	957	601	1853	0	0	74	6	14	100,0,0,0,0,0	21441	89	0	56851	2047	0	96289,96565,94236,37843,37843,37843,37843	0	0	27836,29988,0,0,0,0,0	0	74780
177064	2	3	10	2	0	0	0	0	124	581	960	599	1823	0	1	66	5	12	100,0,0,0,0,0	21681	76	1	56852	2047	0	96216,96493,94165,37641,37641,37641,37641	0	0	27836,29989,0,0,0,0,0	0	74818
177065	2	4	9	1	0	0	0	0	122	581	962	603	1773	0	0	18	3	13	100,0,0,0,0,0	19529	88	2	56853	2048	0	96149,96426,94099,37449,37449,37449,37449	0	0	27836,29991,0,0,0,0,0	0	74865
177067	2	3	8	0	0	0	0	0	118	581	967	592	1796	0	0	13	3	10	100,0,0,0,0,0	19652	73	1	56854	2048	0	96094,96371,94045,37270,37270,37270,37270	0	0	27836,29992,0,0,0,0,0	0	74910
177078	2	2	7	0	0	0	0	0	106	581	970	590	1803	0	0	13	3	8	100,0,0,0,0,0	21657	61	0	56854	2048	0	96039,96316,93990,37075,37075,37075,37075	0	0	27836,29992,0,0,0,0,0	0	74941
177082	2	3	5	0	0	0	0	0	100	581	973	594	1851	0	0	13	1	9	100,0,0,0,0,0	21772	81	1	56855	2048	0	95974,96250,93926,36883,36883,36883,36883	0	0	27836,29993,0,0,0,0,0	0	74989
177087	2	3	3	0	0	0	0	0	90	581	980	600	1746	0	0	14	1	7	100,0,0,0,0,0	21567	75	0	56855	2048	0	95920,96196,93873,36703,36703,36703,36703	0	0	27836,29993,0,0,0,0,0	0	75035
177087	1	5	2	1	0	0	0	0	83	581	986	616	1790	0	0	12	1	8	100,0,0,0,0,0	21526	75	2	56857	2048	0	95858,96135,93812,36522,36522,36522,36522	0	0	27836,29995,0,0,0,0,0	0	75071
177093	2	5	3	0	0	0	0	0	74	581	988	622	1838	0	0	9	1	9	100,0,0,0,0,0	21519	79	2	56858	2049	0	95799,96077,93756,36338,36338,36338,36338	0	0	27836,29997,0,0,0,0,0	0	75115
177093	3	4	2	1	0	0	0	0	72	581	990	611	1766	0	0	9	1	9	100,0,0,0,0,0	19575	74	1	56859	2049	0	95746,96024,93704,36165,36165,36165,36165	0	0	27836,29998,0,0,0,0,0	0	75148
177096	2	4	2	0	0	0	0	0	68	581	993	594	1883	0	0	6	0	8	100,0,0,0,0,0	19800	72	0	56859	2049	0	95671,95948,93629,35986,35986,35986,35986	0	0	27836,29998,0,0,0,0,0	0	75190
177094	2	2	3	0	1	0	0	0	66	581	997	579	1803	0	0	0	0	8	100,0,0,0,0,0	21470	77	0	56859	2049	0	95586,95862,93545,35796,35796,35796,35796	0	0	27836,29998,0,0,0,0,0	0	75232
177098	0	2	4	0	1	0	0	0	57	581	1003	572	1800	0	1	2	0	7	100,0,0,0,0,0	21529	93	0	56859	2049	0	95498,95775,93458,35601,35601,35601,35601	0	0	27836,29998,0,0,0,0,0	0	75285
177097	1	2	4	0	1	0	0	0	54	581	1006	584	1828	0	1	4	2	6	100,0,0,0,0,0	21712	87	1	56860	2049	0	95417,95694,93378,35418,35418,35418,35418	0	0	27836,29999,0,0,0,0,0	0	75328
177103	1	1	4	0	1	0	0	0	45	581	1010	603	1752	0	0	4	2	5	100,0,0,0,0,0	21773	94	0	56860	2049	0	95334,95611,93295,35229,35229,35229,35229	0	0	27836,29999,0,0,0,0,0	0	75374
177107	0	2	2	0	1	0	0	0	42	581	1011	618	1811	0	0	4	2	3	100,0,0,0,0,0	21607	75	0	56860	2049	0	95250,95527,93212,35040,35040,35040,35040	0	0	27836,29999,0,0,0,0,0	0	75411
177108	0	3	2	0	1	0	0	0	37	581	1014	623	1847	0	0	5	2	4	100,0,0,0,0,0	19663	83	1	56861	2049	0	95171,95447,93133,34864,34864,34864,34864	0	0	27836,30000,0,0,0,0,0	0	75457
177109	0	3	1	0	1	0	0	0	34	581	1017	622	1832	0	0	6	0	5	100,0,0,0,0,0	19554	69	1	56862	2049	0	95089,95364,93052,34694,34694,34694,34694	0	0	27836,30001,0,0,0,0,0	0	75495
177110	0	3	1	0	1	0	0	0	28	581	1022	583	1784	0	1	7	1	4	100,0,0,0,0,0	21819	62	0	56862	2049	0	95000,95276,92964,34516,34516,34516,34516	0	0	27836,30001,0,0,0,0,0	0	75539
177109	0	3	1	0	1	0	0	0	27	581	1024	577	1776	0	0	6	1	4	100,0,0,0,0,0	21721	196	0	56862	2049	121	94915,95190,92879,34340,34340,34340,34340	0	0	27836,30001,0,0,0,0,0	0	75586
177113	0	1	1	0	2	0	0	0	24	581	1024	601	1824	0	0	6	1	3	100,0,0,0,0,0	21656	182	0	56862	2049	248	94852,95128,92818,34218,34218,34218,34218	0	0	27836,30001,0,0,0,0,0	0	75621
177077	18	16	1	0	2	0	0	0	24	581	1027	577	1733	0	0	7	1	36	13,86,0,0,0,0	21570	194	1	56893	2051	368	94814,95090,92781,34140,34140,34140,34140	0	0	27836,30002,32,0,0,0,0	0	75646
177041	42	23	4	0	1	0	0	0	22	581	1032	564	1752	0	1	6	1	69	4,95,0,0,0,0	21600	181	2	56920	2059	482	94773,95048,92741,34060,34060,34060,34060	0	0	27836,30002,67,0,0,0,0	0	75673
177009	48	40	6	2	0	0	0	0	23	581	1037	565	1813	1	0	4	0	96	3,96,0,0,0,0	19635	209	5	56947	2060	623	94735,95009,92704,33981,33981,33981,33981	0	0	27836,30003,94,0,0,0,0	0	75701
176953	53	74	8	9	3	0	0	0	22	581	1043	574	1892	0	1	7	3	144	2,97,0,0,0,0	19667	175	9	56991	2069	746	94714,94988,92685,33933,33933,33933,33933	0	0	27836,30004,146,0,0,0,0	0	75720
176921	61	83	13	13	4	0	0	0	21	581	1049	557	1831	2	4	18	6	168	1,98,0,0,0,0	21643	207	10	57018	2071	891	94677,94950,92648,33856,33856,33856,33856	0	1	27836,30004,175,0,0,0,0	0	75740
176863	59	115	28	14	8	0	0	0	24	581	1054	564	1919	3	5	148	10	214	0,99,0,0,0,0	21720	296	25	57068	2078	1109	94660,94933,92633,33815,33815,33815,33815	0	1	27836,30004,232,0,0,0,0	0	75758
176838	56	100	42	22	12	0	0	0	38	581	1057	555	1747	0	3	158	10	222	0,99,0,0,0,0	21753	243	23	57088	2081	1278	94634,94907,92609,33777,33777,33777,33777	0	1	27836,30004,255,0,0,0,0	0	75787
176817	44	105	52	23	13	0	1	0	52	581	1058	589	1948	2	18	195	26	212	0,99,0,0,0,0	21693	286	22	57107	2084	1498	94601,94873,92577,33718,33718,33718,33718	0	1	27836,30004,277,0,0,0,0	0	75813
176801	35	101	62	20	18	0	1	0	67	581	1060	615	1799	2	7	233	31	206	0,99,0,0,0,0	21734	276	16	57122	2085	1718	94574,94845,92551,33678,33678,33678,33678	0	1	27836,30004,293,0,0,0,0	1	75843
176778	31	96	65	29	17	0	1	0	84	581	1064	608	1979	2	6	306	35	204	0,99,0,0,0,0	19801	284	24	57142	2089	1933	94556,94826,92535,33653,33653,33653,33653	0	1	27836,30004,317,0,0,0,0	1	75866
176762	34	77	56	33	23	2	1	0	112	581	1065	605	1817	1	10	341	43	183	0,100,0,0,0,0	19717	275	18	57156	2093	2147	94522,94793,92503,33615,33615,33615,33615	0	1	27836,30004,335,0,0,0,0	2	75888
176748	34	75	56	27	24	3	1	0	129	581	1068	616	1937	1	11	370	55	165	0,100,0,0,0,0	21981	283	19	57175	2093	2358	94489,94758,92471,33575,33575,33575,33575	0	0	27836,30004,354,0,0,0,0	2	75918
176725	33	82	54	26	28	4	1	0	142	581	1070	587	1805	1	11	556	71	157	0,100,0,0,0,0	22016	227	28	57199	2097	2521	94463,94732,92447,33543,33543,33543,33543	0	1	27836,30004,381,0,0,0,0	5	75942
176713	32	67	53	24	29	4	1	0	168	581	1074	599	1957	1	8	669	69	141	0,100,0,0,0,0	22194	235	13	57208	2101	2707	94419,94688,92404,33479,33479,33479,33479	0	1	27836,30004,394,0,0,0,0	5	75965
176708	25	64	59	21	24	4	1	0	183	581	1076	597	2021	2	10	572	71	127	0,100,0,0,0,0	21821	243	18	57224	2103	2873	94377,94646,92365,33423,33423,33423,33423	0	0	27836,30004,412,0,0,0,0	6	75997
176700	25	64	59	18	22	4	1	0	194	581	1078	591	1859	0	4	590	64	129	0,100,0,0,0,0	22171	223	18	57242	2103	3032	94334,94603,92324,33365,33365,33365,33365	0	2	27836,30004,430,0,0,0,0	5	76015
176697	28	57	54	21	21	4	1	0	200	581	1082	620	1826	2	5	624	61	125	0,100,0,0,0,0	19919	215	15	57257	2103	3196	94286,94554,92277,33301,33301,33301,33301	0	1	27836,30004,445,0,0,0,0	7	76029
176699	19	57	50	17	22	2	1	0	210	581	1088	655	1794	0	6	601	52	116	0,100,0,0,0,0	20099	244	7	57264	2103	3367	94239,94505,92232,33247,33247,33247,33247	0	1	27836,30004,452,0,0,0,0	7	76065
176699	12	60	41	15	24	0	1	0	222	581	1091	664	1787	0	7	548	50	103	0,100,0,0,0,0	22261	261	12	57273	2106	3548	94192,94458,92188,33192,33192,33192,33192	0	2	27836,30004,464,0,0,0,0	5	76103
176693	17	56	40	15	19	1	1	0	228	581	1095	656	1840	0	3	556	42	107	0,100,0,0,0,0	22204	358	17	57288	2108	3817	94157,94422,92155,33156,33156,33156,33156	0	4	27836,30004,481,0,0,0,0	6	76142
176692	22	48	40	17	16	0	0	1	232	581	1097	668	1967	5	9	546	44	99	0,100,0,0,0,0	22205	379	12	57299	2109	4109	94130,94394,92130,33151,33151,33151,33151	0	0	27836,30004,493,0,0,0,0	6	76185
176690	23	44	37	14	13	0	0	1	243	581	1100	681	1780	2	2	444	40	91	0,100,0,0,0,0	22053	349	13	57312	2109	4369	94114,94377,92117,33159,33159,33159,33159	0	0	27836,30004,506,0,0,0,0	2	76222
176686	21	41	39	18	11	0	0	1	242	581	1106	653	1830	0	4	320	42	88	0,100,0,0,0,0	21851	334	12	57322	2111	4617	94086,94349,92091,33154,33154,33154,33154	0	2	27836,30004,517,0,0,0,0	3	76261
176687	15	42	39	16	16	0	1	1	238	581	1110	657	1814	0	3	306	39	90	0,100,0,0,0,0	20013	383	11	57333	2111	4916	94064,94326,92072,33151,33151,33151,33151	0	2	27836,30004,528,0,0,0,0	5	76297
176683	15	35	42	17	10	3	1	0	242	581	1117	645	1898	3	9	267	38	85	0,100,0,0,0,0	19760	450	10	57341	2113	5174	94051,94313,92062,33183,33183,33183,33183	0	1	27836,30004,538,0,0,0,0	3	76393
176685	12	31	38	18	11	5	1	0	244	581	1120	631	1930	1	6	284	41	75	0,100,0,0,0,0	21884	482	11	57350	2115	5454	94031,94292,92043,33190,33190,33190,33190	0	0	27836,30004,549,0,0,0,0	6	76495
176684	17	33	37	14	10	5	0	0	242	582	1122	655	1922	0	5	326	40	76	0,100,0,0,0,0	10429	509	16	57362	2119	5758	94017,94277,92032,33208,33208,33208,33208	0	0	27836,30004,565,0,0,0,0	7	76605
176678	17	32	30	9	13	5	0	0	250	582	1130	651	1814	3	6	330	43	63	0,100,0,0,0,0	10494	476	10	57369	2122	6048	94002,94263,92020,33234,33234,33234,33234	0	0	27836,30004,575,0,0,0,0	7	76697
176672	16	37	27	8	9	5	0	0	253	582	1137	660	1804	0	2	295	40	62	0,100,0,0,0,0	10357	494	11	57380	2122	6333	93994,94254,92013,33262,33262,33262,33262	0	1	27836,30004,586,0,0,0,0	8	76797
176668	15	36	24	7	9	5	0	0	256	582	1144	663	1819	0	2	338	37	59	0,100,0,0,0,0	10391	461	9	57389	2122	6616	93981,94240,92003,33282,33282,33282,33282	0	0	27836,30004,595,0,0,0,0	7	76885
176666	16	32	28	11	8	5	0	0	252	582	1146	679	1841	1	0	322	35	65	0,100,0,0,0,0	19786	499	14	57400	2125	6917	93974,94232,91997,33311,33311,33311,33311	0	0	27836,30004,609,0,0,0,0	5	76984
176666	22	31	24	11	6	4	0	0	251	582	1149	715	1803	1	1	314	30	68	0,100,0,0,0,0	19908	365	13	57413	2125	7202	93988,94246,92014,33365,33365,33365,33365	0	0	27836,30004,622,0,0,0,0	4	77025
176663	19	33	25	13	7	4	0	0	243	582	1157	711	1845	1	2	309	31	70	0,100,0,0,0,0	10447	414	8	57420	2127	7529	93996,94253,92023,33410,33410,33410,33410	0	0	27836,30004,630,0,0,0,0	4	77067
176667	17	36	20	12	7	4	0	0	240	582	1161	682	1788	0	2	317	36	60	0,100,0,0,0,0	10484	375	9	57429	2127	7819	94014,94270,92044,33470,33470,33470,33470	0	0	27836,30004,639,0,0,0,0	4	77108
176672	15	31	23	15	8	2	0	0	234	582	1164	737	1893	0	3	276	34	60	0,100,0,0,0,0	10417	377	6	57435	2127	8109	94021,94276,92053,33507,33507,33507,33507	0	0	27836,30004,645,0,0,0,0	2	77150
176673	16	32	18	14	7	1	0	0	236	582	1167	728	1806	0	2	236	30	58	0,100,0,0,0,0	10574	374	8	57442	2128	8403	94031,94285,92065,33557,33557,33557,33557	0	0	27836,30004,652,0,0,0,0	1	77190
176688	16	26	19	12	5	1	0	0	228	582	1169	738	1805	0	5	181	27	52	0,100,0,0,0,0	10398	391	5	57447	2128	8692	94029,94283,92066,33584,33584,33584,33584	0	0	27836,30004,657,0,0,0,0	0	77245
176686	12	32	24	11	6	0	0	0	220	582	1173	768	1786	0	2	166	25	60	0,100,0,0,0,0	19548	401	11	57458	2128	8988	94046,94299,92085,33635,33635,33635,33635	0	0	27836,30004,668,0,0,0,0	0	77293
176682	15	28	27	12	6	0	0	0	217	582	1177	754	1832	0	3	129	25	63	0,100,0,0,0,0	19618	331	11	57469	2128	9269	94037,94289,92078,33687,33687,33687,33687	0	2	27836,30004,679,0,0,0,0	0	77316
176679	16	29	22	11	7	0	1	0	216	582	1183	767	1859	1	2	65	22	64	0,100,0,0,0,0	10281	353	10	57477	2130	9568	94027,94279,92070,33731,33731,33731,33731	0	0	27836,30004,688,0,0,0,0	0	77345
176677	15	31	18	10	6	0	1	0	213	582	1193	751	1821	0	3	75	21	60	0,100,0,0,0,0	10292	335	9	57486	2130	9848	94015,94265,92060,33769,33769,33769,33769	0	2	27836,30004,697,0,0,0,0	3	77371
176670	21	31	16	9	8	0	1	0	213	582	1195	746	1967	1	4	123	20	66	0,100,0,0,0,0	10235	313	17	57500	2133	10121	94000,94249,92047,33802,33802,33802,33802	0	1	27836,30004,714,0,0,0,0	1	77379
176673	21	24	19	9	11	0	1	0	204	582	1202	733	1817	0	4	247	25	60	0,100,0,0,0,0	10391	319	5	57505	2133	10388	93982,94232,92033,33833,33833,33833,33833	0	0	27836,30004,719,0,0,0,0	2	77402
176664	19	36	22	10	13	0	1	0	196	582	1203	735	1831	1	2	238	26	75	0,100,0,0,0,0	10472	307	19	57522	2135	10629	93976,94225,92028,33872,33872,33872,33872	0	1	27836,30004,738,0,0,0,0	2	77427
176667	14	43	19	5	15	1	0	1	192	582	1207	727	1861	1	2	270	23	74	0,100,0,0,0,0	19790	280	9	57530	2136	10858	93957,94206,92012,33891,33891,33891,33891	0	1	27836,30004,747,0,0,0,0	1	77445
176652	15	50	20	4	15	1	0	1	191	582	1215	765	2008	0	4	272	24	81	0,100,0,0,0,0	19557	303	19	57548	2137	11110	93942,94190,91998,33934,33934,33934,33934	0	1	27836,30004,766,0,0,0,0	2	77469
176653	20	35	23	10	18	2	0	1	183	582	1219	742	2000	1	4	314	26	82	0,100,0,0,0,0	10518	289	11	57558	2138	11346	93920,94167,91979,33963,33963,33963,33963	0	1	27836,30004,777,0,0,0,0	2	77507
176643	23	35	25	11	16	1	0	1	187	582	1222	738	1782	1	4	350	25	86	0,100,0,0,0,0	10607	288	15	57573	2138	11587	93902,94149,91963,33998,33998,33998,33998	0	0	27836,30004,792,0,0,0,0	1	77531
176640	25	36	23	10	17	1	0	1	183	582	1228	770	1889	0	5	356	24	88	0,100,0,0,0,0	10538	290	13	57585	2139	11833	93875,94120,91938,34023,34023,34023,34023	0	0	27836,30004,805,0,0,0,0	1	77554
176640	22	44	22	8	13	2	1	1	181	582	1230	763	1895	0	4	355	20	92	0,100,0,0,0,0	10623	343	13	57595	2142	12123	93856,94100,91921,34059,34059,34059,34059	0	0	27836,30004,818,0,0,0,0	1	77588
176636	25	41	28	10	9	4	1	1	176	582	1233	736	1775	1	5	387	22	96	0,100,0,0,0,0	10557	320	15	57608	2144	12396	93849,94091,91917,34113,34113,34113,34113	0	0	27836,30004,833,0,0,0,0	3	77611
176636	19	43	26	10	12	5	1	1	175	582	1236	715	1852	1	4	262	25	91	0,100,0,0,0,0	19944	281	11	57617	2146	12640	93830,94071,91900,34156,34156,34156,34156	0	0	27836,30004,844,0,0,0,0	4	77632
176633	19	43	29	8	14	5	1	1	169	582	1242	732	1695	0	4	287	24	95	0,100,0,0,0,0	19525	292	15	57631	2147	12889	93851,94090,91924,34232,34232,34232,34232	0	0	27836,30004,859,0,0,0,0	6	77659
176619	25	44	30	10	11	5	2	1	169	582	1248	722	2042	0	8	312	30	97	0,100,0,0,0,0	10521	304	21	57649	2150	13148	93877,94113,91952,34316,34316,34316,34316	0	1	27836,30004,880,0,0,0,0	8	77686
176608	31	44	26	10	9	5	2	1	170	582	1258	719	2056	0	3	470	26	101	0,100,0,0,0,0	10847	293	17	57662	2154	13401	93899,94133,91978,34394,34394,34394,34394	0	1	27836,30004,897,0,0,0,0	10	77712
176608	24	49	35	9	7	5	1	0	163	583	1262	704	1788	0	3	461	27	103	0,100,0,0,0,0	10757	292	12	57673	2155	13655	93905,94136,91986,34450,34450,34450,34450	0	0	27836,30004,909,0,0,0,0	7	77733
176591	24	56	35	10	7	4	1	0	169	583	1266	713	1948	1	3	435	25	112	0,100,0,0,0,0	10753	326	25	57695	2158	13930	93929,94158,92014,34534,34534,34534,34534	0	0	27836,30004,934,0,0,0,0	6	77761
176575	31	56	40	11	9	4	1	0	164	583	1272	722	1899	0	5	469	28	124	0,100,0,0,0,0	10743	295	25	57716	2162	14181	93952,94180,92040,34620,34620,34620,34620	0	0	27836,30004,959,0,0,0,0	5	77783
176568	30	52	40	14	9	4	1	0	169	583	1276	728	1819	0	3	464	27	123	0,100,0,0,0,0	19992	305	12	57727	2163	14433	93967,94191,92057,34690,34690,34690,34690	0	0	27836,30004,971,0,0,0,0	5	77817
176544	28	69	37	12	6	4	0	0	176	584	1286	719	2003	1	4	486	30	126	0,100,0,0,0,0	20167	279	26	57751	2165	14666	93968,94192,92060,34760,34760,34760,34760	0	1	27836,30004,997,0,0,0,0	5	77834
176530	34	74	34	14	6	4	0	0	176	584	1290	754	1828	0	4	512	34	132	0,100,0,0,0,0	10795	289	26	57774	2168	14915	93963,94186,92058,34814,34814,34814,34814	0	0	27836,30004,1023,0,0,0,0	4	77851
176509	37	73	37	17	8	4	0	0	182	584	1295	765	1834	0	4	523	31	145	0,100,0,0,0,0	10780	281	28	57798	2172	15161	93957,94179,92054,34874,34874,34874,34874	0	0	27836,30004,1050,0,0,0,0	5	77869
176481	43	83	42	16	10	4	1	0	183	584	1299	771	1969	0	8	612	33	166	0,100,0,0,0,0	10884	305	39	57830	2179	15424	93959,94180,92058,34945,34945,34945,34945	0	2	27836,30004,1089,0,0,0,0	4	77883
176443	55	89	48	19	12	3	1	0	186	584	1306	768	1971	0	4	430	30	197	0,100,0,0,0,0	11070	279	41	57868	2184	15660	93974,94195,92076,35032,35032,35032,35032	0	1	27836,30004,1132,0,0,0,0	4	77897
176415	42	109	55	16	17	4	1	0	188	584	1315	755	1794	2	5	432	36	208	0,100,0,0,0,0	10696	288	29	57892	2189	15912	93975,94194,92079,35097,35097,35097,35097	0	4	27836,30004,1161,0,0,0,0	3	77908
176391	44	111	61	15	22	4	1	0	193	584	1320	767	1808	1	5	462	44	214	0,100,0,0,0,0	19910	288	34	57923	2192	16167	93984,94202,92090,35168,35168,35168,35168	0	2	27836,30004,1194,0,0,0,0	5	77917
176350	59	109	65	19	26	4	1	0	203	584	1326	752	1843	1	8	449	54	229	0,100,0,0,0,0	20076	303	45	57964	2196	16437	93990,94208,92099,35255,35255,35255,35255	0	2	27836,30004,1239,0,0,0,0	8	77920
176326	62	103	71	24	29	4	1	0	211	584	1331	756	2053	4	15	499	63	231	0,100,0,0,0,0	10795	291	35	57994	2202	16692	93996,94213,92106,35342,35342,35342,35342	0	3	27836,30004,1275,0,0,0,0	5	77927
176293	58	118	69	25	31	4	1	0	224	584	1339	733	1956	2	9	634	72	234	0,100,0,0,0,0	10759	320	37	58025	2208	16974	93996,94212,92109,35417,35417,35417,35417	0	1	27836,30004,1312,0,0,0,0	6	77945
176254	65	131	74	25	27	2	3	0	236	584	1345	792	1893	5	9	605	72	255	0,100,0,0,0,0	10784	287	51	58065	2219	17232	94008,94223,92123,35517,35517,35517,35517	0	5	27836,30004,1363,0,0,0,0	3	77949
176217	72	130	76	21	24	1	4	0	267	584	1350	767	1989	3	6	677	72	256	0,100,0,0,0,0	10997	310	43	58101	2226	17513	94012,94227,92129,35601,35601,35601,35601	0	1	27836,30004,1406,0,0,0,0	4	77957
176162	83	148	80	24	29	1	3	0	277	585	1354	772	1870	2	11	595	78	290	0,100,0,0,0,0	10909	303	63	58152	2239	17774	94035,94249,92155,35713,35713,35713,35713	0	3	27836,30004,1470,0,0,0,0	5	77964
176131	82	141	86	33	27	2	3	0	297	585	1359	763	1963	3	9	756	84	290	0,100,0,0,0,0	20186	312	45	58190	2247	18054	94038,94252,92161,35798,35798,35798,35798	0	1	27836,30004,1515,0,0,0,0	4	77967
176085	85	156	88	33	31	1	2	0	317	586	1362	742	2047	2	9	789	97	299	0,100,0,0,0,0	20434	289	54	58240	2253	18307	94062,94276,92187,35912,35912,35912,35912	0	2	27836,30004,1571,0,0,0,0	4	77968
176043	92	158	104	30	36	2	2	0	330	586	1363	758	2083	1	15	915	101	323	0,100,0,0,0,0	11016	328	57	58287	2264	18598	94079,94294,92207,36004,36004,36004,36004	0	1	27836,30004,1628,0,0,0,0	4	77974
175982	110	171	106	29	33	2	2	0	355	586	1370	752	1777	3	10	1070	98	355	0,100,0,0,0,0	11231	306	76	58350	2277	18873	94114,94329,92246,36128,36128,36128,36128	0	3	27836,30004,1704,0,0,0,0	6	77970
175929	126	180	103	30	42	2	3	0	371	586	1374	733	1847	2	6	1126	91	395	0,100,0,0,0,0	11270	311	77	58412	2292	19139	94143,94359,92279,36238,36238,36238,36238	0	1	27836,30004,1781,0,0,0,0	5	77984
175876	115	212	101	32	39	2	3	0	405	586	1375	743	1858	1	19	1037	95	409	0,100,0,0,0,0	11250	310	74	58472	2307	19408	94167,94384,92307,36346,36346,36346,36346	0	7	27836,30004,1856,0,0,0,0	8	77983
175827	114	224	106	44	48	2	4	0	414	586	1377	709	2028	5	13	1073	103	439	0,100,0,0,0,0	11398	303	77	58540	2316	19668	94199,94416,92343,36452,36452,36452,36452	0	5	27836,30004,1932,0,0,0,0	9	77984
175762	118	232	122	45	51	5	5	0	435	586	1385	695	2063	4	12	1123	116	462	0,100,0,0,0,0	20567	346	80	58606	2330	19968	94229,94446,92377,36568,36568,36568,36568	0	3	27836,30004,2011,0,0,0,0	10	77977
175696	130	232	136	50	53	4	4	0	467	587	1387	704	1980	5	14	1151	121	488	0,100,0,0,0,0	20170	280	87	58682	2343	20201	94275,94492,92426,36706,36706,36706,36706	0	4	27836,30004,2100,0,0,0,0	14	77974
175634	137	248	135	61	55	6	5	0	489	587	1389	674	1931	6	18	1161	129	518	0,100,0,0,0,0	21988	314	90	58756	2361	20480	94305,94522,92460,36812,36812,36812,36812	0	6	27836,30004,2192,0,0,0,0	13	77961
175580	143	244	159	63	55	6	4	0	514	588	1390	676	2030	5	19	1694	147	527	0,100,0,0,0,0	22484	305	84	58828	2373	20745	94340,94557,92498,36925,36925,36925,36925	0	2	27836,30004,2276,0,0,0,0	17	77957
175511	146	261	159	57	65	8	3	0	554	590	1392	669	2030	10	14	1765	144	555	0,100,0,0,0,0	22658	307	94	58911	2384	21017	94381,94599,92544,37042,37042,37042,37042	0	3	27836,30004,2370,0,0,0,0	17	77945
175448	149	276	161	70	66	10	3	0	580	590	1393	654	1989	3	18	1659	156	579	0,100,0,0,0,0	22581	285	95	58992	2398	21261	94423,94642,92590,37168,37168,37168,37168	0	5	27836,30004,2463,0,0,0,0	19	77930
175371	152	285	170	75	68	11	4	0	621	591	1398	658	1780	8	20	1763	157	608	0,100,0,0,0,0	22314	306	99	59077	2413	21533	94460,94679,92631,37284,37284,37284,37284	0	9	27836,30004,2562,0,0,0,0	26	77907
175295	166	278	166	88	74	9	4	0	675	591	1400	664	1931	7	28	1976	165	620	0,100,0,0,0,0	21132	299	105	59168	2428	21793	94518,94737,92692,37425,37425,37425,37425	0	5	27836,30004,2667,0,0,0,0	35	77884
175223	152	305	175	83	81	14	4	0	714	592	1403	675	1991	5	31	1988	198	616	0,100,0,0,0,0	21364	317	99	59251	2445	22064	94570,94789,92747,37560,37560,37560,37560	0	1	27836,30004,2765,0,0,0,0	27	77879
175165	155	308	167	88	82	13	4	0	763	594	1407	665	2075	6	30	2052	202	615	0,100,0,0,0,0	22640	307	96	59321	2471	22329	94605,94824,92787,37676,37676,37676,37676	0	4	27836,30004,2861,0,0,0,0	32	77863
175065	177	333	179	81	88	16	6	0	797	594	1410	672	2023	7	20	2327	201	679	0,100,0,0,0,0	12479	506	136	59437	2492	22785	94677,94895,92863,37825,37825,37825,37825	0	8	27836,30004,2997,0,0,0,0	37	77853
174984	197	342	188	91	91	17	5	0	819	596	1416	689	1877	5	39	2453	229	702	0,100,0,0,0,0	12510	477	128	59554	2503	23221	94804,95023,92996,38071,38071,38071,38071	0	9	27836,30004,3124,0,0,0,0	41	77817
174897	200	366	204	93	89	16	6	0	859	596	1420	674	1936	8	31	2114	233	741	0,100,0,0,0,0	12432	536	123	59664	2518	23724	94924,95143,93121,38302,38302,38302,38302	0	11	27836,30004,3248,0,0,0,0	42	77789
174775	210	385	239	109	93	16	6	0	890	597	1426	638	1975	9	27	2187	242	816	0,100,0,0,0,0	12332	512	156	59796	2542	24181	95075,95293,93276,38588,38588,38588,38588	0	11	27836,30004,3402,0,0,0,0	42	77758
174702	197	410	213	106	103	19	6	0	961	597	1432	650	1972	13	26	2464	248	806	0,100,0,0,0,0	21681	529	127	59899	2567	24665	95193,95410,93400,38825,38825,38825,38825	0	9	27836,30004,3528,0,0,0,0	36	77731
174598	221	433	217	105	103	20	6	0	1010	597	1436	646	2039	10	33	2559	267	838	0,100,0,0,0,0	21754	532	163	60036	2595	25131	95341,95559,93556,39096,39096,39096,39096	0	8	27836,30004,3690,0,0,0,0	37	77722
174497	230	462	242	110	114	18	6	0	1032	597	1438	640	1733	5	31	2542	289	893	0,100,0,0,0,0	12918	510	166	60181	2619	25579	95502,95720,93724,39372,39372,39372,39372	0	8	27836,30004,3858,0,0,0,0	30	77713
174338	283	474	269	119	104	18	5	0	1094	598	1444	647	1874	14	32	2612	286	986	0,100,0,0,0,0	12793	681	206	60352	2656	26200	95672,95890,93900,39664,39664,39664,39664	1	11	27836,30004,4062,0,0,0,0	30	77667
174223	295	519	285	124	101	16	5	0	1134	599	1445	626	1914	14	36	2711	314	1031	0,100,0,0,0,0	12897	672	182	60512	2679	26801	95884,96102,94120,40014,40014,40014,40014	1	8	27836,30004,4244,0,0,0,0	25	77651
174062	328	563	291	119	118	19	6	0	1194	599	1447	607	1934	15	33	2595	348	1096	0,100,0,0,0,0	12740	690	226	60710	2709	27417	96109,96328,94353,40393,40393,40393,40393	1	9	27836,30004,4471,0,0,0,0	30	77609
173889	340	607	329	133	124	21	5	0	1247	600	1451	602	1890	4	32	2844	363	1196	0,100,0,0,0,0	12950	631	229	60908	2742	28001	96367,96587,94618,40798,40798,40798,40798	1	8	27836,30004,4696,0,0,0,0	35	77559
173755	347	625	344	121	130	25	7	1	1334	600	1457	599	2026	11	51	2838	366	1233	0,100,0,0,0,0	22101	690	205	61094	2761	28625	96591,96811,94849,41167,41167,41167,41167	1	9	27836,30004,4900,0,0,0,0	37	77498
173607	333	669	363	130	137	30	8	1	1406	600	1462	602	1933	12	49	3105	407	1263	0,100,0,0,0,0	22244	658	201	61271	2787	29212	96844,97064,95109,41572,41572,41572,41572	1	7	27836,30004,5099,0,0,0,0	41	77460
173440	347	706	400	136	137	32	7	1	1474	601	1465	618	1808	9	42	3245	414	1351	0,100,0,0,0,0	13606	672	255	61491	2825	29818	97101,97321,95375,41975,41975,41975,41975	1	7	27836,30004,5353,0,0,0,0	48	77388
173237	384	736	438	150	147	29	8	2	1546	601	1468	597	1895	9	47	3530	420	1472	0,100,0,0,0,0	13793	848	284	61735	2865	30609	97384,97605,95667,42403,42403,42403,42403	1	11	27836,30004,5634,0,0,0,0	47	77314
173035	416	775	460	168	144	29	7	3	1633	601	1475	615	2021	12	58	3714	425	1574	0,100,0,0,0,0	13813	900	284	61978	2906	31432	97729,97951,96023,42923,42923,42923,42923	1	10	27836,30004,5917,0,0,0,0	52	77264
172846	434	815	484	182	165	27	9	3	1698	602	1481	618	2028	14	50	3954	453	1663	0,100,0,0,0,0	14185	846	299	62234	2951	32217	98098,98321,96405,43467,43467,43467,43467	1	17	27836,30004,6217,0,0,0,0	48	77192
172602	474	851	534	198	170	29	9	3	1780	605	1491	592	2017	23	65	4323	498	1767	0,100,0,0,0,0	14446	860	335	62523	2997	33003	98475,98699,96793,44029,44029,44029,44029	1	20	27836,30004,6550,0,0,0,0	52	77106
172394	462	908	559	205	201	28	7	3	1877	607	1495	576	1990	23	52	4375	505	1865	0,100,0,0,0,0	23470	896	309	62791	3038	33826	98834,99058,97163,44563,44563,44563,44563	1	16	27836,30004,6857,0,0,0,0	60	77024
172204	465	945	578	215	213	27	14	2	1979	607	1497	598	1848	19	79	4728	581	1876	0,100,0,0,0,0	23736	973	313	63066	3077	34620	99206,99431,97548,45112,45112,45112,45112	1	16	27836,30004,7171,0,0,0,0	53	76989
171984	475	997	600	218	201	29	14	2	2117	608	1501	614	2024	16	73	5183	607	1927	0,100,0,0,0,0	15318	972	341	63349	3136	35413	99579,99806,97935,45669,45669,45669,45669	1	17	27836,30004,7513,0,0,0,0	65	76970
171745	509	1044	622	223	214	29	14	2	2233	610	1501	597	2037	18	64	5079	597	2058	0,100,0,0,0,0	15566	1693	374	63672	3189	36916	99984,100212,98354,46233,46233,46233,46233	1	20	27836,30004,7886,0,0,0,0	62	76940
171433	581	1075	624	262	222	32	14	2	2386	611	1504	619	2013	19	76	5057	621	2189	0,100,0,0,0,0	15388	1722	428	64042	3249	38449	100655,100885,99041,47215,47215,47215,47215	1	15	27836,30004,8313,0,0,0,0	65	76899
171146	626	1149	624	285	227	39	18	2	2511	611	1508	605	1994	25	91	5161	676	2292	0,100,0,0,0,0	15457	1660	428	64412	3312	39928	101341,101572,99744,48206,48206,48206,48206	2	22	27836,30004,8743,0,0,0,0	76	76845
170852	629	1235	669	278	252	40	23	2	2645	611	1510	612	1979	31	86	5408	717	2409	0,100,0,0,0,0	15600	1671	420	64771	3377	41437	102000,102231,100419,49160,49160,49160,49160	2	13	27836,30004,9164,0,0,0,0	83	76788
170616	629	1229	712	304	291	36	22	1	2775	615	1516	586	1990	26	81	5343	733	2490	0,100,0,0,0,0	24254	1673	378	65103	3428	42934	102646,102877,101081,50087,50087,50087,50087	2	30	27836,30004,9544,0,0,0,0	80	76741
170414	614	1253	761	322	293	40	23	1	2888	616	1521	587	1974	13	106	5615	800	2506	0,100,0,0,0,0	24470	1687	380	65442	3477	44464	103310,103541,101764,51015,51015,51015,51015	2	12	27836,30004,9931,0,0,0,0	75	76667
170127	649	1289	813	350	301	41	26	2	3009	617	1522	583	2060	18	92	6193	832	2637	0,100,0,0,0,0	16456	1671	473	65837	3558	45974	104043,104275,102518,52020,52020,52020,52020	2	24	27836,30004,10401,0,0,0,0	81	76593
169825	721	1323	823	369	321	43	31	1	3145	620	1524	593	1929	35	116	6518	883	2748	0,100,0,0,0,0	16599	834	491	66260	3629	46651	104778,105011,103273,53001,53001,53001,53001	2	19	27836,30004,10893,0,0,0,0	85	76487
169533	759	1350	848	361	319	48	33	0	3347	621	1527	547	2014	21	124	6667	914	2804	0,100,0,0,0,0	17088	861	465	66663	3698	47354	105243,105475,103755,53567,53567,53567,53567	2	19	27836,30004,11360,0,0,0,0	91	76394
169284	729	1415	879	373	315	55	29	0	3512	627	1528	560	1986	24	104	7121	940	2855	0,100,0,0,0,0	17328	900	448	67048	3765	48101	105693,105926,104224,54106,54106,54106,54106	2	22	27836,30004,11809,0,0,0,0	95	76312
168967	729	1475	955	359	328	58	29	1	3684	630	1531	552	1963	28	113	8088	981	2952	0,100,0,0,0,0	17891	904	500	67471	3845	48837	106204,106436,104752,54726,54726,54726,54726	2	22	27836,30004,12308,0,0,0,0	102	76211
168640	801	1466	985	384	356	63	32	1	3856	631	1531	550	1976	29	101	7907	1008	3079	0,99,0,0,0,0	26538	870	493	67905	3945	49563	106696,106930,105264,55345,55345,55345,55345	2	25	27836,30004,12793,35,0,0,0	113	76051
168347	832	1507	1011	397	349	65	33	2	4038	632	1533	543	2007	35	119	8146	997	3197	0,98,1,0,0,0	26825	874	478	68350	4020	50273	107185,107420,105774,55940,55940,55940,55940	3	32	27836,30004,13268,78,0,0,0	122	75889
167962	885	1619	1024	410	360	61	38	3	4212	633	1539	545	1977	38	131	8776	1054	3343	0,97,2,0,0,0	18812	876	588	68857	4134	50985	107735,107972,106347,56614,56614,56614,56614	3	37	27836,30004,13837,123,0,0,0	129	75720
167603	935	1651	1091	428	399	65	39	5	4350	636	1544	529	2004	39	121	9035	1116	3492	0,96,3,0,0,0	19454	713	587	69352	4258	51540	108254,108490,106890,57253,57253,57253,57253	3	27	27836,30004,14388,186,0,0,0	129	75541
167244	985	1689	1093	428	433	77	42	4	4565	640	1546	512	1986	29	142	9070	1165	3582	0,94,5,0,0,0	19304	739	592	69863	4367	52126	108733,108969,107393,57824,57824,57824,57824	3	37	27836,30004,14923,265,0,0,0	136	75339
166859	1001	1789	1131	435	434	83	48	5	4771	642	1548	504	1979	34	155	9116	1211	3710	0,92,7,0,0,0	19607	704	600	70374	4493	52690	109239,109474,107922,58414,58414,58414,58414	3	36	27836,30004,15455,360,0,0,0	145	75141
166526	980	1891	1180	430	450	82	50	5	4953	648	1551	507	1981	38	131	9222	1224	3839	0,92,7,0,0,0	19507	789	624	70881	4610	53304	109712,109949,108422,58964,58964,58964,58964	4	42	27836,30004,16002,434,0,0,0	148	74976
166253	952	1904	1215	450	464	90	53	5	5154	653	1553	509	1940	38	136	9227	1249	3879	0,90,9,0,0,0	27854	706	567	71333	4728	53852	110138,110373,108872,59474,59474,59474,59474	4	36	27836,30004,16466,536,0,0,0	154	74784
165934	972	1908	1267	460	468	89	52	7	5377	657	1555	494	1993	49	150	9263	1311	3905	0,89,10,0,0,0	28151	716	599	71808	4856	54424	110577,110813,109337,59997,59997,59997,59997	4	33	27836,30004,16943,654,0,0,0	170	74597
165569	1033	1909	1328	471	478	97	57	8	5576	661	1559	479	1965	38	152	9515	1353	4020	0,87,12,0,0,0	19714	770	694	72380	4980	55030	111084,111322,109873,60588,60588,60588,60588	4	35	27836,30004,17480,802,0,0,0	171	74377
165177	1056	1971	1387	492	485	95	58	6	5795	665	1559	457	1941	41	155	9632	1375	4169	0,86,13,0,0,0	20042	402	722	72953	5132	55288	111597,111836,110415,61204,61203,61203,61203	4	31	27836,30004,18041,962,0,0,0	175	74146
164806	1114	2034	1427	497	487	101	62	8	5980	669	1561	453	1949	47	148	9524	1415	4307	0,85,14,0,0,0	19803	406	753	73554	5291	55552	112029,112266,110878,61668,61666,61666,61666	4	41	27836,30004,18622,1135,0,0,0	182	73894
164375	1125	2155	1498	489	493	116	61	8	6189	676	1561	473	1931	57	151	9470	1447	4490	0,83,16,0,0,0	19828	409	780	74197	5435	55803	112471,112709,111348,62168,62166,62166,62166	4	37	27836,30004,19218,1318,0,0,0	197	73606
163892	1220	2235	1551	501	499	116	64	11	6415	678	1564	442	1975	41	134	9588	1450	4736	0,81,18,0,0,0	19954	280	867	74886	5617	56051	112954,113193,111864,62716,62712,62712,62712	5	57	27836,30004,19813,1583,0,0,0	204	73248
163544	1227	2253	1576	520	497	112	63	12	6692	685	1565	439	1965	53	144	9141	1407	4841	0,80,19,0,0,0	27833	264	725	75453	5779	56315	113350,113589,112291,63140,63135,63135,63135	5	43	27836,30004,20320,1797,0,0,0	205	72958
163201	1182	2348	1603	564	474	117	64	12	6921	691	1569	443	1931	60	155	9401	1437	4915	0,78,21,0,0,0	27609	278	756	76024	5968	56593	113775,114015,112749,63614,63608,63608,63608	5	35	27836,30004,20813,2055,0,0,0	212	72641
162660	1307	2424	1669	574	483	110	64	11	7176	698	1570	422	1947	36	176	9759	1482	5149	0,76,23,0,0,0	20098	263	949	76727	6219	56856	114291,114532,113300,64234,64225,64225,64225	5	45	27836,30004,21413,2400,0,0,0	204	72247
162122	1440	2472	1735	584	495	113	65	10	7435	704	1571	423	1943	54	169	9920	1528	5376	0,74,25,0,0,0	20387	97	984	77448	6490	56953	114842,115081,113887,64884,64873,64873,64873	5	42	27836,30004,22011,2781,0,0,0	204	71875
161640	1454	2518	1872	593	502	115	64	9	7694	711	1574	422	1944	56	181	10054	1575	5543	0,72,27,0,0,0	29148	87	899	78129	6717	57040	115284,115525,114364,65376,65363,65363,65363	5	62	27836,30004,22547,3145,0,0,0	199	71491
161135	1466	2635	1949	602	506	114	68	7	7971	716	1577	436	2013	59	181	10417	1628	5712	0,69,30,0,0,0	29848	98	961	78852	6964	57138	115730,115970,114845,65908,65891,65891,65891	5	57	27836,30004,23058,3596,0,0,0	197	71048
160629	1553	2660	1992	615	502	123	66	7	8298	721	1580	431	1950	63	175	10885	1624	5887	0,66,33,0,0,0	28990	110	963	79578	7211	57248	116166,116404,115316,66432,66411,66411,66411	6	52	27836,30004,23521,4096,0,0,0	201	70634
160190	1542	2689	2051	638	523	124	66	7	8604	728	1584	401	1904	70	184	10822	1661	5972	0,64,35,0,0,0	29134	92	942	80283	7463	57340	116576,116813,115760,66933,66908,66908,66908	6	72	27836,30004,23993,4566,0,0,0	218	70205
159698	1546	2749	2065	664	554	123	60	7	8955	737	1588	421	1970	66	162	10979	1664	6097	0,61,38,0,0,0	28990	88	978	80996	7738	57428	116991,117229,116209,67453,67424,67424,67424	6	55	27836,30004,24404,5135,0,0,0	209	69777
159158	1669	2766	2188	644	546	127	63	9	9243	740	1593	409	1919	59	209	11507	1722	6281	0,58,41,0,0,0	30867	101	1100	81773	8071	57529	117429,117665,116688,68024,67989,67989,67989	6	63	27836,30004,24845,5795,0,0,0	214	69285
158611	1779	2806	2221	657	566	131	63	9	9559	748	1596	403	2001	64	177	11490	1728	6495	0,55,44,0,0,0	30511	68	1130	82571	8410	57597	117876,118110,117176,68614,68572,68572,68572	7	57	27836,30004,25285,6482,0,0,0	213	68803
158051	1841	2886	2254	646	579	130	63	11	9929	758	1598	390	1916	72	193	11514	1743	6656	0,52,47,0,0,0	31037	76	1140	83364	8762	57673	118310,118545,117646,69212,69161,69161,69161	7	65	27836,30004,25683,7212,0,0,0	218	68312
157403	1923	3029	2271	615	591	127	59	14	10354	761	1599	397	1933	73	209	11292	1772	6843	0,49,50,0,0,0	30717	93	1226	84223	9136	57766	118784,119020,118161,69875,69816,69816,69816	7	81	27836,30004,26072,8047,0,0,0	210	67754
156767	2094	3047	2421	605	603	133	61	15	10634	763	1603	407	1874	75	211	12114	1814	7150	0,46,53,0,0,0	31049	88	1287	85115	9541	57854	119260,119495,118678,70575,70505,70505,70505	7	68	27836,30004,26429,8978,0,0,0	216	67173
156117	2087	3252	2487	593	588	134	63	18	11037	767	1603	407	1933	73	169	11451	1790	7414	0,43,56,0,0,0	30196	77	1279	86003	9945	57931	119727,119963,119183,71288,71206,71206,71206	8	59	27836,30004,26789,9899,0,0,0	226	66587
155408	2143	3335	2608	584	576	131	63	18	11503	772	1605	379	1989	87	160	10996	1730	7710	0,40,59,0,0,0	29409	83	1326	86927	10357	58014	120239,120474,119734,72054,71961,71961,71961	8	67	27836,30004,27144,10867,0,0,0	240	66011
154491	2389	3498	2739	608	571	133	65	16	11849	781	1606	359	1931	74	191	11302	1796	8207	0,37,62,0,0,0	21231	77	1614	88037	10867	58091	120889,121127,120429,73023,72917,72917,72917	8	86	27836,30004,27501,12116,0,0,0	230	65316
153506	2677	3619	2917	601	579	133	65	15	12240	785	1609	365	1846	90	207	10808	1769	8822	0,34,65,0,0,0	21320	269	1695	89182	11432	58360	121555,121789,121133,74043,73922,73922,73922	8	87	27836,30004,27841,13476,0,0,0	247	64611
152404	2921	3931	3030	593	568	139	67	16	12673	793	1611	352	1963	89	211	10633	1812	9437	0,31,68,0,0,0	20676	257	1839	90370	12096	58617	122277,122510,121895,75220,75082,75082,75082	9	83	27836,30004,28173,14980,0,0,0	226	63845
151195	3201	4166	3270	620	573	137	58	21	13089	801	1615	340	1808	87	214	10871	1827	10198	0,29,70,0,0,0	20921	303	2007	91682	12800	58920	123037,123271,122698,76512,76353,76353,76353	9	119	27836,30004,28519,16629,0,0,0	223	62969
149791	3480	4598	3477	662	572	129	56	20	13536	809	1616	333	1923	106	213	10757	1897	11077	0,26,73,0,0,0	20982	282	2210	93133	13571	59202	123945,124181,123650,78002,77823,77823,77823	10	120	27836,30004,28845,18504,0,0,0	208	62027
148640	3535	4906	3675	685	546	132	52	19	14123	816	1617	363	1935	117	206	10566	1927	11604	0,24,75,0,0,0	28654	277	2006	94439	14287	59479	124705,124938,124453,79288,79087,79087,79087	10	117	27836,30004,29096,20262,0,0,0	227	61175
147301	3542	5259	4002	667	594	128	52	16	14747	820	1618	365	1932	141	213	10025	1995	12249	0,22,77,0,0,0	28883	265	2164	95827	15087	59744	125518,125749,125303,80705,80478,80478,80478	11	128	27836,30004,29348,22178,0,0,0	226	60258
145348	4131	5552	4342	688	596	117	52	16	15461	823	1620	375	1947	133	253	11035	2203	13275	0,19,80,0,0,0	20731	287	2808	97659	16085	60031	126647,126876,126476,82620,82367,82367,82367	12	142	27836,30004,29623,24715,0,0,0	217	59083
143460	4632	5740	4784	685	638	120	57	16	16167	823	1624	377	1934	133	228	11812	2345	14311	0,17,82,0,0,0	21618	358	2831	99498	17099	60389	127747,127972,127616,84535,84251,84251,84251	13	157	27836,30004,29878,27289,0,0,0	227	57875
141453	4841	6342	5133	700	682	111	55	18	16956	830	1625	371	1970	157	236	12775	2510	15354	0,16,83,0,0,0	22532	355	2976	101358	18239	60744	128856,129082,128767,86565,86246,86246,86246	14	151	27836,30004,30132,30018,0,0,0	213	56632
139263	5211	6858	5407	725	719	114	51	16	17912	841	1629	376	1959	161	252	13252	2641	16444	0,14,85,0,0,0	22791	334	3200	103322	19493	61078	130039,130263,129988,88736,88382,88382,88382	14	154	27836,30004,30349,32991,0,0,0	198	55327
137065	5436	7330	5820	789	774	106	53	19	18883	842	1629	387	1906	167	292	14453	2860	17448	0,13,86,0,0,0	23896	342	3304	105416	20728	61420	131257,131481,131244,90965,90570,90570,90570	15	179	27836,30004,30561,36091,0,0,0	208	53954
135051	5391	7700	6299	833	774	109	49	19	20044	848	1629	385	1936	200	276	14463	2972	18183	0,11,88,0,0,0	32626	348	3124	107287	22008	61768	132316,132537,132338,93013,92573,92573,92573	16	167	27836,30004,30721,39053,0,0,0	207	52711
132998	5374	8039	6727	859	813	110	55	17	21271	853	1630	423	1961	189	304	15220	3194	18783	0,10,89,0,0,0	32797	311	3249	109229	23361	62079	133368,133589,133431,95143,94654,94654,94654	17	167	27836,30004,30876,42152,22,0,0	207	51372
130281	5980	8254	7232	884	849	112	53	22	22592	856	1631	423	1855	178	318	16648	3468	19896	0,9,90,0,0,0	26475	351	3960	111596	24990	62430	134735,134959,134835,97805,97264,97264,97264	18	186	27836,30004,31061,45897,44,0,0	227	49782
