S	E	I1	I2	I3	I4	I5_h	I6_h	R_h	R	D1	D2	H	T	P1	P2	Q	QT	NQ	MUT	HOM	VAC	NI	INF	REINF	BSTR	IMM	HCI	HCE	INFV	INFH	VNI
178111	109	129	55	52	29	6	7	0	246	2	0	214	0	0	0	56	56	331	0,0,0,0,0,0	178744	0	0	387	0	0	635,635,635,635,635,635,635	0	0	0,0,0,0,0,0,0	0	0
178060	90	178	57	49	32	6	7	0	265	2	0	323	337	3	75	179	68	351	0,0,0,0,0,0	12620	0	63	450	0	0	686,686,686,686,686,686,686	0	5	63,0,0,0,0,0,0	17	0
177986	117	189	75	53	34	6	8	0	274	2	2	399	247	0	10	342	81	401	0,0,0,0,0,0	12859	0	86	537	0	0	760,760,760,760,760,760,760	0	5	150,0,0,0,0,0,0	13	0
177915	125	200	96	51	38	7	8	1	299	2	4	523	102	0	13	414	90	435	0,0,0,0,0,0	13056	0	85	623	0	0	834,834,834,834,834,834,834	0	6	236,0,0,0,0,0,0	16	0
177853	126	229	100	54	44	10	7	1	314	3	5	573	81	0	16	492	129	441	0,0,0,0,0,0	25025	0	76	699	1	0	898,898,898,898,898,898,898	0	3	313,0,0,0,0,0,0	16	0
177785	122	231	124	64	55	9	7	1	336	3	9	581	84	0	22	688	174	438	0,0,0,0,0,0	25368	0	78	777	1	0	968,968,968,968,968,968,968	0	5	391,0,0,0,0,0,0	19	0
177697	137	253	137	66	59	7	9	2	366	3	10	606	248	0	21	946	194	474	0,0,0,0,0,0	13665	0	102	878	2	0	1059,1059,1059,1058,1058,1058,1058	0	7	493,0,0,0,0,0,0	20	0
177609	151	270	143	60	62	9	12	3	408	3	16	595	288	1	18	1049	219	488	0,0,0,0,0,0	13718	0	103	981	2	0	1154,1154,1154,1153,1153,1153,1153	0	14	596,0,0,0,0,0,0	21	0
177528	152	283	158	69	72	9	13	3	437	4	18	665	259	0	22	1394	244	512	0,0,0,0,0,0	13932	0	96	1077	2	0	1238,1238,1238,1237,1237,1237,1237	0	9	692,0,0,0,0,0,0	26	0
177449	142	304	172	77	81	10	14	4	468	4	21	686	254	0	29	1544	283	517	0,0,0,0,0,0	14317	0	100	1177	3	0	1325,1324,1324,1322,1322,1322,1322	0	8	793,0,0,0,0,0,0	26	0
177346	161	300	191	89	82	11	14	4	518	4	26	701	276	3	28	1716	292	556	0,0,0,0,0,0	14428	0	118	1294	5	0	1437,1435,1435,1431,1431,1431,1431	1	14	912,0,0,0,0,0,0	27	0
177276	161	306	191	82	84	14	15	4	578	4	31	715	250	0	19	1800	285	568	0,0,0,0,0,0	26712	0	94	1388	5	0	1522,1520,1520,1512,1512,1512,1512	1	7	1006,0,0,0,0,0,0	33	0
177193	156	322	204	84	88	15	15	3	624	5	37	722	245	1	29	2028	308	576	0,0,0,0,0,0	26560	0	110	1496	8	0	1621,1617,1617,1604,1604,1604,1604	1	8	1117,0,0,0,0,0,0	40	0
177101	168	349	201	85	82	16	15	4	682	5	38	755	243	2	23	2256	319	597	0,0,0,0,0,0	15202	0	128	1623	9	0	1730,1725,1725,1708,1708,1708,1708	1	9	1245,0,0,0,0,0,0	41	0
177003	185	352	207	86	88	16	17	5	739	5	43	739	235	0	24	2260	318	633	0,0,0,0,0,0	15393	0	124	1744	12	0	1840,1835,1835,1816,1816,1816,1816	1	11	1367,0,0,0,0,0,0	40	0
176911	209	340	214	100	89	17	18	5	789	5	49	728	268	3	28	2233	322	665	0,0,0,0,0,0	15398	0	127	1868	16	0	1956,1948,1948,1922,1922,1922,1922	1	9	1494,0,0,0,0,0,0	45	0
176827	192	386	219	101	91	15	15	6	832	8	54	706	260	1	23	2538	341	678	0,0,0,0,0,0	15229	0	117	1987	16	0	2065,2055,2055,2022,2022,2022,2022	1	9	1613,0,0,0,0,0,0	38	0
176715	201	410	230	98	88	13	17	5	899	9	61	710	247	0	29	2467	327	730	0,0,0,0,0,0	15494	0	141	2124	21	0	2200,2188,2188,2147,2147,2147,2147	1	12	1754,0,0,0,0,0,0	40	0
176641	211	400	243	104	95	15	20	5	937	10	65	727	230	1	31	2564	322	766	0,0,0,0,0,0	27129	0	125	2250	22	0	2310,2296,2296,2245,2245,2245,2245	1	6	1881,0,0,0,0,0,0	48	0
176553	193	413	245	98	108	21	20	5	1010	10	70	703	246	2	31	2511	309	789	0,0,0,0,0,0	27194	0	122	2371	24	0	2430,2412,2412,2351,2351,2351,2351	1	15	2004,0,0,0,0,0,0	64	0
176447	200	433	236	98	110	20	19	6	1089	11	77	649	236	1	41	2505	316	800	0,0,0,0,0,0	15746	0	149	2518	26	0	2572,2551,2551,2478,2478,2478,2478	1	13	2151,0,0,0,0,0,0	68	0
176312	228	442	272	97	121	21	21	4	1135	12	81	655	265	4	46	2491	358	844	0,0,0,0,0,0	15375	0	181	2700	27	0	2745,2721,2721,2635,2635,2635,2635	1	15	2333,0,0,0,0,0,0	63	0
176198	253	459	280	108	128	23	21	6	1174	13	83	654	255	3	40	2503	384	888	0,0,0,0,0,0	15398	0	177	2877	28	0	2910,2881,2881,2777,2777,2777,2777	1	13	2510,0,0,0,0,0,0	66	0
176105	256	492	283	118	131	27	18	6	1208	15	87	654	270	2	43	2894	425	900	0,0,0,0,0,0	15736	0	162	3041	28	0	3062,3028,3028,2904,2904,2904,2904	1	13	2674,0,0,0,0,0,0	68	0
175970	266	530	306	121	147	24	18	7	1249	15	93	668	108	1	44	3152	446	966	0,0,0,0,0,0	15944	0	200	3243	28	0	3256,3216,3216,3071,3071,3071,3071	1	12	2876,0,0,0,0,0,0	62	0
175864	284	533	312	135	145	26	13	9	1310	19	96	644	251	2	44	3188	449	999	0,0,0,0,0,0	27614	0	166	3409	30	0	3415,3369,3369,3206,3206,3206,3206	1	14	3042,0,0,0,0,0,0	62	0
175744	283	569	321	152	146	28	13	8	1357	19	106	634	265	6	36	3342	478	1034	0,0,0,0,0,0	27854	0	191	3599	31	0	3602,3549,3549,3363,3363,3363,3363	1	10	3232,0,0,0,0,0,0	70	0
175616	285	606	323	149	162	27	17	7	1425	20	109	630	228	2	56	3868	526	1043	0,0,0,0,0,0	16658	0	205	3803	32	0	3798,3739,3739,3528,3528,3528,3528	2	26	3437,0,0,0,0,0,0	72	0
175494	308	634	325	150	160	31	20	7	1486	20	111	609	269	2	57	4332	541	1087	0,0,0,0,0,0	17132	0	215	4018	32	0	4001,3934,3934,3694,3694,3694,3694	2	16	3652,0,0,0,0,0,0	84	0
175369	322	630	343	165	162	28	21	7	1565	20	114	556	296	3	50	4480	542	1129	0,0,0,0,0,0	17420	0	207	4224	33	0	4197,4122,4122,3856,3856,3856,3856	2	8	3858,0,0,0,0,0,0	85	0
175267	320	632	367	174	173	30	22	6	1619	20	116	560	237	6	62	4904	552	1166	0,0,0,0,0,0	17843	0	205	4430	33	0	4392,4308,4308,4008,4008,4008,4008	2	18	4064,0,0,0,0,0,0	78	0
175127	335	674	377	161	188	34	23	4	1684	20	119	576	240	4	55	5049	566	1226	0,0,0,0,0,0	17826	0	252	4681	34	0	4631,4537,4537,4201,4201,4201,4201	2	24	4315,0,0,0,0,0,0	75	0
175014	349	654	407	170	196	38	24	2	1748	21	123	576	265	2	48	4931	578	1260	0,0,0,0,0,0	29494	0	206	4886	35	0	4833,4730,4730,4360,4360,4360,4360	2	8	4521,0,0,0,0,0,0	87	0
174884	349	671	411	170	220	37	24	3	1827	23	127	582	246	6	67	4874	627	1255	0,0,0,0,0,0	29230	0	222	5109	35	0	5050,4938,4938,4536,4536,4536,4536	2	21	4744,0,0,0,0,0,0	90	0
174729	391	690	417	172	212	45	26	3	1906	25	130	587	232	1	65	5165	652	1301	0,0,0,0,0,0	18328	0	259	5365	39	0	5294,5173,5173,4739,4739,4739,4739	2	25	5000,0,0,0,0,0,0	93	0
174573	405	742	425	178	217	54	24	1	1964	27	136	592	269	2	67	5071	688	1357	0,0,0,0,0,0	17804	0	262	5628	39	0	5548,5416,5416,4945,4945,4945,4945	2	23	5263,0,0,0,0,0,0	103	0
174401	415	793	455	182	218	56	25	1	2033	29	138	605	274	5	58	4842	688	1456	0,0,0,0,0,0	17901	0	284	5913	40	0	5822,5680,5680,5170,5170,5170,5170	2	19	5548,0,0,0,0,0,0	104	0
174247	443	798	495	189	209	61	26	3	2098	31	146	593	259	4	69	4706	706	1515	0,0,0,0,0,0	17874	0	285	6200	40	0	6102,5947,5947,5390,5390,5390,5390	2	24	5835,0,0,0,0,0,0	108	0
174064	462	863	488	198	199	63	29	3	2195	31	151	589	249	4	73	4890	717	1585	0,0,0,0,0,0	17579	0	313	6513	41	0	6411,6243,6243,5637,5637,5637,5637	3	26	6148,0,0,0,0,0,0	116	0
173921	459	872	507	216	224	66	29	5	2256	33	158	554	248	4	58	4318	727	1646	0,0,0,0,0,0	29117	0	270	6785	41	0	6677,6495,6495,5843,5843,5843,5843	3	21	6420,0,0,0,0,0,0	128	0
173774	447	896	555	226	227	71	31	5	2317	35	162	547	283	4	75	4437	763	1690	0,0,0,0,0,0	28800	0	279	7064	44	0	6946,6752,6752,6054,6054,6054,6054	3	16	6699,0,0,0,0,0,0	136	0
173584	465	934	562	241	242	72	30	6	2409	37	164	551	325	7	79	5068	794	1752	0,0,0,0,0,0	18198	0	345	7408	45	0	7277,7068,7068,6317,6317,6317,6317	3	32	7043,0,0,0,0,0,0	132	0
173392	492	951	576	259	260	73	37	4	2498	37	167	568	251	2	86	5429	813	1835	0,0,0,0,0,0	18027	0	341	7750	48	0	7609,7385,7385,6579,6579,6579,6579	3	34	7385,0,0,0,0,0,0	143	0
173197	503	1017	572	233	252	73	37	5	2650	37	170	548	253	3	86	5418	813	1874	0,0,0,0,0,0	18217	0	347	8095	50	0	7943,7705,7705,6846,6846,6846,6846	3	35	7730,0,0,0,0,0,0	155	0
172940	552	1042	601	243	271	75	38	5	2767	39	173	525	268	6	78	5698	832	1990	0,0,0,0,0,0	18316	0	382	8478	51	0	8320,8069,8069,7163,7163,7163,7163	4	40	8114,0,0,0,0,0,0	152	0
172761	549	1046	650	285	269	78	39	7	2845	41	176	541	246	6	100	6481	902	2014	0,0,0,0,0,0	18769	0	344	8820	54	0	8652,8385,8385,7420,7420,7420,7420	4	38	8456,0,0,0,0,0,0	149	0
172554	537	1106	663	281	273	86	35	9	2978	46	178	498	262	4	93	6435	939	2042	0,0,0,0,0,0	30430	0	346	9163	57	0	8987,8706,8706,7693,7693,7693,7693	4	21	8800,0,0,0,0,0,0	161	0
172390	535	1080	685	301	289	84	38	8	3105	48	183	503	275	5	106	6429	988	2024	0,0,0,0,0,0	30311	0	322	9480	63	0	9298,9002,9002,7931,7931,7931,7931	4	24	9117,0,0,0,0,0,0	170	0
172174	596	1088	699	304	306	83	42	10	3208	50	186	473	303	5	99	6705	993	2125	0,0,0,0,0,0	19711	0	400	9881	66	0	9690,9374,9374,8236,8236,8236,8236	4	40	9518,0,0,0,0,0,0	158	0
171973	608	1112	706	323	306	83	36	12	3341	56	190	495	256	7	110	7109	1030	2144	0,0,0,0,0,0	19594	0	375	10256	68	0	10053,9720,9720,8518,8518,8518,8518	4	38	9894,0,0,0,0,0,0	153	0
171816	578	1170	734	336	294	77	42	10	3441	58	190	498	249	7	100	6741	1029	2202	0,0,0,0,0,0	34902	0	361	10619	72	0	10402,10049,10049,8772,8772,8772,8772	5	53	10257,0,0,0,0,0,0	152	0
171616	604	1165	749	338	307	84	42	10	3580	60	191	477	264	4	110	6635	1045	2244	0,0,0,0,0,0	34331	0	389	11007	76	0	10779,10407,10407,9060,9060,9060,9060	5	41	10645,0,0,0,0,0,0	162	0
171468	612	1181	741	342	308	81	42	11	3705	61	194	490	299	4	106	6843	1067	2240	0,0,0,0,0,0	34661	0	372	11375	81	0	11133,10739,10739,9313,9313,9313,9313	5	42	11013,0,0,0,0,0,0	168	0
171366	576	1200	738	344	322	83	43	10	3805	64	195	474	326	5	92	6724	1078	2228	0,0,0,0,0,0	47880	0	340	11712	86	0	11456,11038,11038,9526,9526,9526,9526	5	21	11351,0,0,0,0,0,0	165	0
171258	539	1194	755	343	334	84	42	11	3921	67	198	486	278	9	103	6596	1095	2196	0,0,0,0,0,0	47537	0	321	12028	93	0	11760,11321,11321,9733,9733,9733,9733	5	27	11668,0,0,0,0,0,0	168	0
171105	548	1201	753	356	329	94	44	9	4036	72	199	496	274	3	112	6657	1150	2175	0,0,0,0,0,0	34478	0	376	12397	101	0	12116,11656,11656,9988,9988,9988,9988	5	57	12038,0,0,0,0,0,0	171	0
170958	585	1178	773	350	342	96	44	8	4137	75	200	489	328	7	106	7027	1161	2207	0,0,0,0,0,0	35014	0	393	12787	105	0	12488,12003,12003,10246,10246,10246,10246	5	42	12428,0,0,0,0,0,0	171	0
170835	575	1206	770	365	341	101	46	9	4217	79	202	473	88	6	94	7344	1160	2244	0,0,0,0,0,0	35574	0	377	13161	111	0	12847,12337,12337,10488,10488,10488,10488	5	40	12803,0,0,0,0,0,0	178	0
170755	569	1177	786	381	342	103	49	9	4287	84	204	455	259	7	113	7346	1213	2194	0,0,0,0,0,0	35285	0	368	13528	114	0	13197,12658,12658,10703,10703,10703,10703	6	39	13170,0,0,0,0,0,0	175	0
170685	569	1174	817	368	332	103	52	7	4347	86	206	464	311	5	107	7685	1230	2185	0,0,0,0,0,0	35339	0	348	13877	117	0	13528,12961,12961,10904,10904,10904,10904	6	50	13519,0,0,0,0,0,0	178	0
170664	520	1138	820	366	358	103	50	9	4421	90	207	432	231	9	100	7689	1216	2139	0,0,0,0,0,0	48298	0	303	14179	118	0	13813,13218,13218,11058,11058,11058,11058	6	22	13821,0,0,0,0,0,0	186	0
170606	501	1134	796	362	355	99	49	10	4531	92	211	440	314	6	95	7601	1183	2113	0,0,0,0,0,0	48384	0	307	14481	124	0	14101,13482,13482,11231,11231,11231,11231	6	19	14123,0,0,0,0,0,0	166	0
170561	499	1124	780	338	363	101	48	13	4611	93	215	403	308	8	113	8156	1195	2058	0,0,0,0,0,0	35869	0	340	14823	126	0	14426,13776,13776,11416,11416,11416,11416	6	29	14465,0,0,0,0,0,0	169	0
170494	507	1114	789	361	351	103	47	13	4653	94	220	425	265	6	99	8341	1228	2044	0,0,0,0,0,0	35857	0	357	15179	127	0	14764,14085,14085,11617,11617,11617,11617	6	42	14821,0,0,0,0,0,0	180	0
170441	514	1069	788	352	347	108	47	12	4747	96	225	420	264	5	100	8358	1194	2031	0,0,0,0,0,0	36358	0	315	15489	135	0	15061,14356,14356,11791,11791,11791,11791	6	35	15131,0,0,0,0,0,0	172	0
170435	498	1063	777	359	342	111	48	11	4778	98	226	421	262	7	82	8012	1151	2047	0,0,0,0,0,0	35991	0	316	15807	135	0	15359,14622,14622,11942,11942,11942,11942	6	26	15449,0,0,0,0,0,0	182	0
170419	506	1016	757	356	355	113	52	13	4829	100	230	432	332	4	101	7594	1152	2003	0,0,0,0,0,0	35895	0	314	16117	139	0	15650,14884,14884,12095,12095,12095,12095	6	36	15759,0,0,0,0,0,0	178	0
170421	478	1017	762	338	306	111	53	16	4911	102	231	419	274	2	91	7492	1143	1922	0,0,0,0,0,0	48361	0	287	16399	145	0	15913,15119,15119,12225,12225,12225,12225	5	31	16041,0,0,0,0,0,0	191	0
170462	421	1000	751	339	312	105	56	16	4946	104	234	413	332	4	91	7270	1125	1859	0,0,0,0,0,0	48337	0	247	16643	150	0	16141,15317,15317,12317,12317,12317,12317	5	19	16285,0,0,0,0,0,0	195	0
170491	410	980	744	338	316	107	54	14	4948	108	236	435	241	3	91	7229	1123	1826	0,0,0,0,0,0	35077	0	277	16919	154	0	16398,15544,15544,12429,12429,12429,12429	5	24	16563,0,0,0,0,0,0	188	0
170512	434	930	724	325	318	108	54	16	4975	112	238	415	267	3	95	7395	1104	1789	0,0,0,0,0,0	34903	0	289	17206	158	0	16663,15778,15778,12548,12548,12548,12548	5	27	16850,0,0,0,0,0,0	186	0
170507	449	933	721	303	320	108	53	16	4983	113	240	414	328	6	97	7168	1087	1800	0,0,0,0,0,0	35408	0	300	17504	162	0	16941,16027,16027,12688,12688,12688,12688	5	45	17148,0,0,0,0,0,0	185	0
170548	455	914	705	300	330	108	53	12	4964	115	242	402	225	3	102	6980	1053	1812	0,0,0,0,0,0	35117	0	279	17783	163	0	17199,16253,16253,12794,12794,12794,12794	5	33	17427,0,0,0,0,0,0	187	0
170553	457	914	710	299	297	112	51	13	4979	117	244	415	261	3	93	6952	1036	1804	0,0,0,0,0,0	34629	0	301	18081	169	0	17477,16500,16500,12928,12928,12928,12928	5	26	17725,0,0,0,0,0,0	189	0
170630	448	891	661	305	286	115	46	16	4983	120	245	398	270	1	86	7287	1006	1746	0,0,0,0,0,0	48006	0	255	18338	170	0	17712,16701,16701,13005,13005,13005,13005	5	22	17982,0,0,0,0,0,0	201	0
170726	408	864	652	298	282	115	43	19	4968	124	247	386	244	4	60	7153	967	1695	0,0,0,0,0,0	47327	0	216	18551	174	0	17904,16862,16862,13051,13051,13051,13051	5	15	18195,0,0,0,0,0,0	193	0
170743	413	877	627	283	267	110	42	15	4994	125	250	367	272	3	98	7087	957	1662	0,0,0,0,0,0	34961	0	269	18813	181	0	18146,17076,17076,13160,13160,13160,13160	5	34	18457,0,0,0,0,0,0	186	0
170828	438	851	631	259	267	111	32	13	4928	137	251	394	263	3	84	7003	924	1665	0,0,0,0,0,0	34899	0	281	19093	183	0	18399,17292,17292,13240,13240,13240,13240	5	28	18737,0,0,0,0,0,0	178	0
170905	413	847	602	252	267	109	31	15	4913	140	252	383	277	3	75	7007	897	1624	0,0,0,0,0,0	35223	0	239	19332	186	0	18615,17477,17477,13306,13306,13306,13306	4	22	18976,0,0,0,0,0,0	187	0
170958	408	833	618	247	264	102	36	14	4873	140	253	406	245	6	83	7292	894	1614	0,0,0,0,0,0	34859	0	260	19584	194	0	18847,17678,17678,13391,13391,13391,13391	4	27	19231,0,0,0,0,0,0	174	0
171013	386	832	609	253	257	103	38	13	4845	142	255	395	260	3	75	6894	912	1566	0,0,0,0,0,0	35349	0	250	19835	195	0	19076,17876,17876,13474,13474,13474,13474	4	29	19482,0,0,0,0,0,0	173	0
171094	365	807	605	273	245	106	39	13	4794	145	260	381	292	7	65	6489	889	1551	0,0,0,0,0,0	47392	0	224	20053	201	0	19276,18046,18046,13529,13529,13529,13529	4	19	19701,0,0,0,0,0,0	173	0
171206	353	757	612	262	242	99	35	11	4758	148	263	365	248	4	61	6376	853	1507	0,0,0,0,0,0	47250	0	205	20257	204	0	19459,18197,18197,13561,13561,13561,13561	4	17	19906,0,0,0,0,0,0	171	0
171255	352	762	592	236	245	96	36	10	4747	149	266	370	231	4	77	5975	847	1472	0,0,0,0,0,0	34590	0	242	20496	207	0	19676,18385,18385,13640,13640,13640,13640	4	33	20145,0,0,0,0,0,0	159	0
171319	366	735	562	237	244	95	38	9	4719	153	269	377	337	2	70	5851	834	1443	0,0,0,0,0,0	33730	0	235	20726	214	0	19883,18562,18562,13704,13704,13704,13704	4	25	20376,0,0,0,0,0,0	158	0
171396	364	735	545	226	241	94	40	7	4669	155	274	382	305	2	66	5783	836	1409	0,0,0,0,0,0	33815	0	221	20943	219	0	20080,18729,18729,13759,13759,13759,13759	4	22	20593,0,0,0,0,0,0	153	0
171503	315	746	543	224	247	89	39	8	4596	160	276	402	250	2	57	5641	789	1414	0,0,0,0,0,0	33584	0	203	21142	223	0	20255,18874,18874,13787,13787,13787,13787	4	19	20792,0,0,0,0,0,0	153	0
171559	310	764	538	228	237	87	41	8	4534	161	279	407	264	2	67	5400	795	1410	0,0,0,0,0,0	33704	0	236	21369	232	0	20462,19052,19052,13856,13856,13856,13856	4	26	21019,0,0,0,0,0,0	161	0
171659	314	699	550	233	235	81	39	8	4479	164	285	397	268	1	56	5302	777	1374	0,0,0,0,0,0	46344	0	192	21559	236	0	20635,19195,19195,13887,13887,13887,13887	4	17	21209,0,0,0,0,0,0	164	0
171773	294	688	532	231	227	77	37	8	4423	168	288	385	245	5	61	4701	749	1337	0,0,0,0,0,0	46080	0	199	21757	238	0	20811,19340,19340,13913,13913,13913,13913	3	19	21407,0,0,0,0,0,0	149	0
171834	334	634	549	233	221	77	35	13	4354	169	293	396	327	3	78	4918	773	1310	0,0,0,0,0,0	32381	0	216	21966	247	0	21001,19503,19503,13971,13971,13971,13971	4	30	21616,0,0,0,0,0,0	139	0
171934	315	672	539	212	210	79	36	13	4271	170	295	404	269	3	55	4862	744	1319	0,0,0,0,0,0	32924	0	220	22182	251	0	21190,19660,19660,14008,14008,14008,14008	4	32	21832,0,0,0,0,0,0	150	0
172027	302	683	510	202	216	76	36	12	4211	172	299	417	284	2	74	4990	748	1277	0,0,0,0,0,0	33043	0	196	22376	254	0	21364,19805,19805,14041,14041,14041,14041	4	25	22026,0,0,0,0,0,0	156	0
172140	284	647	497	218	210	72	33	10	4158	176	301	396	273	1	44	4984	704	1257	0,0,0,0,0,0	46044	0	170	22543	257	0	21508,19921,19921,14050,14050,14050,14050	4	13	22193,0,0,0,0,0,0	152	0
172256	269	614	472	223	192	70	33	13	4125	177	302	422	333	4	56	4938	685	1188	0,0,0,0,0,0	45935	0	159	22700	260	0	21643,20028,20028,14051,14051,14051,14051	3	10	22350,0,0,0,0,0,0	139	0
172397	253	596	442	215	181	68	36	10	4064	179	305	462	318	4	62	4977	650	1141	0,0,0,0,0,0	46119	0	151	22846	267	0	21768,20124,20124,14036,14036,14036,14036	3	10	22496,0,0,0,0,0,0	137	0
172524	238	564	433	206	164	66	34	13	4014	182	308	428	258	4	50	4653	615	1090	0,0,0,0,0,0	45974	24	145	22986	273	0	21887,20217,20217,14026,14026,14026,14026	3	16	22636,0,0,0,0,0,0	131	21
172647	238	559	432	214	165	62	32	13	3888	185	311	430	256	3	54	4744	625	1077	0,0,0,0,0,0	32637	24	178	23160	279	0	22038,20338,20338,14032,14032,14032,14032	3	34	22810,0,0,0,0,0,0	128	43
172763	253	517	425	215	164	58	32	13	3803	187	316	425	237	5	47	4865	595	1069	0,0,0,0,0,0	32956	26	153	23312	280	0	22167,20439,20439,14028,14028,14028,14028	3	15	22962,0,0,0,0,0,0	110	65
172870	236	519	392	200	156	57	35	12	3765	188	316	426	247	4	55	4927	588	1007	0,0,0,0,0,0	32955	25	139	23450	283	0	22282,20531,20531,14023,14023,14023,14023	3	19	23100,0,0,0,0,0,0	116	88
172969	209	550	377	186	159	51	36	12	3690	190	317	409	283	2	62	4560	597	971	0,0,0,0,0,0	32884	33	146	23595	285	0	22406,20630,20630,14026,14026,14026,14026	3	20	23245,0,0,0,0,0,0	104	120
173055	212	546	376	171	164	50	37	11	3615	191	318	415	229	3	45	4416	590	966	0,0,0,0,0,0	32540	27	157	23749	288	0	22539,20739,20739,14040,14040,14040,14040	3	20	23400,0,0,0,0,0,0	102	143
173205	194	514	360	177	167	44	38	12	3520	191	324	423	260	3	43	4047	574	920	0,0,0,0,0,0	38811	20	118	23865	291	0	22636,20808,20808,14005,14005,14005,14005	3	8	23516,0,0,0,0,0,0	107	161
173330	174	494	340	175	157	44	38	12	3461	194	327	427	239	1	41	3902	541	881	0,0,0,0,0,0	38827	140	109	23974	291	0	22734,20883,20883,13984,13984,13984,13984	3	10	23625,0,0,0,0,0,0	103	277
173454	182	450	355	164	162	45	43	13	3354	194	330	419	249	2	58	3662	531	870	0,0,0,0,0,0	27039	113	122	24094	293	0	22842,20966,20966,13966,13966,13966,13966	3	12	23746,0,0,0,0,0,0	103	374
173533	205	439	331	148	153	49	38	14	3307	198	331	435	247	0	51	3949	514	849	0,0,0,0,0,0	26823	121	152	24246	295	0	22979,21080,21080,13983,13983,13983,13983	2	15	23898,0,0,0,0,0,0	107	478
173645	190	445	317	150	149	48	39	14	3217	199	333	437	98	0	43	3776	525	813	0,0,0,0,0,0	27009	136	111	24355	299	0	23076,21155,21155,13965,13965,13965,13965	2	13	24007,0,0,0,0,0,0	105	592
173722	183	451	326	150	139	48	38	16	3136	202	335	469	217	2	46	3598	508	827	0,0,0,0,0,0	26736	131	140	24491	303	0	23204,21261,21261,13980,13980,13980,13980	2	19	24143,0,0,0,0,0,0	94	697
173799	190	422	335	149	135	50	35	17	3068	205	341	460	242	0	43	3437	499	817	0,0,0,0,0,0	26462	140	134	24624	304	0	23329,21365,21365,13994,13994,13994,13994	2	18	24276,0,0,0,0,0,0	98	806
173902	191	414	316	148	128	49	33	12	3001	209	343	473	241	2	34	3367	475	804	0,0,0,0,0,0	38337	120	113	24739	306	0	23431,21445,21445,13983,13983,13983,13983	2	15	24391,0,0,0,0,0,0	93	903
174032	181	382	315	163	121	46	32	9	2910	211	344	471	81	1	29	3061	445	795	0,0,0,0,0,0	38030	172	101	24837	310	0	23552,21543,21543,13969,13969,13969,13969	2	5	24489,0,0,0,0,0,0	106	1047
174103	190	372	315	154	126	44	28	11	2837	215	351	479	259	2	41	3127	461	768	0,0,0,0,0,0	26213	144	124	24959	313	0	23696,21667,21667,13994,13994,13994,13994	2	13	24611,0,0,0,0,0,0	95	1172
174189	181	369	288	150	122	45	31	10	2792	216	353	505	259	1	35	3104	440	746	0,0,0,0,0,0	26298	163	101	25060	313	0	23814,21767,21767,13997,13997,13997,13997	2	13	24712,0,0,0,0,0,0	90	1309
174256	175	366	289	150	115	43	31	12	2735	219	355	483	313	2	44	3298	438	731	0,0,0,0,0,0	26064	141	117	25172	318	0	23951,21885,21885,14020,14020,14020,14020	2	15	24825,0,0,0,0,0,0	88	1425
174356	173	362	270	142	109	41	30	11	2673	221	358	509	245	2	46	3136	415	712	0,0,0,0,0,0	26328	151	107	25279	319	0	24079,21992,21992,14021,14021,14021,14021	2	15	24932,0,0,0,0,0,0	83	1547
174452	158	369	266	139	106	43	29	10	2590	223	361	485	314	3	33	3111	396	714	0,0,0,0,0,0	26081	151	105	25383	320	0	24204,22097,22097,14023,14023,14023,14023	2	17	25036,0,0,0,0,0,0	83	1659
174557	144	348	266	140	103	38	27	10	2522	225	366	480	152	2	29	3107	379	687	0,0,0,0,0,0	37807	164	84	25466	321	0	24310,22183,22183,14013,14013,14013,14013	2	6	25119,0,0,0,0,0,0	78	1791
174601	153	338	268	127	100	39	29	10	2488	225	368	471	232	1	33	3441	378	676	0,0,0,0,0,0	38595	71	103	25566	324	0	24447,22306,22306,14048,14048,14048,14048	2	15	25220,0,0,0,0,0,0	88	1845
174673	155	336	267	102	108	36	30	9	2435	225	370	478	245	0	41	3407	388	646	0,0,0,0,0,0	26543	66	111	25677	325	0	24585,22426,22426,14067,14067,14067,14067	2	15	25331,0,0,0,0,0,0	88	1895
174708	163	352	261	95	100	36	27	9	2393	229	373	480	247	0	26	3598	365	669	0,0,0,0,0,0	26685	60	119	25795	327	0	24736,22561,22561,14110,14110,14110,14110	2	16	25449,0,0,0,0,0,0	91	1942
174764	169	354	256	104	101	34	24	8	2325	232	375	469	235	0	29	3455	373	669	0,0,0,0,0,0	26577	65	120	25912	330	0	24875,22682,22682,14138,14138,14138,14138	2	18	25566,0,0,0,0,0,0	79	1992
174824	178	359	261	101	96	32	19	9	2252	235	380	474	271	3	30	3292	364	682	0,0,0,0,0,0	26464	68	116	26024	334	0	25015,22805,22805,14164,14164,14164,14164	2	16	25678,0,0,0,0,0,0	83	2048
174873	182	356	253	111	98	32	18	8	2196	236	383	463	241	1	33	3410	369	681	0,0,0,0,0,0	26247	73	109	26133	336	0	25149,22923,22923,14192,14192,14192,14192	2	6	25787,0,0,0,0,0,0	77	2107
174920	184	350	244	106	101	32	20	7	2160	236	386	478	278	3	26	3038	357	680	0,0,0,0,0,0	38041	66	110	26238	341	0	25287,23046,23046,14225,14225,14225,14225	2	10	25892,0,0,0,0,0,0	74	2162
174995	170	343	252	109	102	32	17	6	2096	238	386	464	233	0	40	3198	356	669	0,0,0,0,0,0	38331	189	94	26331	343	0	25390,23132,23132,14225,14225,14225,14225	2	3	25986,0,0,0,0,0,0	76	2319
175030	163	358	238	103	95	28	15	8	2079	239	390	442	229	2	26	3302	347	653	0,0,0,0,0,0	26580	203	101	26432	344	0	25502,23230,23230,14248,14248,14248,14248	2	15	26087,0,0,0,0,0,0	66	2475
175091	157	355	238	99	103	28	13	7	2024	241	390	466	310	2	33	3151	363	630	0,0,0,0,0,0	26378	197	100	26531	345	0	25604,23316,23316,14252,14252,14252,14252	1	8	26186,0,0,0,0,0,0	55	2637
175143	154	358	239	91	95	30	14	4	1983	241	394	483	277	1	33	3408	359	622	0,0,0,0,0,0	26231	206	98	26625	349	0	25710,23407,23407,14263,14263,14263,14263	1	12	26280,0,0,0,0,0,0	55	2794
175167	152	368	251	94	88	30	15	4	1938	241	398	512	234	0	28	3174	337	661	0,0,0,0,0,0	26601	199	112	26736	350	0	25837,23520,23520,14298,14298,14298,14298	1	14	26391,0,0,0,0,0,0	57	2948
175194	148	374	256	89	107	33	13	3	1890	241	398	509	264	0	32	3423	357	663	0,0,0,0,0,0	26442	187	111	26850	351	0	25961,23630,23630,14331,14331,14331,14331	1	8	26505,0,0,0,0,0,0	56	3092
175251	136	349	252	92	104	31	15	2	1871	241	402	499	252	0	27	3478	352	627	0,0,0,0,0,0	38707	220	79	26926	355	0	26051,23706,23706,14333,14333,14333,14333	1	8	26582,0,0,0,0,0,0	62	3270
175298	132	344	249	101	97	35	17	3	1826	241	403	520	324	1	28	3577	361	614	0,0,0,0,0,0	38448	184	91	27014	358	0	26220,23863,23863,14382,14382,14382,14382	1	8	26670,0,0,0,0,0,0	65	3420
175309	139	335	256	98	101	34	15	4	1805	242	408	522	272	1	29	3825	352	626	0,0,0,0,0,0	26739	180	107	27120	359	0	26405,24037,24037,14452,14452,14452,14452	1	12	26776,0,0,0,0,0,0	72	3558
175290	162	345	241	97	106	31	15	3	1804	243	409	498	273	2	32	3495	330	667	3,0,0,0,0,0	26778	180	101	27255	359	0	26616,24237,24237,14550,14550,14550,14550	1	13	26877,34,0,0,0,0,0	65	3695
175248	196	352	232	96	109	31	17	3	1802	244	416	524	306	0	31	3480	335	698	7,0,0,0,0,0	26412	170	111	27402	363	0	26850,24461,24461,14673,14673,14673,14673	1	9	26979,81,0,0,0,0,0	63	3820
175230	202	368	241	98	107	30	18	3	1783	245	421	526	267	3	33	3093	344	720	12,0,0,0,0,0	26420	173	99	27532	367	0	27065,24666,24666,14774,14774,14774,14774	1	9	27063,130,0,0,0,0,0	65	3959
175205	232	380	239	99	110	30	15	5	1757	248	426	505	235	2	33	2971	340	765	17,0,0,0,0,0	26146	156	128	27694	368	0	27305,24892,24892,14892,14892,14892,14892	1	17	27154,202,0,0,0,0,0	69	4075
175168	226	423	251	96	112	34	14	6	1738	249	429	526	239	0	32	2764	326	830	23,0,0,0,0,0	37992	186	120	27849	371	0	27546,25123,25123,15017,15017,15017,15017	1	9	27229,283,0,0,0,0,0	68	4216
175129	239	424	245	108	137	33	13	6	1727	250	435	545	280	1	37	2757	339	860	28,0,0,0,0,0	37653	131	119	27998	379	0	27790,25357,25357,15144,15144,15144,15144	1	6	27300,365,0,0,0,0,0	75	4322
175088	254	458	242	118	137	33	13	6	1706	251	440	529	319	0	56	2695	386	869	31,0,0,0,0,0	25889	148	167	28165	380	0	28034,25589,25589,15269,15269,15269,15269	1	14	27395,437,0,0,0,0,0	78	4430
175021	264	431	273	143	132	32	13	8	1732	251	446	549	320	1	38	2807	389	899	33,0,0,0,0,0	26001	127	161	28324	382	0	28277,25824,25824,15405,15405,15405,15405	1	16	27496,497,0,0,0,0,0	68	4516
174982	269	455	280	146	124	34	15	8	1731	251	451	555	227	1	44	2953	407	916	36,0,0,0,0,0	26106	137	160	28482	384	0	28502,26039,26039,15521,15521,15521,15521	1	8	27579,573,0,0,0,0,0	67	4614
174947	267	462	302	136	125	35	18	6	1743	251	454	563	330	2	50	2797	424	921	38,0,0,0,0,0	26089	135	154	28633	388	0	28730,26257,26256,15636,15636,15636,15636	1	12	27660,646,0,0,0,0,0	75	4699
174896	277	497	310	130	124	37	20	6	1741	252	456	566	251	2	39	2893	420	975	40,0,0,0,0,0	26085	119	186	28820	389	0	28984,26501,26499,15774,15774,15774,15774	1	13	27754,740,0,0,0,0,0	74	4784
174864	269	491	313	142	133	35	23	5	1758	252	461	547	244	2	44	2810	422	984	42,0,0,0,0,0	38131	115	151	28970	390	0	29220,26727,26725,15894,15894,15894,15894	1	9	27827,818,0,0,0,0,0	78	4869
174838	231	521	310	142	131	42	21	5	1785	254	466	537	231	1	38	3187	448	950	43,0,0,0,0,0	38007	308	130	29099	392	0	29390,26889,26886,15974,15974,15974,15974	1	10	27889,886,0,0,0,0,0	82	5090
174752	244	563	305	147	142	40	19	6	1800	257	471	503	243	1	53	3215	472	988	46,0,0,0,0,0	26167	321	200	29293	398	0	29621,27114,27109,16114,16114,16114,16114	1	16	27971,1000,0,0,0,0,0	81	5299
174695	269	545	316	160	139	40	20	4	1827	258	473	523	253	1	44	3298	479	1010	48,0,0,0,0,0	26283	279	184	29476	400	0	29831,27315,27308,16226,16226,16226,16226	1	13	28042,1114,0,0,0,0,0	79	5494
174623	306	513	346	168	145	38	21	3	1849	260	474	510	327	1	45	3327	503	1034	50,0,0,0,0,0	26509	290	192	29663	407	0	30051,27527,27519,16353,16353,16353,16353	1	10	28120,1228,0,0,0,0,0	76	5713
174551	304	551	336	167	154	43	21	4	1876	261	478	524	269	1	54	3441	525	1051	53,0,0,0,0,0	26298	284	195	29852	413	0	30270,27739,27728,16479,16479,16479,16479	1	11	28185,1357,0,0,0,0,0	74	5905
174435	305	597	354	170	146	45	19	5	1926	262	482	505	249	2	50	3567	518	1118	55,0,0,0,0,0	26669	287	220	30064	421	0	30516,27979,27967,16640,16640,16640,16640	1	17	28264,1496,0,0,0,0,0	87	6098
174374	297	597	364	188	151	45	19	5	1958	264	484	522	254	0	50	3535	524	1137	57,0,0,0,0,0	38300	281	173	30235	423	0	30716,28172,28158,16753,16753,16753,16753	1	10	28319,1614,0,0,0,0,0	88	6283
174323	307	597	382	181	163	51	20	4	1967	264	487	521	245	1	46	3705	539	1162	59,0,0,0,0,0	38429	616	193	30419	432	0	31014,28465,28447,16912,16912,16912,16912	1	10	28374,1747,0,0,0,0,0	94	6621
174179	318	646	392	188	171	45	17	6	2030	265	489	524	237	5	57	3981	565	1212	62,0,0,0,0,0	26981	603	259	30670	442	0	31375,28823,28802,17148,17148,17148,17148	1	12	28440,1937,0,0,0,0,0	88	7015
174039	350	659	424	200	180	49	16	6	2067	265	491	509	248	1	51	3846	573	1305	65,0,0,0,0,0	27030	570	268	30934	447	0	31741,29185,29161,17382,17382,17382,17382	1	15	28504,2140,0,0,0,0,0	81	7521
173857	409	686	445	195	182	50	17	7	2140	265	493	518	240	3	68	4082	630	1354	67,0,0,0,0,0	26965	618	296	31224	456	0	32146,29589,29561,17661,17661,17661,17661	1	10	28570,2371,0,0,0,0,0	90	8080
173694	454	750	421	201	181	50	18	6	2213	265	493	520	245	3	67	4239	645	1430	69,0,0,0,0,0	27063	635	303	31520	464	0	32541,29981,29949,17924,17924,17924,17924	1	20	28634,2609,0,0,0,0,0	97	8625
173546	452	829	435	207	178	49	18	6	2264	265	497	529	283	1	60	4462	654	1514	72,0,0,0,0,0	27034	613	291	31801	475	0	32924,30362,30325,18174,18174,18174,18174	1	13	28679,2855,0,0,0,0,0	96	9161
173408	441	862	447	216	203	54	22	6	2321	267	499	547	310	3	56	4389	676	1569	73,0,0,0,0,0	38913	617	278	32078	479	0	33307,30743,30701,18420,18420,18420,18420	1	14	28741,3073,0,0,0,0,0	103	9702
173266	425	877	509	228	222	54	19	5	2365	270	506	539	251	1	60	4537	692	1642	75,0,0,0,0,0	39276	795	281	32355	484	0	33739,31173,31126,18691,18691,18691,18691	1	14	28793,3301,0,0,0,0,0	118	10398
173080	469	922	519	230	234	56	22	4	2429	272	509	533	273	3	95	5093	791	1661	77,0,0,0,0,0	27976	776	341	32683	499	0	34232,31666,31613,19014,19014,19014,19014	1	16	28841,3593,0,0,0,0,0	120	11067
172811	526	1007	550	226	247	56	25	5	2509	273	511	514	259	4	88	5469	874	1763	78,0,0,0,0,0	28437	803	412	33082	514	0	34838,32271,32212,19433,19433,19433,19433	1	25	28907,3936,0,0,0,0,0	125	11749
172587	565	1052	592	229	265	59	24	7	2576	276	514	516	301	3	90	5497	919	1867	80,0,0,0,0,0	28656	803	379	33450	528	0	35420,32857,32790,19823,19823,19823,19823	1	24	28965,4257,0,0,0,0,0	127	12443
172353	575	1098	627	259	269	65	28	7	2672	278	515	499	264	6	89	6044	941	1980	81,0,0,0,0,0	28617	830	387	33820	549	0	36011,33450,33376,20217,20217,20217,20217	2	26	29008,4603,0,0,0,0,0	138	13162
172054	628	1179	649	289	281	68	30	8	2763	278	519	459	261	7	82	6294	958	2166	83,0,0,0,0,0	28953	757	466	34261	574	0	36664,34103,34022,20675,20675,20675,20675	2	27	29053,5023,0,0,0,0,0	148	13796
171817	638	1223	665	300	308	70	27	10	2885	280	523	510	281	2	73	6168	942	2289	84,0,0,0,0,0	40551	741	407	34654	589	0	37278,34720,34631,21087,21087,21087,21087	2	17	29082,5398,0,0,0,0,0	156	14406
171581	615	1241	719	315	332	72	26	8	3026	285	526	488	300	4	90	5981	978	2342	85,0,0,0,0,0	40564	882	387	35021	613	0	37910,35356,35259,21502,21502,21502,21502	2	16	29114,5751,0,0,0,0,0	163	15159
171320	617	1295	745	335	321	74	24	7	3191	289	528	470	295	5	130	6526	1030	2381	86,0,0,0,0,0	45767	884	437	35445	627	0	38580,36033,35925,21950,21950,21950,21950	2	25	29161,6142,0,0,0,0,0	150	15910
171056	659	1318	775	348	348	77	28	6	3306	289	536	461	268	6	114	6574	1101	2452	87,0,0,0,0,0	45861	917	455	35887	644	0	39271,36729,36610,22409,22409,22409,22409	2	26	29195,6565,0,0,0,0,0	151	16704
170834	673	1309	817	364	382	78	30	5	3426	290	538	461	227	6	133	6976	1224	2429	88,0,0,0,0,0	45658	877	428	36293	667	0	39923,37389,37258,22829,22829,22829,22829	2	31	29228,6956,0,0,0,0,0	156	17426
170601	693	1309	833	375	411	83	34	6	3568	290	543	483	251	5	120	6724	1219	2519	89,0,0,0,0,0	46408	858	443	36723	681	0	40600,38075,37930,23269,23269,23269,23269	2	23	29260,7364,0,0,0,0,0	157	18129
170365	687	1357	824	393	426	88	39	5	3723	294	545	478	331	10	138	7136	1287	2527	90,0,0,0,0,0	45979	838	447	37151	702	0	41252,38736,38578,23696,23696,23696,23696	2	25	29288,7778,0,0,0,0,0	163	18819
170216	654	1346	825	418	407	83	45	4	3904	296	548	483	267	12	137	7290	1345	2433	90,0,0,0,0,0	70492	901	364	37504	715	0	41826,39318,39146,24040,24040,24040,24040	2	8	29313,8117,0,0,0,0,0	172	19562
170085	613	1348	802	407	407	87	48	3	4096	298	552	502	253	4	105	7404	1333	2379	91,0,0,0,0,0	70842	630	355	37828	749	0	42462,39969,39781,24414,24414,24414,24414	2	18	29331,8451,0,0,0,0,0	178	20071
169908	628	1333	809	419	415	90	52	4	4230	302	556	469	253	4	121	7565	1314	2432	91,0,0,0,0,0	46207	666	424	38235	767	0	43170,40693,40488,24850,24850,24850,24850	2	23	29361,8842,0,0,0,0,0	169	20600
169734	654	1307	792	435	428	90	55	5	4384	304	558	440	326	6	144	8147	1368	2393	92,0,0,0,0,0	46891	621	420	38635	793	0	43871,41412,41189,25275,25275,25275,25275	2	24	29380,9245,0,0,0,0,0	183	21100
169598	658	1286	830	428	464	94	59	7	4456	306	560	445	371	11	128	8325	1396	2423	92,0,0,0,0,0	47063	651	411	39021	819	0	44542,42102,41859,25666,25666,25666,25666	2	25	29403,9627,0,0,0,0,0	182	21629
169466	636	1304	823	415	464	98	61	8	4600	310	561	435	288	8	136	8836	1397	2404	93,0,0,0,0,0	48005	615	393	39391	846	0	45189,42765,42504,26045,26045,26045,26045	2	20	29419,9997,0,0,0,0,0	191	22116
169321	651	1326	821	392	446	98	63	9	4741	314	564	419	278	11	137	9009	1396	2401	93,0,0,0,0,0	47725	648	434	39802	874	0	45873,43469,43186,26452,26452,26452,26452	2	20	29426,10422,0,0,0,0,0	203	22643
169271	616	1263	849	394	435	107	64	9	4854	317	567	431	242	1	108	8730	1318	2410	94,0,0,0,0,0	71621	613	327	40110	895	0	46470,44086,43782,26769,26769,26769,26769	2	16	29443,10729,0,0,0,0,0	204	23132
169277	546	1215	865	400	419	107	69	9	4950	318	571	425	242	3	112	8793	1273	2348	94,0,0,0,0,0	71471	894	302	40394	915	0	47009,44656,44329,27062,27062,27062,27062	2	13	29458,11012,0,0,0,0,0	214	23871
169182	564	1207	865	398	425	112	63	11	5024	322	573	428	258	5	140	8687	1253	2381	94,0,0,0,0,0	48179	872	404	40776	939	0	47659,45334,44983,27444,27444,27444,27444	2	26	29466,11404,0,0,0,0,0	221	24552
169053	585	1223	830	382	433	118	59	14	5151	325	573	396	330	2	145	8467	1248	2382	95,0,0,0,0,0	47786	895	411	41160	967	0	48346,46042,45669,27823,27823,27823,27823	2	30	29476,11802,0,0,0,0,0	228	25254
168980	589	1247	817	373	432	120	60	15	5212	327	574	411	319	3	121	8704	1239	2399	95,0,0,0,0,0	47496	882	404	41543	990	0	49048,46769,46369,28185,28185,28185,28185	2	17	29485,12193,0,0,0,0,0	228	25957
168897	613	1286	775	383	421	127	60	16	5263	329	576	396	265	4	127	8426	1209	2456	96,0,0,0,0,0	47937	911	435	41947	1023	0	49752,47503,47074,28559,28559,28559,28559	2	24	29491,12617,0,0,0,0,0	233	26695
168774	659	1288	769	387	422	130	61	15	5331	333	577	400	310	9	142	8481	1207	2509	96,0,0,0,0,0	47612	828	433	42360	1044	0	50482,48257,47803,28960,28960,28960,28960	2	23	29496,13037,0,0,0,0,0	240	27357
168816	599	1230	791	388	413	138	62	16	5377	336	580	405	282	4	109	7900	1173	2448	97,0,0,0,0,0	71143	891	278	42622	1060	0	51052,48851,48371,29199,29199,29199,29199	2	16	29499,13306,0,0,0,0,0	248	28060
168846	541	1211	773	382	414	138	62	16	5443	336	584	416	260	2	116	7543	1141	2380	97,0,0,0,0,0	71017	1087	296	42902	1078	0	51782,49607,49101,29523,29523,29523,29523	2	16	29504,13595,0,0,0,0,0	247	28933
168804	565	1187	795	389	397	144	62	16	5460	342	585	403	310	10	149	7154	1162	2377	97,0,0,0,0,0	46610	1022	385	43267	1103	0	52566,50419,49884,29910,29910,29910,29910	2	25	29512,13969,0,0,0,0,0	246	29716
168784	591	1166	788	389	393	133	68	15	5489	344	586	394	312	6	133	7240	1170	2358	97,0,0,0,0,0	46330	1047	367	43621	1117	0	53341,51222,50660,30281,30281,30281,30281	2	18	29514,14332,0,0,0,0,0	247	30528
168802	568	1142	806	394	386	135	69	16	5494	346	588	410	297	3	131	7329	1183	2317	97,0,0,0,0,0	46326	1125	339	43928	1150	0	54082,51995,51403,30615,30615,30615,30615	2	21	29518,14656,0,0,0,0,0	247	31434
168761	556	1208	798	374	369	136	72	14	5517	349	592	387	217	4	116	7212	1175	2338	98,0,0,0,0,0	46352	1056	384	44299	1167	0	54898,52841,52219,31015,31015,31015,31015	2	29	29519,15041,0,0,0,0,0	246	32234
168753	589	1184	779	391	354	138	76	13	5522	354	593	402	245	9	118	6969	1138	2373	98,0,0,0,0,0	46363	1069	375	44653	1190	0	55645,53619,52966,31368,31368,31368,31368	2	21	29521,15410,0,0,0,0,0	250	33054
168779	568	1123	805	411	361	131	75	12	5528	359	594	409	216	3	111	6773	1154	2320	98,0,0,0,0,0	70092	1060	314	44943	1215	0	56346,54347,53667,31679,31679,31679,31679	2	15	29521,15719,0,0,0,0,0	250	33850
168863	502	1099	779	406	362	131	70	16	5557	364	597	392	243	7	99	6634	1115	2234	98,0,0,0,0,0	69866	1404	274	45200	1232	0	57110,55142,54432,31990,31990,31990,31990	2	21	29524,15983,0,0,0,0,0	242	34883
168839	498	1151	749	381	368	130	69	16	5573	372	600	410	249	4	119	6525	1088	2258	98,0,0,0,0,0	46079	1369	369	45551	1252	0	57940,56000,55262,32380,32380,32380,32380	2	21	29526,16349,0,0,0,0,0	241	35910
168824	528	1105	748	403	349	129	67	15	5600	377	601	425	239	2	121	6683	1094	2235	98,0,0,0,0,0	45973	1331	351	45878	1277	0	58766,56856,56090,32759,32759,32759,32759	2	18	29528,16692,0,0,0,0,0	234	36900
168869	571	1046	757	383	342	116	65	15	5591	385	606	432	233	5	102	6765	1050	2230	99,0,0,0,0,0	46428	1375	338	46197	1297	0	59603,57728,56929,33122,33122,33122,33122	2	21	29528,17029,0,0,0,0,0	229	37917
168887	554	1046	743	377	341	110	67	16	5605	390	610	462	306	6	99	6441	995	2243	99,0,0,0,0,0	37823	1384	335	46519	1311	0	60403,58561,57731,33478,33478,33478,33478	2	18	29528,17361,0,0,0,0,0	213	38968
168936	547	1051	758	368	323	107	66	15	5570	394	611	470	266	2	134	6627	1026	2194	99,0,0,0,0,0	37762	1436	314	46820	1327	0	61174,59365,58504,33805,33805,33805,33805	2	12	29528,17676,0,0,0,0,0	215	40007
168988	490	1055	748	344	316	105	63	16	5605	400	616	447	278	5	91	6437	953	2168	99,0,0,0,0,0	40509	1349	279	47078	1349	0	61913,60135,59246,34117,34117,34117,34117	2	17	29529,17948,0,0,0,0,0	206	41012
169106	428	1035	746	336	325	99	64	15	5569	402	621	461	316	3	93	6282	925	2108	99,0,0,0,0,0	40232	1086	248	47313	1363	0	62624,60879,59958,34372,34372,34372,34372	2	9	29529,18192,0,0,0,0,0	207	41817
169128	455	1036	715	327	334	97	62	14	5551	406	621	462	313	2	111	6157	917	2109	99,0,0,0,0,0	37787	1122	340	47644	1375	0	63434,61722,60770,34723,34723,34723,34723	2	23	29530,18531,0,0,0,0,0	196	42622
169214	450	996	732	318	323	98	61	16	5505	408	625	456	292	8	109	6135	901	2077	99,0,0,0,0,0	37118	1078	288	47914	1394	0	64169,62489,61505,34998,34998,34998,34998	1	13	29530,18816,0,0,0,0,0	188	43369
169235	427	1021	747	313	308	94	58	19	5487	410	627	449	261	8	97	6088	876	2092	99,0,0,0,0,0	37259	1086	318	48222	1407	0	64957,63307,62293,35330,35330,35330,35330	1	14	29531,19132,0,0,0,0,0	188	44080
169240	456	966	738	331	304	89	56	23	5501	414	628	450	327	8	108	5910	873	2067	99,0,0,0,0,0	37018	1096	317	48523	1424	0	65736,64115,63074,35667,35667,35667,35667	1	14	29531,19450,0,0,0,0,0	172	44821
169327	458	960	723	330	298	79	54	21	5446	417	633	473	274	2	113	5833	877	2025	99,0,0,0,0,0	37205	1145	286	48796	1439	0	66504,64917,63844,35963,35963,35963,35963	1	10	29531,19734,0,0,0,0,0	166	45611
169413	423	912	729	328	293	77	49	21	5438	423	640	468	318	3	94	5856	870	1941	99,0,0,0,0,0	39732	1127	235	49023	1450	0	67192,65637,64534,36220,36220,36220,36220	1	12	29532,19969,0,0,0,0,0	163	46402
169542	413	889	691	310	300	81	49	20	5382	425	644	468	265	10	93	5927	863	1870	99,0,0,0,0,0	39632	824	239	49249	1463	0	67882,66362,65227,36452,36452,36452,36452	1	11	29532,20206,0,0,0,0,0	172	46931
169654	391	868	687	293	274	83	51	17	5355	427	646	477	260	4	109	5534	850	1797	99,0,0,0,0,0	30584	868	254	49493	1474	0	68583,67098,65932,36698,36698,36698,36698	1	14	29532,20458,0,0,0,0,0	170	47527
169790	385	840	644	278	264	83	52	18	5315	429	648	445	261	5	89	5615	830	1716	99,0,0,0,0,0	30399	912	232	49714	1485	0	69233,67783,66586,36903,36903,36903,36903	1	9	29532,20685,0,0,0,0,0	165	48148
169889	366	837	631	266	256	86	50	18	5264	434	649	430	348	9	76	5600	796	1696	99,0,0,0,0,0	30617	895	240	49939	1500	0	69883,68465,67239,37123,37123,37123,37123	1	11	29533,20921,0,0,0,0,0	150	48746
170049	374	768	631	256	251	79	45	17	5185	440	651	427	268	5	88	5697	759	1645	99,0,0,0,0,0	30587	888	221	50142	1519	0	70543,69164,67904,37317,37317,37317,37317	1	11	29533,21137,0,0,0,0,0	143	49361
170184	369	712	632	276	228	76	38	18	5116	445	652	427	258	1	81	5594	717	1614	99,0,0,0,0,0	25479	880	220	50345	1537	0	71193,69848,68557,37521,37521,37521,37521	1	12	29534,21352,0,0,0,0,0	139	49968
170368	324	697	602	255	228	72	39	15	5048	445	653	418	332	2	69	5596	700	1517	99,0,0,0,0,0	31480	890	165	50497	1550	0	71804,70493,69173,37687,37687,37687,37687	1	8	29534,21511,0,0,0,0,0	129	50556
170592	293	668	562	238	226	73	39	13	4942	447	653	446	260	3	70	5316	653	1446	99,0,0,0,0,0	31517	1253	146	50631	1565	0	72350,71075,69724,37794,37794,37794,37794	1	4	29534,21653,0,0,0,0,0	121	51475
170743	282	659	537	217	199	68	35	14	4888	449	655	454	287	5	78	5131	622	1375	99,0,0,0,0,0	25124	1208	186	50808	1574	0	72941,71700,70320,37957,37957,37957,37957	1	13	29534,21835,0,0,0,0,0	123	52338
170929	278	602	534	198	210	59	31	13	4781	454	657	475	287	1	73	5442	617	1295	99,0,0,0,0,0	24761	1233	154	50957	1581	0	73523,72315,70907,38096,38096,38096,38096	1	3	29536,21986,0,0,0,0,0	105	53223
171111	245	603	526	199	196	55	31	12	4654	455	659	450	315	5	69	5584	598	1257	99,0,0,0,0,0	25111	1227	158	51105	1592	0	74134,72962,71524,38247,38247,38247,38247	1	7	29536,22144,0,0,0,0,0	103	54091
171317	241	555	480	192	197	53	31	12	4550	456	662	467	256	2	58	5341	559	1190	99,0,0,0,0,0	25073	1222	131	51232	1598	0	74693,73556,72089,38368,38368,38368,38368	1	9	29536,22275,0,0,0,0,0	97	54945
171487	217	552	440	187	180	52	29	15	4458	459	670	455	223	2	58	4972	523	1134	99,0,0,0,0,0	24980	1304	142	51364	1609	0	75263,74159,72665,38513,38513,38513,38513	1	4	29536,22416,0,0,0,0,0	97	55897
171670	198	507	435	184	174	49	32	14	4349	459	675	435	218	1	50	4713	495	1084	99,0,0,0,0,0	28954	1222	121	51478	1616	0	75795,74722,73204,38640,38640,38640,38640	1	5	29537,22532,0,0,0,0,0	95	56774
171810	205	467	417	182	163	48	27	14	4273	464	676	421	265	0	47	4149	450	1059	99,0,0,0,0,0	28752	634	133	51597	1630	0	76539,75498,73960,38900,38900,38900,38900	0	7	29537,22662,0,0,0,0,0	91	57207
171988	209	404	412	155	148	45	25	15	4202	465	678	429	273	3	53	3971	395	1003	99,0,0,0,0,0	22729	582	103	51697	1634	0	77247,76236,74677,39107,39107,39107,39107	0	5	29537,22763,0,0,0,0,0	81	57592
172195	192	378	389	143	148	38	24	15	4078	465	681	455	248	2	50	3845	381	931	99,0,0,0,0,0	22606	611	90	51781	1641	0	77933,76955,75373,39293,39293,39293,39293	0	4	29537,22854,0,0,0,0,0	71	58024
172381	175	348	377	137	129	42	24	15	3969	465	684	457	247	0	36	3762	341	891	99,0,0,0,0,0	22455	563	87	51862	1648	0	78627,77679,76077,39494,39494,39494,39494	0	1	29537,22940,0,0,0,0,0	68	58403
172599	152	342	337	137	119	37	25	13	3834	467	684	439	241	0	35	3484	314	835	99,0,0,0,0,0	22530	586	82	51939	1653	0	79316,78399,76774,39671,39671,39671,39671	0	4	29537,23021,0,0,0,0,0	63	58834
172767	156	333	313	119	111	33	22	13	3717	472	690	448	264	2	38	2604	298	789	99,0,0,0,0,0	21951	557	95	52029	1659	0	80066,79179,77534,39911,39911,39911,39911	0	4	29537,23113,0,0,0,0,0	56	59217
172972	140	304	308	121	107	33	21	11	3565	474	690	470	318	0	28	2632	289	745	99,0,0,0,0,0	27189	613	72	52099	1661	0	80741,79883,78218,40097,40097,40097,40097	0	3	29537,23185,0,0,0,0,0	63	59657
173171	131	280	304	111	111	30	19	11	3411	475	692	473	234	0	31	2440	277	709	99,0,0,0,0,0	26932	847	68	52162	1666	0	81161,80330,78646,40139,40139,40139,40139	0	4	29537,23251,0,0,0,0,0	62	60290
173341	126	282	286	101	95	27	17	8	3291	477	695	497	237	1	33	2439	263	671	99,0,0,0,0,0	16099	870	84	52239	1673	0	81585,80781,79078,40194,40194,40194,40194	0	7	29537,23335,0,0,0,0,0	47	60907
173490	116	288	253	98	92	23	16	7	3189	478	696	488	87	2	25	2499	243	643	99,0,0,0,0,0	16181	816	78	52310	1680	0	81993,81214,79496,40256,40256,40256,40256	0	7	29537,23411,0,0,0,0,0	42	61492
173673	104	268	230	91	90	23	16	8	3064	479	700	497	253	1	32	2451	228	594	99,0,0,0,0,0	16085	805	56	52360	1686	0	82360,81607,79873,40283,40283,40283,40283	0	1	29537,23466,0,0,0,0,0	40	62091
173846	106	224	236	78	93	22	17	7	2938	479	700	511	276	1	28	2262	211	565	99,0,0,0,0,0	15950	844	58	52417	1688	0	82770,82039,80290,40327,40327,40327,40327	0	1	29537,23524,0,0,0,0,0	42	62709
174001	107	201	238	73	76	22	14	6	2824	481	703	495	282	1	27	2228	194	537	99,0,0,0,0,0	15956	793	56	52468	1693	0	83174,82465,80702,40379,40379,40379,40379	0	2	29537,23579,0,0,0,0,0	39	63262
174164	85	195	213	66	62	20	16	5	2730	482	708	489	251	1	20	2039	172	485	100,0,0,0,0,0	26575	844	39	52503	1697	0	83588,82899,81124,40432,40432,40432,40432	0	2	29537,23617,0,0,0,0,0	39	63861
174311	80	187	195	60	59	21	15	4	2620	483	711	474	250	2	13	1978	162	455	100,0,0,0,0,0	26359	1052	48	52548	1700	0	83981,83311,81524,40472,40472,40472,40472	0	2	29537,23664,0,0,0,0,0	40	64628
174446	83	179	181	59	50	23	15	4	2511	483	712	476	229	1	13	1783	146	444	100,0,0,0,0,0	15735	1030	53	52598	1703	0	84394,83743,81943,40518,40518,40518,40518	0	4	29537,23716,0,0,0,0,0	44	65376
174573	68	186	171	60	41	22	13	4	2408	485	715	469	261	0	21	1782	145	416	100,0,0,0,0,0	15493	1080	41	52638	1705	0	84791,84156,82346,40562,40562,40562,40562	0	5	29537,23758,0,0,0,0,0	43	66153
174697	57	168	191	55	44	20	13	3	2297	485	716	486	236	0	13	1629	139	409	100,0,0,0,0,0	15366	1068	48	52681	1710	0	85189,84570,82750,40604,40604,40604,40604	0	4	29537,23805,0,0,0,0,0	38	66930
174837	65	154	163	45	47	22	12	3	2192	486	720	473	141	0	10	1379	120	388	100,0,0,0,0,0	15209	1068	48	52726	1713	0	85596,84994,83163,40643,40643,40643,40643	0	1	29537,23853,0,0,0,0,0	38	67689
174946	71	146	155	40	49	22	11	4	2091	486	725	506	254	2	15	1296	119	375	100,0,0,0,0,0	14923	1044	42	52766	1716	0	85982,85396,83555,40684,40684,40684,40684	0	2	29537,23895,0,0,0,0,0	39	68447
175067	72	133	147	42	51	18	10	4	1983	487	732	474	117	1	9	1214	109	364	100,0,0,0,0,0	20686	1033	39	52805	1716	0	86373,85803,83954,40739,40739,40739,40739	0	2	29537,23934,0,0,0,0,0	30	69188
175200	73	119	134	44	45	18	10	3	1880	487	733	483	247	0	19	1009	107	336	100,0,0,0,0,0	20225	353	30	52834	1717	0	86935,86378,84522,40862,40862,40862,40862	0	0	29537,23964,0,0,0,0,0	33	69431
175330	55	134	119	30	46	20	9	3	1777	488	735	495	292	2	13	869	106	307	100,0,0,0,0,0	11784	328	32	52862	1721	0	87472,86933,85069,40974,40974,40974,40974	0	1	29537,23994,0,0,0,0,0	31	69661
175449	50	133	116	27	41	18	10	2	1676	488	736	483	98	1	6	845	96	299	100,0,0,0,0,0	11721	333	31	52889	1725	0	88021,87495,85625,41094,41094,41094,41094	0	4	29537,24021,0,0,0,0,0	29	69879
175545	53	117	118	26	42	16	8	0	1594	490	737	496	88	1	7	839	89	291	100,0,0,0,0,0	11508	314	35	52923	1727	0	88575,88064,86189,41229,41229,41229,41229	0	1	29537,24056,0,0,0,0,0	27	70095
175633	50	126	107	24	36	11	6	2	1521	491	739	495	246	1	12	735	91	269	100,0,0,0,0,0	11288	347	34	52954	1730	0	89121,88621,86743,41365,41365,41365,41365	0	3	29537,24090,0,0,0,0,0	21	70330
175710	49	119	94	28	35	10	6	2	1460	491	742	517	258	0	10	710	87	254	100,0,0,0,0,0	11555	349	26	52978	1732	0	89699,89209,87329,41517,41517,41517,41517	0	3	29537,24115,0,0,0,0,0	22	70580
175795	40	127	89	26	40	11	5	2	1374	492	745	514	228	0	6	690	83	255	100,0,0,0,0,0	20192	331	32	53007	1735	0	90243,89765,87882,41660,41660,41660,41660	0	1	29537,24146,0,0,0,0,0	19	70815
175877	34	127	99	25	35	10	4	3	1294	492	746	552	219	0	12	610	80	254	100,0,0,0,0,0	20231	319	32	53038	1736	0	90419,89952,88063,41587,41587,41587,41587	0	1	29537,24178,0,0,0,0,0	17	71032
175953	31	109	109	29	36	9	3	4	1221	492	750	561	256	1	9	662	73	253	100,0,0,0,0,0	11335	331	27	53061	1740	0	90568,90113,88217,41501,41501,41501,41501	0	3	29537,24203,0,0,0,0,0	14	71272
176021	29	104	101	27	30	10	3	4	1171	492	754	565	85	1	8	657	70	234	100,0,0,0,0,0	11507	329	23	53084	1740	0	90730,90284,88383,41417,41417,41417,41417	0	0	29537,24226,0,0,0,0,0	16	71505
176078	24	98	103	23	27	7	3	4	1128	492	759	550	83	0	9	696	65	220	100,0,0,0,0,0	11670	300	23	53107	1740	0	90873,90436,88532,41335,41335,41335,41335	0	1	29537,24249,0,0,0,0,0	12	71717
176144	29	85	96	24	26	7	1	5	1075	493	761	542	85	0	7	688	61	207	100,0,0,0,0,0	11599	361	26	53132	1741	0	91039,90610,88701,41248,41248,41248,41248	0	2	29537,24275,0,0,0,0,0	10	71964
176198	31	77	91	22	25	6	1	4	1035	493	763	557	86	0	7	890	57	196	100,0,0,0,0,0	11669	326	23	53153	1743	0	91190,90769,88856,41165,41165,41165,41165	0	0	29537,24297,0,0,0,0,0	13	72198
176264	25	80	88	20	20	5	2	4	982	493	763	570	151	1	9	839	54	186	100,0,0,0,0,0	20247	326	22	53173	1745	0	91357,90943,89026,41088,41088,41088,41088	0	0	29537,24318,0,0,0,0,0	13	72418
176313	26	77	72	22	21	6	2	4	938	493	772	536	281	0	6	745	51	175	100,0,0,0,0,0	20166	164	21	53191	1748	0	91592,91187,89267,41058,41058,41058,41058	0	0	29537,24337,0,0,0,0,0	12	72527
176386	31	62	70	19	22	6	2	4	875	493	776	587	152	0	12	797	55	157	100,0,0,0,0,0	11609	175	17	53208	1748	0	91826,91431,89508,41021,41021,41021,41021	0	2	29537,24354,0,0,0,0,0	13	72649
176443	24	69	63	19	18	5	2	4	828	493	778	590	310	0	8	826	52	148	100,0,0,0,0,0	11758	157	18	53225	1749	0	92044,91656,89731,40975,40975,40975,40975	0	0	29537,24371,0,0,0,0,0	13	72754
176503	21	69	58	16	17	6	2	4	776	493	781	586	5205	3	5	851	52	137	100,0,0,0,0,0	11671	155	17	53239	1752	0	92251,91871,89945,40921,40921,40921,40921	0	1	29537,24387,0,0,0,0,0	13	72863
176544	24	57	56	17	16	5	2	3	745	493	784	546	2598	4	3	888	50	127	100,0,0,0,0,0	11677	167	12	53252	1752	0	92483,92109,90183,40888,40888,40888,40888	0	1	29537,24400,0,0,0,0,0	10	72966
176586	25	55	54	14	16	6	1	2	706	494	787	547	1383	0	6	1007	49	122	100,0,0,0,0,0	11927	168	18	53268	1754	0	92688,92322,90395,40848,40848,40848,40848	0	0	29537,24417,0,0,0,0,0	8	73079
176642	22	50	53	12	13	6	1	2	663	494	788	572	764	0	6	980	41	116	100,0,0,0,0,0	20400	160	11	53279	1754	0	92903,92546,90617,40813,40813,40813,40813	0	1	29537,24428,0,0,0,0,0	9	73187
176690	19	42	58	10	10	7	1	2	622	494	791	586	664	1	4	721	36	111	100,0,0,0,0,0	20472	169	7	53286	1754	0	93132,92782,90854,40786,40786,40786,40786	0	0	29537,24435,0,0,0,0,0	8	73302
176743	15	45	56	6	9	7	1	2	572	494	796	581	2829	0	1	740	34	105	100,0,0,0,0,0	22080	187	12	53297	1755	0	93362,93020,91092,40757,40757,40757,40757	0	0	29537,24447,0,0,0,0,0	8	73418
176773	12	42	51	8	11	6	1	2	548	494	798	591	2692	0	3	689	32	99	100,0,0,0,0,0	22202	146	8	53305	1755	0	93598,93260,91335,40738,40738,40738,40738	0	0	29537,24455,0,0,0,0,0	7	73519
176792	13	44	51	8	11	4	0	1	527	495	800	602	2207	2	2	632	26	105	100,0,0,0,0,0	22283	185	16	53321	1755	0	93839,93507,91585,40728,40728,40728,40728	0	1	29537,24471,0,0,0,0,0	4	73648
176831	14	38	49	8	12	3	0	0	491	495	805	607	1410	1	3	545	24	100	100,0,0,0,0,0	22184	162	8	53329	1755	0	94065,93739,91819,40703,40703,40703,40703	0	0	29537,24479,0,0,0,0,0	3	73758
176851	13	29	48	11	14	2	0	0	473	495	810	585	951	0	2	533	25	92	100,0,0,0,0,0	22494	151	6	53335	1755	0	94295,93974,92057,40686,40686,40686,40686	0	0	29537,24485,0,0,0,0,0	2	73854
176885	14	26	43	14	7	2	0	0	449	495	811	593	1885	0	2	508	15	91	100,0,0,0,0,0	19923	168	8	53342	1756	0	94519,94204,92289,40666,40666,40666,40666	0	0	29537,24493,0,0,0,0,0	2	73978
176906	12	19	44	11	7	2	0	0	433	495	817	599	2293	0	4	348	16	79	100,0,0,0,0,0	19966	155	4	53346	1756	0	94546,94234,92319,40521,40521,40521,40521	0	0	29537,24497,0,0,0,0,0	2	74081
176934	10	21	32	9	8	3	1	0	412	495	821	577	2151	0	4	247	15	69	100,0,0,0,0,0	21917	167	7	53353	1756	0	94566,94260,92343,40364,40364,40364,40364	0	0	29537,24504,0,0,0,0,0	2	74178
176957	13	20	31	3	6	4	1	0	391	495	825	574	1781	0	5	248	17	61	100,0,0,0,0,0	21681	180	7	53360	1756	0	94581,94277,92360,40204,40204,40204,40204	0	0	29537,24511,0,0,0,0,0	4	74303
176977	7	26	25	3	6	4	1	0	375	495	827	609	1307	0	1	220	16	56	100,0,0,0,0,0	21881	166	5	53364	1757	0	94600,94298,92381,40047,40047,40047,40047	0	0	29537,24516,0,0,0,0,0	5	74421
176988	6	29	24	1	5	4	1	0	360	495	833	624	1618	0	2	196	15	55	100,0,0,0,0,0	21973	180	6	53370	1757	0	94623,94324,92407,39898,39898,39898,39898	0	0	29537,24522,0,0,0,0,0	6	74546
177003	7	30	25	1	4	3	1	0	341	495	836	623	2015	1	1	192	15	56	100,0,0,0,0,0	21712	183	8	53378	1757	0	94643,94347,92430,39744,39744,39744,39744	0	1	29537,24530,0,0,0,0,0	5	74671
177011	9	32	25	2	5	2	1	0	324	495	840	635	2098	0	0	198	17	59	100,0,0,0,0,0	19582	174	11	53388	1758	0	94676,94382,92465,39604,39604,39604,39604	0	1	29537,24541,0,0,0,0,0	5	74788
177033	7	32	24	4	2	1	1	0	304	495	843	606	1916	1	2	165	13	58	100,0,0,0,0,0	19705	109	5	53393	1758	0	94687,94397,92479,39448,39448,39448,39448	0	0	29537,24546,0,0,0,0,0	4	74859
177054	5	28	27	2	3	1	2	0	283	495	846	611	1633	0	1	155	12	56	100,0,0,0,0,0	21788	107	3	53396	1758	0	94701,94414,92495,39288,39288,39288,39288	0	1	29537,24549,0,0,0,0,0	4	74930
177072	5	22	30	3	5	1	2	0	265	495	846	596	1662	0	1	154	15	53	100,0,0,0,0,0	21774	114	7	53402	1759	0	94721,94436,92518,39133,39133,39133,39133	0	0	29537,24556,0,0,0,0,0	6	75001
177089	8	19	26	5	6	0	1	1	245	495	851	624	1768	1	2	86	15	50	100,0,0,0,0,0	21689	103	8	53410	1759	0	94735,94453,92534,38973,38973,38973,38973	0	0	29537,24564,0,0,0,0,0	4	75061
177097	8	16	24	7	5	0	1	1	238	495	854	626	1977	1	1	108	16	45	100,0,0,0,0,0	21432	122	6	53415	1760	0	94764,94484,92566,38828,38828,38828,38828	0	0	29537,24570,0,0,0,0,0	4	75140
177109	7	15	26	4	7	0	1	1	225	495	856	626	2050	1	2	136	20	40	100,0,0,0,0,0	21661	123	6	53421	1760	0	94787,94509,92591,38675,38675,38675,38675	0	1	29537,24576,0,0,0,0,0	3	75221
177117	6	18	24	3	5	0	1	1	216	495	860	608	1757	0	2	255	20	37	100,0,0,0,0,0	19956	126	10	53430	1761	0	94806,94531,92613,38532,38532,38532,38532	0	1	29537,24586,0,0,0,0,0	5	75299
177126	5	16	21	4	4	1	1	1	207	495	865	604	1905	0	1	253	16	36	100,0,0,0,0,0	19663	89	3	53433	1761	0	94761,94487,92569,38345,38345,38345,38345	0	0	29537,24589,0,0,0,0,0	3	75352
177137	6	14	17	6	4	0	1	1	196	495	869	606	1872	0	2	255	13	35	100,0,0,0,0,0	21871	68	5	53438	1761	0	94718,94446,92528,38156,38156,38156,38156	0	0	29537,24594,0,0,0,0,0	2	75397
177143	8	9	16	6	3	0	1	0	192	495	873	604	1864	0	0	263	9	34	100,0,0,0,0,0	21802	79	3	53441	1761	0	94666,94394,92476,37960,37960,37960,37960	0	0	29537,24597,0,0,0,0,0	2	75449
177156	8	8	15	6	3	0	1	0	179	495	875	620	1836	2	1	264	10	31	100,0,0,0,0,0	21966	100	2	53442	1762	0	94609,94339,92421,37758,37758,37758,37758	0	1	29537,24598,0,0,0,0,0	1	75506
177165	6	10	10	6	3	0	0	0	171	496	879	627	1858	0	1	263	13	22	100,0,0,0,0,0	21949	83	2	53444	1762	0	94559,94290,92372,37565,37565,37565,37565	0	0	29537,24600,0,0,0,0,0	0	75553
177169	6	10	8	5	2	0	0	0	167	496	883	605	1739	0	0	262	10	21	100,0,0,0,0,0	21686	93	2	53446	1762	0	94515,94247,92329,37375,37375,37375,37375	0	0	29537,24602,0,0,0,0,0	0	75607
177171	6	8	7	6	2	0	0	0	163	496	887	595	1822	0	0	230	7	22	100,0,0,0,0,0	19443	91	4	53449	1763	0	94472,94205,92288,37193,37193,37193,37193	0	0	29537,24606,0,0,0,0,0	0	75662
177183	4	9	4	5	2	0	0	0	153	496	890	605	1815	0	1	227	5	19	100,0,0,0,0,0	20030	60	2	53451	1763	0	94417,94151,92234,37003,37003,37003,37003	0	0	29537,24608,0,0,0,0,0	0	75701
177190	4	8	4	5	2	0	0	0	146	496	891	621	1778	0	1	65	6	17	100,0,0,0,0,0	21749	68	1	53452	1763	0	94360,94095,92179,36812,36812,36812,36812	0	0	29537,24609,0,0,0,0,0	0	75735
177200	3	7	6	3	1	0	0	0	137	496	893	600	1870	0	2	55	4	16	100,0,0,0,0,0	21676	67	0	53452	1763	0	94295,94030,92114,36609,36609,36609,36609	0	0	29537,24609,0,0,0,0,0	0	75779
177207	3	6	5	3	1	1	0	0	126	496	898	583	1761	0	1	58	5	14	100,0,0,0,0,0	21760	75	1	53453	1763	0	94246,93983,92067,36419,36419,36419,36419	0	0	29537,24610,0,0,0,0,0	0	75820
177207	4	8	4	1	0	1	0	0	122	496	903	592	1848	0	0	26	4	14	100,0,0,0,0,0	21790	72	3	53456	1763	0	94187,93924,92009,36225,36225,36225,36225	0	0	29537,24613,0,0,0,0,0	1	75863
177210	3	6	4	2	1	1	0	0	117	496	906	609	1845	0	0	23	4	13	100,0,0,0,0,0	21798	75	1	53457	1763	0	94124,93861,91947,36028,36028,36028,36028	0	0	29537,24614,0,0,0,0,0	1	75912
177215	2	4	5	1	0	1	0	0	113	496	909	581	1814	1	2	27	5	8	100,0,0,0,0,0	19584	71	1	53458	1763	0	94075,93812,91899,35840,35840,35840,35840	0	0	29537,24615,0,0,0,0,0	1	75964
177221	2	2	6	1	0	1	0	0	104	496	913	592	1763	0	0	23	4	8	100,0,0,0,0,0	19562	76	0	53458	1763	0	94008,93747,91834,35652,35652,35652,35652	0	0	29537,24615,0,0,0,0,0	1	76010
177224	0	4	5	1	0	1	0	0	98	496	917	588	1781	0	0	24	3	8	100,0,0,0,0,0	21612	87	0	53458	1763	0	93939,93679,91767,35466,35466,35466,35466	0	0	29537,24615,0,0,0,0,0	1	76071
177226	0	2	5	1	0	1	0	0	94	496	921	579	1819	0	0	24	3	6	100,0,0,0,0,0	21582	80	0	53458	1763	0	93881,93622,91710,35282,35282,35282,35282	0	0	29537,24615,0,0,0,0,0	1	76122
177226	0	3	5	1	0	1	0	0	87	496	927	584	1801	0	0	23	3	7	100,0,0,0,0,0	21600	62	1	53459	1763	0	93821,93562,91651,35097,35097,35097,35097	0	0	29537,24616,0,0,0,0,0	1	76171
177224	1	2	6	1	0	1	0	0	82	496	933	576	1846	0	0	19	3	8	100,0,0,0,0,0	21535	82	2	53460	1764	0	93763,93504,91594,34913,34913,34913,34913	0	0	29537,24618,0,0,0,0,0	1	76224
177225	2	1	6	0	0	1	0	0	79	496	936	601	1793	0	0	12	1	9	100,0,0,0,0,0	21564	85	1	53461	1764	0	93707,93448,91540,34731,34731,34731,34731	0	0	29537,24619,0,0,0,0,0	1	76273
177224	3	1	4	0	0	1	0	0	75	496	942	587	1792	0	0	8	0	9	100,0,0,0,0,0	19513	78	1	53462	1764	0	93654,93395,91488,34555,34555,34555,34555	0	0	29537,24620,0,0,0,0,0	1	76321
177228	1	3	4	0	0	0	0	0	72	496	942	602	1837	0	0	8	0	8	100,0,0,0,0,0	19391	85	0	53462	1764	0	93576,93317,91411,34371,34371,34371,34371	0	0	29537,24620,0,0,0,0,0	0	76378
177232	0	4	3	0	0	0	0	0	67	496	944	591	1763	0	0	8	0	7	100,0,0,0,0,0	21480	71	0	53462	1764	0	93502,93244,91338,34185,34185,34185,34185	0	0	29537,24620,0,0,0,0,0	0	76425
177235	0	3	4	0	0	0	0	0	59	496	949	583	1802	0	0	0	0	7	100,0,0,0,0,0	21569	85	0	53462	1764	0	93426,93168,91262,34002,34002,34002,34002	0	0	29537,24620,0,0,0,0,0	0	76473
177243	0	2	5	0	0	0	0	0	49	496	951	619	1794	0	0	0	0	7	100,0,0,0,0,0	21655	77	0	53462	1764	0	93343,93085,91181,33813,33813,33813,33813	0	0	29537,24620,0,0,0,0,0	0	76521
177245	0	2	4	0	0	0	0	0	44	496	955	630	1780	0	0	0	0	6	100,0,0,0,0,0	21677	81	0	53462	1764	0	93268,93010,91107,33630,33630,33630,33630	0	0	29537,24620,0,0,0,0,0	0	76567
177241	0	2	3	0	0	0	0	0	43	496	961	644	1882	0	0	0	0	5	100,0,0,0,0,0	21691	74	0	53462	1764	0	93197,92938,91036,33450,33450,33450,33450	0	0	29537,24620,0,0,0,0,0	0	76606
177242	0	1	3	1	0	0	0	0	39	496	964	617	1811	0	0	0	0	5	100,0,0,0,0,0	19626	78	0	53462	1764	0	93126,92867,90965,33273,33273,33273,33273	0	0	29537,24620,0,0,0,0,0	0	76656
177237	0	1	3	2	0	0	0	0	38	496	969	592	1748	0	1	3	2	4	100,0,0,0,0,0	19831	64	1	53463	1764	0	93047,92788,90887,33108,33108,33108,33108	0	0	29537,24621,0,0,0,0,0	0	76693
177237	1	0	3	1	0	0	0	0	35	496	973	585	1815	0	0	3	1	4	100,0,0,0,0,0	21561	62	1	53464	1764	0	92958,92700,90800,32928,32928,32928,32928	0	0	29537,24622,0,0,0,0,0	0	76727
177235	1	0	2	1	0	0	0	0	33	496	978	599	1818	0	0	3	1	3	100,0,0,0,0,0	21614	213	0	53464	1764	143	92872,92613,90714,32753,32753,32753,32753	0	0	29537,24622,0,0,0,0,0	0	76765
177231	1	0	1	1	0	0	0	0	32	496	984	614	1804	0	0	3	1	2	100,0,0,0,0,0	21611	182	0	53464	1764	275	92825,92566,90668,32657,32657,32657,32657	0	0	29537,24622,0,0,0,0,0	0	76794
177227	0	1	0	0	0	0	0	0	32	496	990	598	1760	0	0	3	0	1	100,0,0,0,0,0	21642	183	0	53464	1764	400	92766,92508,90610,32547,32547,32547,32547	0	0	29537,24622,0,0,0,0,0	0	76832
177225	0	1	0	0	0	0	0	0	32	496	992	600	1853	0	0	3	0	1	100,0,0,0,0,0	21500	195	0	53464	1764	528	92708,92449,90553,32434,32434,32434,32434	0	0	29537,24622,0,0,0,0,0	0	76863
177218	0	0	1	0	0	0	0	0	32	496	999	587	1788	0	0	3	0	1	100,0,0,0,0,0	19734	200	0	53464	1764	657	92660,92400,90506,32334,32334,32334,32334	0	0	29537,24622,0,0,0,0,0	0	76910
177214	0	0	1	0	0	0	0	0	32	496	1003	556	1799	0	0	3	0	1	100,0,0,0,0,0	19682	201	0	53464	1764	772	92598,92339,90446,32228,32228,32228,32228	0	0	29537,24622,0,0,0,0,0	0	76960
177214	0	0	0	0	0	0	0	0	28	496	1008	566	1872	0	0	3	0	0	0,0,0,0,0,0	21593	226	0	53464	1764	931	92528,92270,90377,32113,32113,32113,32113	0	0	29537,24622,0,0,0,0,0	0	76996
177214	0	0	0	0	0	0	0	0	23	496	1013	555	1818	0	0	3	0	0	0,0,0,0,0,0	21547	282	0	53464	1764	1146	92470,92211,90320,32018,32018,32018,32018	0	0	29537,24622,0,0,0,0,0	0	77034
177210	0	0	0	0	0	0	0	0	21	496	1019	539	1796	0	0	0	0	0	0,0,0,0,0,0	21414	253	0	53464	1764	1332	92424,92166,90275,31957,31957,31957,31957	0	0	29537,24622,0,0,0,0,0	0	77069
177209	0	0	0	0	0	0	0	0	20	496	1021	554	1756	0	0	0	0	0	0,0,0,0,0,0	21438	282	0	53464	1764	1541	92374,92117,90227,31879,31879,31879,31879	0	0	29537,24622,0,0,0,0,0	0	77110
177210	0	0	0	0	0	0	0	0	17	496	1023	562	1797	0	0	0	0	0	0,0,0,0,0,0	21558	263	0	53464	1764	1736	92330,92073,90184,31811,31811,31811,31811	0	0	29537,24622,0,0,0,0,0	0	77156
177207	0	0	0	0	0	0	0	0	17	496	1026	581	1821	0	0	0	0	0	0,0,0,0,0,0	19600	274	0	53464	1764	1927	92290,92032,90144,31741,31741,31741,31741	0	0	29537,24622,0,0,0,0,0	0	77201
177207	0	0	0	0	0	0	0	0	15	496	1028	568	1832	0	0	0	0	0	0,0,0,0,0,0	19541	251	0	53464	1764	2107	92249,91991,90105,31685,31685,31685,31685	0	0	29537,24622,0,0,0,0,0	0	77244
177203	0	0	0	0	0	0	0	0	14	496	1033	555	1767	0	0	0	0	0	0,0,0,0,0,0	21554	253	0	53464	1764	2307	92206,91949,90063,31621,31621,31621,31621	0	0	29537,24622,0,0,0,0,0	0	77274
177200	0	0	0	0	0	0	0	0	13	496	1037	569	1792	0	0	0	0	0	0,0,0,0,0,0	21653	212	0	53464	1764	2469	92163,91906,90022,31563,31563,31563,31563	0	0	29537,24622,0,0,0,0,0	0	77303
177194	0	0	0	0	0	0	0	0	13	496	1043	571	1862	0	0	0	0	0	0,0,0,0,0,0	21473	228	0	53464	1764	2633	92110,91853,89969,31488,31488,31488,31488	0	0	29537,24622,0,0,0,0,0	0	77341
177184	5	4	0	0	0	0	0	0	10	496	1047	576	1736	0	0	0	0	9	0,100,0,0,0,0	21521	247	0	53472	1765	2822	92065,91808,89925,31417,31417,31417,31417	0	0	29537,24622,9,0,0,0,0	0	77379
177179	6	4	1	0	0	0	0	0	10	496	1050	572	1817	0	0	0	0	11	0,100,0,0,0,0	21804	242	0	53474	1765	3012	92024,91767,89886,31356,31356,31356,31356	0	0	29537,24622,11,0,0,0,0	0	77407
177172	5	7	2	0	1	0	0	0	9	496	1054	599	1807	0	0	0	0	15	0,100,0,0,0,0	19541	251	1	53478	1765	3189	91989,91731,89851,31307,31307,31307,31307	0	0	29537,24622,15,0,0,0,0	0	77456
177168	6	6	5	1	1	0	0	0	7	496	1056	603	1808	0	0	0	0	19	0,100,0,0,0,0	19532	274	1	53482	1765	3373	91952,91693,89815,31266,31266,31266,31266	0	0	29537,24622,19,0,0,0,0	0	77506
177162	3	13	4	1	1	0	0	0	8	496	1058	614	1837	0	0	0	0	22	0,100,0,0,0,0	21583	256	1	53488	1765	3545	91906,91648,89771,31217,31217,31217,31217	0	0	29537,24622,25,0,0,0,0	0	77557
177154	2	17	6	1	0	0	0	0	9	496	1061	619	1732	0	1	2	0	26	0,100,0,0,0,0	21597	352	1	53494	1765	3819	91857,91599,89723,31165,31165,31165,31165	0	0	29537,24622,31,0,0,0,0	0	77596
177146	3	14	8	2	1	0	0	0	12	496	1064	617	1827	0	0	2	0	28	0,100,0,0,0,0	21430	348	5	53499	1765	4074	91839,91581,89706,31174,31174,31174,31174	0	0	29537,24622,36,0,0,0,0	0	77652
177138	2	15	10	2	1	0	0	0	12	496	1070	614	1839	0	1	5	1	29	0,100,0,0,0,0	21818	341	3	53502	1765	4343	91814,91556,89683,31166,31166,31166,31166	0	0	29537,24622,39,0,0,0,0	0	77690
177126	3	16	11	2	1	0	0	0	15	496	1076	591	1761	0	0	11	1	32	0,100,0,0,0,0	21640	346	6	53508	1765	4617	91789,91530,89659,31164,31164,31164,31164	0	0	29537,24622,45,0,0,0,0	0	77726
177118	8	11	15	1	0	0	0	0	20	496	1077	609	1856	0	1	14	0	35	0,100,0,0,0,0	19610	349	7	53513	1767	4882	91776,91517,89647,31170,31170,31170,31170	0	0	29537,24622,52,0,0,0,0	0	77778
177116	7	13	14	1	1	0	0	0	21	496	1077	615	1806	0	0	38	0	36	0,100,0,0,0,0	19615	446	4	53516	1768	5134	91755,91496,89628,31184,31184,31184,31184	0	0	29537,24622,56,0,0,0,0	0	77882
177110	6	14	18	1	2	0	0	0	21	496	1078	638	1841	0	2	43	4	37	0,100,0,0,0,0	21548	497	6	53522	1768	5419	91732,91473,89606,31189,31189,31189,31189	0	1	29537,24622,62,0,0,0,0	0	77990
177099	7	15	17	2	2	0	0	0	25	496	1083	644	1802	0	0	43	4	39	0,100,0,0,0,0	10156	474	6	53528	1768	5702	91713,91454,89589,31213,31213,31213,31213	0	0	29537,24622,68,0,0,0,0	0	78099
177090	6	17	18	2	3	0	0	0	27	496	1087	644	1957	1	1	44	5	41	0,100,0,0,0,0	10177	477	6	53533	1769	6014	91696,91436,89572,31233,31233,31233,31233	0	0	29537,24622,74,0,0,0,0	0	78189
177085	8	14	17	1	3	0	0	0	33	496	1089	640	1766	1	2	73	7	36	0,100,0,0,0,0	10218	503	5	53538	1769	6317	91681,91422,89559,31264,31264,31264,31264	0	0	29537,24622,79,0,0,0,0	0	78310
177074	12	14	14	1	6	0	0	0	35	496	1094	643	1836	0	0	97	7	40	0,100,0,0,0,0	10237	495	8	53544	1771	6609	91663,91404,89543,31289,31289,31289,31289	0	1	29537,24622,87,0,0,0,0	0	78436
177071	11	14	12	1	6	0	0	0	39	496	1096	648	1857	0	0	98	5	39	0,100,0,0,0,0	19453	481	2	53546	1771	6900	91655,91395,89536,31311,31311,31311,31311	0	0	29537,24622,89,0,0,0,0	0	78542
177068	8	14	14	1	7	0	0	0	40	496	1098	693	1927	1	1	91	5	39	0,100,0,0,0,0	19523	376	3	53549	1771	7206	91669,91409,89552,31365,31365,31365,31365	0	0	29537,24622,92,0,0,0,0	0	78580
177059	6	14	18	1	5	0	1	0	41	496	1105	715	1821	0	2	129	11	34	0,100,0,0,0,0	10211	365	6	53555	1771	7464	91689,91429,89574,31428,31428,31428,31428	0	0	29537,24622,98,0,0,0,0	0	78638
177046	12	15	20	2	3	0	0	1	45	496	1106	726	1923	0	1	103	9	43	0,100,0,0,0,0	10409	377	13	53568	1771	7727	91695,91434,89581,31459,31459,31459,31459	0	0	29537,24622,111,0,0,0,0	0	78699
177044	10	16	14	2	1	0	0	1	53	496	1109	721	1729	0	0	103	5	38	0,100,0,0,0,0	10234	339	4	53572	1771	7990	91693,91432,89581,31491,31491,31491,31491	0	0	29537,24622,115,0,0,0,0	0	78743
177038	10	18	19	1	1	0	0	1	51	496	1111	723	1866	0	0	98	4	45	0,100,0,0,0,0	10315	365	7	53579	1771	8252	91704,91443,89593,31528,31528,31528,31528	0	0	29537,24622,122,0,0,0,0	0	78799
177030	10	18	20	0	1	0	0	1	55	496	1115	701	1856	0	0	100	4	45	0,100,0,0,0,0	10166	350	5	53584	1772	8513	91716,91454,89606,31562,31562,31562,31562	0	0	29537,24622,128,0,0,0,0	0	78845
177022	5	24	18	0	1	0	0	1	58	496	1121	701	1812	0	0	99	2	46	0,100,0,0,0,0	19583	352	4	53587	1773	8785	91723,91462,89616,31600,31600,31600,31600	0	0	29537,24622,132,0,0,0,0	0	78895
177018	6	19	16	1	1	0	0	1	64	496	1124	715	1825	0	1	48	2	41	0,100,0,0,0,0	19536	311	4	53590	1774	9048	91710,91448,89603,31637,31637,31637,31637	0	0	29537,24622,136,0,0,0,0	0	78924
177005	10	22	19	0	2	0	0	1	64	496	1127	736	1781	0	1	46	3	50	0,100,0,0,0,0	10388	344	13	53602	1775	9341	91701,91440,89597,31674,31674,31674,31674	0	0	29537,24622,149,0,0,0,0	0	78950
177000	11	17	22	0	1	0	0	1	69	496	1129	765	1849	0	1	77	2	49	0,100,0,0,0,0	10464	300	4	53605	1776	9590	91692,91431,89589,31720,31720,31720,31720	0	1	29537,24622,153,0,0,0,0	0	78973
177001	7	23	19	1	1	0	0	1	66	496	1131	747	1837	0	0	49	1	50	0,100,0,0,0,0	10411	319	6	53611	1776	9850	91667,91405,89566,31734,31734,31734,31734	0	0	29537,24622,159,0,0,0,0	0	79011
176988	11	22	23	2	1	0	0	1	64	496	1138	741	1850	0	1	41	2	57	0,100,0,0,0,0	10270	336	12	53622	1777	10123	91658,91396,89558,31768,31768,31768,31768	0	0	29537,24622,171,0,0,0,0	0	79038
176976	13	24	25	2	1	0	0	1	64	496	1144	711	1828	1	0	40	2	63	0,100,0,0,0,0	10359	323	10	53631	1778	10391	91644,91382,89546,31803,31803,31803,31803	0	0	29537,24622,181,0,0,0,0	0	79063
176967	12	26	24	3	2	0	0	1	68	496	1147	732	1774	0	1	44	4	63	0,100,0,0,0,0	19684	309	11	53642	1778	10649	91640,91378,89543,31845,31845,31845,31845	0	0	29537,24622,192,0,0,0,0	0	79087
176956	15	28	23	3	3	0	0	1	69	496	1152	752	1857	0	1	69	6	66	0,100,0,0,0,0	19651	296	13	53655	1778	10906	91630,91368,89536,31900,31900,31900,31900	0	0	29537,24622,205,0,0,0,0	0	79098
176942	17	33	22	4	2	0	0	0	74	496	1156	725	1759	0	0	69	4	74	0,100,0,0,0,0	10290	278	13	53665	1781	11151	91618,91355,89525,31948,31948,31948,31948	0	0	29537,24622,218,0,0,0,0	0	79111
176922	18	44	28	4	2	0	0	0	72	496	1160	779	1884	0	2	73	4	92	0,100,0,0,0,0	10272	307	23	53687	1782	11393	91604,91341,89513,31990,31990,31990,31990	0	0	29537,24622,241,0,0,0,0	0	79144
176903	22	42	36	6	1	0	0	0	73	496	1167	762	1869	0	2	96	9	98	0,100,0,0,0,0	10255	301	17	53702	1784	11643	91595,91330,89505,32036,32036,32036,32036	0	0	29537,24622,258,0,0,0,0	0	79162
176879	32	40	44	6	2	0	0	0	77	496	1170	772	1854	0	2	70	9	115	0,100,0,0,0,0	10326	297	26	53723	1789	11882	91583,91318,89495,32086,32086,32086,32086	0	0	29537,24622,284,0,0,0,0	2	79188
176858	36	39	40	7	5	0	0	0	89	496	1176	754	1864	1	1	71	7	120	0,100,0,0,0,0	10392	317	22	53740	1794	12143	91567,91302,89482,32130,32130,32130,32130	0	1	29537,24622,306,0,0,0,0	1	79218
176840	36	44	39	8	5	0	0	0	95	496	1183	766	1823	0	2	77	12	120	0,100,0,0,0,0	19485	290	15	53755	1794	12389	91560,91294,89476,32178,32178,32178,32178	0	0	29537,24622,321,0,0,0,0	1	79240
176816	34	53	38	9	6	0	0	0	103	496	1191	745	1983	0	3	120	17	123	0,100,0,0,0,0	19647	308	24	53777	1796	12655	91580,91314,89500,32267,32267,32267,32267	0	0	29537,24622,345,0,0,0,0	1	79254
176785	31	76	41	9	6	0	0	0	108	496	1194	756	2010	1	4	269	22	141	0,100,0,0,0,0	10498	298	35	53808	1800	12904	91616,91347,89538,32373,32373,32373,32373	0	1	29537,24622,380,0,0,0,0	2	79276
176750	39	83	47	10	7	0	0	0	113	496	1201	771	1835	1	0	273	23	163	0,100,0,0,0,0	10567	289	38	53842	1805	13138	91654,91385,89579,32467,32467,32467,32467	0	0	29537,24622,419,0,0,0,0	1	79302
176707	56	85	66	7	5	0	0	0	118	496	1206	762	1915	1	3	310	23	196	0,100,0,0,0,0	10460	269	47	53884	1811	13365	91682,91411,89610,32556,32556,32556,32556	0	3	29537,24622,467,0,0,0,0	1	79312
176668	67	91	68	10	5	0	0	0	127	496	1214	747	1823	2	2	320	21	220	0,100,0,0,0,0	10537	258	41	53920	1816	13571	91713,91441,89644,32637,32637,32637,32637	0	3	29537,24622,508,0,0,0,0	1	79327
176622	70	107	71	9	7	0	0	0	147	496	1217	746	1825	3	3	325	23	241	0,100,0,0,0,0	10563	282	47	53965	1819	13805	91748,91472,89680,32716,32716,32716,32716	0	1	29537,24622,556,0,0,0,0	1	79339
176593	70	105	84	8	8	0	0	0	161	496	1221	743	1819	1	1	317	26	249	0,100,0,0,0,0	19943	271	33	53996	1822	14030	91769,91493,89705,32798,32798,32798,32798	0	1	29537,24622,590,0,0,0,0	1	79343
176542	72	127	91	11	8	0	0	0	172	496	1227	737	1959	0	5	326	26	283	0,100,0,0,0,0	19877	282	55	54050	1825	14274	91777,91501,89715,32882,32882,32882,32882	0	2	29537,24622,647,0,0,0,0	0	79338
176493	81	142	94	12	8	0	0	0	186	496	1234	747	1959	2	2	365	26	311	0,100,0,0,0,0	10567	282	56	54102	1829	14518	91803,91526,89743,32982,32982,32982,32982	0	2	29537,24622,703,0,0,0,0	0	79333
176422	98	151	112	14	9	0	0	0	204	496	1240	734	1829	0	3	366	29	355	0,100,0,0,0,0	10643	249	69	54165	1836	14734	91841,91563,89784,33095,33095,33095,33095	0	0	29537,24622,773,0,0,0,0	1	79330
176351	112	168	119	16	18	0	1	0	219	496	1246	754	1759	2	4	286	32	402	0,100,0,0,0,0	10570	255	79	54235	1845	14959	91866,91587,89811,33188,33188,33188,33188	0	3	29537,24622,852,0,0,0,0	2	79329
176284	115	197	129	18	14	0	1	0	242	496	1250	740	1804	1	11	307	44	430	0,100,0,0,0,0	10726	298	73	54298	1856	15219	91893,91613,89840,33287,33287,33287,33287	0	2	29537,24622,926,0,0,0,0	3	79335
176210	112	220	145	23	15	0	1	0	266	496	1258	704	1864	0	4	336	48	468	0,100,0,0,0,0	10596	278	78	54366	1867	15458	91932,91651,89882,33410,33410,33410,33410	0	1	29537,24622,1005,0,0,0,0	2	79328
176139	107	230	178	21	19	0	1	0	295	496	1260	690	2045	6	9	343	55	501	0,100,0,0,0,0	19827	312	78	54439	1874	15733	91964,91683,89917,33516,33516,33516,33516	0	3	29537,24622,1085,0,0,0,0	5	79321
176049	133	256	180	22	22	0	1	0	324	496	1263	693	1821	4	5	544	57	557	0,100,0,0,0,0	19877	311	105	54532	1886	16003	92010,91729,89965,33670,33670,33670,33670	0	4	29537,24622,1190,0,0,0,0	2	79297
175949	159	282	196	20	20	0	1	0	358	496	1265	695	1806	2	5	589	53	625	0,100,0,0,0,0	10746	287	123	54638	1904	16257	92071,91791,90031,33830,33830,33830,33830	0	1	29537,24622,1314,0,0,0,0	2	79280
175811	187	321	220	26	23	0	1	0	393	496	1268	701	1905	2	8	668	60	718	0,100,0,0,0,0	10786	331	153	54768	1927	16541	92145,91864,90108,34015,34015,34015,34015	0	2	29537,24622,1467,0,0,0,0	3	79256
175664	207	366	246	27	33	0	0	0	436	497	1270	672	1842	4	9	760	77	802	0,100,0,0,0,0	10862	273	165	54923	1937	16776	92256,91974,90221,34229,34229,34229,34229	0	3	29537,24622,1632,0,0,0,0	5	79229
175501	238	408	277	24	40	0	0	0	487	497	1274	665	1821	5	12	819	91	896	0,100,0,0,0,0	10839	296	181	55088	1953	17033	92358,92076,90327,34431,34431,34431,34431	0	4	29537,24622,1813,0,0,0,0	5	79195
175292	275	487	312	24	41	0	0	0	535	497	1283	706	1903	5	13	910	104	1035	0,100,0,0,0,0	11068	315	225	55286	1983	17316	92499,92216,90472,34684,34684,34684,34684	0	10	29537,24622,2039,0,0,0,0	7	79149
175140	286	506	349	33	51	0	0	0	593	497	1291	731	1820	7	18	959	122	1103	0,100,0,0,0,0	20425	303	175	55437	2010	17577	92599,92317,90577,34897,34897,34897,34897	0	8	29537,24622,2217,0,0,0,0	9	79108
174956	292	568	393	40	49	0	0	0	654	497	1297	696	1878	5	18	993	128	1214	0,100,0,0,0,0	20448	299	221	55641	2029	17843	92735,92454,90719,35149,35149,35149,35149	0	13	29537,24622,2440,0,0,0,0	13	79046
174722	339	614	448	48	54	0	0	0	720	497	1304	679	1994	8	20	1358	155	1348	0,100,0,0,0,0	11488	307	261	55867	2066	18116	92893,92613,90883,35437,35437,35437,35437	0	9	29537,24622,2702,0,0,0,0	11	78973
174433	399	683	488	58	63	0	0	0	814	497	1311	694	1932	16	22	1494	191	1500	0,100,0,0,0,0	11595	314	320	56164	2092	18396	93122,92842,91117,35795,35795,35795,35795	0	13	29537,24622,3024,0,0,0,0	9	78884
174111	466	800	522	58	69	0	0	0	909	497	1314	723	1918	18	21	1756	209	1706	0,100,0,0,0,0	12008	295	360	56482	2137	18654	93356,93077,91359,36179,36179,36179,36179	0	12	29537,24622,3387,0,0,0,0	10	78781
173758	522	900	609	68	74	0	1	0	999	497	1318	712	1898	12	28	1996	253	1921	0,100,0,0,0,0	12079	329	407	56846	2181	18931	93626,93348,91636,36588,36588,36588,36588	0	12	29537,24622,3793,0,0,0,0	13	78680
173345	589	1057	687	76	83	1	1	0	1087	497	1323	718	1867	10	23	2211	293	2201	0,100,0,0,0,0	12425	353	478	57272	2234	19238	93949,93673,91969,37068,37068,37068,37068	1	22	29537,24622,4271,0,0,0,0	20	78535
172998	605	1109	793	97	105	2	1	0	1212	497	1327	731	2034	19	29	2268	308	2404	0,100,0,0,0,0	21314	325	411	57638	2281	19523	94203,93927,92231,37496,37496,37496,37496	1	24	29537,24622,4684,0,0,0,0	19	78360
172602	640	1208	876	103	127	3	1	0	1360	497	1329	711	2062	22	39	2436	380	2578	0,100,0,0,0,0	21609	321	461	58063	2322	19801	94521,94247,92557,37976,37976,37976,37976	1	22	29537,24622,5149,0,0,0,0	33	78205
172193	704	1259	947	126	133	3	1	0	1551	497	1332	703	2002	27	48	2980	443	2730	0,100,0,0,0,0	23377	296	476	58465	2398	20061	94816,94543,92862,38442,38442,38442,38442	1	19	29537,24622,5620,0,0,0,0	29	78050
171787	728	1363	1032	139	138	6	1	0	1722	497	1333	695	1889	30	49	3362	497	2910	0,100,0,0,0,0	23442	298	501	58902	2469	20316	95111,94838,93168,38911,38911,38911,38911	1	31	29537,24622,6124,0,0,0,0	31	77837
171389	755	1419	1140	140	146	6	1	0	1916	497	1337	697	1921	25	40	3645	553	3054	0,100,0,0,0,0	24225	295	501	59358	2520	20576	95419,95146,93488,39383,39383,39383,39383	2	22	29537,24622,6629,0,0,0,0	26	77629
170929	801	1508	1216	160	161	8	2	0	2122	497	1342	695	1965	35	62	3846	584	3272	0,100,0,0,0,0	24204	286	561	59854	2590	20833	95760,95490,93842,39909,39909,39909,39909	2	33	29537,24622,7192,0,0,0,0	29	77384
170458	832	1608	1290	193	165	8	2	0	2348	497	1345	690	2040	32	68	4052	619	3479	0,100,0,0,0,0	24504	317	587	60360	2673	21115	96102,95831,94197,40434,40434,40434,40434	2	29	29537,24622,7778,0,0,0,0	38	77136
169976	874	1666	1356	190	188	8	5	0	2632	497	1354	676	1920	28	47	4416	620	3667	0,100,0,0,0,0	23383	328	600	60889	2749	21410	96474,96203,94581,40990,40990,40990,40990	2	29	29537,24622,8381,0,0,0,0	40	76897
169478	940	1779	1383	203	182	9	5	0	2913	498	1356	677	1997	39	67	4690	638	3863	0,100,0,0,0,0	23701	278	654	61470	2823	21651	96882,96613,95006,41592,41592,41592,41592	2	27	29537,24622,9032,0,0,0,0	42	76619
168925	999	1880	1474	223	187	12	4	0	3183	500	1359	663	1984	35	72	4950	670	4109	0,100,0,0,0,0	25033	289	699	62071	2925	21900	97290,97023,95431,42206,42206,42206,42206	3	32	29537,24622,9732,0,0,0,0	46	76319
168303	1101	1968	1619	244	210	13	6	0	3420	500	1362	667	1923	30	61	5341	683	4478	0,100,0,0,0,0	15415	497	787	62744	3049	22354	97773,97508,95934,42892,42892,42892,42892	3	30	29537,24622,10524,0,0,0,0	47	76042
167588	1193	2158	1740	241	250	19	8	0	3685	500	1364	664	2040	40	103	5457	761	4848	0,100,0,0,0,0	15661	523	899	63533	3168	22836	98398,98132,96578,43778,43778,43778,43778	3	42	29537,24622,11426,0,0,0,0	53	75683
166836	1356	2329	1830	242	259	20	8	0	3994	502	1370	671	2002	32	104	5818	827	5217	0,100,0,0,0,0	15935	499	982	64384	3303	23295	99075,98811,97281,44724,44724,44724,44724	3	37	29537,24622,12409,0,0,0,0	53	75312
165981	1514	2543	1958	232	284	26	7	0	4325	503	1373	653	2012	48	93	6124	910	5654	0,100,0,0,0,0	16320	515	1070	65304	3458	23762	99819,99556,98049,45744,45744,45744,45744	4	38	29537,24622,13476,0,0,0,0	59	74932
165292	1524	2692	2064	278	319	25	8	0	4665	503	1376	666	1981	43	91	6735	1013	5897	0,100,0,0,0,0	25511	458	922	66106	3584	24175	100436,100175,98690,46621,46621,46621,46621	4	43	29537,24622,14399,0,0,0,0	68	74548
164590	1501	2932	2225	281	302	27	10	1	4992	503	1382	637	2042	57	118	7025	1111	6167	0,100,0,0,0,0	26081	493	996	66987	3706	24606	101097,100837,99379,47530,47530,47530,47530	4	58	29537,24622,15393,0,0,0,0	80	74130
163532	1713	3148	2431	315	339	29	14	1	5336	503	1385	611	1891	53	110	7566	1185	6804	0,100,0,0,0,0	17676	541	1333	68128	3907	25075	102000,101743,100311,48772,48772,48772,48772	4	51	29537,24622,16725,0,0,0,0	92	73625
162452	1953	3345	2614	337	337	28	15	1	5773	505	1386	615	1947	59	120	7863	1269	7360	0,100,0,0,0,0	17820	696	1360	69325	4084	25701	102961,102708,101304,50052,50052,50052,50052	5	60	29537,24622,18092,0,0,0,0	88	73119
161447	2046	3594	2848	367	370	27	15	1	6138	506	1387	611	1970	59	147	8454	1370	7897	0,100,0,0,0,0	18336	744	1369	70511	4274	26368	103942,103690,102320,51360,51360,51360,51360	5	55	29537,24622,19459,0,0,0,0	85	72623
160311	2149	3902	3038	406	392	29	18	2	6601	507	1391	618	2070	71	123	8809	1464	8470	0,100,0,0,0,0	18966	685	1486	71793	4489	26981	105014,104764,103429,52786,52786,52786,52786	5	68	29537,24622,20944,0,0,0,0	79	72088
159066	2336	4165	3296	416	422	29	17	2	7095	509	1393	604	1966	90	130	9253	1550	9131	0,100,0,0,0,0	19376	679	1643	73183	4750	27590	106150,105903,104606,54294,54294,54294,54294	6	74	29537,24622,22585,0,0,0,0	91	71491
158035	2360	4299	3567	435	421	30	19	3	7672	509	1396	598	1960	81	149	9194	1615	9516	0,100,0,0,0,0	27899	694	1431	74438	4933	28212	107130,106885,105622,55625,55625,55625,55625	6	81	29537,24622,24011,0,0,0,0	104	70870
156937	2362	4581	3677	462	457	37	18	1	8302	512	1400	575	1922	76	149	9606	1763	9831	0,100,0,0,0,0	28288	695	1536	75775	5144	28848	108175,107933,106709,57042,57042,57042,57042	7	78	29537,24622,25550,0,0,0,0	115	70199
155659	2495	4863	3855	492	494	45	21	0	8908	512	1402	596	1941	84	169	9849	1885	10380	0,100,0,0,0,0	20360	663	1761	77287	5403	29452	109393,109153,107973,58651,58651,58651,58651	7	78	29537,24622,27308,0,0,0,0	127	69480
154324	2656	5044	4058	528	540	47	22	1	9608	515	1403	591	2011	86	191	10253	2030	10865	0,100,0,0,0,0	20416	897	1835	78840	5698	30285	110642,110407,109272,60291,60291,60291,60291	8	87	29537,24622,29137,0,0,0,0	121	68776
152932	2809	5346	4327	577	558	47	24	2	10196	520	1408	601	1981	95	207	10901	2218	11470	0,100,0,0,0,0	21027	896	1976	80507	6012	31114	112013,111779,110698,62097,62097,62097,62097	9	102	29537,24622,31101,0,0,0,0	118	67993
151491	2977	5592	4596	631	609	44	23	4	10849	521	1409	585	2015	113	225	12017	2430	12042	0,100,0,0,0,0	21710	893	2044	82217	6355	31947	113420,113187,112163,63955,63955,63955,63955	9	113	29537,24622,33138,0,0,0,0	135	67176
150047	3103	5773	4858	657	645	51	27	3	11643	523	1416	575	1985	104	231	12962	2601	12513	0,100,0,0,0,0	23085	895	2050	83915	6718	32780	114831,114604,113635,65813,65813,65813,65813	10	85	29537,24622,35183,0,0,0,0	134	66389
148872	3054	5872	5042	681	690	55	26	3	12502	527	1422	582	1908	97	205	13379	2681	12739	0,100,0,0,0,0	31437	891	1804	85420	7033	33597	116035,115812,114898,67427,67427,67427,67427	10	86	29537,24622,36983,0,0,0,0	140	65611
147786	2920	5984	5254	689	705	52	26	5	13368	531	1426	597	1965	117	214	14116	2782	12848	0,100,0,0,0,0	32243	1007	1762	86909	7317	34420	117195,116976,116119,68960,68960,68960,68960	10	90	29537,24622,38732,0,0,0,0	155	64874
146522	2980	6122	5448	702	727	51	27	6	14202	531	1428	618	1946	113	253	15035	2962	13095	0,100,0,0,0,0	24880	979	2048	88609	7680	35230	118540,118325,117535,70697,70697,70697,70697	11	88	29537,24622,40770,0,0,0,0	154	64070
145345	3058	6207	5607	725	727	56	30	6	15023	531	1431	598	1941	116	245	15468	3084	13326	0,100,0,0,0,0	25797	1727	2011	90241	8070	36741	119852,119638,118919,72353,72353,72353,72353	11	99	29537,24622,42762,0,0,0,0	167	63358
144261	3048	6310	5778	781	730	60	35	7	15768	532	1436	572	2000	110	234	15829	3129	13613	0,100,0,0,0,0	26144	1627	1999	91851	8479	38190	121278,121072,120427,74233,74233,74233,74233	11	86	29537,24622,44742,0,0,0,0	165	62572
143132	3145	6340	5878	805	770	66	41	8	16586	535	1440	559	1926	117	252	16099	3151	13894	0,100,0,0,0,0	26094	1753	2059	93550	8853	39774	122744,122542,121974,76140,76140,76140,76140	12	103	29537,24622,46771,0,0,0,0	171	61715
142014	3175	6435	6026	811	795	72	42	8	17387	538	1443	526	1958	126	253	16064	3263	14093	0,100,0,0,0,0	26126	1713	2091	95206	9296	41310	124200,124002,123514,78058,78058,78058,78058	12	86	29537,24622,48827,0,0,0,0	182	60902
141259	3039	6352	6097	874	805	75	45	9	18205	540	1446	527	1968	114	249	16021	3279	14008	0,100,0,0,0,0	34078	1774	1783	96657	9635	42909	125435,125240,124832,79670,79670,79670,79670	12	94	29537,24622,50578,0,0,0,0	190	60099
140621	2879	6264	6242	878	795	76	41	11	18943	547	1449	515	1900	122	267	15637	3295	13880	0,100,0,0,0,0	33932	1657	1663	97985	9990	44425	126614,126423,126098,81187,81187,81187,81187	12	96	29537,24622,52219,0,0,0,0	184	59365
139891	2811	6250	6299	882	807	80	45	11	19670	548	1452	523	1993	114	259	16223	3374	13800	0,100,0,0,0,0	26724	1655	1855	99411	10431	45944	127859,127674,127438,82772,82772,82772,82772	12	80	29537,24622,54039,0,0,0,0	182	58598
139300	2859	6094	6284	890	821	86	45	10	20346	556	1455	519	1903	116	274	16451	3357	13722	0,100,0,0,0,0	26787	854	1828	100845	10829	46650	129105,128924,128781,84264,84264,84264,84264	12	93	29537,24622,55822,0,0,0,0	193	57871
138735	2788	5995	6284	902	807	92	41	11	21072	563	1456	542	1943	104	238	17100	3282	13627	0,100,0,0,0,0	27163	864	1789	102218	11252	47364	130089,129909,129859,85393,85393,85393,85393	13	83	29537,24622,57566,0,0,0,0	190	57138
138374	2649	5883	6210	911	830	96	40	12	21716	568	1457	500	1917	99	269	16664	3220	13399	0,100,0,0,0,0	27214	887	1638	103475	11642	48117	130955,130775,130823,86354,86354,86354,86354	12	74	29537,24622,59164,0,0,0,0	197	56456
137964	2609	5740	6193	851	794	96	45	12	22407	573	1462	478	1848	102	279	16597	3188	13140	0,100,0,0,0,0	26915	882	1658	104775	12010	48845	131888,131710,131851,87380,87380,87380,87380	12	80	29537,24622,60778,0,0,0,0	192	55764
137917	2470	5509	6096	790	767	99	45	10	22998	576	1469	483	1956	102	262	16410	3049	12727	0,99,0,0,0,0	33955	934	1383	105848	12351	49633	132608,132432,132670,88108,88108,88108,88108	12	109	29537,24622,62113,24,0,0,0	204	55163
137872	2322	5355	5975	802	779	96	50	8	23435	580	1472	490	1979	91	209	16590	3015	12364	0,99,0,0,0,0	34121	876	1382	106954	12659	50347	133349,133173,133509,88870,88870,88870,88870	12	80	29537,24622,63454,48,0,0,0	202	54539
137786	2331	5216	5835	823	752	100	47	7	23786	588	1475	462	1936	110	261	16002	2958	12146	0,99,0,0,0,0	26659	895	1486	108105	13027	51108	134130,133956,134394,89646,89646,89646,89646	12	71	29537,24622,64894,75,0,0,0	203	53927
137772	2273	5093	5670	808	730	97	42	8	24178	595	1480	451	1893	105	251	15910	2874	11839	0,99,0,0,0,0	26167	717	1414	109177	13400	51668	134834,134662,135201,90348,90348,90348,90348	12	66	29537,24622,66236,104,0,0,0	193	53313
137751	2279	4949	5494	783	734	100	36	12	24520	603	1485	456	1874	91	235	15549	2772	11603	0,99,0,0,0,0	26028	704	1440	110256	13793	52205	135517,135345,135989,90992,90992,90992,90992	12	72	29537,24622,67603,143,0,0,0	182	52718
137843	2243	4784	5404	761	716	93	38	10	24758	605	1491	456	1994	88	214	15031	2654	11385	0,98,1,0,0,0	25583	745	1388	111297	14171	52813	136178,136006,136754,91575,91575,91575,91575	11	59	29537,24622,68920,184,0,0,0	169	52158
138156	2103	4620	5273	736	710	90	47	9	24904	605	1493	467	1934	85	240	14530	2559	11020	0,98,1,0,0,0	24848	739	1213	112196	14492	53409	136727,136556,137408,92010,92010,92010,92010	11	60	29537,24622,70054,211,0,0,0	168	51639
138587	1930	4402	5165	703	715	83	44	9	25000	610	1498	484	1977	91	195	14066	2411	10631	0,98,1,0,0,0	32194	745	1112	112997	14811	54005	137182,137010,137968,92304,92304,92304,92304	11	64	29537,24622,71070,252,0,0,0	171	51181
139189	1781	4166	4925	657	712	85	43	10	25064	613	1501	484	1918	92	215	13469	2306	10063	0,98,1,0,0,0	31400	755	999	113703	15110	54589	137557,137385,138450,92490,92490,92490,92490	10	60	29537,24622,71972,295,0,0,0	162	50760
139708	1676	3991	4702	638	671	76	40	11	25114	616	1503	487	1937	71	211	13386	2216	9578	0,98,1,0,0,0	23607	707	1026	114427	15418	55163	137951,137776,138949,92713,92712,92712,92712	10	56	29537,24622,72926,323,0,0,0	150	50325
140154	1639	3833	4493	661	623	73	40	11	25091	618	1510	485	2050	86	195	13366	2166	9196	0,97,2,0,0,0	23634	400	1058	115171	15738	55406	138356,138183,139457,92958,92957,92957,92957	10	60	29537,24622,73879,380,0,0,0	158	49896
140802	1554	3569	4396	628	602	73	40	11	24935	623	1513	477	1920	69	170	13870	2136	8726	0,97,2,0,0,0	24074	387	920	115814	16022	55652	138638,138464,139841,92974,92973,92973,92973	10	43	29537,24622,74693,427,0,0,0	133	49547
141389	1503	3467	4237	586	578	70	43	9	24723	627	1514	482	1970	70	180	13297	2040	8444	0,97,2,0,0,0	23866	405	956	116466	16337	55908	138923,138749,140228,93016,93015,93015,93015	9	41	29537,24622,75548,480,0,0,0	134	49194
142056	1431	3322	4050	580	548	64	46	8	24495	630	1516	507	1902	61	156	12839	1923	8118	0,96,3,0,0,0	23070	417	892	117085	16614	56174	139173,138999,140577,93015,93013,93013,93013	9	36	29537,24622,76330,523,0,0,0	134	48826
142881	1288	3202	3820	555	511	64	40	8	24221	637	1519	514	1906	43	160	12245	1803	7677	0,96,3,0,0,0	30676	432	755	117621	16836	56461	139375,139198,140879,92911,92909,92909,92909	8	34	29537,24622,77001,567,0,0,0	139	48525
143667	1220	3010	3583	508	500	59	39	8	23987	641	1524	515	2055	64	143	12073	1683	7236	0,96,3,0,0,0	30235	383	726	118114	17077	56714	139554,139375,141153,92813,92810,92810,92810	8	41	29537,24622,77614,625,0,0,0	134	48218
144395	1212	2832	3408	506	491	45	37	7	23642	643	1528	514	1971	47	180	11763	1628	6903	0,95,4,0,0,0	22061	437	794	118642	17345	56981	139764,139583,141458,92755,92751,92751,92751	7	35	29537,24622,78294,690,0,0,0	114	47910
145179	1238	2665	3234	477	472	54	40	7	23203	644	1533	513	1930	34	156	11465	1530	6650	0,95,4,0,0,0	21835	241	777	119169	17601	57089	139953,139774,141745,92664,92659,92659,92659	7	33	29537,24622,78954,759,0,0,0	117	47590
146143	1147	2511	3125	456	462	50	41	6	22619	647	1539	492	1877	37	150	10857	1460	6332	0,94,5,0,0,0	30198	90	615	119573	17817	57179	140011,139829,141900,92378,92372,92372,92372	7	30	29537,24622,79463,818,0,0,0	124	47315
147106	1061	2394	3012	407	447	48	39	8	22031	650	1543	509	1899	41	135	10374	1368	6040	0,94,5,0,0,0	30106	102	599	119962	18030	57281	140063,139882,142047,92095,92088,92088,92088	6	41	29537,24622,79962,870,0,0,0	119	47055
148022	1013	2214	2898	392	420	51	36	7	21493	655	1545	514	1996	51	109	9824	1282	5742	0,94,5,0,0,0	28828	123	559	120313	18243	57404	140108,139929,142183,91813,91805,91805,91805	6	44	29537,24622,80407,942,0,0,0	115	46827
148999	907	2115	2732	358	396	50	32	9	20939	662	1547	524	1984	51	121	9606	1192	5398	0,93,6,0,0,0	28046	97	510	120631	18436	57501	140118,139938,142282,91486,91476,91476,91476	6	38	29537,24622,80817,1008,0,0,0	107	46604
149906	862	1962	2577	342	375	50	31	8	20421	664	1548	516	1960	47	121	9298	1171	5028	0,92,7,0,0,0	27792	96	512	120950	18630	57597	140143,139962,142389,91187,91176,91176,91176	6	25	29537,24622,81202,1082,0,0,0	112	46398
150824	826	1862	2438	308	357	51	31	10	19820	665	1554	515	2008	41	99	9031	1126	4747	0,91,8,0,0,0	28639	105	497	121261	18822	57702	140157,139975,142489,90861,90849,90849,90849	5	27	29537,24622,81582,1161,0,0,0	103	46202
151748	806	1749	2325	269	325	50	31	10	19211	667	1555	544	1908	40	91	8823	1029	4526	0,90,9,0,0,0	28763	52	465	121550	19001	57754	140154,139972,142568,90530,90517,90517,90517	5	25	29537,24622,81920,1247,0,0,0	107	46009
152615	818	1648	2199	261	293	47	28	13	18596	671	1557	533	1929	34	89	8437	969	4325	0,90,9,0,0,0	28445	75	476	121835	19194	57829	140145,139962,142637,90222,90206,90206,90206	5	32	29537,24622,82274,1328,0,0,0	99	45811
153565	771	1590	2047	248	269	47	27	12	17936	672	1562	507	1924	31	74	7971	898	4101	0,88,11,0,0,0	27960	81	435	122097	19372	57910	140106,139921,142679,89843,89824,89824,89824	4	23	29537,24622,82561,1429,0,0,0	100	45635
154321	741	1555	1886	247	261	44	28	12	17412	675	1564	511	1982	33	72	7574	821	3941	0,87,12,0,0,0	27665	69	440	122336	19575	57979	140078,139892,142718,89544,89523,89523,89523	4	22	29537,24622,82852,1539,0,0,0	96	45460
155170	673	1496	1759	235	251	40	23	14	16839	679	1567	511	1986	35	84	6923	768	3709	0,86,13,0,0,0	25936	92	351	122552	19711	58071	140033,139845,142739,89203,89180,89180,89180	4	24	29537,24622,83081,1633,0,0,0	85	45312
156033	646	1388	1729	230	238	34	24	12	16165	680	1567	507	1916	37	65	6151	720	3569	0,84,15,0,0,0	25505	85	373	122766	19872	58156	140002,139811,142778,88877,88852,88852,88852	4	26	29537,24622,83322,1746,0,0,0	77	45170
156787	637	1311	1694	224	233	32	26	11	15541	680	1570	504	1863	25	91	5815	717	3440	0,83,16,0,0,0	16393	68	409	123001	20050	58224	139985,139792,142825,88592,88564,88564,88564	4	21	29537,24622,83599,1846,0,0,0	77	45015
157584	623	1240	1636	203	211	33	28	11	14919	683	1575	509	1923	33	78	5507	682	3292	0,81,18,0,0,0	15801	277	365	123198	20221	58501	139936,139741,142841,88259,88229,88229,88229	4	21	29537,24622,83809,1976,0,0,0	78	44879
158320	619	1203	1503	190	185	28	24	11	14397	687	1579	484	1933	26	51	5344	623	3129	0,79,20,0,0,0	15567	264	351	123385	20386	58765	139925,139728,142888,88023,87990,87990,87990	4	17	29537,24622,83995,2111,0,0,0	67	44746
158949	656	1193	1466	168	171	29	24	9	13811	688	1582	485	1889	29	71	5115	625	3082	0,76,23,0,0,0	15362	287	433	123621	20586	59052	139947,139750,142966,87838,87801,87801,87801	3	24	29537,24622,84219,2289,0,0,0	66	44595
159602	643	1133	1442	168	162	30	21	10	13259	690	1586	493	1945	21	38	4914	562	3037	0,73,26,0,0,0	15029	280	374	123793	20789	59332	139926,139727,142999,87612,87572,87572,87572	3	20	29537,24622,84389,2458,0,0,0	58	44476
160262	579	1116	1408	154	167	28	21	9	12719	693	1590	466	1938	17	45	4615	523	2950	0,71,28,0,0,0	23591	282	327	123961	20952	59614	139903,139703,143027,87380,87337,87337,87337	3	16	29537,24622,84534,2616,0,0,0	56	44361
160891	559	1110	1374	163	163	26	22	9	12143	694	1592	500	1874	26	43	4381	494	2923	0,69,30,0,0,0	23320	282	370	124149	21137	59896	139893,139696,143070,87203,87155,87155,87155	3	19	29537,24622,84700,2798,0,0,0	58	44218
161401	611	1082	1328	157	152	23	21	10	11670	696	1595	509	1953	22	58	4284	505	2869	0,65,34,0,0,0	14372	276	398	124352	21335	60172	139909,139711,143130,87069,87018,87018,87018	3	8	29537,24622,84846,3025,0,0,0	58	44073
161847	664	1069	1277	152	145	22	20	9	11244	697	1600	516	1926	20	44	4002	493	2856	0,62,37,0,0,0	14017	342	419	124552	21556	60514	139930,139731,143192,86959,86904,86904,86904	3	26	29537,24622,84997,3271,0,0,0	52	43935
162309	659	1087	1252	144	138	24	21	8	10805	698	1601	516	1912	24	45	3800	445	2880	0,58,41,0,0,0	13914	332	390	124756	21753	60846	139962,139761,143262,86862,86803,86803,86803	3	17	29537,24622,85130,3514,0,0,0	55	43790
162738	657	1098	1245	139	149	20	21	6	10370	699	1604	521	1911	19	50	3473	452	2877	0,55,44,0,0,0	13561	309	411	124949	21972	61155	139994,139795,143329,86785,86721,86721,86721	2	22	29537,24622,85263,3771,0,0,0	58	43660
163022	718	1170	1217	132	147	18	20	5	9989	701	1607	512	1927	19	47	3312	454	2968	0,50,49,0,0,0	13598	289	492	125151	22263	61444	140028,139832,143399,86749,86680,86680,86680	2	25	29537,24622,85389,4115,0,0,0	47	43515
163386	712	1175	1199	129	141	18	19	4	9650	704	1609	521	1946	30	30	2981	419	2974	0,47,52,0,0,0	22315	369	394	125319	22492	61813	140040,139842,143443,86667,86592,86592,86592	2	25	29537,24622,85489,4393,0,0,0	48	43396
163683	677	1204	1214	133	142	20	17	3	9332	708	1613	528	1990	22	43	2917	406	3001	0,44,55,0,0,0	21995	360	404	125498	22738	62173	140080,139880,143513,86657,86575,86575,86575	2	17	29537,24622,85596,4683,18,0,0	47	43264
163863	760	1193	1236	129	135	21	15	4	9062	709	1619	528	1902	27	49	3094	406	3083	0,40,58,1,0,0	13293	341	501	125713	23040	62514	140158,139958,143615,86717,86631,86631,86631	2	14	29537,24622,85697,5064,38,0,0	51	43108
