S	E	I1	I2	I3	I4	I5_h	I6_h	R_h	R	D1	D2	H	T	P1	P2	Q	QT	NQ	MUT	HOM	VAC	NI	INF	REINF	BSTR	IMM	HCI	HCE	INFV	INFH	VNI
178149	108	112	42	35	49	9	4	0	238	0	0	211	0	0	0	62	62	297	0,0,0,0,0,0	178746	0	0	359	0	0	597,597,597,597,597,597,597	0	0	0,0,0,0,0,0,0	0	0
178105	95	151	46	35	47	11	5	0	250	0	1	328	302	0	78	119	75	315	0,0,0,0,0,0	12386	0	55	414	0	0	641,641,641,641,641,641,641	0	4	55,0,0,0,0,0,0	16	0
178036	104	177	55	44	42	11	5	0	270	0	2	422	286	0	21	490	85	353	0,0,0,0,0,0	12861	0	77	492	0	0	710,710,710,710,710,710,710	0	6	133,0,0,0,0,0,0	19	0
177953	128	195	62	41	51	12	4	0	295	1	4	475	83	0	8	519	84	409	0,0,0,0,0,0	13024	0	90	582	0	0	795,795,795,795,795,795,795	0	11	223,0,0,0,0,0,0	22	0
177903	117	198	86	45	55	11	7	0	312	1	11	555	266	0	9	561	92	427	0,0,0,0,0,0	25130	0	56	640	0	0	847,847,847,847,847,847,847	0	5	281,0,0,0,0,0,0	20	0
177851	109	215	101	51	63	11	7	0	320	2	16	584	242	1	23	641	131	426	0,0,0,0,0,0	25387	0	68	708	0	0	903,903,903,903,903,903,903	0	2	349,0,0,0,0,0,0	25	0
177781	110	242	99	57	61	14	9	0	350	2	21	620	232	1	17	1114	157	435	0,0,0,0,0,0	13843	0	84	792	0	0	978,978,978,978,978,978,978	0	4	433,0,0,0,0,0,0	22	0
177709	125	244	111	65	60	12	12	0	381	3	24	656	254	2	27	1447	186	443	0,0,0,0,0,0	14212	0	93	885	0	0	1056,1055,1055,1055,1055,1055,1055	0	2	526,0,0,0,0,0,0	26	0
177630	126	263	126	68	62	15	12	0	413	3	28	656	247	2	29	1710	211	461	0,0,0,0,0,0	14443	0	98	983	0	0	1143,1142,1142,1139,1139,1139,1139	0	8	624,0,0,0,0,0,0	34	0
177550	132	280	141	67	57	15	15	0	454	3	32	682	80	0	22	1842	237	470	0,0,0,0,0,0	14562	0	98	1082	0	0	1232,1230,1230,1225,1225,1225,1225	0	6	723,0,0,0,0,0,0	35	0
177486	138	282	166	61	65	14	14	0	484	4	32	704	249	1	13	1908	232	508	0,0,0,0,0,0	14749	0	92	1173	1	0	1308,1306,1306,1300,1300,1300,1300	0	6	815,0,0,0,0,0,0	36	0
177435	131	276	184	67	72	15	14	0	511	4	37	710	154	2	19	1766	241	518	0,0,0,0,0,0	26580	0	77	1249	2	0	1372,1369,1369,1360,1360,1360,1360	0	5	892,0,0,0,0,0,0	42	0
177372	143	261	184	74	77	17	14	0	561	4	39	709	242	0	21	1683	265	505	0,0,0,0,0,0	26398	0	85	1332	5	0	1447,1443,1443,1431,1431,1431,1431	0	6	978,0,0,0,0,0,0	39	0
177331	154	257	180	78	77	19	13	0	591	6	40	706	262	2	24	1878	280	498	0,0,0,0,0,0	14789	0	87	1418	6	0	1517,1512,1512,1491,1491,1491,1491	0	9	1065,0,0,0,0,0,0	38	0
177246	162	283	175	81	77	22	13	0	633	8	46	658	314	2	25	2000	300	513	0,0,0,0,0,0	15018	0	105	1520	9	0	1615,1608,1608,1583,1583,1583,1583	1	6	1169,0,0,0,0,0,0	39	0
177199	146	292	184	79	74	21	12	0	678	10	51	672	260	3	27	2011	307	501	0,0,0,0,0,0	15140	0	78	1598	9	0	1685,1676,1676,1645,1645,1645,1645	1	7	1247,0,0,0,0,0,0	40	0
177170	128	298	190	84	88	21	13	0	687	10	57	669	91	0	16	1777	297	525	0,0,0,0,0,0	14992	0	84	1680	12	0	1758,1745,1745,1700,1700,1700,1700	1	14	1332,0,0,0,0,0,0	38	0
177082	139	310	203	88	87	22	14	1	726	11	63	712	90	1	23	1716	280	583	0,0,0,0,0,0	14692	0	113	1793	12	0	1866,1851,1851,1800,1800,1800,1800	1	11	1445,0,0,0,0,0,0	43	0
177025	149	295	203	92	83	23	15	1	782	11	67	711	102	1	25	1717	258	602	0,0,0,0,0,0	26388	0	93	1885	14	0	1952,1935,1935,1874,1874,1874,1874	1	7	1538,0,0,0,0,0,0	54	0
176969	159	290	191	95	86	24	14	1	835	12	70	678	240	3	24	1774	257	602	0,0,0,0,0,0	26470	0	104	1988	17	0	2047,2026,2026,1952,1952,1952,1952	1	11	1643,0,0,0,0,0,0	51	0
176881	168	334	199	89	75	23	15	0	875	13	74	676	254	4	26	1907	270	633	0,0,0,0,0,0	14877	0	143	2130	19	0	2177,2153,2153,2065,2065,2065,2065	1	16	1786,0,0,0,0,0,0	59	0
176789	167	350	224	98	78	23	13	0	909	16	79	664	330	2	39	1938	308	645	0,0,0,0,0,0	14904	0	128	2259	19	0	2303,2275,2275,2175,2175,2175,2175	1	12	1915,0,0,0,0,0,0	61	0
176691	193	362	216	98	89	23	11	0	962	19	82	692	269	3	26	2036	309	683	0,0,0,0,0,0	14779	0	139	2397	21	0	2434,2403,2403,2292,2292,2292,2292	1	9	2053,0,0,0,0,0,0	55	0
176615	209	364	224	95	105	23	12	0	990	20	89	700	276	0	30	2401	329	703	0,0,0,0,0,0	15428	0	136	2533	21	0	2564,2527,2527,2398,2398,2398,2398	1	12	2189,0,0,0,0,0,0	59	0
176526	221	384	241	100	100	22	11	1	1025	22	93	688	101	0	39	2229	322	757	0,0,0,0,0,0	15424	0	142	2674	24	0	2703,2662,2662,2514,2514,2514,2514	1	16	2330,0,0,0,0,0,0	53	0
176456	218	414	233	101	105	21	13	1	1066	22	96	665	241	1	29	2180	337	768	0,0,0,0,0,0	26938	0	128	2802	24	0	2819,2774,2774,2610,2610,2610,2610	1	9	2458,0,0,0,0,0,0	57	0
176378	213	418	239	106	112	19	16	1	1124	22	98	663	144	4	33	2349	346	777	0,0,0,0,0,0	26599	0	130	2932	24	0	2943,2892,2892,2713,2713,2713,2713	1	8	2588,0,0,0,0,0,0	55	0
176287	225	429	266	121	107	21	14	2	1150	24	100	671	237	0	44	2629	391	792	0,0,0,0,0,0	15598	0	157	3089	25	0	3084,3029,3029,2832,2832,2832,2832	1	21	2745,0,0,0,0,0,0	56	0
176168	233	477	260	115	115	15	14	3	1216	25	105	649	93	2	29	2733	382	847	0,0,0,0,0,0	15697	0	180	3267	27	0	3258,3197,3197,2980,2980,2980,2980	2	21	2925,0,0,0,0,0,0	48	0
176083	247	493	260	129	122	17	14	4	1243	26	108	643	285	3	42	2833	415	867	0,0,0,0,0,0	15687	0	169	3435	28	0	3416,3348,3348,3104,3104,3104,3104	2	19	3093,0,0,0,0,0,0	50	0
175998	244	517	255	133	120	24	15	4	1298	27	111	626	304	4	50	2950	427	881	0,0,0,0,0,0	15794	0	160	3595	29	0	3567,3492,3492,3224,3224,3224,3224	2	17	3253,0,0,0,0,0,0	53	0
175906	225	551	271	147	121	28	15	4	1337	28	113	652	238	0	39	3313	446	912	0,0,0,0,0,0	16048	0	170	3766	31	0	3727,3646,3646,3354,3354,3354,3354	2	18	3425,0,0,0,0,0,0	64	0
175801	241	550	286	146	135	27	16	2	1398	28	116	695	235	3	34	3162	444	957	0,0,0,0,0,0	27664	0	179	3946	33	0	3901,3812,3812,3494,3494,3494,3494	2	12	3606,0,0,0,0,0,0	57	0
175732	244	538	313	153	140	25	20	1	1433	28	119	676	270	1	50	3366	474	959	0,0,0,0,0,0	27898	0	157	4102	34	0	4045,3949,3949,3604,3604,3604,3604	2	11	3762,0,0,0,0,0,0	71	0
175611	268	541	334	157	153	27	20	1	1482	28	124	662	235	1	53	3499	512	988	0,0,0,0,0,0	16525	0	203	4304	36	0	4243,4139,4139,3766,3766,3766,3766	2	22	3964,0,0,0,0,0,0	81	0
175509	290	539	344	145	156	32	22	1	1550	28	130	629	242	0	58	3643	535	993	0,0,0,0,0,0	16425	0	183	4487	37	0	4418,4306,4306,3905,3905,3905,3905	2	29	4147,0,0,0,0,0,0	82	0
175407	304	559	365	138	149	36	25	1	1603	28	131	628	313	2	44	3663	517	1059	0,0,0,0,0,0	16851	0	203	4689	38	0	4611,4489,4489,4054,4054,4054,4054	2	23	4349,0,0,0,0,0,0	92	0
175302	307	587	386	142	148	37	26	1	1646	30	134	622	253	3	49	3642	540	1093	0,0,0,0,0,0	16551	0	200	4888	39	0	4802,4672,4672,4204,4204,4204,4204	2	16	4548,0,0,0,0,0,0	99	0
175182	320	586	408	161	150	37	26	1	1704	31	140	608	235	1	43	3688	534	1154	0,0,0,0,0,0	16491	0	216	5102	41	0	5010,4871,4871,4370,4370,4370,4370	2	27	4762,0,0,0,0,0,0	102	0
175086	309	618	398	167	170	33	24	2	1760	33	146	625	251	3	46	3744	549	1170	0,0,0,0,0,0	28132	0	201	5302	42	0	5204,5054,5054,4516,4516,4516,4516	2	11	4962,0,0,0,0,0,0	98	0
174993	279	672	388	152	168	34	20	3	1852	36	149	606	245	7	59	3434	554	1159	0,0,0,0,0,0	27882	0	190	5491	43	0	5384,5225,5225,4655,4655,4655,4655	2	12	5151,0,0,0,0,0,0	92	0
174847	301	711	395	159	167	35	20	3	1919	38	151	600	267	3	62	3517	581	1207	0,0,0,0,0,0	16480	0	251	5740	45	0	5624,5456,5456,4849,4849,4849,4849	3	34	5400,0,0,0,0,0,0	94	0
174737	320	712	412	171	179	35	20	4	1959	40	157	580	275	2	60	3547	584	1265	0,0,0,0,0,0	16456	0	228	5971	46	0	5848,5667,5667,5016,5016,5016,5016	3	22	5632,0,0,0,0,0,0	78	0
174622	356	716	417	187	172	36	23	4	2014	40	159	592	246	2	72	3817	628	1279	0,0,0,0,0,0	16315	0	239	6210	47	0	6076,5883,5883,5189,5189,5189,5189	3	22	5871,0,0,0,0,0,0	81	0
174452	395	731	428	184	195	41	25	5	2085	41	164	589	252	4	54	4050	665	1334	0,0,0,0,0,0	16726	0	273	6482	48	0	6345,6142,6142,5409,5409,5409,5409	3	26	6143,0,0,0,0,0,0	86	0
174276	412	766	458	201	206	41	22	5	2147	43	169	587	256	3	62	4050	645	1461	0,0,0,0,0,0	16878	0	286	6767	50	0	6625,6411,6411,5638,5638,5638,5638	3	34	6428,0,0,0,0,0,0	99	0
174189	391	773	467	212	210	44	24	5	2217	43	171	600	312	5	65	3957	674	1447	0,0,0,0,0,0	28141	0	212	6978	51	0	6828,6602,6602,5784,5784,5784,5784	3	15	6639,0,0,0,0,0,0	98	0
174060	374	834	469	207	208	43	25	5	2298	46	177	596	317	4	60	4163	661	1499	0,0,0,0,0,0	28172	0	258	7236	51	0	7081,6841,6841,5976,5976,5976,5976	3	25	6897,0,0,0,0,0,0	98	0
173884	417	839	492	216	224	47	28	4	2370	47	178	590	306	0	68	4705	692	1571	0,0,0,0,0,0	17543	0	315	7550	53	0	7386,7133,7133,6217,6217,6217,6217	3	27	7211,0,0,0,0,0,0	100	0
173729	468	820	530	225	235	48	29	5	2429	48	180	586	300	4	82	5027	730	1625	0,0,0,0,0,0	17761	0	299	7846	58	0	7673,7405,7405,6438,6438,6438,6438	3	26	7508,0,0,0,0,0,0	115	0
173580	476	849	519	222	249	50	30	6	2528	51	186	555	316	9	71	5137	734	1661	0,0,0,0,0,0	33246	0	293	8138	60	0	7959,7677,7677,6656,6656,6656,6656	4	37	7800,0,0,0,0,0,0	115	0
173423	478	850	539	236	254	53	31	6	2632	53	191	585	247	5	78	5231	784	1657	0,0,0,0,0,0	33314	0	287	8426	61	0	8243,7947,7947,6877,6877,6877,6877	4	34	8088,0,0,0,0,0,0	111	0
173295	444	938	551	234	238	56	32	5	2706	54	193	560	317	3	72	5504	796	1697	0,0,0,0,0,0	33766	0	299	8723	63	0	8531,8218,8218,7085,7085,7085,7085	4	29	8386,0,0,0,0,0,0	117	0
173197	446	902	562	242	253	64	33	6	2791	54	196	532	292	7	65	5363	783	1719	0,0,0,0,0,0	46754	0	265	8986	66	0	8785,8456,8456,7262,7262,7262,7262	4	26	8649,0,0,0,0,0,0	137	0
173103	431	881	587	255	260	63	40	6	2864	54	202	509	318	3	77	5536	811	1706	0,0,0,0,0,0	46781	0	256	9241	68	0	9033,8687,8687,7433,7433,7433,7433	4	20	8904,0,0,0,0,0,0	138	0
172957	456	882	617	247	263	69	42	7	2941	57	208	493	266	5	96	6106	873	1703	0,0,0,0,0,0	33886	0	314	9555	73	0	9341,8977,8977,7660,7660,7660,7660	4	30	9218,0,0,0,0,0,0	140	0
172849	440	897	588	236	264	78	39	9	3077	60	209	487	245	3	89	6239	891	1651	0,0,0,0,0,0	34086	0	268	9821	76	0	9595,9216,9216,7840,7840,7840,7840	4	38	9484,0,0,0,0,0,0	153	0
172785	416	902	607	265	257	83	36	12	3110	63	210	518	311	8	83	6133	914	1652	0,0,0,0,0,0	34208	0	271	10092	79	0	9854,9454,9454,8002,8002,8002,8002	4	32	9757,0,0,0,0,0,0	155	0
172694	405	895	601	259	263	76	37	11	3226	63	216	473	266	7	87	6128	918	1618	0,0,0,0,0,0	34068	0	259	10353	80	0	10110,9692,9692,8175,8175,8175,8175	4	37	10019,0,0,0,0,0,0	157	0
172662	393	851	622	267	273	74	40	12	3271	63	218	443	266	2	85	6295	936	1584	0,0,0,0,0,0	34253	0	246	10597	83	0	10341,9902,9902,8307,8307,8307,8307	4	39	10264,0,0,0,0,0,0	164	0
172609	382	844	595	273	291	69	38	14	3345	67	219	421	243	5	69	6144	938	1554	0,0,0,0,0,0	47180	0	251	10845	87	0	10578,10119,10119,8452,8452,8452,8452	4	30	10512,0,0,0,0,0,0	153	0
172573	377	851	556	263	282	66	42	10	3437	69	220	438	280	2	61	5882	895	1542	0,0,0,0,0,0	47253	0	247	11095	88	0	10814,10334,10334,8588,8588,8588,8588	4	27	10762,0,0,0,0,0,0	145	0
172517	381	845	560	264	270	70	42	12	3493	72	220	456	297	4	84	6056	884	1548	0,0,0,0,0,0	34108	0	261	11350	95	0	11056,10555,10555,8736,8736,8736,8736	4	38	11017,0,0,0,0,0,0	143	0
172464	398	848	551	258	272	74	38	13	3532	77	221	451	314	7	85	5994	899	1540	0,0,0,0,0,0	34089	0	261	11609	100	0	11300,10779,10779,8883,8883,8883,8883	5	36	11276,0,0,0,0,0,0	147	0
172413	407	846	560	248	267	73	45	12	3571	77	227	409	271	2	70	5860	887	1559	0,0,0,0,0,0	33586	0	270	11875	104	0	11556,11013,11013,9036,9036,9036,9036	5	33	11542,0,0,0,0,0,0	152	0
172363	418	856	559	253	270	75	41	11	3591	82	227	436	293	6	79	5418	853	1619	0,0,0,0,0,0	33449	0	272	12145	107	0	11811,11246,11246,9188,9188,9188,9188	5	33	11812,0,0,0,0,0,0	148	0
172324	453	834	568	251	270	79	43	10	3601	85	228	466	290	4	97	5423	868	1630	0,0,0,0,0,0	33193	0	282	12429	108	0	12079,11489,11489,9342,9342,9342,9342	5	35	12096,0,0,0,0,0,0	146	0
172342	415	814	568	264	259	74	40	11	3639	89	231	459	266	3	64	5342	855	1579	0,0,0,0,0,0	46592	0	208	12634	111	0	12272,11659,11659,9428,9428,9428,9428	5	21	12301,0,0,0,0,0,0	147	0
172329	384	822	566	261	267	79	37	13	3664	91	233	468	256	5	67	5127	855	1561	0,0,0,0,0,0	46298	0	237	12871	112	0	12495,11861,11861,9546,9546,9546,9546	4	26	12539,0,0,0,0,0,0	141	0
172292	393	817	585	256	266	81	36	12	3678	93	237	470	227	3	72	5085	853	1581	0,0,0,0,0,0	32995	0	271	13140	115	0	12750,12092,12092,9691,9691,9691,9691	4	28	12808,0,0,0,0,0,0	137	0
172257	410	831	578	259	248	76	34	9	3706	100	238	464	264	5	70	5016	828	1608	0,0,0,0,0,0	32986	0	276	13413	118	0	13005,12323,12323,9833,9833,9833,9833	5	33	13082,0,0,0,0,0,0	139	0
172211	417	836	574	230	262	78	38	9	3746	102	243	481	225	1	77	4941	830	1605	0,0,0,0,0,0	32750	0	267	13681	119	0	13261,12556,12556,9982,9982,9982,9982	5	33	13350,0,0,0,0,0,0	137	0
172189	411	842	567	242	246	74	37	8	3778	107	245	492	301	3	75	4901	845	1574	0,0,0,0,0,0	32949	0	246	13928	120	0	13493,12765,12765,10107,10107,10107,10107	4	30	13597,0,0,0,0,0,0	130	0
172150	421	828	583	238	242	77	38	6	3808	109	246	464	240	4	78	5010	856	1571	0,0,0,0,0,0	32841	0	285	14212	123	0	13759,13007,13007,10258,10258,10258,10258	4	27	13881,0,0,0,0,0,0	132	0
172160	398	802	584	225	256	79	37	5	3839	112	249	478	243	3	64	5036	834	1547	0,0,0,0,0,0	46106	0	221	14433	125	0	13967,13191,13191,10355,10355,10355,10355	4	20	14102,0,0,0,0,0,0	136	0
172175	392	782	593	216	253	84	35	9	3840	115	252	457	222	1	72	5443	837	1518	0,0,0,0,0,0	46476	0	229	14658	130	0	14177,13378,13378,10452,10452,10452,10452	4	16	14327,0,0,0,0,0,0	141	0
172183	368	785	587	231	247	86	34	10	3843	117	255	452	240	5	77	5304	812	1526	0,0,0,0,0,0	33437	0	230	14889	132	0	14394,13570,13570,10554,10554,10554,10554	4	24	14558,0,0,0,0,0,0	139	0
172166	399	781	579	233	236	83	37	9	3851	117	255	440	243	2	73	5489	810	1538	0,0,0,0,0,0	33350	0	263	15149	135	0	14634,13786,13786,10679,10679,10679,10679	4	32	14818,0,0,0,0,0,0	134	0
172211	406	757	576	231	227	81	37	9	3832	119	260	456	267	1	62	5772	786	1529	0,0,0,0,0,0	34042	0	222	15368	138	0	14839,13964,13964,10756,10756,10756,10756	4	31	15038,0,0,0,0,0,0	130	0
172233	377	797	571	231	241	78	37	11	3785	121	264	461	246	6	66	5761	798	1534	0,0,0,0,0,0	33663	0	234	15597	143	0	15053,14153,14153,10850,10850,10850,10850	4	32	15267,0,0,0,0,0,0	132	0
172229	371	790	560	222	247	84	40	12	3802	123	266	465	104	3	70	5915	772	1542	0,0,0,0,0,0	33738	0	235	15831	146	0	15271,14347,14347,10957,10957,10957,10957	4	25	15501,0,0,0,0,0,0	133	0
172285	346	757	542	214	241	83	42	13	3830	124	269	457	255	2	66	5758	723	1502	0,0,0,0,0,0	46767	0	189	16021	148	0	15445,14497,14497,11014,11014,11014,11014	4	19	15691,0,0,0,0,0,0	145	0
172348	308	746	566	218	233	83	35	13	3795	131	270	459	249	3	74	5664	745	1444	0,0,0,0,0,0	46914	0	183	16201	151	0	15608,14635,14635,11061,11061,11061,11061	4	21	15871,0,0,0,0,0,0	142	0
172413	307	720	543	216	231	79	37	12	3783	134	271	468	258	4	66	5595	756	1377	0,0,0,0,0,0	33990	0	205	16404	153	0	15792,14792,14792,11117,11117,11117,11117	4	23	16074,0,0,0,0,0,0	134	0
172451	303	732	534	204	225	77	38	13	3758	136	275	458	266	1	61	5239	746	1367	0,0,0,0,0,0	33168	0	218	16622	154	0	15991,14966,14966,11193,11193,11193,11193	4	28	16292,0,0,0,0,0,0	129	0
172441	341	689	544	225	220	76	37	12	3743	139	279	442	301	3	63	5190	744	1388	0,0,0,0,0,0	33187	0	227	16845	158	0	16200,15153,15153,11298,11298,11298,11298	4	22	16515,0,0,0,0,0,0	132	0
172433	339	730	514	201	217	75	42	13	3762	139	281	450	241	4	68	5814	744	1374	0,0,0,0,0,0	33750	0	240	17085	159	0	16424,15353,15353,11410,11410,11410,11410	4	25	16755,0,0,0,0,0,0	129	0
172433	358	707	515	210	225	74	40	12	3745	142	285	426	269	2	50	5546	701	1428	0,0,0,0,0,0	34120	0	235	17315	165	0	16639,15545,15545,11513,11513,11513,11513	4	33	16985,0,0,0,0,0,0	132	0
172500	335	696	528	206	212	77	45	11	3706	142	288	433	236	2	55	5392	706	1393	0,0,0,0,0,0	46421	0	188	17503	166	0	16811,15691,15691,11562,11562,11562,11562	4	12	17173,0,0,0,0,0,0	141	0
172541	323	697	525	208	227	72	37	13	3664	148	291	439	231	6	57	5288	724	1365	0,0,0,0,0,0	46498	0	206	17709	167	0	17000,15856,15856,11633,11633,11633,11633	4	22	17379,0,0,0,0,0,0	146	0
172550	307	732	504	202	211	76	39	11	3672	149	293	426	252	2	64	5380	725	1346	0,0,0,0,0,0	33426	0	224	17932	170	0	17206,16038,16038,11726,11726,11726,11726	4	31	17602,0,0,0,0,0,0	141	0
172585	338	671	517	212	201	74	41	13	3647	150	297	410	326	3	58	5427	733	1321	0,0,0,0,0,0	33383	0	215	18144	175	0	17401,16207,16207,11799,11799,11799,11799	4	20	17815,0,0,0,0,0,0	146	0
172654	341	671	489	208	191	68	39	11	3620	153	301	405	258	5	78	5112	718	1289	0,0,0,0,0,0	33380	0	198	18343	177	0	17583,16362,16362,11851,11851,11851,11851	4	29	18014,0,0,0,0,0,0	143	0
172710	329	636	498	206	191	66	39	13	3601	154	303	426	280	2	47	5165	689	1276	0,0,0,0,0,0	46039	0	181	18518	183	0	17739,16495,16495,11895,11895,11895,11895	4	19	18189,0,0,0,0,0,0	131	0
172760	312	650	467	209	190	64	37	16	3582	155	304	444	235	4	57	5101	690	1239	0,0,0,0,0,0	46480	0	188	18705	184	0	17907,16639,16639,11948,11948,11948,11948	3	16	18376,0,0,0,0,0,0	130	0
172890	292	601	479	207	181	68	32	20	3510	157	309	437	244	5	58	4632	701	1159	0,0,0,0,0,0	46059	0	134	18836	187	0	18021,16727,16727,11936,11936,11936,11936	3	9	18507,0,0,0,0,0,0	138	0
172989	253	584	450	208	184	66	30	19	3494	160	309	441	237	1	55	4163	685	1090	0,0,0,0,0,0	45936	29	140	18975	191	0	18141,16823,16823,11942,11942,11942,11942	3	13	18646,0,0,0,0,0,0	129	24
173037	272	563	457	206	161	69	33	14	3461	160	313	425	239	4	58	4269	675	1086	0,0,0,0,0,0	32186	20	190	19165	193	0	18314,16972,16972,11998,11998,11998,11998	3	19	18836,0,0,0,0,0,0	125	41
173112	265	553	419	208	160	67	30	13	3441	163	315	430	274	2	45	4425	645	1057	0,0,0,0,0,0	32444	25	157	19319	198	0	18448,17083,17083,12020,12020,12020,12020	3	19	18990,0,0,0,0,0,0	122	59
173169	259	556	410	201	144	61	27	11	3427	166	315	443	146	1	44	4313	599	1059	0,0,0,0,0,0	32201	25	162	19480	200	0	18590,17203,17203,12056,12056,12056,12056	3	23	19151,0,0,0,0,0,0	109	79
173260	245	543	395	192	157	62	23	9	3370	169	321	433	333	5	51	4359	597	1020	0,0,0,0,0,0	32454	19	148	19629	200	0	18723,17312,17312,12071,12071,12071,12071	3	19	19300,0,0,0,0,0,0	111	97
173290	263	536	365	198	166	66	23	9	3336	171	323	456	265	1	50	4417	591	1026	0,0,0,0,0,0	32447	34	174	19803	202	0	18880,17448,17448,12126,12126,12126,12126	3	20	19474,0,0,0,0,0,0	109	126
173381	258	519	342	196	160	64	21	9	3294	174	328	457	247	3	51	4456	554	1006	0,0,0,0,0,0	38988	24	139	19940	204	0	19002,17547,17547,12136,12136,12136,12136	3	13	19611,0,0,0,0,0,0	108	147
173490	244	483	346	195	165	64	16	11	3224	177	331	458	241	1	44	4461	544	969	0,0,0,0,0,0	38852	129	125	20062	208	0	19117,17638,17638,12133,12133,12133,12133	3	9	19733,0,0,0,0,0,0	100	256
173565	226	482	333	178	170	63	15	8	3193	179	334	470	222	3	55	4604	542	925	0,0,0,0,0,0	27878	145	146	20202	215	0	19246,17745,17745,12152,12152,12152,12152	3	11	19873,0,0,0,0,0,0	99	383
173624	214	492	330	174	151	60	17	8	3161	180	335	505	277	2	53	4483	515	923	0,0,0,0,0,0	27692	145	151	20352	217	0	19382,17860,17860,12182,12182,12182,12182	2	15	20023,0,0,0,0,0,0	99	506
173646	253	498	321	161	148	55	14	9	3119	181	341	505	238	4	49	4370	501	949	0,0,0,0,0,0	27885	134	179	20530	220	0	19553,18011,18011,12249,12249,12249,12249	2	15	20202,0,0,0,0,0,0	94	613
173717	242	480	333	166	153	51	15	7	3058	181	343	497	271	0	48	4045	490	950	0,0,0,0,0,0	27184	124	139	20664	225	0	19676,18113,18113,12266,12266,12266,12266	2	24	20336,0,0,0,0,0,0	95	720
173790	232	487	327	158	159	49	17	7	2991	182	347	471	227	5	47	4169	498	931	0,0,0,0,0,0	26859	134	148	20808	229	0	19813,18228,18228,12290,12290,12290,12290	2	20	20480,0,0,0,0,0,0	85	830
173819	215	529	325	154	146	50	16	7	2949	185	351	501	223	2	30	4038	490	945	0,0,0,0,0,0	38935	137	160	20966	232	0	19965,18362,18362,12345,12345,12345,12345	2	14	20638,0,0,0,0,0,0	87	955
173862	215	516	332	145	150	45	16	6	2918	187	354	494	223	1	35	3729	468	951	0,0,0,0,0,0	39127	131	140	21103	237	0	20128,18507,18507,12397,12397,12397,12397	2	11	20776,0,0,0,0,0,0	79	1070
173891	223	510	327	144	147	45	15	8	2891	187	358	507	262	0	45	3415	471	940	0,0,0,0,0,0	26463	155	153	21255	239	0	20312,18672,18672,12465,12465,12465,12465	2	13	20928,0,0,0,0,0,0	75	1197
173934	234	489	341	144	134	43	15	8	2858	188	358	494	228	1	44	3687	461	939	0,0,0,0,0,0	26707	152	156	21411	241	0	20494,18834,18834,12525,12525,12525,12525	2	13	21084,0,0,0,0,0,0	72	1327
173963	242	506	321	145	148	44	14	8	2804	188	363	511	281	1	39	3575	465	955	0,0,0,0,0,0	26730	143	170	21579	243	0	20689,19009,19009,12599,12599,12599,12599	2	20	21252,0,0,0,0,0,0	70	1445
173997	258	501	320	152	139	41	14	9	2757	188	370	507	276	5	50	3711	480	945	0,0,0,0,0,0	26598	158	167	21744	245	0	20880,19180,19180,12668,12668,12668,12668	2	16	21417,0,0,0,0,0,0	78	1574
174041	245	493	338	167	145	43	13	8	2690	190	373	507	302	2	40	3799	493	951	0,0,0,0,0,0	26849	160	144	21887	246	0	21047,19327,19327,12719,12719,12719,12719	2	10	21560,0,0,0,0,0,0	72	1700
174112	213	514	332	157	155	44	15	6	2631	190	377	510	213	0	45	3854	524	906	0,0,0,0,0,0	38893	153	132	22019	248	0	21209,19469,19469,12757,12757,12757,12757	2	10	21692,0,0,0,0,0,0	77	1829
174146	199	499	346	160	156	46	14	6	2602	191	381	517	260	3	53	4025	533	887	0,0,0,0,0,0	38754	63	134	22154	248	0	21374,19616,19616,12813,12813,12813,12813	2	9	21827,0,0,0,0,0,0	84	1878
174185	198	488	321	161	159	42	16	6	2596	191	383	513	264	2	65	4239	548	837	0,0,0,0,0,0	27517	66	132	22284	251	0	21535,19760,19760,12862,12862,12862,12862	2	21	21957,0,0,0,0,0,0	78	1932
174206	219	476	320	160	158	40	21	6	2561	192	387	491	255	3	47	4387	553	841	0,0,0,0,0,0	27448	64	151	22435	252	0	21717,19925,19925,12931,12931,12931,12931	2	10	22108,0,0,0,0,0,0	89	1982
174244	230	466	310	166	142	44	21	7	2532	193	391	456	262	1	53	4611	565	814	0,0,0,0,0,0	27272	74	139	22574	253	0	21885,20075,20075,12986,12986,12986,12986	2	9	22247,0,0,0,0,0,0	88	2047
174266	223	479	310	157	147	44	21	6	2503	195	395	448	220	1	37	4450	531	850	0,0,0,0,0,0	27590	56	158	22729	256	0	22074,20246,20246,13058,13058,13058,13058	2	12	22402,0,0,0,0,0,0	84	2090
174281	222	485	311	140	164	44	20	7	2478	196	398	469	240	0	36	4174	512	874	0,0,0,0,0,0	27321	79	143	22866	262	0	22244,20400,20400,13123,13123,13123,13123	2	11	22540,0,0,0,0,0,0	82	2157
174330	227	475	312	141	163	44	24	6	2427	196	401	465	254	2	45	4095	504	882	0,0,0,0,0,0	38628	62	140	23005	264	0	22415,20553,20553,13175,13175,13175,13175	2	10	22679,0,0,0,0,0,0	84	2207
174380	203	454	312	146	172	45	24	7	2405	196	402	475	201	0	51	3729	516	840	0,0,0,0,0,0	38944	177	109	23114	265	0	22534,20656,20656,13198,13198,13198,13198	2	1	22788,0,0,0,0,0,0	85	2349
174402	204	445	299	138	173	43	25	6	2410	197	404	448	244	5	47	3777	516	811	0,0,0,0,0,0	26785	185	140	23251	268	0	22680,20785,20785,13247,13247,13247,13247	2	19	22926,0,0,0,0,0,0	85	2507
174455	209	441	291	143	171	44	24	5	2360	198	405	464	253	1	42	3444	498	825	0,0,0,0,0,0	26538	194	129	23376	272	0	22810,20898,20898,13273,13273,13273,13273	2	12	23053,0,0,0,0,0,0	72	2661
174518	198	425	294	139	156	42	24	6	2340	199	405	453	275	3	38	3252	476	802	0,0,0,0,0,0	26541	211	108	23481	275	0	22927,20998,20998,13288,13288,13288,13288	2	17	23158,0,0,0,0,0,0	76	2830
174545	204	404	301	133	141	41	25	7	2337	201	407	464	247	1	43	3056	461	788	0,0,0,0,0,0	26266	198	118	23598	277	0	23049,21106,21106,13322,13322,13322,13322	2	10	23275,0,0,0,0,0,0	78	2985
174586	183	426	292	130	130	42	26	7	2313	202	409	487	137	2	52	3052	468	761	0,0,0,0,0,0	25985	162	121	23720	278	0	23188,21228,21228,13358,13358,13358,13358	2	14	23397,0,0,0,0,0,0	83	3111
174630	164	411	319	127	128	42	29	6	2276	204	410	490	83	2	30	2748	443	777	0,0,0,0,0,0	38168	225	111	23827	282	0	23304,21330,21330,13383,13383,13383,13383	1	8	23504,0,0,0,0,0,0	83	3289
174675	163	405	311	132	127	43	28	5	2238	206	413	490	308	0	44	2840	453	756	0,0,0,0,0,0	37962	158	121	23944	287	0	23496,21506,21506,13446,13446,13446,13446	1	15	23621,0,0,0,0,0,0	96	3417
174694	186	392	311	120	124	43	25	5	2219	208	419	471	331	2	46	2957	447	754	0,0,0,0,0,0	26079	166	127	24071	289	0	23713,21709,21709,13530,13530,13530,13530	1	9	23748,0,0,0,0,0,0	83	3550
174692	203	428	282	124	105	44	22	5	2210	212	419	484	256	2	37	2915	432	776	2,0,0,0,0,0	25955	162	126	24232	291	0	23954,21935,21935,13638,13638,13638,13638	1	21	23873,36,0,0,0,0,0	80	3682
174665	225	455	271	128	110	44	18	5	2188	214	423	487	139	4	26	2786	404	847	6,0,0,0,0,0	26084	177	132	24399	294	0	24208,22175,22175,13765,13765,13765,13765	1	10	23995,81,0,0,0,0,0	83	3815
174657	238	469	275	112	113	47	17	6	2168	216	428	496	271	0	39	2805	377	894	9,0,0,0,0,0	25892	166	127	24555	297	0	24446,22400,22400,13876,13876,13876,13876	1	12	24110,124,0,0,0,0,0	89	3943
174615	241	502	278	128	126	44	18	5	2143	217	429	489	279	4	38	2898	379	958	13,0,0,0,0,0	26035	192	146	24734	301	0	24691,22632,22632,14006,14006,14006,14006	2	17	24233,181,0,0,0,0,0	82	4093
174553	282	503	293	126	143	45	17	5	2131	219	429	490	243	2	34	2892	398	1011	17,0,0,0,0,0	37637	190	164	24927	306	0	24977,22906,22906,14167,14167,14167,14167	1	12	24350,258,0,0,0,0,0	86	4227
174516	298	515	297	131	137	44	16	6	2131	220	435	494	254	2	47	3007	406	1032	22,0,0,0,0,0	37956	129	132	25101	308	0	25229,23144,23144,14298,14298,14298,14298	1	2	24440,343,0,0,0,0,0	77	4330
174492	289	543	322	140	150	43	17	7	2087	220	436	483	301	2	52	3188	424	1080	25,0,0,0,0,0	26076	119	188	25290	309	0	25494,23394,23394,14427,14427,14427,14427	1	10	24551,421,0,0,0,0,0	73	4421
174442	291	574	333	137	151	46	21	7	2084	220	440	473	272	1	48	3297	464	1089	28,0,0,0,0,0	26422	122	193	25484	311	0	25764,23651,23651,14571,14571,14571,14571	1	14	24672,494,0,0,0,0,0	78	4512
174408	284	561	326	139	151	48	24	5	2136	220	444	466	276	4	48	3432	470	1063	30,0,0,0,0,0	26547	126	147	25630	313	0	25986,23863,23863,14684,14684,14684,14684	1	15	24756,557,0,0,0,0,0	82	4610
174366	294	593	321	145	157	50	25	4	2123	222	446	485	272	2	47	3483	507	1078	32,0,0,0,0,0	26504	110	203	25828	318	0	26259,24122,24122,14827,14827,14827,14827	1	13	24878,637,0,0,0,0,0	91	4688
174289	306	613	340	145	169	53	26	2	2127	223	453	461	255	0	49	3543	517	1135	35,0,0,0,0,0	26383	124	211	26037	323	0	26558,24410,24409,15002,15002,15002,15002	1	17	24992,734,0,0,0,0,0	95	4779
174224	276	666	347	153	167	52	29	2	2151	224	455	480	258	1	53	3533	571	1119	36,0,0,0,0,0	38254	115	189	26219	331	0	26823,24666,24663,15153,15153,15153,15153	1	4	25088,823,0,0,0,0,0	101	4870
174182	266	660	368	154	182	52	28	2	2167	227	458	491	99	1	54	3677	576	1134	38,0,0,0,0,0	38533	301	174	26390	334	0	27029,24861,24858,15262,15262,15262,15262	1	13	25176,908,0,0,0,0,0	101	5106
174092	290	669	402	153	194	52	27	3	2175	228	461	516	236	4	49	3769	574	1213	41,0,0,0,0,0	27043	290	239	26623	340	0	27294,25115,25111,15422,15422,15422,15422	1	13	25287,1033,0,0,0,0,0	104	5321
174013	322	646	419	182	201	52	28	4	2184	230	465	493	344	3	67	3980	602	1248	44,0,0,0,0,0	26972	302	229	26852	343	0	27553,25362,25356,15573,15573,15573,15573	2	16	25382,1169,0,0,0,0,0	106	5528
173936	338	645	421	187	189	54	29	5	2240	230	472	483	321	2	73	4295	652	1211	47,0,0,0,0,0	27184	284	219	27066	350	0	27810,25609,25602,15722,15722,15722,15722	1	14	25479,1291,0,0,0,0,0	103	5744
173840	350	702	414	191	188	55	24	6	2268	234	474	486	259	3	55	4494	687	1237	49,0,0,0,0,0	27626	290	240	27298	358	0	28066,25856,25846,15882,15882,15882,15882	1	17	25569,1440,0,0,0,0,0	100	5949
173721	353	716	426	198	209	59	25	7	2321	234	477	509	242	6	62	4512	701	1285	51,0,0,0,0,0	27665	300	253	27544	365	0	28347,26127,26116,16064,16064,16064,16064	2	15	25654,1604,0,0,0,0,0	108	6157
173645	352	710	458	204	207	57	28	6	2364	234	481	503	151	3	64	4655	706	1310	53,0,0,0,0,0	39152	283	224	27765	370	0	28597,26368,26355,16212,16212,16212,16212	1	9	25736,1746,0,0,0,0,0	124	6349
173597	340	708	459	209	199	61	25	7	2420	238	483	518	245	3	61	4872	697	1304	55,0,0,0,0,0	39739	615	205	27966	376	0	28910,26675,26658,16381,16381,16381,16381	1	12	25797,1890,0,0,0,0,0	129	6722
173493	371	726	469	198	207	63	23	6	2465	239	486	488	245	3	70	5594	689	1368	58,0,0,0,0,0	28203	606	268	28228	383	0	29281,27039,27018,16601,16601,16601,16601	1	17	25873,2083,0,0,0,0,0	125	7103
173406	376	748	476	205	215	64	24	6	2499	239	488	502	263	4	57	5678	697	1411	60,0,0,0,0,0	28633	573	248	28472	389	0	29633,27383,27359,16806,16806,16806,16806	1	12	25952,2252,0,0,0,0,0	124	7598
173265	403	765	480	221	220	57	23	7	2575	240	490	542	311	1	69	5609	716	1453	62,0,0,0,0,0	28653	602	283	28743	402	0	30017,27764,27736,17054,17054,17054,17054	1	16	26021,2462,0,0,0,0,0	125	8138
173131	405	825	485	236	228	54	26	7	2612	242	495	556	268	0	56	5664	722	1537	64,0,0,0,0,0	28806	588	304	29033	417	0	30417,28160,28127,17308,17308,17308,17308	1	17	26105,2677,0,0,0,0,0	120	8662
172949	439	863	493	239	234	55	27	7	2695	245	500	533	278	5	85	5344	726	1624	66,0,0,0,0,0	28500	642	336	29360	427	0	30840,28579,28541,17596,17596,17596,17596	1	19	26189,2928,0,0,0,0,0	125	9233
172799	488	861	495	243	239	52	28	8	2785	246	502	551	288	6	77	5253	766	1640	68,0,0,0,0,0	40003	642	301	29658	433	0	31249,28985,28942,17864,17864,17864,17864	1	13	26265,3153,0,0,0,0,0	132	9804
172701	470	919	493	249	242	56	27	8	2825	248	508	528	305	1	66	5473	785	1671	70,0,0,0,0,0	40047	794	287	29943	439	0	31688,29418,29369,18118,18118,18118,18118	1	18	26317,3390,0,0,0,0,0	134	10504
172547	497	990	510	257	238	57	36	7	2847	249	511	542	248	3	91	5677	854	1731	73,0,0,0,0,0	28661	767	355	30287	454	0	32183,29910,29854,18427,18427,18427,18427	1	22	26375,3685,0,0,0,0,0	128	11164
172400	541	972	521	261	261	59	40	7	2921	251	512	551	227	1	80	5610	867	1788	74,0,0,0,0,0	28701	775	331	30609	465	0	32704,30428,30365,18743,18743,18743,18743	1	12	26437,3953,0,0,0,0,0	149	11850
172190	580	1032	547	266	265	58	43	5	2990	252	518	539	262	3	84	5561	869	1922	75,0,0,0,0,0	28561	785	393	30996	473	0	33304,31031,30959,19135,19135,19135,19135	2	24	26516,4267,0,0,0,0,0	150	12526
171938	629	1079	582	283	276	62	46	6	3069	254	522	538	343	5	85	5245	912	2045	76,0,0,0,0,0	28510	778	430	31409	490	0	33931,31657,31578,19559,19559,19559,19559	2	17	26587,4619,0,0,0,0,0	169	13195
171697	663	1156	617	295	292	63	44	6	3129	259	525	526	301	10	108	5764	941	2189	78,0,0,0,0,0	28322	805	449	31845	505	0	34601,32327,32238,19999,19999,19999,19999	2	29	26654,5002,0,0,0,0,0	175	13886
171460	693	1209	666	289	321	64	41	6	3207	261	529	534	311	6	90	5842	980	2303	79,0,0,0,0,0	39968	791	422	32251	524	0	35233,32960,32864,20425,20425,20425,20425	2	28	26712,5367,0,0,0,0,0	187	14551
171265	672	1293	667	297	340	69	43	6	3299	262	533	520	296	6	103	6401	1044	2337	81,0,0,0,0,0	40520	890	384	32631	532	0	35872,33601,33495,20826,20826,20826,20826	2	14	26740,5724,0,0,0,0,0	193	15309
171019	678	1336	709	330	357	69	47	7	3393	264	537	501	237	3	126	6785	1134	2392	83,0,0,0,0,0	46235	890	445	33060	551	0	36540,34272,34155,21264,21264,21264,21264	2	21	26794,6113,0,0,0,0,0	187	16047
170744	735	1333	757	358	357	70	43	7	3533	270	539	471	227	4	108	6727	1180	2473	84,0,0,0,0,0	46625	855	470	33517	568	0	37238,34974,34847,21732,21732,21732,21732	2	25	26843,6536,0,0,0,0,0	196	16772
170544	710	1382	781	381	376	77	42	8	3631	274	540	469	260	9	119	7374	1231	2518	85,0,0,0,0,0	46204	860	434	33942	579	0	37903,35641,35503,22147,22147,22147,22147	2	28	26886,6926,0,0,0,0,0	184	17479
170299	716	1412	799	401	401	79	42	7	3770	277	543	489	277	3	144	7972	1329	2521	86,0,0,0,0,0	46821	876	461	34389	596	0	38582,36325,36174,22593,22593,22593,22593	2	32	26929,7344,0,0,0,0,0	187	18194
170083	725	1400	828	428	424	83	41	9	3902	279	544	460	248	7	133	8456	1380	2549	87,0,0,0,0,0	47290	892	440	34815	612	0	39249,36997,36834,23016,23016,23016,23016	2	29	26960,7750,0,0,0,0,0	178	18966
169980	666	1401	848	445	428	90	41	10	4005	282	550	445	310	4	125	8686	1410	2509	88,0,0,0,0,0	70847	853	355	35161	621	0	39824,37581,37402,23342,23342,23342,23342	2	26	26991,8072,0,0,0,0,0	191	19701
169845	605	1404	872	448	432	89	42	10	4159	286	554	440	278	7	120	8859	1419	2473	88,0,0,0,0,0	71641	600	376	35522	637	0	40503,38267,38075,23735,23735,23735,23735	2	20	27019,8417,0,0,0,0,0	190	20186
169630	650	1397	869	444	440	97	43	9	4322	286	559	453	307	4	142	8832	1437	2503	88,0,0,0,0,0	47751	675	467	35964	662	0	41244,39019,38811,24200,24200,24200,24200	2	25	27058,8838,0,0,0,0,0	189	20744
169441	668	1397	904	435	444	105	39	9	4452	292	560	465	276	5	136	8837	1459	2533	89,0,0,0,0,0	47423	655	458	36405	680	0	41973,39764,39538,24650,24650,24650,24650	2	25	27091,9256,0,0,0,0,0	195	21275
169252	675	1411	904	444	448	115	39	8	4594	296	560	458	250	5	129	8625	1466	2570	90,0,0,0,0,0	47236	642	452	36841	698	0	42694,40500,40256,25092,25092,25092,25092	2	27	27119,9676,0,0,0,0,0	194	21795
169082	674	1413	934	440	438	118	38	10	4736	298	565	445	250	5	139	8582	1430	2625	90,0,0,0,0,0	47350	659	435	37259	718	0	43398,41220,40957,25519,25519,25519,25519	3	25	27148,10081,0,0,0,0,0	205	22327
168915	691	1425	922	432	406	122	40	9	4917	301	566	458	289	7	134	8667	1398	2640	91,0,0,0,0,0	47573	642	456	37695	740	0	44135,41976,41692,25963,25963,25963,25963	3	24	27170,10513,0,0,0,0,0	206	22835
168835	643	1400	900	443	421	125	37	9	5058	306	569	431	302	3	113	8315	1324	2645	91,0,0,0,0,0	71506	586	362	38042	756	0	44769,42629,42324,26313,26313,26313,26313	2	12	27195,10849,0,0,0,0,0	221	23307
168819	597	1330	886	446	448	133	42	9	5156	310	570	441	278	3	124	7870	1284	2598	91,0,0,0,0,0	71018	858	338	38365	777	0	45342,43230,42902,26627,26627,26627,26627	2	10	27216,11162,0,0,0,0,0	208	24000
168708	641	1332	861	426	432	138	49	9	5264	313	573	444	306	5	156	7814	1272	2607	92,0,0,0,0,0	46910	925	463	38809	798	0	46069,43985,43632,27059,27059,27059,27059	2	18	27238,11597,0,0,0,0,0	225	24759
168585	651	1357	838	428	422	146	54	9	5365	314	577	454	224	8	171	7976	1313	2583	93,0,0,0,0,0	47157	900	436	39220	825	0	46782,44719,44342,27455,27455,27455,27455	2	27	27255,12011,0,0,0,0,0	234	25491
168476	656	1344	883	413	416	144	52	10	5450	321	581	467	313	3	130	8141	1301	2607	93,0,0,0,0,0	47108	887	435	39638	848	0	47516,45474,45072,27851,27851,27851,27851	2	28	27273,12427,0,0,0,0,0	241	26215
168342	663	1392	852	418	404	146	54	9	5559	323	584	446	233	6	134	7805	1293	2636	94,0,0,0,0,0	47261	915	435	40048	874	0	48255,46231,45808,28259,28259,28259,28259	2	18	27285,12845,0,0,0,0,0	250	26977
168220	660	1394	880	411	405	144	53	11	5654	327	587	428	333	10	117	7989	1268	2679	94,0,0,0,0,0	47122	862	432	40452	905	0	48980,46978,46530,28654,28654,28654,28654	2	27	27299,13257,0,0,0,0,0	239	27645
168179	642	1385	848	419	403	147	57	11	5734	330	591	397	300	7	115	8004	1236	2665	94,0,0,0,0,0	70888	893	383	40810	930	0	49655,47679,47203,28988,28988,28988,28988	2	12	27313,13621,0,0,0,0,0	252	28375
168179	593	1369	855	415	401	138	54	10	5806	335	591	413	238	8	127	7640	1248	2577	94,0,0,0,0,0	70875	1112	345	41128	960	0	50403,48453,47951,29336,29336,29336,29336	2	15	27325,13945,0,0,0,0,0	248	29272
168167	596	1353	842	416	415	143	60	9	5814	339	592	412	301	7	137	7873	1271	2554	95,0,0,0,0,0	46518	1077	391	41502	981	0	51206,49283,48751,29719,29719,29719,29719	2	26	27339,14319,0,0,0,0,0	234	30130
168083	614	1339	860	423	437	137	60	9	5845	343	596	405	292	3	148	8128	1309	2561	95,0,0,0,0,0	47035	1066	437	41918	1004	0	52058,50164,49603,30159,30159,30159,30159	2	27	27350,14745,0,0,0,0,0	253	30974
168044	624	1330	853	440	440	140	58	10	5861	346	600	383	294	3	142	8552	1336	2549	95,0,0,0,0,0	47334	1062	430	42321	1034	0	52890,51027,50434,30568,30568,30568,30568	2	29	27364,15156,0,0,0,0,0	237	31807
168017	622	1317	852	442	442	140	61	10	5891	349	603	369	297	11	143	8348	1318	2558	96,0,0,0,0,0	47595	1081	403	42704	1056	0	53717,51884,51260,30972,30972,30972,30972	2	15	27374,15544,0,0,0,0,0	236	32654
168007	605	1338	880	425	405	128	62	9	5928	356	603	408	304	6	153	7968	1322	2521	96,0,0,0,0,0	47022	1067	384	43064	1082	0	54497,52693,52041,31341,31341,31341,31341	2	18	27381,15917,0,0,0,0,0	225	33488
168079	583	1235	886	422	417	128	66	9	5960	357	604	440	252	9	100	7697	1243	2494	96,0,0,0,0,0	70467	1067	291	43334	1103	0	55197,53421,52740,31632,31632,31632,31632	2	11	27386,16199,0,0,0,0,0	232	34300
168175	503	1218	873	428	405	124	64	10	5975	362	609	430	263	8	113	7872	1206	2409	96,0,0,0,0,0	71284	1389	290	43613	1117	0	56003,54259,53545,31956,31956,31956,31956	2	9	27390,16483,0,0,0,0,0	228	35365
168216	503	1152	892	419	401	118	68	10	5988	363	616	435	309	9	139	8009	1222	2331	96,0,0,0,0,0	46963	1375	336	43935	1134	0	56820,55106,54362,32315,32315,32315,32315	2	24	27398,16808,0,0,0,0,0	228	36416
168260	505	1169	826	416	370	109	67	13	6030	364	617	425	254	3	137	8279	1217	2245	96,0,0,0,0,0	47329	1379	335	44251	1158	0	57623,55940,55165,32659,32659,32659,32659	2	19	27405,17135,0,0,0,0,0	218	37456
168295	480	1162	803	398	385	102	72	15	6044	368	622	425	217	6	107	7987	1168	2234	97,0,0,0,0,0	47518	1330	348	44581	1177	0	58438,56788,55981,33016,33016,33016,33016	2	23	27414,17463,0,0,0,0,0	213	38487
168306	504	1137	791	388	401	102	67	19	6037	370	624	416	256	6	99	7744	1110	2280	97,0,0,0,0,0	39173	1379	375	44939	1195	0	59280,57663,56824,33400,33400,33400,33400	2	22	27419,17830,0,0,0,0,0	218	39505
168345	532	1125	760	382	375	96	66	18	6046	374	627	433	305	3	130	7166	1081	2255	97,0,0,0,0,0	38753	1378	348	45273	1211	0	60108,58521,57651,33756,33756,33756,33756	2	20	27424,18170,0,0,0,0,0	202	40542
168432	518	1095	751	340	375	93	55	19	6052	387	629	440	276	8	94	6981	1028	2199	97,0,0,0,0,0	40930	1375	280	45534	1232	0	60848,59294,58392,34044,34044,34044,34044	2	8	27431,18439,0,0,0,0,0	187	41599
168553	467	1051	764	348	343	98	53	18	6026	394	631	432	279	2	97	6773	988	2136	97,0,0,0,0,0	40593	1097	258	45778	1248	0	61570,60049,59114,34303,34303,34303,34303	2	13	27436,18689,0,0,0,0,0	183	42386
168629	463	1042	760	335	323	97	49	19	5999	397	633	427	242	5	118	6906	950	2119	97,0,0,0,0,0	38082	1131	310	46072	1269	0	62357,60870,59903,34615,34615,34615,34615	2	19	27439,18997,0,0,0,0,0	181	43208
168703	484	1002	747	322	315	93	49	20	5975	400	636	459	264	4	100	6595	923	2089	97,0,0,0,0,0	37678	1094	291	46342	1291	0	63122,61666,60668,34910,34910,34910,34910	2	21	27442,19278,0,0,0,0,0	176	43995
168788	452	980	732	314	332	87	48	19	5949	403	642	431	271	3	116	6337	928	2017	98,0,0,0,0,0	37816	1121	277	46607	1306	0	63876,62453,61423,35196,35196,35196,35196	1	15	27447,19550,0,0,0,0,0	172	44785
168907	457	964	697	289	321	83	51	16	5913	405	643	442	256	5	99	6085	906	1956	98,0,0,0,0,0	37649	1110	289	46879	1325	0	64630,63242,62177,35467,35467,35467,35467	1	13	27449,19833,0,0,0,0,0	170	45504
168975	452	945	698	270	325	81	48	16	5881	409	646	443	260	1	93	5863	843	1976	98,0,0,0,0,0	37277	1122	287	47155	1340	0	65391,64035,62939,35767,35767,35767,35767	1	15	27453,20116,0,0,0,0,0	167	46302
169174	408	906	671	270	317	80	43	15	5801	414	647	453	231	10	87	5616	816	1879	98,0,0,0,0,0	39668	1133	201	47344	1352	0	66047,64725,63594,35952,35952,35952,35952	1	9	27454,20313,0,0,0,0,0	160	47072
169373	348	873	639	243	301	87	46	14	5758	415	649	449	217	2	79	5972	780	1757	98,0,0,0,0,0	39586	954	181	47511	1367	0	66668,65379,64217,36117,36117,36117,36117	1	15	27454,20491,0,0,0,0,0	172	47728
169533	348	859	633	244	315	79	46	15	5606	416	652	433	264	2	98	5452	794	1730	98,0,0,0,0,0	30660	896	245	47739	1386	0	67367,66116,64920,36336,36336,36336,36336	1	17	27456,20733,0,0,0,0,0	163	48323
169683	359	811	624	262	303	84	43	17	5486	419	655	431	263	3	79	5422	791	1695	98,0,0,0,0,0	30195	938	248	47977	1399	0	68060,66845,65614,36551,36551,36551,36551	1	14	27456,20978,0,0,0,0,0	154	48938
169840	383	765	610	252	284	87	41	16	5388	423	657	425	220	4	103	5614	792	1630	99,0,0,0,0,0	30057	901	228	48188	1417	0	68723,67542,66279,36749,36749,36749,36749	1	10	27457,21202,0,0,0,0,0	159	49518
170022	366	747	590	238	277	80	40	16	5286	426	658	411	223	5	70	5252	722	1616	99,0,0,0,0,0	30392	923	204	48378	1431	0	69356,68210,66915,36916,36916,36916,36916	1	12	27458,21399,0,0,0,0,0	155	50137
170130	351	756	585	247	249	79	37	17	5206	430	659	408	232	1	81	5313	687	1617	99,0,0,0,0,0	24926	890	226	48590	1445	0	70021,68906,67583,37139,37139,37139,37139	1	10	27461,21617,0,0,0,0,0	135	50721
170307	329	752	577	237	225	78	33	15	5099	435	659	425	256	5	59	5023	634	1597	99,0,0,0,0,0	31022	899	214	48795	1455	0	70664,69584,68229,37323,37323,37323,37323	1	13	27461,21829,0,0,0,0,0	133	51304
170496	286	731	591	221	232	69	30	15	4977	437	661	444	249	1	61	4666	597	1563	99,0,0,0,0,0	30896	1272	182	48966	1467	0	71308,70261,68876,37492,37492,37492,37492	1	11	27461,22009,0,0,0,0,0	125	52243
170665	284	695	549	230	229	61	28	16	4888	439	662	474	325	8	79	5063	595	1481	99,0,0,0,0,0	24468	1203	177	49133	1479	0	71912,70898,69484,37649,37649,37649,37649	1	16	27462,22182,0,0,0,0,0	117	53108
170792	292	683	539	223	224	60	29	15	4783	439	667	444	238	2	79	4927	619	1431	99,0,0,0,0,0	24760	1199	205	49325	1492	0	72551,71568,70127,37839,37839,37839,37839	1	7	27463,22383,0,0,0,0,0	109	53989
170940	296	663	516	203	217	55	31	13	4704	441	667	449	280	3	76	5046	605	1376	99,0,0,0,0,0	24647	1230	185	49494	1509	0	73145,72194,70726,38000,38000,38000,38000	1	10	27464,22563,0,0,0,0,0	107	54867
171098	267	643	505	197	189	51	34	12	4639	443	668	462	256	2	54	5088	568	1318	99,0,0,0,0,0	24611	1211	151	49635	1521	0	73737,72818,71324,38154,38154,38154,38154	1	8	27465,22711,0,0,0,0,0	100	55771
171224	245	606	525	173	202	51	34	12	4559	445	670	464	259	4	64	5007	546	1290	99,0,0,0,0,0	24686	1278	168	49797	1530	0	74328,73438,71920,38320,38320,38320,38320	1	7	27465,22879,0,0,0,0,0	101	56692
171411	246	569	504	163	183	51	32	11	4457	449	670	488	243	4	51	4499	511	1237	99,0,0,0,0,0	28992	1252	146	49935	1539	0	74890,74030,72487,38458,38458,38458,38458	1	8	27466,23023,0,0,0,0,0	101	57601
171590	234	532	491	160	176	48	31	12	4348	452	672	506	333	2	45	4375	476	1196	99,0,0,0,0,0	28917	587	133	50063	1544	0	75647,74821,73253,38696,38696,38696,38696	1	7	27466,23155,0,0,0,0,0	102	58017
171754	228	482	465	157	170	47	29	13	4271	454	676	507	237	3	47	4267	436	1142	99,0,0,0,0,0	23039	624	134	50188	1553	0	76379,75583,73994,38921,38921,38921,38921	1	11	27466,23284,0,0,0,0,0	96	58463
171939	210	454	437	159	171	46	28	11	4153	456	682	492	252	2	60	4209	433	1072	99,0,0,0,0,0	22965	587	130	50310	1562	0	77116,76351,74737,39139,39139,39139,39139	1	4	27466,23412,0,0,0,0,0	90	58868
172099	192	436	416	166	153	49	26	10	4052	459	688	501	271	2	51	4030	421	1017	99,0,0,0,0,0	22698	598	116	50417	1572	0	77846,77110,75475,39356,39356,39356,39356	1	7	27466,23527,0,0,0,0,0	88	59282
172302	175	421	382	152	147	47	19	10	3935	466	690	473	307	2	56	3766	398	945	99,0,0,0,0,0	22523	580	107	50522	1575	0	78565,77861,76201,39560,39560,39560,39560	1	7	27466,23634,0,0,0,0,0	79	59683
172463	181	395	356	131	148	45	18	9	3840	468	692	511	256	3	42	3624	373	901	99,0,0,0,0,0	22402	584	111	50629	1579	0	79320,78645,76965,39794,39794,39794,39794	1	8	27466,23742,0,0,0,0,0	70	60109
172663	156	366	337	124	138	42	17	11	3730	468	694	495	225	2	44	3677	380	800	99,0,0,0,0,0	28077	579	60	50686	1583	0	80017,79368,77669,39984,39984,39984,39984	0	3	27466,23801,0,0,0,0,0	65	60517
172851	136	350	314	113	135	39	16	11	3616	469	696	494	227	0	26	3492	351	752	99,0,0,0,0,0	27883	794	77	50760	1586	0	80443,79819,78103,40035,40035,40035,40035	0	5	27466,23876,0,0,0,0,0	62	61093
173016	121	313	314	92	125	31	16	9	3539	471	699	486	72	0	27	3221	300	712	99,0,0,0,0,0	17219	831	71	50830	1587	0	80889,80290,78556,40098,40098,40098,40098	0	6	27466,23947,0,0,0,0,0	54	61690
173185	123	278	308	79	114	32	14	10	3429	473	701	508	354	3	40	3210	285	663	99,0,0,0,0,0	16824	809	68	50893	1592	0	81299,80724,78973,40139,40139,40139,40139	0	5	27466,24015,0,0,0,0,0	48	62283
173335	113	280	279	68	97	30	13	12	3342	473	704	508	249	1	28	2926	261	619	99,0,0,0,0,0	16768	834	68	50958	1596	0	81724,81167,79404,40199,40199,40199,40199	0	4	27466,24084,0,0,0,0,0	47	62891
173490	111	253	273	73	88	29	14	10	3225	473	707	520	255	1	20	2948	234	607	99,0,0,0,0,0	16679	808	69	51021	1602	0	82119,81583,79808,40253,40253,40253,40253	0	0	27467,24151,0,0,0,0,0	46	63466
173642	117	215	264	77	84	28	15	10	3107	474	713	500	305	1	28	2753	215	585	99,0,0,0,0,0	16550	814	65	51081	1609	0	82545,82029,80240,40308,40308,40308,40308	0	2	27467,24214,0,0,0,0,0	49	64069
173817	98	206	250	63	82	27	16	9	2991	474	713	487	241	0	24	2489	200	542	99,0,0,0,0,0	27085	858	49	51128	1611	0	82936,82441,80639,40352,40352,40352,40352	0	1	27467,24261,0,0,0,0,0	52	64694
173972	80	206	218	53	81	24	13	9	2900	475	715	515	264	0	20	2092	170	505	99,0,0,0,0,0	26587	1022	54	51182	1611	0	83352,82875,81061,40400,40400,40400,40400	0	3	27467,24315,0,0,0,0,0	46	65440
174155	71	197	197	54	73	23	13	8	2764	475	716	495	262	0	17	1781	149	479	99,0,0,0,0,0	15638	960	50	51229	1614	0	83746,83289,81460,40416,40416,40416,40416	0	3	27467,24363,0,0,0,0,0	47	66144
174296	80	200	169	62	74	17	10	9	2633	477	719	480	83	1	18	1556	150	462	99,0,0,0,0,0	15326	1055	67	51291	1619	0	84161,83722,81882,40468,40468,40468,40468	0	4	27468,24427,0,0,0,0,0	37	66939
174440	84	201	157	55	66	17	11	8	2510	477	720	503	316	1	31	1861	161	430	99,0,0,0,0,0	15322	1055	54	51343	1622	0	84562,84141,82289,40510,40510,40510,40510	0	7	27468,24480,0,0,0,0,0	36	67702
174555	85	190	162	61	58	19	11	8	2396	477	724	491	101	1	8	2065	141	445	99,0,0,0,0,0	15528	1030	62	51401	1627	0	84975,84569,82708,40567,40567,40567,40567	0	3	27468,24541,0,0,0,0,0	36	68428
174658	96	195	156	55	54	19	11	6	2292	478	726	495	84	0	17	1951	130	456	99,0,0,0,0,0	15775	1056	72	51467	1633	0	85389,84998,83129,40631,40631,40631,40631	0	5	27468,24613,0,0,0,0,0	36	69212
174765	103	168	167	46	54	20	10	7	2199	478	729	506	302	0	16	1826	131	437	99,0,0,0,0,0	21242	1105	51	51511	1640	0	85802,85427,83549,40697,40697,40697,40697	0	4	27468,24663,0,0,0,0,0	39	70022
174900	81	175	157	37	49	20	9	7	2100	478	733	523	294	2	13	1857	127	401	99,0,0,0,0,0	21189	358	29	51539	1641	0	86364,86004,84119,40821,40821,40821,40821	0	2	27468,24692,0,0,0,0,0	33	70263
175024	69	174	156	47	47	18	7	6	1981	480	737	534	90	1	11	1815	134	384	99,0,0,0,0,0	12581	351	42	51578	1644	0	86892,86550,84656,40930,40930,40930,40930	0	1	27468,24733,0,0,0,0,0	27	70513
175127	79	151	153	52	54	16	5	6	1882	482	739	529	91	0	14	1790	139	371	99,0,0,0,0,0	12383	351	48	51622	1648	0	87466,87136,85236,41061,41061,41061,41061	0	2	27468,24781,0,0,0,0,0	25	70740
175216	87	138	151	45	56	13	5	6	1804	482	743	515	274	0	14	1759	116	379	99,0,0,0,0,0	12605	326	52	51670	1653	0	88040,87725,85819,41208,41208,41208,41208	0	4	27468,24832,0,0,0,0,0	23	70972
175309	70	161	135	39	49	13	5	5	1730	482	748	511	296	1	15	1770	109	363	99,0,0,0,0,0	12521	365	43	51708	1658	0	88592,88290,86378,41333,41333,41333,41333	0	2	27468,24875,0,0,0,0,0	23	71220
175412	71	152	135	35	49	13	5	3	1638	482	751	498	95	0	15	1599	108	352	99,0,0,0,0,0	12693	352	39	51745	1661	0	89177,88889,86971,41473,41473,41473,41473	0	0	27468,24915,0,0,0,0,0	22	71465
175522	62	150	139	33	40	17	5	3	1539	482	754	505	72	1	10	1144	101	345	99,0,0,0,0,0	20631	328	37	51781	1662	0	89755,89481,87557,41615,41615,41615,41615	0	2	27468,24952,0,0,0,0,0	24	71697
175606	55	132	139	30	37	16	4	4	1484	482	757	499	80	1	4	1034	89	324	99,0,0,0,0,0	20337	318	25	51806	1662	0	89925,89660,87730,41527,41527,41527,41527	0	2	27468,24977,0,0,0,0,0	26	71931
175672	54	126	142	29	38	14	5	4	1417	482	763	510	85	1	9	900	86	322	100,0,0,0,0,0	11808	336	39	51840	1668	0	90116,89861,87925,41458,41458,41458,41458	0	1	27468,25014,0,0,0,0,0	21	72168
175715	55	127	134	31	33	11	7	4	1382	482	765	551	89	0	13	759	88	310	100,0,0,0,0,0	11600	304	41	51875	1674	0	90279,90032,88091,41383,41383,41383,41383	0	2	27468,25052,0,0,0,0,0	19	72370
175778	55	137	140	30	28	11	7	5	1302	483	770	551	86	0	13	727	84	324	100,0,0,0,0,0	11548	328	45	51915	1679	0	90452,90216,88269,41311,41311,41311,41311	0	1	27468,25097,0,0,0,0,0	20	72591
175863	56	132	138	34	27	9	6	6	1217	483	775	566	81	1	8	711	85	317	100,0,0,0,0,0	11533	311	39	51952	1681	0	90623,90397,88443,41224,41224,41224,41224	0	1	27468,25135,0,0,0,0,0	20	72805
175922	55	126	141	35	28	9	4	7	1152	484	783	592	103	1	7	665	83	315	100,0,0,0,0,0	11538	321	37	51986	1684	0	90795,90580,88619,41143,41143,41143,41143	0	1	27468,25172,0,0,0,0,0	17	73041
175998	47	121	133	28	27	7	5	6	1105	484	785	579	253	0	8	654	74	294	100,0,0,0,0,0	19900	324	24	52008	1686	0	90949,90742,88777,41057,41057,41057,41057	0	1	27468,25196,0,0,0,0,0	15	73288
176035	47	117	127	27	28	6	5	6	1078	484	786	601	251	0	12	609	67	290	100,0,0,0,0,0	19977	151	34	52038	1690	0	91172,90971,89005,41023,41023,41023,41023	0	4	27468,25228,0,0,0,0,0	14	73366
176099	41	109	122	24	26	7	4	7	1033	484	790	592	76	0	10	705	68	265	100,0,0,0,0,0	11699	154	24	52060	1693	0	91398,91207,89238,40982,40982,40982,40982	0	1	27468,25252,0,0,0,0,0	13	73465
176158	42	97	106	24	31	7	4	7	990	484	796	601	238	1	9	742	65	246	100,0,0,0,0,0	11437	169	30	52087	1696	0	91612,91430,89457,40933,40933,40933,40933	0	1	27468,25282,0,0,0,0,0	10	73577
176209	49	87	99	22	29	7	4	6	950	484	800	599	5206	6	9	719	66	231	100,0,0,0,0,0	11499	171	26	52111	1698	0	91843,91668,89694,40896,40896,40896,40896	0	1	27468,25307,0,0,0,0,0	11	73696
176260	42	87	89	23	35	7	3	6	907	484	803	611	2815	2	11	902	78	208	100,0,0,0,0,0	11690	179	24	52130	1703	0	92054,91886,89910,40853,40853,40853,40853	0	1	27468,25329,0,0,0,0,0	10	73826
176319	25	85	87	23	32	7	3	4	872	484	805	560	1497	1	10	911	72	190	100,0,0,0,0,0	11825	154	9	52139	1703	0	92269,92108,90131,40800,40800,40800,40800	0	0	27468,25338,0,0,0,0,0	11	73936
176375	26	72	80	23	29	7	3	4	834	484	809	576	775	0	6	866	73	167	100,0,0,0,0,0	20444	187	18	52156	1704	0	92507,92352,90374,40769,40769,40769,40769	0	1	27468,25355,0,0,0,0,0	12	74072
176424	24	65	73	28	21	5	3	4	802	484	813	568	456	0	5	914	62	157	100,0,0,0,0,0	20025	152	14	52170	1704	0	92727,92577,90600,40731,40731,40731,40731	0	0	27468,25369,0,0,0,0,0	10	74171
176464	30	63	62	25	24	5	2	3	764	485	819	578	2989	2	6	848	65	146	100,0,0,0,0,0	22330	162	20	52188	1706	0	92937,92793,90816,40690,40690,40690,40690	0	0	27468,25388,0,0,0,0,0	7	74285
176513	32	56	55	21	20	4	1	3	733	486	822	603	2703	0	7	807	62	127	100,0,0,0,0,0	22190	153	16	52204	1706	0	93182,93045,91068,40658,40658,40658,40658	0	2	27468,25404,0,0,0,0,0	6	74388
176568	30	54	54	22	20	2	2	3	679	486	826	625	2088	0	4	661	58	126	100,0,0,0,0,0	22255	184	12	52213	1709	0	93416,93287,91310,40626,40626,40626,40626	0	0	27468,25415,0,0,0,0,0	3	74517
176614	27	51	54	20	15	1	3	3	641	486	831	610	1374	0	4	611	57	114	100,0,0,0,0,0	22138	176	14	52224	1712	0	93645,93523,91547,40600,40600,40600,40600	0	1	27468,25427,0,0,0,0,0	3	74643
176638	21	48	57	15	11	2	3	3	628	486	834	609	907	0	2	596	46	111	100,0,0,0,0,0	22140	175	7	52230	1713	0	93878,93760,91787,40572,40572,40572,40572	0	0	27468,25433,0,0,0,0,0	4	74751
176663	17	47	52	15	10	3	3	1	612	486	837	598	1944	1	3	410	41	106	100,0,0,0,0,0	20007	163	11	52240	1714	0	94141,94027,92057,40569,40569,40569,40569	0	0	27468,25443,0,0,0,0,0	5	74851
176699	18	47	49	12	9	2	3	1	581	486	839	608	2289	2	5	405	36	104	100,0,0,0,0,0	19927	179	16	52256	1714	0	94166,94057,92085,40416,40416,40416,40416	0	0	27468,25459,0,0,0,0,0	5	74967
176728	18	45	43	14	8	4	3	1	555	486	841	598	2141	0	3	392	33	102	100,0,0,0,0,0	21992	162	15	52269	1716	0	94197,94092,92118,40264,40264,40264,40264	0	1	27468,25472,0,0,0,0,0	5	75076
176752	17	42	41	12	8	3	2	1	537	487	844	573	1774	0	1	303	24	101	100,0,0,0,0,0	21839	167	9	52277	1717	0	94214,94113,92139,40108,40108,40108,40108	0	1	27468,25480,0,0,0,0,0	5	75187
176783	12	41	41	14	6	3	2	0	511	487	846	585	1347	0	0	261	18	101	100,0,0,0,0,0	21870	191	6	52282	1718	0	94238,94140,92165,39946,39946,39946,39946	0	1	27468,25486,0,0,0,0,0	6	75319
176813	12	38	36	12	6	4	2	0	488	487	848	593	1821	0	3	258	18	92	100,0,0,0,0,0	21643	177	4	52287	1718	0	94266,94171,92196,39793,39793,39793,39793	0	0	27468,25491,0,0,0,0,0	5	75436
176833	7	35	35	11	8	4	2	0	468	487	856	592	1928	2	2	244	17	85	100,0,0,0,0,0	21623	192	3	52290	1718	0	94290,94198,92222,39638,39638,39638,39638	0	0	27468,25494,0,0,0,0,0	6	75563
176869	7	28	33	7	11	3	2	0	440	487	859	579	2061	1	1	239	18	73	100,0,0,0,0,0	19749	171	4	52293	1719	0	94302,94213,92236,39470,39470,39470,39470	0	0	27468,25498,0,0,0,0,0	5	75671
176894	6	22	27	7	12	3	2	0	425	487	861	578	1884	1	3	234	16	63	100,0,0,0,0,0	19658	85	6	52299	1719	0	94322,94236,92258,39312,39312,39312,39312	0	1	27468,25504,0,0,0,0,0	6	75720
176929	2	20	28	6	12	2	2	0	395	487	863	607	1714	0	5	257	18	54	100,0,0,0,0,0	21700	98	4	52303	1719	0	94337,94254,92275,39147,39147,39147,39147	0	0	27468,25508,0,0,0,0,0	4	75788
176944	4	15	29	6	8	2	2	0	383	487	866	608	1688	0	2	322	14	52	100,0,0,0,0,0	21951	115	8	52311	1719	0	94346,94266,92286,38984,38984,38984,38984	0	0	27468,25516,0,0,0,0,0	4	75868
176969	5	16	28	5	6	2	2	0	356	487	870	609	1797	0	0	199	11	53	100,0,0,0,0,0	21645	132	4	52314	1720	0	94366,94288,92309,38825,38825,38825,38825	0	0	27468,25520,0,0,0,0,0	4	75948
176986	5	18	20	5	5	3	2	0	343	487	872	583	1998	0	2	194	10	48	100,0,0,0,0,0	21911	107	4	52318	1720	0	94380,94304,92324,38665,38665,38665,38665	0	0	27468,25524,0,0,0,0,0	5	76021
177014	2	24	14	3	3	3	3	0	320	487	873	587	1892	0	4	245	12	40	100,0,0,0,0,0	21846	95	3	52321	1720	0	94399,94326,92345,38496,38496,38496,38496	0	1	27468,25527,0,0,0,0,0	6	76080
177037	3	19	14	3	4	4	3	0	296	487	876	618	1797	0	1	294	11	39	100,0,0,0,0,0	19866	115	6	52326	1721	0	94418,94348,92366,38336,38336,38336,38336	0	0	27468,25532,0,0,0,0,0	7	76151
177048	5	14	15	2	4	4	2	1	281	487	883	624	1719	0	1	312	9	37	100,0,0,0,0,0	19892	84	3	52329	1721	0	94356,94287,92306,38140,38140,38140,38140	0	0	27468,25535,0,0,0,0,0	7	76200
177062	4	15	11	4	3	4	1	1	261	488	892	601	1820	1	1	305	9	33	100,0,0,0,0,0	21900	86	3	52332	1721	0	94302,94235,92253,37943,37943,37943,37943	0	0	27468,25538,0,0,0,0,0	5	76252
177068	2	13	10	4	5	4	1	0	257	488	894	580	1847	0	3	304	13	26	100,0,0,0,0,0	21962	99	1	52333	1721	0	94256,94190,92208,37749,37749,37749,37749	0	0	27468,25539,0,0,0,0,0	5	76325
177074	2	16	4	2	6	4	1	0	253	488	896	595	1862	0	1	287	12	23	100,0,0,0,0,0	21828	89	4	52337	1721	0	94214,94149,92167,37557,37557,37557,37557	0	1	27468,25543,0,0,0,0,0	6	76384
177089	4	9	10	2	4	3	1	0	233	488	903	616	1817	1	1	105	12	21	100,0,0,0,0,0	21870	92	2	52339	1721	0	94173,94109,92127,37363,37363,37363,37363	0	1	27468,25545,0,0,0,0,0	5	76447
177106	5	7	10	2	4	3	1	0	214	488	906	630	1805	0	1	102	11	21	100,0,0,0,0,0	21695	111	2	52341	1721	0	94111,94049,92066,37154,37154,37154,37154	0	1	27468,25547,0,0,0,0,0	5	76509
177118	3	9	8	2	2	3	1	0	203	488	909	615	1772	0	0	103	9	19	100,0,0,0,0,0	19604	81	1	52342	1721	0	94070,94008,92025,36962,36962,36962,36962	0	0	27468,25548,0,0,0,0,0	6	76558
177129	3	5	10	3	3	4	1	0	185	488	915	596	1809	1	1	103	9	20	100,0,0,0,0,0	19631	74	2	52344	1721	0	94008,93948,91965,36768,36768,36768,36768	0	0	27468,25550,0,0,0,0,0	6	76598
177138	2	5	7	3	3	3	1	0	178	488	918	601	1836	1	1	50	9	15	100,0,0,0,0,0	21648	87	1	52345	1721	0	93951,93891,91909,36570,36570,36570,36570	0	1	27468,25551,0,0,0,0,0	6	76652
177144	2	5	6	2	2	3	1	0	170	488	923	583	1849	0	1	32	9	12	100,0,0,0,0,0	21585	72	1	52346	1721	0	93898,93838,91856,36375,36375,36375,36375	0	0	27468,25552,0,0,0,0,0	5	76700
177158	4	4	5	1	3	2	1	0	156	488	924	606	1741	0	0	74	8	12	100,0,0,0,0,0	21603	93	2	52347	1722	0	93847,93789,91806,36178,36178,36178,36178	0	0	27468,25554,0,0,0,0,0	4	76751
177175	3	2	7	2	2	2	1	0	139	488	925	600	1796	1	0	70	6	13	100,0,0,0,0,0	21754	81	0	52347	1722	0	93795,93738,91756,35980,35980,35980,35980	0	0	27468,25554,0,0,0,0,0	4	76808
177184	3	2	7	1	2	1	1	0	129	488	928	610	1812	0	1	65	5	12	100,0,0,0,0,0	21591	98	1	52348	1722	0	93738,93681,91700,35783,35783,35783,35783	0	0	27468,25555,0,0,0,0,0	3	76868
177193	4	3	7	1	2	1	1	0	114	488	932	632	1825	0	0	64	5	14	100,0,0,0,0,0	19677	74	2	52350	1722	0	93674,93618,91637,35588,35588,35588,35588	0	0	27468,25557,0,0,0,0,0	2	76914
177203	5	3	4	1	2	1	1	0	103	488	935	643	1836	0	0	63	4	13	100,0,0,0,0,0	19454	91	1	52350	1723	0	93616,93560,91580,35401,35401,35401,35401	0	0	27468,25557,0,0,0,0,0	2	76966
177205	2	4	4	0	1	0	0	0	102	489	939	607	1761	0	0	57	3	8	100,0,0,0,0,0	21459	84	0	52350	1723	0	93557,93501,91522,35214,35214,35214,35214	0	0	27468,25557,0,0,0,0,0	0	77017
177212	1	5	3	0	1	0	0	0	93	489	942	605	1843	0	0	57	2	8	100,0,0,0,0,0	21657	91	1	52351	1723	0	93495,93439,91461,35023,35023,35023,35023	0	0	27468,25558,0,0,0,0,0	0	77068
177213	0	6	4	0	1	0	0	0	86	489	947	556	1879	0	0	56	2	9	100,0,0,0,0,0	21663	72	1	52351	1724	0	93442,93387,91410,34842,34842,34842,34842	0	0	27468,25558,0,0,0,0,0	0	77115
177217	0	5	4	0	1	0	0	0	79	489	951	586	1747	0	0	51	2	8	100,0,0,0,0,0	21897	71	1	52352	1724	0	93388,93334,91357,34660,34660,34660,34660	0	0	27468,25559,0,0,0,0,0	0	77159
177222	0	7	3	0	1	0	0	0	71	489	953	589	1777	0	0	5	2	9	100,0,0,0,0,0	21808	81	2	52354	1724	0	93335,93281,91306,34476,34476,34476,34476	0	0	27468,25561,0,0,0,0,0	0	77209
177223	0	4	3	1	2	0	0	0	67	489	957	576	1795	0	0	6	2	8	100,0,0,0,0,0	19526	73	0	52354	1724	0	93274,93220,91246,34295,34295,34295,34295	0	0	27468,25561,0,0,0,0,0	0	77253
177224	0	5	3	1	1	0	0	0	65	489	958	584	1823	0	1	9	2	8	100,0,0,0,0,0	19337	77	1	52355	1724	0	93192,93138,91165,34109,34109,34109,34109	0	0	27468,25562,0,0,0,0,0	0	77302
177227	0	3	0	3	2	0	0	0	59	489	963	596	1855	0	0	9	1	7	100,0,0,0,0,0	21537	92	1	52356	1724	0	93113,93060,91087,33919,33919,33919,33919	0	0	27468,25563,0,0,0,0,0	0	77354
177228	1	1	2	3	1	0	0	0	56	489	965	597	1823	0	1	14	1	7	100,0,0,0,0,0	21691	76	1	52357	1724	0	93038,92985,91012,33733,33733,33733,33733	0	0	27468,25564,0,0,0,0,0	0	77401
177227	1	1	2	3	0	1	0	0	51	489	971	550	1757	0	1	12	2	6	100,0,0,0,0,0	21632	64	0	52357	1724	0	92964,92911,90939,33552,33552,33552,33552	0	0	27468,25564,0,0,0,0,0	0	77440
177225	0	1	2	2	1	1	0	0	50	489	975	552	1770	0	0	12	2	5	100,0,0,0,0,0	21553	72	0	52357	1724	0	92885,92832,90861,33367,33367,33367,33367	0	0	27468,25564,0,0,0,0,0	1	77482
177223	0	1	2	1	0	1	0	0	49	489	980	547	1842	0	1	17	4	1	100,0,0,0,0,0	21767	81	0	52357	1724	0	92800,92747,90777,33178,33178,33178,33178	0	0	27468,25564,0,0,0,0,0	1	77529
177223	0	1	2	1	0	1	0	0	45	489	984	557	1854	0	0	18	4	1	100,0,0,0,0,0	19345	70	0	52357	1724	0	92721,92668,90699,32997,32997,32997,32997	0	0	27468,25564,0,0,0,0,0	1	77575
177226	0	1	2	0	0	1	0	0	41	489	986	592	1809	0	0	18	3	1	100,0,0,0,0,0	19381	77	0	52357	1724	0	92637,92583,90615,32822,32822,32822,32822	0	0	27468,25564,0,0,0,0,0	1	77625
177226	0	1	2	0	0	1	0	0	38	489	989	590	1764	0	0	20	3	1	100,0,0,0,0,0	21625	63	0	52357	1724	0	92554,92501,90534,32646,32646,32646,32646	0	0	27468,25564,0,0,0,0,0	1	77669
177226	0	1	1	0	0	1	0	0	36	489	992	591	1798	0	0	20	2	1	100,0,0,0,0,0	21607	187	0	52357	1724	122	92473,92419,90453,32469,32469,32469,32469	0	0	27468,25564,0,0,0,0,0	1	77707
177226	0	1	1	0	0	0	0	0	33	489	996	577	1766	0	0	12	1	1	100,0,0,0,0,0	21556	195	0	52357	1724	266	92415,92361,90395,32354,32354,32354,32354	0	0	27468,25564,0,0,0,0,0	0	77742
177196	20	14	0	0	0	0	0	0	27	489	1000	585	1865	0	0	11	1	33	2,97,0,0,0,0	21610	200	0	52386	1728	402	92387,92334,90369,32278,32278,32278,32278	0	0	27468,25564,33,0,0,0,0	0	77766
177166	34	24	3	1	1	0	0	0	25	489	1003	593	1832	0	0	6	1	62	1,98,0,0,0,0	21625	185	1	52413	1730	533	92351,92298,90335,32195,32195,32195,32195	0	1	27468,25564,62,0,0,0,0	1	77787
177123	49	47	6	1	2	0	0	0	20	489	1009	592	1831	0	0	5	1	104	0,99,0,0,0,0	19546	212	4	52451	1734	677	92329,92277,90314,32133,32133,32133,32133	0	0	27468,25564,104,0,0,0,0	0	77808
177086	56	63	12	4	2	0	0	0	21	489	1013	603	1797	0	0	5	1	136	0,99,0,0,0,0	19364	227	5	52486	1736	814	92304,92252,90290,32080,32080,32080,32080	0	0	27468,25564,141,0,0,0,0	1	77835
177045	55	84	15	7	7	0	0	0	24	489	1020	592	1852	3	1	1	1	167	0,99,0,0,0,0	21614	178	10	52520	1738	935	92279,92227,90267,32018,32018,32018,32018	0	0	27468,25564,177,0,0,0,0	0	77862
176999	68	92	23	11	14	0	1	0	26	489	1023	598	1787	0	5	52	9	200	0,99,0,0,0,0	21676	294	16	52559	1745	1155	92243,92190,90231,31943,31943,31943,31943	0	0	27468,25564,223,0,0,0,0	2	77882
176974	65	92	25	16	15	0	1	0	41	489	1028	627	1903	2	9	244	15	199	0,100,0,0,0,0	21936	273	21	52580	1745	1345	92220,92167,90210,31907,31907,31907,31907	0	1	27468,25564,244,0,0,0,0	1	77924
176953	48	96	32	23	20	0	1	1	49	489	1034	623	2048	1	11	276	29	191	0,100,0,0,0,0	21881	292	18	52596	1747	1556	92192,92139,90183,31855,31855,31855,31855	0	1	27468,25564,262,0,0,0,0	0	77967
176929	39	111	33	27	24	2	1	1	55	489	1035	635	1962	2	11	469	45	192	0,100,0,0,0,0	22039	260	27	52619	1751	1747	92173,92120,90165,31820,31820,31820,31820	0	1	27468,25564,289,0,0,0,0	3	77998
176909	39	91	46	27	25	3	1	1	74	489	1041	631	1831	1	6	545	44	188	0,100,0,0,0,0	19830	261	17	52635	1752	1936	92140,92087,90133,31764,31764,31764,31764	0	1	27468,25564,306,0,0,0,0	4	78027
176883	38	94	47	23	27	3	4	1	90	489	1047	651	1854	0	12	771	55	181	0,100,0,0,0,0	20089	248	26	52657	1756	2119	92118,92065,90114,31731,31731,31731,31731	0	2	27468,25564,332,0,0,0,0	4	78052
176867	35	90	56	18	24	5	5	1	107	489	1049	634	1788	1	12	790	58	175	0,100,0,0,0,0	22399	276	22	52676	1759	2320	92089,92036,90086,31688,31688,31688,31688	0	0	27468,25564,354,0,0,0,0	7	78086
176855	25	88	57	24	22	5	4	1	123	490	1052	630	1993	1	8	856	61	164	0,100,0,0,0,0	22326	246	12	52687	1760	2493	92051,91997,90050,31639,31639,31639,31639	0	0	27468,25564,366,0,0,0,0	8	78118
176839	27	81	60	23	22	6	3	1	138	491	1055	622	2064	1	6	901	62	160	0,100,0,0,0,0	22507	201	21	52706	1762	2643	92014,91960,90015,31580,31580,31580,31580	0	1	27468,25564,387,0,0,0,0	9	78140
176826	26	65	72	27	26	6	3	1	145	491	1058	620	1824	0	8	906	71	154	0,100,0,0,0,0	22263	224	17	52719	1766	2806	91973,91919,89975,31509,31509,31509,31509	0	0	27468,25564,404,0,0,0,0	10	78172
176814	28	54	70	26	29	6	3	1	162	491	1062	610	1815	0	8	760	73	143	0,100,0,0,0,0	22308	228	18	52736	1767	2972	91936,91882,89940,31449,31449,31449,31449	0	0	27468,25564,422,0,0,0,0	9	78209
176810	27	51	58	28	27	7	3	1	179	491	1064	588	1934	2	8	854	68	133	0,100,0,0,0,0	20290	239	12	52745	1770	3146	91890,91836,89896,31383,31383,31383,31383	0	2	27468,25564,433,0,0,0,0	9	78243
176792	25	50	59	24	19	8	3	1	203	491	1071	608	1820	1	6	831	63	125	0,100,0,0,0,0	20338	257	14	52758	1771	3320	91855,91801,89862,31345,31345,31345,31345	0	2	27468,25564,447,0,0,0,0	10	78290
176792	23	43	59	23	23	6	3	1	209	491	1073	609	1913	0	5	768	58	122	0,100,0,0,0,0	22382	224	10	52765	1774	3460	91817,91762,89826,31300,31300,31300,31300	0	1	27468,25564,457,0,0,0,0	10	78332
176791	15	48	44	22	15	4	3	1	237	491	1075	639	1731	0	9	594	53	98	0,100,0,0,0,0	22169	371	7	52771	1775	3732	91761,91706,89772,31228,31228,31228,31228	0	0	27468,25564,464,0,0,0,0	8	78389
176788	12	48	41	20	15	5	2	1	240	492	1082	654	1856	1	4	631	46	97	0,100,0,0,0,0	21994	351	8	52778	1776	3995	91736,91680,89748,31224,31224,31224,31224	0	3	27468,25564,472,0,0,0,0	7	78438
176778	14	42	37	22	14	4	2	1	252	492	1088	636	1913	2	3	645	44	91	0,100,0,0,0,0	22090	350	10	52785	1779	4259	91708,91651,89722,31217,31217,31217,31217	0	0	27468,25564,482,0,0,0,0	6	78480
176777	18	41	31	17	10	4	2	1	259	493	1093	668	1790	2	1	732	35	88	0,100,0,0,0,0	22491	371	13	52794	1783	4541	91691,91634,89708,31218,31218,31218,31218	0	0	27468,25564,495,0,0,0,0	5	78521
176778	20	44	24	16	10	4	2	0	259	493	1096	664	1968	1	6	717	37	83	0,100,0,0,0,0	20248	344	14	52806	1785	4805	91676,91619,89695,31224,31224,31224,31224	0	1	27468,25564,509,0,0,0,0	6	78559
176783	21	36	23	17	9	5	1	0	260	494	1097	655	1773	3	6	791	33	79	0,100,0,0,0,0	20141	469	9	52815	1785	5068	91664,91605,89685,31239,31239,31239,31239	0	1	27468,25564,518,0,0,0,0	5	78675
176779	18	37	28	11	10	4	1	0	262	494	1102	687	1771	0	2	742	31	78	0,100,0,0,0,0	22347	520	11	52824	1787	5376	91645,91587,89668,31250,31250,31250,31250	0	0	27468,25564,529,0,0,0,0	5	78799
176776	19	38	32	11	7	6	1	0	255	494	1107	716	1852	0	5	582	31	83	0,100,0,0,0,0	10894	463	12	52834	1789	5671	91639,91579,89664,31286,31286,31286,31286	0	0	27468,25564,541,0,0,0,0	6	78888
176786	19	34	26	11	8	5	1	0	251	494	1111	711	1774	1	3	552	26	78	0,100,0,0,0,0	10910	474	7	52840	1790	5940	91619,91560,89648,31298,31298,31298,31298	0	0	27468,25564,548,0,0,0,0	6	79013
176793	12	38	27	10	10	5	1	0	243	494	1113	728	1951	1	1	547	25	78	0,100,0,0,0,0	10828	476	8	52848	1790	6235	91599,91539,89630,31308,31308,31308,31308	0	0	27468,25564,556,0,0,0,0	8	79111
176791	11	42	32	10	8	3	1	0	241	494	1113	726	1823	0	1	482	16	91	0,100,0,0,0,0	10951	473	15	52861	1792	6504	91586,91525,89618,31332,31332,31332,31332	0	1	27468,25564,571,0,0,0,0	5	79218
176795	16	39	32	10	10	2	1	0	233	494	1114	679	1751	1	3	399	26	84	0,100,0,0,0,0	20011	477	13	52872	1794	6783	91570,91509,89605,31345,31345,31345,31345	0	0	27468,25564,584,0,0,0,0	4	79318
176794	21	38	24	9	11	3	0	0	232	495	1119	675	1961	1	5	262	26	80	0,100,0,0,0,0	19689	372	11	52881	1796	7074	91593,91531,89631,31406,31406,31406,31406	0	0	27468,25564,595,0,0,0,0	4	79355
176795	23	35	32	10	9	3	0	0	222	495	1122	683	1912	0	4	505	32	80	0,100,0,0,0,0	10548	382	15	52895	1797	7359	91614,91551,89654,31460,31460,31460,31460	0	1	27468,25564,610,0,0,0,0	5	79399
176794	23	29	34	15	9	3	1	0	217	495	1126	685	2035	1	2	442	33	81	0,100,0,0,0,0	10699	389	11	52904	1799	7664	91615,91552,89657,31500,31500,31500,31500	0	1	27468,25564,621,0,0,0,0	5	79443
176787	27	31	37	13	7	3	2	0	215	495	1129	703	1842	1	3	378	31	89	0,100,0,0,0,0	10667	354	13	52918	1799	7931	91643,91580,89688,31564,31564,31564,31564	0	0	27468,25564,635,0,0,0,0	6	79488
176776	24	41	40	13	9	2	2	0	211	495	1133	723	1866	1	3	371	32	99	0,100,0,0,0,0	10636	353	18	52935	1800	8211	91656,91592,89703,31604,31604,31604,31604	0	0	27468,25564,653,0,0,0,0	7	79521
176773	23	40	32	14	7	3	2	0	219	495	1138	698	1826	1	3	366	27	94	0,100,0,0,0,0	10572	368	12	52946	1801	8483	91663,91599,89713,31645,31645,31645,31645	0	0	27468,25564,665,0,0,0,0	7	79567
176763	25	44	32	14	11	2	3	0	216	495	1141	705	1881	1	3	364	28	103	0,100,0,0,0,0	19821	349	22	52966	1803	8743	91682,91617,89733,31698,31698,31698,31698	0	1	27468,25564,687,0,0,0,0	8	79615
176765	24	47	33	10	10	1	4	0	214	495	1143	720	1928	0	5	443	33	96	0,100,0,0,0,0	20036	344	13	52977	1805	9031	91668,91602,89722,31734,31734,31734,31734	0	2	27468,25564,700,0,0,0,0	6	79643
176757	27	48	31	10	12	1	4	0	211	495	1150	702	1830	0	6	539	41	92	0,100,0,0,0,0	10627	332	13	52988	1807	9316	91671,91604,89727,31795,31795,31795,31795	0	0	27468,25564,713,0,0,0,0	7	79662
176753	23	44	35	13	15	0	4	0	211	495	1153	713	1817	2	1	533	35	99	0,100,0,0,0,0	10605	343	12	52997	1810	9608	91662,91595,89720,31839,31839,31839,31839	0	0	27468,25564,725,0,0,0,0	7	79683
176739	27	44	41	14	14	0	4	0	209	495	1159	708	1872	1	4	296	34	110	0,100,0,0,0,0	10743	302	21	53017	1811	9860	91658,91591,89719,31890,31890,31890,31890	0	0	27468,25564,746,0,0,0,0	9	79704
176726	33	50	35	11	11	0	4	0	219	495	1162	708	1777	1	3	320	29	115	0,100,0,0,0,0	10496	324	22	53038	1812	10135	91644,91576,89707,31920,31920,31920,31920	0	2	27468,25564,768,0,0,0,0	11	79724
176718	30	55	33	13	10	0	4	0	221	495	1167	747	1917	1	4	350	25	120	0,100,0,0,0,0	10565	329	17	53053	1814	10423	91638,91570,89703,31954,31954,31954,31954	0	2	27468,25564,785,0,0,0,0	9	79751
176712	30	58	34	12	11	1	4	0	219	495	1170	738	1997	3	4	358	25	125	0,100,0,0,0,0	19754	303	18	53070	1815	10683	91639,91570,89706,32004,32004,32004,32004	0	2	27468,25564,803,0,0,0,0	8	79771
176704	33	65	33	15	9	1	4	0	210	495	1177	776	1808	2	5	360	30	130	0,100,0,0,0,0	20028	325	21	53089	1817	10953	91634,91565,89704,32063,32063,32063,32063	0	0	27468,25564,824,0,0,0,0	9	79804
176685	42	60	37	16	11	1	3	0	215	496	1180	786	1832	0	6	396	33	137	0,100,0,0,0,0	10729	311	30	53118	1818	11222	91634,91565,89707,32131,32131,32131,32131	0	1	27468,25564,854,0,0,0,0	11	79824
176677	46	55	48	16	12	2	3	0	207	496	1184	758	1890	2	3	473	35	147	0,100,0,0,0,0	10742	307	20	53138	1818	11484	91625,91555,89700,32176,32176,32176,32176	0	2	27468,25564,874,0,0,0,0	11	79852
176672	39	67	46	14	9	2	4	0	212	496	1185	757	1833	1	7	453	41	140	0,100,0,0,0,0	10776	293	20	53155	1821	11725	91615,91545,89693,32220,32220,32220,32220	0	1	27468,25564,894,0,0,0,0	10	79891
176661	34	85	53	14	7	2	4	0	201	496	1189	752	1886	3	0	472	36	163	0,100,0,0,0,0	10763	292	29	53182	1823	11977	91605,91533,89685,32262,32262,32262,32262	0	2	27468,25564,923,0,0,0,0	8	79914
176634	47	88	56	17	10	4	3	0	198	497	1192	719	1950	2	5	495	42	183	0,100,0,0,0,0	10758	293	39	53218	1826	12230	91609,91537,89692,32328,32328,32328,32328	0	1	27468,25564,961,0,0,0,0	8	79932
176618	48	87	54	17	12	4	2	0	208	498	1198	731	1812	2	3	490	40	184	0,100,0,0,0,0	20027	317	25	53240	1829	12496	91602,91528,89687,32374,32374,32374,32374	0	2	27468,25564,985,0,0,0,0	8	79968
176601	47	94	50	14	16	3	2	0	219	498	1202	735	1907	1	7	469	42	184	0,100,0,0,0,0	19917	310	27	53262	1834	12762	91640,91565,89729,32474,32474,32474,32474	0	1	27468,25564,1012,0,0,0,0	7	79985
176573	49	103	53	15	17	3	1	0	226	499	1207	741	1838	0	1	430	38	203	0,100,0,0,0,0	10645	303	35	53294	1838	13020	91685,91609,89777,32579,32579,32579,32579	0	1	27468,25564,1048,0,0,0,0	7	80010
176548	51	113	56	19	24	4	1	0	218	499	1213	729	1915	1	6	465	40	228	0,100,0,0,0,0	10673	265	42	53332	1843	13248	91713,91635,89809,32664,32664,32664,32664	0	3	27468,25564,1091,0,0,0,0	9	80020
176515	63	120	58	21	24	5	1	0	222	499	1218	725	1957	2	14	553	51	241	0,100,0,0,0,0	10690	273	47	53372	1850	13471	91751,91671,89850,32751,32751,32751,32751	0	2	27468,25564,1137,0,0,0,0	9	80044
176462	73	135	61	25	21	4	0	0	240	500	1225	717	1858	1	10	496	57	262	0,100,0,0,0,0	10776	278	58	53427	1853	13703	91794,91713,89896,32849,32849,32849,32849	0	0	27468,25564,1194,0,0,0,0	10	80058
176415	77	144	72	35	26	3	0	0	239	500	1235	723	1804	4	12	645	81	276	0,100,0,0,0,0	10788	277	56	53475	1861	13931	91834,91750,89939,32948,32948,32948,32948	0	2	27468,25564,1250,0,0,0,0	9	80066
176371	68	164	82	35	29	5	0	0	253	500	1239	758	1812	2	8	622	82	301	0,100,0,0,0,0	19873	265	52	53524	1864	14155	91870,91785,89979,33045,33045,33045,33045	0	5	27468,25564,1301,0,0,0,0	10	80069
176318	76	174	93	38	30	5	0	0	263	500	1249	699	2082	1	9	673	80	336	0,100,0,0,0,0	20033	250	65	53584	1872	14383	91885,91799,89996,33140,33140,33140,33140	0	4	27468,25564,1369,0,0,0,0	13	80051
176246	99	188	98	45	42	4	0	0	273	500	1251	743	1899	6	15	818	93	383	0,100,0,0,0,0	10956	279	88	53665	1879	14619	91925,91838,90039,33258,33258,33258,33258	0	5	27468,25564,1457,0,0,0,0	15	80040
176188	114	202	97	43	37	5	0	0	308	500	1252	728	1859	5	12	993	87	411	0,100,0,0,0,0	11279	282	76	53734	1887	14859	91952,91865,90069,33353,33353,33353,33353	0	4	27468,25564,1533,0,0,0,0	13	80041
176108	128	233	107	41	33	8	1	0	329	500	1258	728	1828	6	13	1283	95	456	0,100,0,0,0,0	11361	264	97	53822	1898	15090	92001,91914,90122,33480,33480,33480,33480	0	5	27468,25564,1631,0,0,0,0	19	80033
176024	151	233	136	44	38	9	1	0	347	501	1262	727	1867	4	15	1531	117	495	0,100,0,0,0,0	11760	266	97	53909	1910	15325	92040,91953,90164,33595,33595,33595,33595	0	5	27468,25564,1729,0,0,0,0	22	80014
175914	184	234	167	43	51	8	2	0	374	501	1268	717	1895	2	13	1594	124	565	0,100,0,0,0,0	11875	257	128	54023	1926	15543	92108,92020,90236,33741,33741,33741,33741	0	7	27468,25564,1859,0,0,0,0	25	80004
175821	197	267	167	44	48	10	2	0	418	501	1271	688	1876	8	10	1558	115	620	0,100,0,0,0,0	20825	276	115	54130	1934	15786	92159,92070,90290,33870,33870,33870,33870	0	4	27468,25564,1972,0,0,0,0	25	79965
175736	183	311	189	49	46	10	3	0	444	501	1274	725	1774	5	17	1571	137	654	0,100,0,0,0,0	20935	289	103	54222	1948	16038	92199,92109,90333,34004,34004,34004,34004	0	4	27468,25564,2075,0,0,0,0	21	79956
175622	191	359	188	56	56	11	2	0	481	502	1278	699	2066	5	26	1542	165	698	0,100,0,0,0,0	11813	273	135	54340	1967	16279	92262,92171,90399,34164,34164,34164,34164	0	6	27468,25564,2210,0,0,0,0	27	79929
175487	204	411	212	57	56	13	2	0	521	502	1281	699	2055	6	27	1888	195	760	0,100,0,0,0,0	12096	278	161	54491	1977	16518	92348,92257,90489,34350,34350,34350,34350	0	6	27468,25564,2371,0,0,0,0	30	79894
175332	217	441	248	72	68	12	2	0	568	502	1284	728	1773	7	20	2043	213	847	0,100,0,0,0,0	12208	299	174	54648	1995	16779	92445,92353,90588,34547,34547,34547,34547	0	9	27468,25564,2546,0,0,0,0	28	79859
175174	245	474	262	86	78	12	4	0	623	502	1286	747	1930	12	28	2176	227	934	0,100,0,0,0,0	12388	309	188	54815	2016	17046	92548,92456,90696,34758,34758,34758,34758	0	11	27468,25564,2734,0,0,0,0	33	79826
174958	296	533	275	99	76	13	5	0	699	502	1290	725	2014	8	27	2107	248	1049	0,100,0,0,0,0	12626	312	242	55027	2047	17319	92698,92606,90851,35023,35023,35023,35023	0	12	27468,25564,2976,0,0,0,0	31	79772
174812	302	571	301	111	79	15	8	0	752	503	1292	721	1932	17	29	2110	261	1126	0,100,0,0,0,0	21425	335	191	55201	2065	17612	92804,92713,90962,35239,35239,35239,35239	0	10	27468,25564,3167,0,0,0,0	39	79721
174680	299	577	350	121	101	15	9	0	794	503	1297	724	1889	7	34	2189	302	1170	0,100,0,0,0,0	21462	306	180	55365	2081	17881	92926,92834,91089,35468,35468,35468,35468	1	14	27468,25564,3347,0,0,0,0	49	79676
174454	328	673	373	114	105	15	12	0	868	503	1301	696	2010	16	44	2682	361	1259	0,100,0,0,0,0	12758	329	263	55597	2115	18171	93094,93004,91264,35752,35752,35752,35752	1	11	27468,25564,3613,0,0,0,0	48	79620
174209	378	710	414	122	119	15	15	0	957	503	1304	688	2056	19	42	3267	390	1383	0,100,0,0,0,0	13220	304	298	55867	2145	18431	93292,93202,91468,36072,36072,36072,36072	1	12	27468,25564,3913,0,0,0,0	50	79538
173987	409	747	436	132	132	19	14	0	1052	505	1313	683	2020	21	43	3580	415	1474	0,100,0,0,0,0	13874	313	264	56110	2170	18706	93462,93372,91644,36355,36355,36355,36355	1	13	27468,25564,4179,0,0,0,0	52	79462
173735	452	767	476	152	158	19	12	0	1151	507	1317	671	2046	15	48	3645	431	1605	0,100,0,0,0,0	14020	359	306	56390	2200	19020	93675,93585,91864,36680,36680,36680,36680	1	16	27468,25564,4488,0,0,0,0	53	79387
173505	481	803	508	159	180	22	13	1	1249	507	1318	654	1977	15	54	3969	467	1699	0,100,0,0,0,0	14110	281	306	56665	2231	19260	93876,93787,92073,37009,37009,37009,37009	1	7	27468,25564,4793,0,0,0,0	55	79304
173291	444	864	532	175	181	24	16	1	1388	507	1323	667	2038	15	57	3978	477	1759	0,100,0,0,0,0	23159	328	282	56927	2253	19542	94041,93952,92244,37287,37287,37287,37287	1	20	27468,25564,5073,0,0,0,0	54	79199
173061	417	979	525	177	191	25	15	2	1521	508	1325	672	1980	20	53	4490	524	1805	0,100,0,0,0,0	23640	317	307	57200	2289	19816	94232,94144,92444,37608,37608,37608,37608	1	18	27468,25564,5382,0,0,0,0	60	79099
172828	443	961	575	211	193	26	16	2	1650	510	1331	658	1924	18	76	4792	561	1864	0,100,0,0,0,0	25008	335	320	57476	2336	20108	94414,94327,92638,37921,37921,37921,37921	1	20	27468,25564,5703,0,0,0,0	57	78980
172542	498	1000	590	214	211	26	18	3	1798	512	1334	666	2072	16	68	4974	604	1953	0,100,0,0,0,0	25083	279	367	57801	2380	20349	94638,94551,92870,38286,38286,38286,38286	1	11	27468,25564,6070,0,0,0,0	55	78839
172316	510	1022	593	246	228	32	18	3	1927	514	1337	700	1980	23	76	5352	630	2019	0,100,0,0,0,0	25507	297	337	58096	2422	20605	94821,94735,93065,38585,38585,38585,38585	1	17	27468,25564,6405,0,0,0,0	64	78715
172102	512	1049	627	265	237	39	22	2	2036	514	1341	643	1997	22	75	5223	664	2087	0,100,0,0,0,0	25844	327	336	58393	2464	20902	95014,94928,93269,38887,38887,38887,38887	1	25	27468,25564,6739,0,0,0,0	73	78586
171878	532	1031	663	286	248	43	24	1	2182	515	1343	672	2009	17	101	5482	725	2102	0,100,0,0,0,0	25608	284	349	58692	2516	21168	95211,95125,93478,39213,39213,39213,39213	2	20	27468,25564,7087,0,0,0,0	89	78437
171631	555	1057	664	280	267	46	25	2	2352	517	1350	642	1956	28	69	5640	705	2189	0,100,0,0,0,0	24825	296	359	59024	2546	21418	95441,95356,93720,39558,39558,39558,39558	2	16	27468,25564,7449,0,0,0,0	104	78310
171400	560	1113	661	282	267	47	24	3	2517	519	1353	644	1943	26	95	5621	708	2246	0,100,0,0,0,0	24695	320	362	59349	2587	21687	95636,95551,93927,39880,39880,39880,39880	2	25	27468,25564,7814,0,0,0,0	107	78155
171181	572	1099	702	291	264	44	24	3	2690	521	1355	630	1967	27	89	5877	730	2266	0,100,0,0,0,0	26175	314	355	59668	2625	21958	95838,95753,94141,40197,40197,40197,40197	2	16	27468,25564,8161,0,0,0,0	107	78005
170902	604	1156	715	308	271	38	29	3	2840	522	1358	632	1954	16	79	5821	719	2402	0,100,0,0,0,0	16044	498	433	60039	2690	22417	96082,95998,94401,40567,40567,40567,40567	2	21	27468,25564,8594,0,0,0,0	95	77840
170620	640	1213	744	318	281	40	34	4	2968	524	1360	581	2015	28	103	5711	737	2533	0,100,0,0,0,0	15822	532	453	60429	2755	22895	96405,96322,94741,41051,41051,41051,41051	2	25	27468,25564,9047,0,0,0,0	94	77692
170287	703	1300	762	311	295	51	34	5	3111	525	1362	569	1938	19	107	5929	781	2675	0,100,0,0,0,0	16219	480	497	60854	2827	23333	96766,96683,95119,41582,41582,41582,41582	2	20	27468,25564,9539,0,0,0,0	106	77537
169985	705	1425	766	309	307	51	36	6	3264	527	1365	586	1962	27	111	5876	815	2784	0,100,0,0,0,0	16200	525	494	61294	2886	23806	97120,97038,95489,42092,42092,42092,42092	2	30	27468,25564,10032,0,0,0,0	113	77364
169724	716	1415	812	340	320	58	37	6	3416	532	1370	605	2015	33	81	5834	811	2887	0,100,0,0,0,0	25014	515	431	61667	2945	24267	97440,97360,95827,42573,42573,42573,42573	2	22	27468,25564,10463,0,0,0,0	117	77216
169480	711	1455	836	364	339	67	33	7	3543	537	1374	583	2047	38	113	6187	871	2934	0,100,0,0,0,0	25143	552	463	62066	3009	24737	97769,97690,96174,43051,43051,43051,43051	3	37	27468,25564,10922,0,0,0,0	126	77065
169172	750	1491	894	364	354	76	38	5	3687	538	1377	595	1948	25	117	6292	910	3057	0,100,0,0,0,0	16471	538	538	62539	3077	25215	98152,98072,96578,43592,43592,43592,43592	3	24	27468,25564,11455,0,0,0,0	137	76873
168833	806	1531	923	387	376	75	40	4	3851	541	1379	586	2039	39	139	6726	984	3154	0,100,0,0,0,0	16548	652	545	63009	3160	25789	98543,98464,96988,44148,44148,44148,44148	3	29	27468,25564,11998,0,0,0,0	146	76700
168491	854	1563	942	412	404	75	38	3	4037	544	1383	549	1882	29	131	6941	1031	3257	0,100,0,0,0,0	17387	700	557	63491	3239	26422	98979,98901,97444,44768,44768,44768,44768	3	39	27468,25564,12557,0,0,0,0	152	76504
168121	913	1630	959	434	424	78	41	3	4213	546	1384	575	1971	35	148	7404	1122	3357	0,100,0,0,0,0	17265	653	597	64016	3318	27022	99463,99386,97950,45443,45443,45443,45443	3	51	27468,25564,13157,0,0,0,0	159	76295
167748	937	1693	1017	451	430	76	38	5	4413	552	1386	547	2040	48	134	8255	1204	3438	0,100,0,0,0,0	18280	657	602	64544	3399	27617	99922,99846,98430,46091,46091,46091,46091	4	45	27468,25564,13762,0,0,0,0	155	76073
167437	888	1782	1039	473	421	78	38	7	4637	557	1389	533	1937	46	117	8384	1199	3520	0,100,0,0,0,0	26842	669	554	65028	3474	28219	100366,100291,98896,46705,46705,46705,46705	4	25	27468,25564,14315,0,0,0,0	152	75877
167134	930	1835	1089	485	419	85	41	6	4771	560	1391	543	1968	42	131	8500	1213	3671	0,100,0,0,0,0	27117	734	610	65563	3552	28864	100829,100755,99386,47337,47337,47337,47337	4	27	27468,25564,14922,0,0,0,0	163	75650
166753	991	1910	1134	520	420	85	41	8	4924	565	1395	523	1975	40	150	9134	1274	3827	0,100,0,0,0,0	19403	725	680	66170	3627	29524	101383,101311,99967,48068,48068,48068,48068	4	33	27468,25564,15600,0,0,0,0	154	75408
166327	1035	1971	1169	521	473	88	39	10	5146	567	1400	491	1980	35	170	9334	1332	3964	0,100,0,0,0,0	19575	927	706	66795	3713	30376	101955,101884,100565,48839,48839,48839,48839	4	38	27468,25564,16306,0,0,0,0	160	75147
165901	1083	2012	1250	546	492	98	41	9	5337	572	1405	478	1964	39	156	9835	1395	4127	0,100,0,0,0,0	19712	907	716	67402	3824	31226	102577,102509,101214,49696,49696,49696,49696	4	40	27468,25564,17015,0,0,0,0	149	74901
165464	1125	2132	1312	526	486	103	44	9	5563	576	1406	519	1972	46	177	10340	1459	4269	0,100,0,0,0,0	20544	850	760	68061	3931	31997	103217,103149,101884,50555,50555,50555,50555	4	50	27468,25564,17776,0,0,0,0	157	74634
165063	1110	2259	1357	546	492	110	42	9	5766	582	1410	500	1961	46	152	10394	1503	4413	0,100,0,0,0,0	20698	896	763	68725	4036	32825	103844,103776,102542,51374,51374,51374,51374	4	37	27468,25564,18538,0,0,0,0	165	74367
164714	1117	2256	1416	565	531	111	44	8	5981	586	1417	496	1917	46	151	10654	1505	4535	0,100,0,0,0,0	28900	846	697	69333	4131	33603	104419,104355,103149,52158,52158,52158,52158	5	43	27468,25564,19230,0,0,0,0	175	74071
164330	1139	2279	1443	593	554	115	47	9	6229	587	1421	485	2019	56	166	10164	1522	4648	0,100,0,0,0,0	29210	999	726	69960	4235	34414	105022,104958,103783,52952,52952,52952,52952	5	44	27468,25564,19954,0,0,0,0	175	73857
163861	1189	2349	1505	611	548	121	50	8	6485	593	1426	477	1977	50	196	10773	1612	4761	0,100,0,0,0,0	21128	1028	816	70661	4355	35265	105674,105612,104467,53817,53817,53817,53817	5	37	27468,25564,20763,0,0,0,0	177	73607
163410	1262	2371	1567	649	551	126	49	9	6725	599	1428	471	1952	48	187	11016	1672	4903	0,100,0,0,0,0	21137	1646	829	71378	4474	36743	106347,106287,105174,54704,54704,54704,54704	5	43	27468,25564,21594,0,0,0,0	179	73340
163000	1266	2466	1586	647	580	131	46	9	6977	606	1432	472	1993	58	187	11282	1728	4994	0,100,0,0,0,0	21443	1694	815	72080	4593	38256	107193,107135,106056,55862,55862,55862,55862	5	37	27468,25564,22404,0,0,0,0	190	73062
162544	1277	2535	1672	655	608	127	38	10	7228	616	1436	468	1954	51	196	11616	1764	5148	0,100,0,0,0,0	21932	1690	845	72800	4722	39764	108083,108025,106982,57079,57079,57079,57079	5	44	27468,25564,23250,0,0,0,0	177	72786
162141	1281	2546	1760	686	612	138	46	12	7468	618	1438	464	1977	48	185	11839	1797	5272	0,100,0,0,0,0	22076	1715	810	73483	4853	41280	108944,108888,107881,58233,58233,58233,58233	5	43	27468,25564,24055,0,0,0,0	181	72574
161872	1240	2523	1791	695	634	151	53	13	7706	624	1444	456	1928	44	203	11661	1816	5271	0,100,0,0,0,0	29937	1756	740	74094	4986	42847	109734,109677,108709,59303,59303,59303,59303	5	36	27468,25564,24790,0,0,0,0	203	72346
161574	1165	2628	1770	682	647	149	54	9	7996	626	1446	449	1977	42	213	11852	1823	5272	0,100,0,0,0,0	30329	1671	766	74728	5125	44356	110576,110520,109594,60417,60417,60417,60417	5	44	27468,25564,25551,0,0,0,0	224	72105
161202	1250	2569	1839	722	660	142	59	10	8213	632	1448	447	2023	53	224	12395	1872	5369	0,100,0,0,0,0	22517	1715	862	75447	5273	45917	111466,111410,110526,61575,61575,61575,61575	5	40	27468,25564,26405,0,0,0,0	223	71824
160844	1271	2580	1800	733	702	147	62	7	8509	638	1453	448	1929	42	222	13023	1923	5372	0,100,0,0,0,0	23358	890	846	76148	5426	46659	112351,112297,111454,62713,62713,62713,62713	6	37	27468,25564,27247,0,0,0,0	233	71548
160565	1295	2589	1836	732	678	154	60	6	8731	645	1455	442	1891	57	240	13098	1939	5405	0,100,0,0,0,0	23287	880	832	76840	5574	47388	112990,112935,112138,63437,63437,63437,63437	6	43	27468,25564,28076,0,0,0,0	236	71270
160223	1319	2641	1850	746	683	149	64	9	8956	649	1457	444	2040	55	192	13350	1965	5487	0,100,0,0,0,0	23678	865	882	77586	5713	48090	113647,113593,112838,64188,64188,64188,64188	5	40	27468,25564,28944,0,0,0,0	220	70950
159934	1354	2630	1852	760	679	161	62	8	9192	655	1459	429	1965	54	201	13058	1935	5563	0,100,0,0,0,0	23552	865	853	78304	5852	48796	114277,114223,113513,64889,64889,64889,64889	5	45	27468,25564,29782,0,0,0,0	227	70644
159765	1258	2635	1856	758	717	150	73	8	9403	662	1461	430	1934	46	200	12717	1918	5529	0,99,0,0,0,0	31155	873	726	78928	5986	49517	114850,114797,114133,65520,65520,65520,65520	5	39	27468,25564,30504,27,0,0,0	234	70381
159589	1229	2597	1881	782	724	147	72	10	9585	669	1461	417	1941	60	236	12599	1948	5484	0,99,0,0,0,0	30796	869	749	79572	6122	50243	115420,115367,114748,66145,66145,66145,66145	5	33	27468,25564,31245,57,0,0,0	222	70080
159309	1261	2703	1859	762	700	154	79	11	9772	674	1462	402	1875	36	243	12978	2007	5511	0,98,1,0,0,0	23415	873	873	80315	6299	50974	116077,116025,115455,66876,66876,66876,66876	5	35	27468,25564,32109,96,0,0,0	231	69757
159008	1307	2740	1827	770	720	155	79	14	9981	680	1465	404	1977	52	226	12791	2021	5577	0,98,1,0,0,0	23017	772	854	81029	6480	51580	116711,116659,116136,67588,67588,67588,67588	6	55	27468,25564,32933,149,0,0,0	232	69455
158638	1422	2729	1823	768	739	155	78	15	10226	687	1466	395	1969	45	240	13023	2049	5665	0,97,2,0,0,0	23312	748	917	81796	6669	52169	117357,117309,116828,68308,68308,68308,68308	6	38	27468,25564,33784,229,0,0,0	237	69144
158424	1380	2764	1857	779	735	154	82	15	10396	692	1468	402	1967	46	244	12468	2031	5720	0,96,3,0,0,0	23089	765	811	82467	6840	52780	117905,117858,117425,68892,68892,68892,68892	6	48	27468,25564,34538,299,0,0,0	246	68840
158130	1397	2828	1826	793	775	157	78	16	10577	701	1468	414	1976	54	240	12553	2101	5753	0,95,4,0,0,0	22664	754	937	83223	7025	53386	118526,118478,118096,69565,69565,69565,69565	6	40	27468,25564,35403,356,0,0,0	243	68515
158003	1338	2775	1875	794	797	161	80	13	10729	709	1472	399	1851	45	204	12206	2057	5763	0,94,5,0,0,0	30800	739	767	83834	7186	53970	119010,118964,118626,70077,70077,70077,70077	6	46	27468,25564,36070,437,0,0,0	238	68240
157934	1256	2660	1943	786	797	167	77	14	10922	717	1473	389	1978	45	247	12157	2065	5621	0,94,5,0,0,0	30288	777	716	84407	7339	54591	119454,119410,119121,70517,70516,70516,70516	6	47	27468,25564,36703,515,0,0,0	254	67962
157796	1269	2634	1948	761	764	171	75	15	11114	725	1474	361	1995	55	271	12530	2055	5567	0,93,6,0,0,0	22682	779	829	85044	7537	55234	119959,119914,119676,71058,71058,71058,71058	6	52	27468,25564,37415,620,0,0,0	259	67656
157667	1322	2590	1943	752	753	171	80	15	11247	730	1476	352	1967	51	212	12738	2057	5554	0,92,7,0,0,0	22849	256	837	85691	7734	55490	120486,120445,120257,71600,71600,71600,71600	6	31	27468,25564,38127,725,0,0,0	256	67323
157554	1324	2553	1962	752	749	171	82	15	11371	736	1477	362	1902	46	228	12498	2076	5517	0,92,7,0,0,0	22872	262	812	86348	7892	55752	120879,120838,120701,71945,71943,71943,71943	6	35	27468,25564,38813,837,0,0,0	254	66951
157441	1295	2607	1932	734	743	184	81	18	11491	742	1478	344	1880	54	229	12645	2059	5517	0,91,8,0,0,0	22882	239	830	86983	8092	55991	121271,121229,121145,72301,72299,72299,72299	6	43	27468,25564,39510,957,0,0,0	268	66594
157387	1252	2606	1947	750	762	188	76	19	11528	750	1481	355	1978	51	226	12787	2074	5507	0,90,9,0,0,0	23202	259	801	87613	8267	56250	121657,121617,121586,72618,72614,72614,72614	6	41	27468,25564,40170,1089,0,0,0	268	66268
157351	1229	2567	1973	731	734	187	73	19	11641	758	1483	341	1978	47	220	13033	2042	5452	0,89,10,0,0,0	31370	234	782	88212	8460	56484	122030,121989,122012,72929,72925,72925,72925	6	45	27468,25564,40790,1235,0,0,0	260	65967
157408	1202	2505	1952	705	719	179	68	16	11738	770	1484	337	1943	46	207	13646	1984	5346	0,88,11,0,0,0	31741	249	722	88746	8651	56733	122349,122308,122387,73159,73153,73153,73153	6	39	27468,25564,41346,1388,0,0,0	259	65670
157277	1260	2443	1966	683	673	183	64	17	11914	780	1486	332	1923	50	215	13380	1903	5369	0,86,13,0,0,0	23868	270	835	89342	8898	57003	122753,122715,122843,73539,73532,73532,73532	6	52	27468,25564,41968,1591,0,0,0	250	65346
157168	1341	2476	1943	676	662	185	60	16	11937	787	1495	335	1945	54	213	13804	1915	5428	0,85,14,0,0,0	23893	92	880	89984	9139	57095	123148,123108,123291,73918,73909,73909,73909	6	50	27468,25564,42612,1797,0,0,0	257	64984
157146	1333	2467	1927	669	667	172	60	13	12001	796	1495	353	1769	52	220	13536	1908	5387	0,84,15,0,0,0	32588	93	775	90562	9341	57188	123424,123384,123617,74145,74133,74133,74133	6	46	27468,25564,43149,2017,0,0,0	235	64633
157162	1279	2425	1929	705	642	174	65	12	12050	803	1500	343	1933	51	190	13194	1851	5368	0,82,17,0,0,0	32463	95	743	91124	9527	57283	123704,123665,123948,74355,74341,74341,74341	6	39	27468,25564,43658,2241,0,0,0	232	64299
157275	1207	2429	1878	674	623	161	74	10	12107	807	1501	371	1986	52	186	12971	1761	5285	0,80,19,0,0,0	31268	92	690	91620	9726	57375	123931,123890,124225,74494,74477,74477,74477	6	34	27468,25564,44116,2456,0,0,0	228	63996
157302	1196	2352	1924	664	609	164	83	11	12126	810	1505	356	1962	62	191	13028	1767	5225	0,79,20,0,0,0	31125	108	716	92147	9917	57483	124170,124129,124512,74676,74654,74654,74654	6	41	27468,25564,44555,2709,0,0,0	239	63675
157366	1157	2305	1910	637	595	162	80	16	12193	818	1507	340	1882	46	163	12263	1679	5167	0,77,22,0,0,0	30946	92	694	92651	10115	57575	124408,124368,124801,74837,74812,74812,74812	6	35	27468,25564,44987,2959,0,0,0	248	63383
157428	1156	2236	1941	641	584	164	82	16	12167	822	1509	353	1886	43	216	11538	1683	5121	0,75,24,0,0,0	31107	98	742	93170	10345	57673	124645,124606,125090,75001,74972,74972,74972	6	40	27468,25564,45398,3281,0,0,0	247	63064
157427	1193	2213	1911	619	558	159	84	15	12227	829	1511	340	1876	46	176	11024	1641	5096	0,72,27,0,0,0	30891	94	761	93685	10597	57767	124882,124844,125376,75195,75163,75163,75163	6	44	27468,25564,45796,3629,0,0,0	237	62748
157465	1195	2185	1863	608	542	170	84	15	12274	833	1512	358	1968	47	183	10854	1612	5035	0,70,29,0,0,0	30027	77	740	94209	10821	57844	125122,125082,125664,75380,75343,75343,75343	6	45	27468,25564,46179,3964,0,0,0	251	62439
157462	1251	2220	1817	598	525	159	79	17	12265	840	1513	352	2011	55	183	10424	1561	5088	0,67,32,0,0,0	30121	81	809	94758	11084	57925	125357,125316,125945,75594,75551,75551,75551	6	51	27468,25564,46543,4388,0,0,0	257	62093
157450	1296	2261	1802	583	498	160	82	18	12235	846	1515	360	1954	54	180	9901	1535	5147	0,65,34,0,0,0	29491	68	801	95306	11343	57993	125595,125553,126232,75806,75758,75758,75758	6	46	27468,25564,46924,4806,0,0,0	243	61747
157513	1337	2234	1804	569	481	160	76	21	12179	856	1516	336	1893	51	154	9842	1493	5168	0,62,37,0,0,0	28385	71	773	95817	11613	58064	125784,125742,126471,75973,75918,75918,75918	6	46	27468,25564,47246,5249,0,0,0	241	61420
157545	1303	2311	1825	545	468	148	69	22	12122	868	1520	341	1813	57	147	9952	1467	5202	0,59,40,0,0,0	28226	86	771	96321	11886	58150	125964,125923,126696,76140,76077,76077,76077	6	54	27468,25564,47542,5705,0,0,0	225	61087
157448	1363	2327	1847	545	474	141	69	19	12115	876	1522	363	2016	66	157	9698	1445	5321	0,56,43,0,0,0	20080	68	893	96914	12190	58218	126233,126191,127009,76429,76360,76360,76360	6	58	27468,25564,47872,6251,0,0,0	220	60717
157257	1475	2366	1859	540	431	129	71	16	12197	883	1522	375	1990	64	175	10125	1416	5455	0,53,46,0,0,0	19989	244	942	97534	12521	58462	126523,126482,127343,76774,76698,76698,76698	6	54	27468,25564,48191,6871,0,0,0	210	60311
157028	1585	2456	1959	523	437	121	80	14	12127	890	1526	390	1969	64	141	10551	1446	5715	0,49,50,0,0,0	20512	277	1035	98213	12889	58739	126874,126837,127741,77239,77154,77154,77154	6	53	27468,25564,48493,7593,0,0,0	201	59868
156768	1690	2540	2021	492	444	125	78	13	12146	900	1529	376	1925	53	152	10048	1417	5973	0,46,53,0,0,0	20576	265	1063	98897	13278	59004	127240,127206,128146,77732,77638,77638,77638	6	57	27468,25564,48780,8351,0,0,0	209	59436
156463	1783	2666	2078	491	462	129	76	14	12145	908	1531	346	1832	56	159	10151	1405	6280	0,42,57,0,0,0	19944	293	1110	99567	13722	59297	127604,127570,128550,78253,78148,78148,78148	6	61	27468,25564,49047,9180,0,0,0	212	59000
156157	1829	2763	2141	481	474	115	65	14	12253	920	1534	358	1927	64	151	9905	1381	6487	0,39,60,0,0,0	28210	281	1083	100215	14164	59578	127942,127910,128929,78766,78649,78649,78649	7	59	27468,25564,49271,10033,0,0,0	208	58578
155816	1849	2848	2320	462	474	106	68	11	12333	924	1535	346	2011	70	127	10003	1356	6771	0,36,63,0,0,0	28301	270	1134	100865	14654	59848	128297,128266,129321,79312,79182,79182,79182	7	69	27468,25564,49497,10920,0,0,0	195	58146
155272	1994	2969	2477	464	479	104	65	10	12440	931	1541	334	1998	77	189	9462	1421	7131	0,33,66,0,0,0	19662	272	1324	101633	15221	60120	128728,128701,129792,79983,79841,79841,79841	7	71	27468,25564,49742,11995,0,0,0	192	57653
154604	2256	3083	2585	468	465	96	64	10	12635	938	1542	369	1924	81	143	9167	1418	7599	0,30,69,0,0,0	19261	358	1472	102486	15846	60478	129193,129167,130294,80748,80591,80591,80591	7	70	27468,25564,49979,13218,0,0,0	177	57085
153952	2370	3294	2714	475	461	100	60	10	12817	949	1544	367	1907	88	163	9247	1490	7984	0,28,71,0,0,0	19250	368	1464	103311	16492	60846	129642,129615,130772,81521,81347,81347,81347	8	60	27468,25564,50187,14463,0,0,0	179	56529
153156	2586	3519	2841	465	441	97	56	10	13074	956	1545	385	1924	80	170	9096	1512	8493	0,25,74,0,0,0	19133	321	1645	104259	17196	61167	130170,130146,131333,82434,82242,82242,82242	8	74	27468,25564,50414,15877,0,0,0	180	55896
152224	2830	3759	2997	464	456	96	57	10	13347	960	1546	389	1923	75	141	8600	1533	9126	0,23,76,0,0,0	18962	331	1774	105244	17996	61498	130737,130715,131930,83449,83236,83236,83236	8	82	27468,25564,50627,17435,0,0,0	181	55254
151376	2819	4013	3210	484	464	98	63	8	13696	965	1550	397	2018	93	169	8487	1564	9587	0,21,78,0,0,0	26893	372	1652	106154	18748	61870	131218,131194,132440,84351,84119,84119,84119	8	95	27468,25564,50802,18899,0,0,0	181	54620
150554	2783	4258	3452	472	523	96	60	9	14018	970	1551	395	1952	83	162	8860	1645	9999	0,19,80,0,0,0	27094	334	1723	107078	19574	62204	131700,131677,132952,85296,85040,85040,85040	9	109	27468,25564,50981,20433,15,0,0	186	53978
149277	3224	4341	3758	490	515	97	59	11	14444	976	1554	410	1887	105	198	9380	1750	10734	0,17,81,0,0,0	19304	299	2161	108287	20553	62503	132403,132382,133674,86601,86319,86319,86319	9	100	27468,25564,51173,22387,30,0,0	190	53164
