S	E	I1	I2	I3	I4	I5_h	I6_h	R_h	R	D1	D2	H	T	P1	P2	Q	QT	NQ	MUT	HOM	VAC	NI	INF	REINF	BSTR	IMM	HCI	HCE	INFV	INFH	VNI
178155	114	116	53	49	35	5	1	0	216	2	0	209	0	0	0	0	0	373	0,0,0,0,0,0	178744	0	0	373	0	0	591,591,591,591,591,591,591	0	0	0,0,0,0,0,0,0	0	0
178099	84	178	56	48	35	5	1	0	235	2	3	351	315	0	65	0	0	407	0,0,0,0,0,0	12507	0	61	434	0	0	647,647,647,647,647,647,647	0	6	61,0,0,0,0,0,0	6	0
178037	90	197	60	53	41	6	1	0	255	2	4	409	294	0	14	0	0	448	0,0,0,0,0,0	12601	0	75	509	0	0	709,709,709,709,709,709,709	0	5	136,0,0,0,0,0,0	7	0
177979	84	212	82	51	38	8	1	0	284	2	5	469	275	0	18	0	0	476	0,0,0,0,0,0	12656	0	68	577	0	0	768,768,768,768,768,768,768	0	12	204,0,0,0,0,0,0	9	0
177925	94	209	90	57	41	9	1	0	305	2	13	535	317	1	13	0	0	501	0,0,0,0,0,0	24749	0	64	643	0	0	823,823,823,823,823,823,823	0	4	270,0,0,0,0,0,0	13	0
177870	101	198	106	63	50	8	2	0	329	2	17	564	244	1	20	0	0	528	0,0,0,0,0,0	24640	0	67	710	0	0	882,882,882,882,882,882,882	0	4	337,0,0,0,0,0,0	15	0
177802	105	210	109	62	48	9	1	0	376	4	20	622	284	0	23	0	0	544	0,0,0,0,0,0	12893	0	83	793	0	0	955,955,955,955,955,955,955	0	6	420,0,0,0,0,0,0	11	0
177738	115	223	114	63	47	11	2	0	401	4	28	655	262	2	25	0	0	575	0,0,0,0,0,0	12949	0	76	870	0	0	1025,1025,1025,1025,1025,1025,1025	0	6	497,0,0,0,0,0,0	18	0
177665	108	230	131	73	48	14	2	0	436	4	35	644	227	0	17	0	0	606	0,0,0,0,0,0	12766	0	79	949	0	0	1102,1102,1102,1102,1102,1102,1102	0	7	576,0,0,0,0,0,0	21	0
177610	116	228	132	78	51	15	2	0	473	4	37	699	270	1	23	0	0	622	0,0,0,0,0,0	12872	0	80	1028	1	0	1167,1167,1167,1166,1166,1166,1166	0	5	656,0,0,0,0,0,0	20	0
177526	139	243	135	76	55	15	3	0	507	4	43	704	146	1	28	0	0	666	0,0,0,0,0,0	12990	0	107	1135	1	0	1264,1263,1263,1261,1261,1261,1261	0	8	763,0,0,0,0,0,0	21	0
177467	150	242	143	72	62	14	4	0	541	4	47	698	93	2	18	0	0	687	0,0,0,0,0,0	24944	0	80	1216	1	0	1335,1333,1333,1328,1328,1328,1328	0	8	844,0,0,0,0,0,0	24	0
177404	153	241	158	81	74	12	4	0	565	4	50	714	85	0	22	0	0	723	0,0,0,0,0,0	25056	0	100	1314	3	0	1421,1418,1418,1406,1406,1406,1406	0	8	944,0,0,0,0,0,0	27	0
177323	168	285	146	80	71	16	4	0	593	4	56	726	246	0	30	0	0	770	0,0,0,0,0,0	13019	0	117	1428	6	0	1521,1517,1517,1501,1501,1501,1501	0	7	1060,0,0,0,0,0,0	27	0
177258	168	300	155	77	68	18	5	0	630	4	63	739	105	0	28	0	0	791	0,0,0,0,0,0	13013	0	93	1520	7	0	1604,1599,1599,1578,1578,1578,1578	0	5	1153,0,0,0,0,0,0	29	0
177182	168	300	181	74	76	19	5	0	670	4	67	755	242	0	21	0	0	823	0,0,0,0,0,0	13102	0	97	1618	7	0	1695,1688,1688,1664,1664,1664,1664	0	10	1251,0,0,0,0,0,0	34	0
177099	164	325	198	74	74	20	7	0	709	4	72	748	104	1	42	0	0	862	0,0,0,0,0,0	13076	0	116	1734	9	0	1801,1792,1792,1763,1763,1763,1763	0	8	1369,0,0,0,0,0,0	37	0
177019	184	337	197	84	85	20	9	0	732	4	75	721	270	1	23	0	0	916	0,0,0,0,0,0	12937	0	122	1856	9	0	1915,1903,1903,1862,1862,1862,1862	0	8	1491,0,0,0,0,0,0	39	0
176950	173	337	212	93	88	20	9	0	777	5	82	710	97	0	30	0	0	932	0,0,0,0,0,0	24837	0	107	1963	10	0	2017,2002,2002,1951,1951,1951,1951	0	6	1599,0,0,0,0,0,0	37	0
176859	177	386	217	90	88	21	9	1	807	5	86	686	148	1	32	0	0	988	0,0,0,0,0,0	24856	0	134	2093	15	0	2138,2121,2121,2060,2060,2060,2060	0	14	1733,0,0,0,0,0,0	37	0
176769	198	384	233	105	98	20	10	1	832	5	91	672	259	1	36	0	0	1048	0,0,0,0,0,0	12925	0	138	2230	16	0	2268,2247,2247,2174,2174,2174,2174	0	13	1871,0,0,0,0,0,0	40	0
176677	210	417	218	93	108	24	9	1	890	6	93	672	259	2	42	0	0	1079	0,0,0,0,0,0	12859	0	141	2369	19	0	2394,2370,2370,2284,2284,2284,2284	0	18	2011,0,0,0,0,0,0	41	0
176568	223	441	229	100	111	22	10	1	938	6	97	643	331	1	36	0	0	1136	0,0,0,0,0,0	12938	0	154	2522	20	0	2540,2513,2513,2416,2416,2416,2416	1	22	2164,0,0,0,0,0,0	49	0
176478	234	445	244	101	117	23	8	2	984	8	102	635	240	0	27	0	0	1172	0,0,0,0,0,0	13054	0	150	2669	23	0	2684,2651,2651,2535,2535,2535,2535	1	13	2314,0,0,0,0,0,0	47	0
176397	247	453	270	103	101	24	9	2	1026	8	106	633	263	4	47	0	0	1207	0,0,0,0,0,0	12858	0	151	2819	24	0	2826,2787,2787,2649,2649,2649,2649	1	19	2464,0,0,0,0,0,0	48	0
176300	235	478	278	102	113	28	10	3	1083	8	108	649	86	0	27	0	0	1244	0,0,0,0,0,0	24777	0	155	2974	26	0	2972,2928,2928,2773,2773,2773,2773	1	13	2620,0,0,0,0,0,0	51	0
176223	223	497	281	115	106	26	9	4	1142	8	112	660	297	1	49	0	0	1257	0,0,0,0,0,0	24997	0	134	3109	26	0	3101,3052,3052,2878,2878,2878,2878	1	7	2755,0,0,0,0,0,0	50	0
176098	243	518	302	113	119	25	7	4	1187	11	119	630	253	5	35	0	0	1327	0,0,0,0,0,0	12842	0	189	3297	27	0	3283,3228,3228,3035,3035,3035,3035	1	23	2944,0,0,0,0,0,0	50	0
175959	269	522	327	116	120	24	7	4	1263	11	124	668	267	0	50	0	0	1385	0,0,0,0,0,0	12920	0	188	3486	27	0	3466,3407,3407,3197,3197,3197,3197	1	20	3133,0,0,0,0,0,0	50	0
175830	272	555	322	137	132	24	7	4	1323	14	126	647	306	1	56	0	0	1449	0,0,0,0,0,0	12983	0	200	3686	28	0	3660,3595,3595,3360,3360,3360,3360	1	18	3333,0,0,0,0,0,0	49	0
175684	297	599	341	143	132	31	8	3	1363	15	130	666	295	4	63	0	0	1551	0,0,0,0,0,0	12872	0	230	3917	28	0	3885,3811,3811,3549,3549,3549,3549	1	13	3564,0,0,0,0,0,0	60	0
175530	319	606	367	149	160	28	13	3	1422	15	134	660	222	0	52	0	0	1642	0,0,0,0,0,0	12851	0	230	4145	30	0	4109,4028,4028,3739,3739,3739,3739	1	21	3793,0,0,0,0,0,0	66	0
175425	308	630	374	157	165	28	16	3	1486	15	139	650	329	3	70	0	0	1678	0,0,0,0,0,0	24622	0	192	4337	30	0	4296,4207,4207,3887,3887,3887,3887	1	19	3985,0,0,0,0,0,0	79	0
175272	321	641	391	165	175	29	17	3	1572	16	144	683	258	1	64	0	0	1739	0,0,0,0,0,0	24986	0	222	4558	32	0	4514,4418,4418,4074,4074,4074,4074	1	21	4206,0,0,0,0,0,0	74	0
175115	342	654	393	171	188	32	17	3	1664	17	150	701	317	4	76	0	0	1797	0,0,0,0,0,0	13220	0	247	4806	32	0	4757,4652,4652,4276,4276,4276,4276	1	29	4454,0,0,0,0,0,0	69	0
174979	355	677	420	175	197	35	19	2	1713	17	157	691	326	3	80	0	0	1878	0,0,0,0,0,0	12917	0	233	5039	33	0	4987,4872,4872,4460,4460,4460,4460	1	32	4687,0,0,0,0,0,0	85	0
174823	365	723	430	172	192	38	19	2	1804	18	160	638	244	3	61	0	0	1939	0,0,0,0,0,0	13064	0	247	5286	36	0	5228,5104,5104,4660,4660,4660,4660	1	19	4935,0,0,0,0,0,0	81	0
174678	402	720	451	167	205	38	23	1	1879	19	163	620	274	3	76	0	0	2006	0,0,0,0,0,0	12904	0	257	5543	37	0	5474,5339,5339,4857,4857,4857,4857	1	20	5192,0,0,0,0,0,0	86	0
174525	423	736	460	184	201	44	25	3	1962	19	164	639	258	2	85	0	0	2073	0,0,0,0,0,0	12999	0	268	5813	37	0	5734,5588,5588,5065,5065,5065,5065	1	25	5462,0,0,0,0,0,0	90	0
174443	383	756	460	196	225	45	26	2	2022	22	166	638	257	5	60	0	0	2091	0,0,0,0,0,0	25005	0	215	6030	39	0	5942,5783,5783,5213,5213,5213,5213	1	15	5679,0,0,0,0,0,0	92	0
174294	392	764	470	217	232	50	29	2	2107	22	167	648	224	4	87	0	0	2154	0,0,0,0,0,0	25054	0	258	6289	40	0	6189,6020,6020,5413,5413,5413,5413	2	34	5939,0,0,0,0,0,0	98	0
174125	418	782	486	219	234	58	34	3	2190	23	174	604	242	3	103	0	0	2231	0,0,0,0,0,0	13255	0	281	6571	40	0	6466,6286,6286,5637,5637,5637,5637	2	28	6221,0,0,0,0,0,0	106	0
173955	429	812	489	234	228	59	38	3	2297	23	179	596	343	5	96	0	0	2289	0,0,0,0,0,0	13067	0	290	6858	44	0	6745,6553,6553,5862,5862,5862,5862	2	37	6510,0,0,0,0,0,0	127	0
173741	431	907	496	241	228	63	34	6	2389	27	183	540	275	2	86	0	0	2400	0,0,0,0,0,0	12954	0	339	7199	44	0	7077,6872,6872,6136,6136,6136,6136	2	31	6851,0,0,0,0,0,0	124	0
173540	463	950	516	249	240	70	34	7	2464	28	185	526	295	3	87	0	0	2522	0,0,0,0,0,0	12988	0	342	7541	45	0	7411,7192,7192,6405,6405,6405,6405	2	32	7194,0,0,0,0,0,0	122	0
173331	487	997	541	244	249	73	37	6	2563	31	187	507	325	6	91	0	0	2628	0,0,0,0,0,0	13120	0	352	7893	46	0	7754,7522,7522,6682,6682,6682,6682	2	31	7546,0,0,0,0,0,0	121	0
173145	505	987	593	261	260	73	35	5	2658	34	190	506	236	4	82	0	0	2714	0,0,0,0,0,0	24937	0	339	8234	48	0	8087,7839,7839,6943,6943,6943,6943	2	17	7887,0,0,0,0,0,0	131	0
172980	522	979	626	251	275	78	30	6	2768	37	194	502	257	7	99	0	0	2761	0,0,0,0,0,0	24780	0	323	8556	50	0	8403,8139,8139,7185,7185,7185,7185	2	29	8210,0,0,0,0,0,0	119	0
172730	565	1039	618	247	301	83	30	6	2894	39	194	505	308	3	108	0	0	2883	0,0,0,0,0,0	12980	0	394	8953	52	0	8790,8511,8511,7504,7504,7504,7504	2	48	8608,0,0,0,0,0,0	127	0
172495	591	1109	638	262	299	80	30	5	2995	42	200	500	317	6	116	0	0	3009	0,0,0,0,0,0	12998	0	398	9355	53	0	9184,8888,8888,7818,7818,7818,7818	2	36	9010,0,0,0,0,0,0	126	0
172274	601	1147	685	262	319	82	28	7	3092	44	205	501	269	4	97	0	0	3124	0,0,0,0,0,0	28631	0	390	9744	55	0	9566,9252,9252,8120,8120,8120,8120	2	37	9399,0,0,0,0,0,0	131	0
172121	585	1142	737	275	327	89	32	8	3178	46	206	509	257	3	109	0	0	3187	0,0,0,0,0,0	28508	0	349	10095	56	0	9904,9571,9571,8367,8367,8367,8367	2	44	9750,0,0,0,0,0,0	137	0
171931	604	1113	780	294	339	95	33	8	3287	47	215	471	290	4	107	0	0	3258	0,0,0,0,0,0	28871	0	378	10473	57	0	10276,9924,9924,8649,8649,8649,8649	3	49	10128,0,0,0,0,0,0	158	0
171807	564	1155	756	292	328	92	34	7	3441	53	217	437	235	4	117	0	0	3221	0,0,0,0,0,0	42152	0	322	10790	63	0	10584,10212,10212,8865,8865,8865,8865	3	30	10447,0,0,0,0,0,0	142	0
171729	530	1133	797	310	330	83	34	9	3519	54	218	408	271	7	120	0	0	3217	0,0,0,0,0,0	42425	0	304	11092	65	0	10872,10478,10478,9050,9050,9050,9050	2	21	10749,0,0,0,0,0,0	143	0
171573	528	1161	795	308	342	86	37	8	3633	55	220	413	309	2	110	0	0	3257	0,0,0,0,0,0	28583	0	365	11457	66	0	11226,10810,10810,9305,9305,9305,9305	3	51	11114,0,0,0,0,0,0	137	0
171427	569	1153	775	328	340	88	39	8	3741	57	221	419	318	4	135	0	0	3292	0,0,0,0,0,0	28415	0	369	11828	67	0	11581,11142,11142,9555,9555,9555,9555	3	53	11485,0,0,0,0,0,0	137	0
171302	571	1126	783	337	347	93	42	8	3855	58	224	437	253	2	97	0	0	3299	0,0,0,0,0,0	28593	0	336	12162	71	0	11904,11445,11445,9779,9779,9779,9779	3	35	11820,0,0,0,0,0,0	135	0
171210	538	1150	774	337	339	94	46	8	3961	62	227	462	252	6	115	0	0	3278	0,0,0,0,0,0	28318	0	339	12500	73	0	12227,11743,11743,9987,9987,9987,9987	3	38	12158,0,0,0,0,0,0	136	0
171121	542	1150	773	336	360	84	45	8	4035	65	227	451	352	2	128	0	0	3290	0,0,0,0,0,0	28498	0	362	12863	74	0	12572,12060,12060,10204,10204,10204,10204	3	39	12521,0,0,0,0,0,0	146	0
171056	534	1131	768	328	359	91	43	13	4128	66	229	465	243	4	103	0	0	3254	0,0,0,0,0,0	42244	0	319	13181	76	0	12874,12337,12337,10389,10389,10389,10389	3	27	12839,0,0,0,0,0,0	161	0
170967	519	1104	761	321	339	88	44	15	4287	67	234	428	238	3	103	0	0	3176	0,0,0,0,0,0	42387	0	308	13487	80	0	13170,12611,12611,10581,10581,10581,10581	3	22	13145,0,0,0,0,0,0	150	0
170911	502	1115	765	306	317	94	47	16	4367	69	237	421	246	2	128	0	0	3146	0,0,0,0,0,0	28553	0	327	13811	84	0	13478,12892,12892,10763,10763,10763,10763	3	33	13469,0,0,0,0,0,0	143	0
170843	491	1102	759	299	345	88	51	16	4445	69	238	424	258	6	113	0	0	3135	0,0,0,0,0,0	28622	0	328	14139	88	0	13788,13176,13176,10951,10951,10951,10951	3	51	13797,0,0,0,0,0,0	155	0
170795	464	1122	739	281	337	90	56	14	4539	71	238	422	245	3	134	0	0	3089	0,0,0,0,0,0	28403	0	326	14460	95	0	14090,13451,13451,11126,11126,11126,11126	3	30	14118,0,0,0,0,0,0	156	0
170766	469	1087	731	299	335	96	50	16	4581	77	239	419	327	3	116	0	0	3067	0,0,0,0,0,0	28551	0	308	14768	97	0	14381,13713,13713,11285,11285,11285,11285	3	32	14427,0,0,0,0,0,0	160	0
170704	483	1061	754	313	323	100	48	15	4623	82	240	439	232	6	98	0	0	3082	0,0,0,0,0,0	28520	0	342	15109	99	0	14704,14008,14008,11476,11476,11476,11476	3	34	14769,0,0,0,0,0,0	168	0
170686	459	1054	756	312	317	102	49	17	4667	85	242	442	302	4	106	0	0	3049	0,0,0,0,0,0	42674	0	300	15409	100	0	14987,14263,14263,11627,11627,11627,11627	3	21	15069,0,0,0,0,0,0	168	0
170691	468	999	749	319	309	104	50	12	4707	89	249	427	248	2	121	0	0	2998	0,0,0,0,0,0	42168	0	297	15703	105	0	15268,14513,14513,11764,11764,11764,11764	2	37	15363,0,0,0,0,0,0	174	0
170624	472	989	771	300	315	108	49	12	4761	93	252	418	240	3	117	0	0	3004	0,0,0,0,0,0	28511	0	331	16032	110	0	15582,14800,14800,11953,11953,11953,11953	2	30	15694,0,0,0,0,0,0	180	0
170619	479	977	769	297	306	116	48	11	4775	94	255	409	256	2	107	0	0	2992	0,0,0,0,0,0	28294	0	311	16341	115	0	15869,15057,15057,12097,12097,12097,12097	2	35	16003,0,0,0,0,0,0	180	0
170626	452	1003	751	290	300	115	47	13	4796	96	257	405	235	4	100	0	0	2958	0,0,0,0,0,0	28458	0	294	16635	120	0	16143,15301,15301,12229,12229,12229,12229	2	41	16297,0,0,0,0,0,0	180	0
170650	451	998	744	285	290	106	43	16	4807	98	258	386	272	1	102	0	0	2917	0,0,0,0,0,0	28466	0	300	16932	123	0	16419,15544,15544,12353,12353,12353,12353	2	31	16594,0,0,0,0,0,0	170	0
170660	481	996	706	275	296	111	39	18	4801	102	261	384	257	7	112	0	0	2904	0,0,0,0,0,0	28445	0	322	17251	126	0	16718,15810,15810,12496,12496,12496,12496	2	42	16913,0,0,0,0,0,0	171	0
170707	471	952	688	285	288	103	38	18	4830	105	261	371	265	6	112	0	0	2825	0,0,0,0,0,0	42497	0	253	17503	129	0	16949,16011,16011,12587,12587,12587,12587	2	19	17165,0,0,0,0,0,0	173	0
170776	438	958	660	263	279	101	43	15	4843	107	263	377	271	6	92	0	0	2742	0,0,0,0,0,0	42492	0	258	17760	132	0	17185,16214,16214,12669,12669,12669,12669	2	18	17423,0,0,0,0,0,0	168	0
170810	427	911	685	273	291	101	42	13	4819	109	265	379	286	3	105	0	0	2730	0,0,0,0,0,0	28558	0	278	18038	133	0	17442,16440,16440,12778,12778,12778,12778	2	22	17701,0,0,0,0,0,0	162	0
170810	461	930	656	262	275	91	41	14	4825	111	270	382	287	6	107	0	0	2716	0,0,0,0,0,0	28473	0	307	18342	136	0	17727,16694,16694,12917,12917,12917,12917	2	49	18006,0,0,0,0,0,0	157	0
170828	446	934	657	264	273	84	45	12	4816	112	275	378	247	7	110	0	0	2703	0,0,0,0,0,0	28439	0	278	18623	136	0	17989,16926,16926,13035,13035,13035,13035	2	36	18287,0,0,0,0,0,0	146	0
170858	439	938	647	265	270	77	39	15	4802	116	280	398	259	4	108	0	0	2675	0,0,0,0,0,0	28440	0	278	18900	139	0	18247,17153,17153,13146,13146,13146,13146	3	41	18564,0,0,0,0,0,0	130	0
170866	446	934	643	268	281	76	38	13	4780	120	281	433	253	2	82	0	0	2686	0,0,0,0,0,0	28456	0	288	19187	142	0	18513,17389,17389,13271,13271,13271,13271	3	37	18851,0,0,0,0,0,0	134	0
170918	429	923	611	246	278	83	35	15	4800	123	285	399	274	7	91	0	0	2605	0,0,0,0,0,0	42157	0	243	19428	147	0	18735,17582,17582,13353,13353,13353,13353	2	22	19092,0,0,0,0,0,0	135	0
171045	378	889	622	246	252	80	35	15	4775	124	285	435	239	2	91	0	0	2502	0,0,0,0,0,0	42336	0	206	19631	150	0	18914,17728,17728,13376,13376,13376,13376	2	17	19295,0,0,0,0,0,0	136	0
171086	387	887	619	252	259	74	36	17	4714	127	288	412	252	5	70	0	0	2514	0,0,0,0,0,0	28314	0	286	19915	154	0	19176,17957,17957,13483,13483,13483,13483	2	45	19579,0,0,0,0,0,0	129	0
171127	407	856	644	240	243	72	34	17	4690	128	288	414	331	6	102	0	0	2496	0,0,0,0,0,0	28639	0	269	20179	161	0	19416,18166,18166,13576,13576,13576,13576	2	28	19844,0,0,0,0,0,0	128	0
171144	412	852	611	229	266	74	33	16	4687	130	292	428	250	4	98	0	0	2477	0,0,0,0,0,0	28423	0	258	20436	163	0	19654,18377,18377,13682,13682,13682,13682	2	33	20101,0,0,0,0,0,0	124	0
171227	419	824	619	217	262	75	36	15	4626	132	294	426	311	4	92	0	0	2452	0,0,0,0,0,0	28504	0	248	20684	164	0	19879,18568,18568,13748,13748,13748,13748	2	23	20349,0,0,0,0,0,0	124	0
171266	419	828	599	229	260	70	39	13	4595	132	296	426	260	5	92	0	0	2444	0,0,0,0,0,0	28216	0	258	20941	166	0	20114,18774,18774,13841,13841,13841,13841	2	32	20606,0,0,0,0,0,0	124	0
171331	383	832	587	240	260	69	41	14	4556	134	299	426	239	3	82	0	0	2412	0,0,0,0,0,0	42350	0	225	21157	175	0	20311,18942,18942,13902,13902,13902,13902	2	27	20822,0,0,0,0,0,0	126	0
171399	360	822	602	245	248	64	39	13	4516	136	302	424	250	6	83	0	0	2380	0,0,0,0,0,0	42201	0	225	21377	182	0	20512,19114,19114,13963,13963,13963,13963	2	16	21042,0,0,0,0,0,0	126	0
171444	366	826	570	241	245	60	39	14	4498	138	305	391	287	4	98	0	0	2347	0,0,0,0,0,0	28667	0	261	21639	183	0	20752,19323,19323,14055,14055,14055,14055	2	25	21304,0,0,0,0,0,0	112	0
171472	382	810	568	235	259	57	35	17	4463	139	309	379	287	2	85	0	0	2346	0,0,0,0,0,0	28338	0	260	21897	185	0	20989,19531,19531,14152,14152,14152,14152	2	22	21562,0,0,0,0,0,0	104	0
171528	390	785	560	239	236	52	37	18	4452	140	309	398	250	3	91	0	0	2299	0,0,0,0,0,0	28572	0	243	22138	188	0	21205,19718,19718,14226,14226,14226,14226	2	17	21803,0,0,0,0,0,0	104	0
171633	354	774	560	218	232	49	37	17	4421	141	310	393	305	7	70	0	0	2224	0,0,0,0,0,0	42329	0	193	22328	191	0	21371,19854,19854,14250,14250,14250,14250	2	13	21993,0,0,0,0,0,0	105	0
171738	337	718	586	227	218	53	38	17	4357	143	314	381	319	1	71	0	0	2177	0,0,0,0,0,0	42297	0	186	22511	194	0	21531,19985,19985,14269,14269,14269,14269	2	21	22176,0,0,0,0,0,0	103	0
171870	323	663	563	234	201	51	37	14	4326	148	316	396	254	4	82	0	0	2072	0,0,0,0,0,0	41950	0	175	22686	197	0	21684,20107,20107,14274,14274,14274,14274	1	12	22351,0,0,0,0,0,0	106	0
171974	303	643	534	228	199	48	39	14	4293	151	320	405	244	1	79	0	0	1994	0,0,0,0,0,0	42157	24	164	22849	199	0	21828,20224,20224,14288,14288,14288,14288	1	7	22514,0,0,0,0,0,0	108	22
172053	281	655	516	204	206	46	37	12	4259	153	324	407	84	1	64	0	0	1945	0,0,0,0,0,0	28347	27	205	23047	207	0	22005,20373,20373,14329,14329,14329,14329	1	18	22712,0,0,0,0,0,0	105	47
172171	283	612	519	196	203	49	39	12	4181	153	328	417	277	2	83	0	0	1901	0,0,0,0,0,0	28384	32	176	23220	211	0	22155,20494,20494,14336,14336,14336,14336	1	17	22886,0,0,0,0,0,0	102	75
172278	286	597	521	202	207	47	38	11	4076	154	329	433	303	1	70	0	0	1898	0,0,0,0,0,0	28749	26	191	23410	214	0	22321,20630,20630,14358,14358,14358,14358	1	22	23076,0,0,0,0,0,0	107	95
172392	269	606	498	195	203	43	36	10	4004	158	332	435	255	1	76	0	0	1850	0,0,0,0,0,0	28152	36	173	23576	223	0	22466,20746,20746,14365,14365,14365,14365	1	14	23242,0,0,0,0,0,0	94	124
172524	263	601	472	186	194	49	35	10	3920	160	332	445	262	2	65	0	0	1800	0,0,0,0,0,0	28419	33	172	23748	225	0	22612,20862,20862,14363,14363,14363,14363	1	17	23414,0,0,0,0,0,0	92	150
172647	252	551	479	176	201	48	36	11	3846	162	337	444	252	2	62	0	0	1743	0,0,0,0,0,0	35544	29	146	23892	230	0	22737,20960,20960,14357,14357,14357,14357	1	11	23558,0,0,0,0,0,0	106	175
172808	235	509	467	174	190	48	36	11	3766	165	337	417	260	2	79	0	0	1659	0,0,0,0,0,0	35676	142	125	24015	232	0	22844,21039,21039,14323,14323,14323,14323	1	6	23681,0,0,0,0,0,0	105	297
172907	266	488	425	174	166	41	34	8	3728	170	339	419	250	2	66	0	0	1594	0,0,0,0,0,0	23235	137	165	24176	237	0	22992,21160,21160,14338,14338,14338,14338	1	17	23842,0,0,0,0,0,0	92	417
173020	265	474	406	158	161	46	28	8	3662	176	342	398	88	3	55	0	0	1538	0,0,0,0,0,0	23084	143	145	24318	240	0	23121,21263,21263,14335,14335,14335,14335	1	13	23985,0,0,0,0,0,0	85	539
173134	243	481	373	165	154	49	25	8	3593	178	343	411	270	2	48	0	0	1490	0,0,0,0,0,0	23336	124	147	24462	243	0	23249,21365,21365,14332,14332,14332,14332	1	22	24129,0,0,0,0,0,0	88	640
173249	242	494	374	148	147	53	31	6	3479	178	345	423	87	1	55	0	0	1489	0,0,0,0,0,0	23071	139	154	24614	246	0	23389,21479,21479,14336,14336,14336,14336	1	21	24281,0,0,0,0,0,0	92	753
173333	240	504	370	150	143	51	31	5	3391	181	347	433	271	2	51	0	0	1489	0,0,0,0,0,0	23628	144	154	24765	251	0	23529,21595,21595,14353,14353,14353,14353	1	13	24432,0,0,0,0,0,0	98	874
173448	242	473	373	147	129	49	34	5	3318	181	347	419	254	0	64	0	0	1447	0,0,0,0,0,0	35655	135	118	24884	252	0	23636,21679,21679,14340,14340,14340,14340	1	6	24551,0,0,0,0,0,0	97	991
173527	217	481	371	145	135	46	31	7	3251	183	352	420	251	3	45	0	0	1426	0,0,0,0,0,0	35626	173	131	25013	255	0	23795,21817,21817,14371,14371,14371,14371	1	11	24681,0,0,0,0,0,0	95	1144
173606	221	462	370	145	132	48	35	6	3181	183	357	421	248	6	59	0	0	1413	0,0,0,0,0,0	23339	162	142	25154	257	0	23964,21963,21963,14404,14404,14404,14404	1	22	24822,0,0,0,0,0,0	94	1269
173673	223	469	350	155	123	52	34	5	3116	184	362	416	248	2	52	0	0	1406	0,0,0,0,0,0	23445	137	148	25300	260	0	24137,22114,22114,14444,14444,14444,14444	1	16	24969,0,0,0,0,0,0	100	1375
173748	213	462	350	152	140	55	31	5	3036	189	365	426	253	2	44	0	0	1403	0,0,0,0,0,0	23305	160	146	25442	264	0	24298,22253,22253,14476,14476,14476,14476	1	19	25112,0,0,0,0,0,0	96	1504
173798	231	482	337	143	126	55	28	4	2980	192	370	439	295	3	51	0	0	1402	0,0,0,0,0,0	23121	168	170	25606	270	0	24486,22419,22419,14533,14533,14533,14533	1	21	25276,0,0,0,0,0,0	90	1638
173886	223	478	333	130	133	57	29	4	2906	195	372	441	92	1	41	0	0	1383	0,0,0,0,0,0	23303	164	123	25730	271	0	24635,22547,22547,14552,14552,14552,14552	1	6	25400,0,0,0,0,0,0	93	1778
173983	213	462	336	123	138	58	31	5	2828	196	373	430	256	1	45	0	0	1361	0,0,0,0,0,0	35853	166	126	25856	271	0	24783,22672,22672,14567,14567,14567,14567	1	16	25526,0,0,0,0,0,0	104	1905
174049	207	451	335	138	125	59	30	5	2773	199	375	437	255	1	44	0	0	1345	0,0,0,0,0,0	35275	76	119	25975	271	0	24942,22813,22813,14602,14602,14602,14602	1	10	25645,0,0,0,0,0,0	109	1960
174125	196	452	319	141	133	54	28	4	2715	202	377	440	233	2	51	0	0	1323	0,0,0,0,0,0	23310	54	124	26098	273	0	25092,22943,22943,14625,14625,14625,14625	1	13	25768,0,0,0,0,0,0	101	1998
174156	212	444	315	145	133	53	27	3	2671	205	382	444	312	1	46	0	0	1329	0,0,0,0,0,0	23464	75	140	26238	274	0	25255,23088,23088,14676,14676,14676,14676	1	15	25908,0,0,0,0,0,0	95	2060
174209	222	410	330	144	137	49	25	3	2624	207	386	427	286	2	41	0	0	1317	0,0,0,0,0,0	23287	58	127	26366	274	0	25412,23227,23227,14715,14715,14715,14715	1	8	26036,0,0,0,0,0,0	92	2108
174261	212	400	318	145	134	44	29	2	2606	209	386	449	268	4	52	0	0	1282	0,0,0,0,0,0	23400	49	125	26490	275	0	25564,23362,23362,14752,14752,14752,14752	1	16	26160,0,0,0,0,0,0	86	2145
174289	203	422	322	135	132	40	27	3	2571	212	390	436	265	1	54	0	0	1281	0,0,0,0,0,0	23437	70	150	26638	277	0	25746,23526,23526,14814,14814,14814,14814	1	17	26308,0,0,0,0,0,0	82	2202
174352	184	412	319	128	120	38	28	3	2557	213	392	457	249	1	60	0	0	1229	0,0,0,0,0,0	35624	71	114	26746	283	0	25885,23647,23647,14840,14840,14840,14840	1	10	26416,0,0,0,0,0,0	92	2261
174424	175	391	302	123	124	39	28	5	2527	214	394	468	248	2	46	0	0	1182	0,0,0,0,0,0	35284	193	96	26840	286	0	25991,23736,23736,14843,14843,14843,14843	1	5	26510,0,0,0,0,0,0	89	2416
174479	165	405	299	112	122	40	25	5	2478	217	399	458	250	0	38	0	0	1168	0,0,0,0,0,0	23324	188	123	26963	286	0	26120,23847,23847,14865,14865,14865,14865	1	9	26633,0,0,0,0,0,0	84	2568
174476	194	425	281	108	116	37	23	7	2458	218	403	440	242	3	37	0	0	1184	3,0,0,0,0,0	23357	178	128	27123	291	0	26293,24005,24005,14936,14936,14936,14936	1	10	26760,36,0,0,0,0,0	77	2711
174515	203	446	283	112	111	36	21	7	2386	221	405	453	94	3	47	0	0	1212	6,0,0,0,0,0	23446	218	112	27269	291	0	26444,24137,24137,14978,14978,14978,14978	1	17	26869,73,0,0,0,0,0	70	2876
174479	232	472	278	117	107	31	22	6	2368	222	412	446	264	3	33	0	0	1259	10,0,0,0,0,0	23312	184	138	27454	292	0	26639,24317,24317,15078,15078,15078,15078	1	10	26989,138,0,0,0,0,0	69	3013
174454	254	475	306	118	115	32	21	6	2327	224	414	467	332	2	44	0	0	1321	15,0,0,0,0,0	23245	217	151	27636	295	0	26833,24496,24496,15172,15172,15172,15172	1	12	27106,205,0,0,0,0,0	70	3179
174424	279	499	315	129	130	29	21	7	2271	226	416	448	113	0	46	0	0	1402	19,0,0,0,0,0	35545	199	156	27830	297	0	27039,24685,24685,15277,15277,15277,15277	1	13	27223,283,0,0,0,0,0	67	3329
174390	282	514	341	126	138	31	21	9	2247	227	420	460	256	2	54	0	0	1453	24,0,0,0,0,0	35700	159	141	28017	298	0	27312,24943,24943,15416,15416,15416,15416	1	10	27310,384,0,0,0,0,0	60	3451
174368	279	540	332	134	130	30	22	9	2251	228	423	486	247	6	71	0	0	1467	28,0,0,0,0,0	23422	164	170	28184	301	0	27559,25177,25177,15534,15534,15534,15534	1	20	27410,452,0,0,0,0,0	67	3572
