S	E	I1	I2	I3	I4	I5_h	I6_h	R_h	R	D1	D2	H	T	P1	P2	Q	QT	NQ	MUT	HOM	VAC	NI	INF	REINF	BSTR	IMM	HCI	HCE	INFV	INFH	VNI
178159	104	111	47	37	39	7	2	0	240	0	0	216	0	0	0	0	0	347	0,0,0,0,0,0	178746	0	0	347	0	0	587,587,587,587,587,587,587	0	0	0,0,0,0,0,0,0	0	0
178122	69	166	45	37	40	8	2	0	257	0	0	346	345	1	60	0	0	367	0,0,0,0,0,0	12506	0	51	399	0	0	624,624,624,624,624,624,624	0	4	52,0,0,0,0,0,0	7	0
178086	75	162	51	47	47	8	2	0	267	0	1	407	146	0	10	0	0	392	0,0,0,0,0,0	12729	0	52	451	0	0	661,661,661,661,661,661,661	0	7	104,0,0,0,0,0,0	12	0
178028	77	182	62	40	43	8	3	0	299	0	4	476	257	1	22	0	0	415	0,0,0,0,0,0	12765	0	63	515	0	0	721,721,721,721,721,721,721	0	4	168,0,0,0,0,0,0	13	0
177981	95	180	79	35	47	9	4	0	307	0	9	540	235	0	15	0	0	449	0,0,0,0,0,0	24631	0	60	576	0	0	772,772,772,772,772,772,772	0	3	229,0,0,0,0,0,0	19	0
177930	100	190	83	37	48	14	4	0	327	0	13	591	243	1	14	0	0	476	0,0,0,0,0,0	24623	0	62	638	0	0	825,825,825,825,825,825,825	0	3	291,0,0,0,0,0,0	24	0
177893	90	204	79	41	49	14	4	0	357	0	15	610	269	0	19	0	0	481	0,0,0,0,0,0	12792	0	57	695	0	0	867,867,867,867,867,867,867	0	12	348,0,0,0,0,0,0	26	0
177854	88	192	105	47	53	17	4	0	367	0	19	634	99	0	24	0	0	506	0,0,0,0,0,0	12953	0	55	751	0	0	908,908,908,908,908,908,908	0	3	404,0,0,0,0,0,0	24	0
177801	99	190	120	50	58	19	5	1	382	0	21	679	108	3	14	0	0	541	0,0,0,0,0,0	12720	0	75	825	2	0	969,968,968,967,967,967,967	0	12	480,0,0,0,0,0,0	27	0
177732	113	198	115	53	49	21	6	1	429	0	29	674	280	0	24	0	0	555	0,0,0,0,0,0	12892	0	77	902	2	0	1043,1042,1042,1041,1041,1041,1041	0	8	557,0,0,0,0,0,0	31	0
177672	118	210	111	51	52	22	8	1	467	0	34	689	246	0	19	0	0	572	0,0,0,0,0,0	12871	0	72	974	2	0	1110,1109,1109,1107,1107,1107,1107	0	7	629,0,0,0,0,0,0	30	0
177620	121	216	119	54	49	20	9	1	498	1	38	715	262	1	16	0	0	588	0,0,0,0,0,0	25179	0	69	1045	2	0	1171,1169,1169,1166,1166,1166,1166	0	3	700,0,0,0,0,0,0	37	0
177575	111	227	129	59	44	19	10	1	528	1	42	701	288	1	25	0	0	599	0,0,0,0,0,0	24845	0	67	1112	3	0	1228,1226,1226,1219,1219,1219,1219	0	6	767,0,0,0,0,0,0	38	0
177530	109	232	135	58	44	22	12	1	556	1	46	723	323	1	21	0	0	612	0,0,0,0,0,0	13108	0	80	1190	5	0	1296,1293,1293,1280,1280,1280,1280	0	7	847,0,0,0,0,0,0	36	0
177467	121	245	135	54	47	22	11	1	593	2	48	709	94	0	15	0	0	635	0,0,0,0,0,0	12905	0	92	1282	5	0	1377,1372,1372,1355,1355,1355,1355	0	11	939,0,0,0,0,0,0	38	0
177404	125	255	155	54	52	21	12	1	612	2	53	687	320	2	17	0	0	674	0,0,0,0,0,0	12992	0	90	1374	5	0	1462,1455,1455,1432,1432,1432,1432	0	8	1031,0,0,0,0,0,0	38	0
177345	129	263	153	66	55	19	11	2	645	2	56	691	240	2	26	0	0	696	0,0,0,0,0,0	12944	0	94	1468	5	0	1544,1535,1535,1505,1505,1505,1505	0	8	1125,0,0,0,0,0,0	37	0
177272	137	285	146	68	66	20	10	3	678	2	59	677	308	1	36	0	0	732	0,0,0,0,0,0	12867	0	103	1569	7	0	1634,1624,1624,1589,1589,1589,1589	0	8	1227,0,0,0,0,0,0	43	0
177230	135	289	159	67	70	22	11	3	696	2	62	699	227	1	25	0	0	753	0,0,0,0,0,0	24831	0	84	1653	7	0	1705,1693,1693,1650,1650,1650,1650	0	5	1311,0,0,0,0,0,0	45	0
177190	129	299	167	65	75	21	12	4	717	2	65	692	237	0	21	0	0	768	0,0,0,0,0,0	24852	0	84	1735	9	0	1776,1761,1761,1709,1709,1709,1709	0	7	1395,0,0,0,0,0,0	52	0
177102	164	289	178	75	73	20	14	5	753	2	71	691	287	3	32	0	0	813	0,0,0,0,0,0	13035	0	120	1853	11	0	1890,1873,1873,1811,1811,1811,1811	0	7	1514,0,0,0,0,0,0	53	0
177033	165	305	176	71	81	20	15	5	797	2	76	703	274	0	32	0	0	833	0,0,0,0,0,0	13019	0	102	1955	11	0	1987,1967,1967,1895,1895,1895,1895	0	9	1616,0,0,0,0,0,0	55	0
176933	170	322	202	85	92	19	14	5	819	4	81	722	247	2	23	0	0	904	0,0,0,0,0,0	13005	0	130	2085	12	0	2115,2092,2092,2012,2012,2012,2012	0	12	1747,0,0,0,0,0,0	52	0
176855	176	336	208	91	91	19	16	5	860	4	85	704	115	3	45	0	0	937	0,0,0,0,0,0	13014	0	124	2208	13	0	2231,2205,2205,2111,2111,2111,2111	0	11	1870,0,0,0,0,0,0	49	0
176747	179	361	219	96	90	17	17	5	917	5	93	694	246	2	36	0	0	979	0,0,0,0,0,0	12930	0	144	2352	14	0	2370,2341,2341,2237,2237,2237,2237	0	22	2014,0,0,0,0,0,0	46	0
176665	186	377	222	90	86	23	20	5	967	7	98	661	314	2	41	0	0	1004	0,0,0,0,0,0	24794	0	124	2477	14	0	2491,2458,2458,2342,2342,2342,2342	0	11	2139,0,0,0,0,0,0	53	0
176575	208	375	235	92	103	23	22	4	998	8	103	659	257	6	35	0	0	1058	0,0,0,0,0,0	24960	0	145	2622	15	0	2628,2591,2591,2459,2459,2459,2459	0	14	2285,0,0,0,0,0,0	63	0
176499	212	403	239	87	107	22	26	3	1029	8	111	664	251	3	42	0	0	1096	0,0,0,0,0,0	12950	0	134	2756	15	0	2758,2715,2715,2564,2564,2564,2564	1	21	2419,0,0,0,0,0,0	66	0
176388	233	444	242	86	91	20	26	2	1092	10	112	691	306	3	39	0	0	1142	0,0,0,0,0,0	12838	0	168	2925	15	0	2918,2870,2870,2701,2701,2701,2701	1	19	2588,0,0,0,0,0,0	72	0
176288	249	466	257	91	90	21	26	2	1128	13	115	646	253	0	42	0	0	1200	0,0,0,0,0,0	12927	0	156	3081	15	0	3068,3016,3016,2828,2828,2828,2828	1	12	2744,0,0,0,0,0,0	73	0
176198	228	486	279	92	111	24	24	2	1167	16	119	658	227	2	46	0	0	1244	0,0,0,0,0,0	12927	0	158	3238	16	0	3218,3159,3159,2950,2950,2950,2950	1	15	2901,0,0,0,0,0,0	74	0
176091	229	501	295	108	121	22	24	3	1210	18	124	661	107	1	43	0	0	1300	0,0,0,0,0,0	12949	0	173	3411	16	0	3387,3322,3322,3090,3090,3090,3090	1	21	3074,0,0,0,0,0,0	77	0
175991	237	491	313	122	131	24	24	4	1262	19	128	669	318	2	37	0	0	1342	0,0,0,0,0,0	24984	0	155	3569	16	0	3541,3470,3470,3218,3218,3218,3218	1	15	3232,0,0,0,0,0,0	76	0
175895	235	496	330	130	132	24	24	4	1322	20	134	634	279	2	48	0	0	1371	0,0,0,0,0,0	24874	0	166	3734	17	0	3702,3625,3625,3348,3348,3348,3348	1	17	3397,0,0,0,0,0,0	76	0
175761	273	505	335	138	137	28	22	4	1379	22	142	629	144	2	49	0	0	1438	0,0,0,0,0,0	13203	0	205	3938	18	0	3906,3822,3822,3519,3519,3519,3519	1	23	3602,0,0,0,0,0,0	80	0
175661	300	519	320	135	128	33	23	4	1453	23	147	593	245	0	62	0	0	1458	0,0,0,0,0,0	12829	0	192	4130	18	0	4092,3998,3998,3663,3663,3663,3663	1	23	3794,0,0,0,0,0,0	72	0
175537	317	542	340	158	127	33	25	4	1490	24	149	603	297	2	67	0	0	1542	0,0,0,0,0,0	12887	0	212	4341	19	0	4296,4194,4194,3829,3829,3829,3829	1	21	4005,0,0,0,0,0,0	75	0
175412	302	591	351	141	129	35	25	4	1574	27	155	578	272	3	56	0	0	1574	0,0,0,0,0,0	13000	0	201	4541	20	0	4490,4381,4381,3990,3990,3990,3990	1	18	4205,0,0,0,0,0,0	75	0
175262	323	625	362	156	133	35	22	4	1637	30	157	576	297	2	53	0	0	1656	0,0,0,0,0,0	12884	0	234	4775	22	0	4714,4598,4598,4179,4179,4179,4179	1	22	4439,0,0,0,0,0,0	71	0
175152	342	651	365	142	142	40	21	3	1696	32	160	556	237	2	63	0	0	1703	0,0,0,0,0,0	24720	0	213	4989	22	0	4921,4794,4794,4339,4339,4339,4339	1	21	4653,0,0,0,0,0,0	71	0
175047	331	662	394	160	146	40	20	2	1744	34	166	534	249	3	49	0	0	1753	0,0,0,0,0,0	24917	0	197	5187	23	0	5115,4979,4979,4490,4490,4490,4490	1	17	4852,0,0,0,0,0,0	73	0
174873	363	711	406	167	155	41	16	1	1806	40	167	523	317	3	67	0	0	1859	0,0,0,0,0,0	13143	0	275	5463	24	0	5385,5239,5239,4713,4713,4713,4713	1	27	5129,0,0,0,0,0,0	67	0
174736	402	700	431	178	178	43	16	1	1850	41	170	502	123	0	52	0	0	1948	0,0,0,0,0,0	12845	0	249	5714	24	0	5626,5469,5469,4903,4903,4903,4903	1	28	5380,0,0,0,0,0,0	67	0
174598	409	728	445	164	177	50	17	1	1941	42	174	520	326	3	67	0	0	1990	0,0,0,0,0,0	12803	0	243	5959	24	0	5865,5697,5697,5093,5093,5093,5093	1	24	5625,0,0,0,0,0,0	69	0
174450	408	769	468	188	193	49	17	2	1986	42	174	542	336	5	70	0	0	2092	0,0,0,0,0,0	13055	0	274	6234	24	0	6131,5951,5951,5301,5301,5301,5301	2	33	5900,0,0,0,0,0,0	84	0
174286	424	814	478	197	191	51	17	2	2062	46	178	542	263	2	79	0	0	2172	0,0,0,0,0,0	12838	0	280	6516	24	0	6408,6216,6216,5522,5522,5522,5522	2	29	6182,0,0,0,0,0,0	77	0
174144	412	831	494	203	196	49	18	1	2167	49	182	540	230	5	62	0	0	2203	0,0,0,0,0,0	24677	0	246	6762	25	0	6650,6447,6447,5715,5715,5715,5715	2	16	6428,0,0,0,0,0,0	84	0
174006	395	846	522	235	211	49	18	2	2228	49	185	532	260	5	82	0	0	2276	0,0,0,0,0,0	24923	0	269	7030	27	0	6912,6696,6696,5917,5917,5917,5917	2	23	6696,0,0,0,0,0,0	90	0
173834	436	858	536	261	228	55	17	3	2283	49	186	525	264	0	98	0	0	2391	0,0,0,0,0,0	13147	0	321	7350	28	0	7221,6991,6991,6159,6159,6159,6159	2	42	7016,0,0,0,0,0,0	86	0
173682	457	914	532	238	236	58	17	4	2371	49	188	500	283	5	96	0	0	2452	0,0,0,0,0,0	12924	0	318	7669	30	0	7529,7282,7282,6389,6389,6389,6389	2	35	7335,0,0,0,0,0,0	90	0
173488	491	898	564	246	249	59	19	4	2487	49	192	502	234	5	90	0	0	2526	0,0,0,0,0,0	28665	0	326	7994	32	0	7847,7587,7587,6646,6646,6646,6646	2	30	7660,0,0,0,0,0,0	93	0
173392	456	929	575	256	235	61	22	3	2571	50	196	500	267	3	90	0	0	2534	0,0,0,0,0,0	28325	0	263	8256	34	0	8101,7824,7824,6822,6822,6822,6822	2	28	7922,0,0,0,0,0,0	94	0
173278	431	972	603	236	235	68	24	4	2642	52	201	501	301	3	82	0	0	2569	0,0,0,0,0,0	28717	0	281	8538	35	0	8375,8081,8081,7017,7017,7017,7017	2	38	8204,0,0,0,0,0,0	101	0
173162	439	929	617	248	258	68	26	4	2738	53	204	458	327	1	69	0	0	2585	0,0,0,0,0,0	42299	0	283	8822	37	0	8651,8339,8339,7214,7214,7214,7214	2	22	8489,0,0,0,0,0,0	109	0
173061	420	947	622	250	263	65	26	5	2823	56	208	488	287	3	92	0	0	2593	0,0,0,0,0,0	42251	0	268	9091	38	0	8912,8584,8584,7396,7396,7396,7396	2	28	8758,0,0,0,0,0,0	106	0
172915	433	956	645	256	263	65	28	6	2910	56	213	479	263	3	95	0	0	2646	0,0,0,0,0,0	28431	0	301	9391	40	0	9206,8862,8862,7616,7616,7616,7616	2	26	9058,0,0,0,0,0,0	112	0
172788	451	948	636	265	271	70	29	5	3010	57	216	472	320	4	106	0	0	2670	0,0,0,0,0,0	28620	0	310	9701	43	0	9505,9142,9142,7829,7829,7829,7829	2	40	9368,0,0,0,0,0,0	112	0
172692	450	949	640	266	256	75	32	7	3101	59	219	472	260	3	108	0	0	2668	0,0,0,0,0,0	28529	0	298	10000	43	0	9793,9410,9410,8022,8022,8022,8022	2	30	9667,0,0,0,0,0,0	126	0
172537	481	939	637	258	255	81	35	6	3235	61	221	498	285	9	103	0	0	2686	0,0,0,0,0,0	28336	0	315	10316	45	0	10101,9701,9701,8252,8252,8252,8252	2	37	9984,0,0,0,0,0,0	134	0
172434	482	956	631	249	259	84	39	6	3321	62	223	510	301	4	106	0	0	2700	0,0,0,0,0,0	28636	0	289	10604	47	0	10379,9960,9960,8442,8442,8442,8442	2	40	10273,0,0,0,0,0,0	138	0
172389	453	947	660	255	266	79	38	7	3361	64	227	495	251	4	84	0	0	2698	0,0,0,0,0,0	42058	0	260	10863	49	0	10627,10187,10187,8590,8590,8590,8590	2	23	10532,0,0,0,0,0,0	149	0
172374	404	911	672	250	271	80	40	8	3439	66	231	465	300	5	82	0	0	2628	0,0,0,0,0,0	42324	0	217	11079	52	0	10834,10373,10373,8701,8701,8701,8701	2	11	10748,0,0,0,0,0,0	132	0
172278	405	945	671	253	281	78	41	8	3484	68	234	472	228	4	98	0	0	2674	0,0,0,0,0,0	28648	0	316	11394	54	0	11136,10653,10653,8901,8901,8901,8901	2	34	11063,0,0,0,0,0,0	138	0
172183	427	914	701	252	279	72	39	8	3565	71	235	476	335	6	95	0	0	2684	0,0,0,0,0,0	28308	0	299	11692	55	0	11419,10916,10916,9088,9088,9088,9088	2	33	11361,0,0,0,0,0,0	137	0
172081	451	917	706	261	275	74	38	8	3624	75	236	450	102	6	88	0	0	2722	0,0,0,0,0,0	28435	0	313	12004	57	0	11718,11194,11194,9288,9288,9288,9288	2	34	11673,0,0,0,0,0,0	128	0
172004	442	944	677	250	274	79	34	7	3717	79	239	468	252	8	94	0	0	2700	0,0,0,0,0,0	28425	0	293	12295	61	0	11997,11451,11451,9466,9466,9466,9466	2	40	11964,0,0,0,0,0,0	130	0
171970	421	916	659	246	290	79	34	10	3798	80	243	463	263	5	86	0	0	2645	0,0,0,0,0,0	28678	0	262	12560	62	0	12250,11681,11681,9609,9609,9609,9609	2	29	12229,0,0,0,0,0,0	123	0
171956	409	923	670	253	272	81	35	11	3809	81	246	476	255	5	90	0	0	2643	0,0,0,0,0,0	42201	0	276	12836	64	0	12510,11915,11915,9747,9747,9747,9747	2	28	12505,0,0,0,0,0,0	134	0
171938	397	902	673	263	281	81	36	11	3832	82	250	485	256	3	87	0	0	2633	0,0,0,0,0,0	42253	0	252	13093	65	0	12755,12135,12135,9878,9878,9878,9878	2	14	12762,0,0,0,0,0,0	139	0
171904	409	897	654	250	298	79	35	12	3872	82	254	494	243	2	106	0	0	2622	0,0,0,0,0,0	28582	0	281	13372	69	0	13021,12376,12376,10027,10027,10027,10027	2	25	13041,0,0,0,0,0,0	133	0
171870	421	878	641	236	284	73	32	12	3960	84	255	479	305	2	93	0	0	2565	0,0,0,0,0,0	28817	0	260	13633	69	0	13265,12597,12597,10163,10163,10163,10163	2	31	13302,0,0,0,0,0,0	134	0
171850	434	865	644	232	259	83	36	10	3992	85	256	480	257	4	106	0	0	2553	0,0,0,0,0,0	28523	0	274	13908	69	0	13523,12830,12830,10301,10301,10301,10301	2	35	13577,0,0,0,0,0,0	129	0
171811	427	849	640	250	267	78	32	11	4037	87	257	459	257	5	87	0	0	2543	0,0,0,0,0,0	28554	0	275	14183	71	0	13782,13065,13065,10449,10449,10449,10449	2	27	13852,0,0,0,0,0,0	130	0
171783	413	886	609	242	247	72	34	12	4096	89	263	460	271	3	87	0	0	2503	0,0,0,0,0,0	28432	0	270	14451	74	0	14039,13297,13297,10589,10589,10589,10589	2	40	14120,0,0,0,0,0,0	117	0
171785	406	845	618	253	241	67	31	13	4133	90	264	467	287	6	87	0	0	2461	0,0,0,0,0,0	42335	0	226	14674	77	0	14247,13482,13482,10691,10691,10691,10691	2	20	14343,0,0,0,0,0,0	129	0
171809	394	826	609	247	256	69	33	13	4131	91	268	472	302	3	68	0	0	2434	0,0,0,0,0,0	42282	0	238	14908	82	0	14467,13677,13677,10788,10788,10788,10788	2	23	14578,0,0,0,0,0,0	115	0
171813	398	838	611	242	255	71	31	15	4110	93	269	463	292	3	98	0	0	2446	0,0,0,0,0,0	28575	0	256	15166	82	0	14707,13890,13890,10904,10904,10904,10904	2	37	14836,0,0,0,0,0,0	118	0
171756	428	866	585	242	232	75	32	13	4149	96	272	455	249	2	96	0	0	2460	0,0,0,0,0,0	28557	0	304	15466	87	0	14991,14149,14149,11071,11071,11071,11071	2	35	15137,0,0,0,0,0,0	112	0
171753	416	871	609	244	236	75	34	13	4122	100	273	452	252	5	85	0	0	2485	0,0,0,0,0,0	28389	0	263	15730	88	0	15237,14369,14369,11193,11193,11193,11193	2	26	15402,0,0,0,0,0,0	128	0
171763	416	852	625	243	244	79	38	13	4098	101	274	451	309	3	77	0	0	2497	0,0,0,0,0,0	28511	0	260	15989	91	0	15478,14583,14583,11306,11306,11306,11306	2	31	15661,0,0,0,0,0,0	131	0
171748	442	807	632	243	258	75	38	14	4111	101	277	453	251	3	89	0	0	2495	0,0,0,0,0,0	28617	0	281	16269	93	0	15741,14819,14819,11442,11442,11442,11442	2	44	15941,0,0,0,0,0,0	135	0
171797	403	804	605	257	236	75	42	13	4127	105	282	446	301	5	88	0	0	2422	0,0,0,0,0,0	42376	0	214	16483	93	0	15939,14990,14990,11514,11514,11514,11514	2	15	16155,0,0,0,0,0,0	132	0
171856	347	829	585	250	237	81	41	12	4115	109	284	451	269	5	85	0	0	2370	0,0,0,0,0,0	42070	0	212	16692	97	0	16129,15154,15154,11578,11578,11578,11578	2	24	16364,0,0,0,0,0,0	148	0
171876	355	814	568	269	234	81	42	11	4095	113	288	445	267	11	89	0	0	2363	0,0,0,0,0,0	28628	0	259	16951	99	0	16370,15367,15367,11685,11685,11685,11685	2	36	16623,0,0,0,0,0,0	141	0
171867	381	795	584	268	239	79	39	10	4077	118	289	451	345	3	99	0	0	2385	0,0,0,0,0,0	28298	0	265	17214	101	0	16613,15584,15584,11806,11806,11806,11806	2	28	16886,0,0,0,0,0,0	147	0
171858	399	775	593	275	237	74	41	9	4077	118	290	444	260	4	90	0	0	2394	0,0,0,0,0,0	28508	0	268	17481	103	0	16861,15807,15807,11931,11931,11931,11931	2	36	17153,0,0,0,0,0,0	154	0
171896	384	812	546	269	234	77	45	10	4062	119	292	442	253	3	88	0	0	2367	0,0,0,0,0,0	28719	0	242	17724	103	0	17084,16001,16001,12020,12020,12020,12020	2	30	17396,0,0,0,0,0,0	148	0
171917	384	808	552	259	228	77	44	10	4051	120	296	478	354	4	75	0	0	2352	0,0,0,0,0,0	28225	0	256	17977	106	0	17320,16209,16209,12123,12123,12123,12123	2	26	17649,0,0,0,0,0,0	151	0
171977	357	800	551	240	218	77	43	8	4055	123	297	466	261	5	67	0	0	2286	0,0,0,0,0,0	41990	0	205	18180	108	0	17503,16366,16366,12181,12181,12181,12181	2	16	17852,0,0,0,0,0,0	143	0
172039	335	766	571	239	211	75	43	9	4032	125	301	470	243	2	81	0	0	2240	0,0,0,0,0,0	42249	0	209	18388	111	0	17695,16531,16531,12243,12243,12243,12243	2	19	18060,0,0,0,0,0,0	133	0
172025	361	767	561	242	228	76	47	10	3995	126	308	464	221	3	80	0	0	2282	0,0,0,0,0,0	28490	0	268	18655	113	0	17948,16757,16757,12371,12371,12371,12371	2	33	18327,0,0,0,0,0,0	133	0
172060	396	734	553	236	235	78	47	7	3959	129	312	428	253	3	87	0	0	2279	0,0,0,0,0,0	28590	0	238	18891	115	0	18164,16946,16946,12456,12456,12456,12456	2	28	18563,0,0,0,0,0,0	146	0
172084	379	738	555	225	229	83	46	9	3948	133	317	423	283	5	97	0	0	2255	0,0,0,0,0,0	28469	0	221	19108	120	0	18365,17122,17122,12539,12539,12539,12539	2	24	18781,0,0,0,0,0,0	141	0
172145	342	725	545	209	242	80	45	9	3948	135	321	412	268	3	66	0	0	2188	0,0,0,0,0,0	41971	0	189	19298	121	0	18537,17269,17269,12589,12589,12589,12589	2	13	18971,0,0,0,0,0,0	139	0
172231	302	705	552	188	251	75	48	8	3925	137	324	417	232	2	78	0	0	2121	0,0,0,0,0,0	42224	0	176	19472	124	0	18693,17399,17399,12618,12618,12618,12618	2	19	19145,0,0,0,0,0,0	139	0
172308	264	686	529	206	247	71	45	8	3914	141	327	441	268	5	74	0	0	2048	0,0,0,0,0,0	42293	0	160	19630	126	0	18833,17516,17516,12645,12645,12645,12645	2	10	19303,0,0,0,0,0,0	152	0
172427	272	640	507	195	236	66	50	6	3874	143	330	411	268	3	81	0	0	1966	0,0,0,0,0,0	42621	33	167	19797	127	0	18981,17634,17634,12655,12655,12655,12655	1	14	19470,0,0,0,0,0,0	139	29
172470	293	624	478	184	247	60	49	5	3856	147	333	426	244	0	65	0	0	1935	0,0,0,0,0,0	28332	28	212	20004	133	0	19168,17797,17797,12721,12721,12721,12721	1	25	19677,0,0,0,0,0,0	134	52
172518	328	611	474	173	245	59	49	7	3795	151	336	406	286	7	84	0	0	1939	0,0,0,0,0,0	28125	28	211	20216	135	0	19360,17962,17962,12785,12785,12785,12785	1	22	19889,0,0,0,0,0,0	126	74
172598	322	628	461	179	225	54	49	9	3730	153	338	426	105	3	76	0	0	1918	0,0,0,0,0,0	28241	25	190	20405	137	0	19528,18103,18103,12823,12823,12823,12823	1	26	20078,0,0,0,0,0,0	116	93
172661	300	638	460	195	209	55	45	12	3673	158	340	454	294	2	66	0	0	1902	0,0,0,0,0,0	28127	26	189	20594	138	0	19698,18247,18247,12870,12870,12870,12870	1	18	20267,0,0,0,0,0,0	111	118
172685	311	653	446	201	195	54	46	13	3641	158	343	461	226	4	67	0	0	1906	0,0,0,0,0,0	28790	39	213	20801	145	0	19888,18414,18414,12945,12945,12945,12945	1	25	20475,0,0,0,0,0,0	121	153
172779	288	626	440	197	203	54	47	14	3594	161	343	448	253	1	66	0	0	1855	0,0,0,0,0,0	35801	27	159	20956	149	0	20023,18524,18524,12959,12959,12959,12959	1	11	20630,0,0,0,0,0,0	117	174
172887	266	600	439	193	193	58	43	12	3545	166	344	475	267	4	73	0	0	1792	0,0,0,0,0,0	35649	146	160	21111	154	0	20169,18643,18643,12973,12973,12973,12973	1	18	20786,0,0,0,0,0,0	119	302
172958	267	586	428	177	199	49	45	12	3508	168	349	456	247	2	70	0	0	1751	0,0,0,0,0,0	23417	150	162	21271	158	0	20318,18769,18769,13004,13004,13004,13004	1	20	20946,0,0,0,0,0,0	108	424
173009	279	564	419	180	205	53	40	14	3460	171	352	453	248	2	60	0	0	1740	0,0,0,0,0,0	23366	132	174	21445	159	0	20479,18908,18908,13050,13050,13050,13050	1	14	21121,0,0,0,0,0,0	108	533
173047	308	557	412	171	180	52	42	13	3437	173	354	441	252	1	63	0	0	1722	0,0,0,0,0,0	23450	130	189	21633	161	0	20655,19060,19060,13110,13110,13110,13110	1	25	21309,0,0,0,0,0,0	102	640
173131	285	550	405	158	172	50	37	13	3413	177	355	468	261	2	69	0	0	1657	0,0,0,0,0,0	23491	138	146	21776	164	0	20787,19171,19171,13127,13127,13127,13127	1	15	21452,0,0,0,0,0,0	98	758
173209	260	555	406	143	168	62	34	15	3356	180	358	465	233	4	53	0	0	1628	0,0,0,0,0,0	23289	123	162	21933	169	0	20939,19299,19299,13155,13155,13155,13155	1	16	21609,0,0,0,0,0,0	92	864
173287	238	527	419	154	162	61	29	14	3311	186	358	453	312	0	64	0	0	1590	0,0,0,0,0,0	35588	122	133	22064	173	0	21061,19399,19399,13169,13169,13169,13169	1	10	21742,0,0,0,0,0,0	101	969
173361	237	507	395	154	169	59	27	12	3276	190	359	458	239	3	40	0	0	1548	0,0,0,0,0,0	35537	160	148	22210	175	0	21236,19552,19552,13213,13213,13213,13213	1	14	21888,0,0,0,0,0,0	101	1097
173431	226	516	383	157	166	56	23	14	3221	192	361	460	306	3	71	0	0	1527	0,0,0,0,0,0	23341	155	163	22372	176	0	21424,19716,19716,13263,13263,13263,13263	1	16	22050,0,0,0,0,0,0	91	1218
173486	250	508	391	160	161	58	24	14	3134	195	365	471	256	4	46	0	0	1552	0,0,0,0,0,0	23261	139	179	22546	181	0	21617,19886,19886,13322,13322,13322,13322	1	30	22225,0,0,0,0,0,0	95	1335
173546	257	482	388	174	144	59	25	14	3091	196	370	457	267	4	73	0	0	1529	0,0,0,0,0,0	23434	156	146	22692	183	0	21787,20035,20035,13367,13367,13367,13367	1	19	22371,0,0,0,0,0,0	98	1465
173575	256	503	378	174	142	61	24	12	3049	199	373	479	219	0	49	0	0	1538	0,0,0,0,0,0	23272	159	167	22857	186	0	21978,20207,20207,13438,13438,13438,13438	1	17	22536,0,0,0,0,0,0	93	1585
173606	268	499	397	166	143	60	25	11	2996	200	375	458	79	0	47	0	0	1558	0,0,0,0,0,0	23363	151	175	23027	192	0	22168,20377,20377,13508,13508,13508,13508	1	22	22707,0,0,0,0,0,0	91	1705
173697	246	497	375	156	148	61	23	11	2953	202	377	435	250	2	38	0	0	1506	0,0,0,0,0,0	35685	154	132	23158	194	0	22319,20506,20506,13529,13529,13529,13529	1	9	22838,0,0,0,0,0,0	101	1835
173726	238	494	366	151	148	64	20	11	2945	205	378	455	275	4	60	0	0	1481	0,0,0,0,0,0	35435	63	148	23306	195	0	22499,20668,20668,13595,13595,13595,13595	1	20	22986,0,0,0,0,0,0	101	1878
173771	210	516	369	149	151	62	21	10	2900	206	381	455	269	1	59	0	0	1478	0,0,0,0,0,0	23372	69	143	23448	197	0	22668,20818,20818,13645,13645,13645,13645	1	22	23129,0,0,0,0,0,0	99	1931
173805	213	532	354	152	132	56	26	9	2877	207	383	468	303	2	56	0	0	1465	0,0,0,0,0,0	23143	85	179	23625	199	0	22868,20996,20996,13716,13716,13716,13716	1	19	23306,0,0,0,0,0,0	99	1997
173835	218	526	362	149	136	55	27	8	2835	208	387	454	261	1	64	0	0	1473	0,0,0,0,0,0	23340	69	165	23787	202	0	23061,21170,21170,13786,13786,13786,13786	1	16	23468,0,0,0,0,0,0	107	2052
173868	228	511	363	154	143	58	27	6	2789	211	388	457	314	4	58	0	0	1484	0,0,0,0,0,0	23085	60	150	23939	204	0	23240,21330,21330,13847,13847,13847,13847	1	21	23620,0,0,0,0,0,0	108	2103
173893	236	519	365	162	140	51	28	6	2744	211	391	466	312	7	62	0	0	1501	0,0,0,0,0,0	23277	69	169	24109	205	0	23437,21508,21508,13922,13922,13922,13922	1	17	23791,0,0,0,0,0,0	106	2154
173977	218	507	365	158	143	53	24	7	2684	215	395	458	246	2	45	0	0	1468	0,0,0,0,0,0	35723	56	127	24233	209	0	23594,21643,21643,13947,13947,13947,13947	1	8	23917,0,0,0,0,0,0	106	2198
174031	203	485	366	158	143	57	25	6	2656	218	398	468	229	1	48	0	0	1437	0,0,0,0,0,0	35645	204	133	24364	211	0	23735,21765,21765,13979,13979,13979,13979	1	14	24050,0,0,0,0,0,0	102	2360
174052	216	489	374	162	135	56	27	6	2611	218	400	472	299	1	58	0	0	1459	0,0,0,0,0,0	23452	184	171	24531	215	0	23911,21923,21923,14044,14044,14044,14044	1	13	24217,0,0,0,0,0,0	108	2503
173996	280	498	376	160	135	53	25	7	2593	221	402	486	98	1	48	0	0	1527	3,0,0,0,0,0	23372	216	174	24750	220	0	24143,22138,22138,14174,14174,14174,14174	1	28	24389,48,0,0,0,0,0	108	2675
173993	297	525	368	130	139	50	24	7	2585	223	405	466	71	1	56	0	0	1533	5,0,0,0,0,0	23342	207	159	24939	221	0	24340,22317,22317,14261,14261,14261,14261	1	12	24541,85,0,0,0,0,0	89	2844
173978	308	559	387	131	148	45	24	6	2526	225	409	453	283	2	43	0	0	1602	7,0,0,0,0,0	23514	220	168	25141	224	0	24553,22510,22510,14361,14361,14361,14361	1	15	24703,126,0,0,0,0,0	87	3021
173933	337	613	361	134	148	45	23	8	2508	226	410	479	301	2	66	0	0	1661	11,0,0,0,0,0	23268	198	203	25380	226	0	24802,22741,22741,14495,14495,14495,14495	1	12	24870,199,0,0,0,0,0	85	3181
173889	336	630	369	156	163	43	23	8	2489	227	413	500	244	1	50	0	0	1720	15,0,0,0,0,0	35554	184	172	25587	231	0	25017,22939,22939,14612,14612,14612,14612	1	8	25011,268,0,0,0,0,0	89	3329
173838	338	645	383	170	166	41	22	10	2487	229	417	523	239	1	56	0	0	1765	19,0,0,0,0,0	35598	163	168	25792	235	0	25311,23218,23218,14773,14773,14773,14773	1	14	25132,354,0,0,0,0,0	85	3450
173762	332	672	388	175	175	46	19	10	2513	232	422	546	254	1	76	0	0	1807	22,0,0,0,0,0	23213	176	236	26025	239	0	25626,23518,23518,14956,14956,14956,14956	1	22	25279,440,0,0,0,0,0	78	3588
