S	E	I1	I2	I3	I4	I5_h	I6_h	R_h	R	D1	D2	H	T	P1	P2	Q	QT	NQ	MUT	HOM	VAC	NI	INF	REINF	BSTR	IMM	HCI	HCE	INFV	INFH	VNI
178131	106	112	53	51	40	7	3	0	241	2	0	213	0	0	0	0	0	372	0,0,0,0,0,0	178744	0	0	372	0	0	615,615,615,615,615,615,615	0	0	0,0,0,0,0,0,0	0	0
178076	97	156	54	53	36	8	4	0	257	2	3	356	348	3	79	0	0	408	0,0,0,0,0,0	12544	0	68	440	0	0	670,670,670,670,670,670,670	0	3	68,0,0,0,0,0,0	13	0
178030	101	168	72	52	38	10	4	0	264	2	5	455	252	0	16	0	0	445	0,0,0,0,0,0	12648	0	56	497	0	0	717,717,717,717,717,717,717	0	3	125,0,0,0,0,0,0	13	0
177963	106	195	80	51	38	9	4	0	289	2	9	545	256	2	12	0	0	483	0,0,0,0,0,0	12629	0	73	570	0	0	786,786,786,786,786,786,786	0	4	198,0,0,0,0,0,0	15	0
177908	112	199	88	50	44	11	5	0	317	2	10	583	144	0	16	0	0	509	0,0,0,0,0,0	24737	0	67	637	0	0	844,844,844,844,844,844,844	0	5	265,0,0,0,0,0,0	18	0
177859	113	193	115	53	44	10	6	0	339	2	12	625	84	1	16	0	0	534	0,0,0,0,0,0	24711	0	63	699	1	0	896,896,896,896,896,896,896	0	4	328,0,0,0,0,0,0	25	0
177806	105	203	119	50	54	9	8	0	374	2	16	663	278	1	20	0	0	548	0,0,0,0,0,0	12941	0	65	764	1	0	953,953,953,953,953,953,953	0	8	393,0,0,0,0,0,0	25	0
177743	110	211	133	48	57	10	8	0	399	2	25	695	261	0	22	0	0	577	0,0,0,0,0,0	12962	0	76	839	2	0	1021,1020,1020,1019,1019,1019,1019	0	4	469,0,0,0,0,0,0	27	0
177673	110	234	132	50	63	10	8	1	432	2	31	693	258	0	18	0	0	607	0,0,0,0,0,0	12875	0	84	925	3	0	1099,1098,1098,1096,1096,1096,1096	0	5	556,0,0,0,0,0,0	30	0
177597	118	255	133	48	65	11	6	3	475	2	33	681	257	0	20	0	0	636	0,0,0,0,0,0	12901	0	89	1014	3	0	1179,1178,1178,1175,1175,1175,1175	0	9	645,0,0,0,0,0,0	27	0
177511	143	251	153	67	66	10	7	2	497	2	37	719	83	0	28	0	0	697	0,0,0,0,0,0	12903	0	113	1127	3	0	1274,1273,1273,1269,1269,1269,1269	0	10	758,0,0,0,0,0,0	34	0
177443	138	267	151	67	66	11	8	2	548	2	43	695	73	1	26	0	0	708	0,0,0,0,0,0	25004	0	83	1210	3	0	1351,1349,1349,1343,1343,1343,1343	0	7	841,0,0,0,0,0,0	39	0
177395	142	271	156	67	67	15	9	2	576	2	44	695	262	0	25	0	0	727	0,0,0,0,0,0	24802	0	82	1292	4	0	1418,1415,1415,1405,1405,1405,1405	0	6	924,0,0,0,0,0,0	46	0
177321	154	266	175	68	63	17	9	2	618	4	49	710	302	0	25	0	0	752	0,0,0,0,0,0	12994	0	95	1386	5	0	1508,1504,1504,1489,1489,1489,1489	0	9	1019,0,0,0,0,0,0	47	0
177249	162	270	173	73	73	18	10	2	660	5	51	713	265	0	19	0	0	779	0,0,0,0,0,0	12817	0	102	1488	5	0	1599,1593,1593,1572,1572,1572,1572	0	12	1121,0,0,0,0,0,0	50	0
177176	164	281	183	79	72	17	11	2	702	6	53	684	312	0	33	0	0	807	0,0,0,0,0,0	13154	0	102	1589	7	0	1693,1685,1685,1659,1659,1659,1659	0	8	1224,0,0,0,0,0,0	43	0
177094	163	301	208	73	82	22	11	3	727	6	56	703	249	2	26	0	0	860	0,0,0,0,0,0	13048	0	121	1709	9	0	1802,1792,1792,1758,1758,1758,1758	0	11	1346,0,0,0,0,0,0	42	0
177010	181	309	204	82	75	21	11	3	782	7	61	682	282	0	31	0	0	883	0,0,0,0,0,0	12981	0	120	1828	10	0	1910,1899,1899,1858,1858,1858,1858	0	17	1466,0,0,0,0,0,0	50	0
176959	171	330	202	73	90	22	12	3	815	7	62	687	268	1	23	0	0	900	0,0,0,0,0,0	24995	0	91	1920	10	0	1990,1976,1976,1926,1926,1926,1926	0	7	1558,0,0,0,0,0,0	56	0
176919	161	328	211	85	84	21	12	3	850	8	64	701	236	1	33	0	0	902	0,0,0,0,0,0	25089	0	89	2010	11	0	2066,2049,2049,1988,1988,1988,1988	0	11	1649,0,0,0,0,0,0	58	0
176842	162	350	225	88	78	20	13	3	889	9	67	722	288	3	40	0	0	936	0,0,0,0,0,0	12853	0	121	2131	11	0	2182,2161,2161,2088,2088,2088,2088	0	18	1770,0,0,0,0,0,0	57	0
176763	172	367	226	82	87	20	14	3	930	10	72	722	106	1	38	0	0	968	0,0,0,0,0,0	13102	0	122	2254	12	0	2296,2272,2272,2186,2186,2186,2186	1	15	1894,0,0,0,0,0,0	55	0
176657	197	366	245	93	97	18	13	5	972	10	73	721	276	0	32	0	0	1029	0,0,0,0,0,0	13036	0	153	2405	14	0	2435,2408,2408,2312,2312,2312,2312	1	18	2047,0,0,0,0,0,0	58	0
176578	207	386	241	93	98	22	16	5	1007	10	83	725	145	0	45	0	0	1063	0,0,0,0,0,0	12985	0	135	2542	14	0	2570,2537,2537,2422,2422,2422,2422	1	13	2184,0,0,0,0,0,0	59	0
176485	215	409	254	96	101	22	14	6	1045	10	89	700	331	2	45	0	0	1111	0,0,0,0,0,0	13114	0	151	2694	15	0	2710,2673,2673,2542,2542,2542,2542	1	21	2337,0,0,0,0,0,0	68	0
176412	198	433	265	106	104	23	15	6	1082	10	92	722	262	1	32	0	0	1144	0,0,0,0,0,0	24773	0	131	2825	15	0	2832,2791,2791,2643,2643,2643,2643	1	13	2468,0,0,0,0,0,0	72	0
176319	208	442	288	96	107	26	15	6	1134	11	94	674	311	3	40	0	0	1182	0,0,0,0,0,0	24910	0	156	2982	15	0	2981,2934,2934,2766,2766,2766,2766	1	9	2625,0,0,0,0,0,0	72	0
176206	238	456	278	99	114	27	15	5	1196	12	100	659	226	1	46	0	0	1227	0,0,0,0,0,0	13086	0	171	3151	17	0	3144,3092,3092,2907,2907,2907,2907	1	14	2794,0,0,0,0,0,0	74	0
176095	259	474	271	113	109	28	16	5	1258	14	104	672	286	2	42	0	0	1270	0,0,0,0,0,0	13049	0	174	3324	18	0	3309,3251,3251,3047,3047,3047,3047	1	18	2968,0,0,0,0,0,0	68	0
176004	258	503	277	115	127	27	16	6	1291	14	108	640	121	2	43	0	0	1323	0,0,0,0,0,0	13136	0	171	3494	19	0	3469,3404,3404,3175,3175,3175,3175	1	16	3138,0,0,0,0,0,0	70	0
175875	274	525	281	129	141	24	15	7	1348	15	112	636	262	2	50	0	0	1389	0,0,0,0,0,0	12985	0	191	3685	20	0	3655,3585,3585,3334,3334,3334,3334	1	23	3329,0,0,0,0,0,0	73	0
175757	285	538	302	143	160	25	14	8	1383	16	115	625	313	2	59	0	0	1467	0,0,0,0,0,0	12961	0	187	3874	20	0	3834,3758,3758,3485,3485,3485,3485	1	22	3518,0,0,0,0,0,0	61	0
175676	291	532	306	144	164	27	15	9	1447	17	118	614	319	4	50	0	0	1479	0,0,0,0,0,0	24996	0	171	4043	22	0	3996,3911,3911,3608,3608,3608,3608	1	12	3688,0,0,0,0,0,0	63	0
175599	287	566	306	148	179	32	12	9	1469	19	120	637	243	1	73	0	0	1530	0,0,0,0,0,0	24940	0	173	4217	22	0	4157,4064,4064,3730,3730,3730,3730	1	11	3862,0,0,0,0,0,0	63	0
175487	306	579	344	149	172	32	11	5	1516	21	124	622	265	2	69	0	0	1593	0,0,0,0,0,0	13159	0	211	4430	22	0	4363,4260,4260,3891,3891,3891,3891	1	23	4075,0,0,0,0,0,0	60	0
175315	345	602	354	152	164	32	12	5	1617	22	126	653	306	4	56	0	0	1661	0,0,0,0,0,0	12913	0	242	4671	24	0	4600,4490,4490,4095,4095,4095,4095	1	29	4316,0,0,0,0,0,0	58	0
175188	333	664	379	138	168	32	13	4	1675	22	130	605	288	2	63	0	0	1727	0,0,0,0,0,0	12938	0	212	4884	24	0	4805,4687,4687,4263,4263,4263,4263	1	21	4529,0,0,0,0,0,0	65	0
175027	359	701	396	144	163	37	13	4	1743	22	137	606	275	3	55	0	0	1813	0,0,0,0,0,0	12977	0	247	5133	25	0	5050,4924,4924,4469,4469,4469,4469	1	23	4778,0,0,0,0,0,0	71	0
174870	380	702	433	168	179	38	15	4	1794	23	140	581	282	4	52	0	0	1915	0,0,0,0,0,0	12903	0	256	5389	26	0	5297,5161,5161,4672,4672,4672,4672	1	22	5034,0,0,0,0,0,0	84	0
174767	371	708	429	174	178	38	16	3	1893	24	145	596	261	3	76	0	0	1914	0,0,0,0,0,0	24899	0	212	5602	27	0	5502,5356,5356,4829,4829,4829,4829	1	9	5247,0,0,0,0,0,0	87	0
174644	372	743	440	173	190	40	21	1	1951	24	147	612	293	4	63	0	0	1979	0,0,0,0,0,0	24806	0	236	5839	27	0	5728,5571,5571,5005,5005,5005,5005	1	27	5484,0,0,0,0,0,0	94	0
174522	380	774	443	169	216	47	23	2	1995	24	151	621	299	3	79	0	0	2052	0,0,0,0,0,0	13194	0	260	6100	28	0	5982,5811,5811,5195,5195,5195,5195	1	28	5745,0,0,0,0,0,0	94	0
174314	398	848	448	182	226	48	20	2	2079	28	153	574	243	2	85	0	0	2170	0,0,0,0,0,0	13181	0	323	6423	29	0	6292,6109,6109,5454,5454,5454,5454	2	39	6069,0,0,0,0,0,0	103	0
174136	435	851	484	204	233	49	20	4	2147	29	154	569	287	4	89	0	0	2276	0,0,0,0,0,0	13049	0	302	6726	30	0	6586,6391,6391,5691,5691,5691,5691	2	31	6372,0,0,0,0,0,0	109	0
173947	456	867	525	211	222	50	25	4	2251	30	158	556	325	7	84	0	0	2356	0,0,0,0,0,0	12833	0	306	7031	32	0	6884,6678,6678,5936,5936,5936,5936	2	30	6677,0,0,0,0,0,0	108	0
173774	464	894	538	225	225	57	28	5	2343	33	160	569	129	0	83	0	0	2431	0,0,0,0,0,0	12917	0	309	7344	34	0	7189,6969,6969,6176,6176,6176,6176	2	28	6991,0,0,0,0,0,0	114	0
173675	487	882	559	222	228	62	28	5	2396	36	166	559	302	2	79	0	0	2468	0,0,0,0,0,0	25090	0	265	7611	35	0	7449,7212,7212,6357,6357,6357,6357	2	26	7258,0,0,0,0,0,0	133	0
173543	470	881	575	234	252	63	30	5	2488	37	168	542	301	2	92	0	0	2505	0,0,0,0,0,0	24906	0	270	7881	36	0	7711,7460,7460,6556,6556,6556,6556	2	25	7528,0,0,0,0,0,0	139	0
173340	504	924	586	232	247	63	31	7	2602	40	170	558	304	3	114	0	0	2587	0,0,0,0,0,0	13156	0	351	8232	38	0	8052,7787,7787,6829,6829,6829,6829	2	40	7879,0,0,0,0,0,0	150	0
173122	525	963	612	241	256	58	31	5	2720	41	172	553	287	8	87	0	0	2686	0,0,0,0,0,0	12969	0	336	8571	38	0	8382,8105,8105,7103,7103,7103,7103	2	41	8218,0,0,0,0,0,0	156	0
172959	522	977	608	233	272	59	34	4	2861	41	176	538	269	5	96	0	0	2705	0,0,0,0,0,0	28637	0	314	8886	38	0	8691,8398,8398,7339,7339,7339,7339	2	43	8533,0,0,0,0,0,0	138	0
172817	503	995	617	252	282	65	33	5	2955	44	178	513	350	5	99	0	0	2747	0,0,0,0,0,0	28660	0	323	9207	40	0	9001,8690,8690,7566,7566,7566,7566	3	46	8854,0,0,0,0,0,0	134	0
172681	509	1008	622	258	281	63	38	4	3059	45	178	521	314	8	109	0	0	2779	0,0,0,0,0,0	28578	0	324	9531	40	0	9312,8982,8982,7790,7790,7790,7790	2	37	9178,0,0,0,0,0,0	143	0
172570	491	1018	650	274	273	69	38	4	3130	48	181	488	237	0	85	0	0	2813	0,0,0,0,0,0	42401	0	305	9834	43	0	9605,9256,9256,7993,7993,7993,7993	2	21	9481,0,0,0,0,0,0	151	0
172444	477	1000	654	281	281	65	39	4	3264	52	185	496	260	6	97	0	0	2797	0,0,0,0,0,0	42428	0	289	10122	45	0	9886,9521,9521,8197,8197,8197,8197	2	25	9769,0,0,0,0,0,0	139	0
172315	485	1014	654	279	268	74	41	3	3374	52	187	469	325	2	115	0	0	2815	0,0,0,0,0,0	28343	0	331	10453	47	0	10206,9820,9820,8423,8423,8423,8423	2	43	10100,0,0,0,0,0,0	150	0
172225	462	997	656	292	263	72	46	2	3485	54	192	463	315	5	96	0	0	2788	0,0,0,0,0,0	28613	0	293	10744	51	0	10487,10081,10081,8607,8607,8607,8607	2	34	10393,0,0,0,0,0,0	150	0
172104	469	978	689	299	280	77	44	1	3553	60	192	455	302	4	119	0	0	2836	0,0,0,0,0,0	28662	0	312	11056	53	0	10787,10361,10361,8817,8817,8817,8817	3	44	10705,0,0,0,0,0,0	147	0
172018	462	978	707	284	276	81	40	2	3638	64	196	448	271	5	97	0	0	2828	0,0,0,0,0,0	28450	0	296	11351	55	0	11070,10623,10623,9002,9002,9002,9002	3	40	11000,0,0,0,0,0,0	152	0
171910	481	991	673	262	286	81	40	1	3752	68	201	445	261	7	100	0	0	2814	0,0,0,0,0,0	28659	0	316	11668	57	0	11375,10907,10907,9209,9209,9209,9209	3	44	11317,0,0,0,0,0,0	150	0
171891	473	984	654	255	293	84	46	1	3791	69	205	454	219	4	91	0	0	2789	0,0,0,0,0,0	42568	0	265	11932	61	0	11626,11134,11134,9344,9344,9344,9344	3	24	11581,0,0,0,0,0,0	144	0
171848	441	986	653	269	262	77	44	2	3881	72	211	453	310	5	95	0	0	2732	0,0,0,0,0,0	42399	0	273	12202	66	0	11887,11371,11371,9496,9496,9496,9496	3	23	11852,0,0,0,0,0,0	155	0
171810	451	937	656	282	271	75	49	2	3927	74	212	452	328	5	100	0	0	2721	0,0,0,0,0,0	28471	0	272	12475	67	0	12145,11605,11605,9645,9645,9645,9645	3	26	12125,0,0,0,0,0,0	146	0
171781	431	929	664	281	266	78	48	4	3972	77	215	438	240	6	101	0	0	2697	0,0,0,0,0,0	28265	0	272	12748	68	0	12402,11838,11838,9787,9787,9787,9787	2	32	12398,0,0,0,0,0,0	139	0
171712	432	921	699	290	256	80	45	5	4006	81	219	441	289	7	98	0	0	2723	0,0,0,0,0,0	28682	0	294	13041	70	0	12683,12096,12096,9961,9961,9961,9961	2	29	12691,0,0,0,0,0,0	135	0
171662	433	927	664	309	253	83	40	6	4060	86	223	404	256	1	86	0	0	2709	0,0,0,0,0,0	28509	0	292	13332	73	0	12961,12349,12349,10124,10124,10124,10124	2	32	12982,0,0,0,0,0,0	142	0
171603	448	941	679	299	241	87	38	7	4089	90	224	433	294	2	91	0	0	2733	0,0,0,0,0,0	28589	0	308	13637	76	0	13250,12613,12613,10296,10296,10296,10296	2	28	13287,0,0,0,0,0,0	139	0
171609	445	896	670	302	265	83	39	9	4112	90	226	444	319	5	83	0	0	2700	0,0,0,0,0,0	42499	0	249	13886	76	0	13483,12821,12821,10410,10410,10410,10410	2	30	13536,0,0,0,0,0,0	149	0
171638	439	843	662	298	273	80	41	11	4140	91	230	427	258	4	96	0	0	2636	0,0,0,0,0,0	42290	0	242	14129	76	0	13710,13021,13021,10509,10509,10509,10509	2	18	13779,0,0,0,0,0,0	140	0
171612	415	910	623	296	271	81	44	11	4154	93	236	429	259	6	123	0	0	2640	0,0,0,0,0,0	28638	0	290	14418	78	0	13986,13270,13270,10659,10659,10659,10659	2	27	14068,0,0,0,0,0,0	140	0
171598	426	890	625	271	276	84	51	11	4183	93	238	439	236	7	92	0	0	2623	0,0,0,0,0,0	28575	0	275	14694	79	0	14244,13501,13501,10792,10792,10792,10792	2	25	14344,0,0,0,0,0,0	140	0
171600	412	916	608	255	273	83	51	13	4200	96	239	432	350	4	102	0	0	2598	0,0,0,0,0,0	28462	0	269	14964	79	0	14496,13726,13726,10916,10916,10916,10916	2	29	14614,0,0,0,0,0,0	156	0
171522	440	892	612	260	277	88	49	14	4253	98	241	428	274	6	99	0	0	2618	0,0,0,0,0,0	28561	0	295	15258	83	0	14775,13983,13983,11092,11092,11092,11092	2	36	14909,0,0,0,0,0,0	150	0
171481	477	910	621	243	286	82	51	13	4241	100	241	416	259	4	111	0	0	2670	0,0,0,0,0,0	28638	0	328	15586	83	0	15082,14262,14262,11264,11264,11264,11264	2	35	15237,0,0,0,0,0,0	152	0
171496	458	888	618	242	279	83	49	16	4268	103	246	413	227	1	83	0	0	2617	0,0,0,0,0,0	42167	0	235	15823	84	0	15306,14460,14460,11367,11367,11367,11367	2	24	15474,0,0,0,0,0,0	158	0
171526	418	913	616	251	272	79	53	16	4250	105	247	402	315	7	99	0	0	2602	0,0,0,0,0,0	42626	0	260	16079	88	0	15543,14669,14669,11469,11469,11469,11469	2	29	15730,0,0,0,0,0,0	156	0
171524	396	919	628	271	277	83	50	14	4229	108	247	413	252	2	79	0	0	2624	0,0,0,0,0,0	28540	0	283	16358	94	0	15803,14900,14900,11598,11598,11598,11598	2	26	16010,0,0,0,0,0,0	145	0
171489	414	942	614	275	249	76	50	13	4266	110	248	418	224	3	109	0	0	2620	0,0,0,0,0,0	28665	0	302	16659	96	0	16083,15154,15154,11752,11752,11752,11752	2	33	16311,0,0,0,0,0,0	145	0
171474	408	953	631	283	254	74	47	12	4247	113	250	433	227	0	96	0	0	2650	0,0,0,0,0,0	28537	0	292	16952	96	0	16357,15400,15400,11893,11893,11893,11893	2	28	16604,0,0,0,0,0,0	141	0
171463	418	913	641	298	255	79	47	14	4250	116	252	397	246	3	91	0	0	2651	0,0,0,0,0,0	28492	0	287	17236	100	0	16622,15638,15638,12028,12028,12028,12028	2	30	16888,0,0,0,0,0,0	152	0
171441	440	886	660	287	257	79	49	10	4266	116	255	414	318	4	92	0	0	2658	0,0,0,0,0,0	28530	0	297	17528	106	0	16897,15885,15885,12172,12172,12172,12172	2	44	17180,0,0,0,0,0,0	152	0
171447	416	861	656	280	266	84	44	14	4297	118	263	400	269	6	86	0	0	2607	0,0,0,0,0,0	41992	0	240	17768	108	0	17123,16086,16086,12280,12280,12280,12280	2	13	17420,0,0,0,0,0,0	144	0
171480	408	848	628	265	264	88	47	12	4320	120	266	400	236	3	71	0	0	2548	0,0,0,0,0,0	42049	0	248	18012	112	0	17350,16284,16284,12374,12374,12374,12374	2	18	17664,0,0,0,0,0,0	149	0
171504	421	856	608	262	266	81	46	12	4300	124	266	403	280	5	105	0	0	2540	0,0,0,0,0,0	28550	0	277	18284	118	0	17600,16505,16505,12483,12483,12483,12483	2	29	17937,0,0,0,0,0,0	145	0
171522	429	878	608	258	245	79	47	13	4269	127	271	428	86	2	96	0	0	2544	0,0,0,0,0,0	28584	0	284	18565	122	0	17861,16735,16735,12600,12600,12600,12600	2	25	18218,0,0,0,0,0,0	148	0
171519	459	875	627	257	226	85	51	10	4238	127	272	425	269	3	87	0	0	2580	0,0,0,0,0,0	28428	0	290	18853	124	0	18128,16974,16974,12731,12731,12731,12731	2	29	18506,0,0,0,0,0,0	144	0
171469	451	892	628	246	242	86	52	12	4264	130	274	452	231	3	85	0	0	2597	0,0,0,0,0,0	28410	0	277	19130	126	0	18388,17211,17211,12881,12881,12881,12881	2	19	18783,0,0,0,0,0,0	148	0
171489	433	928	635	256	244	87	50	12	4205	131	276	426	271	5	86	0	0	2633	0,0,0,0,0,0	28488	0	284	19411	130	0	18648,17441,17441,12996,12996,12996,12996	2	23	19064,0,0,0,0,0,0	152	0
171510	400	898	640	262	253	85	50	12	4224	133	279	429	103	2	81	0	0	2588	0,0,0,0,0,0	42416	0	238	19646	134	0	18865,17632,17632,13090,13090,13090,13090	2	14	19300,0,0,0,0,0,0	158	0
171536	390	861	652	243	256	95	50	14	4231	135	283	419	331	8	92	0	0	2547	0,0,0,0,0,0	42260	0	239	19884	136	0	19086,17826,17826,13183,13183,13183,13183	2	22	19538,0,0,0,0,0,0	168	0
171523	395	878	640	232	250	91	47	16	4250	139	285	425	276	6	115	0	0	2533	0,0,0,0,0,0	28577	0	283	20163	141	0	19345,18059,18059,13314,13314,13314,13314	2	28	19817,0,0,0,0,0,0	184	0
171571	413	829	650	236	248	86	49	17	4221	140	286	406	269	2	90	0	0	2511	0,0,0,0,0,0	28550	0	257	20418	144	0	19575,18259,18259,13399,13399,13399,13399	2	31	20072,0,0,0,0,0,0	166	0
171602	430	810	652	230	235	87	47	16	4203	145	289	407	262	4	85	0	0	2491	0,0,0,0,0,0	28559	0	260	20676	147	0	19813,18467,18467,13496,13496,13496,13496	2	26	20331,0,0,0,0,0,0	160	0
171649	432	795	639	232	233	82	45	15	4184	148	292	400	225	1	66	0	0	2458	0,0,0,0,0,0	42334	0	230	20905	150	0	20022,18648,18648,13571,13571,13571,13571	2	17	20560,0,0,0,0,0,0	152	0
171752	376	807	634	224	222	93	41	18	4132	152	295	398	271	2	75	0	0	2397	0,0,0,0,0,0	42143	0	196	21097	155	0	20193,18789,18789,13599,13599,13599,13599	2	17	20752,0,0,0,0,0,0	151	0
171828	353	787	619	225	234	88	42	15	4103	154	298	402	251	4	75	0	0	2348	0,0,0,0,0,0	42433	0	209	21305	156	0	20381,18948,18948,13650,13650,13650,13650	2	15	20960,0,0,0,0,0,0	156	0
171878	357	732	585	219	245	90	43	16	4125	156	300	386	92	1	75	0	0	2271	0,0,0,0,0,0	42257	24	218	21520	159	0	20576,19117,19117,13717,13717,13717,13717	2	12	21175,0,0,0,0,0,0	159	22
171919	355	717	570	233	240	86	41	15	4109	159	302	396	308	5	94	0	0	2242	0,0,0,0,0,0	28407	28	226	21740	167	0	20776,19291,19291,13790,13790,13790,13790	2	29	21395,0,0,0,0,0,0	148	49
171948	352	751	557	233	242	84	41	15	4058	163	302	406	264	2	74	0	0	2260	0,0,0,0,0,0	28492	31	240	21980	169	0	20991,19479,19479,13876,13876,13876,13876	2	26	21635,0,0,0,0,0,0	140	75
172010	339	762	542	233	242	76	41	14	4017	166	304	409	214	3	86	0	0	2235	0,0,0,0,0,0	28513	29	219	22199	170	0	21189,19648,19648,13937,13937,13937,13937	1	20	21854,0,0,0,0,0,0	138	99
172048	356	738	524	234	236	77	41	14	4007	166	305	396	323	3	89	0	0	2206	0,0,0,0,0,0	28550	30	237	22435	171	0	21402,19835,19835,14017,14017,14017,14017	2	28	22090,0,0,0,0,0,0	143	125
172095	362	751	533	214	214	87	38	14	3961	172	305	413	253	2	79	0	0	2199	0,0,0,0,0,0	28435	23	252	22682	176	0	21625,20027,20027,14097,14097,14097,14097	2	30	22337,0,0,0,0,0,0	138	144
172144	362	735	510	222	217	88	37	13	3936	176	306	396	81	3	82	0	0	2171	0,0,0,0,0,0	35503	37	216	22898	176	0	21819,20195,20195,14163,14163,14163,14163	2	31	22553,0,0,0,0,0,0	149	174
172179	340	739	513	218	222	79	39	10	3920	181	306	387	251	2	90	0	0	2150	0,0,0,0,0,0	35797	122	208	23105	178	0	22014,20366,20366,14237,14237,14237,14237	2	24	22761,0,0,0,0,0,0	144	283
172191	339	734	537	214	213	75	39	7	3903	186	308	403	242	6	82	0	0	2151	0,0,0,0,0,0	23317	113	227	23331	180	0	22230,20558,20558,14331,14331,14331,14331	2	30	22987,0,0,0,0,0,0	139	379
172211	365	742	551	215	198	73	37	8	3847	188	311	420	241	2	79	0	0	2181	0,0,0,0,0,0	23322	117	244	23571	184	0	22458,20760,20760,14425,14425,14425,14425	2	29	23227,0,0,0,0,0,0	136	473
172273	342	748	534	216	212	73	37	8	3800	191	312	398	260	5	67	0	0	2162	0,0,0,0,0,0	23337	147	223	23789	190	0	22662,20935,20935,14488,14488,14488,14488	2	22	23445,0,0,0,0,0,0	133	596
172318	308	791	515	209	210	66	35	10	3777	195	312	409	331	4	90	0	0	2134	0,0,0,0,0,0	23378	118	216	24002	195	0	22861,21108,21108,14556,14556,14556,14556	2	23	23658,0,0,0,0,0,0	118	696
172359	324	769	522	214	208	64	34	8	3735	196	313	424	268	1	65	0	0	2135	0,0,0,0,0,0	23188	135	231	24235	195	0	23077,21298,21298,14634,14634,14634,14634	2	18	23891,0,0,0,0,0,0	122	815
172463	318	702	524	218	201	60	32	7	3706	200	315	423	274	2	68	0	0	2055	0,0,0,0,0,0	35651	139	173	24408	197	0	23241,21433,21433,14657,14657,14657,14657	2	12	24064,0,0,0,0,0,0	122	928
172517	308	671	521	206	207	56	30	7	3700	205	318	443	303	3	73	0	0	1999	0,0,0,0,0,0	35599	161	186	24594	197	0	23449,21617,21617,14726,14726,14726,14726	2	13	24250,0,0,0,0,0,0	114	1063
172554	316	672	491	196	196	58	29	7	3697	208	322	433	262	5	82	0	0	1958	0,0,0,0,0,0	23311	173	203	24800	198	0	23672,21815,21815,14809,14809,14809,14809	1	16	24456,0,0,0,0,0,0	108	1200
172575	337	688	488	193	201	58	27	7	3638	210	324	427	253	6	80	0	0	1992	0,0,0,0,0,0	23442	159	244	25043	200	0	23925,22042,22042,14915,14915,14915,14915	1	23	24699,0,0,0,0,0,0	108	1322
172576	366	667	469	187	204	56	27	6	3651	212	325	430	278	4	53	0	0	1976	0,0,0,0,0,0	23451	145	224	25268	201	0	24173,22267,22267,15028,15028,15028,15028	1	19	24924,0,0,0,0,0,0	101	1437
172625	363	676	478	181	192	53	27	6	3605	213	327	454	328	5	75	0	0	1970	0,0,0,0,0,0	23360	155	207	25474	204	0	24394,22463,22463,15104,15104,15104,15104	1	26	25130,0,0,0,0,0,0	97	1561
172670	308	723	444	173	192	50	29	7	3604	215	331	443	242	6	71	0	0	1919	0,0,0,0,0,0	23368	156	185	25656	207	0	24603,22648,22648,15175,15175,15175,15175	1	16	25312,0,0,0,0,0,0	87	1685
172713	293	728	457	193	190	48	26	7	3542	217	332	434	228	5	75	0	0	1935	0,0,0,0,0,0	35477	143	195	25850	208	0	24817,22839,22839,15252,15252,15252,15252	1	10	25506,0,0,0,0,0,0	99	1800
172795	265	704	454	200	181	52	29	9	3507	217	333	429	255	4	63	0	0	1885	0,0,0,0,0,0	35956	66	167	26016	209	0	25011,23008,23008,15298,15298,15298,15298	1	15	25672,0,0,0,0,0,0	87	1851
172833	281	668	460	199	186	51	27	9	3475	220	337	452	245	1	63	0	0	1872	0,0,0,0,0,0	23106	64	196	26211	212	0	25238,23211,23211,15381,15381,15381,15381	1	23	25867,0,0,0,0,0,0	89	1901
172872	276	644	470	198	193	52	24	10	3446	221	340	442	105	4	71	0	0	1857	0,0,0,0,0,0	23649	64	188	26402	212	0	25453,23403,23403,15456,15456,15456,15456	1	21	26058,0,0,0,0,0,0	90	1946
172911	270	650	443	200	176	51	25	8	3448	222	342	466	243	1	81	0	0	1815	0,0,0,0,0,0	23276	72	195	26593	217	0	25668,23594,23594,15531,15531,15531,15531	1	26	26250,0,0,0,0,0,0	92	2000
172969	284	608	455	199	181	52	25	7	3395	225	346	457	285	5	58	0	0	1804	0,0,0,0,0,0	23458	54	191	26779	222	0	25879,23781,23781,15596,15596,15596,15596	1	16	26436,0,0,0,0,0,0	83	2039
173018	280	583	449	192	183	52	23	8	3378	226	354	461	238	3	61	0	0	1762	0,0,0,0,0,0	23305	75	169	26948	224	0	26078,23957,23957,15658,15658,15658,15658	1	17	26605,0,0,0,0,0,0	86	2088
173106	274	551	465	176	207	54	24	9	3298	226	356	435	193	0	57	0	0	1751	0,0,0,0,0,0	35762	73	162	27108	227	0	26259,24113,24113,15693,15693,15693,15693	1	6	26766,0,0,0,0,0,0	93	2146
173162	258	556	441	173	198	57	25	8	3284	227	357	470	257	3	78	0	0	1708	0,0,0,0,0,0	35792	176	158	27265	229	0	26421,24254,24254,15734,15734,15734,15734	1	9	26924,0,0,0,0,0,0	101	2286
173193	267	540	444	166	210	57	23	8	3251	229	358	477	267	5	85	0	0	1707	0,0,0,0,0,0	23072	201	189	27450	234	0	26612,24423,24423,15800,15800,15800,15800	1	23	27110,0,0,0,0,0,0	101	2441
173226	293	569	428	152	200	57	24	9	3198	231	359	497	85	1	60	0	0	1723	1,0,0,0,0,0	23465	200	176	27651	239	0	26813,24601,24601,15870,15870,15870,15870	1	25	27281,30,0,0,0,0,0	90	2594
173210	282	635	406	160	203	51	24	10	3169	232	364	502	240	6	55	0	0	1761	5,0,0,0,0,0	23530	195	160	27858	244	0	27031,24800,24800,15973,15973,15973,15973	1	15	27431,89,0,0,0,0,0	87	2751
173181	338	644	428	172	192	52	24	10	3100	234	371	505	340	1	71	0	0	1850	8,0,0,0,0,0	23252	212	211	28115	246	0	27292,25038,25038,16104,16104,16104,16104	1	18	27612,166,0,0,0,0,0	86	2916
173150	386	655	425	177	195	46	21	11	3071	236	373	536	321	8	62	0	0	1905	11,0,0,0,0,0	23301	191	229	28368	248	0	27547,25271,25271,16233,16233,16233,16233	1	21	27806,225,0,0,0,0,0	82	3062
173182	383	676	429	179	182	49	26	10	3015	236	379	507	248	1	51	0	0	1924	15,0,0,0,0,0	35606	208	175	28577	254	0	27767,25467,25467,16315,16315,16315,16315	1	9	27941,301,0,0,0,0,0	86	3226
173154	368	724	434	181	183	42	28	9	3001	237	385	515	260	3	61	0	0	1960	19,0,0,0,0,0	35547	170	201	28812	259	0	28077,25756,25756,16470,16470,16470,16470	1	14	28072,407,0,0,0,0,0	95	3355
173124	330	775	446	192	179	44	28	9	2990	238	391	500	271	3	80	0	0	1994	22,0,0,0,0,0	23405	181	216	29025	264	0	28368,26028,26028,16615,16615,16615,16615	1	16	28202,491,0,0,0,0,0	89	3498
