S	E	I1	I2	I3	I4	I5_h	I6_h	R_h	R	D1	D2	H	T	P1	P2	Q	QT	NQ	MUT	HOM	VAC	NI	INF	REINF	BSTR	IMM	HCI	HCE	INFV	INFH	VNI
178114	112	111	50	50	45	8	3	0	253	0	0	219	0	0	0	0	0	379	0,0,0,0,0,0	178746	0	0	379	0	0	632,632,632,632,632,632,632	0	0	0,0,0,0,0,0,0	0	0
178074	93	159	48	51	35	9	4	0	272	0	1	300	335	0	82	0	0	399	0,0,0,0,0,0	12358	0	56	435	0	0	672,672,672,672,672,672,672	0	6	56,0,0,0,0,0,0	13	0
178006	95	177	65	52	37	10	4	0	298	0	2	407	102	0	11	0	0	440	0,0,0,0,0,0	12700	0	74	509	0	0	740,740,740,740,740,740,740	0	3	130,0,0,0,0,0,0	13	0
177945	109	189	75	49	37	13	4	0	321	0	4	479	144	0	17	0	0	476	0,0,0,0,0,0	12747	0	74	583	0	0	803,803,803,803,803,803,803	0	7	204,0,0,0,0,0,0	15	0
177908	103	193	82	47	38	14	5	0	349	0	7	559	274	1	17	0	0	482	0,0,0,0,0,0	24838	0	52	636	0	0	842,842,842,842,842,842,842	0	3	257,0,0,0,0,0,0	18	0
177865	94	220	90	44	32	13	6	0	372	0	10	610	104	1	15	0	0	499	0,0,0,0,0,0	24584	0	62	698	0	0	890,890,890,890,890,890,890	0	3	319,0,0,0,0,0,0	21	0
177804	108	221	110	45	45	10	5	1	386	1	10	641	90	0	16	0	0	544	0,0,0,0,0,0	12927	0	82	779	1	0	956,956,956,955,955,955,955	0	6	401,0,0,0,0,0,0	18	0
177737	117	219	124	50	47	13	6	0	416	1	16	659	255	1	20	0	0	576	0,0,0,0,0,0	12859	0	74	853	1	0	1028,1028,1028,1026,1026,1026,1026	0	4	475,0,0,0,0,0,0	19	0
177663	125	238	134	52	58	12	5	0	439	2	18	696	322	1	22	0	0	624	0,0,0,0,0,0	13018	0	97	948	3	0	1108,1107,1107,1105,1105,1105,1105	0	10	572,0,0,0,0,0,0	21	0
177587	133	263	142	55	62	12	4	0	465	3	20	708	264	2	32	0	0	671	0,0,0,0,0,0	12916	0	98	1046	3	0	1195,1193,1193,1189,1189,1189,1189	0	6	670,0,0,0,0,0,0	24	0
177517	150	265	145	65	57	12	4	0	500	3	28	722	267	1	20	0	0	698	0,0,0,0,0,0	13051	0	87	1133	4	0	1274,1273,1273,1267,1267,1267,1267	0	6	758,0,0,0,0,0,0	22	0
177465	136	280	144	64	59	14	5	0	542	3	34	720	98	2	24	0	0	702	0,0,0,0,0,0	24802	0	71	1205	4	0	1340,1338,1338,1329,1329,1329,1329	0	4	830,0,0,0,0,0,0	27	0
177416	123	267	164	59	72	17	6	0	580	3	39	680	252	3	18	0	0	708	0,0,0,0,0,0	24923	0	72	1277	4	0	1399,1396,1396,1385,1385,1385,1385	0	12	902,0,0,0,0,0,0	30	0
177337	133	274	172	68	80	19	7	0	609	3	44	688	88	2	25	0	0	753	0,0,0,0,0,0	13059	0	103	1380	4	0	1493,1489,1489,1475,1475,1475,1475	0	6	1005,0,0,0,0,0,0	33	0
177255	140	314	175	68	80	20	6	0	638	5	45	693	271	1	37	0	0	803	0,0,0,0,0,0	12969	0	114	1491	7	0	1593,1587,1587,1567,1567,1567,1567	0	10	1119,0,0,0,0,0,0	41	0
177182	152	300	195	69	82	20	8	0	681	5	52	679	345	3	24	0	0	826	0,0,0,0,0,0	12886	0	100	1591	8	0	1688,1680,1680,1653,1653,1653,1653	0	6	1220,0,0,0,0,0,0	41	0
177123	167	297	198	74	85	20	9	0	710	6	57	689	261	0	28	0	0	850	0,0,0,0,0,0	13041	0	100	1690	10	0	1774,1764,1764,1730,1730,1730,1730	0	10	1321,0,0,0,0,0,0	37	0
177040	154	347	199	73	83	23	9	0	748	6	64	713	295	1	31	0	0	888	0,0,0,0,0,0	12827	0	119	1809	12	0	1886,1874,1874,1830,1830,1830,1830	0	10	1442,0,0,0,0,0,0	38	0
176975	167	350	212	80	60	24	10	2	790	6	70	704	273	1	41	0	0	903	0,0,0,0,0,0	25056	0	114	1924	12	0	1987,1972,1972,1919,1919,1919,1919	0	7	1557,0,0,0,0,0,0	56	0
176900	186	362	219	77	71	25	8	2	812	8	76	701	255	2	32	0	0	948	0,0,0,0,0,0	24975	0	121	2045	14	0	2099,2081,2081,2016,2016,2016,2016	0	6	1680,0,0,0,0,0,0	56	0
176816	194	367	232	83	85	22	12	2	847	8	78	709	87	0	42	0	0	995	0,0,0,0,0,0	13038	0	131	2175	15	0	2222,2200,2200,2122,2122,2122,2122	0	10	1811,0,0,0,0,0,0	47	0
176732	197	393	239	73	83	19	14	3	902	8	83	688	99	0	24	0	0	1018	0,0,0,0,0,0	12979	0	126	2303	15	0	2339,2314,2314,2226,2226,2226,2226	0	10	1939,0,0,0,0,0,0	44	0
176656	214	391	247	69	98	22	12	3	935	11	88	716	234	2	33	0	0	1053	0,0,0,0,0,0	13059	0	128	2433	15	0	2463,2434,2434,2329,2329,2329,2329	0	10	2069,0,0,0,0,0,0	47	0
176574	222	394	242	84	109	24	13	3	981	11	89	708	315	1	39	0	0	1088	0,0,0,0,0,0	12970	0	132	2564	16	0	2581,2548,2548,2432,2432,2432,2432	0	10	2201,0,0,0,0,0,0	43	0
176452	244	432	247	96	103	28	16	3	1020	11	94	721	252	4	42	0	0	1166	0,0,0,0,0,0	13029	0	182	2746	16	0	2754,2717,2717,2583,2583,2583,2583	0	17	2383,0,0,0,0,0,0	51	0
176343	246	461	267	102	106	33	19	3	1054	11	101	745	340	2	43	0	0	1234	0,0,0,0,0,0	25015	0	157	2902	17	0	2909,2867,2867,2717,2717,2717,2717	0	11	2540,0,0,0,0,0,0	58	0
176279	234	459	285	107	117	33	16	4	1098	13	101	725	240	1	43	0	0	1251	0,0,0,0,0,0	24892	0	139	3042	19	0	3035,2987,2987,2815,2815,2815,2815	0	10	2681,0,0,0,0,0,0	57	0
176164	242	494	284	106	130	37	18	4	1148	14	105	711	260	0	47	0	0	1311	0,0,0,0,0,0	12989	0	172	3215	20	0	3200,3147,3147,2958,2958,2958,2958	1	17	2854,0,0,0,0,0,0	68	0
176060	263	518	289	109	129	37	18	5	1192	15	111	689	290	3	46	0	0	1363	0,0,0,0,0,0	12964	0	174	3390	21	0	3367,3307,3307,3095,3095,3095,3095	1	17	3029,0,0,0,0,0,0	69	0
175925	285	557	292	128	141	38	15	4	1229	19	113	683	308	3	48	0	0	1456	0,0,0,0,0,0	13130	0	206	3602	22	0	3569,3503,3503,3266,3266,3266,3266	1	25	3241,0,0,0,0,0,0	73	0
175812	302	559	307	133	136	36	21	4	1300	19	117	650	318	0	69	0	0	1494	0,0,0,0,0,0	13071	0	187	3791	22	0	3751,3678,3678,3416,3416,3416,3416	1	23	3430,0,0,0,0,0,0	78	0
175676	291	595	332	157	142	40	21	4	1347	19	122	633	323	3	63	0	0	1578	0,0,0,0,0,0	13078	0	208	4001	22	0	3956,3876,3876,3588,3588,3588,3588	1	16	3640,0,0,0,0,0,0	85	0
175572	264	597	362	174	156	44	24	4	1401	21	127	645	96	1	54	0	0	1621	0,0,0,0,0,0	25057	0	175	4177	22	0	4128,4041,4041,3728,3728,3728,3728	1	17	3816,0,0,0,0,0,0	97	0
175459	261	618	367	192	151	47	26	4	1471	21	129	622	286	2	61	0	0	1662	0,0,0,0,0,0	24852	0	205	4383	23	0	4322,4227,4227,3885,3885,3885,3885	1	20	4022,0,0,0,0,0,0	108	0
175300	293	621	400	193	156	50	28	3	1549	21	132	584	256	3	73	0	0	1741	0,0,0,0,0,0	13192	0	242	4625	23	0	4557,4453,4453,4083,4083,4083,4083	1	26	4264,0,0,0,0,0,0	112	0
175154	338	653	398	188	154	52	27	3	1624	23	132	610	332	2	67	0	0	1810	0,0,0,0,0,0	13093	0	233	4858	24	0	4778,4667,4667,4269,4269,4269,4269	1	24	4497,0,0,0,0,0,0	110	0
174997	334	748	384	171	160	51	30	3	1709	25	134	597	287	2	71	0	0	1878	0,0,0,0,0,0	12881	0	249	5109	24	0	5020,4900,4900,4471,4471,4471,4471	1	23	4748,0,0,0,0,0,0	106	0
174817	360	755	423	193	168	49	29	5	1782	25	140	602	281	3	57	0	0	1977	0,0,0,0,0,0	12870	0	268	5378	26	0	5286,5157,5157,4695,4695,4695,4695	1	26	5018,0,0,0,0,0,0	113	0
174685	369	766	457	200	173	51	33	5	1834	26	147	568	320	3	78	0	0	2049	0,0,0,0,0,0	12970	0	236	5615	27	0	5516,5377,5377,4877,4877,4877,4877	1	22	5255,0,0,0,0,0,0	108	0
174531	385	779	475	192	178	49	35	5	1943	26	148	565	315	1	55	0	0	2093	0,0,0,0,0,0	24976	0	254	5870	30	0	5764,5615,5615,5079,5079,5079,5079	1	21	5510,0,0,0,0,0,0	106	0
174417	389	757	509	215	182	48	31	4	2010	30	154	580	249	1	77	0	0	2131	0,0,0,0,0,0	25111	0	244	6113	31	0	6000,5839,5839,5257,5257,5257,5257	2	24	5753,0,0,0,0,0,0	107	0
174258	418	789	516	211	198	50	32	4	2084	32	154	555	338	3	74	0	0	2214	0,0,0,0,0,0	13170	0	292	6410	32	0	6284,6109,6109,5480,5480,5480,5480	2	22	6050,0,0,0,0,0,0	102	0
174069	461	813	537	217	202	54	30	6	2162	36	159	522	289	1	84	0	0	2314	0,0,0,0,0,0	12921	0	313	6725	33	0	6591,6403,6403,5728,5728,5728,5728	2	31	6366,0,0,0,0,0,0	108	0
173897	467	840	568	226	210	56	32	7	2247	36	160	538	270	3	82	0	0	2399	0,0,0,0,0,0	12943	0	296	7021	35	0	6877,6677,6677,5958,5958,5958,5958	2	29	6663,0,0,0,0,0,0	110	0
173714	462	926	570	232	206	59	30	9	2335	39	164	539	273	1	87	0	0	2485	0,0,0,0,0,0	12994	0	321	7344	36	0	7193,6980,6980,6210,6210,6210,6210	2	33	6986,0,0,0,0,0,0	105	0
173470	503	980	603	242	211	61	30	8	2432	41	165	525	222	1	91	0	0	2630	0,0,0,0,0,0	13121	0	372	7717	37	0	7557,7331,7331,6515,6515,6515,6515	2	43	7359,0,0,0,0,0,0	109	0
173303	497	1003	616	261	219	61	32	6	2537	41	170	509	267	10	77	0	0	2689	0,0,0,0,0,0	25152	0	298	8017	37	0	7853,7613,7613,6747,6747,6747,6747	2	22	7659,0,0,0,0,0,0	120	0
173142	498	1017	637	272	253	63	32	5	2611	42	174	501	275	4	89	0	0	2772	0,0,0,0,0,0	24768	0	329	8344	41	0	8171,7915,7915,6988,6988,6988,6988	2	25	7986,0,0,0,0,0,0	130	0
172933	523	1033	651	285	261	63	32	4	2739	44	178	509	253	6	108	0	0	2848	0,0,0,0,0,0	13028	0	356	8700	43	0	8522,8250,8250,7269,7269,7269,7269	2	31	8342,0,0,0,0,0,0	121	0
172728	516	1086	658	270	278	57	26	6	2890	48	183	525	234	5	103	0	0	2891	0,0,0,0,0,0	12685	0	352	9052	44	0	8866,8579,8579,7543,7543,7543,7543	2	28	8694,0,0,0,0,0,0	113	0
172536	531	1096	694	288	295	60	28	8	2978	48	184	500	309	2	105	0	0	2992	0,0,0,0,0,0	28598	0	370	9423	45	0	9226,8921,8921,7820,7820,7820,7820	2	28	9065,0,0,0,0,0,0	117	0
172298	586	1105	695	279	290	62	28	8	3156	52	187	519	302	3	111	0	0	3045	0,0,0,0,0,0	28522	0	397	9821	47	0	9615,9294,9294,8135,8135,8135,8135	2	39	9463,0,0,0,0,0,0	115	0
172145	597	1082	748	301	297	56	30	9	3241	52	188	510	296	5	118	0	0	3111	0,0,0,0,0,0	28598	0	362	10184	47	0	9965,9623,9623,8387,8387,8387,8387	2	43	9826,0,0,0,0,0,0	117	0
172036	549	1081	755	309	315	58	30	8	3360	54	191	496	256	3	94	0	0	3097	0,0,0,0,0,0	42735	0	309	10494	48	0	10264,9902,9902,8593,8593,8593,8593	2	25	10137,0,0,0,0,0,0	122	0
171909	520	1130	739	301	296	58	35	8	3501	54	195	488	257	4	97	0	0	3079	0,0,0,0,0,0	42310	0	330	10822	52	0	10582,10200,10200,8816,8816,8816,8816	2	35	10465,0,0,0,0,0,0	128	0
171759	531	1120	743	319	290	64	41	7	3616	55	201	521	274	7	107	0	0	3108	0,0,0,0,0,0	28627	0	350	11169	56	0	10922,10519,10519,9062,9062,9062,9062	2	31	10813,0,0,0,0,0,0	135	0
171607	535	1155	738	311	310	72	45	7	3705	58	203	502	297	6	132	0	0	3166	0,0,0,0,0,0	28596	0	369	11536	59	0	11275,10851,10851,9314,9314,9314,9314	3	60	11181,0,0,0,0,0,0	142	0
171471	530	1180	742	312	304	79	46	6	3809	62	205	488	266	2	103	0	0	3193	0,0,0,0,0,0	28407	0	376	11910	62	0	11635,11187,11187,9562,9562,9562,9562	3	40	11555,0,0,0,0,0,0	161	0
171333	560	1128	744	319	325	81	49	6	3934	62	205	486	306	6	113	0	0	3206	0,0,0,0,0,0	28490	0	360	12269	64	0	11980,11509,11509,9804,9804,9804,9804	3	42	11915,0,0,0,0,0,0	160	0
171261	567	1111	750	330	335	76	48	6	3989	66	207	466	318	4	123	0	0	3217	0,0,0,0,0,0	28261	0	345	12610	69	0	12304,11807,11807,10003,10003,10003,10003	3	39	12256,0,0,0,0,0,0	152	0
171194	537	1098	759	329	342	85	46	7	4070	70	209	449	239	4	103	0	0	3196	0,0,0,0,0,0	42149	0	300	12910	71	0	12591,12070,12070,10180,10180,10180,10180	3	23	12556,0,0,0,0,0,0	157	0
171169	467	1109	754	324	331	88	51	6	4164	72	211	464	262	2	114	0	0	3124	0,0,0,0,0,0	42126	0	274	13183	73	0	12850,12304,12304,10322,10322,10322,10322	3	25	12829,0,0,0,0,0,0	168	0
171097	476	1104	768	329	338	87	48	7	4202	76	214	458	292	4	130	0	0	3150	0,0,0,0,0,0	28794	0	352	13535	75	0	13185,12611,12611,10526,10526,10526,10526	3	34	13181,0,0,0,0,0,0	156	0
171011	487	1113	753	330	330	83	50	7	4287	78	217	439	305	1	117	0	0	3146	0,0,0,0,0,0	28554	0	347	13882	79	0	13516,12915,12915,10734,10734,10734,10734	3	45	13529,0,0,0,0,0,0	146	0
170900	537	1103	747	331	316	87	54	7	4366	79	219	437	302	3	123	0	0	3175	0,0,0,0,0,0	28476	0	364	14244	83	0	13863,13237,13237,10962,10962,10962,10962	3	32	13891,0,0,0,0,0,0	161	0
170806	581	1071	762	321	310	85	53	6	4447	83	221	428	231	4	108	0	0	3183	0,0,0,0,0,0	28450	0	362	14605	86	0	14209,13556,13556,11181,11181,11181,11181	3	38	14255,0,0,0,0,0,0	166	0
170770	554	1079	736	323	322	89	58	7	4497	84	227	419	313	2	124	0	0	3161	0,0,0,0,0,0	28498	0	319	14924	88	0	14514,13832,13832,11351,11351,11351,11351	3	25	14575,0,0,0,0,0,0	165	0
170758	506	1093	748	305	309	95	61	5	4549	87	230	401	266	5	102	0	0	3117	0,0,0,0,0,0	42189	0	292	15216	90	0	14790,14080,14080,11494,11494,11494,11494	3	27	14867,0,0,0,0,0,0	182	0
170766	475	1041	748	317	296	95	57	10	4618	90	233	413	229	2	91	0	0	3029	0,0,0,0,0,0	42368	0	266	15483	90	0	15041,14303,14303,11615,11615,11615,11615	2	26	15134,0,0,0,0,0,0	185	0
170717	456	1072	723	311	310	102	59	8	4659	92	237	419	269	3	111	0	0	3033	0,0,0,0,0,0	28445	0	324	15804	94	0	15346,14580,14580,11791,11791,11791,11791	3	40	15455,0,0,0,0,0,0	184	0
170660	480	1081	736	317	303	102	57	9	4666	96	239	416	331	3	117	0	0	3076	0,0,0,0,0,0	28620	0	349	16151	97	0	15672,14877,14877,11981,11981,11981,11981	3	37	15802,0,0,0,0,0,0	183	0
170585	507	1065	735	316	301	99	57	10	4731	100	240	416	308	7	124	0	0	3080	0,0,0,0,0,0	28711	0	341	16494	97	0	15995,15174,15174,12179,12179,12179,12179	3	36	16145,0,0,0,0,0,0	174	0
170562	516	1067	718	308	299	101	59	11	4761	100	244	440	271	6	104	0	0	3068	0,0,0,0,0,0	28457	0	328	16819	103	0	16304,15452,15452,12342,12342,12342,12342	3	34	16472,0,0,0,0,0,0	179	0
170522	508	1088	714	302	293	100	62	9	4800	101	247	425	277	7	110	0	0	3067	0,0,0,0,0,0	28435	0	336	17153	109	0	16619,15737,15737,12518,12518,12518,12518	3	35	16807,0,0,0,0,0,0	183	0
170527	470	1035	750	305	296	99	62	9	4838	104	251	410	242	1	112	0	0	3017	0,0,0,0,0,0	42173	0	272	17422	114	0	16873,15963,15963,12640,12640,12640,12640	2	20	17076,0,0,0,0,0,0	191	0
170533	454	1034	742	298	301	99	63	10	4854	105	253	412	262	4	120	0	0	2991	0,0,0,0,0,0	42289	0	302	17720	118	0	17152,16211,16211,12775,12775,12775,12775	2	22	17375,0,0,0,0,0,0	194	0
170565	463	1002	740	280	293	99	60	12	4867	110	255	407	272	9	109	0	0	2937	0,0,0,0,0,0	28543	0	299	18017	121	0	17427,16453,16453,12895,12895,12895,12895	2	40	17672,0,0,0,0,0,0	187	0
170588	481	999	737	283	294	95	54	16	4829	112	258	404	255	7	118	0	0	2943	0,0,0,0,0,0	28811	0	320	18335	124	0	17721,16713,16713,13027,13027,13027,13027	2	40	17990,0,0,0,0,0,0	182	0
170627	484	995	707	290	293	93	53	16	4813	115	260	389	260	4	85	0	0	2915	0,0,0,0,0,0	28623	0	301	18634	127	0	17998,16956,16956,13144,13144,13144,13144	3	45	18289,0,0,0,0,0,0	182	0
170609	469	1016	709	292	293	92	49	15	4821	120	261	390	258	5	107	0	0	2920	0,0,0,0,0,0	28238	0	324	18954	132	0	18297,17225,17225,13298,13298,13298,13298	3	37	18610,0,0,0,0,0,0	174	0
170606	463	1024	701	288	303	90	48	17	4822	123	261	394	251	8	103	0	0	2917	0,0,0,0,0,0	28507	0	312	19261	137	0	18582,17479,17479,13438,13438,13438,13438	3	34	18918,0,0,0,0,0,0	168	0
170626	457	998	730	289	306	89	47	17	4797	126	264	404	246	4	101	0	0	2916	0,0,0,0,0,0	42334	0	290	19546	143	0	18847,17713,17713,13558,13558,13558,13558	3	32	19203,0,0,0,0,0,0	169	0
170638	445	985	705	296	299	85	54	18	4826	127	268	414	262	2	79	0	0	2869	0,0,0,0,0,0	42178	0	273	19818	144	0	19102,17939,17939,13676,13676,13676,13676	3	29	19475,0,0,0,0,0,0	165	0
170601	443	994	673	301	301	83	49	17	4880	133	271	432	245	5	111	0	0	2844	0,0,0,0,0,0	28828	0	324	20139	150	0	19405,18213,18213,13842,13842,13842,13842	3	35	19798,0,0,0,0,0,0	161	0
170632	473	954	676	305	315	82	44	17	4837	139	272	417	267	2	111	0	0	2849	0,0,0,0,0,0	28577	0	307	20447	151	0	19687,18461,18461,13963,13963,13963,13963	3	32	20106,0,0,0,0,0,0	159	0
170698	474	924	701	303	277	80	42	17	4811	144	275	415	266	8	106	0	0	2801	0,0,0,0,0,0	28309	0	278	20724	154	0	19941,18681,18681,14052,14052,14052,14052	3	36	20383,0,0,0,0,0,0	144	0
170715	490	891	719	315	270	79	39	16	4785	149	278	438	311	7	98	0	0	2803	0,0,0,0,0,0	28508	0	295	21016	158	0	20211,18920,18920,14174,14174,14174,14174	3	30	20675,0,0,0,0,0,0	149	0
170777	460	908	694	304	280	78	43	15	4758	150	279	415	228	6	91	0	0	2767	0,0,0,0,0,0	28475	0	259	21276	160	0	20448,19124,19124,14256,14256,14256,14256	3	29	20935,0,0,0,0,0,0	141	0
170857	441	910	681	287	258	73	39	19	4748	152	281	434	321	1	88	0	0	2689	0,0,0,0,0,0	42315	0	248	21525	161	0	20674,19317,19317,14325,14325,14325,14325	2	25	21184,0,0,0,0,0,0	136	0
170926	398	901	667	311	254	68	36	18	4728	155	284	425	254	2	94	0	0	2635	0,0,0,0,0,0	41937	0	245	21768	164	0	20894,19506,19506,14397,14397,14397,14397	2	18	21427,0,0,0,0,0,0	127	0
170991	407	884	652	299	255	67	32	18	4695	158	288	427	239	5	94	0	0	2596	0,0,0,0,0,0	28499	0	279	22041	171	0	21145,19723,19723,14484,14484,14484,14484	2	38	21701,0,0,0,0,0,0	112	0
171008	430	839	624	301	280	71	37	16	4691	159	290	436	270	5	97	0	0	2582	0,0,0,0,0,0	28381	0	264	22303	174	0	21385,19934,19934,14588,14588,14588,14588	2	27	21963,0,0,0,0,0,0	111	0
171049	397	854	618	299	263	70	38	15	4686	163	294	443	300	3	103	0	0	2539	0,0,0,0,0,0	28725	0	232	22536	177	0	21598,20120,20120,14668,14668,14668,14668	2	24	22197,0,0,0,0,0,0	117	0
171149	355	853	603	284	261	75	37	12	4654	166	297	432	281	4	86	0	0	2468	0,0,0,0,0,0	42678	0	211	22745	181	0	21784,20275,20275,14704,14704,14704,14704	2	14	22406,0,0,0,0,0,0	131	0
171274	325	791	617	271	269	81	37	10	4603	167	301	447	240	2	75	0	0	2391	0,0,0,0,0,0	42363	0	183	22924	185	0	21940,20401,20401,14713,14713,14713,14713	2	9	22585,0,0,0,0,0,0	132	0
171399	321	757	609	264	252	75	37	12	4546	170	304	427	95	5	83	0	0	2315	0,0,0,0,0,0	42477	0	207	23129	187	0	22123,20550,20550,14737,14737,14737,14737	2	24	22790,0,0,0,0,0,0	127	0
171523	313	692	589	261	247	72	38	10	4522	173	306	406	265	3	77	0	0	2212	0,0,0,0,0,0	42164	22	172	23301	189	0	22272,20669,20669,14743,14743,14743,14743	2	16	22962,0,0,0,0,0,0	126	20
171600	292	706	554	231	239	67	37	9	4525	175	311	401	269	2	95	0	0	2126	0,0,0,0,0,0	28227	18	206	23504	192	0	22454,20823,20823,14788,14788,14788,14788	2	18	23165,0,0,0,0,0,0	116	35
171719	295	680	514	226	232	67	33	9	4479	179	313	407	257	8	70	0	0	2047	0,0,0,0,0,0	28456	30	195	23697	194	0	22621,20959,20959,14804,14804,14804,14804	2	23	23358,0,0,0,0,0,0	108	62
171857	301	616	536	220	228	68	36	8	4382	179	315	405	309	3	80	0	0	2005	0,0,0,0,0,0	28351	32	185	23883	194	0	22781,21087,21087,14808,14808,14808,14808	2	17	23544,0,0,0,0,0,0	119	84
171957	314	597	514	197	229	71	35	8	4325	181	318	408	262	5	83	0	0	1957	0,0,0,0,0,0	28353	29	197	24079	196	0	22954,21229,21229,14835,14835,14835,14835	1	19	23740,0,0,0,0,0,0	120	111
172037	305	625	509	188	209	70	39	6	4256	182	320	382	238	3	59	0	0	1945	0,0,0,0,0,0	28473	25	202	24281	198	0	23133,21380,21380,14877,14877,14877,14877	1	17	23942,0,0,0,0,0,0	113	128
172142	271	616	490	186	193	70	37	7	4227	184	323	401	327	1	70	0	0	1863	0,0,0,0,0,0	35328	25	155	24437	198	0	23270,21490,21490,14885,14885,14885,14885	1	16	24098,0,0,0,0,0,0	115	149
172281	252	612	464	189	186	68	33	10	4141	185	325	409	225	1	77	0	0	1804	0,0,0,0,0,0	35336	152	157	24593	200	0	23410,21601,21601,14878,14878,14878,14878	1	12	24254,0,0,0,0,0,0	121	276
172364	269	604	420	192	191	69	32	11	4080	186	328	407	234	3	62	0	0	1777	0,0,0,0,0,0	23232	134	194	24786	201	0	23587,21750,21750,14916,14916,14916,14916	1	18	24447,0,0,0,0,0,0	109	380
172476	252	610	401	181	189	68	32	11	4011	187	328	430	321	0	85	0	0	1733	0,0,0,0,0,0	23242	135	164	24951	202	0	23735,21871,21871,14924,14924,14924,14924	1	20	24612,0,0,0,0,0,0	118	495
172557	275	595	420	177	188	66	33	11	3905	189	330	436	203	3	54	0	0	1754	0,0,0,0,0,0	23080	151	201	25148	207	0	23918,22025,22025,14965,14965,14965,14965	1	25	24809,0,0,0,0,0,0	102	614
172637	294	578	402	170	188	66	35	7	3844	192	333	431	300	2	68	0	0	1733	0,0,0,0,0,0	23279	129	184	25327	212	0	24085,22166,22166,14998,14998,14998,14998	1	17	24989,0,0,0,0,0,0	104	718
172688	289	593	410	179	172	54	38	6	3785	194	338	409	274	5	61	0	0	1735	0,0,0,0,0,0	23511	113	194	25521	213	0	24266,22322,22322,15053,15053,15053,15053	1	22	25184,0,0,0,0,0,0	101	814
172782	269	604	418	184	183	56	36	8	3671	196	339	407	248	5	67	0	0	1750	0,0,0,0,0,0	35499	137	171	25689	216	0	24420,22449,22449,15074,15074,15074,15074	1	13	25353,0,0,0,0,0,0	105	919
172918	250	560	430	196	170	49	35	7	3589	199	343	440	249	2	61	0	0	1690	0,0,0,0,0,0	35239	155	144	25834	217	0	24592,22593,22593,15083,15083,15083,15083	1	11	25498,0,0,0,0,0,0	98	1050
172977	225	572	434	179	168	50	34	10	3552	200	345	460	253	1	66	0	0	1662	0,0,0,0,0,0	23168	155	164	25999	218	0	24774,22753,22753,15133,15133,15133,15133	1	17	25663,0,0,0,0,0,0	96	1179
173023	251	572	435	162	155	47	36	9	3506	204	346	454	293	2	69	0	0	1658	0,0,0,0,0,0	23262	150	181	26178	222	0	24973,22929,22929,15198,15198,15198,15198	1	17	25842,0,0,0,0,0,0	96	1302
173058	269	572	426	150	152	50	40	9	3465	205	350	456	103	0	52	0	0	1659	0,0,0,0,0,0	23276	161	182	26355	227	0	25175,23110,23110,15269,15269,15269,15269	1	14	26020,0,0,0,0,0,0	95	1431
173115	275	560	395	171	166	46	38	9	3407	209	355	450	107	1	35	0	0	1651	0,0,0,0,0,0	23112	132	175	26527	230	0	25367,23278,23278,15325,15325,15325,15325	1	16	26193,0,0,0,0,0,0	94	1537
173160	279	590	393	173	163	47	35	10	3322	214	360	445	317	0	67	0	0	1680	0,0,0,0,0,0	23305	129	197	26720	235	0	25578,23465,23465,15396,15396,15396,15396	1	24	26386,0,0,0,0,0,0	88	1643
173242	257	603	397	170	166	42	37	9	3247	215	361	456	158	1	48	0	0	1672	0,0,0,0,0,0	35548	173	152	26871	238	0	25747,23610,23610,15429,15429,15429,15429	1	20	26537,0,0,0,0,0,0	97	1785
173289	255	564	380	174	179	40	35	9	3239	217	365	450	270	4	46	0	0	1627	0,0,0,0,0,0	35539	68	160	27028	241	0	25936,23778,23778,15489,15489,15489,15489	1	9	26694,0,0,0,0,0,0	89	1832
173324	264	558	390	167	183	39	34	10	3188	220	369	467	261	0	71	0	0	1635	0,0,0,0,0,0	23307	65	186	27211	246	0	26148,23969,23969,15564,15564,15564,15564	1	17	26877,0,0,0,0,0,0	85	1876
173356	258	567	401	158	167	40	30	11	3164	223	371	442	250	5	69	0	0	1621	0,0,0,0,0,0	23454	74	172	27378	251	0	26339,24139,24139,15629,15629,15629,15629	1	21	27044,0,0,0,0,0,0	80	1935
173416	249	582	394	158	172	39	30	11	3098	224	373	462	319	0	63	0	0	1624	0,0,0,0,0,0	23356	78	181	27555	256	0	26542,24319,24319,15687,15687,15687,15687	1	14	27222,0,0,0,0,0,0	79	1989
173469	235	586	375	163	175	33	28	10	3069	228	375	454	254	5	59	0	0	1595	0,0,0,0,0,0	23202	74	156	27710	258	0	26716,24471,24471,15734,15734,15734,15734	1	18	27377,0,0,0,0,0,0	76	2046
173505	240	588	366	169	160	33	29	8	3040	230	378	464	318	3	58	0	0	1585	0,0,0,0,0,0	23277	61	177	27881	265	0	26905,24639,24639,15797,15797,15797,15797	1	22	27548,0,0,0,0,0,0	80	2089
173552	252	547	388	173	152	34	28	9	2999	230	382	475	108	1	46	0	0	1574	0,0,0,0,0,0	35341	75	151	28029	268	0	27088,24802,24802,15852,15852,15852,15852	1	13	27697,0,0,0,0,0,0	87	2145
173641	239	556	390	177	130	34	26	9	2929	231	384	504	266	1	61	0	0	1552	0,0,0,0,0,0	35681	191	140	28163	274	0	27223,24915,24915,15862,15862,15862,15862	1	13	27831,0,0,0,0,0,0	86	2306
173709	224	567	407	159	118	38	26	9	2865	233	391	465	257	1	53	0	0	1539	0,0,0,0,0,0	23214	193	154	28314	279	0	27378,25048,25048,15891,15891,15891,15891	1	14	27983,0,0,0,0,0,0	86	2459
173690	253	564	427	171	123	36	25	8	2817	236	396	475	249	2	45	0	0	1599	2,0,0,0,0,0	23130	231	175	28518	284	0	27594,25245,25245,15992,15992,15992,15992	1	8	28156,32,0,0,0,0,0	87	2641
173689	285	555	430	158	117	37	24	7	2807	237	400	464	203	1	55	0	0	1606	4,0,0,0,0,0	23571	204	157	28712	287	0	27796,25428,25428,16079,16079,16079,16079	1	18	28304,79,0,0,0,0,0	77	2801
173671	317	588	401	159	138	38	25	7	2763	238	401	480	263	1	45	0	0	1666	7,0,0,0,0,0	23487	199	193	28935	292	0	28027,25639,25639,16188,16188,16188,16188	1	9	28483,126,0,0,0,0,0	78	2955
173683	315	600	408	158	146	43	21	9	2716	242	405	486	236	0	55	0	0	1691	10,0,0,0,0,0	23411	211	164	29125	299	0	28220,25812,25812,16264,16264,16264,16264	1	15	28608,191,0,0,0,0,0	78	3113
173641	329	603	414	158	154	41	22	7	2725	243	409	448	278	1	50	0	0	1721	14,0,0,0,0,0	35543	179	163	29323	303	0	28432,26007,26007,16376,16376,16376,16376	1	12	28743,258,0,0,0,0,0	83	3260
173602	334	647	421	161	147	42	21	8	2704	247	412	459	288	2	65	0	0	1773	18,0,0,0,0,0	35485	165	187	29545	306	0	28739,26297,26297,16536,16536,16536,16536	1	17	28876,349,0,0,0,0,0	75	3381
173542	363	660	409	178	154	43	19	8	2701	250	419	457	239	4	54	0	0	1826	21,0,0,0,0,0	23494	171	228	29768	313	0	29037,26580,26580,16702,16702,16702,16702	1	23	29029,422,0,0,0,0,0	75	3511
