S	E	I1	I2	I3	I4	I5_h	I6_h	R_h	R	D1	D2	H	T	P1	P2	Q	QT	NQ	MUT	HOM	VAC	NI	INF	REINF	BSTR	IMM	HCI	HCE	INFV	INFH	VNI
178113	101	112	49	40	60	8	4	0	257	2	0	217	0	0	0	0	0	374	0,0,0,0,0,0	178744	0	0	374	0	0	633,633,633,633,633,633,633	0	0	0,0,0,0,0,0,0	0	0
178074	80	161	57	39	52	8	5	0	266	2	2	351	335	0	90	0	0	402	0,0,0,0,0,0	12456	0	52	426	0	0	672,672,672,672,672,672,672	0	9	52,0,0,0,0,0,0	13	0
178033	84	166	68	40	49	9	5	0	286	2	4	404	339	0	11	0	0	421	0,0,0,0,0,0	12835	0	55	482	0	0	715,715,715,715,715,715,715	0	9	108,0,0,0,0,0,0	14	0
177991	92	162	73	47	50	12	5	0	306	2	6	460	90	0	11	0	0	441	0,0,0,0,0,0	12549	0	58	540	0	0	759,759,759,759,759,759,759	0	3	166,0,0,0,0,0,0	15	0
177937	100	169	78	49	49	13	6	0	333	2	10	498	293	1	21	0	0	464	0,0,0,0,0,0	24601	0	62	602	0	0	816,816,816,816,816,816,816	0	7	228,0,0,0,0,0,0	21	0
177881	99	184	93	47	53	14	6	1	352	2	14	584	306	1	17	0	0	496	0,0,0,0,0,0	24661	0	68	671	0	0	873,873,873,873,873,873,873	0	10	297,0,0,0,0,0,0	22	0
177834	91	196	107	55	54	16	5	2	364	2	20	574	114	0	18	0	0	524	0,0,0,0,0,0	12827	0	65	737	0	0	925,925,925,925,925,925,925	0	7	363,0,0,0,0,0,0	27	0
177766	105	202	121	52	52	18	4	3	396	2	25	610	238	0	21	0	0	554	0,0,0,0,0,0	12897	0	77	815	1	0	998,998,998,997,997,997,997	0	10	442,0,0,0,0,0,0	25	0
177707	112	206	126	57	51	19	5	3	427	2	31	640	248	1	20	0	0	576	0,0,0,0,0,0	12777	0	74	889	1	0	1063,1062,1062,1062,1062,1062,1062	0	12	516,0,0,0,0,0,0	27	0
177658	104	235	138	53	45	20	5	3	449	2	34	608	153	0	24	0	0	600	0,0,0,0,0,0	12952	0	80	969	1	0	1125,1125,1125,1122,1122,1122,1122	0	9	596,0,0,0,0,0,0	30	0
177609	102	226	152	57	58	17	6	3	478	2	36	624	257	1	18	0	0	618	0,0,0,0,0,0	12762	0	75	1044	1	0	1183,1182,1182,1178,1178,1178,1178	0	9	671,0,0,0,0,0,0	28	0
177554	107	230	158	56	52	20	7	3	514	3	42	619	308	0	25	0	0	630	0,0,0,0,0,0	25037	0	81	1126	2	0	1254,1252,1252,1246,1246,1246,1246	0	6	754,0,0,0,0,0,0	29	0
177487	115	241	154	64	56	20	8	3	549	3	46	648	242	1	23	0	0	658	0,0,0,0,0,0	24709	0	91	1217	2	0	1336,1333,1333,1323,1323,1323,1323	0	9	845,0,0,0,0,0,0	36	0
177425	131	250	149	64	64	22	8	3	578	3	49	680	260	0	22	0	0	688	0,0,0,0,0,0	12941	0	97	1314	2	0	1418,1414,1414,1401,1401,1401,1401	0	10	942,0,0,0,0,0,0	44	0
177365	158	246	159	58	65	19	9	3	608	3	53	685	255	1	28	0	0	714	0,0,0,0,0,0	13080	0	97	1410	3	0	1500,1494,1494,1474,1474,1474,1474	0	12	1039,0,0,0,0,0,0	40	0
177299	172	257	155	67	73	19	10	1	632	3	58	693	262	1	19	0	0	753	0,0,0,0,0,0	12898	0	99	1507	5	0	1586,1579,1579,1554,1554,1554,1554	0	9	1138,0,0,0,0,0,0	41	0
177243	167	274	162	59	78	23	10	1	661	4	64	685	246	0	29	0	0	773	0,0,0,0,0,0	12985	0	91	1597	6	0	1671,1661,1661,1627,1627,1627,1627	0	10	1229,0,0,0,0,0,0	37	0
177167	162	304	163	62	78	23	10	1	701	6	69	679	309	2	36	0	0	802	0,0,0,0,0,0	13011	0	98	1696	7	0	1767,1755,1755,1715,1715,1715,1715	0	14	1329,0,0,0,0,0,0	35	0
177081	154	331	167	77	76	26	11	1	740	6	76	686	232	1	22	0	0	842	0,0,0,0,0,0	24874	0	112	1808	7	0	1873,1860,1860,1813,1813,1813,1813	0	18	1441,0,0,0,0,0,0	46	0
177011	156	326	190	83	77	23	10	2	780	6	82	700	326	0	34	0	0	865	0,0,0,0,0,0	24878	0	103	1910	8	0	1973,1957,1957,1899,1899,1899,1899	0	9	1543,0,0,0,0,0,0	48	0
176932	172	330	199	92	76	24	14	2	814	6	85	748	269	0	33	0	0	907	0,0,0,0,0,0	12985	0	118	2028	11	0	2084,2065,2065,1998,1998,1998,1998	0	11	1664,0,0,0,0,0,0	41	0
176849	179	357	198	94	72	26	13	3	858	6	91	726	255	3	28	0	0	939	0,0,0,0,0,0	12962	0	124	2153	11	0	2201,2178,2178,2099,2099,2099,2099	1	11	1789,0,0,0,0,0,0	50	0
176773	183	366	218	91	83	21	11	3	896	9	92	720	79	0	35	0	0	973	0,0,0,0,0,0	12981	0	126	2278	12	0	2311,2286,2286,2196,2196,2196,2196	1	12	1914,0,0,0,0,0,0	42	0
176695	192	367	235	87	86	18	15	3	942	9	97	703	258	0	36	0	0	1000	0,0,0,0,0,0	13090	0	123	2401	13	0	2427,2399,2399,2296,2296,2296,2296	1	8	2038,0,0,0,0,0,0	41	0
176600	225	368	236	103	92	18	15	4	973	9	103	707	244	0	36	0	0	1057	0,0,0,0,0,0	12930	0	152	2554	13	0	2577,2543,2543,2420,2420,2420,2420	0	17	2191,0,0,0,0,0,0	40	0
176523	214	388	245	115	97	21	15	3	1011	10	104	706	281	2	33	0	0	1095	0,0,0,0,0,0	25006	0	127	2681	14	0	2693,2655,2655,2520,2520,2520,2520	0	7	2318,0,0,0,0,0,0	44	0
176452	209	428	248	114	94	21	15	3	1045	10	107	704	97	3	38	0	0	1129	0,0,0,0,0,0	24877	0	131	2815	14	0	2816,2773,2773,2621,2621,2621,2621	1	12	2452,0,0,0,0,0,0	50	0
176363	211	449	262	119	95	21	15	3	1087	12	109	728	250	2	31	0	0	1172	0,0,0,0,0,0	13133	0	140	2955	15	0	2951,2904,2904,2734,2734,2734,2734	1	15	2592,0,0,0,0,0,0	50	0
176248	218	468	266	108	99	25	17	3	1165	12	117	700	256	3	41	0	0	1201	0,0,0,0,0,0	13030	0	167	3122	17	0	3115,3062,3062,2875,2875,2875,2875	1	22	2759,0,0,0,0,0,0	50	0
176142	226	477	292	106	100	25	20	3	1218	15	122	689	239	1	50	0	0	1246	0,0,0,0,0,0	13146	0	161	3283	18	0	3272,3214,3214,3008,3008,3008,3008	1	21	2920,0,0,0,0,0,0	55	0
176036	256	498	299	113	105	29	20	3	1243	18	126	691	292	3	38	0	0	1320	0,0,0,0,0,0	12922	0	185	3467	19	0	3446,3381,3381,3150,3150,3150,3150	1	17	3104,0,0,0,0,0,0	56	0
175907	275	521	318	124	107	32	20	3	1287	18	134	707	272	4	45	0	0	1397	0,0,0,0,0,0	13034	0	190	3657	19	0	3633,3562,3562,3311,3311,3311,3311	1	15	3294,0,0,0,0,0,0	62	0
175821	263	526	344	123	120	27	21	3	1342	18	138	700	93	1	36	0	0	1424	0,0,0,0,0,0	25245	0	154	3812	19	0	3778,3701,3701,3428,3428,3428,3428	1	12	3449,0,0,0,0,0,0	67	0
175732	239	551	357	138	119	26	19	3	1399	20	143	672	324	3	41	0	0	1449	0,0,0,0,0,0	24901	0	160	3972	19	0	3931,3848,3848,3551,3551,3551,3551	1	9	3609,0,0,0,0,0,0	63	0
175606	244	586	356	137	135	29	21	2	1462	20	148	659	320	1	54	0	0	1508	0,0,0,0,0,0	13105	0	204	4175	20	0	4128,4038,4038,3715,3715,3715,3715	1	11	3812,0,0,0,0,0,0	64	0
175490	254	587	361	140	134	27	21	3	1559	21	149	621	332	2	60	0	0	1524	0,0,0,0,0,0	12982	0	185	4360	22	0	4302,4206,4206,3861,3861,3861,3861	1	19	3998,0,0,0,0,0,0	63	0
175344	302	577	382	150	143	32	19	4	1619	22	152	625	316	3	59	0	0	1605	0,0,0,0,0,0	13013	0	225	4585	23	0	4522,4418,4418,4045,4045,4045,4045	1	27	4224,0,0,0,0,0,0	58	0
175223	333	561	405	159	163	30	17	3	1675	25	152	608	281	3	55	0	0	1668	0,0,0,0,0,0	13070	0	208	4793	23	0	4723,4610,4610,4207,4207,4207,4207	1	14	4432,0,0,0,0,0,0	56	0
175108	326	604	402	162	163	29	19	4	1745	26	158	617	241	7	68	0	0	1705	0,0,0,0,0,0	13104	0	206	5000	25	0	4927,4805,4805,4369,4369,4369,4369	1	21	4639,0,0,0,0,0,0	64	0
175018	314	629	413	171	156	27	17	4	1810	28	159	586	255	4	61	0	0	1727	0,0,0,0,0,0	25066	0	209	5206	28	0	5119,4987,4987,4512,4512,4512,4512	1	16	4845,0,0,0,0,0,0	70	0
174939	311	618	420	178	150	27	14	6	1889	30	164	611	272	1	53	0	0	1718	0,0,0,0,0,0	24882	0	181	5387	30	0	5296,5154,5154,4642,4642,4642,4642	1	20	5026,0,0,0,0,0,0	60	0
174774	344	679	429	175	161	29	14	6	1937	30	168	606	298	2	50	0	0	1831	0,0,0,0,0,0	13152	0	275	5663	30	0	5563,5410,5410,4859,4859,4859,4859	1	29	5302,0,0,0,0,0,0	63	0
174656	375	672	451	176	180	24	17	6	1990	30	169	627	261	1	67	0	0	1895	0,0,0,0,0,0	13136	0	230	5894	31	0	5783,5619,5619,5029,5029,5029,5029	1	19	5534,0,0,0,0,0,0	60	0
174537	380	722	436	178	180	24	18	5	2061	32	173	619	274	3	78	0	0	1938	0,0,0,0,0,0	12956	0	242	6135	32	0	6017,5841,5841,5208,5208,5208,5208	1	28	5775,0,0,0,0,0,0	59	0
174420	378	759	447	195	192	27	22	5	2091	32	178	598	306	1	63	0	0	2020	0,0,0,0,0,0	12914	0	257	6392	33	0	6269,6079,6079,5393,5393,5393,5393	1	17	6033,0,0,0,0,0,0	64	0
174272	381	795	473	197	191	34	24	5	2160	32	182	586	314	2	70	0	0	2095	0,0,0,0,0,0	12894	0	273	6663	35	0	6537,6334,6334,5602,5602,5602,5602	1	23	6306,0,0,0,0,0,0	64	0
174165	382	786	500	200	208	37	28	5	2213	33	189	553	327	1	73	0	0	2141	0,0,0,0,0,0	25016	0	236	6901	35	0	6771,6555,6555,5774,5774,5774,5774	1	13	6544,0,0,0,0,0,0	76	0
174054	381	790	502	198	213	33	28	6	2311	34	196	560	244	2	66	0	0	2145	0,0,0,0,0,0	24928	0	228	7127	38	0	6993,6765,6765,5942,5942,5942,5942	1	12	6771,0,0,0,0,0,0	84	0
173899	415	823	504	196	204	35	25	7	2405	35	198	559	304	4	86	0	0	2202	0,0,0,0,0,0	13025	0	292	7418	40	0	7277,7035,7035,6162,6162,6162,6162	1	34	7063,0,0,0,0,0,0	79	0
173706	467	859	503	191	206	36	27	7	2508	36	200	558	285	2	72	0	0	2289	0,0,0,0,0,0	12889	0	333	7751	41	0	7600,7344,7344,6420,6420,6420,6420	2	35	7397,0,0,0,0,0,0	83	0
173583	466	870	533	208	220	40	29	7	2551	36	203	552	255	1	65	0	0	2366	0,0,0,0,0,0	28555	0	277	8029	41	0	7870,7599,7599,6617,6617,6617,6617	2	25	7675,0,0,0,0,0,0	90	0
173444	461	893	555	212	231	42	28	8	2627	38	207	555	253	6	91	0	0	2422	0,0,0,0,0,0	28529	0	286	8316	42	0	8150,7864,7864,6827,6827,6827,6827	2	42	7962,0,0,0,0,0,0	92	0
173293	470	877	622	226	225	45	31	8	2699	39	211	559	237	2	82	0	0	2496	0,0,0,0,0,0	28387	0	299	8614	43	0	8441,8140,8140,7048,7048,7048,7048	2	24	8260,0,0,0,0,0,0	89	0
173231	430	867	606	225	233	50	33	6	2811	40	214	537	109	5	89	0	0	2444	0,0,0,0,0,0	42710	0	225	8838	44	0	8656,8338,8338,7188,7188,7188,7188	2	20	8484,0,0,0,0,0,0	98	0
173155	400	894	605	223	233	55	30	7	2883	44	217	522	314	2	82	0	0	2440	0,0,0,0,0,0	42050	0	255	9093	44	0	8902,8566,8566,7350,7350,7350,7350	2	23	8739,0,0,0,0,0,0	106	0
173020	419	899	602	227	240	55	29	7	2982	45	221	520	253	5	90	0	0	2471	0,0,0,0,0,0	28582	0	288	9382	45	0	9185,8833,8833,7559,7559,7559,7559	2	27	9028,0,0,0,0,0,0	104	0
172918	446	894	619	230	232	62	29	7	3040	46	223	486	247	3	85	0	0	2512	0,0,0,0,0,0	28656	0	302	9687	45	0	9476,9104,9104,7755,7755,7755,7755	2	38	9333,0,0,0,0,0,0	107	0
172821	457	883	647	234	232	61	27	8	3103	48	225	494	240	3	97	0	0	2541	0,0,0,0,0,0	28426	0	290	9976	46	0	9754,9362,9362,7943,7943,7943,7943	2	32	9622,0,0,0,0,0,0	106	0
172671	476	943	612	245	256	63	26	6	3170	51	227	479	229	4	85	0	0	2621	0,0,0,0,0,0	28462	0	340	10314	48	0	10081,9670,9670,8181,8181,8181,8181	2	38	9960,0,0,0,0,0,0	116	0
172568	465	962	617	248	270	65	24	6	3240	53	228	469	260	3	89	0	0	2651	0,0,0,0,0,0	28390	0	309	10623	50	0	10378,9946,9946,8381,8381,8381,8381	2	42	10270,0,0,0,0,0,0	103	0
172464	476	950	649	259	265	67	26	6	3294	58	232	477	258	5	89	0	0	2692	0,0,0,0,0,0	42441	0	299	10919	55	0	10666,10215,10215,8577,8577,8577,8577	2	23	10568,0,0,0,0,0,0	104	0
172361	473	945	634	270	260	66	26	5	3410	60	236	471	329	5	87	0	0	2674	0,0,0,0,0,0	42229	0	280	11195	59	0	10934,10465,10465,8762,8762,8762,8762	2	23	10845,0,0,0,0,0,0	107	0
172269	461	957	652	272	260	60	32	5	3480	60	238	461	258	9	113	0	0	2694	0,0,0,0,0,0	28357	0	293	11492	59	0	11219,10730,10730,8950,8950,8950,8950	2	23	11142,0,0,0,0,0,0	100	0
172181	452	983	631	263	272	66	30	5	3559	63	241	480	232	2	93	0	0	2697	0,0,0,0,0,0	28356	0	297	11790	62	0	11504,10993,10993,9135,9135,9135,9135	2	31	11440,0,0,0,0,0,0	106	0
172087	445	977	641	280	273	71	34	5	3625	63	245	494	270	3	94	0	0	2721	0,0,0,0,0,0	28673	0	290	12082	63	0	11786,11255,11255,9323,9323,9323,9323	2	43	11732,0,0,0,0,0,0	105	0
172003	455	950	653	293	284	78	31	5	3676	68	250	471	260	2	100	0	0	2744	0,0,0,0,0,0	28423	0	296	12377	65	0	12071,11518,11518,9507,9507,9507,9507	2	36	12027,0,0,0,0,0,0	120	0
171932	477	937	666	280	279	79	28	6	3734	72	256	486	247	6	100	0	0	2746	0,0,0,0,0,0	28534	0	300	12674	68	0	12358,11782,11782,9685,9685,9685,9685	2	35	12324,0,0,0,0,0,0	112	0
171858	466	938	666	273	289	77	29	7	3813	72	258	471	303	1	97	0	0	2738	0,0,0,0,0,0	42154	0	297	12969	71	0	12641,12042,12042,9863,9863,9863,9863	2	14	12620,0,0,0,0,0,0	123	0
171819	442	919	675	278	292	80	34	8	3869	72	258	447	241	1	111	0	0	2720	0,0,0,0,0,0	42268	0	265	13231	74	0	12887,12267,12267,10005,10005,10005,10005	2	19	12882,0,0,0,0,0,0	130	0
171716	459	968	674	275	277	84	36	7	3915	75	260	442	263	5	110	0	0	2773	0,0,0,0,0,0	28613	0	349	13579	77	0	13221,12575,12575,10222,10222,10222,10222	2	43	13231,0,0,0,0,0,0	143	0
171685	490	935	684	284	282	90	35	9	3910	77	265	418	280	2	100	0	0	2800	0,0,0,0,0,0	28514	0	308	13888	78	0	13513,12840,12840,10382,10382,10382,10382	3	53	13540,0,0,0,0,0,0	144	0
171640	473	952	677	285	284	89	37	11	3954	78	266	439	238	7	94	0	0	2797	0,0,0,0,0,0	28429	0	312	14197	82	0	13805,13105,13105,10549,10549,10549,10549	3	37	13849,0,0,0,0,0,0	146	0
171573	476	961	670	289	296	88	40	11	3995	81	266	431	266	8	109	0	0	2820	0,0,0,0,0,0	28474	0	316	14511	85	0	14103,13377,13377,10730,10730,10730,10730	3	35	14165,0,0,0,0,0,0	151	0
171508	494	951	672	289	300	91	41	8	4038	84	270	426	314	4	111	0	0	2838	0,0,0,0,0,0	28553	0	317	14824	91	0	14402,13651,13651,10910,10910,10910,10910	3	44	14478,0,0,0,0,0,0	150	0
171481	481	929	663	295	322	95	38	7	4073	89	273	398	275	4	112	0	0	2823	0,0,0,0,0,0	42353	0	281	15105	92	0	14666,13890,13890,11055,11055,11055,11055	3	25	14759,0,0,0,0,0,0	171	0
171452	457	938	665	298	300	101	39	7	4123	90	276	400	244	4	103	0	0	2798	0,0,0,0,0,0	42452	0	264	15364	97	0	14911,14112,14112,11191,11191,11191,11191	3	23	15018,0,0,0,0,0,0	164	0
171407	457	962	679	289	285	98	43	8	4150	90	278	393	255	5	111	0	0	2813	0,0,0,0,0,0	28458	0	307	15668	101	0	15199,14373,14373,11355,11355,11355,11355	3	40	15322,0,0,0,0,0,0	165	0
171341	468	964	672	282	281	97	47	7	4216	92	279	381	270	12	96	0	0	2811	0,0,0,0,0,0	28735	0	317	15982	104	0	15493,14643,14643,11531,11531,11531,11531	3	36	15636,0,0,0,0,0,0	171	0
171323	458	962	669	262	291	95	46	8	4254	97	281	395	262	2	104	0	0	2783	0,0,0,0,0,0	28528	0	288	16270	104	0	15764,14886,14886,11674,11674,11674,11674	3	42	15924,0,0,0,0,0,0	169	0
171274	451	991	631	260	297	92	52	10	4308	98	282	407	262	8	98	0	0	2774	0,0,0,0,0,0	28540	0	310	16580	106	0	16056,15152,15152,11841,11841,11841,11841	3	35	16234,0,0,0,0,0,0	165	0
171208	455	1002	655	258	291	92	50	10	4337	102	286	421	270	2	125	0	0	2803	0,0,0,0,0,0	28642	0	309	16887	108	0	16347,15419,15419,12017,12017,12017,12017	3	33	16541,0,0,0,0,0,0	165	0
171237	409	989	689	277	279	93	45	11	4318	108	291	410	262	2	76	0	0	2781	0,0,0,0,0,0	42355	0	260	17141	116	0	16586,15630,15630,12120,12120,12120,12120	2	20	16796,0,0,0,0,0,0	171	0
171283	378	943	687	283	281	91	47	10	4341	110	292	416	253	5	101	0	0	2710	0,0,0,0,0,0	42467	0	241	17379	120	0	16805,15820,15820,12204,12204,12204,12204	2	16	17034,0,0,0,0,0,0	168	0
171308	413	915	706	280	281	89	45	11	4292	112	294	405	255	5	103	0	0	2729	0,0,0,0,0,0	28485	0	293	17671	123	0	17076,16059,16059,12324,12324,12324,12324	2	25	17326,0,0,0,0,0,0	165	0
171265	426	858	701	278	294	88	48	12	4365	114	297	399	235	1	95	0	0	2693	0,0,0,0,0,0	28454	0	280	17953	125	0	17341,16299,16299,12474,12474,12474,12474	2	36	17609,0,0,0,0,0,0	154	0
171239	459	875	673	268	260	90	46	11	4409	116	300	412	273	6	102	0	0	2671	0,0,0,0,0,0	28621	0	296	18248	127	0	17619,16550,16550,12622,12622,12622,12622	2	28	17905,0,0,0,0,0,0	159	0
171192	463	907	629	259	260	85	42	12	4471	122	304	422	254	4	84	0	0	2645	0,0,0,0,0,0	28651	0	289	18536	128	0	17891,16797,16797,12777,12777,12777,12777	2	24	18193,0,0,0,0,0,0	150	0
171207	439	926	638	254	257	82	41	10	4462	125	305	423	241	6	92	0	0	2637	0,0,0,0,0,0	28531	0	265	18799	131	0	18133,17012,17012,12886,12886,12886,12886	2	24	18456,0,0,0,0,0,0	141	0
171269	400	903	627	249	272	84	39	11	4457	128	307	421	257	4	77	0	0	2574	0,0,0,0,0,0	42548	0	228	19027	131	0	18341,17191,17191,12956,12956,12956,12956	2	16	18684,0,0,0,0,0,0	144	0
171269	385	908	628	232	256	80	38	12	4502	129	307	422	277	3	86	0	0	2527	0,0,0,0,0,0	42420	0	257	19282	135	0	18577,17401,17401,13070,13070,13070,13070	2	21	18939,0,0,0,0,0,0	148	0
171273	384	906	637	245	237	74	35	13	4499	134	309	426	249	3	87	0	0	2518	0,0,0,0,0,0	28506	0	273	19556	137	0	18830,17626,17626,13190,13190,13190,13190	2	29	19213,0,0,0,0,0,0	131	0
171297	395	886	648	244	240	74	35	14	4466	137	310	412	299	0	86	0	0	2522	0,0,0,0,0,0	28426	0	271	19825	142	0	19075,17842,17842,13295,13295,13295,13295	2	21	19482,0,0,0,0,0,0	124	0
171325	397	856	653	235	245	66	30	15	4471	141	312	414	263	3	74	0	0	2482	0,0,0,0,0,0	28402	0	249	20073	143	0	19304,18043,18043,13391,13391,13391,13391	2	25	19730,0,0,0,0,0,0	121	0
171394	400	834	632	230	252	69	29	15	4435	143	313	405	282	1	85	0	0	2446	0,0,0,0,0,0	42458	0	234	20304	146	0	19512,18221,18221,13456,13456,13456,13456	2	10	19961,0,0,0,0,0,0	117	0
171474	378	799	614	237	250	73	30	14	4415	146	316	403	249	5	90	0	0	2381	0,0,0,0,0,0	42143	0	206	20503	154	0	19692,18373,18373,13500,13500,13500,13500	2	23	20160,0,0,0,0,0,0	123	0
171590	332	803	588	227	229	67	30	12	4401	149	318	382	248	4	81	0	0	2276	0,0,0,0,0,0	42327	0	202	20704	155	0	19870,18519,18519,13527,13527,13527,13527	1	17	20361,0,0,0,0,0,0	119	0
171668	306	759	595	235	237	64	32	13	4366	151	320	378	240	3	78	0	0	2228	0,0,0,0,0,0	42285	25	209	20911	157	0	20057,18677,18677,13577,13577,13577,13577	1	20	20568,0,0,0,0,0,0	112	22
171690	323	734	586	247	228	66	36	11	4350	152	323	383	268	2	90	0	0	2220	0,0,0,0,0,0	28401	31	238	21144	165	0	20271,18866,18866,13667,13667,13667,13667	1	29	20801,0,0,0,0,0,0	102	49
171764	322	747	546	247	223	67	33	9	4307	156	325	395	262	0	88	0	0	2185	0,0,0,0,0,0	28550	41	221	21362	169	0	20466,19031,19031,13719,13719,13719,13719	1	21	21021,0,0,0,0,0,0	108	88
171824	332	715	541	237	212	62	31	13	4296	158	325	397	245	1	79	0	0	2130	0,0,0,0,0,0	28365	24	219	21578	172	0	20660,19197,19197,13780,13780,13780,13780	1	23	21238,0,0,0,0,0,0	102	106
171912	336	706	524	242	201	61	29	13	4235	159	328	395	244	2	67	0	0	2099	0,0,0,0,0,0	28333	24	209	21789	172	0	20848,19355,19355,13823,13823,13823,13823	1	26	21449,0,0,0,0,0,0	102	129
172009	336	684	527	213	201	64	32	13	4177	161	329	395	318	5	77	0	0	2057	0,0,0,0,0,0	28416	26	206	21994	174	0	21029,19506,19506,13859,13859,13859,13859	1	19	21654,0,0,0,0,0,0	109	148
172121	329	646	521	205	212	57	33	10	4119	162	331	422	245	4	72	0	0	2003	0,0,0,0,0,0	35591	24	176	22170	175	0	21185,19632,19632,13874,13874,13874,13874	1	17	21831,0,0,0,0,0,0	115	170
172239	316	631	500	204	218	59	35	8	4041	162	333	443	322	5	83	0	0	1963	0,0,0,0,0,0	35540	149	176	22346	176	0	21346,19764,19764,13890,13890,13890,13890	1	19	22007,0,0,0,0,0,0	115	299
172347	306	618	475	213	205	58	31	12	3982	164	335	458	239	0	81	0	0	1906	0,0,0,0,0,0	23325	133	176	22522	178	0	21510,19900,19900,13911,13911,13911,13911	1	18	22183,0,0,0,0,0,0	107	415
172470	292	643	467	194	196	60	29	10	3882	167	336	447	301	2	66	0	0	1881	0,0,0,0,0,0	23346	128	187	22705	182	0	21682,20041,20041,13927,13927,13927,13927	1	20	22367,0,0,0,0,0,0	103	526
172526	295	643	439	183	188	61	31	10	3866	168	336	446	321	5	73	0	0	1840	0,0,0,0,0,0	23515	139	203	22906	186	0	21868,20202,20202,13984,13984,13984,13984	1	20	22568,0,0,0,0,0,0	102	640
172580	299	659	436	188	189	57	28	11	3789	170	340	423	267	0	63	0	0	1856	0,0,0,0,0,0	23189	121	217	23118	192	0	22066,20373,20373,14048,14048,14048,14048	1	22	22780,0,0,0,0,0,0	102	745
172616	313	655	439	185	197	57	28	9	3731	172	344	431	294	1	68	0	0	1874	0,0,0,0,0,0	23353	115	212	23331	194	0	22267,20548,20548,14121,14121,14121,14121	1	21	22993,0,0,0,0,0,0	93	836
172686	300	634	441	191	185	57	30	10	3692	174	346	448	271	5	61	0	0	1838	0,0,0,0,0,0	35480	131	167	23497	196	0	22422,20680,20680,14156,14156,14156,14156	1	13	23160,0,0,0,0,0,0	91	952
172785	267	633	432	190	187	56	29	8	3633	177	349	453	95	0	66	0	0	1794	0,0,0,0,0,0	35376	147	147	23642	198	0	22597,20830,20830,14186,14186,14186,14186	1	15	23305,0,0,0,0,0,0	105	1071
172831	271	628	437	188	173	59	25	9	3592	181	352	456	273	3	69	0	0	1781	0,0,0,0,0,0	23633	140	196	23836	200	0	22816,21024,21024,14263,14263,14263,14263	1	19	23499,0,0,0,0,0,0	100	1184
172891	275	628	419	181	173	65	30	8	3541	181	354	465	245	5	70	0	0	1771	0,0,0,0,0,0	23458	149	185	24021	201	0	23019,21203,21203,14324,14324,14324,14324	1	24	23684,0,0,0,0,0,0	106	1311
172954	289	615	419	186	184	65	28	9	3459	181	357	467	305	3	62	0	0	1786	0,0,0,0,0,0	23461	151	199	24217	205	0	23238,21395,21395,14393,14393,14393,14393	1	25	23880,0,0,0,0,0,0	108	1442
173002	280	637	419	192	173	60	30	9	3402	183	359	469	262	1	69	0	0	1791	0,0,0,0,0,0	23373	155	197	24415	206	0	23454,21587,21587,14467,14467,14467,14467	1	16	24078,0,0,0,0,0,0	101	1565
173003	285	654	427	185	172	62	31	9	3373	185	360	436	153	2	67	0	0	1816	0,0,0,0,0,0	23329	171	213	24627	208	0	23681,21792,21792,14570,14570,14570,14570	1	26	24290,0,0,0,0,0,0	105	1703
173072	284	623	445	173	163	61	31	10	3334	187	363	445	266	1	51	0	0	1780	0,0,0,0,0,0	35609	172	159	24784	212	0	23863,21951,21951,14617,14617,14617,14617	1	11	24447,0,0,0,0,0,0	102	1839
173127	259	627	453	173	152	59	30	7	3306	188	365	428	170	1	57	0	0	1753	0,0,0,0,0,0	35437	82	155	24937	216	0	24040,22108,22108,14669,14669,14669,14669	1	11	24600,0,0,0,0,0,0	106	1906
173167	269	621	447	178	157	59	28	6	3256	190	368	434	241	3	62	0	0	1759	0,0,0,0,0,0	23293	75	197	25131	219	0	24255,22299,22299,14744,14744,14744,14744	1	17	24794,0,0,0,0,0,0	96	1966
173195	292	590	455	175	163	55	29	5	3221	192	374	421	267	4	60	0	0	1759	0,0,0,0,0,0	23316	66	203	25334	219	0	24485,22505,22505,14832,14832,14832,14832	1	24	24997,0,0,0,0,0,0	98	2018
173250	277	583	437	194	153	55	29	4	3191	193	380	446	239	5	79	0	0	1728	0,0,0,0,0,0	23326	67	171	25503	223	0	24686,22683,22683,14894,14894,14894,14894	1	21	25166,0,0,0,0,0,0	101	2073
173268	297	575	437	184	151	59	31	4	3165	194	381	455	257	1	60	0	0	1734	0,0,0,0,0,0	23476	63	200	25704	225	0	24911,22887,22887,14986,14986,14986,14986	1	20	25367,0,0,0,0,0,0	105	2124
173297	305	557	431	187	143	61	28	3	3153	198	383	491	239	4	67	0	0	1712	0,0,0,0,0,0	23204	65	173	25877	227	0	25116,23071,23071,15061,15061,15061,15061	1	10	25540,0,0,0,0,0,0	100	2171
173384	277	574	435	182	131	56	26	3	3091	202	385	496	96	3	53	0	0	1681	0,0,0,0,0,0	35777	64	151	26028	229	0	25296,23228,23228,15097,15097,15097,15097	1	14	25691,0,0,0,0,0,0	108	2221
173427	256	575	407	166	138	55	27	3	3101	203	388	488	325	3	41	0	0	1624	0,0,0,0,0,0	35691	184	151	26178	232	0	25461,23373,23373,15146,15146,15146,15146	1	14	25841,0,0,0,0,0,0	100	2364
173459	247	531	419	171	147	55	26	2	3094	206	389	474	254	4	67	0	0	1596	0,0,0,0,0,0	23368	189	154	26331	235	0	25625,23518,23518,15198,15198,15198,15198	1	16	25994,0,0,0,0,0,0	97	2520
173443	267	571	383	173	152	51	28	3	3076	206	393	475	257	0	72	0	0	1625	2,0,0,0,0,0	23437	197	187	26550	239	0	25854,23727,23727,15306,15306,15306,15306	1	22	26180,34,0,0,0,0,0	95	2677
173460	303	554	370	161	168	43	28	4	3051	208	396	485	246	1	62	0	0	1627	4,0,0,0,0,0	23329	216	157	26733	241	0	26046,23898,23898,15379,15379,15379,15379	1	15	26330,67,0,0,0,0,0	90	2848
173478	313	559	398	157	173	42	29	5	2986	208	398	491	248	4	60	0	0	1671	7,0,0,0,0,0	23405	217	171	26938	247	0	26257,24087,24087,15461,15461,15461,15461	1	21	26485,119,0,0,0,0,0	88	3007
173470	319	589	388	152	183	46	29	6	2950	214	400	497	269	4	65	0	0	1706	9,0,0,0,0,0	23407	214	181	27148	251	0	26470,24280,24280,15559,15559,15559,15559	1	18	26640,174,0,0,0,0,0	88	3170
173443	329	625	388	142	175	46	28	7	2945	215	403	492	244	3	71	0	0	1733	13,0,0,0,0,0	35816	216	172	27356	258	0	26687,24479,24479,15668,15668,15668,15668	1	11	26779,246,0,0,0,0,0	92	3351
173434	317	666	379	164	167	47	28	5	2915	216	408	488	314	1	47	0	0	1768	17,0,0,0,0,0	35639	174	168	27559	264	0	26974,24747,24747,15803,15803,15803,15803	1	14	26904,330,0,0,0,0,0	89	3497
173416	326	654	422	164	171	45	29	6	2887	216	410	480	231	1	66	0	0	1811	20,0,0,0,0,0	23522	165	208	27761	271	0	27255,25011,25010,15938,15938,15938,15938	1	15	27033,406,0,0,0,0,0	92	3630
