S	E	I1	I2	I3	I4	I5_h	I6_h	R_h	R	D1	D2	H	T	P1	P2	Q	QT	NQ	MUT	HOM	VAC	NI	INF	REINF	BSTR	IMM	HCI	HCE	INFV	INFH	VNI
178126	109	122	61	44	40	7	3	0	232	2	0	189	0	0	0	0	0	386	0,0,0,0,0,0	178744	0	0	386	0	0	620,620,620,620,620,620,620	0	0	0,0,0,0,0,0,0	0	0
178072	87	159	77	41	41	8	4	0	255	2	0	316	306	1	85	0	0	417	0,0,0,0,0,0	12479	0	63	449	0	0	674,674,674,674,674,674,674	0	3	63,0,0,0,0,0,0	10	0
178009	108	167	82	45	44	7	5	0	269	2	8	427	269	0	14	0	0	458	0,0,0,0,0,0	12494	0	73	522	0	0	738,738,738,738,738,738,738	0	6	136,0,0,0,0,0,0	15	0
177954	121	171	89	47	35	8	5	0	302	2	12	475	307	1	20	0	0	476	0,0,0,0,0,0	12523	0	65	587	0	0	793,793,793,793,793,793,793	0	7	201,0,0,0,0,0,0	15	0
177900	120	195	91	44	40	9	6	0	323	3	15	535	261	0	17	0	0	505	0,0,0,0,0,0	24664	0	72	659	0	0	852,852,852,852,852,852,852	0	7	273,0,0,0,0,0,0	17	0
177848	101	233	96	38	46	9	6	0	350	3	16	586	264	0	19	0	0	529	0,0,0,0,0,0	24827	0	66	727	0	0	909,909,909,908,908,908,908	0	5	341,0,0,0,0,0,0	18	0
177800	97	220	113	47	48	10	6	0	382	3	20	643	254	2	12	0	0	541	0,0,0,0,0,0	12864	0	63	789	1	0	960,960,960,960,960,960,960	0	10	404,0,0,0,0,0,0	18	0
177740	96	236	130	48	50	11	7	0	401	3	24	665	252	1	22	0	0	578	0,0,0,0,0,0	12935	0	85	874	1	0	1034,1033,1033,1031,1031,1031,1031	0	8	489,0,0,0,0,0,0	23	0
177654	107	238	145	54	70	10	6	0	428	4	30	676	269	1	21	0	0	630	0,0,0,0,0,0	13018	0	100	973	2	0	1125,1124,1124,1121,1121,1121,1121	0	9	589,0,0,0,0,0,0	22	0
177587	105	252	142	54	73	14	7	0	474	4	34	681	249	1	33	0	0	647	0,0,0,0,0,0	12928	0	75	1049	2	0	1197,1196,1196,1193,1193,1193,1193	0	8	665,0,0,0,0,0,0	21	0
177497	134	263	144	59	76	14	6	2	507	4	40	702	132	1	22	0	0	696	0,0,0,0,0,0	13061	0	111	1160	3	0	1298,1296,1296,1291,1291,1291,1291	0	9	776,0,0,0,0,0,0	24	0
177441	133	256	148	67	84	12	6	2	548	4	45	720	107	0	29	0	0	706	0,0,0,0,0,0	24766	0	75	1234	4	0	1366,1364,1364,1356,1356,1356,1356	0	16	851,0,0,0,0,0,0	29	0
177399	133	263	132	65	81	12	8	1	597	4	51	721	250	0	21	0	0	694	0,0,0,0,0,0	24751	0	69	1302	5	0	1426,1423,1423,1411,1411,1411,1411	0	3	920,0,0,0,0,0,0	25	0
177348	122	269	158	58	87	15	7	2	623	5	52	721	262	2	34	0	0	716	0,0,0,0,0,0	13028	0	85	1387	6	0	1496,1491,1491,1474,1474,1474,1474	0	8	1006,0,0,0,0,0,0	26	0
177298	124	258	179	60	80	15	7	2	662	5	56	730	102	2	32	0	0	723	0,0,0,0,0,0	12987	0	80	1466	7	0	1566,1560,1560,1538,1538,1538,1538	0	9	1086,0,0,0,0,0,0	35	0
177231	127	279	176	65	70	15	5	3	711	6	58	748	252	0	22	0	0	737	0,0,0,0,0,0	13081	0	94	1559	8	0	1652,1644,1644,1616,1616,1616,1616	0	14	1180,0,0,0,0,0,0	31	0
177164	127	297	191	62	67	15	5	3	746	6	63	733	97	0	24	0	0	764	0,0,0,0,0,0	12972	0	100	1660	8	0	1744,1734,1734,1699,1699,1699,1699	0	11	1281,0,0,0,0,0,0	32	0
177090	152	291	187	66	76	14	5	3	789	6	67	725	254	0	16	0	0	791	0,0,0,0,0,0	13018	0	109	1768	9	0	1846,1834,1834,1790,1790,1790,1790	0	10	1390,0,0,0,0,0,0	38	0
177027	152	295	180	74	85	13	6	2	837	6	69	704	301	2	33	0	0	805	0,0,0,0,0,0	25087	0	90	1857	11	0	1930,1916,1916,1865,1865,1865,1865	0	7	1480,0,0,0,0,0,0	36	0
176973	140	306	193	82	84	17	7	2	865	6	71	687	244	2	33	0	0	829	0,0,0,0,0,0	25021	0	100	1957	11	0	2019,2002,2002,1940,1940,1940,1940	0	9	1580,0,0,0,0,0,0	45	0
176913	151	320	212	74	90	20	7	1	876	7	75	687	230	0	37	0	0	874	0,0,0,0,0,0	12902	0	114	2070	12	0	2124,2102,2102,2025,2025,2025,2025	0	12	1694,0,0,0,0,0,0	41	0
176810	167	340	218	77	97	20	6	2	921	7	81	685	251	2	33	0	0	925	0,0,0,0,0,0	13012	0	134	2203	13	0	2249,2225,2225,2140,2140,2140,2140	0	11	1828,0,0,0,0,0,0	44	0
176757	174	335	224	74	93	21	11	1	963	7	86	688	254	2	35	0	0	932	0,0,0,0,0,0	13050	0	113	2316	13	0	2351,2323,2323,2221,2221,2221,2221	1	19	1941,0,0,0,0,0,0	45	0
176670	182	368	226	79	87	24	13	1	999	7	90	694	251	3	36	0	0	979	0,0,0,0,0,0	12857	0	139	2452	16	0	2481,2448,2448,2332,2332,2332,2332	1	15	2080,0,0,0,0,0,0	52	0
176597	189	386	228	88	96	27	13	1	1020	10	91	682	329	5	28	0	0	1027	0,0,0,0,0,0	13210	0	132	2584	16	0	2600,2563,2563,2432,2432,2432,2432	1	16	2212,0,0,0,0,0,0	54	0
176498	209	401	232	94	99	27	15	1	1064	10	96	682	286	3	28	0	0	1077	0,0,0,0,0,0	25090	0	149	2733	16	0	2739,2699,2699,2554,2554,2554,2554	1	11	2361,0,0,0,0,0,0	65	0
176436	223	390	239	98	109	32	16	1	1093	10	99	659	262	2	36	0	0	1107	0,0,0,0,0,0	24966	0	122	2855	17	0	2852,2807,2807,2644,2644,2644,2644	1	8	2484,0,0,0,0,0,0	64	0
176346	228	425	257	92	114	31	18	1	1123	11	100	656	262	0	46	0	0	1165	0,0,0,0,0,0	12980	0	158	3014	17	0	3002,2951,2951,2767,2767,2767,2767	1	24	2643,0,0,0,0,0,0	73	0
176283	225	432	267	94	108	31	17	1	1171	12	105	664	265	0	31	0	0	1174	0,0,0,0,0,0	12994	0	123	3137	18	0	3118,3061,3061,2858,2858,2858,2858	1	10	2766,0,0,0,0,0,0	68	0
176201	227	419	296	90	119	32	16	1	1221	14	110	643	297	1	42	0	0	1199	0,0,0,0,0,0	13027	0	145	3283	18	0	3259,3196,3196,2971,2971,2971,2971	1	10	2912,0,0,0,0,0,0	66	0
176123	219	456	285	102	124	30	15	2	1264	15	111	652	243	1	42	0	0	1231	0,0,0,0,0,0	12962	0	154	3438	18	0	3401,3332,3332,3084,3084,3084,3084	1	17	3067,0,0,0,0,0,0	64	0
176018	224	462	311	117	135	27	16	2	1303	16	115	670	76	2	42	0	0	1292	0,0,0,0,0,0	13051	0	187	3624	19	0	3579,3503,3503,3227,3227,3227,3227	1	18	3254,0,0,0,0,0,0	58	0
175944	237	454	317	129	136	28	18	2	1343	18	120	648	280	2	65	0	0	1319	0,0,0,0,0,0	24887	0	151	3775	19	0	3726,3642,3642,3340,3340,3340,3340	1	15	3405,0,0,0,0,0,0	59	0
175881	226	476	306	132	123	30	21	3	1407	19	122	646	99	3	43	0	0	1314	0,0,0,0,0,0	24954	0	142	3918	19	0	3861,3770,3770,3441,3441,3441,3441	1	14	3548,0,0,0,0,0,0	64	0
175727	251	545	301	129	130	33	21	4	1458	20	127	641	280	1	52	0	0	1410	0,0,0,0,0,0	13143	0	235	4153	20	0	4090,3990,3990,3634,3634,3634,3634	1	21	3783,0,0,0,0,0,0	73	0
175596	313	537	313	137	145	30	20	6	1498	20	131	627	295	2	47	0	0	1495	0,0,0,0,0,0	12899	0	219	4370	22	0	4295,4188,4188,3805,3805,3805,3805	1	19	4000,0,0,0,0,0,0	72	0
175491	339	527	345	138	143	31	22	7	1546	20	137	617	323	4	57	0	0	1545	0,0,0,0,0,0	12781	0	209	4580	22	0	4494,4377,4377,3959,3959,3959,3959	1	17	4210,0,0,0,0,0,0	70	0
175375	328	589	341	143	134	33	23	6	1613	21	140	626	233	4	64	0	0	1591	0,0,0,0,0,0	12920	0	206	4786	23	0	4694,4569,4569,4119,4119,4119,4119	1	23	4416,0,0,0,0,0,0	69	0
175243	349	604	363	147	146	32	21	7	1666	23	145	616	339	3	44	0	0	1662	0,0,0,0,0,0	13105	0	220	5006	24	0	4909,4775,4775,4294,4294,4294,4294	1	24	4636,0,0,0,0,0,0	75	0
175160	329	632	368	142	153	40	20	9	1722	24	147	624	316	1	60	0	0	1684	0,0,0,0,0,0	24788	0	193	5199	24	0	5093,4949,4949,4429,4429,4429,4429	1	19	4829,0,0,0,0,0,0	77	0
175056	328	634	373	153	165	44	22	10	1786	25	150	605	259	4	60	0	0	1719	0,0,0,0,0,0	24862	0	199	5396	26	0	5281,5128,5128,4578,4578,4578,4578	1	13	5027,0,0,0,0,0,0	91	0
174940	325	662	395	163	164	49	21	9	1836	28	154	604	323	2	68	0	0	1779	0,0,0,0,0,0	12997	0	224	5621	26	0	5500,5336,5336,4748,4748,4748,4748	1	19	5252,0,0,0,0,0,0	98	0
174794	352	699	407	169	160	52	22	8	1900	28	155	616	318	3	61	0	0	1861	0,0,0,0,0,0	12994	0	243	5866	28	0	5734,5561,5561,4938,4938,4938,4938	1	29	5498,0,0,0,0,0,0	101	0
174641	346	750	424	174	170	51	26	6	1972	29	157	588	302	6	61	0	0	1941	0,0,0,0,0,0	12942	0	260	6125	30	0	5984,5801,5801,5141,5141,5141,5141	1	31	5757,0,0,0,0,0,0	106	0
174491	371	751	446	187	190	51	25	4	2037	31	162	568	271	5	70	0	0	2021	0,0,0,0,0,0	13050	0	261	6386	31	0	6241,6047,6047,5345,5345,5345,5345	2	31	6018,0,0,0,0,0,0	100	0
174284	427	778	481	190	192	49	23	4	2119	32	167	564	298	6	83	0	0	2140	0,0,0,0,0,0	13043	0	322	6708	32	0	6559,6352,6352,5608,5608,5608,5608	2	38	6341,0,0,0,0,0,0	96	0
174159	411	797	478	194	205	49	21	5	2220	34	173	548	317	5	70	0	0	2155	0,0,0,0,0,0	24662	0	228	6936	33	0	6785,6568,6568,5785,5785,5785,5785	2	20	6569,0,0,0,0,0,0	105	0
173999	439	821	481	213	207	51	20	6	2298	35	176	567	234	3	72	0	0	2232	0,0,0,0,0,0	24696	0	296	7229	37	0	7070,6840,6840,6009,6009,6009,6009	2	25	6863,0,0,0,0,0,0	112	0
173796	482	877	470	218	224	53	16	6	2387	39	178	541	265	3	74	0	0	2340	0,0,0,0,0,0	13169	0	328	7557	37	0	7391,7148,7148,6272,6272,6272,6272	2	45	7191,0,0,0,0,0,0	103	0
173635	487	935	505	229	228	50	23	4	2431	39	180	530	249	4	91	0	0	2457	0,0,0,0,0,0	12898	0	338	7896	38	0	7717,7457,7457,6515,6515,6515,6515	2	34	7530,0,0,0,0,0,0	94	0
173480	490	964	530	236	241	48	33	2	2501	39	182	549	239	0	96	0	0	2542	0,0,0,0,0,0	28452	0	302	8197	40	0	8010,7734,7734,6740,6740,6740,6740	2	36	7831,0,0,0,0,0,0	103	0
173353	493	949	568	242	241	56	33	2	2583	42	184	557	269	3	107	0	0	2582	0,0,0,0,0,0	28489	0	284	8482	40	0	8286,7995,7995,6942,6942,6942,6942	2	36	8116,0,0,0,0,0,0	111	0
173199	492	954	598	250	241	53	34	2	2691	44	188	517	312	6	86	0	0	2622	0,0,0,0,0,0	28741	0	305	8789	40	0	8585,8279,8279,7169,7169,7169,7169	2	31	8423,0,0,0,0,0,0	119	0
173089	497	954	608	252	247	56	38	3	2762	46	194	521	255	4	65	0	0	2652	0,0,0,0,0,0	42374	0	283	9072	42	0	8862,8537,8537,7363,7363,7363,7363	2	23	8707,0,0,0,0,0,0	116	0
172965	460	943	633	252	269	56	34	3	2882	52	197	504	251	4	84	0	0	2647	0,0,0,0,0,0	42487	0	268	9338	44	0	9121,8782,8782,7555,7555,7555,7555	2	34	8973,0,0,0,0,0,0	119	0
172810	456	983	626	251	262	60	34	4	3003	53	204	488	261	5	98	0	0	2672	0,0,0,0,0,0	28757	0	302	9641	45	0	9421,9066,9066,7782,7782,7782,7782	2	29	9277,0,0,0,0,0,0	124	0
172665	464	966	647	282	273	63	27	7	3090	57	205	494	266	3	104	0	0	2722	0,0,0,0,0,0	28809	0	308	9949	48	0	9717,9346,9346,8002,8002,8002,8002	2	40	9586,0,0,0,0,0,0	113	0
172591	455	915	665	297	283	66	28	6	3176	58	206	488	293	5	93	0	0	2709	0,0,0,0,0,0	28548	0	255	10201	53	0	9959,9570,9570,8159,8159,8159,8159	2	22	9839,0,0,0,0,0,0	123	0
172459	458	962	668	278	289	72	31	6	3259	58	206	494	248	6	91	0	0	2758	0,0,0,0,0,0	28487	0	313	10512	58	0	10258,9852,9852,8375,8375,8375,8375	2	39	10151,0,0,0,0,0,0	122	0
172387	473	933	692	293	276	74	32	7	3309	60	210	477	306	3	102	0	0	2773	0,0,0,0,0,0	28350	0	305	10817	62	0	10551,10121,10121,8558,8558,8558,8558	2	36	10456,0,0,0,0,0,0	129	0
172348	450	913	696	300	264	75	36	6	3386	60	212	446	288	3	86	0	0	2734	0,0,0,0,0,0	42269	0	250	11064	68	0	10787,10335,10335,8695,8695,8695,8695	2	19	10704,0,0,0,0,0,0	143	0
172280	440	899	688	298	261	82	38	4	3479	62	215	422	292	7	96	0	0	2706	0,0,0,0,0,0	42147	0	266	11333	70	0	11045,10573,10573,8859,8859,8859,8859	2	24	10974,0,0,0,0,0,0	149	0
172204	446	915	660	288	249	84	40	3	3575	66	216	439	255	4	103	0	0	2682	0,0,0,0,0,0	28393	0	299	11633	72	0	11332,10837,10837,9040,9040,9040,9040	2	33	11275,0,0,0,0,0,0	153	0
172116	442	956	636	277	266	91	41	3	3632	68	218	443	301	3	98	0	0	2709	0,0,0,0,0,0	28510	0	296	11926	76	0	11611,11095,11095,9222,9222,9222,9222	2	33	11568,0,0,0,0,0,0	161	0
172013	446	981	638	271	265	92	36	6	3706	72	220	450	231	2	98	0	0	2729	0,0,0,0,0,0	28863	0	317	12241	81	0	11914,11377,11377,9424,9424,9424,9424	2	31	11885,0,0,0,0,0,0	149	0
171935	444	986	651	263	265	91	40	6	3766	75	224	457	275	6	98	0	0	2740	0,0,0,0,0,0	28648	0	296	12534	84	0	12196,11637,11637,9603,9603,9603,9603	2	34	12178,0,0,0,0,0,0	163	0
171841	441	1012	632	284	267	89	40	6	3831	77	226	449	260	5	79	0	0	2765	0,0,0,0,0,0	28342	0	326	12854	91	0	12502,11921,11921,9803,9803,9803,9803	2	31	12498,0,0,0,0,0,0	169	0
171813	459	945	653	287	279	90	39	5	3867	81	228	453	276	5	101	0	0	2752	0,0,0,0,0,0	42207	0	273	13125	94	0	12759,12153,12153,9945,9945,9945,9945	2	19	12769,0,0,0,0,0,0	169	0
171792	420	923	641	284	274	88	43	6	3960	83	232	460	242	5	94	0	0	2673	0,0,0,0,0,0	42279	0	237	13361	95	0	12984,12356,12356,10067,10067,10067,10067	2	23	13005,0,0,0,0,0,0	172	0
171765	425	923	639	269	271	84	44	8	3997	85	236	438	252	1	112	0	0	2655	0,0,0,0,0,0	28720	0	292	13652	97	0	13258,12603,12603,10217,10217,10217,10217	2	33	13296,0,0,0,0,0,0	177	0
171704	450	921	626	259	281	83	44	10	4043	86	239	429	264	2	92	0	0	2664	0,0,0,0,0,0	28787	0	310	13960	103	0	13549,12870,12870,10391,10391,10391,10391	2	40	13604,0,0,0,0,0,0	158	0
171682	430	946	657	265	272	81	42	12	4030	89	240	429	269	3	100	0	0	2693	0,0,0,0,0,0	28567	0	295	14253	106	0	13825,13118,13118,10539,10539,10539,10539	2	31	13898,0,0,0,0,0,0	163	0
171591	467	943	653	270	274	78	41	12	4083	92	242	406	245	4	98	0	0	2726	0,0,0,0,0,0	28535	0	332	14586	110	0	14143,13412,13412,10742,10742,10742,10742	3	43	14233,0,0,0,0,0,0	159	0
171572	475	908	666	285	275	80	39	12	4096	94	244	392	282	7	98	0	0	2728	0,0,0,0,0,0	28454	0	280	14864	113	0	14405,13647,13647,10880,10880,10880,10880	3	38	14512,0,0,0,0,0,0	149	0
171577	445	919	660	277	289	81	41	12	4102	97	246	400	308	5	78	0	0	2712	0,0,0,0,0,0	41779	0	265	15127	115	0	14652,13867,13867,11000,11000,11000,11000	3	28	14776,0,0,0,0,0,0	149	0
171580	409	897	653	281	294	85	37	11	4150	102	247	391	265	3	93	0	0	2656	0,0,0,0,0,0	42440	0	243	15370	116	0	14878,14069,14069,11110,11110,11110,11110	2	27	15019,0,0,0,0,0,0	155	0
171573	385	933	649	268	279	87	42	11	4166	104	249	403	245	4	123	0	0	2643	0,0,0,0,0,0	28372	0	279	15649	117	0	15140,14303,14303,11243,11243,11243,11243	3	52	15298,0,0,0,0,0,0	146	0
171510	406	908	668	256	263	89	41	8	4238	107	252	389	237	3	98	0	0	2631	0,0,0,0,0,0	28296	0	287	15937	119	0	15412,14553,14553,11406,11406,11406,11406	3	29	15587,0,0,0,0,0,0	150	0
171473	442	901	652	249	270	91	43	9	4252	110	254	369	275	4	92	0	0	2648	0,0,0,0,0,0	28314	0	304	16241	121	0	15699,14812,14812,11566,11566,11566,11566	2	25	15891,0,0,0,0,0,0	153	0
171447	455	912	635	240	259	94	42	11	4284	113	254	383	236	6	94	0	0	2637	0,0,0,0,0,0	28340	0	283	16522	125	0	15961,15049,15049,11708,11708,11708,11708	3	42	16172,0,0,0,0,0,0	155	0
171461	434	918	630	254	266	91	40	11	4271	115	255	375	246	4	82	0	0	2633	0,0,0,0,0,0	28351	0	266	16787	128	0	16207,15267,15267,11820,11820,11820,11820	3	38	16438,0,0,0,0,0,0	146	0
171521	397	909	640	236	248	85	45	10	4283	115	257	391	264	3	86	0	0	2560	0,0,0,0,0,0	42409	0	220	17006	131	0	16408,15439,15439,11888,11888,11888,11888	2	18	16657,0,0,0,0,0,0	143	0
171528	360	899	641	244	254	86	44	9	4299	118	264	395	254	2	71	0	0	2528	0,0,0,0,0,0	42687	0	237	17243	132	0	16632,15639,15639,11995,11995,11995,11995	2	10	16894,0,0,0,0,0,0	143	0
171530	387	853	652	252	259	82	47	9	4288	120	267	401	279	5	106	0	0	2532	0,0,0,0,0,0	28365	0	269	17512	134	0	16884,15863,15863,12116,12116,12116,12116	2	33	17163,0,0,0,0,0,0	138	0
171536	402	834	642	271	251	85	48	7	4277	122	271	376	280	4	98	0	0	2533	0,0,0,0,0,0	28313	0	257	17771	135	0	17123,16076,16076,12228,12228,12228,12228	2	25	17422,0,0,0,0,0,0	142	0
171569	388	835	637	261	246	90	54	7	4265	122	272	407	269	1	84	0	0	2511	0,0,0,0,0,0	28289	0	259	18028	138	0	17360,16283,16283,12326,12326,12326,12326	2	23	17679,0,0,0,0,0,0	145	0
171545	423	805	630	276	234	85	51	8	4289	126	274	392	228	1	94	0	0	2504	0,0,0,0,0,0	28406	0	277	18304	142	0	17618,16516,16516,12463,12463,12463,12463	2	26	17955,0,0,0,0,0,0	156	0
171569	416	801	632	260	237	83	50	10	4284	129	275	382	249	1	85	0	0	2479	0,0,0,0,0,0	28406	0	253	18554	146	0	17847,16718,16718,12561,12561,12561,12561	2	28	18205,0,0,0,0,0,0	150	0
171660	385	793	610	252	222	90	49	10	4265	130	280	414	221	3	75	0	0	2401	0,0,0,0,0,0	42358	0	209	18761	149	0	18037,16878,16878,12608,12608,12608,12608	2	11	18412,0,0,0,0,0,0	143	0
171697	367	784	596	236	213	91	49	11	4285	135	282	400	238	1	92	0	0	2336	0,0,0,0,0,0	42517	0	210	18971	152	0	18229,17045,17045,12681,12681,12681,12681	2	24	18622,0,0,0,0,0,0	155	0
171710	358	772	604	229	198	91	49	10	4302	138	285	401	291	1	92	0	0	2301	0,0,0,0,0,0	28283	0	239	19206	157	0	18446,17237,17237,12778,12778,12778,12778	2	29	18858,0,0,0,0,0,0	159	0
171764	352	802	586	202	206	92	43	11	4258	143	287	448	231	3	77	0	0	2283	0,0,0,0,0,0	28550	0	241	19447	158	0	18664,17424,17424,12854,12854,12854,12854	2	25	19099,0,0,0,0,0,0	159	0
171825	364	780	579	212	200	90	42	12	4208	147	287	429	258	2	85	0	0	2267	0,0,0,0,0,0	28443	0	227	19672	161	0	18866,17599,17599,12920,12920,12920,12920	2	23	19324,0,0,0,0,0,0	160	0
171889	364	740	571	232	199	82	39	14	4173	152	291	406	269	6	79	0	0	2227	0,0,0,0,0,0	41856	0	210	19877	166	0	19054,17759,17759,12976,12976,12976,12976	2	23	19529,0,0,0,0,0,0	162	0
171954	351	740	565	229	194	80	38	14	4135	153	293	404	254	3	73	0	0	2197	0,0,0,0,0,0	42005	0	213	20087	170	0	19243,17920,17920,13033,13033,13033,13033	2	19	19739,0,0,0,0,0,0	160	0
172014	334	736	561	223	196	77	42	14	4097	156	296	393	346	3	77	0	0	2169	0,0,0,0,0,0	42616	0	199	20284	174	0	19423,18074,18074,13088,13088,13088,13088	1	14	19936,0,0,0,0,0,0	149	0
172097	307	701	582	242	198	68	38	17	4041	158	297	401	275	2	74	0	0	2136	0,0,0,0,0,0	42132	24	187	20471	175	0	19589,18214,18214,13125,13125,13125,13125	1	14	20123,0,0,0,0,0,0	155	21
172198	283	724	560	235	200	63	36	15	3975	159	298	406	247	3	82	0	0	2101	0,0,0,0,0,0	28390	19	214	20684	176	0	19778,18371,18371,13163,13163,13163,13163	1	24	20336,0,0,0,0,0,0	144	39
172266	296	684	569	232	203	60	36	16	3919	163	302	405	240	2	67	0	0	2080	0,0,0,0,0,0	28387	26	213	20894	181	0	19967,18531,18531,13216,13216,13216,13216	1	17	20546,0,0,0,0,0,0	123	57
172332	300	666	544	224	214	62	34	19	3878	165	308	432	264	3	91	0	0	2044	0,0,0,0,0,0	28535	21	203	21095	183	0	20150,18687,18687,13268,13268,13268,13268	1	25	20747,0,0,0,0,0,0	128	75
172396	299	659	542	202	227	66	33	18	3827	166	311	463	262	2	68	0	0	2028	0,0,0,0,0,0	28059	35	202	21293	188	0	20329,18840,18840,13319,13319,13319,13319	1	19	20946,0,0,0,0,0,0	121	103
172435	307	665	533	189	212	63	33	16	3811	168	314	464	253	3	64	0	0	2002	0,0,0,0,0,0	28656	40	205	21496	192	0	20513,19000,19000,13383,13383,13383,13383	1	19	21149,0,0,0,0,0,0	122	136
172505	305	659	509	186	200	60	35	17	3785	169	316	447	225	2	67	0	0	1954	0,0,0,0,0,0	35689	21	190	21686	192	0	20684,19144,19144,13428,13428,13428,13428	1	18	21339,0,0,0,0,0,0	118	156
172592	318	612	491	201	200	59	31	15	3737	174	316	429	87	2	60	0	0	1912	0,0,0,0,0,0	35549	140	177	21857	198	0	20841,19275,19275,13457,13457,13457,13457	1	21	21510,0,0,0,0,0,0	119	272
172598	318	652	475	200	172	61	32	16	3730	175	317	440	269	3	79	0	0	1910	0,0,0,0,0,0	23322	153	223	22078	200	0	21049,19461,19461,13550,13550,13550,13550	1	33	21731,0,0,0,0,0,0	112	400
172634	322	657	488	208	180	57	32	16	3658	176	318	450	267	2	68	0	0	1944	0,0,0,0,0,0	23244	150	219	22295	203	0	21249,19635,19635,13622,13622,13622,13622	2	26	21948,0,0,0,0,0,0	112	527
172688	339	687	478	201	178	61	35	12	3568	179	320	433	267	6	72	0	0	1979	0,0,0,0,0,0	23250	149	235	22526	209	0	21464,19822,19822,13695,13695,13695,13695	2	32	22180,0,0,0,0,0,0	108	649
172736	324	669	482	206	192	58	36	12	3529	180	322	449	268	2	67	0	0	1967	0,0,0,0,0,0	23520	111	192	22713	214	0	21642,19976,19976,13752,13752,13752,13752	2	25	22367,0,0,0,0,0,0	110	741
172722	328	699	473	205	189	56	36	13	3521	181	323	435	312	3	71	0	0	1986	0,0,0,0,0,0	23339	148	239	22951	216	0	21873,20185,20185,13865,13865,13865,13865	2	22	22605,0,0,0,0,0,0	106	868
172799	313	671	475	229	175	57	37	11	3473	183	323	439	245	2	60	0	0	1957	0,0,0,0,0,0	35521	127	167	23119	217	0	22027,20314,20314,13897,13897,13897,13897	2	19	22773,0,0,0,0,0,0	110	974
172861	289	688	465	217	177	57	38	10	3434	185	325	418	255	3	68	0	0	1931	0,0,0,0,0,0	35542	142	183	23301	219	0	22233,20495,20495,13961,13961,13961,13961	2	10	22956,0,0,0,0,0,0	111	1080
172877	311	679	431	221	187	55	36	10	3422	189	328	406	289	4	83	0	0	1920	0,0,0,0,0,0	23111	165	222	23523	221	0	22482,20721,20721,14069,14069,14069,14069	2	24	23178,0,0,0,0,0,0	102	1224
172901	310	674	446	209	188	55	35	12	3396	192	328	433	245	2	79	0	0	1917	0,0,0,0,0,0	23226	148	192	23713	225	0	22697,20914,20914,14153,14153,14153,14153	1	15	23368,0,0,0,0,0,0	95	1348
172940	311	671	449	210	180	60	33	12	3355	196	329	431	243	1	70	0	0	1914	0,0,0,0,0,0	23433	159	191	23902	228	0	22911,21105,21105,14231,14231,14231,14231	1	25	23557,0,0,0,0,0,0	98	1487
172960	322	664	452	196	176	61	32	10	3341	197	335	428	259	2	67	0	0	1903	0,0,0,0,0,0	23379	168	215	24113	232	0	23140,21310,21310,14326,14326,14326,14326	1	18	23768,0,0,0,0,0,0	96	1619
172971	307	679	464	193	157	58	28	10	3342	200	337	424	287	4	64	0	0	1886	0,0,0,0,0,0	23239	142	198	24309	235	0	23364,21513,21513,14422,14422,14422,14422	1	23	23964,0,0,0,0,0,0	90	1735
173035	287	650	477	193	167	64	26	11	3297	201	338	423	222	4	62	0	0	1864	0,0,0,0,0,0	35325	149	172	24476	241	0	23551,21678,21678,14475,14475,14475,14475	1	11	24131,0,0,0,0,0,0	98	1845
173103	284	626	466	190	172	62	26	9	3267	202	339	438	253	0	62	0	0	1826	0,0,0,0,0,0	35662	57	155	24631	243	0	23727,21831,21831,14520,14520,14520,14520	1	8	24286,0,0,0,0,0,0	98	1894
173118	286	614	477	187	177	58	30	8	3248	203	340	416	256	2	72	0	0	1829	0,0,0,0,0,0	23312	60	190	24816	249	0	23947,22031,22031,14611,14611,14611,14611	1	16	24471,0,0,0,0,0,0	108	1942
173177	273	594	481	185	176	55	33	6	3219	203	344	396	257	2	79	0	0	1797	0,0,0,0,0,0	23625	64	172	24986	251	0	24140,22201,22201,14666,14666,14666,14666	1	24	24641,0,0,0,0,0,0	100	1985
173232	270	576	487	181	183	53	31	7	3176	205	345	416	226	3	62	0	0	1781	0,0,0,0,0,0	23336	70	182	25165	255	0	24350,22387,22387,14731,14731,14731,14731	1	16	24821,0,0,0,0,0,0	96	2037
173259	297	543	476	173	185	55	28	7	3168	208	347	415	289	3	69	0	0	1757	0,0,0,0,0,0	23218	54	191	25354	259	0	24568,22583,22583,14815,14815,14815,14815	1	20	25010,0,0,0,0,0,0	101	2080
173277	300	571	436	165	177	51	26	9	3167	212	355	427	254	1	66	0	0	1726	0,0,0,0,0,0	23353	77	179	25532	261	0	24776,22771,22771,14898,14898,14898,14898	1	16	25188,0,0,0,0,0,0	90	2135
173337	257	576	440	148	171	50	23	11	3161	215	357	413	135	1	61	0	0	1665	0,0,0,0,0,0	35351	73	143	25673	263	0	24940,22914,22914,14939,14939,14939,14939	1	15	25330,0,0,0,0,0,0	96	2196
173377	245	591	417	160	170	53	26	10	3119	216	362	420	257	3	46	0	0	1662	0,0,0,0,0,0	35507	197	173	25844	265	0	25116,23069,23069,14996,14996,14996,14996	1	14	25501,0,0,0,0,0,0	96	2357
173447	270	573	417	160	172	51	27	11	3039	216	363	427	255	2	70	0	0	1670	0,0,0,0,0,0	23669	179	182	26023	268	0	25293,23222,23222,15037,15037,15037,15037	1	20	25680,0,0,0,0,0,0	101	2489
173440	293	575	429	168	171	50	27	13	2994	217	369	456	304	3	63	0	0	1713	2,0,0,0,0,0	23349	196	187	26245	270	0	25519,23426,23426,15139,15139,15139,15139	1	17	25868,35,0,0,0,0,0	94	2643
173408	325	589	412	160	167	48	31	13	3003	218	372	469	253	2	55	0	0	1732	4,0,0,0,0,0	23319	193	182	26464	274	0	25745,23633,23633,15255,15255,15255,15255	1	18	26044,81,0,0,0,0,0	101	2792
173433	327	604	402	159	159	51	30	13	2972	221	375	475	106	4	71	0	0	1732	6,0,0,0,0,0	23105	199	169	26661	277	0	25945,23811,23811,15330,15330,15330,15330	1	17	26204,118,0,0,0,0,0	100	2942
173415	334	608	411	172	175	44	30	11	2946	222	378	481	78	1	66	0	0	1774	10,0,0,0,0,0	23400	202	188	26882	285	0	26179,24024,24024,15442,15442,15442,15442	1	19	26361,184,0,0,0,0,0	96	3096
173373	339	616	408	186	179	42	29	9	2962	223	380	468	242	1	66	0	0	1799	13,0,0,0,0,0	35710	211	185	27094	293	0	26402,24231,24231,15562,15562,15562,15562	1	8	26510,249,0,0,0,0,0	85	3267
173327	332	646	400	188	192	43	24	13	2974	225	382	465	295	3	73	0	0	1825	17,0,0,0,0,0	35750	169	195	27318	297	0	26709,24521,24521,15728,15728,15728,15728	1	16	26656,328,0,0,0,0,0	87	3394
173323	324	638	419	193	196	40	23	12	2969	225	384	486	261	6	85	0	0	1833	19,0,0,0,0,0	23435	183	200	27516	300	0	26982,24775,24775,15853,15853,15853,15853	1	12	26791,393,0,0,0,0,0	89	3535
