S	E	I1	I2	I3	I4	I5_h	I6_h	R_h	R	D1	D2	H	T	P1	P2	Q	QT	NQ	MUT	HOM	VAC	NI	INF	REINF	BSTR	IMM	HCI	HCE	INFV	INFH	VNI
178107	118	130	49	49	47	7	3	0	235	1	0	180	0	0	0	0	0	403	0,0,0,0,0,0	178745	0	0	403	0	0	639,639,639,639,639,639,639	0	0	0,0,0,0,0,0,0	0	0
178052	98	184	57	42	40	9	2	0	257	2	3	313	341	0	86	0	0	432	0,0,0,0,0,0	12579	0	62	465	0	0	694,694,694,694,694,694,694	0	4	62,0,0,0,0,0,0	11	0
177986	99	207	65	32	47	8	2	0	288	2	10	402	306	0	13	0	0	460	0,0,0,0,0,0	12657	0	72	537	0	0	761,761,761,761,761,761,761	0	10	134,0,0,0,0,0,0	10	0
177916	114	209	78	45	50	7	3	0	308	2	14	465	141	0	16	0	0	506	0,0,0,0,0,0	12644	0	81	618	0	0	834,834,834,834,834,834,834	0	6	215,0,0,0,0,0,0	10	0
177858	124	222	87	51	48	6	3	0	329	2	16	535	141	0	19	0	0	541	0,0,0,0,0,0	24685	0	77	696	0	0	897,897,897,897,897,897,897	0	11	293,0,0,0,0,0,0	11	0
177808	125	225	109	52	52	8	4	0	342	2	19	581	163	0	15	0	0	575	0,0,0,0,0,0	24671	0	74	770	0	0	953,953,953,952,952,952,952	0	5	367,0,0,0,0,0,0	10	0
177746	109	253	118	61	50	10	4	1	370	2	22	605	93	0	20	0	0	605	0,0,0,0,0,0	12710	0	75	845	1	0	1017,1017,1017,1016,1016,1016,1016	0	9	443,0,0,0,0,0,0	11	0
177669	116	259	134	62	63	9	4	1	399	2	28	652	241	0	23	0	0	647	0,0,0,0,0,0	12837	0	89	936	1	0	1101,1100,1100,1098,1098,1098,1098	0	9	534,0,0,0,0,0,0	14	0
177598	124	271	137	65	64	11	4	1	436	2	33	681	264	3	24	0	0	676	0,0,0,0,0,0	12857	0	94	1029	2	0	1178,1178,1178,1175,1175,1175,1175	0	12	628,0,0,0,0,0,0	13	0
177530	125	268	156	67	62	13	6	2	480	2	35	682	93	0	25	0	0	697	0,0,0,0,0,0	13213	0	82	1111	3	0	1255,1253,1253,1250,1250,1250,1250	0	4	711,0,0,0,0,0,0	15	0
177454	137	272	155	68	69	13	5	3	528	2	40	684	108	0	19	0	0	719	0,0,0,0,0,0	12957	0	98	1209	3	0	1341,1340,1340,1334,1334,1334,1334	0	5	809,0,0,0,0,0,0	21	0
177399	143	280	173	72	62	14	6	3	549	2	43	696	83	0	27	0	0	750	0,0,0,0,0,0	25001	0	92	1301	3	0	1419,1416,1416,1406,1406,1406,1406	0	7	901,0,0,0,0,0,0	24	0
177338	139	283	182	73	76	14	7	2	582	2	48	673	256	1	26	0	0	774	0,0,0,0,0,0	24824	0	87	1391	3	0	1501,1496,1496,1481,1481,1481,1481	0	11	991,0,0,0,0,0,0	26	0
177260	140	315	172	74	76	18	7	3	629	2	50	694	129	2	40	0	0	802	0,0,0,0,0,0	13021	0	107	1497	5	0	1599,1593,1593,1571,1571,1571,1571	0	6	1099,0,0,0,0,0,0	29	0
177169	158	329	171	77	87	20	9	3	667	2	54	688	264	1	33	0	0	851	0,0,0,0,0,0	13039	0	122	1619	5	0	1709,1702,1702,1675,1675,1675,1675	0	13	1221,0,0,0,0,0,0	37	0
177091	167	312	198	81	100	21	9	3	704	2	58	698	81	1	40	0	0	888	0,0,0,0,0,0	12970	0	111	1730	5	0	1809,1800,1800,1768,1768,1768,1768	0	14	1332,0,0,0,0,0,0	40	0
176971	195	342	190	73	101	21	12	3	775	2	61	710	271	0	46	0	0	934	0,0,0,0,0,0	12876	0	147	1874	8	0	1950,1939,1939,1899,1899,1899,1899	0	19	1478,0,0,0,0,0,0	43	0
176885	226	341	207	78	93	20	11	3	816	3	63	740	83	0	39	0	0	976	0,0,0,0,0,0	13047	0	136	2010	8	0	2074,2060,2060,2009,2009,2009,2009	0	13	1614,0,0,0,0,0,0	38	0
176826	218	354	208	78	95	21	11	2	861	4	68	713	334	2	26	0	0	985	0,0,0,0,0,0	24706	0	103	2113	9	0	2166,2149,2149,2088,2088,2088,2088	0	8	1718,0,0,0,0,0,0	41	0
176766	203	362	236	92	91	22	11	2	882	5	74	705	89	3	26	0	0	1017	0,0,0,0,0,0	24954	0	115	2225	12	0	2268,2247,2247,2173,2173,2173,2173	0	14	1832,0,0,0,0,0,0	40	0
176677	198	396	243	92	88	21	11	3	932	6	79	691	261	2	41	0	0	1049	0,0,0,0,0,0	13052	0	136	2360	13	0	2389,2365,2365,2281,2281,2281,2281	1	17	1967,0,0,0,0,0,0	43	0
176586	209	396	254	96	104	22	12	2	979	6	80	714	238	1	22	0	0	1093	0,0,0,0,0,0	13104	0	142	2502	13	0	2518,2491,2491,2394,2394,2394,2394	1	14	2109,0,0,0,0,0,0	46	0
176476	206	418	275	100	104	26	12	2	1038	6	83	716	99	0	49	0	0	1141	0,0,0,0,0,0	12935	0	151	2655	13	0	2662,2632,2632,2524,2524,2524,2524	1	19	2262,0,0,0,0,0,0	52	0
176375	216	446	284	104	106	23	14	1	1084	6	87	705	259	4	41	0	0	1193	0,0,0,0,0,0	13033	0	157	2811	14	0	2808,2773,2773,2650,2650,2650,2650	1	16	2418,0,0,0,0,0,0	49	0
176249	231	471	271	117	128	20	17	2	1144	6	90	699	243	2	44	0	0	1255	0,0,0,0,0,0	12992	0	176	2988	15	0	2980,2941,2941,2801,2801,2801,2801	1	22	2595,0,0,0,0,0,0	49	0
176132	254	477	287	118	148	22	18	3	1185	7	95	691	329	2	44	0	0	1324	0,0,0,0,0,0	24711	0	181	3168	16	0	3151,3107,3107,2948,2948,2948,2948	1	14	2775,0,0,0,0,0,0	50	0
176036	269	463	304	127	140	23	20	3	1250	9	102	689	251	4	59	0	0	1346	0,0,0,0,0,0	24938	0	154	3323	17	0	3303,3253,3253,3075,3075,3075,3075	1	8	2931,0,0,0,0,0,0	58	0
175944	265	483	322	125	135	22	20	3	1309	10	108	673	237	2	56	0	0	1372	0,0,0,0,0,0	13068	0	162	3483	19	0	3458,3402,3402,3201,3201,3201,3201	1	12	3092,0,0,0,0,0,0	59	0
175831	277	527	333	117	123	30	20	4	1360	12	112	657	82	3	50	0	0	1427	0,0,0,0,0,0	13056	0	192	3675	19	0	3637,3574,3574,3350,3350,3350,3350	1	26	3284,0,0,0,0,0,0	63	0
175721	279	571	349	119	131	27	20	3	1394	13	119	637	159	1	44	0	0	1496	0,0,0,0,0,0	12916	0	195	3869	20	0	3827,3756,3756,3503,3503,3503,3503	1	20	3478,0,0,0,0,0,0	77	0
175625	274	598	348	126	135	27	19	2	1456	13	123	623	328	1	51	0	0	1527	0,0,0,0,0,0	12972	0	183	4051	21	0	4002,3923,3923,3641,3641,3641,3641	1	14	3660,0,0,0,0,0,0	69	0
175486	279	641	366	149	136	26	19	3	1499	14	128	643	254	7	62	0	0	1616	0,0,0,0,0,0	13025	0	226	4277	22	0	4222,4134,4134,3823,3823,3823,3823	1	18	3886,0,0,0,0,0,0	72	0
175384	290	643	377	168	140	22	19	4	1552	16	131	630	318	1	53	0	0	1659	0,0,0,0,0,0	25019	0	189	4470	22	0	4407,4312,4312,3969,3969,3969,3969	1	11	4079,0,0,0,0,0,0	66	0
175296	309	603	396	157	159	24	21	4	1625	18	134	636	292	2	58	0	0	1669	0,0,0,0,0,0	24576	0	189	4660	24	0	4589,4484,4484,4106,4106,4106,4106	1	14	4270,0,0,0,0,0,0	62	0
175143	314	660	412	155	159	30	23	5	1689	19	137	637	312	4	70	0	0	1753	0,0,0,0,0,0	13236	0	250	4909	27	0	4832,4717,4717,4306,4306,4306,4306	1	22	4520,0,0,0,0,0,0	68	0
174972	330	716	427	163	148	36	22	5	1763	20	144	658	241	0	71	0	0	1842	0,0,0,0,0,0	12819	0	264	5173	28	0	5086,4963,4963,4519,4519,4519,4519	1	18	4784,0,0,0,0,0,0	76	0
174807	370	698	453	181	160	36	24	5	1844	20	148	643	260	4	62	0	0	1922	0,0,0,0,0,0	13112	0	255	5429	29	0	5337,5204,5204,4729,4729,4729,4729	1	31	5040,0,0,0,0,0,0	79	0
174643	389	713	473	192	172	36	22	5	1927	23	151	606	263	4	70	0	0	1997	0,0,0,0,0,0	13131	0	261	5690	30	0	5590,5448,5448,4939,4939,4939,4939	1	25	5302,0,0,0,0,0,0	79	0
174500	413	717	473	199	187	44	23	5	2010	23	152	602	257	1	73	0	0	2056	0,0,0,0,0,0	13096	0	252	5940	34	0	5828,5676,5676,5132,5132,5132,5132	1	24	5553,0,0,0,0,0,0	90	0
174378	380	752	475	191	202	43	24	6	2116	24	155	581	235	2	65	0	0	2067	0,0,0,0,0,0	24844	0	220	6161	34	0	6041,5880,5880,5301,5301,5301,5301	1	22	5774,0,0,0,0,0,0	90	0
174244	366	799	496	196	200	39	23	6	2195	26	156	586	222	2	90	0	0	2119	0,0,0,0,0,0	24713	0	248	6411	35	0	6281,6109,6109,5490,5490,5490,5490	1	26	6024,0,0,0,0,0,0	86	0
174057	423	828	520	197	210	38	24	7	2254	28	160	609	261	4	74	0	0	2240	0,0,0,0,0,0	13072	0	332	6740	39	0	6602,6415,6415,5745,5745,5745,5745	2	39	6353,0,0,0,0,0,0	83	0
173850	445	845	568	208	227	40	24	7	2337	32	163	590	292	5	80	0	0	2357	0,0,0,0,0,0	12979	0	327	7068	41	0	6918,6720,6720,6008,6008,6008,6008	2	31	6681,0,0,0,0,0,0	84	0
173631	484	907	568	230	221	43	23	7	2430	33	169	573	263	2	83	0	0	2476	0,0,0,0,0,0	13095	0	349	7416	44	0	7260,7050,7050,6290,6290,6290,6290	2	36	7030,0,0,0,0,0,0	99	0
173443	505	930	579	230	243	47	25	7	2531	33	173	547	278	3	87	0	0	2559	0,0,0,0,0,0	13049	0	328	7747	45	0	7585,7359,7359,6547,6547,6547,6547	2	36	7361,0,0,0,0,0,0	92	0
173265	536	969	580	242	241	49	27	8	2621	34	174	543	320	7	97	0	0	2644	0,0,0,0,0,0	12980	0	334	8085	46	0	7909,7668,7668,6801,6801,6801,6801	2	27	7699,0,0,0,0,0,0	95	0
173100	537	1005	573	263	260	49	30	7	2710	36	176	549	335	7	88	0	0	2717	0,0,0,0,0,0	24967	0	320	8408	47	0	8223,7967,7967,7042,7042,7042,7042	2	24	8023,0,0,0,0,0,0	115	0
172967	485	1009	596	281	262	51	30	8	2837	38	182	543	311	3	100	0	0	2714	0,0,0,0,0,0	24933	0	279	8688	50	0	8500,8228,8228,7247,7247,7247,7247	2	24	8304,0,0,0,0,0,0	117	0
172754	541	1014	608	279	262	57	31	8	2964	42	186	545	285	3	94	0	0	2792	0,0,0,0,0,0	13210	0	378	9064	53	0	8867,8579,8579,7539,7539,7539,7539	2	44	8680,0,0,0,0,0,0	117	0
172582	563	1045	639	274	259	64	37	8	3043	43	189	537	257	4	98	0	0	2881	0,0,0,0,0,0	12987	0	348	9410	55	0	9202,8896,8896,7792,7792,7792,7792	2	31	9026,0,0,0,0,0,0	129	0
172414	571	1074	683	275	260	70	36	9	3116	46	192	522	266	7	90	0	0	2969	0,0,0,0,0,0	28774	0	368	9774	59	0	9555,9230,9230,8054,8054,8054,8054	2	42	9390,0,0,0,0,0,0	139	0
172248	555	1116	685	281	277	72	40	11	3220	47	194	512	304	5	123	0	0	3026	0,0,0,0,0,0	28409	0	343	10115	63	0	9885,9543,9543,8303,8303,8303,8303	2	30	9731,0,0,0,0,0,0	133	0
172084	546	1157	701	295	270	78	38	12	3317	51	197	523	324	5	99	0	0	3085	0,0,0,0,0,0	28402	0	353	10469	63	0	10229,9867,9867,8557,8557,8557,8557	3	37	10085,0,0,0,0,0,0	138	0
171945	554	1111	732	305	283	75	43	12	3434	51	201	493	238	4	96	0	0	3103	0,0,0,0,0,0	42397	0	339	10808	65	0	10558,10176,10176,8792,8792,8792,8792	2	30	10425,0,0,0,0,0,0	150	0
171821	538	1137	716	287	282	81	45	10	3573	52	204	489	234	1	115	0	0	3086	0,0,0,0,0,0	42136	0	318	11129	66	0	10869,10467,10467,9011,9011,9011,9011	2	16	10746,0,0,0,0,0,0	152	0
171683	528	1167	735	297	281	80	47	11	3654	57	206	472	249	6	100	0	0	3135	0,0,0,0,0,0	28549	0	356	11484	70	0	11211,10787,10787,9252,9252,9252,9252	2	39	11101,0,0,0,0,0,0	149	0
171521	567	1111	769	319	295	81	49	10	3754	59	211	476	246	3	105	0	0	3191	0,0,0,0,0,0	28360	0	388	11874	71	0	11587,11140,11140,9520,9520,9520,9520	2	32	11491,0,0,0,0,0,0	162	0
171353	574	1143	771	321	324	83	52	8	3842	62	213	450	316	2	120	0	0	3268	0,0,0,0,0,0	28493	0	369	12243	76	0	11946,11478,11478,9783,9783,9783,9783	2	41	11862,0,0,0,0,0,0	155	0
171263	559	1101	790	331	349	81	50	8	3931	66	217	449	231	4	126	0	0	3261	0,0,0,0,0,0	28540	0	320	12566	77	0	12256,11765,11765,9983,9983,9983,9983	2	36	12185,0,0,0,0,0,0	159	0
171129	526	1141	788	334	333	90	53	10	4054	68	220	442	247	4	134	0	0	3265	0,0,0,0,0,0	28368	0	351	12919	78	0	12596,12083,12083,10219,10219,10219,10219	3	37	12538,0,0,0,0,0,0	161	0
171072	501	1126	787	339	319	90	57	9	4152	69	225	450	316	2	104	0	0	3219	0,0,0,0,0,0	42265	0	302	13216	83	0	12881,12343,12343,10391,10391,10391,10391	3	22	12837,0,0,0,0,0,0	184	0
171004	478	1094	781	344	318	89	58	7	4270	73	230	427	311	2	109	0	0	3162	0,0,0,0,0,0	42428	0	306	13520	87	0	13174,12613,12613,10572,10572,10572,10572	2	31	13141,0,0,0,0,0,0	188	0
170919	518	1039	798	335	319	90	61	7	4351	76	233	420	235	5	121	0	0	3160	0,0,0,0,0,0	28370	0	339	13858	89	0	13498,12911,12911,10776,10776,10776,10776	3	44	13479,0,0,0,0,0,0	170	0
170875	535	998	793	313	316	96	56	11	4436	81	236	416	246	1	114	0	0	3107	0,0,0,0,0,0	28428	0	309	14167	91	0	13790,13176,13176,10942,10942,10942,10942	3	43	13789,0,0,0,0,0,0	174	0
170856	494	1018	762	309	311	97	57	10	4511	83	238	419	265	3	121	0	0	3048	0,0,0,0,0,0	28804	0	285	14454	93	0	14060,13419,13419,11086,11086,11086,11086	3	30	14076,0,0,0,0,0,0	181	0
170861	486	986	750	296	316	97	59	11	4559	86	239	410	297	3	110	0	0	2990	0,0,0,0,0,0	28764	0	299	14753	96	0	14339,13667,13667,11223,11223,11223,11223	3	32	14375,0,0,0,0,0,0	181	0
170821	465	1014	736	285	325	101	59	10	4603	86	241	426	299	5	112	0	0	2985	0,0,0,0,0,0	28536	0	319	15073	97	0	14642,13942,13942,11393,11393,11393,11393	3	36	14696,0,0,0,0,0,0	184	0
170821	456	987	753	272	308	103	57	12	4644	89	244	412	237	2	92	0	0	2936	0,0,0,0,0,0	42462	0	272	15346	99	0	14898,14171,14171,11521,11521,11521,11521	3	33	14969,0,0,0,0,0,0	198	0
170838	430	950	703	284	306	101	56	11	4723	97	247	391	256	4	96	0	0	2830	0,0,0,0,0,0	42181	0	251	15592	105	0	15129,14375,14375,11628,11628,11628,11628	3	20	15215,0,0,0,0,0,0	193	0
170837	450	946	708	276	293	106	56	11	4714	101	248	397	260	4	131	0	0	2835	0,0,0,0,0,0	28251	0	312	15901	108	0	15419,14634,14634,11772,11772,11772,11772	3	36	15525,0,0,0,0,0,0	202	0
170861	446	942	705	276	278	109	54	12	4708	106	249	396	293	2	82	0	0	2810	0,0,0,0,0,0	28353	0	281	16181	112	0	15676,14861,14861,11886,11886,11886,11886	3	32	15805,0,0,0,0,0,0	184	0
170859	461	971	710	260	264	107	56	12	4685	108	253	411	245	6	96	0	0	2829	0,0,0,0,0,0	28425	0	332	16511	116	0	15985,15137,15137,12040,12040,12040,12040	3	47	16135,0,0,0,0,0,0	179	0
170841	474	958	727	265	264	107	52	15	4676	111	256	405	258	3	102	0	0	2847	0,0,0,0,0,0	28487	0	314	16825	118	0	16281,15403,15403,12195,12195,12195,12195	3	40	16449,0,0,0,0,0,0	176	0
170839	471	938	717	256	280	101	49	19	4706	112	258	416	254	1	101	0	0	2812	0,0,0,0,0,0	28628	0	282	17103	122	0	16541,15635,15635,12323,12323,12323,12323	3	35	16727,0,0,0,0,0,0	176	0
170884	450	939	664	247	280	93	48	20	4745	115	261	423	247	3	78	0	0	2721	0,0,0,0,0,0	42268	0	247	17347	125	0	16767,15832,15832,12412,12412,12412,12412	2	14	16971,0,0,0,0,0,0	167	0
170944	417	938	650	247	272	87	42	17	4745	121	266	403	311	1	84	0	0	2653	0,0,0,0,0,0	42430	0	233	17577	130	0	16981,16016,16016,12488,12488,12488,12488	2	23	17201,0,0,0,0,0,0	159	0
171037	408	922	639	260	269	79	38	17	4681	127	269	417	322	8	81	0	0	2615	0,0,0,0,0,0	28138	0	251	17823	135	0	17206,16207,16207,12551,12551,12551,12551	2	23	17448,0,0,0,0,0,0	138	0
171091	386	887	663	253	265	80	44	15	4662	128	272	433	159	3	89	0	0	2578	0,0,0,0,0,0	28608	0	247	18070	137	0	17431,16402,16402,12633,12633,12633,12633	2	23	17695,0,0,0,0,0,0	132	0
171077	383	912	652	236	257	82	41	15	4686	132	273	446	245	2	102	0	0	2563	0,0,0,0,0,0	28483	0	273	18346	137	0	17688,16632,16632,12764,12764,12764,12764	2	26	17971,0,0,0,0,0,0	133	0
171072	416	853	648	248	270	81	43	14	4695	133	273	427	288	9	100	0	0	2559	0,0,0,0,0,0	28145	0	279	18625	138	0	17946,16863,16863,12892,12892,12892,12892	2	23	18250,0,0,0,0,0,0	137	0
171058	448	872	607	262	260	80	41	10	4695	138	275	436	301	5	108	0	0	2570	0,0,0,0,0,0	28518	0	308	18931	143	0	18233,17120,17120,13038,13038,13038,13038	2	38	18557,0,0,0,0,0,0	144	0
171131	429	853	590	269	248	81	41	10	4678	139	277	422	298	2	81	0	0	2511	0,0,0,0,0,0	42231	0	223	19155	145	0	18437,17294,17294,13101,13101,13101,13101	2	17	18781,0,0,0,0,0,0	144	0
171189	396	814	591	260	261	84	40	11	4677	142	281	423	260	4	74	0	0	2446	0,0,0,0,0,0	42201	0	223	19374	149	0	18639,17468,17468,13170,13170,13170,13170	2	20	19000,0,0,0,0,0,0	143	0
171254	373	791	587	269	249	80	34	12	4666	149	282	440	241	3	117	0	0	2383	0,0,0,0,0,0	28631	0	219	19593	151	0	18837,17638,17638,13232,13232,13232,13232	2	20	19219,0,0,0,0,0,0	139	0
171332	374	775	603	263	244	84	29	14	4587	155	286	442	313	4	95	0	0	2372	0,0,0,0,0,0	28191	0	244	19835	153	0	19055,17824,17824,13297,13297,13297,13297	2	41	19461,0,0,0,0,0,0	130	0
171378	389	760	600	262	230	80	31	13	4560	155	288	451	237	1	97	0	0	2352	0,0,0,0,0,0	28560	0	254	20084	159	0	19284,18023,18023,13383,13383,13383,13383	2	28	19711,0,0,0,0,0,0	128	0
171437	392	774	607	248	224	77	32	13	4491	157	294	435	299	2	84	0	0	2354	0,0,0,0,0,0	28670	0	241	20323	162	0	19506,18214,18214,13459,13459,13459,13459	2	20	19952,0,0,0,0,0,0	125	0
171475	397	750	611	237	226	74	32	14	4476	158	296	444	264	3	83	0	0	2327	0,0,0,0,0,0	28274	0	247	20568	166	0	19729,18409,18409,13546,13546,13546,13546	2	30	20197,0,0,0,0,0,0	132	0
171546	387	741	545	242	229	69	35	16	4479	158	299	435	298	3	69	0	0	2248	0,0,0,0,0,0	42389	0	213	20778	169	0	19919,18571,18571,13600,13600,13600,13600	2	24	20407,0,0,0,0,0,0	133	0
171628	343	768	555	232	231	69	32	16	4407	162	303	429	238	7	74	0	0	2230	0,0,0,0,0,0	42419	0	207	20981	173	0	20104,18727,18727,13648,13648,13648,13648	2	16	20610,0,0,0,0,0,0	116	0
171637	351	752	561	229	229	69	32	14	4404	164	304	443	297	3	87	0	0	2223	0,0,0,0,0,0	28570	0	242	21221	176	0	20325,18922,18922,13747,13747,13747,13747	2	30	20851,0,0,0,0,0,0	119	0
171716	339	772	529	241	229	66	30	14	4338	166	306	456	304	2	92	0	0	2206	0,0,0,0,0,0	28474	0	228	21445	182	0	20524,19091,19091,13800,13800,13800,13800	2	35	21075,0,0,0,0,0,0	122	0
171738	333	784	515	262	231	59	33	11	4307	167	306	455	334	7	79	0	0	2217	0,0,0,0,0,0	28562	0	246	21688	186	0	20745,19285,19285,13892,13892,13892,13892	2	33	21318,0,0,0,0,0,0	117	0
171873	320	743	520	266	236	60	31	9	4210	170	308	454	229	4	79	0	0	2176	0,0,0,0,0,0	42436	0	193	21877	190	0	20909,19417,19417,13900,13900,13900,13900	2	18	21507,0,0,0,0,0,0	108	0
171972	308	731	503	253	218	62	30	10	4177	171	311	435	262	3	69	0	0	2105	0,0,0,0,0,0	42197	0	191	22067	191	0	21078,19557,19557,13928,13928,13928,13928	2	14	21697,0,0,0,0,0,0	112	0
172052	293	683	496	247	205	60	33	11	4181	173	312	417	262	4	81	0	0	2017	0,0,0,0,0,0	42176	0	159	22227	196	0	21219,19673,19673,13952,13952,13952,13952	2	18	21857,0,0,0,0,0,0	112	0
172178	264	661	496	244	196	64	35	12	4106	176	314	420	258	3	55	0	0	1960	0,0,0,0,0,0	42357	25	175	22398	200	0	21368,19793,19793,13958,13958,13958,13958	2	17	22028,0,0,0,0,0,0	109	21
172252	281	632	511	220	197	67	33	13	4042	176	322	454	242	1	90	0	0	1941	0,0,0,0,0,0	28742	26	200	22598	201	0	21551,19948,19948,14006,14006,14006,14006	2	25	22228,0,0,0,0,0,0	118	42
172367	299	579	501	206	186	67	33	12	3993	179	324	471	270	2	61	0	0	1871	0,0,0,0,0,0	28370	31	182	22778	204	0	21706,20072,20072,14016,14016,14016,14016	1	16	22409,0,0,0,0,0,0	111	71
172454	284	594	481	191	178	66	32	11	3948	182	325	458	260	3	68	0	0	1826	0,0,0,0,0,0	28526	34	183	22960	206	0	21865,20205,20205,14044,14044,14044,14044	1	15	22592,0,0,0,0,0,0	114	101
172543	297	604	449	190	179	68	30	14	3860	185	327	466	264	3	69	0	0	1817	0,0,0,0,0,0	28580	25	209	23166	210	0	22048,20358,20358,14083,14083,14083,14083	1	20	22798,0,0,0,0,0,0	109	122
172603	317	611	434	182	173	68	31	11	3800	187	329	459	260	4	62	0	0	1816	0,0,0,0,0,0	28564	19	204	23368	212	0	22227,20511,20511,14134,14134,14134,14134	1	23	23000,0,0,0,0,0,0	119	139
172712	290	603	413	185	180	64	31	11	3737	188	332	455	293	0	63	0	0	1766	0,0,0,0,0,0	35389	33	147	23514	213	0	22354,20612,20612,14135,14135,14135,14135	1	8	23147,0,0,0,0,0,0	122	168
172813	277	573	423	191	175	60	30	12	3666	191	335	454	345	2	61	0	0	1729	0,0,0,0,0,0	35361	138	160	23668	219	0	22497,20730,20730,14149,14149,14149,14149	1	12	23301,0,0,0,0,0,0	108	283
172871	267	582	419	186	175	63	30	11	3611	192	339	440	261	3	74	0	0	1722	0,0,0,0,0,0	23295	140	187	23854	221	0	22673,20880,20880,14198,14198,14198,14198	1	18	23487,0,0,0,0,0,0	112	403
172950	262	576	404	182	182	66	26	13	3550	194	341	441	261	3	72	0	0	1698	0,0,0,0,0,0	23153	127	170	24025	222	0	22831,21014,21014,14227,14227,14227,14227	1	20	23658,0,0,0,0,0,0	106	509
173020	249	584	402	179	190	66	25	13	3479	197	342	428	234	0	82	0	0	1695	0,0,0,0,0,0	23356	138	160	24182	226	0	22979,21138,21138,14256,14256,14256,14256	1	20	23816,0,0,0,0,0,0	108	628
173087	262	577	407	175	185	59	23	16	3412	197	346	431	315	3	70	0	0	1688	0,0,0,0,0,0	23302	133	192	24371	229	0	23155,21289,21289,14301,14301,14301,14301	1	19	24005,0,0,0,0,0,0	105	739
173155	264	562	388	181	198	58	22	15	3353	200	350	420	273	4	56	0	0	1673	0,0,0,0,0,0	23320	136	178	24545	233	0	23317,21426,21426,14338,14338,14338,14338	1	21	24179,0,0,0,0,0,0	109	849
173230	237	559	391	178	201	58	21	13	3301	201	356	440	354	6	72	0	0	1645	0,0,0,0,0,0	35671	126	137	24676	240	0	23444,21531,21531,14354,14354,14354,14354	1	7	24310,0,0,0,0,0,0	104	951
173332	229	524	396	169	189	56	21	13	3255	203	359	426	275	0	61	0	0	1584	0,0,0,0,0,0	35611	145	138	24812	242	0	23604,21667,21667,14375,14375,14375,14375	1	18	24446,0,0,0,0,0,0	95	1065
173373	247	512	384	169	190	58	22	10	3217	205	359	409	258	4	65	0	0	1582	0,0,0,0,0,0	23221	150	164	24976	246	0	23792,21835,21835,14438,14438,14438,14438	1	17	24610,0,0,0,0,0,0	93	1184
173441	260	496	380	159	177	54	26	9	3176	205	363	378	238	1	70	0	0	1552	0,0,0,0,0,0	23354	156	158	25130	251	0	23965,21985,21985,14478,14478,14478,14478	1	20	24765,0,0,0,0,0,0	93	1306
173495	261	486	384	154	166	59	27	8	3134	206	366	402	248	1	59	0	0	1537	0,0,0,0,0,0	23446	147	164	25293	252	0	24153,22151,22151,14533,14533,14533,14533	1	21	24928,0,0,0,0,0,0	91	1423
173574	241	509	370	148	151	64	29	4	3084	206	366	412	240	5	46	0	0	1512	0,0,0,0,0,0	23197	141	152	25438	259	0	24317,22294,22294,14565,14565,14565,14565	1	17	25073,0,0,0,0,0,0	99	1547
173656	235	513	358	137	172	62	27	6	3005	208	367	413	94	0	58	0	0	1504	0,0,0,0,0,0	23255	142	156	25590	265	0	24488,22440,22440,14598,14598,14598,14598	1	17	25225,0,0,0,0,0,0	93	1664
173732	227	478	366	141	168	57	29	6	2963	209	370	436	255	5	64	0	0	1466	0,0,0,0,0,0	35597	147	131	25720	266	0	24638,22570,22570,14625,14625,14625,14625	1	3	25355,0,0,0,0,0,0	93	1790
173787	221	456	360	138	168	54	24	7	2946	213	372	451	250	0	49	0	0	1421	0,0,0,0,0,0	35513	66	136	25852	270	0	24796,22709,22709,14666,14666,14666,14666	1	13	25488,0,0,0,0,0,0	87	1840
173868	205	450	356	140	155	52	23	5	2903	215	374	459	261	2	65	0	0	1381	0,0,0,0,0,0	23157	70	128	25980	270	0	24947,22839,22839,14688,14688,14688,14688	1	11	25616,0,0,0,0,0,0	76	1888
173920	217	439	344	144	139	49	24	5	2871	215	379	457	265	2	45	0	0	1356	0,0,0,0,0,0	23394	60	140	26117	273	0	25111,22983,22983,14730,14730,14730,14730	1	17	25754,0,0,0,0,0,0	79	1936
174000	199	455	322	132	137	45	21	8	2829	216	382	450	245	3	41	0	0	1311	0,0,0,0,0,0	23164	78	124	26238	277	0	25257,23109,23109,14749,14749,14749,14749	1	7	25875,0,0,0,0,0,0	72	2000
174049	190	456	324	130	141	44	16	9	2782	220	385	439	262	1	38	0	0	1301	0,0,0,0,0,0	23431	68	131	26370	278	0	25416,23249,23249,14790,14790,14790,14790	1	22	26007,0,0,0,0,0,0	62	2049
174106	190	449	301	129	148	45	17	9	2742	221	389	456	80	2	48	0	0	1279	0,0,0,0,0,0	23189	62	131	26500	279	0	25570,23385,23385,14826,14826,14826,14826	1	12	26137,0,0,0,0,0,0	62	2094
174201	162	415	307	147	145	44	16	8	2686	222	393	447	255	2	35	0	0	1236	0,0,0,0,0,0	35654	67	101	26599	282	0	25698,23494,23494,14830,14830,14830,14830	1	8	26236,0,0,0,0,0,0	71	2147
174286	167	391	316	141	128	40	13	10	2637	223	394	473	248	2	55	0	0	1196	0,0,0,0,0,0	35534	205	107	26704	285	0	25808,23584,23584,14830,14830,14830,14830	1	8	26341,0,0,0,0,0,0	66	2310
174332	189	403	299	129	110	41	13	9	2599	225	397	495	235	3	50	0	0	1184	0,0,0,0,0,0	23343	181	150	26853	286	0	25964,23720,23720,14871,14871,14871,14871	1	18	26490,0,0,0,0,0,0	62	2447
174329	223	393	319	129	114	42	14	8	2544	228	403	477	258	1	45	0	0	1234	2,0,0,0,0,0	23360	207	131	27014	289	0	26136,23876,23876,14943,14943,14943,14943	1	12	26620,32,0,0,0,0,0	61	2614
174330	247	389	320	117	114	39	14	8	2526	230	412	499	246	2	41	0	0	1240	5,0,0,0,0,0	23423	200	128	27174	291	0	26315,24039,24039,15016,15016,15016,15016	1	13	26741,72,0,0,0,0,0	63	2786
174299	267	452	312	115	119	38	13	7	2480	231	413	496	248	2	40	0	0	1316	9,0,0,0,0,0	23332	221	159	27370	294	0	26519,24227,24227,15119,15119,15119,15119	1	18	26885,125,0,0,0,0,0	58	2955
174309	279	471	291	123	138	42	14	5	2427	231	416	474	243	2	34	0	0	1358	13,0,0,0,0,0	23162	204	147	27545	298	0	26699,24387,24387,15188,15188,15188,15188	1	12	27003,185,0,0,0,0,0	64	3119
174328	273	500	300	117	126	46	15	4	2390	231	416	484	256	4	56	0	0	1377	18,0,0,0,0,0	35523	218	126	27711	299	0	26874,24545,24545,15252,15252,15252,15252	1	5	27100,255,0,0,0,0,0	62	3288
174320	276	524	307	132	125	44	16	3	2350	232	417	507	294	2	47	0	0	1424	22,0,0,0,0,0	35744	139	129	27880	302	0	27127,24782,24782,15370,15370,15370,15370	1	10	27189,337,0,0,0,0,0	60	3399
174303	263	553	307	152	128	47	15	3	2321	233	421	490	256	2	58	0	0	1465	25,0,0,0,0,0	23360	160	180	28056	306	0	27378,25019,25019,15490,15490,15490,15490	1	15	27309,395,0,0,0,0,0	63	3519
