S	E	I1	I2	I3	I4	I5_h	I6_h	R_h	R	D1	D2	H	T	P1	P2	Q	QT	NQ	MUT	HOM	VAC	NI	INF	REINF	BSTR	IMM	HCI	HCE	INFV	INFH	VNI
178109	123	117	45	41	45	8	4	0	254	0	0	207	0	0	0	0	0	383	0,0,0,0,0,0	178746	0	0	383	0	0	637,637,637,637,637,637,637	0	0	0,0,0,0,0,0,0	0	0
178051	95	182	51	34	47	11	5	0	268	0	2	317	315	0	74	0	0	425	0,0,0,0,0,0	12453	0	64	449	0	0	695,695,695,695,695,695,695	0	5	66,0,0,0,0,0,0	13	0
178004	103	187	62	28	46	11	5	0	294	0	6	394	283	2	20	0	0	442	0,0,0,0,0,0	12409	0	57	508	0	0	742,742,742,742,742,742,742	0	6	125,0,0,0,0,0,0	18	0
177949	111	186	79	29	53	11	5	0	312	0	11	477	245	1	19	0	0	474	0,0,0,0,0,0	12672	0	64	572	0	0	799,799,799,799,799,799,799	0	7	189,0,0,0,0,0,0	20	0
177893	102	222	84	34	49	11	7	0	330	1	13	493	102	0	11	0	0	509	0,0,0,0,0,0	24491	0	74	646	0	0	857,857,857,857,857,857,857	0	9	263,0,0,0,0,0,0	22	0
177839	105	214	101	45	52	11	9	0	353	1	16	565	262	0	21	0	0	537	0,0,0,0,0,0	24752	0	61	709	0	0	913,913,913,913,913,913,913	0	5	326,0,0,0,0,0,0	24	0
177786	108	224	115	45	47	12	10	1	379	1	18	613	238	1	20	0	0	561	0,0,0,0,0,0	12774	0	72	781	0	0	967,967,967,967,967,967,967	0	4	398,0,0,0,0,0,0	29	0
177731	124	209	121	58	53	13	11	2	398	1	25	631	245	0	24	0	0	589	0,0,0,0,0,0	12768	0	76	857	0	0	1032,1032,1032,1032,1032,1032,1032	0	11	474,0,0,0,0,0,0	33	0
177664	123	232	128	56	56	13	12	2	424	1	35	686	290	2	20	0	0	620	0,0,0,0,0,0	12951	0	82	940	0	0	1107,1107,1107,1105,1105,1105,1105	0	13	557,0,0,0,0,0,0	32	0
177602	128	237	131	59	65	14	11	2	457	2	38	698	271	0	23	0	0	645	0,0,0,0,0,0	13134	0	87	1027	0	0	1177,1177,1177,1175,1175,1175,1175	0	8	644,0,0,0,0,0,0	35	0
177523	150	244	150	52	63	14	12	2	490	2	44	684	252	0	29	0	0	685	0,0,0,0,0,0	13046	0	104	1131	0	0	1267,1266,1266,1262,1262,1262,1262	0	14	748,0,0,0,0,0,0	35	0
177472	147	266	149	50	63	15	11	2	517	3	51	677	91	0	22	0	0	701	0,0,0,0,0,0	24927	0	83	1212	2	0	1333,1331,1331,1323,1323,1323,1323	0	8	831,0,0,0,0,0,0	36	0
177434	119	267	161	61	65	17	10	1	553	4	54	677	82	2	23	0	0	700	0,0,0,0,0,0	24931	0	62	1273	3	0	1386,1383,1383,1372,1372,1372,1372	0	7	893,0,0,0,0,0,0	36	0
177376	136	271	175	59	61	15	8	2	580	5	58	684	275	3	30	0	0	725	0,0,0,0,0,0	12955	0	94	1367	5	0	1467,1463,1463,1447,1447,1447,1447	0	6	987,0,0,0,0,0,0	34	0
177307	160	271	183	59	74	14	8	3	604	5	58	699	251	1	21	0	0	769	0,0,0,0,0,0	12949	0	112	1479	6	0	1562,1556,1556,1533,1533,1533,1533	0	11	1100,0,0,0,0,0,0	35	0
177198	182	308	184	63	66	15	9	3	649	5	64	712	246	1	31	0	0	827	0,0,0,0,0,0	12969	0	134	1613	6	0	1692,1684,1684,1656,1656,1656,1656	0	16	1234,0,0,0,0,0,0	36	0
177112	178	312	189	74	76	16	7	4	696	8	74	708	288	0	23	0	0	852	0,0,0,0,0,0	12893	0	107	1719	7	0	1794,1784,1784,1752,1752,1752,1752	0	22	1341,0,0,0,0,0,0	41	0
177027	177	334	205	75	73	15	8	3	741	9	79	717	256	2	44	0	0	887	0,0,0,0,0,0	12970	0	112	1829	9	0	1901,1890,1890,1850,1850,1850,1850	0	10	1452,0,0,0,0,0,0	43	0
176932	199	356	189	77	90	16	9	3	782	9	84	721	245	1	27	0	0	936	0,0,0,0,0,0	25082	0	136	1964	10	0	2027,2014,2014,1965,1965,1965,1965	0	8	1588,0,0,0,0,0,0	48	0
176858	193	371	213	86	89	14	11	4	811	9	87	709	317	0	28	0	0	977	0,0,0,0,0,0	25279	0	122	2085	11	0	2134,2118,2118,2059,2059,2059,2059	0	6	1710,0,0,0,0,0,0	55	0
176772	219	376	214	92	97	15	11	3	846	10	91	723	277	4	39	0	0	1024	0,0,0,0,0,0	12943	0	137	2221	12	0	2258,2238,2238,2166,2166,2166,2166	1	20	1847,0,0,0,0,0,0	45	0
176671	218	390	237	90	103	17	11	3	899	10	97	712	268	0	48	0	0	1066	0,0,0,0,0,0	12846	0	138	2357	15	0	2386,2363,2363,2283,2283,2283,2283	1	14	1985,0,0,0,0,0,0	51	0
176601	210	390	255	96	112	17	11	3	940	11	100	713	225	1	43	0	0	1091	0,0,0,0,0,0	12992	0	126	2481	18	0	2500,2473,2473,2377,2377,2377,2377	1	19	2112,0,0,0,0,0,0	53	0
176486	203	424	269	106	108	20	10	3	1000	13	104	692	241	1	40	0	0	1140	0,0,0,0,0,0	13086	0	162	2643	18	0	2658,2627,2627,2516,2516,2516,2516	1	22	2274,0,0,0,0,0,0	47	0
176379	227	441	246	111	110	21	11	2	1080	13	105	694	93	2	39	0	0	1167	0,0,0,0,0,0	12890	0	164	2808	18	0	2812,2777,2777,2650,2650,2650,2650	1	18	2439,0,0,0,0,0,0	55	0
176315	221	449	266	111	114	21	13	2	1113	14	107	715	242	3	37	0	0	1195	0,0,0,0,0,0	24849	0	130	2939	18	0	2937,2896,2896,2747,2747,2747,2747	1	11	2570,0,0,0,0,0,0	54	0
176246	204	468	267	107	109	19	16	2	1184	14	110	721	258	0	45	0	0	1190	0,0,0,0,0,0	24932	0	132	3070	19	0	3065,3017,3017,2847,2847,2847,2847	1	9	2701,0,0,0,0,0,0	56	0
176140	239	460	284	106	128	20	16	2	1223	15	113	686	307	3	51	0	0	1253	0,0,0,0,0,0	13142	0	175	3245	20	0	3231,3177,3177,2985,2985,2985,2985	1	20	2877,0,0,0,0,0,0	60	0
176026	235	501	274	117	131	19	12	2	1291	19	119	689	273	3	47	0	0	1289	0,0,0,0,0,0	12846	0	165	3409	21	0	3393,3334,3334,3123,3123,3123,3123	1	19	3042,0,0,0,0,0,0	53	0
175921	270	468	290	139	134	21	11	1	1345	22	124	707	235	3	54	0	0	1333	0,0,0,0,0,0	13077	0	175	3583	22	0	3562,3497,3497,3262,3262,3262,3262	1	21	3217,0,0,0,0,0,0	50	0
175824	266	500	301	128	140	26	12	2	1396	22	129	679	309	1	48	0	0	1373	0,0,0,0,0,0	13005	0	163	3747	23	0	3724,3652,3652,3392,3392,3392,3392	1	20	3382,0,0,0,0,0,0	56	0
175711	266	548	307	123	141	33	15	0	1448	22	132	648	263	0	57	0	0	1433	0,0,0,0,0,0	12915	0	193	3941	24	0	3911,3831,3831,3545,3545,3545,3545	1	23	3576,0,0,0,0,0,0	61	0
175622	267	529	348	131	145	30	16	0	1500	22	136	636	295	3	53	0	0	1466	0,0,0,0,0,0	24876	0	160	4101	24	0	4065,3978,3978,3669,3669,3669,3669	1	9	3736,0,0,0,0,0,0	63	0
175535	278	529	365	130	162	35	16	0	1534	24	138	633	269	4	42	0	0	1515	0,0,0,0,0,0	24863	0	177	4278	26	0	4235,4140,4140,3799,3799,3799,3799	1	12	3914,0,0,0,0,0,0	58	0
175382	316	575	363	151	143	35	17	0	1596	24	144	595	242	3	69	0	0	1600	0,0,0,0,0,0	12880	0	236	4515	27	0	4465,4362,4362,3992,3992,3992,3992	1	31	4152,0,0,0,0,0,0	64	0
175266	327	628	375	151	147	34	20	0	1625	25	148	634	279	3	53	0	0	1682	0,0,0,0,0,0	12945	0	218	4732	28	0	4674,4561,4561,4156,4156,4156,4156	1	28	4370,0,0,0,0,0,0	68	0
175149	317	629	389	164	161	40	21	0	1696	27	153	629	330	4	68	0	0	1721	0,0,0,0,0,0	12940	0	199	4933	28	0	4868,4747,4747,4314,4314,4314,4314	1	26	4571,0,0,0,0,0,0	72	0
175005	327	643	398	166	184	39	21	0	1776	29	158	613	266	1	72	0	0	1778	0,0,0,0,0,0	12982	0	240	5171	30	0	5096,4966,4966,4501,4501,4501,4501	1	29	4809,0,0,0,0,0,0	70	0
174874	353	681	379	159	174	39	22	0	1872	30	163	604	318	5	72	0	0	1807	0,0,0,0,0,0	12972	0	228	5400	30	0	5317,5178,5178,4679,4679,4679,4679	1	22	5038,0,0,0,0,0,0	77	0
174754	364	703	400	167	173	40	24	1	1925	30	165	599	244	1	56	0	0	1871	0,0,0,0,0,0	24519	0	228	5630	32	0	5541,5391,5391,4853,4853,4853,4853	1	18	5268,0,0,0,0,0,0	84	0
174647	356	741	424	164	176	44	28	2	1963	31	170	564	241	1	62	0	0	1933	0,0,0,0,0,0	24717	0	226	5855	33	0	5762,5600,5600,5018,5018,5018,5018	1	19	5494,0,0,0,0,0,0	83	0
174497	365	764	441	183	190	43	27	1	2030	34	171	544	251	3	72	0	0	2013	0,0,0,0,0,0	13094	0	268	6123	33	0	6018,5846,5846,5224,5224,5224,5224	2	39	5762,0,0,0,0,0,0	92	0
174331	376	804	463	180	211	44	29	1	2094	36	177	556	232	3	73	0	0	2107	0,0,0,0,0,0	12969	0	296	6417	37	0	6302,6117,6117,5449,5449,5449,5449	2	40	6056,0,0,0,0,0,0	83	0
174158	408	830	471	200	220	46	29	2	2167	36	179	552	246	6	81	0	0	2204	0,0,0,0,0,0	12993	0	289	6710	37	0	6585,6389,6389,5680,5680,5680,5680	2	32	6349,0,0,0,0,0,0	88	0
173987	444	864	501	213	213	49	28	3	2223	38	183	534	250	3	72	0	0	2312	0,0,0,0,0,0	12937	0	304	7017	37	0	6884,6674,6674,5917,5917,5917,5917	2	34	6656,0,0,0,0,0,0	93	0
173775	446	908	531	220	226	53	30	4	2320	39	194	528	312	6	84	0	0	2414	0,0,0,0,0,0	13039	0	312	7331	37	0	7200,6979,6979,6182,6182,6182,6182	2	25	6970,0,0,0,0,0,0	99	0
173619	460	918	575	216	240	53	35	4	2389	39	198	524	262	4	81	0	0	2497	0,0,0,0,0,0	25159	0	299	7631	38	0	7494,7258,7258,6408,6408,6408,6408	2	26	7270,0,0,0,0,0,0	115	0
173462	459	917	560	240	260	55	36	5	2508	40	204	496	325	7	91	0	0	2527	0,0,0,0,0,0	24839	0	291	7925	38	0	7783,7534,7534,6632,6632,6632,6632	2	21	7564,0,0,0,0,0,0	117	0
173254	494	945	569	247	272	59	40	6	2614	40	206	505	239	4	113	0	0	2626	0,0,0,0,0,0	13059	0	353	8278	40	0	8127,7863,7863,6910,6910,6910,6910	2	43	7917,0,0,0,0,0,0	113	0
173052	520	973	582	256	275	60	40	6	2731	42	209	510	243	2	115	0	0	2706	0,0,0,0,0,0	12887	0	343	8620	43	0	8460,8182,8182,7177,7177,7177,7177	2	42	8260,0,0,0,0,0,0	126	0
172890	515	1004	633	264	274	58	39	6	2809	45	209	513	268	4	82	0	0	2787	0,0,0,0,0,0	28584	0	329	8948	45	0	8775,8481,8481,7416,7416,7416,7416	2	33	8588,0,0,0,0,0,0	114	0
172705	544	1014	649	273	279	63	38	6	2917	48	210	488	282	1	97	0	0	2860	0,0,0,0,0,0	28541	0	367	9315	46	0	9131,8818,8818,7688,7688,7688,7688	2	44	8955,0,0,0,0,0,0	115	0
172549	522	1057	642	267	283	73	37	5	3048	51	212	467	286	6	105	0	0	2881	0,0,0,0,0,0	28568	0	333	9649	48	0	9454,9124,9124,7928,7928,7928,7928	2	29	9289,0,0,0,0,0,0	124	0
172411	496	1046	667	286	300	73	44	5	3150	53	215	463	240	6	105	0	0	2912	0,0,0,0,0,0	42440	0	314	9962	50	0	9758,9410,9410,8150,8150,8150,8150	2	23	9602,0,0,0,0,0,0	130	0
172315	473	1041	680	303	287	80	42	5	3247	55	218	464	312	3	118	0	0	2906	0,0,0,0,0,0	42402	0	298	10263	50	0	10049,9680,9680,8345,8345,8345,8345	2	20	9903,0,0,0,0,0,0	153	0
172156	486	1030	712	296	283	79	41	7	3381	56	219	473	251	3	126	0	0	2927	0,0,0,0,0,0	28607	0	328	10592	51	0	10367,9982,9982,8583,8583,8583,8583	2	27	10232,0,0,0,0,0,0	148	0
172037	502	1017	717	302	290	84	44	9	3465	57	222	462	265	2	78	0	0	2956	0,0,0,0,0,0	28483	0	326	10918	53	0	10680,10273,10273,8799,8799,8799,8799	2	34	10558,0,0,0,0,0,0	151	0
171943	467	1048	705	303	279	86	46	11	3577	58	223	441	304	3	114	0	0	2934	0,0,0,0,0,0	28528	0	306	11226	53	0	10974,10546,10546,8993,8993,8993,8993	2	34	10866,0,0,0,0,0,0	154	0
171859	450	1035	697	322	289	88	43	9	3666	62	226	453	301	4	111	0	0	2924	0,0,0,0,0,0	28537	0	311	11537	54	0	11273,10822,10822,9185,9185,9185,9185	2	38	11178,0,0,0,0,0,0	161	0
171740	464	1022	699	323	311	87	42	7	3760	64	227	481	108	8	113	0	0	2948	0,0,0,0,0,0	28712	0	332	11871	55	0	11594,11121,11121,9405,9405,9405,9405	2	40	11512,0,0,0,0,0,0	157	0
171686	479	974	724	322	293	98	47	7	3820	68	228	449	298	6	97	0	0	2937	0,0,0,0,0,0	42186	0	299	12171	57	0	11878,11380,11380,9574,9574,9574,9574	2	23	11812,0,0,0,0,0,0	162	0
171644	439	996	724	287	292	95	45	7	3914	72	231	466	257	5	104	0	0	2878	0,0,0,0,0,0	42569	0	262	12433	60	0	12128,11608,11608,9721,9721,9721,9721	2	20	12074,0,0,0,0,0,0	169	0
171569	458	981	750	301	282	89	44	10	3956	75	231	454	253	3	107	0	0	2905	0,0,0,0,0,0	28748	0	327	12760	61	0	12438,11893,11893,9914,9914,9914,9914	2	39	12401,0,0,0,0,0,0	163	0
171475	511	968	730	266	298	93	46	11	4037	78	233	456	254	4	101	0	0	2912	0,0,0,0,0,0	28486	0	349	13108	63	0	12770,12199,12199,10125,10125,10125,10125	2	40	12750,0,0,0,0,0,0	161	0
171400	517	976	708	249	313	96	43	13	4115	79	237	435	326	1	111	0	0	2902	0,0,0,0,0,0	28824	0	301	13408	66	0	13057,12463,12463,10305,10305,10305,10305	2	40	13050,0,0,0,0,0,0	166	0
171341	503	1007	703	253	302	97	35	12	4169	84	240	426	234	6	94	0	0	2900	0,0,0,0,0,0	28735	0	318	13722	70	0	13358,12738,12738,10484,10484,10484,10484	2	37	13367,0,0,0,0,0,0	151	0
171250	532	969	701	278	291	96	37	16	4250	85	241	425	315	10	100	0	0	2904	0,0,0,0,0,0	28210	0	331	14050	74	0	13671,13027,13027,10685,10685,10685,10685	3	36	13696,0,0,0,0,0,0	152	0
171245	502	956	710	279	284	96	36	14	4294	87	243	429	323	5	92	0	0	2863	0,0,0,0,0,0	42459	0	263	14312	78	0	13917,13248,13248,10810,10810,10810,10810	3	28	13958,0,0,0,0,0,0	155	0
171290	441	977	710	285	280	90	37	12	4289	89	246	452	227	6	94	0	0	2820	0,0,0,0,0,0	42442	0	248	14556	82	0	14145,13446,13446,10902,10902,10902,10902	2	17	14202,0,0,0,0,0,0	162	0
171255	464	969	685	285	275	88	36	12	4339	90	248	432	252	2	114	0	0	2802	0,0,0,0,0,0	28460	0	317	14868	87	0	14439,13713,13713,11065,11065,11065,11065	2	34	14514,0,0,0,0,0,0	161	0
171177	472	954	697	305	277	89	37	13	4382	92	251	430	269	5	91	0	0	2831	0,0,0,0,0,0	28484	0	315	15183	89	0	14738,13988,13988,11251,11251,11251,11251	2	36	14829,0,0,0,0,0,0	152	0
171085	470	1000	700	312	270	94	37	13	4418	94	253	431	274	8	114	0	0	2883	0,0,0,0,0,0	28466	0	355	15530	97	0	15070,14293,14293,11461,11461,11461,11461	2	50	15177,0,0,0,0,0,0	155	0
171016	488	1023	701	297	260	92	39	12	4467	98	253	417	255	3	98	0	0	2900	0,0,0,0,0,0	28337	0	338	15870	97	0	15390,14587,14587,11654,11654,11654,11654	3	40	15517,0,0,0,0,0,0	144	0
171026	474	986	717	295	272	78	44	10	4487	99	258	414	288	6	99	0	0	2866	0,0,0,0,0,0	28612	0	295	16164	100	0	15667,14833,14833,11786,11786,11786,11786	3	41	15811,0,0,0,0,0,0	142	0
171052	439	963	701	302	260	80	48	8	4532	100	261	430	295	3	113	0	0	2793	0,0,0,0,0,0	42608	0	250	16412	102	0	15898,15037,15037,11887,11887,11887,11887	3	22	16059,0,0,0,0,0,0	156	0
171091	384	967	701	304	256	86	42	8	4541	105	261	414	88	5	93	0	0	2740	0,0,0,0,0,0	42455	0	254	16664	104	0	16130,15239,15239,11982,11982,11982,11982	3	22	16311,0,0,0,0,0,0	159	0
171103	408	931	690	292	272	82	42	8	4549	107	262	434	239	2	101	0	0	2717	0,0,0,0,0,0	28341	0	300	16960	110	0	16405,15483,15483,12111,12111,12111,12111	3	30	16608,0,0,0,0,0,0	156	0
171038	451	927	654	294	261	75	42	8	4620	110	266	430	321	7	102	0	0	2704	0,0,0,0,0,0	28428	0	327	17287	111	0	16714,15766,15766,12295,12295,12295,12295	2	35	16935,0,0,0,0,0,0	151	0
171017	464	915	659	287	276	76	44	9	4621	111	267	435	256	9	110	0	0	2721	0,0,0,0,0,0	28368	0	309	17593	115	0	16999,16023,16023,12445,12445,12445,12445	2	28	17241,0,0,0,0,0,0	150	0
170975	474	931	672	276	277	75	45	9	4628	115	269	426	246	5	97	0	0	2750	0,0,0,0,0,0	28352	0	331	17923	118	0	17310,16304,16304,12618,12618,12618,12618	2	33	17571,0,0,0,0,0,0	149	0
170931	483	956	662	292	267	77	46	7	4637	117	271	415	299	10	100	0	0	2783	0,0,0,0,0,0	28412	0	319	18239	123	0	17608,16575,16575,12786,12786,12786,12786	2	36	17888,0,0,0,0,0,0	157	0
171002	435	976	630	281	262	76	47	5	4635	123	274	410	332	7	82	0	0	2707	0,0,0,0,0,0	42223	0	249	18486	125	0	17834,16769,16769,12861,12861,12861,12861	2	14	18135,0,0,0,0,0,0	139	0
171009	437	943	653	273	285	86	44	6	4607	126	277	425	263	3	103	0	0	2721	0,0,0,0,0,0	42442	0	266	18752	127	0	18083,16990,16990,12979,12979,12979,12979	2	23	18401,0,0,0,0,0,0	149	0
171029	450	913	680	277	276	84	44	6	4582	128	277	428	258	9	92	0	0	2724	0,0,0,0,0,0	28591	0	290	19041	129	0	18349,17225,17225,13099,13099,13099,13099	2	33	18691,0,0,0,0,0,0	159	0
171033	456	895	688	252	282	88	43	7	4595	130	277	450	254	2	109	0	0	2704	0,0,0,0,0,0	28392	0	278	19319	130	0	18604,17451,17451,13218,13218,13218,13218	2	38	18969,0,0,0,0,0,0	152	0
171059	450	895	675	246	279	91	39	10	4591	133	278	442	278	2	98	0	0	2675	0,0,0,0,0,0	28266	0	270	19592	130	0	18854,17672,17672,13326,13326,13326,13326	2	28	19242,0,0,0,0,0,0	145	0
171059	438	924	670	252	270	87	41	10	4580	135	280	408	228	3	88	0	0	2682	0,0,0,0,0,0	28238	0	297	19888	132	0	19129,17917,17917,13459,13459,13459,13459	2	29	19538,0,0,0,0,0,0	148	0
171063	422	917	693	257	269	87	40	9	4570	138	281	423	262	7	85	0	0	2685	0,0,0,0,0,0	28656	0	283	20170	134	0	19389,18148,18148,13582,13582,13582,13582	2	31	19821,0,0,0,0,0,0	146	0
171160	386	906	686	259	271	88	37	9	4515	143	286	432	308	3	80	0	0	2633	0,0,0,0,0,0	42522	0	232	20401	135	0	19599,18325,18325,13635,13635,13635,13635	2	18	20052,0,0,0,0,0,0	147	0
171225	383	902	630	262	258	92	37	10	4511	147	289	422	246	2	81	0	0	2564	0,0,0,0,0,0	42258	0	246	20647	139	0	19824,18519,18519,13712,13712,13712,13712	2	12	20298,0,0,0,0,0,0	150	0
171252	403	870	653	265	251	92	41	10	4468	148	293	420	252	4	102	0	0	2575	0,0,0,0,0,0	28566	0	269	20914	143	0	20073,18738,18738,13817,13817,13817,13817	2	40	20566,0,0,0,0,0,0	156	0
171275	401	848	647	254	261	90	38	12	4472	153	295	430	300	2	105	0	0	2539	0,0,0,0,0,0	28453	0	245	21158	145	0	20294,18932,18932,13909,13909,13909,13909	2	25	20810,0,0,0,0,0,0	145	0
171294	433	819	646	244	246	85	40	10	4477	154	298	417	265	4	95	0	0	2513	0,0,0,0,0,0	28426	0	275	21429	149	0	20544,19153,19153,14019,14019,14019,14019	2	25	21081,0,0,0,0,0,0	155	0
171371	408	775	660	246	241	80	44	10	4454	155	302	432	277	5	82	0	0	2454	0,0,0,0,0,0	42228	0	203	21630	151	0	20726,19307,19307,14066,14066,14066,14066	2	12	21282,0,0,0,0,0,0	148	0
171487	351	815	626	238	220	83	43	9	4408	159	307	429	300	5	83	0	0	2376	0,0,0,0,0,0	42401	0	216	21844	153	0	20918,19465,19465,14098,14098,14098,14098	2	20	21496,0,0,0,0,0,0	147	0
171551	356	769	599	239	217	82	42	10	4413	161	307	441	270	4	77	0	0	2304	0,0,0,0,0,0	42218	0	210	22054	155	0	21106,19626,19626,14154,14154,14154,14154	2	16	21706,0,0,0,0,0,0	142	0
171690	328	736	571	240	218	87	43	9	4352	164	308	446	247	4	72	0	0	2223	0,0,0,0,0,0	42277	32	180	22230	160	0	21258,19747,19747,14156,14156,14156,14156	1	13	21882,0,0,0,0,0,0	153	28
171741	343	697	556	243	237	80	44	8	4324	165	308	461	250	5	95	0	0	2200	0,0,0,0,0,0	28503	36	222	22452	161	0	21457,19919,19919,14223,14223,14223,14223	2	26	22104,0,0,0,0,0,0	149	57
171795	371	675	540	223	221	79	44	10	4314	165	309	459	168	2	84	0	0	2153	0,0,0,0,0,0	28457	28	227	22675	165	0	21656,20089,20089,14287,14287,14287,14287	1	18	22327,0,0,0,0,0,0	153	80
171869	355	709	506	217	209	74	45	8	4276	167	311	451	266	3	77	0	0	2115	0,0,0,0,0,0	28472	31	215	22889	167	0	21848,20252,20252,14339,14339,14339,14339	1	22	22541,0,0,0,0,0,0	149	107
171972	344	691	517	215	208	69	46	7	4195	170	312	463	321	1	71	0	0	2090	0,0,0,0,0,0	28559	25	198	23086	168	0	22021,20395,20395,14366,14366,14366,14366	2	28	22738,0,0,0,0,0,0	140	130
172026	332	688	517	206	218	66	44	8	4152	174	315	439	250	1	80	0	0	2071	0,0,0,0,0,0	28346	26	198	23285	171	0	22199,20548,20548,14421,14421,14421,14421	1	18	22937,0,0,0,0,0,0	130	152
172098	296	686	512	223	206	65	44	9	4111	177	319	431	298	1	64	0	0	2032	0,0,0,0,0,0	35634	33	180	23462	176	0	22358,20681,20681,14457,14457,14457,14457	1	24	23114,0,0,0,0,0,0	134	177
172211	275	670	488	206	193	70	42	11	4080	179	321	417	265	2	72	0	0	1944	0,0,0,0,0,0	35502	149	178	23635	182	0	22519,20814,20814,14475,14475,14475,14475	1	22	23287,0,0,0,0,0,0	141	306
172267	267	688	487	196	173	68	37	9	4045	184	325	434	263	5	91	0	0	1916	0,0,0,0,0,0	23428	130	208	23842	184	0	22716,20984,20984,14536,14536,14536,14536	1	25	23494,0,0,0,0,0,0	133	422
172341	305	658	498	206	193	65	36	9	3925	185	325	431	91	1	63	0	0	1961	0,0,0,0,0,0	23372	132	228	24067	188	0	22922,21160,21160,14593,14593,14593,14593	1	23	23719,0,0,0,0,0,0	123	538
172420	308	633	480	213	179	64	30	10	3892	190	327	439	95	1	72	0	0	1907	0,0,0,0,0,0	23375	141	197	24260	192	0	23103,21314,21314,14635,14635,14635,14635	1	25	23912,0,0,0,0,0,0	122	652
172500	309	648	468	198	167	66	26	11	3831	193	329	440	245	1	64	0	0	1882	0,0,0,0,0,0	23290	130	203	24462	193	0	23290,21472,21472,14679,14679,14679,14679	2	35	24114,0,0,0,0,0,0	114	760
172573	321	618	469	191	176	70	25	12	3762	194	335	431	256	3	70	0	0	1870	0,0,0,0,0,0	23322	127	185	24646	195	0	23463,21620,21620,14720,14720,14720,14720	2	22	24298,0,0,0,0,0,0	113	857
172652	296	617	460	189	182	66	23	12	3712	196	341	434	265	3	60	0	0	1833	0,0,0,0,0,0	35404	142	170	24813	198	0	23623,21754,21754,14752,14752,14752,14752	2	11	24465,0,0,0,0,0,0	117	984
172794	270	614	438	193	189	61	24	12	3610	197	344	445	239	1	57	0	0	1789	0,0,0,0,0,0	35813	159	155	24966	201	0	23802,21903,21903,14763,14763,14763,14763	2	14	24619,0,0,0,0,0,0	124	1110
172824	283	609	428	193	195	62	22	9	3573	202	346	445	253	4	75	0	0	1792	0,0,0,0,0,0	23374	159	213	25178	203	0	24036,22113,22113,14855,14855,14855,14855	2	32	24831,0,0,0,0,0,0	103	1235
172884	281	610	414	205	190	58	24	9	3521	202	348	443	255	4	77	0	0	1782	0,0,0,0,0,0	23381	166	183	25360	204	0	24237,22289,22289,14913,14913,14913,14913	1	15	25014,0,0,0,0,0,0	99	1373
172978	275	587	425	184	180	57	21	6	3478	205	350	433	263	5	67	0	0	1729	0,0,0,0,0,0	23557	158	167	25527	204	0	24422,22448,22448,14948,14948,14948,14948	1	18	25181,0,0,0,0,0,0	93	1493
173031	283	565	409	185	172	56	25	7	3456	205	352	426	257	3	68	0	0	1695	0,0,0,0,0,0	23222	138	178	25706	205	0	24622,22625,22625,15011,15011,15011,15011	1	26	25360,0,0,0,0,0,0	97	1587
173109	273	563	430	177	170	54	21	4	3382	209	354	435	229	2	63	0	0	1688	0,0,0,0,0,0	23267	134	169	25875	206	0	24804,22782,22782,15052,15052,15052,15052	1	15	25529,0,0,0,0,0,0	103	1687
173188	266	567	388	183	173	51	19	5	3336	212	358	425	344	1	53	0	0	1647	0,0,0,0,0,0	35382	167	167	26040	208	0	24998,22951,22951,15100,15100,15100,15100	1	16	25694,0,0,0,0,0,0	97	1829
173293	248	546	388	177	167	47	20	4	3280	214	362	443	274	5	66	0	0	1593	0,0,0,0,0,0	35526	51	128	26168	210	0	25157,23086,23086,15116,15116,15116,15116	1	13	25823,0,0,0,0,0,0	96	1872
173338	263	534	376	174	173	47	23	4	3237	214	363	455	285	5	59	0	0	1590	0,0,0,0,0,0	23327	67	184	26348	214	0	25360,23267,23267,15183,15183,15183,15183	1	21	26003,0,0,0,0,0,0	89	1924
173391	270	536	375	172	172	44	21	5	3178	214	368	445	159	1	54	0	0	1590	0,0,0,0,0,0	23284	52	173	26518	218	0	25561,23445,23445,15243,15243,15243,15243	1	18	26174,0,0,0,0,0,0	90	1964
173455	272	492	395	156	174	42	21	7	3146	214	372	442	245	4	69	0	0	1552	0,0,0,0,0,0	23160	59	137	26654	220	0	25724,23588,23588,15279,15279,15279,15279	1	12	26310,0,0,0,0,0,0	82	2010
173514	281	514	368	149	152	41	19	7	3109	217	375	460	230	5	56	0	0	1524	0,0,0,0,0,0	23325	51	166	26819	221	0	25904,23745,23745,15327,15327,15327,15327	1	12	26475,0,0,0,0,0,0	79	2047
173571	274	506	370	148	158	42	15	9	3056	220	377	461	242	2	52	0	0	1513	0,0,0,0,0,0	23310	75	158	26978	221	0	26080,23900,23900,15373,15373,15373,15373	1	22	26634,0,0,0,0,0,0	75	2106
173594	250	519	379	137	153	40	14	7	3053	221	379	475	274	0	46	0	0	1492	0,0,0,0,0,0	35431	78	144	27115	228	0	26253,24056,24056,15436,15436,15436,15436	1	10	26771,0,0,0,0,0,0	84	2168
173696	222	506	386	141	147	40	16	4	2985	221	382	478	243	0	43	0	0	1458	0,0,0,0,0,0	35692	178	124	27237	230	0	26380,24161,24161,15436,15436,15436,15436	1	6	26893,0,0,0,0,0,0	73	2305
173713	223	515	346	147	150	43	15	4	2985	222	383	515	272	2	58	0	0	1439	0,0,0,0,0,0	23482	217	159	27394	233	0	26547,24310,24310,15496,15496,15496,15496	1	18	27051,0,0,0,0,0,0	69	2461
173735	265	519	323	152	141	41	15	4	2941	223	387	495	245	1	64	0	0	1456	3,0,0,0,0,0	23497	214	147	27584	238	0	26736,24479,24479,15565,15565,15565,15565	1	9	27196,47,0,0,0,0,0	71	2626
173744	269	509	343	155	139	47	12	5	2905	226	392	516	273	2	34	0	0	1474	6,0,0,0,0,0	23276	195	137	27749	241	0	26907,24632,24632,15631,15631,15631,15631	1	15	27319,90,0,0,0,0,0	69	2768
173729	271	539	358	142	152	46	12	4	2870	227	396	500	116	1	64	0	0	1520	9,0,0,0,0,0	23216	206	166	27947	246	0	27107,24814,24814,15723,15723,15723,15723	1	12	27464,146,0,0,0,0,0	71	2924
173707	299	575	353	139	157	43	13	4	2831	227	398	529	313	3	59	0	0	1579	13,0,0,0,0,0	23391	205	185	28170	249	0	27336,25023,25023,15834,15834,15834,15834	1	18	27614,219,0,0,0,0,0	76	3070
173707	302	576	359	148	171	43	12	3	2796	229	400	531	248	1	54	0	0	1611	17,0,0,0,0,0	35481	194	164	28357	256	0	27536,25204,25204,15921,15921,15921,15921	1	13	27736,289,0,0,0,0,0	66	3220
173708	303	615	359	154	168	42	13	3	2746	230	405	514	248	2	56	0	0	1654	21,0,0,0,0,0	35959	153	177	28556	263	0	27813,25462,25462,16047,16047,16047,16047	1	11	27849,378,0,0,0,0,0	70	3336
173659	333	640	368	159	167	42	12	4	2724	232	406	482	249	1	78	0	0	1721	24,0,0,0,0,0	23496	183	243	28792	270	0	28125,25756,25756,16211,16211,16211,16211	1	19	28005,461,0,0,0,0,0	67	3467
