S	E	I1	I2	I3	I4	I5_h	I6_h	R_h	R	D1	D2	H	T	P1	P2	Q	QT	NQ	MUT	HOM	VAC	NI	INF	REINF	BSTR	IMM	HCI	HCE	INFV	INFH	VNI
178116	114	118	47	48	46	8	3	0	244	2	0	203	0	0	0	0	0	384	0,0,0,0,0,0	178744	0	0	384	0	0	630,630,630,630,630,630,630	0	0	0,0,0,0,0,0,0	0	0
178069	94	151	61	49	43	8	2	1	266	2	0	341	309	3	81	0	0	408	0,0,0,0,0,0	12321	0	57	441	0	0	677,677,677,677,677,677,677	0	3	57,0,0,0,0,0,0	15	0
178012	98	179	65	51	41	10	2	1	284	2	1	438	244	1	16	0	0	446	0,0,0,0,0,0	12666	0	73	515	0	0	735,735,735,735,735,735,735	0	3	131,0,0,0,0,0,0	11	0
177941	114	198	81	53	42	14	2	1	291	2	7	511	74	0	18	0	0	504	0,0,0,0,0,0	12802	0	79	596	0	0	809,809,809,809,809,809,809	0	9	212,0,0,0,0,0,0	13	0
177903	116	198	94	55	43	13	2	0	310	2	10	578	95	0	10	0	0	521	0,0,0,0,0,0	24553	0	56	652	0	0	850,850,850,850,850,850,850	0	5	268,0,0,0,0,0,0	17	0
177848	108	212	106	51	51	13	3	0	338	2	14	595	289	1	23	0	0	544	0,0,0,0,0,0	24933	0	67	719	0	0	909,909,909,909,909,909,909	0	7	335,0,0,0,0,0,0	15	0
177784	111	241	112	47	52	14	3	0	364	3	15	602	91	0	25	0	0	580	0,0,0,0,0,0	12798	0	85	806	0	0	977,977,977,977,977,977,977	0	6	422,0,0,0,0,0,0	17	0
177720	123	226	136	58	58	16	2	0	387	4	16	631	85	1	17	0	0	619	0,0,0,0,0,0	12957	0	81	888	0	0	1046,1046,1046,1046,1046,1046,1046	0	10	504,0,0,0,0,0,0	21	0
177670	123	228	146	53	66	18	4	0	416	4	18	677	247	1	20	0	0	638	0,0,0,0,0,0	12974	0	67	954	1	0	1103,1103,1103,1102,1102,1102,1102	0	6	571,0,0,0,0,0,0	25	0
177610	117	244	147	48	67	21	5	0	462	4	21	691	218	0	23	0	0	649	0,0,0,0,0,0	12944	0	77	1031	1	0	1171,1170,1170,1168,1168,1168,1168	0	7	648,0,0,0,0,0,0	27	0
177548	110	242	153	49	76	23	5	1	508	4	27	702	231	0	23	0	0	658	0,0,0,0,0,0	12934	0	75	1106	2	0	1240,1239,1239,1236,1236,1236,1236	0	7	724,0,0,0,0,0,0	32	0
177498	111	247	158	55	79	22	5	1	535	4	31	716	93	1	24	0	0	677	0,0,0,0,0,0	24781	0	82	1188	2	0	1308,1306,1306,1299,1299,1299,1299	0	6	806,0,0,0,0,0,0	36	0
177453	128	226	171	55	80	22	5	1	565	4	36	698	273	1	25	0	0	687	0,0,0,0,0,0	24794	0	80	1267	3	0	1373,1369,1369,1357,1357,1357,1357	0	6	886,0,0,0,0,0,0	34	0
177404	120	258	159	55	71	23	6	2	602	4	42	688	269	1	30	0	0	692	0,0,0,0,0,0	13086	0	82	1347	5	0	1444,1438,1438,1420,1420,1420,1420	0	11	968,0,0,0,0,0,0	30	0
177329	150	250	159	71	74	20	6	2	636	4	45	685	241	1	31	0	0	730	0,0,0,0,0,0	12802	0	109	1455	6	0	1538,1531,1531,1509,1509,1509,1509	0	13	1077,0,0,0,0,0,0	33	0
177264	160	263	164	75	80	19	8	2	656	4	51	693	267	3	35	0	0	769	0,0,0,0,0,0	12943	0	101	1554	8	0	1626,1618,1618,1589,1589,1589,1589	0	11	1176,0,0,0,0,0,0	33	0
177190	163	275	155	78	82	21	11	2	709	4	56	725	257	2	29	0	0	785	0,0,0,0,0,0	13188	0	94	1649	8	0	1715,1706,1706,1672,1672,1672,1672	0	8	1271,0,0,0,0,0,0	30	0
177119	152	299	150	75	84	20	10	2	767	5	63	720	314	0	29	0	0	790	0,0,0,0,0,0	13071	0	92	1740	10	0	1803,1792,1792,1753,1753,1753,1753	0	9	1364,0,0,0,0,0,0	32	0
177055	156	321	155	80	82	21	13	2	787	5	69	723	84	0	26	0	0	828	0,0,0,0,0,0	25006	0	100	1842	10	0	1896,1883,1883,1836,1836,1836,1836	0	8	1466,0,0,0,0,0,0	37	0
176982	155	337	172	78	81	22	15	2	823	5	74	723	262	0	32	0	0	860	0,0,0,0,0,0	25057	0	110	1951	11	0	1999,1983,1983,1928,1928,1928,1928	0	12	1576,0,0,0,0,0,0	41	0
176921	159	334	191	82	71	22	16	2	869	5	74	741	289	0	36	0	0	875	0,0,0,0,0,0	13031	0	104	2054	12	0	2092,2074,2074,2008,2008,2008,2008	0	12	1680,0,0,0,0,0,0	38	0
176832	180	338	207	91	75	22	15	0	897	6	83	719	98	2	31	0	0	928	0,0,0,0,0,0	13045	0	129	2183	12	0	2217,2195,2195,2117,2117,2117,2117	0	14	1809,0,0,0,0,0,0	42	0
176731	196	375	214	90	65	20	17	0	945	6	87	705	253	1	20	0	0	977	0,0,0,0,0,0	13092	0	141	2323	14	0	2355,2329,2329,2238,2238,2238,2238	0	9	1950,0,0,0,0,0,0	41	0
176658	203	380	221	97	86	20	14	0	967	9	91	706	233	1	33	0	0	1021	0,0,0,0,0,0	13106	0	131	2455	14	0	2476,2446,2446,2339,2339,2339,2339	0	16	2082,0,0,0,0,0,0	40	0
176571	196	426	221	95	93	18	14	0	1006	10	96	705	299	3	38	0	0	1063	0,0,0,0,0,0	12996	0	138	2592	15	0	2609,2575,2575,2451,2451,2451,2451	1	16	2220,0,0,0,0,0,0	39	0
176508	190	430	227	103	95	17	15	0	1046	10	105	668	271	0	35	0	0	1077	0,0,0,0,0,0	25007	0	124	2717	15	0	2727,2688,2688,2547,2547,2547,2547	1	5	2345,0,0,0,0,0,0	34	0
176462	176	419	259	105	101	17	16	0	1075	10	106	674	112	1	39	0	0	1093	0,0,0,0,0,0	24938	0	109	2827	16	0	2832,2786,2786,2623,2623,2623,2623	0	4	2456,0,0,0,0,0,0	37	0
176345	201	446	254	108	107	21	15	0	1122	12	115	648	331	3	47	0	0	1152	0,0,0,0,0,0	13063	0	169	2997	16	0	2998,2947,2947,2768,2768,2768,2768	1	22	2626,0,0,0,0,0,0	41	0
176230	224	464	281	108	111	21	14	1	1161	13	118	652	308	3	46	0	0	1223	0,0,0,0,0,0	12917	0	178	3175	17	0	3169,3112,3112,2911,2911,2911,2911	1	13	2804,0,0,0,0,0,0	47	0
176136	234	463	303	119	129	24	13	2	1190	13	120	654	224	1	43	0	0	1285	0,0,0,0,0,0	12912	0	170	3343	19	0	3327,3264,3264,3039,3039,3039,3039	1	16	2974,0,0,0,0,0,0	54	0
176008	260	520	308	108	129	25	14	2	1235	13	124	677	240	2	51	0	0	1364	0,0,0,0,0,0	12879	0	206	3549	20	0	3525,3455,3455,3204,3204,3204,3204	1	24	3181,0,0,0,0,0,0	56	0
175859	289	540	319	112	142	27	13	2	1302	15	126	666	263	2	43	0	0	1442	0,0,0,0,0,0	13033	0	216	3764	21	0	3733,3657,3657,3385,3385,3385,3385	1	17	3396,0,0,0,0,0,0	58	0
175801	285	536	333	119	138	32	13	2	1339	17	131	664	77	2	52	0	0	1456	0,0,0,0,0,0	24914	0	146	3911	21	0	3875,3790,3790,3487,3487,3487,3487	1	13	3543,0,0,0,0,0,0	63	0
175714	255	539	361	122	143	36	14	3	1403	18	138	629	266	1	42	0	0	1470	0,0,0,0,0,0	24860	0	154	4065	21	0	4026,3935,3935,3609,3609,3609,3609	1	15	3697,0,0,0,0,0,0	69	0
175569	264	569	368	134	154	38	13	4	1472	19	142	633	281	3	57	0	0	1540	0,0,0,0,0,0	13359	0	230	4295	23	0	4250,4151,4151,3796,3796,3796,3796	1	18	3928,0,0,0,0,0,0	81	0
175438	308	581	386	126	151	41	14	4	1534	20	143	617	232	2	60	0	0	1607	0,0,0,0,0,0	12862	0	224	4519	23	0	4462,4354,4354,3969,3969,3969,3969	1	30	4152,0,0,0,0,0,0	79	0
175329	311	605	390	139	154	43	12	5	1592	21	145	633	305	2	62	0	0	1654	0,0,0,0,0,0	12908	0	215	4734	23	0	4669,4551,4551,4129,4129,4129,4129	1	30	4367,0,0,0,0,0,0	72	0
175180	325	648	406	149	162	45	11	4	1640	24	152	614	250	7	68	0	0	1746	0,0,0,0,0,0	13071	0	243	4980	23	0	4905,4779,4779,4324,4324,4324,4324	1	20	4613,0,0,0,0,0,0	70	0
175008	363	679	422	166	168	45	11	5	1696	24	159	608	264	6	59	0	0	1854	0,0,0,0,0,0	12974	0	258	5238	24	0	5160,5025,5025,4540,4540,4540,4540	1	32	4872,0,0,0,0,0,0	75	0
174889	395	699	418	157	172	44	15	5	1768	24	160	624	258	1	52	0	0	1900	0,0,0,0,0,0	24817	0	236	5476	24	0	5387,5240,5240,4715,4715,4715,4715	1	17	5110,0,0,0,0,0,0	83	0
174779	355	738	426	177	180	39	15	5	1843	26	163	617	259	3	63	0	0	1930	0,0,0,0,0,0	24835	0	206	5682	25	0	5585,5430,5430,4871,4871,4871,4871	1	14	5316,0,0,0,0,0,0	89	0
174572	402	793	444	193	187	41	13	2	1906	28	165	624	236	6	72	0	0	2073	0,0,0,0,0,0	13124	0	326	6010	25	0	5903,5736,5736,5134,5134,5134,5134	2	45	5644,0,0,0,0,0,0	89	0
174424	422	819	466	188	197	39	14	3	1978	28	168	604	268	6	72	0	0	2145	0,0,0,0,0,0	12987	0	280	6292	25	0	6174,5994,5994,5345,5345,5345,5345	2	23	5926,0,0,0,0,0,0	90	0
174266	403	829	502	198	213	44	19	3	2068	28	173	578	331	3	84	0	0	2208	0,0,0,0,0,0	12935	0	267	6560	25	0	6432,6242,6242,5554,5554,5554,5554	2	31	6194,0,0,0,0,0,0	89	0
174051	417	880	524	210	209	47	20	2	2180	29	177	575	264	4	98	0	0	2307	0,0,0,0,0,0	12973	0	321	6883	25	0	6751,6549,6549,5822,5822,5822,5822	2	42	6517,0,0,0,0,0,0	93	0
173861	472	877	571	219	209	47	19	2	2261	30	178	566	298	4	86	0	0	2414	0,0,0,0,0,0	12902	0	323	7205	27	0	7065,6850,6850,6075,6075,6075,6075	2	40	6840,0,0,0,0,0,0	105	0
173698	484	887	592	208	228	48	22	2	2366	30	181	564	295	2	74	0	0	2469	0,0,0,0,0,0	25118	0	297	7502	29	0	7354,7126,7126,6303,6303,6303,6303	2	30	7137,0,0,0,0,0,0	120	0
173552	458	925	613	223	248	41	23	2	2448	30	183	565	252	3	90	0	0	2531	0,0,0,0,0,0	24908	0	285	7788	31	0	7633,7390,7390,6516,6516,6516,6516	2	22	7423,0,0,0,0,0,0	109	0
173310	511	965	641	244	260	44	28	1	2525	31	186	548	234	3	81	0	0	2693	0,0,0,0,0,0	13129	0	387	8173	34	0	8010,7754,7754,6827,6827,6827,6827	2	24	7810,0,0,0,0,0,0	105	0
173104	526	1012	648	242	278	47	30	1	2637	32	189	549	239	6	91	0	0	2783	0,0,0,0,0,0	12836	0	360	8536	35	0	8362,8090,8090,7106,7106,7106,7106	2	42	8173,0,0,0,0,0,0	110	0
172886	537	1057	654	255	274	44	32	2	2778	34	193	546	242	3	111	0	0	2853	0,0,0,0,0,0	28658	0	356	8894	36	0	8714,8427,8427,7391,7391,7391,7391	2	41	8531,0,0,0,0,0,0	106	0
172689	540	1071	692	266	286	52	28	2	2885	39	196	566	272	10	90	0	0	2935	0,0,0,0,0,0	28551	0	358	9251	39	0	9062,8759,8759,7665,7665,7665,7665	2	38	8888,0,0,0,0,0,0	113	0
172517	547	1102	706	257	291	52	30	2	3003	41	198	559	301	2	104	0	0	2985	0,0,0,0,0,0	28522	0	336	9584	43	0	9386,9067,9067,7913,7913,7913,7913	2	40	9222,0,0,0,0,0,0	110	0
172363	512	1084	721	272	299	57	32	2	3160	44	200	568	214	6	83	0	0	2977	0,0,0,0,0,0	42557	0	303	9885	45	0	9679,9345,9345,8137,8137,8137,8137	2	20	9523,0,0,0,0,0,0	114	0
172255	487	1076	742	294	314	53	33	2	3242	45	203	550	308	7	108	0	0	2999	0,0,0,0,0,0	42459	0	321	10206	46	0	9989,9634,9634,8347,8347,8347,8347	2	29	9844,0,0,0,0,0,0	118	0
172114	518	1100	724	296	306	55	32	2	3343	48	208	521	314	8	121	0	0	3031	0,0,0,0,0,0	28757	0	352	10556	48	0	10329,9953,9953,8588,8588,8588,8588	2	36	10194,0,0,0,0,0,0	114	0
171946	555	1092	733	297	306	62	36	1	3456	52	210	504	286	5	113	0	0	3081	0,0,0,0,0,0	28668	0	374	10927	53	0	10687,10290,10290,8850,8850,8850,8850	2	41	10566,0,0,0,0,0,0	112	0
171857	520	1101	751	292	297	65	41	1	3555	54	212	493	308	6	128	0	0	3067	0,0,0,0,0,0	28524	0	319	11243	56	0	10991,10570,10570,9047,9047,9047,9047	2	30	10882,0,0,0,0,0,0	119	0
171728	503	1126	764	283	307	68	42	1	3647	61	216	481	309	7	123	0	0	3093	0,0,0,0,0,0	28422	0	330	11575	58	0	11313,10872,10872,9273,9273,9273,9273	2	33	11214,0,0,0,0,0,0	117	0
171600	531	1063	776	300	325	65	46	2	3758	62	218	482	307	6	94	0	0	3106	0,0,0,0,0,0	28710	0	355	11931	59	0	11656,11192,11192,9509,9509,9509,9509	2	27	11571,0,0,0,0,0,0	124	0
171516	533	1037	756	310	322	71	51	2	3860	64	224	457	300	9	113	0	0	3080	0,0,0,0,0,0	42325	0	306	12235	61	0	11950,11464,11464,9698,9698,9698,9698	2	22	11875,0,0,0,0,0,0	132	0
171452	487	1054	753	305	323	70	48	4	3953	70	227	457	263	5	105	0	0	3040	0,0,0,0,0,0	42484	0	284	12522	61	0	12225,11716,11716,9869,9869,9869,9869	2	26	12162,0,0,0,0,0,0	143	0
171338	488	1071	742	316	314	68	47	5	4056	73	228	454	312	7	120	0	0	3046	0,0,0,0,0,0	28424	0	337	12858	63	0	12547,12016,12016,10086,10086,10086,10086	2	29	12498,0,0,0,0,0,0	142	0
171214	518	1106	777	305	304	66	45	7	4095	76	233	471	258	4	120	0	0	3121	0,0,0,0,0,0	28616	0	378	13235	65	0	12910,12353,12353,10328,10328,10328,10328	2	33	12875,0,0,0,0,0,0	138	0
171138	534	1092	784	318	293	67	46	6	4150	81	237	449	270	6	95	0	0	3134	0,0,0,0,0,0	28384	0	340	13575	69	0	13236,12652,12652,10530,10530,10530,10530	2	43	13215,0,0,0,0,0,0	135	0
171035	552	1068	778	330	287	69	46	8	4249	83	241	444	297	1	109	0	0	3130	0,0,0,0,0,0	28363	0	344	13921	69	0	13567,12959,12959,10746,10746,10746,10746	2	33	13561,0,0,0,0,0,0	136	0
170948	565	1060	764	327	282	74	51	10	4337	84	244	435	234	3	121	0	0	3123	0,0,0,0,0,0	28501	0	339	14258	72	0	13891,13257,13257,10950,10950,10950,10950	2	32	13899,0,0,0,0,0,0	139	0
170913	535	1048	788	305	281	86	56	11	4391	85	247	442	256	8	90	0	0	3099	0,0,0,0,0,0	42227	0	294	14551	74	0	14169,13509,13509,11107,11107,11107,11107	2	29	14192,0,0,0,0,0,0	160	0
170917	490	1027	788	305	285	91	60	11	4439	86	247	423	258	5	113	0	0	3046	0,0,0,0,0,0	42480	0	259	14808	76	0	14409,13723,13723,11225,11225,11225,11225	2	21	14449,0,0,0,0,0,0	167	0
170862	474	1052	783	304	295	93	58	12	4473	92	248	424	241	2	119	0	0	3059	0,0,0,0,0,0	28593	0	348	15154	79	0	14736,14020,14020,11415,11415,11415,11415	2	44	14795,0,0,0,0,0,0	169	0
170788	511	1032	770	297	275	89	58	14	4565	94	253	408	262	1	115	0	0	3032	0,0,0,0,0,0	28611	0	341	15494	80	0	15059,14317,14317,11611,11611,11611,11611	2	33	15135,0,0,0,0,0,0	166	0
170701	515	1056	757	298	292	90	57	13	4616	95	256	412	260	11	113	0	0	3065	0,0,0,0,0,0	28452	0	350	15840	84	0	15390,14621,14621,11819,11819,11819,11819	2	37	15481,0,0,0,0,0,0	166	0
170655	529	1034	759	302	300	91	56	13	4646	102	259	425	257	4	99	0	0	3071	0,0,0,0,0,0	28367	0	348	16187	86	0	15719,14920,14920,12005,12005,12005,12005	3	40	15829,0,0,0,0,0,0	164	0
170599	539	1016	755	280	302	90	55	15	4729	104	262	414	227	3	97	0	0	3037	0,0,0,0,0,0	28542	0	325	16509	89	0	16025,15199,15199,12184,12184,12184,12184	3	40	16152,0,0,0,0,0,0	160	0
170569	486	1027	770	287	309	94	57	12	4765	106	264	401	163	5	108	0	0	3030	0,0,0,0,0,0	42420	0	289	16795	94	0	16295,15443,15443,12333,12333,12333,12333	2	18	16438,0,0,0,0,0,0	167	0
170610	429	1026	769	300	302	99	49	11	4770	114	267	424	241	2	103	0	0	2974	0,0,0,0,0,0	42382	0	253	17048	97	0	16529,15648,15648,12428,12428,12428,12428	2	22	16691,0,0,0,0,0,0	178	0
170543	478	1036	773	288	299	92	54	12	4787	116	268	393	100	2	102	0	0	3020	0,0,0,0,0,0	28525	0	366	17410	102	0	16871,15960,15960,12630,12630,12630,12630	2	34	17053,0,0,0,0,0,0	176	0
170499	507	994	782	306	304	97	47	15	4806	120	269	394	283	6	119	0	0	3037	0,0,0,0,0,0	28394	0	331	17745	103	0	17184,16244,16244,12805,12805,12805,12805	2	31	17388,0,0,0,0,0,0	172	0
170474	486	1034	749	303	301	101	43	14	4848	124	269	388	304	3	116	0	0	3017	0,0,0,0,0,0	28602	0	300	18043	107	0	17462,16494,16494,12954,12954,12954,12954	2	44	17686,0,0,0,0,0,0	172	0
170488	475	1032	733	288	318	98	40	13	4862	128	271	382	255	3	106	0	0	2984	0,0,0,0,0,0	28341	0	295	18338	109	0	17735,16737,16737,13081,13081,13081,13081	2	28	17981,0,0,0,0,0,0	156	0
170488	489	1013	758	296	297	104	43	14	4842	128	274	378	249	2	100	0	0	3000	0,0,0,0,0,0	28449	0	313	18651	111	0	18028,16998,16998,13224,13224,13224,13224	3	39	18294,0,0,0,0,0,0	164	0
170533	484	973	764	284	295	109	41	14	4839	131	279	392	231	3	87	0	0	2950	0,0,0,0,0,0	42069	0	268	18918	114	0	18277,17215,17215,13324,13324,13324,13324	2	21	18561,0,0,0,0,0,0	173	0
170602	460	950	738	294	298	111	43	14	4820	134	282	407	324	6	105	0	0	2894	0,0,0,0,0,0	42368	0	270	19184	118	0	18521,17426,17426,13410,13410,13410,13410	2	19	18827,0,0,0,0,0,0	184	0
170590	462	990	705	277	282	106	44	13	4853	137	287	408	315	3	108	0	0	2866	0,0,0,0,0,0	28472	0	326	19504	126	0	18823,17696,17696,13563,13563,13563,13563	2	35	19147,0,0,0,0,0,0	185	0
170624	453	979	695	282	279	104	45	11	4844	140	290	404	295	1	123	0	0	2837	0,0,0,0,0,0	28734	0	312	19811	134	0	19105,17944,17944,13682,13682,13682,13682	2	43	19454,0,0,0,0,0,0	183	0
170612	460	985	698	285	295	95	46	11	4823	143	293	394	314	3	110	0	0	2864	0,0,0,0,0,0	28403	0	337	20145	137	0	19418,18224,18224,13841,13841,13841,13841	2	36	19789,0,0,0,0,0,0	178	0
170593	467	1009	676	299	283	90	49	10	4830	145	295	397	159	3	116	0	0	2873	0,0,0,0,0,0	28460	0	325	20467	143	0	19719,18495,18495,13996,13996,13996,13996	3	40	20112,0,0,0,0,0,0	168	0
170535	499	1028	675	303	292	85	49	11	4826	147	296	372	255	3	105	0	0	2931	0,0,0,0,0,0	28404	0	361	20821	150	0	20051,18797,18797,14186,14186,14186,14186	3	38	20466,0,0,0,0,0,0	167	0
170565	486	991	691	291	298	83	48	12	4834	150	297	396	245	5	98	0	0	2888	0,0,0,0,0,0	41929	0	281	21099	153	0	20307,19023,19023,14296,14296,14296,14296	3	24	20745,0,0,0,0,0,0	169	0
170619	467	1009	657	278	287	82	51	11	4832	153	300	362	255	6	95	0	0	2831	0,0,0,0,0,0	42456	0	285	21384	157	0	20570,19251,19251,14397,14397,14397,14397	2	29	21030,0,0,0,0,0,0	163	0
170650	461	998	661	284	286	79	51	13	4807	154	302	362	140	2	107	0	0	2820	0,0,0,0,0,0	28228	0	284	21664	164	0	20827,19477,19477,14504,14504,14504,14504	2	28	21310,0,0,0,0,0,0	165	0
170697	441	980	659	290	293	79	48	14	4784	158	303	383	275	4	103	0	0	2790	0,0,0,0,0,0	28234	0	276	21938	168	0	21074,19691,19691,14597,14597,14597,14597	2	25	21584,0,0,0,0,0,0	156	0
170697	439	975	676	290	277	74	54	15	4784	158	307	397	246	7	106	0	0	2785	0,0,0,0,0,0	28569	0	305	22240	173	0	21356,19943,19943,14733,14733,14733,14733	2	39	21886,0,0,0,0,0,0	156	0
170737	441	938	683	281	278	76	56	16	4771	160	309	414	244	4	103	0	0	2753	0,0,0,0,0,0	42046	0	259	22497	177	0	21590,20147,20147,14824,14824,14824,14824	2	21	22143,0,0,0,0,0,0	162	0
170846	379	905	677	296	282	75	52	17	4742	163	312	393	248	6	90	0	0	2666	0,0,0,0,0,0	42243	0	210	22704	180	0	21774,20300,20300,14855,14855,14855,14855	2	23	22350,0,0,0,0,0,0	169	0
170992	340	890	656	278	282	73	54	13	4690	164	314	413	267	4	90	0	0	2573	0,0,0,0,0,0	42384	0	212	22912	184	0	21958,20447,20447,14870,14870,14870,14870	2	21	22558,0,0,0,0,0,0	166	0
171093	328	811	643	276	299	71	54	14	4673	166	318	403	268	2	93	0	0	2482	0,0,0,0,0,0	42071	26	204	23113	187	0	22138,20597,20597,14904,14904,14904,14904	2	14	22759,0,0,0,0,0,0	162	22
171172	337	788	604	261	280	67	52	14	4675	173	323	375	234	2	102	0	0	2389	0,0,0,0,0,0	28473	27	225	23334	191	0	22338,20767,20767,14957,14957,14957,14957	2	26	22980,0,0,0,0,0,0	134	46
171221	326	777	581	267	277	71	51	14	4660	176	325	388	265	3	97	0	0	2350	0,0,0,0,0,0	28423	27	233	23566	193	0	22546,20947,20947,15029,15029,15029,15029	2	37	23212,0,0,0,0,0,0	145	66
171304	331	744	571	246	251	75	50	15	4651	182	326	409	292	4	106	0	0	2268	0,0,0,0,0,0	28530	18	223	23787	197	0	22743,21113,21113,15079,15079,15079,15079	2	23	23433,0,0,0,0,0,0	140	82
171357	357	704	561	244	258	71	50	13	4618	186	327	411	324	1	78	0	0	2245	0,0,0,0,0,0	28694	27	239	24015	209	0	22948,21290,21290,15146,15146,15146,15146	2	27	23661,0,0,0,0,0,0	139	108
171436	361	707	540	250	241	73	50	13	4553	191	331	406	269	4	90	0	0	2222	0,0,0,0,0,0	28593	18	232	24241	216	0	23152,21463,21463,15202,15202,15202,15202	2	29	23887,0,0,0,0,0,0	131	120
171572	338	694	522	222	231	75	49	14	4503	194	332	397	251	2	82	0	0	2131	0,0,0,0,0,0	35721	24	188	24425	220	0	23312,21590,21590,15207,15207,15207,15207	2	19	24071,0,0,0,0,0,0	142	141
171702	314	695	502	207	228	67	47	15	4437	196	336	404	262	0	64	0	0	2060	0,0,0,0,0,0	35743	141	180	24606	223	0	23481,21728,21728,15220,15220,15220,15220	2	10	24253,0,0,0,0,0,0	134	262
171770	304	689	488	214	220	70	46	12	4392	201	340	400	329	4	76	0	0	2031	0,0,0,0,0,0	23450	144	210	24813	226	0	23676,21896,21896,15275,15275,15275,15275	2	26	24461,0,0,0,0,0,0	122	386
171874	308	650	500	217	229	70	48	10	4294	205	341	407	310	4	90	0	0	2022	0,0,0,0,0,0	23359	125	200	25013	228	0	23856,22044,22044,15302,15302,15302,15302	2	19	24661,0,0,0,0,0,0	127	488
171949	324	648	497	221	209	67	46	10	4223	210	342	422	257	3	83	0	0	2012	0,0,0,0,0,0	23157	132	222	25229	234	0	24053,22213,22213,15355,15355,15355,15355	2	28	24877,0,0,0,0,0,0	122	600
172009	326	693	455	202	204	64	43	13	4181	213	343	408	244	2	65	0	0	1987	0,0,0,0,0,0	23502	144	221	25448	237	0	24258,22390,22390,15418,15418,15418,15418	2	27	25096,0,0,0,0,0,0	129	725
172092	341	680	486	190	191	70	37	13	4084	218	344	409	270	4	66	0	0	1995	0,0,0,0,0,0	23408	123	217	25661	242	0	24450,22552,22552,15463,15463,15463,15463	2	23	25309,0,0,0,0,0,0	118	830
172166	313	666	499	170	199	63	36	16	4048	221	349	407	237	1	62	0	0	1946	0,0,0,0,0,0	35710	132	162	25819	247	0	24599,22677,22677,15492,15492,15492,15492	1	9	25468,0,0,0,0,0,0	121	941
172261	313	672	488	157	192	63	34	17	3975	223	351	403	259	3	63	0	0	1919	0,0,0,0,0,0	35682	149	191	26006	251	0	24809,22859,22859,15542,15542,15542,15542	1	16	25655,0,0,0,0,0,0	124	1066
172317	310	685	477	153	176	66	32	18	3935	224	353	414	284	5	55	0	0	1899	0,0,0,0,0,0	23441	140	202	26208	251	0	25034,23058,23058,15615,15615,15615,15615	1	17	25857,0,0,0,0,0,0	114	1185
172408	302	664	481	166	174	67	29	17	3856	228	354	426	297	4	69	0	0	1883	0,0,0,0,0,0	23318	151	179	26383	256	0	25222,23219,23219,15652,15652,15652,15652	1	19	26032,0,0,0,0,0,0	121	1302
172483	292	668	471	167	195	58	31	13	3782	230	356	443	217	0	61	0	0	1882	0,0,0,0,0,0	23564	160	198	26579	259	0	25436,23406,23406,15710,15710,15710,15710	1	17	26228,0,0,0,0,0,0	105	1423
172581	282	633	464	163	200	59	34	10	3731	231	358	442	107	1	68	0	0	1835	0,0,0,0,0,0	23351	147	176	26755	261	0	25636,23578,23578,15750,15750,15750,15750	1	19	26404,0,0,0,0,0,0	96	1542
172643	294	598	473	168	197	57	34	12	3677	232	361	442	268	1	79	0	0	1821	0,0,0,0,0,0	23286	150	190	26943	264	0	25840,23757,23757,15810,15810,15810,15810	1	28	26592,0,0,0,0,0,0	102	1668
172760	291	564	475	175	212	50	32	12	3579	235	361	463	267	1	55	0	0	1799	0,0,0,0,0,0	35471	143	161	27102	266	0	26017,23906,23906,15830,15830,15830,15830	1	15	26752,0,0,0,0,0,0	94	1785
172850	285	546	456	175	202	46	33	12	3539	237	365	467	216	2	70	0	0	1743	0,0,0,0,0,0	35565	67	159	27262	267	0	26204,24068,24068,15869,15869,15869,15869	1	13	26912,0,0,0,0,0,0	83	1833
172924	292	569	467	168	182	45	31	11	3451	238	368	475	283	2	62	0	0	1754	0,0,0,0,0,0	23459	66	209	27467	271	0	26429,24265,24265,15932,15932,15932,15932	1	18	27118,0,0,0,0,0,0	86	1885
172989	288	561	452	167	183	47	32	9	3409	240	369	454	255	1	62	0	0	1730	0,0,0,0,0,0	23379	64	176	27642	272	0	26623,24435,24435,15982,15982,15982,15982	1	24	27293,0,0,0,0,0,0	87	1933
173100	277	566	432	158	175	42	30	6	3343	244	373	478	265	1	58	0	0	1680	0,0,0,0,0,0	23403	68	156	27794	276	0	26799,24584,24584,16001,16001,16001,16001	1	14	27445,0,0,0,0,0,0	83	1989
173146	248	579	437	148	175	41	26	9	3315	247	375	491	229	3	64	0	0	1654	0,0,0,0,0,0	23486	70	157	27951	279	0	26979,24744,24744,16055,16055,16055,16055	1	16	27602,0,0,0,0,0,0	86	2038
173183	257	586	426	142	167	42	23	10	3282	249	379	488	268	1	63	0	0	1643	0,0,0,0,0,0	23143	69	183	28129	285	0	27186,24929,24929,16126,16126,16126,16126	1	17	27780,0,0,0,0,0,0	79	2094
173251	259	551	425	165	168	42	25	10	3222	249	379	476	252	2	45	0	0	1635	0,0,0,0,0,0	35449	68	161	28286	290	0	27364,25084,25084,16170,16170,16170,16170	1	9	27937,0,0,0,0,0,0	85	2147
173344	251	523	419	144	165	39	28	9	3195	249	380	450	234	2	52	0	0	1569	0,0,0,0,0,0	35466	212	136	28419	293	0	27502,25200,25200,16180,16180,16180,16180	1	16	28070,0,0,0,0,0,0	78	2313
173469	232	507	413	134	155	40	28	11	3124	249	384	474	301	1	68	0	0	1509	0,0,0,0,0,0	23404	208	120	28537	295	0	27625,25298,25298,16164,16164,16164,16164	1	13	28188,0,0,0,0,0,0	80	2475
173504	234	534	403	135	150	39	25	10	3073	252	387	468	333	2	53	0	0	1520	2,0,0,0,0,0	23367	208	149	28714	301	0	27803,25455,25455,16219,16219,16219,16219	1	21	28332,34,0,0,0,0,0	74	2631
173488	282	540	400	142	154	41	24	8	3023	253	391	481	221	6	45	0	0	1583	5,0,0,0,0,0	23189	184	179	28934	307	0	28029,25661,25661,16325,16325,16325,16325	1	13	28499,88,0,0,0,0,0	75	2770
173514	284	566	391	151	151	48	25	9	2958	255	394	472	282	1	56	0	0	1616	7,0,0,0,0,0	23520	204	172	29126	312	0	28227,25836,25836,16395,16395,16395,16395	1	10	28653,128,0,0,0,0,0	79	2931
173515	311	578	379	157	150	48	24	8	2923	255	398	479	277	3	68	0	0	1647	11,0,0,0,0,0	23229	203	167	29332	316	0	28437,26025,26025,16485,16485,16485,16485	1	11	28792,197,0,0,0,0,0	86	3086
173519	319	600	371	161	164	46	26	6	2876	256	402	489	95	0	59	0	0	1687	16,0,0,0,0,0	35460	222	176	29542	321	0	28652,26219,26219,16577,16577,16577,16577	1	11	28918,283,0,0,0,0,0	91	3246
173489	328	636	391	163	169	47	28	6	2825	258	406	505	271	1	63	0	0	1762	21,0,0,0,0,0	35619	165	180	29773	326	0	28965,26513,26513,16735,16735,16735,16735	1	16	29037,400,0,0,0,0,0	87	3367
173500	308	640	411	185	167	51	24	9	2780	260	411	508	215	1	75	0	0	1786	23,0,0,0,0,0	23396	165	197	29969	327	0	29242,26770,26770,16852,16852,16852,16852	1	21	29171,462,0,0,0,0,0	81	3485
