S	E	I1	I2	I3	I4	I5_h	I6_h	R_h	R	D1	D2	H	T	P1	P2	Q	QT	NQ	MUT	HOM	VAC	NI	INF	REINF	BSTR	IMM	HCI	HCE	INFV	INFH	VNI
178142	93	132	41	45	39	14	1	0	238	1	0	222	0	0	0	0	0	365	0,0,0,0,0,0	178745	0	0	365	0	0	604,604,604,604,604,604,604	0	0	0,0,0,0,0,0,0	0	0
178104	67	182	46	40	39	14	1	0	250	1	2	326	333	2	70	0	0	389	0,0,0,0,0,0	12505	0	50	415	0	0	642,642,642,642,642,642,642	0	5	50,0,0,0,0,0,0	16	0
178038	78	195	62	42	51	13	2	0	257	1	7	400	286	1	16	0	0	443	0,0,0,0,0,0	12586	0	74	490	0	0	708,708,708,708,708,708,708	0	6	125,0,0,0,0,0,0	15	0
177971	97	193	85	49	47	16	2	1	276	1	8	508	251	0	17	0	0	489	0,0,0,0,0,0	12706	0	74	564	0	0	776,776,776,776,776,776,776	0	2	199,0,0,0,0,0,0	15	0
177915	108	193	111	47	42	18	3	1	297	1	10	568	147	0	18	0	0	522	0,0,0,0,0,0	24971	0	68	633	0	0	834,834,834,834,834,834,834	0	4	268,0,0,0,0,0,0	25	0
177852	101	221	114	45	50	18	3	1	324	1	16	585	84	0	10	0	0	552	0,0,0,0,0,0	25110	0	69	702	0	0	899,899,899,899,899,899,899	0	7	337,0,0,0,0,0,0	27	0
177797	100	233	123	47	56	18	3	1	346	1	21	631	137	0	17	0	0	580	0,0,0,0,0,0	12827	0	65	767	0	0	957,957,957,957,957,957,957	0	4	402,0,0,0,0,0,0	26	0
177726	109	230	139	59	62	18	2	2	368	1	30	650	247	4	23	0	0	619	0,0,0,0,0,0	13026	0	81	848	0	0	1032,1032,1032,1031,1031,1031,1031	0	8	483,0,0,0,0,0,0	25	0
177641	133	232	153	61	70	17	3	2	400	1	33	680	71	1	21	0	0	669	0,0,0,0,0,0	12910	0	98	946	0	0	1123,1122,1122,1121,1121,1121,1121	0	3	581,0,0,0,0,0,0	26	0
177548	119	279	152	67	66	19	3	2	456	1	34	701	268	2	26	0	0	705	0,0,0,0,0,0	12845	0	100	1046	0	0	1220,1220,1220,1218,1218,1218,1218	0	11	681,0,0,0,0,0,0	25	0
177444	148	272	172	64	75	19	2	1	508	2	39	691	250	3	25	0	0	752	0,0,0,0,0,0	13030	0	117	1163	0	0	1332,1331,1331,1328,1328,1328,1328	0	16	798,0,0,0,0,0,0	22	0
177370	155	290	165	60	81	20	2	1	557	2	43	730	253	2	26	0	0	773	0,0,0,0,0,0	24779	0	96	1259	0	0	1413,1412,1412,1408,1408,1408,1408	0	10	894,0,0,0,0,0,0	28	0
177311	142	301	175	68	86	20	2	1	588	2	50	731	262	1	18	0	0	794	0,0,0,0,0,0	24928	0	85	1344	1	0	1491,1489,1489,1480,1480,1480,1480	0	11	980,0,0,0,0,0,0	28	0
177239	160	298	188	73	80	21	3	1	628	2	53	723	73	0	34	0	0	823	0,0,0,0,0,0	13129	0	106	1449	2	0	1583,1579,1579,1567,1567,1567,1567	0	14	1086,0,0,0,0,0,0	34	0
177175	165	291	207	70	80	22	3	1	669	2	61	682	234	1	34	0	0	838	0,0,0,0,0,0	12934	0	99	1546	4	0	1669,1664,1664,1645,1645,1645,1645	0	11	1184,0,0,0,0,0,0	34	0
177077	168	329	210	77	74	22	4	1	715	2	67	670	249	1	33	0	0	884	0,0,0,0,0,0	13077	0	126	1673	4	0	1791,1784,1784,1758,1758,1758,1758	0	13	1311,0,0,0,0,0,0	36	0
176979	180	334	221	73	82	24	5	1	771	2	74	677	277	0	28	0	0	919	0,0,0,0,0,0	13106	0	119	1793	4	0	1908,1900,1900,1868,1868,1868,1868	0	13	1431,0,0,0,0,0,0	38	0
176900	181	362	223	72	94	24	6	1	803	3	77	636	257	0	44	0	0	962	0,0,0,0,0,0	12974	0	126	1917	6	0	2022,2010,2010,1969,1969,1969,1969	1	13	1557,0,0,0,0,0,0	41	0
176796	200	380	238	81	104	26	7	1	830	3	80	663	269	2	26	0	0	1036	0,0,0,0,0,0	24456	0	151	2064	10	0	2154,2140,2140,2090,2090,2090,2090	1	12	1708,0,0,0,0,0,0	54	0
176711	212	384	253	81	116	23	7	2	870	3	84	680	245	1	30	0	0	1076	0,0,0,0,0,0	24849	0	134	2198	10	0	2280,2263,2263,2200,2200,2200,2200	1	8	1842,0,0,0,0,0,0	45	0
176614	205	405	274	87	112	24	7	2	919	4	93	724	238	1	38	0	0	1114	0,0,0,0,0,0	12931	0	133	2331	11	0	2406,2386,2386,2315,2315,2315,2315	1	11	1975,0,0,0,0,0,0	44	0
176497	223	425	272	91	119	21	7	2	990	5	94	695	247	0	32	0	0	1158	0,0,0,0,0,0	12948	0	163	2491	14	0	2556,2532,2532,2449,2449,2449,2449	1	12	2138,0,0,0,0,0,0	45	0
176396	238	427	290	91	131	22	10	2	1038	6	95	675	254	0	46	0	0	1209	0,0,0,0,0,0	13035	0	155	2644	16	0	2699,2671,2671,2573,2573,2573,2573	1	13	2292,0,0,0,0,0,0	44	0
176286	238	453	312	99	119	24	11	3	1096	6	99	671	267	2	52	0	0	1256	0,0,0,0,0,0	12990	0	165	2809	16	0	2855,2823,2823,2709,2709,2709,2709	1	13	2457,0,0,0,0,0,0	50	0
176164	243	492	300	106	113	25	12	3	1179	7	102	676	101	1	46	0	0	1291	0,0,0,0,0,0	12961	0	184	2993	17	0	3027,2990,2990,2860,2860,2860,2860	1	21	2642,0,0,0,0,0,0	55	0
176061	237	533	289	113	113	26	13	3	1246	7	105	664	95	2	42	0	0	1324	0,0,0,0,0,0	24643	0	159	3154	17	0	3182,3140,3140,2991,2991,2991,2991	1	14	2803,0,0,0,0,0,0	51	0
175985	235	513	317	132	128	25	14	2	1280	8	107	656	257	1	39	0	0	1364	0,0,0,0,0,0	24863	0	151	3304	18	0	3322,3274,3274,3101,3101,3101,3101	1	10	2953,0,0,0,0,0,0	58	0
175862	237	553	322	141	132	23	14	1	1339	9	113	676	255	1	58	0	0	1422	0,0,0,0,0,0	13043	0	193	3497	19	0	3505,3451,3451,3258,3258,3258,3258	1	19	3146,0,0,0,0,0,0	54	0
175702	289	561	337	148	145	24	17	1	1390	9	123	692	303	2	57	0	0	1521	0,0,0,0,0,0	13120	0	237	3734	19	0	3734,3673,3673,3455,3455,3455,3455	1	19	3383,0,0,0,0,0,0	53	0
175553	327	581	359	131	151	25	17	1	1466	11	124	708	259	3	63	0	0	1591	0,0,0,0,0,0	12907	0	220	3955	19	0	3946,3878,3878,3637,3637,3637,3637	1	19	3604,0,0,0,0,0,0	58	0
175418	339	627	363	119	156	29	16	1	1539	12	127	702	291	2	57	0	0	1649	0,0,0,0,0,0	13094	0	222	4178	20	0	4161,4085,4085,3814,3814,3814,3814	1	14	3827,0,0,0,0,0,0	62	0
175270	327	662	386	132	158	29	17	1	1621	12	131	687	249	6	58	0	0	1711	0,0,0,0,0,0	12973	0	224	4402	22	0	4379,4296,4296,3999,3999,3999,3999	1	31	4051,0,0,0,0,0,0	67	0
175143	341	694	403	130	160	31	18	1	1677	13	135	710	275	2	52	0	0	1777	0,0,0,0,0,0	24846	0	218	4623	23	0	4592,4500,4500,4172,4172,4172,4172	1	19	4272,0,0,0,0,0,0	84	0
175026	336	699	443	152	160	39	17	2	1719	14	139	643	259	0	51	0	0	1846	0,0,0,0,0,0	25139	0	221	4846	24	0	4807,4705,4705,4340,4340,4340,4340	1	13	4495,0,0,0,0,0,0	91	0
174831	364	719	475	158	193	38	19	2	1789	14	144	643	263	2	65	0	0	1966	0,0,0,0,0,0	13292	0	279	5125	24	0	5080,4970,4970,4577,4577,4577,4577	1	27	4774,0,0,0,0,0,0	89	0
174659	404	754	481	150	193	39	23	3	1874	14	152	602	306	5	78	0	0	2044	0,0,0,0,0,0	13030	0	282	5405	27	0	5352,5232,5232,4801,4801,4801,4801	1	29	5054,0,0,0,0,0,0	89	0
174461	452	776	481	154	213	41	28	3	1965	15	157	627	260	0	73	0	0	2145	0,0,0,0,0,0	13061	0	305	5712	27	0	5652,5521,5521,5051,5051,5051,5051	1	25	5361,0,0,0,0,0,0	101	0
174274	461	829	487	172	217	46	27	3	2048	18	164	624	245	5	88	0	0	2239	0,0,0,0,0,0	12878	0	286	5997	28	0	5933,5792,5792,5287,5287,5287,5287	1	28	5646,0,0,0,0,0,0	106	0
174042	487	908	524	181	214	49	30	3	2123	19	166	594	273	2	82	0	0	2393	0,0,0,0,0,0	12908	0	355	6349	31	0	6275,6123,6123,5575,5575,5575,5575	2	33	6000,0,0,0,0,0,0	111	0
173906	481	919	538	192	222	57	31	3	2209	21	167	590	264	2	68	0	0	2440	0,0,0,0,0,0	24730	0	267	6617	33	0	6530,6366,6366,5773,5773,5773,5773	2	22	6268,0,0,0,0,0,0	115	0
173781	443	926	559	212	240	58	32	3	2302	22	168	590	315	4	79	0	0	2470	0,0,0,0,0,0	25074	0	259	6875	35	0	6779,6601,6601,5961,5961,5961,5961	2	18	6526,0,0,0,0,0,0	121	0
173558	460	994	574	228	235	62	27	6	2402	25	175	560	303	5	93	0	0	2580	0,0,0,0,0,0	13092	0	359	7233	38	0	7130,6939,6939,6252,6252,6252,6252	2	31	6885,0,0,0,0,0,0	120	0
173293	512	1015	640	241	239	60	28	7	2509	25	177	559	245	3	88	0	0	2735	0,0,0,0,0,0	13028	0	390	7622	41	0	7507,7303,7303,6573,6573,6573,6573	2	32	7274,0,0,0,0,0,0	129	0
173049	525	1090	654	246	242	58	28	6	2641	27	180	555	307	3	107	0	0	2843	0,0,0,0,0,0	13003	0	378	8001	42	0	7875,7658,7658,6880,6880,6880,6880	2	35	7653,0,0,0,0,0,0	119	0
172817	549	1140	676	282	261	60	32	8	2710	28	183	556	291	7	83	0	0	3000	0,0,0,0,0,0	12941	0	406	8406	44	0	8272,8038,8038,7195,7195,7195,7195	2	25	8058,0,0,0,0,0,0	119	0
172559	614	1117	736	302	290	63	29	7	2813	31	185	542	310	4	114	0	0	3151	0,0,0,0,0,0	13050	0	418	8826	44	0	8680,8430,8430,7531,7531,7531,7531	2	46	8478,0,0,0,0,0,0	119	0
172351	627	1135	721	310	315	64	30	8	2965	32	188	540	266	2	102	0	0	3202	0,0,0,0,0,0	24797	0	379	9203	46	0	9048,8781,8781,7820,7820,7820,7820	2	32	8855,0,0,0,0,0,0	132	0
172151	625	1175	739	306	296	70	34	6	3120	34	190	518	292	7	120	0	0	3245	0,0,0,0,0,0	24874	0	386	9587	48	0	9422,9137,9137,8109,8109,8109,8109	2	33	9239,0,0,0,0,0,0	145	0
171895	637	1252	778	312	290	77	31	7	3235	39	193	523	287	5	127	0	0	3377	0,0,0,0,0,0	13239	0	451	10036	51	0	9859,9555,9555,8457,8457,8457,8457	3	57	9689,0,0,0,0,0,0	146	0
171618	678	1276	811	333	315	75	36	7	3364	40	193	520	263	3	112	0	0	3524	0,0,0,0,0,0	13068	0	485	10522	51	0	10329,10004,10004,8831,8831,8831,8831	3	44	10175,0,0,0,0,0,0	152	0
171392	666	1308	853	353	315	70	38	8	3507	41	195	507	305	3	137	0	0	3603	0,0,0,0,0,0	28783	0	413	10933	54	0	10727,10384,10384,9145,9145,9145,9145	3	48	10587,0,0,0,0,0,0	149	0
171162	663	1352	882	362	334	70	43	6	3632	44	196	511	313	5	115	0	0	3706	0,0,0,0,0,0	28792	0	441	11376	57	0	11156,10792,10792,9475,9475,9475,9475	3	38	11031,0,0,0,0,0,0	146	0
170950	659	1334	887	356	365	73	45	7	3826	46	198	476	300	8	133	0	0	3719	0,0,0,0,0,0	28787	0	404	11782	57	0	11549,11165,11165,9779,9779,9779,9779	3	43	11437,0,0,0,0,0,0	148	0
170801	616	1369	885	356	373	79	43	5	3970	49	200	433	247	9	129	0	0	3721	0,0,0,0,0,0	42581	0	387	12168	61	0	11922,11514,11514,10041,10041,10041,10041	3	26	11823,0,0,0,0,0,0	153	0
170672	592	1331	927	373	377	86	44	4	4086	50	204	427	266	6	120	0	0	3730	0,0,0,0,0,0	42205	0	381	12549	64	0	12288,11855,11855,10290,10290,10290,10290	3	32	12204,0,0,0,0,0,0	156	0
170460	644	1322	941	392	352	96	47	6	4228	54	204	419	265	9	156	0	0	3794	0,0,0,0,0,0	28425	0	471	13015	71	0	12738,12280,12280,10622,10622,10622,10622	3	47	12671,0,0,0,0,0,0	163	0
170290	631	1339	953	412	349	99	44	8	4356	57	208	436	252	5	139	0	0	3827	0,0,0,0,0,0	28416	0	432	13447	73	0	13154,12669,12669,10915,10915,10915,10915	3	42	13104,0,0,0,0,0,0	183	0
170112	672	1332	935	417	362	104	41	8	4489	64	210	428	321	4	134	0	0	3863	0,0,0,0,0,0	28682	0	455	13902	74	0	13592,13080,13080,11224,11224,11224,11224	3	40	13559,0,0,0,0,0,0	176	0
169962	651	1380	904	408	361	102	46	8	4643	66	215	422	296	9	139	0	0	3852	0,0,0,0,0,0	28653	0	424	14320	80	0	13996,13456,13456,11501,11501,11501,11501	3	43	13977,0,0,0,0,0,0	174	0
169850	630	1350	910	413	389	107	49	4	4755	69	220	433	250	6	147	0	0	3848	0,0,0,0,0,0	28529	0	374	14695	82	0	14356,13790,13790,11738,11738,11738,11738	3	41	14352,0,0,0,0,0,0	188	0
169783	610	1326	894	397	380	108	51	8	4892	73	224	444	264	5	139	0	0	3766	0,0,0,0,0,0	42577	0	354	15051	82	0	14697,14102,14102,11943,11943,11943,11943	3	31	14708,0,0,0,0,0,0	177	0
169734	558	1308	913	387	365	112	59	9	5001	73	227	435	253	4	114	0	0	3702	0,0,0,0,0,0	42487	0	351	15399	86	0	15028,14403,14403,12134,12134,12134,12134	3	29	15056,0,0,0,0,0,0	199	0
169608	599	1277	946	392	375	116	57	9	5062	78	227	449	287	6	143	0	0	3762	0,0,0,0,0,0	28581	0	437	15833	91	0	15442,14786,14786,12404,12404,12404,12404	3	45	15492,0,0,0,0,0,0	205	0
169478	614	1361	917	374	385	119	56	8	5123	82	229	413	243	6	164	0	0	3826	0,0,0,0,0,0	28473	0	461	16295	94	0	15881,15191,15191,12687,12687,12687,12687	3	57	15954,0,0,0,0,0,0	203	0
169402	636	1327	926	380	372	127	55	9	5198	85	229	419	261	9	119	0	0	3823	0,0,0,0,0,0	28523	0	396	16684	101	0	16250,15528,15528,12909,12909,12909,12909	3	36	16344,0,0,0,0,0,0	211	0
169287	644	1359	922	358	358	128	56	8	5308	87	231	404	254	9	127	0	0	3825	0,0,0,0,0,0	28577	0	420	17103	103	0	16650,15898,15898,13166,13166,13166,13166	3	45	16763,0,0,0,0,0,0	213	0
169200	644	1327	903	359	394	124	59	7	5404	90	235	394	250	6	110	0	0	3810	0,0,0,0,0,0	28439	0	407	17507	110	0	17035,16251,16251,13401,13401,13401,13401	3	42	17167,0,0,0,0,0,0	207	0
169191	584	1248	933	375	414	127	58	8	5476	96	236	412	270	4	138	0	0	3739	0,0,0,0,0,0	42505	0	329	17833	114	0	17341,16525,16525,13558,13558,13558,13558	3	30	17494,0,0,0,0,0,0	210	0
169165	558	1229	927	378	388	125	61	8	5566	100	241	413	265	4	161	0	0	3666	0,0,0,0,0,0	42457	0	342	18169	120	0	17658,16811,16811,13729,13729,13729,13729	3	35	17830,0,0,0,0,0,0	229	0
169090	560	1219	928	378	386	128	58	8	5643	105	243	411	255	3	148	0	0	3657	0,0,0,0,0,0	28313	0	389	18559	121	0	18028,17149,17149,13950,13950,13950,13950	3	41	18220,0,0,0,0,0,0	221	0
169032	580	1237	866	367	378	128	59	9	5734	110	246	387	259	6	122	0	0	3615	0,0,0,0,0,0	28470	0	388	18948	123	0	18394,17482,17482,14160,14160,14160,14160	3	43	18609,0,0,0,0,0,0	214	0
168988	606	1182	899	373	384	128	59	8	5757	114	248	388	260	3	115	0	0	3631	0,0,0,0,0,0	28691	0	393	19342	123	0	18765,17818,17818,14365,14365,14365,14365	3	47	19003,0,0,0,0,0,0	206	0
168999	607	1169	916	354	372	130	58	7	5764	121	249	395	279	13	125	0	0	3606	0,0,0,0,0,0	28412	0	366	19707	128	0	19105,18120,18120,14528,14528,14528,14528	3	50	19368,0,0,0,0,0,0	209	0
169041	578	1169	920	363	368	127	54	10	5737	128	251	378	267	6	126	0	0	3579	0,0,0,0,0,0	28525	0	357	20061	133	0	19432,18408,18408,14670,14670,14670,14670	3	36	19722,0,0,0,0,0,0	203	0
169106	542	1143	894	361	360	128	51	12	5765	132	252	384	128	4	106	0	0	3479	0,0,0,0,0,0	42670	0	300	20360	136	0	19707,18646,18646,14773,14773,14773,14773	3	27	20021,0,0,0,0,0,0	216	0
169158	539	1116	875	351	348	121	52	12	5783	136	255	381	342	9	115	0	0	3402	0,0,0,0,0,0	42460	0	317	20673	142	0	19998,18900,18900,14891,14891,14891,14891	3	24	20335,0,0,0,0,0,0	209	0
169202	521	1117	856	328	350	124	51	12	5784	142	259	394	251	5	136	0	0	3347	0,0,0,0,0,0	28718	0	340	21012	144	0	20311,19175,19175,15023,15023,15023,15023	3	42	20674,0,0,0,0,0,0	192	0
169244	494	1108	839	319	347	121	52	13	5802	146	261	379	316	5	127	0	0	3280	0,0,0,0,0,0	28638	0	321	21334	146	0	20605,19433,19433,15145,15145,15145,15145	3	43	20996,0,0,0,0,0,0	188	0
169263	512	1112	810	320	314	117	52	14	5818	149	265	393	261	3	134	0	0	3237	0,0,0,0,0,0	28618	0	355	21684	151	0	20931,19721,19721,15295,15295,15295,15295	3	41	21346,0,0,0,0,0,0	190	0
169307	536	1081	782	321	327	114	50	10	5796	156	266	413	264	3	111	0	0	3211	0,0,0,0,0,0	28685	0	352	22036	153	0	21256,20006,20006,15432,15432,15432,15432	3	35	21698,0,0,0,0,0,0	179	0
169352	527	1103	745	322	319	117	50	9	5768	161	273	409	241	3	123	0	0	3183	0,0,0,0,0,0	28499	0	336	22368	160	0	21567,20279,20279,15562,15562,15562,15562	3	40	22031,0,0,0,0,0,0	184	0
169394	505	1084	776	321	303	118	48	10	5746	164	277	390	229	3	101	0	0	3155	0,0,0,0,0,0	42134	0	304	22670	164	0	21846,20523,20523,15676,15676,15676,15676	3	27	22334,0,0,0,0,0,0	191	0
169502	471	1056	795	339	312	108	49	11	5658	167	278	393	260	5	90	0	0	3130	0,0,0,0,0,0	42279	0	286	22954	167	0	22103,20741,20741,15748,15748,15748,15748	3	25	22619,0,0,0,0,0,0	191	0
169516	486	1053	782	344	307	107	47	11	5641	173	279	395	228	7	127	0	0	3126	0,0,0,0,0,0	28414	0	354	23304	172	0	22426,21027,21027,15897,15897,15897,15897	3	41	22969,0,0,0,0,0,0	186	0
169607	495	1015	752	341	325	105	49	12	5587	174	284	401	324	5	122	0	0	3082	0,0,0,0,0,0	28481	0	311	23610	177	0	22705,21266,21266,15985,15985,15985,15985	3	32	23276,0,0,0,0,0,0	183	0
169692	478	997	736	340	337	101	49	12	5542	177	285	389	234	3	129	0	0	3038	0,0,0,0,0,0	28603	0	295	23901	183	0	22968,21492,21492,16070,16070,16070,16070	3	30	23567,0,0,0,0,0,0	181	0
169748	454	994	722	347	327	102	49	16	5522	179	286	399	317	5	105	0	0	2995	0,0,0,0,0,0	28422	0	292	24189	188	0	23231,21720,21720,16166,16166,16166,16166	3	39	23856,0,0,0,0,0,0	169	0
169787	468	1030	709	338	301	99	52	15	5482	179	286	409	263	6	122	0	0	2997	0,0,0,0,0,0	28474	0	321	24505	195	0	23519,21972,21972,16285,16285,16285,16285	3	39	24172,0,0,0,0,0,0	174	0
169869	436	1001	697	334	304	103	45	15	5469	185	288	418	251	6	71	0	0	2920	0,0,0,0,0,0	42531	0	260	24765	196	0	23755,22174,22174,16357,16357,16357,16357	2	17	24432,0,0,0,0,0,0	177	0
169956	428	929	694	311	309	95	41	12	5490	190	291	404	248	3	88	0	0	2807	0,0,0,0,0,0	42633	0	242	25006	199	0	23973,22358,22358,16417,16417,16417,16417	2	15	24673,0,0,0,0,0,0	178	0
170016	446	909	685	290	303	96	37	16	5465	191	292	422	333	4	116	0	0	2766	0,0,0,0,0,0	28382	0	289	25298	201	0	24238,22588,22588,16513,16513,16513,16513	2	31	24966,0,0,0,0,0,0	152	0
170091	417	909	683	286	290	98	34	17	5434	193	294	449	253	4	100	0	0	2717	0,0,0,0,0,0	28638	0	273	25570	204	0	24482,22797,22797,16589,16589,16589,16589	2	30	25238,0,0,0,0,0,0	152	0
170182	431	901	646	295	276	94	35	15	5376	194	301	415	240	6	109	0	0	2678	0,0,0,0,0,0	28596	0	298	25866	208	0	24752,23028,23028,16672,16672,16672,16672	2	24	25534,0,0,0,0,0,0	142	0
170308	409	913	643	286	238	92	36	19	5304	196	302	425	278	4	99	0	0	2617	0,0,0,0,0,0	42460	0	241	26101	214	0	24959,23199,23199,16704,16704,16704,16704	2	18	25769,0,0,0,0,0,0	148	0
170437	375	905	639	271	240	87	37	18	5236	198	303	454	258	2	72	0	0	2554	0,0,0,0,0,0	42025	0	240	26342	215	0	25171,23374,23374,16738,16738,16738,16738	2	25	26010,0,0,0,0,0,0	153	0
170539	376	867	634	270	237	85	32	22	5180	200	304	435	236	4	90	0	0	2501	0,0,0,0,0,0	42007	0	248	26586	220	0	25388,23557,23557,16789,16789,16789,16789	2	19	26254,0,0,0,0,0,0	142	0
170645	395	827	631	265	231	92	32	21	5096	203	308	440	341	6	78	0	0	2473	0,0,0,0,0,0	42138	20	238	26824	222	0	25601,23735,23735,16836,16836,16836,16836	2	21	26492,0,0,0,0,0,0	149	17
170741	391	826	612	274	223	89	33	20	5020	206	311	417	309	1	86	0	0	2448	0,0,0,0,0,0	28496	22	246	27071	227	0	25822,23921,23921,16889,16889,16889,16889	2	30	26740,0,0,0,0,0,0	137	34
170893	391	780	594	272	233	93	30	22	4914	209	315	426	304	4	94	0	0	2393	0,0,0,0,0,0	28476	32	227	27296	232	0	26018,24079,24079,16901,16901,16901,16901	2	27	26967,0,0,0,0,0,0	150	61
171025	383	784	593	259	228	89	31	20	4808	211	315	421	288	1	92	0	0	2367	0,0,0,0,0,0	28337	32	229	27520	240	0	26212,24237,24237,16923,16923,16923,16923	2	25	27191,0,0,0,0,0,0	143	81
171096	359	801	574	233	246	92	32	16	4769	213	315	429	242	3	88	0	0	2337	0,0,0,0,0,0	28356	41	231	27751	241	0	26416,24411,24411,16979,16979,16979,16979	2	27	27422,0,0,0,0,0,0	149	113
171189	365	788	572	237	224	84	31	16	4710	214	316	435	232	4	82	0	0	2301	0,0,0,0,0,0	28371	22	234	27980	248	0	26618,24581,24581,17024,17024,17024,17024	2	28	27651,0,0,0,0,0,0	143	131
171370	333	724	561	230	207	84	31	13	4659	217	317	444	310	4	77	0	0	2170	0,0,0,0,0,0	35814	36	167	28144	251	0	26755,24683,24683,16993,16993,16993,16993	2	19	27816,0,0,0,0,0,0	133	159
171454	312	706	549	238	204	80	32	9	4626	217	319	448	237	1	87	0	0	2121	0,0,0,0,0,0	35732	154	200	28345	252	0	26938,24838,24838,17034,17034,17034,17034	2	19	28017,0,0,0,0,0,0	140	291
171548	310	685	518	252	214	72	34	8	4563	218	324	419	267	3	85	0	0	2085	0,0,0,0,0,0	23573	108	210	28553	254	0	27129,24997,24997,17071,17071,17071,17071	2	25	28225,0,0,0,0,0,0	134	373
171602	319	720	498	232	210	76	37	8	4498	219	327	412	279	4	89	0	0	2092	0,0,0,0,0,0	23377	139	235	28786	259	0	27344,25184,25184,17140,17140,17140,17140	2	26	28458,0,0,0,0,0,0	127	476
171738	304	716	512	222	215	73	38	7	4373	220	328	419	273	3	70	0	0	2080	0,0,0,0,0,0	23328	133	198	28986	259	0	27524,25330,25330,17150,17150,17150,17150	2	22	28658,0,0,0,0,0,0	131	571
171824	293	732	531	210	210	65	40	5	4285	221	330	417	245	3	86	0	0	2081	0,0,0,0,0,0	23339	139	225	29207	263	0	27731,25506,25506,17199,17199,17199,17199	2	36	28879,0,0,0,0,0,0	122	679
171893	312	707	534	204	210	66	44	5	4214	223	334	426	231	3	67	0	0	2077	0,0,0,0,0,0	23418	145	223	29427	267	0	27933,25679,25679,17254,17254,17254,17254	2	18	29099,0,0,0,0,0,0	119	797
172015	299	673	513	206	216	62	44	7	4146	227	338	422	330	6	67	0	0	2013	0,0,0,0,0,0	35895	127	176	29601	271	0	28094,25811,25811,17264,17264,17264,17264	2	19	29273,0,0,0,0,0,0	120	902
172108	303	656	503	191	225	63	46	3	4077	229	342	419	249	3	62	0	0	1987	0,0,0,0,0,0	35859	146	197	29795	275	0	28313,26000,26000,17317,17317,17317,17317	2	17	29467,0,0,0,0,0,0	122	1013
172186	294	639	509	193	212	62	45	4	4022	233	347	415	251	2	92	0	0	1954	0,0,0,0,0,0	23279	151	189	29980	280	0	28505,26166,26166,17360,17360,17360,17360	2	21	29652,0,0,0,0,0,0	118	1136
172252	281	636	489	187	213	64	44	4	3988	235	353	411	246	3	82	0	0	1914	0,0,0,0,0,0	23276	161	195	30170	285	0	28709,26344,26344,17415,17415,17415,17415	2	25	29842,0,0,0,0,0,0	117	1254
172302	278	639	483	182	211	65	37	4	3950	241	354	417	230	2	66	0	0	1895	0,0,0,0,0,0	23305	172	197	30362	291	0	28913,26523,26523,17478,17478,17478,17478	2	30	30035,0,0,0,0,0,0	114	1393
172363	307	648	448	167	206	62	32	4	3909	245	355	423	265	3	64	0	0	1870	0,0,0,0,0,0	23219	144	209	30571	293	0	29138,26721,26721,17547,17547,17547,17547	2	24	30244,0,0,0,0,0,0	108	1512
172431	309	632	438	182	206	63	29	5	3847	247	357	430	254	0	64	0	0	1859	0,0,0,0,0,0	23582	164	198	30768	295	0	29354,26910,26910,17607,17607,17607,17607	2	29	30441,0,0,0,0,0,0	103	1634
172521	288	608	423	183	205	63	28	7	3813	247	360	446	257	3	52	0	0	1798	0,0,0,0,0,0	35484	141	153	30921	298	0	29527,27059,27059,17637,17637,17637,17637	2	16	30595,0,0,0,0,0,0	104	1742
172659	288	543	425	173	208	61	26	8	3745	248	362	447	240	1	58	0	0	1724	0,0,0,0,0,0	35383	73	143	31063	299	0	29684,27188,27188,17634,17634,17634,17634	2	11	30737,0,0,0,0,0,0	108	1800
172722	295	565	395	169	193	61	28	8	3694	250	366	441	261	3	74	0	0	1706	0,0,0,0,0,0	23206	69	192	31253	302	0	29897,27375,27375,17694,17694,17694,17694	1	16	30927,0,0,0,0,0,0	100	1850
172808	303	552	401	172	192	60	26	9	3598	252	373	456	252	0	76	0	0	1706	0,0,0,0,0,0	23306	61	179	31429	306	0	30094,27546,27546,17734,17734,17734,17734	1	26	31103,0,0,0,0,0,0	108	1894
172888	278	566	396	170	191	55	26	7	3540	255	374	449	244	1	65	0	0	1682	0,0,0,0,0,0	23285	72	167	31595	307	0	30287,27713,27713,17774,17774,17774,17774	1	17	31269,0,0,0,0,0,0	96	1953
172954	277	570	410	174	186	58	29	6	3451	255	376	463	238	3	68	0	0	1704	0,0,0,0,0,0	23373	72	191	31780	313	0	30492,27893,27893,17828,17828,17828,17828	1	15	31455,0,0,0,0,0,0	93	2010
173054	249	563	409	175	182	57	28	5	3389	257	378	435	247	2	68	0	0	1663	0,0,0,0,0,0	23290	69	151	31931	314	0	30665,28041,28041,17849,17849,17849,17849	1	13	31606,0,0,0,0,0,0	98	2063
173133	232	556	398	195	170	57	23	6	3336	261	379	447	361	1	67	0	0	1631	0,0,0,0,0,0	35319	67	155	32085	315	0	30836,28189,28189,17881,17881,17881,17881	1	12	31760,0,0,0,0,0,0	91	2105
173246	228	521	379	180	170	55	25	5	3297	261	379	453	243	2	53	0	0	1558	0,0,0,0,0,0	35748	207	127	32207	320	0	30961,28290,28290,17873,17873,17873,17873	1	9	31882,0,0,0,0,0,0	96	2268
173301	230	508	381	176	159	59	25	6	3253	264	384	457	241	1	64	0	0	1538	0,0,0,0,0,0	23277	200	153	32357	323	0	31115,28424,28424,17905,17905,17905,17905	1	14	32032,0,0,0,0,0,0	94	2428
173374	252	500	385	172	153	56	21	7	3169	269	388	439	344	2	69	0	0	1539	2,0,0,0,0,0	23397	208	137	32534	325	0	31292,28575,28575,17939,17939,17939,17939	1	15	32169,42,0,0,0,0,0	93	2594
173389	274	516	387	170	148	56	26	7	3113	269	391	457	255	2	57	0	0	1577	5,0,0,0,0,0	23856	199	172	32741	328	0	31504,28765,28765,18021,18021,18021,18021	1	15	32326,92,0,0,0,0,0	93	2731
173399	266	553	382	175	151	51	27	6	3076	269	391	473	312	2	47	0	0	1605	8,0,0,0,0,0	23455	188	159	32928	332	0	31698,28940,28940,18096,18096,18096,18096	1	14	32473,134,0,0,0,0,0	97	2865
173378	291	586	389	184	144	48	30	7	3022	269	398	485	294	4	50	0	0	1672	11,0,0,0,0,0	23001	231	184	33148	339	0	31925,29147,29147,18202,18202,18202,18202	1	15	32632,197,0,0,0,0,0	93	3037
173426	295	569	417	171	149	43	31	8	2965	271	401	493	248	3	46	0	0	1675	14,0,0,0,0,0	35466	202	149	33321	346	0	32103,29302,29302,18252,18252,18252,18252	1	13	32739,266,0,0,0,0,0	88	3179
173434	300	594	413	167	149	42	28	7	2935	274	403	492	313	0	53	0	0	1693	18,0,0,0,0,0	35321	155	170	33523	352	0	32387,29566,29566,18375,18375,18375,18375	1	12	32875,333,0,0,0,0,0	90	3292
173467	286	608	405	168	140	43	28	7	2912	277	405	502	257	2	62	0	0	1678	20,0,0,0,0,0	23264	158	183	33705	353	0	32632,29792,29791,18465,18465,18465,18465	1	15	33008,382,0,0,0,0,0	92	3399
