S	E	I1	I2	I3	I4	I5_h	I6_h	R_h	R	D1	D2	H	T	P1	P2	Q	QT	NQ	MUT	HOM	VAC	NI	INF	REINF	BSTR	IMM	HCI	HCE	INFV	INFH	VNI
178145	125	114	38	42	24	6	3	0	247	2	0	210	0	0	0	0	0	352	0,0,0,0,0,0	178744	0	0	352	0	0	601,601,601,601,601,601,601	0	0	0,0,0,0,0,0,0	0	0
178102	90	163	46	41	30	6	3	0	261	2	2	342	327	0	57	0	0	379	0,0,0,0,0,0	12260	0	52	404	0	0	644,644,644,644,644,644,644	0	6	52,0,0,0,0,0,0	10	0
178031	103	186	59	46	27	7	3	0	276	2	6	410	83	0	13	0	0	431	0,0,0,0,0,0	12660	0	80	484	0	0	716,716,716,716,716,716,716	0	12	132,0,0,0,0,0,0	9	0
177983	101	191	80	54	31	6	3	1	285	2	9	492	291	0	18	0	0	466	0,0,0,0,0,0	12741	0	57	541	0	0	766,766,766,766,766,766,766	0	5	189,0,0,0,0,0,0	9	0
177924	101	209	96	55	36	7	4	1	297	2	14	520	267	1	20	0	0	508	0,0,0,0,0,0	24929	0	70	611	0	0	827,827,827,827,827,827,827	0	4	259,0,0,0,0,0,0	12	0
177872	93	222	104	56	45	6	5	1	320	2	20	584	251	0	15	0	0	531	0,0,0,0,0,0	24694	0	65	676	0	0	882,882,882,882,882,882,882	0	3	324,0,0,0,0,0,0	14	0
177780	115	245	110	59	51	7	5	1	348	2	23	599	240	0	21	0	0	592	0,0,0,0,0,0	12901	0	107	783	0	0	978,978,978,978,978,978,978	0	11	431,0,0,0,0,0,0	18	0
177700	132	245	127	59	68	9	4	1	374	3	24	656	313	3	23	0	0	644	0,0,0,0,0,0	13042	0	95	878	0	0	1061,1061,1061,1060,1060,1060,1060	0	9	526,0,0,0,0,0,0	18	0
177630	150	242	133	65	65	10	6	1	412	3	29	699	254	0	25	0	0	671	0,0,0,0,0,0	12950	0	88	966	0	0	1138,1138,1138,1136,1136,1136,1136	0	6	614,0,0,0,0,0,0	18	0
177559	147	254	142	71	69	10	5	1	449	4	35	729	92	0	27	0	0	698	0,0,0,0,0,0	12969	0	86	1053	0	0	1217,1216,1216,1212,1212,1212,1212	0	9	701,0,0,0,0,0,0	22	0
177493	161	252	151	75	79	11	5	1	474	4	40	723	285	0	23	0	0	734	0,0,0,0,0,0	12998	0	93	1145	1	0	1299,1297,1297,1290,1290,1290,1290	0	8	794,0,0,0,0,0,0	21	0
177429	150	267	158	81	74	12	6	1	514	4	50	725	88	1	18	0	0	748	0,0,0,0,0,0	24755	0	81	1225	3	0	1375,1373,1373,1363,1363,1363,1363	0	8	876,0,0,0,0,0,0	28	0
177361	148	295	164	74	79	14	6	1	544	4	56	739	290	1	37	0	0	780	0,0,0,0,0,0	25197	0	94	1319	3	0	1458,1454,1454,1441,1441,1441,1441	0	7	970,0,0,0,0,0,0	32	0
177290	147	293	168	85	83	14	7	1	595	4	59	740	270	1	28	0	0	797	0,0,0,0,0,0	12872	0	98	1417	3	0	1543,1538,1538,1522,1522,1522,1522	0	9	1068,0,0,0,0,0,0	31	0
177206	145	316	173	85	84	17	6	1	643	5	65	736	229	0	29	0	0	826	0,0,0,0,0,0	13091	0	110	1526	4	0	1644,1638,1638,1617,1617,1617,1617	0	11	1178,0,0,0,0,0,0	27	0
177133	152	313	194	81	84	23	6	1	685	5	69	723	141	0	29	0	0	853	0,0,0,0,0,0	13205	0	109	1633	6	0	1742,1734,1734,1706,1706,1706,1706	0	8	1285,0,0,0,0,0,0	32	0
177079	154	331	194	84	82	21	6	2	714	5	74	724	94	2	38	0	0	872	0,0,0,0,0,0	13004	0	102	1735	7	0	1829,1819,1819,1782,1782,1782,1782	0	14	1388,0,0,0,0,0,0	39	0
176975	195	302	198	89	93	24	9	2	770	5	84	723	254	1	33	0	0	910	0,0,0,0,0,0	12686	0	136	1871	7	0	1961,1948,1948,1903,1903,1903,1903	0	9	1524,0,0,0,0,0,0	47	0
176891	200	314	204	88	96	23	6	2	826	8	88	718	323	1	41	0	0	931	0,0,0,0,0,0	24804	0	123	1992	9	0	2073,2058,2058,2005,2005,2005,2005	0	11	1646,0,0,0,0,0,0	45	0
176832	196	341	209	89	84	23	5	1	866	9	91	723	320	1	44	0	0	947	0,0,0,0,0,0	24851	0	116	2108	9	0	2172,2153,2153,2088,2088,2088,2088	0	13	1762,0,0,0,0,0,0	44	0
176757	193	359	228	96	88	23	5	1	893	10	93	698	118	1	29	0	0	992	0,0,0,0,0,0	12946	0	127	2235	11	0	2288,2266,2266,2186,2186,2186,2186	1	19	1891,0,0,0,0,0,0	39	0
176652	207	397	238	85	83	23	7	2	946	10	96	688	107	1	32	0	0	1040	0,0,0,0,0,0	13038	0	157	2393	11	0	2432,2406,2406,2314,2314,2314,2314	1	14	2049,0,0,0,0,0,0	39	0
176570	223	411	250	91	90	25	8	2	966	11	99	697	291	2	32	0	0	1098	0,0,0,0,0,0	13073	0	148	2540	12	0	2564,2533,2533,2425,2425,2425,2425	1	13	2196,0,0,0,0,0,0	41	0
176461	225	452	247	106	86	28	8	1	1018	11	103	660	330	3	31	0	0	1152	0,0,0,0,0,0	12912	0	151	2690	14	0	2712,2677,2677,2555,2555,2555,2555	1	15	2348,0,0,0,0,0,0	39	0
176329	235	490	251	109	94	27	7	2	1080	12	110	667	162	1	32	0	0	1213	0,0,0,0,0,0	13057	0	178	2867	15	0	2887,2848,2848,2711,2711,2711,2711	1	15	2525,0,0,0,0,0,0	39	0
176234	240	491	284	110	117	25	8	2	1110	12	113	653	268	2	29	0	0	1275	0,0,0,0,0,0	24951	0	158	3024	16	0	3040,2995,2995,2837,2837,2837,2837	1	19	2683,0,0,0,0,0,0	42	0
176141	233	481	299	119	128	30	9	1	1175	12	118	653	299	2	52	0	0	1299	0,0,0,0,0,0	25037	0	145	3168	17	0	3182,3132,3132,2956,2956,2956,2956	1	15	2827,0,0,0,0,0,0	46	0
176002	264	499	315	133	138	30	10	1	1221	14	119	662	314	1	55	0	0	1389	0,0,0,0,0,0	12952	0	211	3380	17	0	3384,3328,3328,3128,3128,3128,3128	1	28	3039,0,0,0,0,0,0	52	0
175884	294	496	331	135	125	31	9	2	1301	14	124	637	281	0	59	0	0	1421	0,0,0,0,0,0	12891	0	180	3561	17	0	3559,3498,3498,3277,3277,3277,3277	1	19	3220,0,0,0,0,0,0	57	0
175780	287	519	346	145	119	33	9	3	1362	15	128	644	276	1	57	0	0	1458	0,0,0,0,0,0	12792	0	176	3739	17	0	3728,3660,3660,3416,3416,3416,3416	1	23	3398,0,0,0,0,0,0	54	0
175645	310	533	358	150	129	33	9	4	1430	15	130	642	266	3	57	0	0	1522	0,0,0,0,0,0	12886	0	204	3941	19	0	3923,3849,3849,3583,3583,3583,3583	1	21	3600,0,0,0,0,0,0	59	0
175533	317	563	357	143	137	36	10	4	1492	17	137	643	93	0	51	0	0	1563	0,0,0,0,0,0	13062	0	193	4133	20	0	4110,4028,4028,3734,3734,3734,3734	1	20	3792,0,0,0,0,0,0	56	0
175425	303	592	386	134	141	32	13	5	1557	17	141	640	138	1	50	0	0	1601	0,0,0,0,0,0	24807	0	171	4303	22	0	4276,4188,4188,3873,3873,3873,3873	1	16	3962,0,0,0,0,0,0	69	0
175340	292	597	396	146	159	33	11	5	1604	19	144	655	262	3	45	0	0	1634	0,0,0,0,0,0	24668	0	176	4479	22	0	4446,4349,4349,4002,4002,4002,4002	1	10	4138,0,0,0,0,0,0	74	0
175192	316	612	426	144	164	38	13	6	1667	19	149	660	323	1	72	0	0	1713	0,0,0,0,0,0	13048	0	239	4716	24	0	4675,4570,4570,4193,4193,4193,4193	1	22	4376,0,0,0,0,0,0	72	0
175031	365	646	418	142	182	39	14	6	1734	20	149	649	260	3	85	0	0	1806	0,0,0,0,0,0	13063	0	259	4975	25	0	4916,4803,4803,4396,4396,4396,4396	1	27	4636,0,0,0,0,0,0	79	0
174892	377	672	440	144	185	37	15	3	1811	20	150	604	326	3	52	0	0	1870	0,0,0,0,0,0	12909	0	242	5217	26	0	5150,5027,5027,4585,4585,4585,4585	1	25	4878,0,0,0,0,0,0	77	0
174743	396	737	429	149	178	35	14	2	1890	21	152	624	267	5	69	0	0	1938	0,0,0,0,0,0	13213	0	259	5475	28	0	5400,5266,5266,4786,4786,4786,4786	1	24	5136,0,0,0,0,0,0	73	0
174584	412	781	435	172	182	34	14	2	1953	23	154	606	258	4	55	0	0	2030	0,0,0,0,0,0	13093	0	281	5757	29	0	5675,5529,5529,5004,5004,5004,5004	1	32	5419,0,0,0,0,0,0	75	0
174465	385	825	449	176	198	35	14	2	2017	24	156	623	254	3	53	0	0	2082	0,0,0,0,0,0	25014	0	229	5987	30	0	5897,5740,5740,5176,5176,5176,5176	1	12	5649,0,0,0,0,0,0	77	0
174335	373	833	488	177	200	41	16	2	2098	25	158	590	244	0	70	0	0	2128	0,0,0,0,0,0	25013	0	241	6225	33	0	6129,5961,5961,5357,5357,5357,5357	1	14	5888,0,0,0,0,0,0	75	0
174188	407	820	503	203	198	47	18	3	2174	25	160	587	273	1	83	0	0	2196	0,0,0,0,0,0	13276	0	285	6509	34	0	6399,6219,6219,5569,5569,5569,5569	1	23	6172,0,0,0,0,0,0	78	0
174008	453	856	499	217	201	46	17	2	2256	28	163	582	311	2	87	0	0	2289	0,0,0,0,0,0	12949	0	321	6831	35	0	6709,6515,6515,5815,5815,5815,5815	1	27	6494,0,0,0,0,0,0	82	0
173809	502	873	517	221	210	48	21	2	2349	29	165	561	309	9	79	0	0	2392	0,0,0,0,0,0	13064	0	342	7174	36	0	7044,6835,6835,6083,6083,6083,6083	2	37	6837,0,0,0,0,0,0	88	0
173626	506	918	565	220	221	50	21	2	2419	30	168	552	307	1	92	0	0	2501	0,0,0,0,0,0	12979	0	313	7485	38	0	7348,7127,7127,6328,6328,6328,6328	2	31	7148,0,0,0,0,0,0	105	0
173439	518	962	556	229	233	59	22	3	2519	33	173	546	269	2	75	0	0	2579	0,0,0,0,0,0	12866	0	339	7825	38	0	7682,7445,7445,6590,6590,6590,6590	2	31	7488,0,0,0,0,0,0	97	0
173297	490	1019	577	226	247	62	22	3	2593	35	175	561	326	6	100	0	0	2643	0,0,0,0,0,0	24919	0	300	8125	40	0	7973,7720,7720,6808,6808,6808,6808	2	24	7788,0,0,0,0,0,0	106	0
173159	462	1033	604	246	263	60	21	4	2679	38	177	535	320	3	85	0	0	2689	0,0,0,0,0,0	24948	0	292	8417	41	0	8256,7988,7988,7020,7020,7020,7020	2	23	8081,0,0,0,0,0,0	111	0
172899	507	1096	644	251	262	64	21	5	2775	40	182	536	302	6	107	0	0	2845	0,0,0,0,0,0	13253	0	418	8836	43	0	8669,8385,8385,7357,7357,7357,7357	2	41	8501,0,0,0,0,0,0	115	0
172694	529	1112	656	262	276	67	19	6	2897	42	186	530	249	3	105	0	0	2921	0,0,0,0,0,0	12986	0	364	9202	44	0	9026,8725,8725,7638,7638,7638,7638	2	34	8867,0,0,0,0,0,0	117	0
172474	563	1155	705	271	288	67	22	6	2962	42	191	541	336	7	112	0	0	3071	0,0,0,0,0,0	28473	0	400	9602	47	0	9418,9099,9099,7944,7944,7944,7944	2	45	9268,0,0,0,0,0,0	116	0
172229	605	1158	746	306	292	71	21	5	3076	44	193	534	260	2	107	0	0	3199	0,0,0,0,0,0	28873	0	411	10012	49	0	9819,9483,9483,8268,8268,8268,8268	2	47	9678,0,0,0,0,0,0	126	0
172060	577	1176	761	315	285	76	25	4	3223	45	199	517	325	7	115	0	0	3215	0,0,0,0,0,0	28638	0	345	10358	49	0	10157,9803,9803,8522,8522,8522,8522	3	38	10024,0,0,0,0,0,0	139	0
171924	539	1181	801	313	289	77	28	4	3339	45	206	480	258	4	96	0	0	3228	0,0,0,0,0,0	42041	0	336	10693	52	0	10485,10111,10111,8755,8755,8755,8755	3	31	10360,0,0,0,0,0,0	135	0
171763	541	1162	830	315	309	78	29	5	3461	47	206	475	308	1	100	0	0	3264	0,0,0,0,0,0	42230	0	358	11051	53	0	10830,10436,10436,9008,9008,9008,9008	3	35	10718,0,0,0,0,0,0	141	0
171624	549	1172	825	332	312	78	34	4	3561	48	207	462	294	3	114	0	0	3302	0,0,0,0,0,0	28607	0	378	11430	55	0	11195,10776,10776,9261,9261,9261,9261	3	45	11097,0,0,0,0,0,0	146	0
171438	562	1149	856	348	329	77	35	4	3685	52	211	482	240	5	129	0	0	3356	0,0,0,0,0,0	28586	0	385	11816	56	0	11569,11130,11130,9540,9540,9540,9540	3	41	11483,0,0,0,0,0,0	143	0
171266	576	1194	823	368	316	79	38	6	3814	53	213	487	336	8	120	0	0	3394	0,0,0,0,0,0	28487	0	403	12218	58	0	11957,11496,11496,9821,9821,9821,9821	3	39	11885,0,0,0,0,0,0	150	0
171079	589	1229	797	358	326	82	40	6	3968	55	217	482	240	7	125	0	0	3421	0,0,0,0,0,0	28501	0	410	12633	59	0	12360,11875,11875,10116,10116,10116,10116	3	47	12300,0,0,0,0,0,0	151	0
170893	606	1265	793	364	331	86	44	6	4083	55	220	481	278	7	111	0	0	3489	0,0,0,0,0,0	28739	0	402	13034	62	0	12749,12243,12243,10403,10403,10403,10403	3	43	12701,0,0,0,0,0,0	167	0
170783	602	1213	835	355	325	87	48	5	4215	56	222	465	220	4	121	0	0	3465	0,0,0,0,0,0	42254	0	342	13375	65	0	13076,12546,12546,10622,10622,10622,10622	3	23	13042,0,0,0,0,0,0	176	0
170732	543	1179	854	348	332	82	50	6	4338	59	223	471	278	4	97	0	0	3388	0,0,0,0,0,0	42291	0	288	13661	68	0	13348,12795,12795,10784,10784,10784,10784	3	25	13329,0,0,0,0,0,0	177	0
170623	547	1186	844	359	327	81	52	6	4435	62	224	472	236	8	133	0	0	3396	0,0,0,0,0,0	28553	0	383	14042	71	0	13712,13131,13131,11021,11021,11021,11021	3	37	13710,0,0,0,0,0,0	173	0
170525	591	1152	839	350	326	91	56	6	4520	64	226	471	287	7	137	0	0	3405	0,0,0,0,0,0	28638	0	371	14409	77	0	14061,13453,13453,11243,11243,11243,11243	3	43	14077,0,0,0,0,0,0	178	0
170427	587	1174	859	339	335	95	57	8	4571	67	227	433	226	3	128	0	0	3446	0,0,0,0,0,0	28412	0	387	14794	81	0	14429,13792,13792,11476,11476,11476,11476	3	35	14464,0,0,0,0,0,0	193	0
170314	594	1179	861	359	330	98	57	9	4646	71	228	434	245	7	129	0	0	3478	0,0,0,0,0,0	28304	0	395	15190	84	0	14807,14141,14141,11721,11721,11721,11721	3	43	14860,0,0,0,0,0,0	187	0
170188	609	1196	858	369	337	99	57	8	4718	75	232	420	266	4	123	0	0	3525	0,0,0,0,0,0	28767	0	397	15586	87	0	15187,14495,14495,11973,11973,11973,11973	3	35	15257,0,0,0,0,0,0	198	0
170103	589	1173	882	358	335	101	58	11	4827	76	233	414	274	4	120	0	0	3496	0,0,0,0,0,0	42288	0	350	15933	90	0	15518,14799,14799,12181,12181,12181,12181	3	26	15604,0,0,0,0,0,0	203	0
170095	575	1136	869	385	321	103	54	13	4879	82	234	415	258	6	120	0	0	3443	0,0,0,0,0,0	42305	0	318	16248	95	0	15814,15064,15064,12332,12332,12332,12332	3	22	15920,0,0,0,0,0,0	199	0
170021	535	1204	839	356	316	104	55	15	4983	83	235	441	270	6	122	0	0	3409	0,0,0,0,0,0	28542	0	358	16609	96	0	16155,15377,15377,12538,12538,12538,12538	3	35	16281,0,0,0,0,0,0	188	0
169934	580	1166	833	361	326	106	54	16	5046	87	237	390	249	6	119	0	0	3426	0,0,0,0,0,0	28487	0	377	16987	98	0	16512,15704,15704,12758,12758,12758,12758	3	39	16659,0,0,0,0,0,0	188	0
169888	586	1190	807	371	320	109	52	17	5074	90	242	375	333	0	120	0	0	3435	0,0,0,0,0,0	28316	0	379	17366	101	0	16873,16031,16031,12960,12960,12960,12960	3	36	17038,0,0,0,0,0,0	186	0
169860	560	1178	790	371	329	110	51	19	5142	90	246	380	268	4	131	0	0	3389	0,0,0,0,0,0	28610	0	335	17700	105	0	17187,16315,16315,13130,13130,13130,13130	3	40	17372,0,0,0,0,0,0	190	0
169821	541	1206	795	345	319	108	54	16	5197	95	249	379	333	7	124	0	0	3368	0,0,0,0,0,0	28411	0	359	18057	111	0	17525,16620,16620,13317,13317,13317,13317	3	40	17730,0,0,0,0,0,0	177	0
169820	524	1170	806	341	302	106	56	14	5253	98	256	387	317	2	121	0	0	3305	0,0,0,0,0,0	42599	0	302	18354	117	0	17808,16873,16873,13458,13458,13458,13458	2	27	18027,0,0,0,0,0,0	181	0
169894	486	1119	797	358	303	108	54	14	5255	101	257	373	256	6	97	0	0	3225	0,0,0,0,0,0	42262	0	278	18628	121	0	18060,17090,17090,13546,13546,13546,13546	2	24	18301,0,0,0,0,0,0	188	0
169940	480	1074	812	338	312	106	54	14	5250	106	260	396	266	6	118	0	0	3176	0,0,0,0,0,0	28451	0	322	18945	127	0	18354,17347,17347,13668,13668,13668,13668	3	41	18618,0,0,0,0,0,0	177	0
169898	494	1096	788	316	319	101	56	14	5293	109	262	382	316	3	127	0	0	3170	0,0,0,0,0,0	28606	0	360	19303	132	0	18689,17650,17650,13852,13852,13852,13852	3	42	18976,0,0,0,0,0,0	167	0
169913	505	1070	756	322	308	96	63	10	5327	111	265	376	256	5	112	0	0	3120	0,0,0,0,0,0	28637	0	306	19611	135	0	18975,17904,17904,13985,13985,13985,13985	2	24	19284,0,0,0,0,0,0	166	0
169956	499	1049	739	332	303	105	69	9	5309	111	265	386	287	4	114	0	0	3096	0,0,0,0,0,0	28355	0	310	19922	136	0	19261,18154,18154,14103,14103,14103,14103	2	37	19595,0,0,0,0,0,0	178	0
169998	474	1092	724	325	292	98	67	10	5284	115	267	389	218	6	114	0	0	3072	0,0,0,0,0,0	28738	0	312	20230	140	0	19545,18404,18404,14222,14222,14222,14222	3	35	19903,0,0,0,0,0,0	190	0
170058	470	1032	748	347	299	96	64	10	5231	120	271	370	314	3	97	0	0	3056	0,0,0,0,0,0	42587	0	280	20509	143	0	19803,18627,18627,14318,14318,14318,14318	2	23	20183,0,0,0,0,0,0	188	0
170120	468	963	754	323	300	93	67	10	5250	125	273	396	253	6	116	0	0	2968	0,0,0,0,0,0	42304	0	275	20782	147	0	20053,18844,18844,14410,14410,14410,14410	2	24	20456,0,0,0,0,0,0	185	0
170182	456	950	729	319	296	88	68	11	5239	129	279	384	251	7	107	0	0	2906	0,0,0,0,0,0	28675	0	292	21075	148	0	20326,19081,19081,14511,14511,14511,14511	2	33	20750,0,0,0,0,0,0	178	0
170166	476	955	737	300	303	92	68	9	5227	133	280	389	252	6	125	0	0	2931	0,0,0,0,0,0	28829	0	316	21392	150	0	20618,19342,19342,14659,14659,14659,14659	2	34	21067,0,0,0,0,0,0	184	0
170169	506	951	710	303	314	90	60	12	5209	139	283	378	260	6	121	0	0	2934	0,0,0,0,0,0	28429	0	338	21723	157	0	20925,19615,19615,14807,14807,14807,14807	2	37	21398,0,0,0,0,0,0	185	0
170221	469	980	719	286	327	85	54	15	5163	142	285	387	251	3	97	0	0	2920	0,0,0,0,0,0	28420	0	271	21991	160	0	21170,19829,19829,14898,14898,14898,14898	3	33	21667,0,0,0,0,0,0	166	0
170242	461	991	721	275	325	83	47	15	5150	151	285	389	310	8	124	0	0	2903	0,0,0,0,0,0	28610	0	307	22293	166	0	21447,20074,20074,15021,15021,15021,15021	2	26	21969,0,0,0,0,0,0	162	0
170350	445	943	697	294	326	81	54	14	5101	152	289	379	300	3	88	0	0	2840	0,0,0,0,0,0	42190	0	251	22544	171	0	21676,20266,20266,15078,15078,15078,15078	2	16	22221,0,0,0,0,0,0	151	0
170415	420	908	703	282	320	84	55	14	5097	157	291	376	238	8	84	0	0	2772	0,0,0,0,0,0	42399	0	244	22783	177	0	21895,20454,20454,15150,15150,15150,15150	2	25	22462,0,0,0,0,0,0	152	0
170466	424	894	681	298	305	82	53	15	5073	160	295	381	256	3	111	0	0	2737	0,0,0,0,0,0	28373	0	294	23074	180	0	22163,20687,20687,15252,15252,15252,15252	2	28	22753,0,0,0,0,0,0	148	0
170521	432	911	653	276	297	87	52	15	5040	164	298	402	255	1	118	0	0	2708	0,0,0,0,0,0	28302	0	289	23363	181	0	22425,20915,20915,15349,15349,15349,15349	2	36	23042,0,0,0,0,0,0	152	0
170559	431	933	647	279	292	87	53	16	4982	167	300	374	228	6	93	0	0	2722	0,0,0,0,0,0	28832	0	297	23655	187	0	22690,21147,21147,15456,15456,15456,15456	2	29	23334,0,0,0,0,0,0	157	0
170653	382	915	661	277	288	89	51	17	4937	173	303	377	275	3	74	0	0	2663	0,0,0,0,0,0	42237	0	243	23895	190	0	22906,21329,21329,15510,15510,15510,15510	2	25	23574,0,0,0,0,0,0	158	0
170743	363	894	654	267	282	88	52	16	4904	177	306	396	332	5	93	0	0	2600	0,0,0,0,0,0	42364	0	243	24135	195	0	23122,21512,21512,15566,15566,15566,15566	2	23	23814,0,0,0,0,0,0	159	0
170806	363	876	629	268	269	89	52	17	4891	180	306	380	323	2	102	0	0	2546	0,0,0,0,0,0	42107	0	247	24382	197	0	23345,21704,21704,15640,15640,15640,15640	2	30	24061,0,0,0,0,0,0	163	0
170952	330	797	640	251	272	86	54	16	4859	181	308	369	309	9	92	0	0	2430	0,0,0,0,0,0	42321	31	190	24567	203	0	23507,21832,21832,15642,15642,15642,15642	2	14	24247,0,0,0,0,0,0	157	24
171020	345	774	627	269	246	84	52	16	4815	186	312	384	249	5	108	0	0	2397	0,0,0,0,0,0	28503	36	248	24813	207	0	23730,22024,22024,15712,15712,15712,15712	2	29	24493,0,0,0,0,0,0	158	56
171114	375	747	588	264	235	83	51	17	4769	188	315	401	241	10	95	0	0	2343	0,0,0,0,0,0	28503	30	241	25055	208	0	23945,22205,22205,15763,15763,15763,15763	2	31	24735,0,0,0,0,0,0	154	81
171164	380	765	572	249	232	84	49	16	4727	192	316	385	264	4	81	0	0	2331	0,0,0,0,0,0	28233	30	258	25313	210	0	24178,22407,22407,15846,15846,15846,15846	2	27	24993,0,0,0,0,0,0	163	105
171291	367	769	531	236	227	85	43	16	4669	196	316	385	258	3	83	0	0	2258	0,0,0,0,0,0	28369	33	218	25527	214	0	24364,22558,22558,15867,15867,15867,15867	2	23	25207,0,0,0,0,0,0	143	133
171355	354	794	530	220	224	80	44	15	4617	197	316	387	327	3	83	0	0	2246	0,0,0,0,0,0	28250	30	246	25770	217	0	24580,22744,22744,15935,15935,15935,15935	2	24	25450,0,0,0,0,0,0	145	159
171442	371	749	537	224	227	81	42	16	4537	200	320	409	233	1	67	0	0	2231	0,0,0,0,0,0	35310	22	216	25982	224	0	24772,22905,22905,15979,15979,15979,15979	2	30	25663,0,0,0,0,0,0	157	178
171508	347	755	547	217	212	81	38	19	4497	203	322	401	293	4	69	0	0	2197	0,0,0,0,0,0	35781	141	226	26205	228	0	24981,23085,23085,16044,16044,16044,16044	2	19	25886,0,0,0,0,0,0	152	297
171578	334	755	539	230	207	81	32	17	4440	210	323	404	304	7	86	0	0	2178	0,0,0,0,0,0	23481	130	226	26429	231	0	25191,23266,23266,16104,16104,16104,16104	2	28	26110,0,0,0,0,0,0	148	396
171652	346	739	538	241	240	79	32	13	4328	212	326	408	264	6	77	0	0	2215	0,0,0,0,0,0	23461	138	237	26663	234	0	25408,23452,23452,16165,16165,16165,16165	2	26	26344,0,0,0,0,0,0	152	509
171729	352	742	526	231	223	79	32	14	4275	214	329	417	249	3	99	0	0	2185	0,0,0,0,0,0	23323	144	213	26873	237	0	25602,23617,23617,16213,16213,16213,16213	2	29	26554,0,0,0,0,0,0	134	628
171806	349	718	519	241	226	71	34	14	4220	217	331	428	273	4	68	0	0	2158	0,0,0,0,0,0	23381	149	208	27078	242	0	25793,23780,23780,16260,16260,16260,16260	2	28	26760,0,0,0,0,0,0	128	744
171887	344	720	523	231	234	73	35	11	4132	219	337	425	289	3	84	0	0	2160	0,0,0,0,0,0	23518	144	216	27295	243	0	25996,23953,23953,16310,16310,16310,16310	2	22	26977,0,0,0,0,0,0	124	858
171964	324	719	497	213	224	72	36	11	4126	222	338	422	245	2	68	0	0	2085	0,0,0,0,0,0	35732	116	188	27480	247	0	26166,24096,24096,16348,16348,16348,16348	2	15	27162,0,0,0,0,0,0	118	949
172053	343	655	491	226	227	75	35	9	4068	225	339	438	120	1	64	0	0	2052	0,0,0,0,0,0	35533	158	191	27672	249	0	26380,24282,24282,16401,16401,16401,16401	2	22	27354,0,0,0,0,0,0	126	1077
172149	331	663	476	215	223	69	34	7	4009	227	343	436	248	6	97	0	0	2011	0,0,0,0,0,0	23335	151	197	27868	250	0	26589,24462,24462,16447,16447,16447,16447	2	18	27550,0,0,0,0,0,0	123	1202
172192	321	695	499	187	222	69	34	7	3944	231	345	422	330	5	84	0	0	2027	0,0,0,0,0,0	23439	144	221	28087	253	0	26825,24671,24671,16530,16530,16530,16530	2	23	27769,0,0,0,0,0,0	119	1312
172241	324	698	499	193	204	68	33	8	3897	232	349	424	247	1	71	0	0	2019	0,0,0,0,0,0	23526	147	219	28306	254	0	27067,24886,24886,16615,16615,16615,16615	2	31	27988,0,0,0,0,0,0	119	1427
172331	307	714	461	193	188	69	33	9	3857	234	350	421	251	3	59	0	0	1965	0,0,0,0,0,0	23261	163	189	28493	256	0	27273,25064,25064,16661,16661,16661,16661	2	13	28175,0,0,0,0,0,0	114	1554
172431	323	667	474	201	201	65	29	10	3753	238	354	436	302	2	69	0	0	1960	0,0,0,0,0,0	23418	151	194	28684	259	0	27482,25244,25244,16704,16704,16704,16704	2	14	28366,0,0,0,0,0,0	114	1671
172515	319	644	473	206	186	62	29	9	3706	238	359	433	308	2	78	0	0	1919	0,0,0,0,0,0	35424	127	189	28869	263	0	27681,25415,25415,16751,16751,16751,16751	2	17	28551,0,0,0,0,0,0	117	1774
172604	309	631	487	188	176	61	29	10	3650	239	362	450	249	3	79	0	0	1881	0,0,0,0,0,0	35478	71	164	29031	267	0	27869,25578,25578,16789,16789,16789,16789	1	14	28715,0,0,0,0,0,0	122	1832
172662	332	606	484	186	171	65	29	9	3594	241	367	430	98	0	64	0	0	1873	0,0,0,0,0,0	23377	68	196	29221	273	0	28083,25767,25767,16853,16853,16853,16853	1	18	28905,0,0,0,0,0,0	125	1885
172741	315	614	472	164	184	65	34	8	3540	241	368	441	252	2	63	0	0	1848	0,0,0,0,0,0	23319	66	174	29393	277	0	28269,25927,25927,16891,16891,16891,16891	1	19	29077,0,0,0,0,0,0	118	1934
172787	313	593	473	156	198	65	31	8	3507	245	370	449	251	1	74	0	0	1829	0,0,0,0,0,0	23331	64	179	29571	280	0	28468,26104,26104,16953,16953,16953,16953	1	13	29255,0,0,0,0,0,0	120	1980
172838	298	613	475	152	186	65	31	8	3459	247	374	442	294	3	51	0	0	1820	0,0,0,0,0,0	23308	76	177	29745	285	0	28668,26281,26281,17013,17013,17013,17013	1	14	29429,0,0,0,0,0,0	117	2037
172841	307	622	467	152	175	71	29	7	3450	249	376	474	236	0	62	0	0	1823	0,0,0,0,0,0	23402	60	211	29954	287	0	28899,26491,26491,17112,17112,17112,17112	1	14	29638,0,0,0,0,0,0	112	2083
172895	301	605	461	163	164	69	29	5	3417	255	382	452	318	6	59	0	0	1792	0,0,0,0,0,0	35495	68	173	30125	289	0	29091,26660,26660,17169,17169,17169,17169	1	8	29809,0,0,0,0,0,0	109	2130
173001	262	590	460	161	164	69	30	5	3366	255	383	486	268	3	51	0	0	1736	0,0,0,0,0,0	35827	198	144	30268	292	0	29241,26785,26785,17179,17179,17179,17179	1	10	29952,0,0,0,0,0,0	114	2292
173035	260	591	450	163	169	67	22	6	3338	260	385	489	272	3	68	0	0	1722	0,0,0,0,0,0	23418	188	185	30451	295	0	29430,26952,26952,17240,17240,17240,17240	1	14	30136,0,0,0,0,0,0	114	2445
173066	283	601	424	159	168	67	22	7	3300	262	387	485	273	2	59	0	0	1724	2,0,0,0,0,0	23497	214	174	30660	301	0	29639,27137,27137,17312,17312,17312,17312	1	16	30306,40,0,0,0,0,0	102	2604
173051	310	615	415	156	162	65	23	9	3287	263	390	482	259	5	65	0	0	1746	5,0,0,0,0,0	23307	204	178	30881	308	0	29862,27340,27340,17416,17416,17416,17416	1	17	30472,97,0,0,0,0,0	108	2763
173056	345	607	445	158	162	61	21	10	3223	266	392	463	227	3	58	0	0	1799	8,0,0,0,0,0	23334	217	182	31107	313	0	30094,27549,27549,17513,17513,17513,17513	1	18	30637,158,0,0,0,0,0	105	2920
173022	344	682	429	152	158	63	22	8	3203	267	396	485	243	4	53	0	0	1850	12,0,0,0,0,0	23254	185	183	31332	316	0	30327,27762,27762,17630,17630,17630,17630	1	13	30792,229,0,0,0,0,0	96	3038
173008	351	684	453	163	175	65	17	8	3152	271	399	473	280	2	66	0	0	1908	15,0,0,0,0,0	35569	188	191	31552	319	0	30547,27962,27962,17733,17733,17733,17733	1	14	30943,299,0,0,0,0,0	99	3175
173012	376	693	473	158	174	66	17	7	3097	272	401	465	167	5	66	0	0	1957	19,0,0,0,0,0	35610	146	197	31787	321	0	30859,28251,28251,17874,17874,17874,17874	1	10	31089,390,0,0,0,0,0	101	3276
172964	381	734	468	174	189	61	21	6	3071	272	405	476	245	5	66	0	0	2028	21,0,0,0,0,0	23349	185	253	32036	326	0	31176,28550,28550,18043,18043,18043,18043	1	19	31257,473,0,0,0,0,0	98	3412
