S	E	I1	I2	I3	I4	I5_h	I6_h	R_h	R	D1	D2	H	T	P1	P2	Q	QT	NQ	MUT	HOM	VAC	NI	INF	REINF	BSTR	IMM	HCI	HCE	INFV	INFH	VNI
178147	109	103	40	50	42	4	0	0	251	0	0	239	0	0	0	0	0	348	0,0,0,0,0,0	178746	0	0	348	0	0	599,599,599,599,599,599,599	0	0	0,0,0,0,0,0,0	0	0
178102	75	170	47	46	43	4	2	0	255	0	2	350	329	0	74	0	0	387	0,0,0,0,0,0	12460	0	58	407	0	0	644,644,644,644,644,644,644	0	3	59,0,0,0,0,0,0	5	0
178038	87	184	58	45	49	4	2	0	273	0	6	447	255	1	11	0	0	429	0,0,0,0,0,0	12692	0	72	479	0	0	710,710,710,710,710,710,710	0	7	131,0,0,0,0,0,0	8	0
177988	93	195	77	43	50	5	1	0	284	1	9	494	288	2	23	0	0	464	0,0,0,0,0,0	12668	0	67	547	0	0	760,760,760,760,760,760,760	0	6	199,0,0,0,0,0,0	8	0
177951	93	199	88	44	46	8	2	0	304	1	10	545	147	0	9	0	0	480	0,0,0,0,0,0	24575	0	54	601	0	0	802,802,802,802,802,802,802	0	3	253,0,0,0,0,0,0	9	0
177906	98	197	110	44	46	8	2	0	320	1	14	601	82	0	12	0	0	505	0,0,0,0,0,0	24605	0	59	660	0	0	850,850,850,850,850,850,850	0	3	312,0,0,0,0,0,0	12	0
177838	115	192	106	52	57	9	2	0	358	1	16	642	237	0	15	0	0	533	0,0,0,0,0,0	12801	0	80	742	0	0	921,921,921,921,921,921,921	0	6	394,0,0,0,0,0,0	22	0
177784	113	201	115	58	72	10	2	0	371	1	19	652	305	2	24	0	0	571	0,0,0,0,0,0	12797	0	77	819	0	0	982,982,982,981,981,981,981	0	11	471,0,0,0,0,0,0	22	0
177718	126	210	113	62	67	10	2	0	416	1	21	661	100	0	30	0	0	590	0,0,0,0,0,0	12941	0	85	905	0	0	1056,1056,1056,1054,1054,1054,1054	0	8	557,0,0,0,0,0,0	21	0
177660	128	226	142	58	60	11	6	0	427	1	27	673	264	1	23	0	0	631	0,0,0,0,0,0	12920	0	81	984	2	0	1125,1124,1124,1120,1120,1120,1120	0	10	638,0,0,0,0,0,0	24	0
177592	137	242	150	52	61	10	6	0	462	1	33	682	279	2	26	0	0	658	0,0,0,0,0,0	12989	0	94	1078	2	0	1208,1206,1206,1198,1198,1198,1198	0	11	732,0,0,0,0,0,0	35	0
177532	137	255	145	59	67	12	6	0	494	2	37	677	254	0	25	0	0	681	0,0,0,0,0,0	25101	0	82	1159	3	0	1280,1277,1277,1268,1268,1268,1268	0	4	814,0,0,0,0,0,0	35	0
177471	128	245	158	66	70	14	6	0	544	3	41	677	289	0	20	0	0	687	0,0,0,0,0,0	24778	0	76	1235	3	0	1350,1347,1347,1335,1335,1335,1335	0	7	890,0,0,0,0,0,0	39	0
177406	127	262	151	71	68	17	7	0	588	3	46	686	226	1	29	0	0	703	0,0,0,0,0,0	13031	0	89	1325	3	0	1434,1429,1429,1413,1413,1413,1413	0	8	980,0,0,0,0,0,0	36	0
177320	136	283	157	62	60	17	6	0	651	4	50	684	94	0	33	0	0	721	0,0,0,0,0,0	13023	0	104	1429	4	0	1534,1528,1528,1508,1508,1508,1508	0	15	1084,0,0,0,0,0,0	34	0
177257	138	274	183	61	64	17	7	0	684	4	57	704	258	4	24	0	0	744	0,0,0,0,0,0	13057	0	90	1519	4	0	1616,1608,1608,1583,1583,1583,1583	0	8	1174,0,0,0,0,0,0	39	0
177179	158	296	187	57	67	17	5	1	713	5	61	718	273	2	29	0	0	787	0,0,0,0,0,0	13116	0	122	1640	5	0	1724,1714,1714,1681,1681,1681,1681	0	12	1296,0,0,0,0,0,0	32	0
177100	179	303	186	73	76	20	5	2	735	5	62	738	255	0	21	0	0	842	0,0,0,0,0,0	12955	0	119	1758	6	0	1834,1822,1822,1778,1778,1778,1778	0	8	1415,0,0,0,0,0,0	34	0
177005	189	325	193	75	78	20	4	1	781	6	69	709	87	0	34	0	0	884	0,0,0,0,0,0	24707	0	120	1878	6	0	1952,1938,1938,1887,1887,1887,1887	0	11	1535,0,0,0,0,0,0	42	0
176936	175	340	200	78	87	20	3	1	825	8	73	697	88	0	27	0	0	903	0,0,0,0,0,0	24818	0	102	1981	6	0	2052,2035,2035,1974,1974,1974,1974	0	9	1638,0,0,0,0,0,0	44	0
176851	194	340	213	85	93	20	3	1	860	8	78	683	236	0	37	0	0	948	0,0,0,0,0,0	12748	0	127	2110	8	0	2172,2151,2151,2079,2079,2079,2079	0	16	1769,0,0,0,0,0,0	39	0
176760	194	357	228	90	99	22	2	2	900	8	84	684	263	2	39	0	0	992	0,0,0,0,0,0	12840	0	129	2239	8	0	2296,2272,2272,2189,2189,2189,2189	0	16	1898,0,0,0,0,0,0	41	0
176684	197	386	229	86	92	20	3	3	952	8	86	660	145	1	32	0	0	1013	0,0,0,0,0,0	12805	0	131	2369	10	0	2411,2384,2384,2286,2286,2286,2286	0	6	2029,0,0,0,0,0,0	34	0
176594	212	382	252	91	105	23	3	2	983	9	90	692	289	1	40	0	0	1068	0,0,0,0,0,0	12946	0	142	2511	10	0	2548,2516,2516,2402,2402,2402,2402	0	13	2171,0,0,0,0,0,0	38	0
176518	196	435	259	88	102	22	5	2	1017	9	93	693	99	0	32	0	0	1107	0,0,0,0,0,0	13129	0	145	2657	10	0	2679,2642,2642,2509,2509,2509,2509	1	17	2317,0,0,0,0,0,0	36	0
176396	213	446	273	103	107	22	7	2	1070	9	98	692	108	3	31	0	0	1171	0,0,0,0,0,0	24788	0	173	2828	12	0	2846,2804,2804,2655,2655,2655,2655	1	15	2488,0,0,0,0,0,0	44	0
176291	227	466	288	95	107	21	8	1	1130	9	103	700	287	2	36	0	0	1212	0,0,0,0,0,0	24967	0	162	2989	13	0	2998,2952,2952,2787,2787,2787,2787	1	15	2650,0,0,0,0,0,0	51	0
176160	259	476	307	94	117	23	12	1	1183	9	105	666	285	3	39	0	0	1288	0,0,0,0,0,0	12892	0	181	3171	14	0	3175,3124,3124,2942,2942,2942,2942	1	18	2833,0,0,0,0,0,0	52	0
176035	279	512	303	107	115	23	16	1	1237	9	109	675	247	0	47	0	0	1355	0,0,0,0,0,0	13046	0	182	3354	14	0	3347,3291,3291,3092,3092,3092,3092	1	20	3016,0,0,0,0,0,0	51	0
175896	291	553	313	117	115	27	15	1	1296	10	112	666	258	4	44	0	0	1431	0,0,0,0,0,0	13249	0	204	3560	14	0	3543,3482,3482,3262,3262,3262,3262	1	25	3222,0,0,0,0,0,0	61	0
175756	317	556	329	134	125	28	14	1	1359	11	116	659	272	1	51	0	0	1503	0,0,0,0,0,0	12944	0	206	3765	15	0	3742,3675,3675,3433,3433,3433,3433	1	13	3428,0,0,0,0,0,0	65	0
175613	339	601	346	153	136	31	16	1	1380	11	119	622	303	4	65	0	0	1622	0,0,0,0,0,0	12945	0	219	3985	15	0	3958,3883,3883,3614,3614,3614,3614	1	20	3648,0,0,0,0,0,0	67	0
175512	344	602	354	156	132	34	18	1	1460	12	121	623	241	3	54	0	0	1640	0,0,0,0,0,0	25053	0	176	4162	15	0	4129,4046,4046,3752,3752,3752,3752	1	17	3825,0,0,0,0,0,0	79	0
175382	342	636	379	148	126	39	18	1	1534	13	128	592	251	2	57	0	0	1688	0,0,0,0,0,0	25323	0	207	4371	15	0	4332,4242,4242,3921,3921,3921,3921	1	9	4034,0,0,0,0,0,0	81	0
175210	356	695	400	144	121	43	20	2	1610	13	132	598	270	5	52	0	0	1779	0,0,0,0,0,0	13284	0	257	4630	15	0	4581,4483,4483,4134,4134,4134,4134	1	24	4293,0,0,0,0,0,0	86	0
175002	381	762	437	152	141	43	20	2	1657	15	134	590	256	2	59	0	0	1936	0,0,0,0,0,0	12840	0	300	4929	16	0	4868,4763,4763,4383,4383,4383,4383	1	33	4592,0,0,0,0,0,0	87	0
174830	402	805	457	170	162	38	19	1	1707	18	137	559	234	0	57	0	0	2053	0,0,0,0,0,0	13092	0	283	5213	16	0	5142,5026,5026,4608,4608,4608,4608	1	30	4876,0,0,0,0,0,0	83	0
174644	424	834	487	181	169	38	26	1	1785	19	138	592	271	3	64	0	0	2159	0,0,0,0,0,0	12942	0	292	5503	18	0	5422,5296,5296,4842,4842,4842,4842	2	35	5166,0,0,0,0,0,0	79	0
174438	441	847	525	200	179	36	28	3	1888	19	142	570	288	2	71	0	0	2256	0,0,0,0,0,0	13083	0	293	5796	19	0	5710,5575,5575,5090,5090,5090,5090	2	31	5459,0,0,0,0,0,0	82	0
174307	412	849	555	207	191	33	25	4	1998	22	143	583	328	2	67	0	0	2272	0,0,0,0,0,0	24898	0	243	6038	22	0	5942,5797,5797,5274,5274,5274,5274	2	17	5702,0,0,0,0,0,0	85	0
174153	406	859	570	216	203	37	24	4	2105	23	146	568	99	2	86	0	0	2315	0,0,0,0,0,0	24882	0	262	6298	25	0	6195,6039,6039,5479,5479,5479,5479	2	22	5962,0,0,0,0,0,0	76	0
173972	410	915	579	221	217	41	25	4	2187	26	149	586	268	3	93	0	0	2408	0,0,0,0,0,0	13125	0	309	6609	26	0	6496,6328,6328,5723,5723,5723,5723	2	39	6273,0,0,0,0,0,0	82	0
173734	493	920	625	235	227	43	24	5	2262	27	151	558	277	4	87	0	0	2567	0,0,0,0,0,0	12993	0	356	6971	27	0	6847,6667,6667,6018,6018,6018,6018	2	33	6635,0,0,0,0,0,0	88	0
173528	506	993	617	231	228	47	23	6	2383	28	156	561	255	8	89	0	0	2645	0,0,0,0,0,0	12938	0	343	7313	30	0	7183,6989,6989,6291,6291,6291,6291	2	28	6977,0,0,0,0,0,0	80	0
173273	521	1064	627	234	247	53	27	7	2505	28	160	555	244	5	84	0	0	2773	0,0,0,0,0,0	12909	0	377	7693	30	0	7556,7350,7350,6606,6606,6606,6606	2	47	7357,0,0,0,0,0,0	83	0
173055	536	1117	671	230	245	60	25	8	2607	30	162	547	275	2	115	0	0	2884	0,0,0,0,0,0	12910	0	380	8073	30	0	7926,7704,7704,6902,6902,6902,6902	2	40	7737,0,0,0,0,0,0	101	0
172871	542	1112	673	265	255	68	22	10	2731	32	165	524	280	5	73	0	0	2937	0,0,0,0,0,0	24985	0	335	8408	33	0	8254,8016,8016,7159,7159,7159,7159	2	23	8072,0,0,0,0,0,0	105	0
172751	523	1102	684	282	255	74	24	11	2837	34	169	496	277	5	94	0	0	2944	0,0,0,0,0,0	24932	0	310	8719	35	0	8556,8299,8299,7372,7372,7372,7372	2	25	8384,0,0,0,0,0,0	101	0
172523	553	1124	724	290	261	70	27	11	2955	34	174	506	287	3	99	0	0	3049	0,0,0,0,0,0	13051	0	395	9117	36	0	8948,8673,8673,7683,7683,7683,7683	2	25	8783,0,0,0,0,0,0	108	0
172268	607	1168	761	286	264	73	35	9	3066	34	175	495	273	6	111	0	0	3194	0,0,0,0,0,0	12926	0	438	9559	36	0	9377,9084,9084,8026,8026,8026,8026	3	53	9225,0,0,0,0,0,0	108	0
172047	629	1174	758	309	286	77	36	7	3206	38	179	487	249	6	106	0	0	3269	0,0,0,0,0,0	28461	0	388	9954	37	0	9763,9452,9452,8330,8330,8330,8330	3	44	9621,0,0,0,0,0,0	120	0
171873	612	1195	790	303	293	81	38	7	3333	40	181	484	329	3	134	0	0	3312	0,0,0,0,0,0	28431	0	371	10326	38	0	10125,9794,9794,8598,8598,8598,8598	2	25	9994,0,0,0,0,0,0	128	0
171698	603	1223	796	309	292	91	42	6	3461	41	184	476	97	3	107	0	0	3356	0,0,0,0,0,0	28823	0	384	10707	42	0	10495,10144,10144,8872,8872,8872,8872	3	39	10376,0,0,0,0,0,0	144	0
171548	593	1203	822	305	300	92	46	6	3600	42	189	458	292	7	123	0	0	3361	0,0,0,0,0,0	42362	0	344	11049	45	0	10827,10456,10456,9114,9114,9114,9114	2	25	10718,0,0,0,0,0,0	156	0
171422	535	1237	835	318	299	88	43	8	3725	45	191	447	331	7	112	0	0	3355	0,0,0,0,0,0	42472	0	339	11389	50	0	11156,10763,10763,9343,9343,9343,9343	3	26	11060,0,0,0,0,0,0	169	0
171272	539	1263	863	325	307	81	42	9	3804	48	193	452	305	6	129	0	0	3420	0,0,0,0,0,0	28706	0	397	11786	52	0	11539,11121,11121,9610,9610,9610,9610	3	46	11457,0,0,0,0,0,0	157	0
171101	567	1226	834	336	308	80	43	9	4000	48	194	431	240	5	116	0	0	3394	0,0,0,0,0,0	28438	0	386	12170	55	0	11908,11469,11469,9880,9880,9880,9880	2	27	11842,0,0,0,0,0,0	157	0
170983	566	1194	861	336	323	81	48	9	4098	50	197	421	302	3	135	0	0	3409	0,0,0,0,0,0	28626	0	366	12535	57	0	12260,11796,11796,10116,10116,10116,10116	3	40	12207,0,0,0,0,0,0	165	0
170875	549	1194	890	353	350	81	44	13	4145	54	198	450	281	4	127	0	0	3461	0,0,0,0,0,0	28568	0	370	12905	60	0	12613,12123,12123,10347,10347,10347,10347	3	37	12577,0,0,0,0,0,0	152	0
170706	592	1169	906	354	358	84	49	13	4259	56	200	454	282	1	134	0	0	3512	0,0,0,0,0,0	28812	0	409	13315	61	0	13009,12495,12495,10630,10630,10630,10630	3	36	12987,0,0,0,0,0,0	162	0
170646	578	1144	906	354	348	83	48	14	4365	58	202	453	280	4	123	0	0	3461	0,0,0,0,0,0	42523	0	318	13632	66	0	13311,12771,12771,10811,10811,10811,10811	3	25	13305,0,0,0,0,0,0	164	0
170581	530	1198	870	328	328	81	51	15	4498	60	206	447	309	8	130	0	0	3386	0,0,0,0,0,0	42249	0	343	13974	69	0	13639,13071,13071,11008,11008,11008,11008	3	26	13647,0,0,0,0,0,0	159	0
170459	557	1181	880	333	323	87	47	16	4588	64	211	452	339	3	106	0	0	3408	0,0,0,0,0,0	28484	0	383	14361	70	0	14011,13415,13415,11255,11255,11255,11255	3	44	14034,0,0,0,0,0,0	154	0
170347	560	1187	872	347	316	83	51	15	4688	67	213	423	259	3	122	0	0	3416	0,0,0,0,0,0	28719	0	379	14738	75	0	14370,13748,13748,11489,11489,11489,11489	3	42	14412,0,0,0,0,0,0	164	0
170282	579	1184	843	347	297	80	52	12	4781	71	218	442	259	3	112	0	0	3382	0,0,0,0,0,0	28569	0	365	15100	79	0	14716,14064,14064,11695,11695,11695,11695	3	49	14774,0,0,0,0,0,0	157	0
170212	563	1169	823	361	334	75	53	10	4853	73	220	423	307	5	111	0	0	3378	0,0,0,0,0,0	28433	0	350	15451	81	0	15050,14370,14370,11896,11896,11896,11896	3	40	15126,0,0,0,0,0,0	151	0
170153	575	1170	824	349	322	77	50	9	4921	75	221	439	301	6	117	0	0	3367	0,0,0,0,0,0	28588	0	373	15819	86	0	15399,14687,14687,12099,12099,12099,12099	3	38	15496,0,0,0,0,0,0	146	0
170095	561	1150	822	318	316	79	54	6	5044	78	223	430	250	4	98	0	0	3300	0,0,0,0,0,0	42124	0	321	16138	89	0	15702,14964,14964,12279,12279,12279,12279	3	23	15815,0,0,0,0,0,0	148	0
170136	495	1154	846	314	318	82	52	9	5034	80	226	454	276	4	117	0	0	3261	0,0,0,0,0,0	42385	0	281	16421	90	0	15967,15196,15196,12391,12391,12391,12391	3	20	16098,0,0,0,0,0,0	161	0
170069	515	1111	826	331	320	84	55	8	5117	81	229	453	233	2	104	0	0	3242	0,0,0,0,0,0	28473	0	345	16767	91	0	16296,15497,15497,12588,12588,12588,12588	3	39	16444,0,0,0,0,0,0	160	0
169997	532	1080	820	345	326	91	57	7	5170	87	234	441	254	0	116	0	0	3251	0,0,0,0,0,0	28558	0	337	17109	93	0	16622,15795,15795,12784,12784,12784,12784	3	29	16787,0,0,0,0,0,0	169	0
170000	537	1113	762	344	315	91	54	8	5192	91	239	441	238	2	114	0	0	3216	0,0,0,0,0,0	28534	0	343	17452	94	0	16947,16085,16085,12944,12944,12944,12944	3	42	17131,0,0,0,0,0,0	171	0
169987	537	1107	763	358	306	87	56	7	5202	95	241	447	318	6	104	0	0	3214	0,0,0,0,0,0	28428	0	357	17803	100	0	17276,16380,16380,13113,13113,13113,13113	3	47	17482,0,0,0,0,0,0	164	0
169929	548	1132	758	344	304	86	53	10	5241	98	243	469	295	4	120	0	0	3225	0,0,0,0,0,0	28694	0	373	18174	102	0	17627,16699,16699,13315,13315,13315,13315	3	38	17854,0,0,0,0,0,0	164	0
169948	547	1084	765	332	314	90	56	11	5253	101	245	438	253	5	118	0	0	3188	0,0,0,0,0,0	42565	0	309	18478	108	0	17910,16951,16951,13447,13447,13447,13447	3	24	18158,0,0,0,0,0,0	167	0
169987	513	1095	772	317	302	92	52	14	5253	103	246	434	247	4	100	0	0	3143	0,0,0,0,0,0	42627	0	300	18778	112	0	18189,17195,17195,13565,13565,13565,13565	3	15	18459,0,0,0,0,0,0	169	0
170012	487	1083	805	306	303	92	50	14	5240	108	246	453	334	4	119	0	0	3126	0,0,0,0,0,0	28225	0	332	19110	112	0	18496,17466,17466,13704,13704,13704,13704	3	30	18791,0,0,0,0,0,0	170	0
169987	482	1108	762	289	301	86	50	14	5303	113	251	426	269	6	110	0	0	3078	0,0,0,0,0,0	28462	0	344	19448	119	0	18812,17751,17751,13871,13871,13871,13871	3	43	19129,0,0,0,0,0,0	157	0
169955	517	1110	759	299	307	87	49	13	5280	117	253	434	272	11	115	0	0	3128	0,0,0,0,0,0	28704	0	387	19831	124	0	19172,18075,18075,14063,14063,14063,14063	3	38	19513,0,0,0,0,0,0	150	0
169924	521	1143	728	321	303	83	51	12	5287	119	254	418	251	3	120	0	0	3150	0,0,0,0,0,0	28575	0	357	20187	127	0	19505,18376,18376,14242,14242,14242,14242	2	29	19870,0,0,0,0,0,0	153	0
169905	554	1101	750	297	322	80	51	13	5290	123	260	399	342	3	122	0	0	3155	0,0,0,0,0,0	28313	0	350	20535	129	0	19832,18670,18670,14411,14411,14411,14411	3	41	20218,0,0,0,0,0,0	137	0
169965	509	1076	741	315	333	76	57	12	5273	126	263	396	247	3	93	0	0	3107	0,0,0,0,0,0	42269	0	278	20806	136	0	20082,18886,18886,14503,14503,14503,14503	2	26	20490,0,0,0,0,0,0	142	0
169971	498	1088	719	328	353	75	56	15	5245	132	266	395	269	2	124	0	0	3117	0,0,0,0,0,0	42088	0	320	21124	141	0	20379,19151,19151,14646,14646,14646,14646	2	23	20808,0,0,0,0,0,0	150	0
169990	512	1051	744	338	338	74	58	16	5225	134	266	398	255	5	120	0	0	3115	0,0,0,0,0,0	28628	0	328	21449	144	0	20679,19415,19415,14782,14782,14782,14782	2	32	21133,0,0,0,0,0,0	144	0
170008	527	1012	758	333	331	84	56	19	5212	137	269	386	276	5	126	0	0	3101	0,0,0,0,0,0	28445	0	319	21765	148	0	20970,19673,19673,14914,14914,14914,14914	2	38	21449,0,0,0,0,0,0	149	0
169998	538	1021	767	347	303	84	55	17	5205	140	271	398	317	1	126	0	0	3115	0,0,0,0,0,0	28675	0	353	22116	152	0	21298,19966,19966,15077,15077,15077,15077	3	38	21801,0,0,0,0,0,0	155	0
170030	542	1007	785	342	318	81	51	17	5153	147	273	387	214	4	105	0	0	3126	0,0,0,0,0,0	28596	0	317	22430	156	0	21588,20222,20222,15201,15201,15201,15201	2	29	22116,0,0,0,0,0,0	147	0
170054	517	1038	765	338	317	82	52	18	5141	148	276	393	276	7	109	0	0	3109	0,0,0,0,0,0	28568	0	329	22756	159	0	21890,20488,20488,15335,15335,15335,15335	2	35	22442,0,0,0,0,0,0	144	0
170110	467	1036	803	344	298	80	56	18	5106	149	279	422	259	5	105	0	0	3084	0,0,0,0,0,0	41945	0	287	23039	163	0	22149,20714,20714,15433,15433,15433,15433	2	20	22725,0,0,0,0,0,0	162	0
170165	443	1018	786	326	288	80	57	16	5134	152	281	408	266	8	103	0	0	2998	0,0,0,0,0,0	42314	0	278	23318	165	0	22405,20936,20936,15529,15529,15529,15529	2	25	23005,0,0,0,0,0,0	166	0
170137	461	1034	766	318	281	73	52	17	5165	157	285	415	234	4	122	0	0	2985	0,0,0,0,0,0	28299	0	337	23653	168	0	22720,21219,21219,15694,15694,15694,15694	2	29	23340,0,0,0,0,0,0	158	0
170116	494	1031	723	321	284	74	52	14	5188	160	289	404	302	2	106	0	0	2979	0,0,0,0,0,0	28330	0	348	23998	173	0	23040,21507,21507,15857,15857,15857,15857	2	32	23685,0,0,0,0,0,0	157	0
170181	467	1028	726	312	289	69	52	12	5153	165	292	370	272	1	108	0	0	2943	0,0,0,0,0,0	28436	0	296	24290	177	0	23307,21737,21737,15952,15952,15952,15952	2	33	23977,0,0,0,0,0,0	150	0
170257	438	1011	698	296	296	68	50	13	5157	168	294	391	265	3	82	0	0	2857	0,0,0,0,0,0	42161	0	257	24543	182	0	23534,21932,21932,16021,16021,16021,16021	2	21	24230,0,0,0,0,0,0	140	0
170349	412	1009	696	291	291	73	54	13	5087	171	300	409	291	6	109	0	0	2826	0,0,0,0,0,0	42370	0	258	24800	187	0	23769,22131,22131,16085,16085,16085,16085	2	19	24487,0,0,0,0,0,0	147	0
170431	421	964	700	278	311	70	49	13	5029	178	302	421	263	3	85	0	0	2793	0,0,0,0,0,0	42259	0	281	25081	193	0	24024,22350,22350,16166,16166,16166,16166	2	23	24769,0,0,0,0,0,0	151	0
170528	418	904	703	292	308	75	48	14	4969	181	306	417	276	5	110	0	0	2748	0,0,0,0,0,0	42153	32	253	25329	200	0	24249,22540,22540,16224,16224,16224,16224	2	25	25017,0,0,0,0,0,0	146	24
170582	425	897	685	276	285	87	47	16	4953	185	308	404	292	1	121	0	0	2702	0,0,0,0,0,0	28501	36	281	25601	209	0	24497,22755,22755,16313,16313,16313,16313	2	29	25290,0,0,0,0,0,0	138	57
170633	420	859	686	273	286	90	46	17	4940	187	309	429	266	2	106	0	0	2660	0,0,0,0,0,0	28216	31	266	25860	218	0	24730,22956,22956,16395,16395,16395,16395	2	33	25551,0,0,0,0,0,0	153	81
170731	413	827	664	282	292	94	42	17	4883	191	310	428	255	3	87	0	0	2614	0,0,0,0,0,0	28414	28	243	26100	221	0	24943,23136,23136,16444,16444,16444,16444	2	31	25792,0,0,0,0,0,0	149	103
170817	384	860	642	272	271	91	46	16	4843	191	313	427	241	4	101	0	0	2566	0,0,0,0,0,0	28647	27	263	26360	225	0	25177,23335,23335,16510,16510,16510,16510	2	20	26052,0,0,0,0,0,0	155	125
170909	369	825	636	255	257	101	45	14	4828	193	314	420	258	2	88	0	0	2488	0,0,0,0,0,0	28347	35	236	26596	226	0	25386,23511,23511,16559,16559,16559,16559	2	24	26288,0,0,0,0,0,0	154	155
171001	366	797	608	264	273	92	41	16	4773	198	317	428	272	1	83	0	0	2441	0,0,0,0,0,0	35686	38	239	26831	231	0	25597,23689,23689,16612,16612,16612,16612	2	20	26523,0,0,0,0,0,0	149	184
171072	372	768	612	255	269	95	38	15	4724	204	322	424	263	5	81	0	0	2409	0,0,0,0,0,0	35742	132	226	27055	234	0	25809,23871,23871,16674,16674,16674,16674	2	23	26747,0,0,0,0,0,0	142	293
171136	371	786	595	241	247	95	37	15	4691	209	323	432	277	1	102	0	0	2372	0,0,0,0,0,0	23194	132	246	27298	238	0	26038,24069,24069,16747,16747,16747,16747	2	23	26990,0,0,0,0,0,0	141	404
171226	365	791	571	237	247	95	32	15	4628	213	326	428	300	4	88	0	0	2338	0,0,0,0,0,0	23421	138	242	27534	245	0	26254,24253,24253,16800,16800,16800,16800	2	24	27226,0,0,0,0,0,0	148	519
171302	366	815	546	213	226	95	36	13	4590	214	330	397	264	5	89	0	0	2297	0,0,0,0,0,0	23455	119	240	27771	248	0	26476,24443,24443,16863,16863,16863,16863	2	26	27463,0,0,0,0,0,0	144	617
171386	375	813	544	213	217	96	34	11	4510	216	331	385	247	1	84	0	0	2292	0,0,0,0,0,0	23498	140	244	28012	252	0	26698,24632,24632,16922,16922,16922,16922	2	21	27704,0,0,0,0,0,0	142	732
171466	359	815	539	237	216	92	30	7	4431	221	333	382	262	3	67	0	0	2288	0,0,0,0,0,0	23238	128	236	28242	258	0	26913,24816,24816,16979,16979,16979,16979	2	27	27934,0,0,0,0,0,0	136	833
171546	367	750	558	244	229	83	31	5	4376	222	335	382	220	2	72	0	0	2262	0,0,0,0,0,0	35690	154	215	28452	264	0	27111,24985,24985,17029,17029,17029,17029	2	17	28144,0,0,0,0,0,0	131	957
171692	340	734	512	233	231	76	33	5	4326	223	341	397	240	3	94	0	0	2159	0,0,0,0,0,0	35229	155	170	28622	266	0	27300,25142,25142,17041,17041,17041,17041	2	15	28314,0,0,0,0,0,0	130	1076
171782	322	716	528	232	217	75	34	7	4262	227	344	413	230	3	80	0	0	2124	0,0,0,0,0,0	23391	141	199	28820	269	0	27516,25328,25328,17093,17093,17093,17093	1	27	28512,0,0,0,0,0,0	113	1197
171836	319	725	517	232	200	75	33	7	4224	230	348	421	258	4	78	0	0	2101	0,0,0,0,0,0	23386	142	212	29029	272	0	27744,25530,25530,17167,17167,17167,17167	1	17	28721,0,0,0,0,0,0	124	1317
171878	343	687	507	216	197	75	33	9	4219	232	350	415	259	2	77	0	0	2058	0,0,0,0,0,0	23256	129	221	29245	277	0	27972,25732,25732,17248,17248,17248,17248	1	16	28937,0,0,0,0,0,0	121	1429
171963	325	695	507	211	186	74	34	8	4156	233	354	413	251	4	68	0	0	2032	0,0,0,0,0,0	23485	143	201	29444	280	0	28190,25921,25921,17303,17303,17303,17303	1	24	29136,0,0,0,0,0,0	125	1543
172039	323	683	512	207	186	72	32	8	4089	236	359	406	262	0	73	0	0	2015	0,0,0,0,0,0	23185	146	218	29657	287	0	28418,26119,26119,17366,17366,17366,17366	1	27	29349,0,0,0,0,0,0	119	1663
172147	315	636	521	220	195	70	29	7	4007	239	360	419	254	3	70	0	0	1986	0,0,0,0,0,0	35620	150	179	29832	291	0	28614,26288,26288,17400,17400,17400,17400	1	10	29525,0,0,0,0,0,0	126	1782
172226	296	640	506	212	192	67	30	7	3967	241	362	398	294	5	67	0	0	1943	0,0,0,0,0,0	35836	69	173	30003	295	0	28808,26456,26456,17445,17445,17445,17445	1	13	29696,0,0,0,0,0,0	120	1837
172281	307	613	512	202	198	64	32	5	3924	243	365	401	288	2	76	0	0	1928	0,0,0,0,0,0	23336	61	194	30196	298	0	29023,26646,26646,17511,17511,17511,17511	1	14	29889,0,0,0,0,0,0	108	1886
172343	324	611	483	184	180	61	32	6	3907	246	369	417	254	6	59	0	0	1875	0,0,0,0,0,0	23287	67	196	30388	302	0	29235,26832,26832,17571,17571,17571,17571	1	22	30082,0,0,0,0,0,0	106	1935
172420	317	590	488	186	174	53	30	7	3859	248	374	420	337	3	71	0	0	1838	0,0,0,0,0,0	23547	48	194	30580	304	0	29445,27015,27015,17623,17623,17623,17623	1	20	30274,0,0,0,0,0,0	97	1968
172492	328	593	462	176	177	45	31	10	3807	249	376	423	240	2	74	0	0	1812	0,0,0,0,0,0	23372	50	190	30766	308	0	29651,27195,27195,17675,17675,17675,17675	1	10	30460,0,0,0,0,0,0	91	2010
172568	289	616	454	185	168	39	34	9	3757	249	378	435	256	4	76	0	0	1785	0,0,0,0,0,0	23228	63	180	30945	311	0	29850,27368,27368,17722,17722,17722,17722	1	21	30639,0,0,0,0,0,0	83	2058
172697	265	571	465	190	178	39	29	7	3670	254	381	432	273	2	56	0	0	1737	0,0,0,0,0,0	35700	52	145	31089	313	0	30012,27502,27502,17725,17725,17725,17725	1	8	30783,0,0,0,0,0,0	89	2095
172782	249	569	442	195	171	41	27	9	3623	257	381	443	247	3	54	0	0	1694	0,0,0,0,0,0	35904	224	154	31240	316	0	30166,27634,27634,17747,17747,17747,17747	1	13	30934,0,0,0,0,0,0	85	2257
172857	268	537	432	179	181	45	29	6	3567	259	386	452	248	4	70	0	0	1671	0,0,0,0,0,0	23354	217	169	31408	318	0	30339,27782,27782,17780,17780,17780,17780	1	18	31102,0,0,0,0,0,0	82	2430
172843	319	558	394	178	170	47	33	7	3549	259	389	444	307	3	63	0	0	1699	2,0,0,0,0,0	23369	201	192	31644	322	0	30578,27999,27999,17889,17889,17889,17889	1	16	31293,47,0,0,0,0,0	98	2573
172912	318	565	381	175	157	41	32	6	3504	261	394	466	265	4	61	0	0	1669	5,0,0,0,0,0	23514	205	147	31819	324	0	30751,28147,28147,17925,17925,17925,17925	1	17	31428,87,0,0,0,0,0	89	2722
172927	322	604	378	165	168	48	32	5	3439	262	396	487	256	1	53	0	0	1717	8,0,0,0,0,0	23648	206	171	32032	326	0	30964,28337,28337,18007,18007,18007,18007	1	15	31581,148,0,0,0,0,0	82	2878
172971	311	639	379	172	177	46	31	6	3350	263	401	475	307	5	60	0	0	1755	11,0,0,0,0,0	23427	189	169	32223	328	0	31160,28510,28510,18067,18067,18067,18067	1	12	31719,201,0,0,0,0,0	88	3025
172992	297	657	392	164	179	47	32	6	3309	263	408	470	303	4	72	0	0	1768	15,0,0,0,0,0	35348	203	161	32413	333	0	31356,28685,28685,18140,18140,18140,18140	1	13	31839,272,0,0,0,0,0	89	3182
173019	311	669	397	169	186	44	31	8	3238	265	409	455	254	2	61	0	0	1807	19,0,0,0,0,0	35652	162	187	32630	335	0	31649,28954,28954,18259,18259,18259,18259	1	4	31971,357,0,0,0,0,0	101	3298
172954	336	686	418	182	184	46	33	6	3222	265	414	464	247	2	66	0	0	1885	21,0,0,0,0,0	23276	164	256	32879	342	0	31980,29267,29267,18440,18440,18440,18440	1	25	32147,433,0,0,0,0,0	99	3417
