S	E	I1	I2	I3	I4	I5_h	I6_h	R_h	R	D1	D2	H	T	P1	P2	Q	QT	NQ	MUT	HOM	VAC	NI	INF	REINF	BSTR	IMM	HCI	HCE	INFV	INFH	VNI
178109	133	139	55	45	38	11	1	0	214	1	0	197	0	0	0	0	0	422	0,0,0,0,0,0	178745	0	0	422	0	0	637,637,637,637,637,637,637	0	0	0,0,0,0,0,0,0	0	0
178066	95	204	49	39	36	12	1	0	242	1	1	317	321	0	81	0	0	436	0,0,0,0,0,0	12569	0	55	478	0	0	680,680,680,680,680,680,680	0	3	56,0,0,0,0,0,0	13	0
178003	95	222	68	49	37	13	3	0	251	1	4	430	257	0	14	0	0	487	0,0,0,0,0,0	12651	0	71	549	0	0	744,744,744,744,744,744,744	0	10	127,0,0,0,0,0,0	14	0
177943	103	232	82	50	45	13	3	0	266	1	8	496	105	0	8	0	0	528	0,0,0,0,0,0	12763	0	72	621	0	0	806,806,806,806,806,806,806	0	3	199,0,0,0,0,0,0	14	0
177878	115	235	83	58	46	14	3	0	303	1	10	558	269	0	21	0	0	554	0,0,0,0,0,0	24732	0	80	701	0	0	875,875,875,875,875,875,875	0	4	279,0,0,0,0,0,0	19	0
177831	107	228	105	62	53	17	2	1	328	1	11	590	90	0	18	0	0	574	0,0,0,0,0,0	24738	0	63	764	0	0	924,924,924,924,924,924,924	0	4	342,0,0,0,0,0,0	20	0
177768	105	239	107	72	59	17	2	1	361	2	13	628	242	2	27	0	0	601	0,0,0,0,0,0	12904	0	75	840	0	0	992,992,992,992,992,992,992	0	3	418,0,0,0,0,0,0	22	0
177694	111	256	113	59	66	20	4	1	402	2	18	678	239	1	25	0	0	629	0,0,0,0,0,0	12835	0	86	926	0	0	1070,1070,1070,1069,1069,1069,1069	0	6	504,0,0,0,0,0,0	24	0
177620	117	249	132	59	69	23	4	1	447	2	23	708	282	2	28	0	0	653	0,0,0,0,0,0	13050	0	85	1011	0	0	1149,1149,1149,1148,1148,1148,1148	0	8	589,0,0,0,0,0,0	30	0
177533	129	271	130	63	75	27	4	1	485	2	26	755	258	1	28	0	0	699	0,0,0,0,0,0	13100	0	104	1115	0	0	1241,1241,1241,1240,1240,1240,1240	0	7	693,0,0,0,0,0,0	36	0
177424	144	297	135	62	85	28	5	1	529	2	34	750	313	0	32	0	0	756	0,0,0,0,0,0	13090	0	116	1230	1	0	1358,1357,1357,1354,1354,1354,1354	0	14	809,0,0,0,0,0,0	38	0
177361	149	289	147	61	96	24	5	1	573	2	38	748	249	0	30	0	0	771	0,0,0,0,0,0	24917	0	98	1326	3	0	1439,1437,1437,1429,1429,1429,1429	0	7	907,0,0,0,0,0,0	44	0
177294	143	291	165	57	100	23	6	0	622	2	43	758	87	1	33	0	0	785	0,0,0,0,0,0	24909	0	90	1415	4	0	1519,1517,1517,1506,1506,1506,1506	0	6	997,0,0,0,0,0,0	46	0
177194	151	319	162	65	103	22	5	0	672	3	50	745	306	2	39	0	0	827	0,0,0,0,0,0	13076	0	124	1537	6	0	1638,1633,1633,1618,1618,1618,1618	0	14	1121,0,0,0,0,0,0	47	0
177088	178	321	182	76	96	20	6	0	723	3	53	753	236	0	37	0	0	879	0,0,0,0,0,0	13107	0	132	1669	6	0	1763,1758,1758,1737,1737,1737,1737	0	22	1253,0,0,0,0,0,0	50	0
176996	191	309	213	83	96	18	7	0	769	3	61	715	246	0	37	0	0	917	0,0,0,0,0,0	13078	0	118	1787	6	0	1878,1871,1871,1844,1844,1844,1844	0	11	1371,0,0,0,0,0,0	48	0
176904	193	353	198	84	95	21	7	0	824	3	64	722	246	2	30	0	0	951	0,0,0,0,0,0	13083	0	131	1917	7	0	1993,1983,1983,1951,1951,1951,1951	1	22	1502,0,0,0,0,0,0	49	0
176806	204	365	208	86	82	20	9	0	892	3	71	738	253	0	35	0	0	974	0,0,0,0,0,0	13084	0	137	2054	8	0	2120,2109,2109,2068,2068,2068,2068	1	23	1640,0,0,0,0,0,0	43	0
176715	205	374	222	105	87	21	9	0	924	3	81	730	259	1	28	0	0	1023	0,0,0,0,0,0	25048	0	129	2182	10	0	2242,2229,2229,2179,2179,2179,2179	1	10	1770,0,0,0,0,0,0	48	0
176636	194	401	218	109	83	22	13	1	979	4	86	718	325	4	36	0	0	1040	0,0,0,0,0,0	24877	0	118	2298	12	0	2355,2338,2338,2277,2277,2277,2277	1	8	1888,0,0,0,0,0,0	53	0
176533	216	416	233	103	93	21	16	1	1019	4	91	710	242	2	40	0	0	1098	0,0,0,0,0,0	12866	0	152	2450	13	0	2499,2479,2479,2405,2405,2405,2405	1	21	2040,0,0,0,0,0,0	56	0
176439	227	443	248	101	90	22	18	1	1061	4	92	674	90	2	35	0	0	1149	0,0,0,0,0,0	12915	0	146	2597	13	0	2627,2603,2603,2520,2520,2520,2520	1	15	2187,0,0,0,0,0,0	52	0
176337	232	458	266	98	106	23	17	0	1106	8	95	697	241	1	37	0	0	1200	0,0,0,0,0,0	12818	0	160	2756	14	0	2774,2747,2747,2648,2648,2648,2648	1	12	2347,0,0,0,0,0,0	59	0
176235	237	450	270	115	129	22	17	0	1159	8	104	705	265	1	42	0	0	1240	0,0,0,0,0,0	13044	0	159	2914	15	0	2930,2897,2897,2780,2780,2780,2780	1	9	2506,0,0,0,0,0,0	60	0
176119	251	482	263	120	130	22	20	0	1224	8	107	700	308	2	63	0	0	1288	0,0,0,0,0,0	13059	0	173	3087	15	0	3093,3056,3056,2923,2923,2923,2923	1	23	2679,0,0,0,0,0,0	60	0
176027	262	476	290	118	144	20	21	0	1268	9	111	703	326	3	40	0	0	1331	0,0,0,0,0,0	24984	0	158	3245	16	0	3244,3201,3201,3048,3048,3048,3048	1	11	2838,0,0,0,0,0,0	63	0
175924	258	508	309	112	128	21	21	1	1338	10	116	693	128	2	53	0	0	1357	0,0,0,0,0,0	24881	0	169	3414	17	0	3404,3356,3356,3184,3184,3184,3184	1	21	3007,0,0,0,0,0,0	65	0
175820	279	505	323	119	129	23	23	2	1389	11	123	706	245	5	50	0	0	1401	0,0,0,0,0,0	13137	0	175	3589	18	0	3572,3517,3517,3323,3323,3323,3323	1	21	3183,0,0,0,0,0,0	72	0
175695	288	533	347	119	142	24	22	2	1435	12	127	684	83	1	42	0	0	1475	0,0,0,0,0,0	12870	0	199	3788	18	0	3762,3701,3701,3483,3483,3483,3483	1	30	3382,0,0,0,0,0,0	81	0
175580	281	558	366	136	141	28	25	3	1482	14	132	670	324	1	61	0	0	1535	0,0,0,0,0,0	12981	0	190	3979	19	0	3947,3878,3878,3635,3635,3635,3635	1	26	3573,0,0,0,0,0,0	76	0
175429	319	601	383	138	130	28	27	2	1538	15	136	651	291	5	56	0	0	1626	0,0,0,0,0,0	13046	0	237	4217	19	0	4176,4100,4100,3828,3828,3828,3828	1	30	3811,0,0,0,0,0,0	85	0
175293	331	668	374	130	132	26	26	2	1607	17	140	644	239	0	53	0	0	1687	0,0,0,0,0,0	13257	0	240	4458	19	0	4408,4322,4322,4015,4015,4015,4015	1	30	4052,0,0,0,0,0,0	87	0
175220	339	635	393	142	148	30	29	3	1647	17	143	641	329	6	45	0	0	1716	0,0,0,0,0,0	24780	0	188	4646	20	0	4585,4488,4488,4143,4143,4143,4143	1	13	4240,0,0,0,0,0,0	84	0
175099	318	651	407	153	154	29	25	4	1736	21	149	653	84	2	68	0	0	1737	0,0,0,0,0,0	25109	0	201	4846	22	0	4784,4679,4679,4305,4305,4305,4305	1	22	4441,0,0,0,0,0,0	93	0
174963	343	668	425	165	161	30	29	5	1787	21	149	669	324	3	73	0	0	1821	0,0,0,0,0,0	13196	0	252	5099	22	0	5024,4909,4909,4496,4496,4496,4496	2	38	4694,0,0,0,0,0,0	98	0
174816	366	713	431	159	176	30	30	4	1849	22	150	658	302	6	82	0	0	1905	0,0,0,0,0,0	12893	0	247	5347	23	0	5257,5133,5133,4688,4688,4688,4688	2	26	4943,0,0,0,0,0,0	96	0
174661	392	730	455	176	184	34	33	4	1899	23	155	647	311	2	60	0	0	2004	0,0,0,0,0,0	12893	0	272	5618	25	0	5518,5383,5383,4899,4899,4899,4899	2	32	5214,0,0,0,0,0,0	100	0
174492	430	725	460	196	188	37	32	5	1998	27	156	657	259	0	87	0	0	2068	0,0,0,0,0,0	13063	0	271	5887	27	0	5781,5636,5636,5116,5116,5116,5116	2	37	5484,0,0,0,0,0,0	102	0
174319	446	783	488	186	194	35	27	5	2071	32	160	651	254	1	73	0	0	2159	0,0,0,0,0,0	12961	0	292	6178	31	0	6064,5907,5907,5346,5346,5346,5346	2	31	5776,0,0,0,0,0,0	115	0
174133	452	856	491	179	212	34	28	5	2159	34	163	683	234	4	66	0	0	2252	0,0,0,0,0,0	24856	0	304	6483	32	0	6362,6194,6194,5589,5589,5589,5589	2	26	6081,0,0,0,0,0,0	112	0
173978	441	888	515	191	216	33	27	6	2249	35	167	671	258	2	67	0	0	2311	0,0,0,0,0,0	24983	0	271	6757	32	0	6627,6447,6447,5800,5800,5800,5800	2	27	6355,0,0,0,0,0,0	112	0
173770	459	923	552	206	236	39	29	5	2319	37	171	632	260	2	80	0	0	2444	0,0,0,0,0,0	13307	0	342	7097	34	0	6958,6765,6765,6072,6072,6072,6072	2	38	6695,0,0,0,0,0,0	112	0
173566	478	972	564	227	246	41	31	5	2399	40	177	599	258	4	101	0	0	2559	0,0,0,0,0,0	12991	0	338	7436	34	0	7289,7082,7082,6339,6339,6339,6339	2	34	7034,0,0,0,0,0,0	105	0
173330	498	1013	592	250	260	46	35	3	2496	42	181	590	297	7	80	0	0	2694	0,0,0,0,0,0	13098	0	363	7799	35	0	7642,7423,7423,6635,6635,6635,6635	2	36	7397,0,0,0,0,0,0	115	0
173109	545	997	626	270	265	53	34	6	2611	42	188	555	299	2	109	0	0	2790	0,0,0,0,0,0	12950	0	360	8159	36	0	7996,7763,7763,6925,6925,6925,6925	2	42	7757,0,0,0,0,0,0	114	0
172880	559	1038	639	290	262	57	38	6	2743	42	192	577	241	4	109	0	0	2883	0,0,0,0,0,0	13102	0	371	8532	38	0	8360,8113,8113,7224,7224,7224,7224	3	45	8130,0,0,0,0,0,0	127	0
172690	569	1041	668	306	273	58	37	7	2858	45	194	541	294	3	97	0	0	2952	0,0,0,0,0,0	24950	0	355	8888	40	0	8708,8444,8444,7493,7493,7493,7493	2	27	8486,0,0,0,0,0,0	131	0
172532	559	1078	684	312	274	65	40	7	2951	48	196	506	283	4	115	0	0	3012	0,0,0,0,0,0	24868	0	329	9218	44	0	9028,8747,8747,7734,7734,7734,7734	2	28	8816,0,0,0,0,0,0	137	0
172318	576	1139	716	317	271	67	41	7	3043	50	201	499	301	7	117	0	0	3127	0,0,0,0,0,0	13031	0	399	9617	44	0	9417,9118,9118,8037,8037,8037,8037	3	43	9215,0,0,0,0,0,0	145	0
172055	645	1147	741	330	294	70	43	10	3156	52	203	491	348	5	114	0	0	3270	0,0,0,0,0,0	12813	0	455	10071	47	0	9856,9538,9538,8389,8389,8389,8389	3	47	9669,0,0,0,0,0,0	141	0
171857	670	1136	769	344	310	72	45	6	3280	54	203	491	336	4	121	0	0	3346	0,0,0,0,0,0	28704	0	385	10457	50	0	10228,9891,9891,8676,8676,8676,8676	3	36	10056,0,0,0,0,0,0	152	0
171655	647	1193	783	357	310	77	48	5	3409	57	205	482	329	7	129	0	0	3415	0,0,0,0,0,0	28555	0	400	10857	52	0	10617,10261,10261,8972,8972,8972,8972	3	37	10456,0,0,0,0,0,0	153	0
171467	625	1254	763	364	321	74	48	4	3558	60	208	471	297	4	105	0	0	3449	0,0,0,0,0,0	28532	0	389	11249	55	0	10999,10622,10622,9257,9257,9257,9257	3	39	10851,0,0,0,0,0,0	153	0
171344	588	1247	799	363	328	74	50	5	3670	65	213	491	263	3	129	0	0	3449	0,0,0,0,0,0	42388	0	347	11599	56	0	11338,10938,10938,9489,9489,9489,9489	3	26	11201,0,0,0,0,0,0	153	0
171233	531	1259	758	354	351	82	51	5	3841	67	214	477	283	4	104	0	0	3386	0,0,0,0,0,0	42418	0	325	11923	58	0	11649,11228,11228,9701,9701,9701,9701	3	35	11525,0,0,0,0,0,0	157	0
171034	564	1266	789	352	370	79	57	5	3944	71	215	473	325	5	142	0	0	3477	0,0,0,0,0,0	28596	0	414	12337	60	0	12050,11607,11607,10001,10001,10001,10001	3	58	11940,0,0,0,0,0,0	154	0
170851	618	1231	813	346	378	80	49	6	4075	81	218	464	310	7	140	0	0	3515	0,0,0,0,0,0	28599	0	408	12747	63	0	12446,11980,11980,10290,10290,10290,10290	3	43	12351,0,0,0,0,0,0	155	0
170655	637	1233	830	354	382	79	52	7	4208	83	226	466	254	8	134	0	0	3567	0,0,0,0,0,0	28481	0	405	13150	67	0	12843,12355,12355,10586,10586,10586,10586	3	36	12755,0,0,0,0,0,0	155	0
170559	624	1239	826	352	368	88	53	6	4316	86	229	435	261	7	130	0	0	3550	0,0,0,0,0,0	28704	0	358	13506	71	0	13184,12670,12670,10805,10805,10805,10805	3	45	13111,0,0,0,0,0,0	148	0
170424	627	1268	856	333	369	91	52	6	4400	91	229	426	241	4	114	0	0	3596	0,0,0,0,0,0	28329	0	412	13919	73	0	13578,13036,13036,11070,11070,11070,11070	3	43	13524,0,0,0,0,0,0	160	0
170374	608	1227	856	337	383	87	51	9	4486	95	233	410	239	7	127	0	0	3549	0,0,0,0,0,0	42449	0	329	14247	75	0	13891,13321,13321,11252,11252,11252,11252	3	25	13852,0,0,0,0,0,0	158	0
170372	515	1238	850	346	351	84	54	6	4597	96	237	420	247	6	126	0	0	3438	0,0,0,0,0,0	42478	0	289	14540	75	0	14167,13568,13568,11392,11392,11392,11392	3	22	14145,0,0,0,0,0,0	174	0
170299	519	1215	869	343	337	90	58	6	4670	100	240	394	244	8	133	0	0	3431	0,0,0,0,0,0	28387	0	371	14911	77	0	14520,13891,13891,11605,11605,11605,11605	3	31	14516,0,0,0,0,0,0	172	0
170205	572	1165	899	325	343	90	65	7	4730	103	242	388	250	3	108	0	0	3459	0,0,0,0,0,0	28450	0	398	15307	82	0	14896,14237,14237,11839,11839,11839,11839	3	45	14913,0,0,0,0,0,0	177	0
170079	626	1174	888	292	339	94	68	7	4830	107	242	397	302	7	128	0	0	3481	0,0,0,0,0,0	28752	0	415	15722	83	0	15292,14603,14603,12100,12100,12100,12100	3	35	15328,0,0,0,0,0,0	173	0
170019	602	1204	871	309	322	88	66	12	4900	110	243	403	273	5	117	0	0	3462	0,0,0,0,0,0	28500	0	367	16087	87	0	15638,14918,14918,12302,12302,12302,12302	3	32	15694,0,0,0,0,0,0	173	0
169970	593	1188	870	331	313	88	68	12	4955	113	245	413	241	6	119	0	0	3451	0,0,0,0,0,0	28310	0	356	16442	91	0	15973,15222,15222,12493,12493,12493,12493	3	30	16049,0,0,0,0,0,0	167	0
169951	586	1176	849	324	325	87	65	13	5005	118	247	398	300	6	108	0	0	3412	0,0,0,0,0,0	42161	0	332	16775	95	0	16286,15504,15504,12659,12659,12659,12659	3	30	16382,0,0,0,0,0,0	173	0
169951	563	1167	856	341	310	92	66	13	5017	120	250	403	294	6	108	0	0	3395	0,0,0,0,0,0	41926	0	342	17115	98	0	16606,15790,15790,12819,12819,12819,12819	3	30	16722,0,0,0,0,0,0	174	0
169883	566	1170	837	324	329	91	65	11	5094	125	251	399	258	3	126	0	0	3382	0,0,0,0,0,0	28617	0	378	17493	103	0	16963,16116,16116,13030,13030,13030,13030	3	42	17100,0,0,0,0,0,0	171	0
169813	585	1179	816	318	328	90	60	10	5161	132	254	392	274	2	149	0	0	3376	0,0,0,0,0,0	28455	0	389	17879	108	0	17327,16448,16448,13244,13244,13244,13244	3	50	17486,0,0,0,0,0,0	172	0
169771	591	1185	858	334	327	88	65	9	5127	133	258	388	254	6	114	0	0	3448	0,0,0,0,0,0	28495	0	376	18252	112	0	17680,16768,16768,13441,13441,13441,13441	3	37	17860,0,0,0,0,0,0	169	0
169705	624	1157	875	316	334	89	63	8	5172	140	263	379	233	2	97	0	0	3458	0,0,0,0,0,0	28533	0	356	18605	118	0	18017,17075,17075,13640,13640,13640,13640	3	45	18215,0,0,0,0,0,0	168	0
169670	609	1232	826	318	343	90	64	8	5177	144	265	419	232	4	112	0	0	3482	0,0,0,0,0,0	28679	0	383	18984	125	0	18374,17398,17398,13833,13833,13833,13833	3	52	18595,0,0,0,0,0,0	174	0
169744	539	1220	876	320	331	91	60	11	5138	147	269	408	94	4	102	0	0	3437	0,0,0,0,0,0	42406	0	289	19268	132	0	18636,17623,17623,13925,13925,13925,13925	3	21	18879,0,0,0,0,0,0	174	0
169746	488	1192	894	315	364	89	59	12	5167	151	269	404	234	5	108	0	0	3401	0,0,0,0,0,0	42323	0	330	19597	135	0	18942,17896,17896,14076,14076,14076,14076	3	34	19208,0,0,0,0,0,0	177	0
169720	505	1168	877	317	378	92	57	14	5190	156	272	393	281	5	145	0	0	3394	0,0,0,0,0,0	28265	0	364	19958	139	0	19282,18202,18202,14257,14257,14257,14257	3	43	19569,0,0,0,0,0,0	168	0
169678	528	1125	858	330	352	100	55	15	5272	159	274	387	255	6	151	0	0	3348	0,0,0,0,0,0	28364	0	358	20314	141	0	19613,18502,18502,14439,14439,14439,14439	3	41	19925,0,0,0,0,0,0	176	0
169681	526	1126	829	341	333	100	59	13	5303	160	275	373	309	5	117	0	0	3314	0,0,0,0,0,0	28246	0	338	20651	143	0	19926,18781,18781,14591,14591,14591,14591	3	39	20262,0,0,0,0,0,0	173	0
169712	499	1134	808	330	327	97	55	12	5325	169	278	354	254	2	111	0	0	3250	0,0,0,0,0,0	28450	0	319	20967	148	0	20220,19040,19040,14719,14719,14719,14719	3	27	20578,0,0,0,0,0,0	164	0
169675	525	1151	791	339	334	97	52	13	5315	175	279	374	271	4	104	0	0	3289	0,0,0,0,0,0	28436	0	382	21345	154	0	20573,19358,19358,14910,14910,14910,14910	3	34	20956,0,0,0,0,0,0	159	0
169703	488	1138	788	336	321	102	52	13	5342	181	282	382	269	4	96	0	0	3225	0,0,0,0,0,0	42187	0	294	21638	159	0	20845,19599,19599,15029,15029,15029,15029	3	26	21250,0,0,0,0,0,0	167	0
169751	469	1105	767	313	332	104	50	12	5368	187	288	379	298	6	105	0	0	3140	0,0,0,0,0,0	42373	0	301	21934	165	0	21120,19839,19839,15140,15140,15140,15140	2	23	21546,0,0,0,0,0,0	167	0
169777	470	1090	776	316	321	104	46	15	5347	193	291	389	246	6	123	0	0	3123	0,0,0,0,0,0	28546	0	323	22257	168	0	21420,20104,20104,15272,15272,15272,15272	2	37	21870,0,0,0,0,0,0	164	0
169818	470	1073	752	316	308	98	48	15	5358	196	294	380	288	3	131	0	0	3065	0,0,0,0,0,0	28638	0	311	22566	172	0	21703,20351,20351,15387,15387,15387,15387	2	36	22179,0,0,0,0,0,0	153	0
169860	464	1068	751	311	302	96	52	14	5333	198	297	381	244	7	118	0	0	3044	0,0,0,0,0,0	28499	0	310	22875	175	0	21988,20600,20600,15503,15503,15503,15503	3	35	22488,0,0,0,0,0,0	157	0
169851	472	1062	767	322	296	94	52	13	5317	201	299	383	268	11	121	0	0	3065	0,0,0,0,0,0	28403	0	355	23224	183	0	22312,20891,20891,15664,15664,15664,15664	3	36	22839,0,0,0,0,0,0	162	0
169856	470	1094	737	321	302	96	51	13	5300	204	302	388	222	5	97	0	0	3071	0,0,0,0,0,0	28454	0	338	23562	185	0	22627,21170,21170,15814,15814,15814,15814	3	34	23177,0,0,0,0,0,0	168	0
169867	472	1054	730	319	309	89	52	13	5332	206	303	409	266	5	93	0	0	3025	0,0,0,0,0,0	42467	0	297	23860	188	0	22902,21414,21414,15940,15940,15940,15940	2	17	23475,0,0,0,0,0,0	166	0
169953	454	984	757	321	312	91	53	12	5295	210	304	381	308	4	102	0	0	2972	0,0,0,0,0,0	42166	0	279	24137	192	0	23153,21629,21629,16019,16019,16019,16019	2	22	23752,0,0,0,0,0,0	161	0
170022	465	949	732	327	302	97	51	12	5269	213	307	386	290	5	117	0	0	2923	0,0,0,0,0,0	28580	0	289	24424	198	0	23414,21854,21854,16109,16109,16109,16109	2	17	24040,0,0,0,0,0,0	163	0
170084	461	934	735	325	284	109	52	11	5226	216	309	362	263	6	120	0	0	2900	0,0,0,0,0,0	28367	0	293	24715	205	0	23675,22081,22081,16201,16201,16201,16201	2	29	24331,0,0,0,0,0,0	174	0
170129	475	965	688	319	262	108	50	12	5209	219	310	390	260	6	125	0	0	2867	0,0,0,0,0,0	28405	0	316	25022	214	0	23955,22325,22325,16311,16311,16311,16311	2	25	24639,0,0,0,0,0,0	174	0
170195	444	940	695	309	264	105	50	14	5194	221	315	394	264	10	81	0	0	2807	0,0,0,0,0,0	42725	0	253	25277	216	0	24188,22526,22526,16388,16388,16388,16388	2	21	24894,0,0,0,0,0,0	181	0
170264	425	914	683	315	281	100	41	15	5161	229	318	401	237	5	88	0	0	2759	0,0,0,0,0,0	42254	0	264	25534	223	0	24421,22726,22726,16462,16462,16462,16462	2	14	25151,0,0,0,0,0,0	179	0
170401	402	907	676	299	285	101	40	14	5070	233	318	426	223	1	101	0	0	2710	0,0,0,0,0,0	42462	0	228	25762	226	0	24621,22889,22889,16488,16488,16488,16488	1	12	25379,0,0,0,0,0,0	174	0
170528	352	899	682	285	272	100	40	16	5017	234	321	414	320	4	97	0	0	2630	0,0,0,0,0,0	42331	25	216	25974	230	0	24808,23042,23042,16512,16512,16512,16512	2	28	25591,0,0,0,0,0,0	176	23
170615	377	822	692	289	261	101	39	15	4976	236	323	415	248	5	101	0	0	2581	0,0,0,0,0,0	28454	22	256	26229	233	0	25037,23237,23237,16575,16575,16575,16575	1	16	25846,0,0,0,0,0,0	178	42
170674	401	824	639	275	263	104	42	16	4940	239	329	389	247	3	103	0	0	2548	0,0,0,0,0,0	28779	29	257	26479	240	0	25261,23429,23429,16647,16647,16647,16647	2	32	26096,0,0,0,0,0,0	179	68
170726	402	826	630	256	257	104	43	15	4916	242	329	379	317	6	83	0	0	2518	0,0,0,0,0,0	28576	28	245	26722	245	0	25479,23617,23617,16721,16721,16721,16721	2	27	26339,0,0,0,0,0,0	163	90
170793	402	815	638	252	246	100	43	16	4867	243	331	387	249	4	89	0	0	2496	0,0,0,0,0,0	28253	30	253	26972	252	0	25704,23811,23811,16792,16792,16792,16792	2	32	26590,0,0,0,0,0,0	167	111
170889	368	806	636	257	230	103	44	17	4816	246	334	413	313	6	82	0	0	2444	0,0,0,0,0,0	28491	30	221	27191	256	0	25896,23971,23971,16830,16830,16830,16830	2	34	26809,0,0,0,0,0,0	170	137
171000	344	776	620	253	233	103	46	15	4775	247	334	412	237	1	88	0	0	2375	0,0,0,0,0,0	35700	24	203	27391	260	0	26070,24114,24114,16854,16854,16854,16854	2	12	27009,0,0,0,0,0,0	186	159
171123	322	744	605	247	234	101	45	13	4728	250	334	397	241	7	93	0	0	2298	0,0,0,0,0,0	35341	127	198	27587	262	0	26248,24260,24260,16874,16874,16874,16874	2	20	27205,0,0,0,0,0,0	186	262
171169	359	740	599	224	217	101	44	11	4692	254	336	398	305	2	84	0	0	2284	0,0,0,0,0,0	23387	124	260	27846	266	0	26489,24470,24470,16961,16961,16961,16961	2	31	27464,0,0,0,0,0,0	176	363
171273	375	720	551	222	223	96	42	13	4639	254	338	410	259	2	83	0	0	2229	0,0,0,0,0,0	23097	112	204	28047	270	0	26671,24622,24622,16989,16989,16989,16989	2	31	27666,0,0,0,0,0,0	178	455
171316	383	717	531	223	233	89	40	14	4604	257	339	404	257	2	67	0	0	2216	0,0,0,0,0,0	23380	130	239	28284	273	0	26892,24814,24814,17066,17066,17066,17066	2	25	27904,0,0,0,0,0,0	164	562
171382	395	749	514	221	227	86	37	16	4514	262	343	407	319	5	87	0	0	2229	0,0,0,0,0,0	23133	138	257	28540	278	0	27131,25021,25021,17142,17142,17142,17142	2	32	28160,0,0,0,0,0,0	157	661
171449	393	761	511	249	222	77	38	16	4423	263	344	416	247	2	92	0	0	2251	0,0,0,0,0,0	23327	119	245	28784	281	0	27356,25215,25215,17211,17211,17211,17211	2	31	28404,0,0,0,0,0,0	149	754
171558	372	726	536	245	222	81	34	18	4341	266	347	402	281	6	72	0	0	2216	0,0,0,0,0,0	35734	125	202	28986	281	0	27543,25370,25370,17240,17240,17240,17240	2	16	28606,0,0,0,0,0,0	147	865
171681	326	751	527	228	210	83	33	18	4275	267	347	395	259	4	77	0	0	2158	0,0,0,0,0,0	35524	129	195	29178	287	0	27746,25542,25542,17270,17270,17270,17270	2	19	28799,0,0,0,0,0,0	153	966
171724	352	751	524	228	210	76	36	17	4212	268	348	387	262	5	78	0	0	2177	0,0,0,0,0,0	23370	159	247	29424	289	0	28004,25771,25771,17366,17366,17366,17366	2	22	29045,0,0,0,0,0,0	133	1093
171741	363	753	514	246	200	75	35	14	4184	272	349	398	248	3	78	0	0	2186	0,0,0,0,0,0	23161	159	253	29672	295	0	28258,25998,25998,17471,17471,17471,17471	2	32	29294,0,0,0,0,0,0	134	1224
171760	362	772	511	242	198	71	36	13	4157	274	350	393	252	1	87	0	0	2192	0,0,0,0,0,0	23231	157	251	29921	298	0	28523,26236,26236,17581,17581,17581,17581	2	29	29543,0,0,0,0,0,0	130	1345
171801	372	780	510	225	207	74	34	12	4103	277	351	403	83	2	74	0	0	2202	0,0,0,0,0,0	23428	179	257	30177	301	0	28789,26472,26472,17682,17682,17682,17682	2	25	29799,0,0,0,0,0,0	127	1486
171843	364	772	524	212	211	77	32	9	4067	280	355	394	275	3	87	0	0	2192	0,0,0,0,0,0	23095	134	237	30409	307	0	29033,26688,26688,17769,17769,17769,17769	2	28	30032,0,0,0,0,0,0	125	1586
171935	339	760	511	214	218	71	33	8	4015	283	359	421	256	1	71	0	0	2146	0,0,0,0,0,0	35601	151	192	30597	311	0	29240,26868,26868,17816,17816,17816,17816	2	15	30221,0,0,0,0,0,0	124	1702
172035	322	720	542	215	231	66	35	8	3927	284	361	407	317	3	93	0	0	2131	0,0,0,0,0,0	35441	61	194	30787	316	0	29441,27039,27039,17855,17855,17855,17855	2	17	30411,0,0,0,0,0,0	128	1743
172092	317	689	522	222	234	64	36	9	3912	286	363	420	318	2	80	0	0	2084	0,0,0,0,0,0	23247	55	187	30976	318	0	29654,27227,27227,17918,17918,17918,17918	2	17	30601,0,0,0,0,0,0	129	1785
172135	335	677	509	213	244	65	33	10	3869	290	366	432	274	4	87	0	0	2076	0,0,0,0,0,0	23255	62	240	31213	323	0	29910,27455,27455,18009,18009,18009,18009	2	34	30838,0,0,0,0,0,0	115	1820
172176	334	647	522	205	232	65	33	10	3859	294	369	431	242	4	70	0	0	2038	0,0,0,0,0,0	23320	68	196	31411	324	0	30131,27652,27652,18084,18084,18084,18084	2	21	31037,0,0,0,0,0,0	104	1871
172225	337	663	519	183	219	62	31	10	3829	297	371	454	256	6	79	0	0	2014	0,0,0,0,0,0	23314	75	217	31626	327	0	30376,27871,27871,18167,18167,18167,18167	1	15	31252,0,0,0,0,0,0	106	1920
172326	325	660	517	182	228	58	34	9	3735	298	374	436	232	1	79	0	0	2004	0,0,0,0,0,0	23186	68	205	31830	330	0	30590,28054,28054,18209,18209,18209,18209	1	16	31456,0,0,0,0,0,0	101	1963
172408	300	648	505	181	217	51	30	6	3719	304	377	435	228	3	65	0	0	1932	0,0,0,0,0,0	35728	65	175	32006	332	0	30784,28222,28222,18252,18252,18252,18252	1	15	31633,0,0,0,0,0,0	99	2009
172466	309	623	491	180	194	46	28	8	3713	306	382	466	302	7	69	0	0	1871	0,0,0,0,0,0	35597	193	186	32189	336	0	30969,28382,28382,18302,18302,18302,18302	1	22	31816,0,0,0,0,0,0	92	2146
172496	305	661	472	162	189	49	26	8	3685	309	384	462	266	5	63	0	0	1864	0,0,0,0,0,0	23410	197	209	32398	338	0	31173,28562,28562,18373,18373,18373,18373	1	21	32025,0,0,0,0,0,0	83	2298
172521	310	671	487	165	205	50	25	9	3608	311	384	477	329	4	54	0	0	1913	1,0,0,0,0,0	23350	234	198	32623	346	0	31390,28755,28755,18451,18451,18451,18451	1	21	32218,35,0,0,0,0,0	94	2478
172547	333	688	462	182	186	51	24	6	3568	313	386	517	259	1	74	0	0	1926	3,0,0,0,0,0	23201	218	212	32860	352	0	31627,28965,28965,18541,18541,18541,18541	1	22	32413,77,0,0,0,0,0	94	2638
172535	345	676	462	192	202	48	23	4	3551	315	393	501	276	3	58	0	0	1948	6,0,0,0,0,0	23224	194	185	33076	355	0	31850,29167,29167,18642,18642,18642,18642	1	21	32579,129,0,0,0,0,0	92	2770
172528	373	709	466	181	193	50	25	4	3503	316	398	515	247	3	79	0	0	1997	9,0,0,0,0,0	23191	218	226	33333	364	0	32109,29401,29401,18758,18758,18758,18758	1	13	32777,191,0,0,0,0,0	94	2925
172551	379	732	448	185	196	57	29	4	3450	316	399	500	246	1	60	0	0	2026	12,0,0,0,0,0	35664	211	187	33550	372	0	32327,29595,29595,18840,18840,18840,18840	1	15	32924,264,0,0,0,0,0	103	3084
172567	378	750	428	199	203	61	32	5	3405	317	401	470	253	4	68	0	0	2051	16,0,0,0,0,0	35612	169	200	33787	378	0	32625,29870,29870,18969,18969,18969,18969	1	13	33080,347,0,0,0,0,0	114	3208
172599	381	745	474	212	208	56	32	6	3309	318	406	461	265	2	89	0	0	2108	18,0,0,0,0,0	23152	189	236	34017	384	0	32921,30140,30140,19086,19086,19086,19086	1	20	33245,414,0,0,0,0,0	115	3350
