S	E	I1	I2	I3	I4	I5_h	I6_h	R_h	R	D1	D2	H	T	P1	P2	Q	QT	NQ	MUT	HOM	VAC	NI	INF	REINF	BSTR	IMM	HCI	HCE	INFV	INFH	VNI
178127	103	119	38	47	51	2	4	0	252	3	0	203	0	0	0	0	0	364	0,0,0,0,0,0	178743	0	0	364	0	0	619,619,619,619,619,619,619	0	0	0,0,0,0,0,0,0	0	0
178080	85	166	45	42	51	3	5	0	264	3	2	326	308	1	68	0	0	397	0,0,0,0,0,0	12454	0	61	425	0	0	666,666,666,666,666,666,666	0	5	61,0,0,0,0,0,0	6	0
178022	103	173	63	38	47	3	5	0	282	3	7	394	263	0	23	0	0	432	0,0,0,0,0,0	12641	0	67	492	0	0	725,725,725,725,725,725,725	0	8	128,0,0,0,0,0,0	9	0
177964	114	182	81	34	52	3	5	0	300	3	8	465	285	0	14	0	0	471	0,0,0,0,0,0	12754	0	68	560	0	0	783,783,783,783,783,783,783	0	10	196,0,0,0,0,0,0	10	0
177911	106	208	94	42	42	5	5	0	319	3	11	535	91	0	9	0	0	502	0,0,0,0,0,0	24545	0	66	626	0	0	841,841,841,841,841,841,841	0	5	262,0,0,0,0,0,0	11	0
177847	111	206	104	52	52	6	6	0	344	3	15	579	288	1	13	0	0	537	0,0,0,0,0,0	24842	0	74	700	0	0	906,906,906,906,906,906,906	0	7	336,0,0,0,0,0,0	14	0
177774	124	211	113	54	50	7	7	0	383	3	20	617	321	1	19	0	0	566	0,0,0,0,0,0	12773	0	84	784	0	0	983,983,983,983,983,983,983	0	12	420,0,0,0,0,0,0	13	0
177695	140	225	119	64	53	6	6	2	406	3	27	614	90	2	26	0	0	613	0,0,0,0,0,0	12859	0	90	874	0	0	1067,1067,1067,1066,1066,1066,1066	0	10	510,0,0,0,0,0,0	16	0
177605	153	246	127	68	55	6	6	2	445	3	30	666	318	1	18	0	0	661	0,0,0,0,0,0	12827	0	102	976	0	0	1165,1164,1164,1162,1162,1162,1162	0	15	612,0,0,0,0,0,0	17	0
177520	135	278	154	73	60	5	7	1	474	3	36	717	267	1	22	0	0	712	0,0,0,0,0,0	12890	0	95	1071	1	0	1256,1255,1255,1252,1252,1252,1252	0	4	708,0,0,0,0,0,0	20	0
177420	145	295	151	76	71	6	6	1	525	5	45	696	263	1	36	0	0	750	0,0,0,0,0,0	13055	0	124	1194	2	0	1366,1364,1364,1359,1359,1359,1359	0	10	832,0,0,0,0,0,0	22	0
177338	161	301	169	74	72	10	6	1	560	5	49	724	253	0	36	0	0	793	0,0,0,0,0,0	25065	0	104	1298	2	0	1460,1458,1458,1450,1450,1450,1450	0	9	936,0,0,0,0,0,0	28	0
177259	165	301	178	81	71	11	7	1	609	6	57	745	246	4	33	0	0	814	0,0,0,0,0,0	24719	0	98	1396	2	0	1550,1547,1547,1537,1537,1537,1537	0	7	1034,0,0,0,0,0,0	31	0
177175	163	330	182	76	76	13	7	1	653	7	63	755	259	2	26	0	0	847	0,0,0,0,0,0	13052	0	109	1505	2	0	1652,1648,1648,1633,1633,1633,1633	0	11	1143,0,0,0,0,0,0	29	0
177108	166	345	201	68	73	15	9	1	683	7	70	768	255	0	25	0	0	877	0,0,0,0,0,0	13168	0	115	1620	2	0	1746,1740,1740,1718,1718,1718,1718	0	11	1258,0,0,0,0,0,0	31	0
177020	185	344	203	84	80	14	9	1	719	8	79	741	285	0	27	0	0	919	0,0,0,0,0,0	13103	0	125	1744	3	0	1862,1854,1854,1826,1826,1826,1826	0	4	1383,0,0,0,0,0,0	37	0
176957	179	330	230	79	102	15	11	1	749	9	84	723	242	0	32	0	0	946	0,0,0,0,0,0	13117	0	100	1845	4	0	1949,1939,1939,1904,1904,1904,1904	0	10	1485,0,0,0,0,0,0	37	0
176883	179	340	237	81	103	15	11	1	796	10	90	743	246	3	55	0	0	966	0,0,0,0,0,0	13045	0	113	1957	6	0	2054,2042,2042,1996,1996,1996,1996	0	9	1599,0,0,0,0,0,0	43	0
176817	161	367	245	86	97	19	12	3	830	10	99	751	254	2	36	0	0	987	0,0,0,0,0,0	25022	0	114	2069	8	0	2160,2144,2144,2085,2085,2085,2085	0	11	1713,0,0,0,0,0,0	48	0
176739	172	377	233	86	98	18	12	3	895	11	102	724	255	4	30	0	0	996	0,0,0,0,0,0	24852	0	121	2188	11	0	2272,2252,2252,2183,2183,2183,2183	0	7	1835,0,0,0,0,0,0	55	0
176626	198	375	256	104	89	19	13	2	946	11	107	702	148	2	38	0	0	1054	0,0,0,0,0,0	13076	0	154	2343	11	0	2422,2399,2399,2317,2317,2317,2317	0	13	1990,0,0,0,0,0,0	57	0
176514	226	397	266	114	86	20	13	2	986	11	111	698	98	2	45	0	0	1122	0,0,0,0,0,0	13063	0	164	2508	11	0	2576,2549,2549,2452,2452,2452,2452	0	16	2155,0,0,0,0,0,0	59	0
176407	226	421	279	110	105	27	12	2	1031	12	114	694	292	5	31	0	0	1180	0,0,0,0,0,0	13060	0	151	2656	14	0	2721,2690,2690,2580,2580,2580,2580	1	14	2306,0,0,0,0,0,0	59	0
176304	242	429	282	114	117	26	11	2	1091	13	115	712	91	2	45	0	0	1221	0,0,0,0,0,0	13073	0	160	2816	14	0	2871,2835,2835,2709,2709,2709,2709	1	19	2466,0,0,0,0,0,0	69	0
176196	253	473	270	118	126	25	10	3	1140	13	119	716	325	2	45	0	0	1275	0,0,0,0,0,0	13072	0	172	2987	15	0	3028,2988,2988,2845,2845,2845,2845	1	21	2637,0,0,0,0,0,0	60	0
176110	251	486	290	124	137	27	13	3	1171	13	121	714	249	1	36	0	0	1328	0,0,0,0,0,0	24957	0	155	3144	15	0	3177,3131,3131,2965,2965,2965,2965	1	12	2794,0,0,0,0,0,0	57	0
176009	225	522	285	134	150	29	13	4	1237	13	125	703	312	1	57	0	0	1358	0,0,0,0,0,0	25025	0	155	3301	17	0	3328,3276,3276,3092,3092,3092,3092	1	13	2952,0,0,0,0,0,0	63	0
175886	233	551	302	133	144	33	12	6	1299	13	134	700	251	1	80	0	0	1408	0,0,0,0,0,0	13059	0	191	3493	17	0	3513,3456,3456,3251,3251,3251,3251	1	20	3144,0,0,0,0,0,0	66	0
175727	253	576	313	149	151	37	13	6	1367	13	141	666	273	4	44	0	0	1492	0,0,0,0,0,0	13179	0	221	3715	18	0	3733,3669,3669,3441,3441,3441,3441	1	34	3366,0,0,0,0,0,0	76	0
175587	272	576	353	161	151	38	12	7	1430	15	144	642	250	1	71	0	0	1563	0,0,0,0,0,0	13020	0	208	3923	19	0	3934,3864,3864,3614,3614,3614,3614	1	22	3575,0,0,0,0,0,0	78	0
175434	345	579	351	155	152	36	12	6	1511	18	147	634	265	3	57	0	0	1630	0,0,0,0,0,0	12959	0	236	4160	20	0	4165,4087,4087,3808,3808,3808,3808	1	28	3812,0,0,0,0,0,0	79	0
175286	375	569	388	174	153	36	12	4	1580	18	151	650	275	2	60	0	0	1707	0,0,0,0,0,0	13051	0	225	4384	21	0	4382,4297,4297,3992,3992,3992,3992	1	29	4036,0,0,0,0,0,0	77	0
175169	369	590	400	176	151	36	12	5	1664	20	154	627	278	3	61	0	0	1734	0,0,0,0,0,0	24842	0	205	4591	22	0	4581,4488,4488,4153,4153,4153,4153	1	18	4244,0,0,0,0,0,0	79	0
175055	361	617	401	178	167	40	16	4	1731	21	155	616	250	2	68	0	0	1780	0,0,0,0,0,0	25002	0	211	4803	22	0	4782,4680,4680,4312,4312,4312,4312	1	14	4456,0,0,0,0,0,0	76	0
174885	388	664	402	181	171	41	19	4	1810	21	160	603	259	4	78	0	0	1866	0,0,0,0,0,0	13061	0	275	5077	23	0	5048,4935,4935,4533,4533,4533,4533	2	40	4731,0,0,0,0,0,0	81	0
174735	408	705	413	190	183	40	17	6	1866	21	162	590	238	3	66	0	0	1956	0,0,0,0,0,0	12949	0	268	5345	23	0	5302,5179,5179,4737,4737,4737,4737	2	30	4999,0,0,0,0,0,0	81	0
174594	403	755	443	190	179	40	19	6	1933	21	163	582	262	1	72	0	0	2029	0,0,0,0,0,0	12962	0	267	5615	23	0	5560,5424,5424,4939,4939,4939,4939	2	32	5269,0,0,0,0,0,0	89	0
174433	390	800	475	182	181	41	19	7	2029	22	167	585	320	4	89	0	0	2088	0,0,0,0,0,0	13020	0	261	5880	24	0	5819,5673,5673,5150,5150,5150,5150	2	36	5534,0,0,0,0,0,0	89	0
174254	401	820	500	175	216	44	19	6	2120	22	169	552	329	5	66	0	0	2175	0,0,0,0,0,0	12942	0	289	6169	26	0	6100,5944,5944,5382,5382,5382,5382	2	36	5823,0,0,0,0,0,0	87	0
174137	395	847	504	197	223	43	20	6	2178	23	173	539	303	2	81	0	0	2229	0,0,0,0,0,0	24511	0	253	6423	27	0	6345,6175,6175,5565,5565,5565,5565	2	24	6077,0,0,0,0,0,0	99	0
173986	384	878	513	201	221	44	24	7	2289	23	176	566	247	3	76	0	0	2265	0,0,0,0,0,0	24742	0	269	6692	27	0	6605,6424,6424,5773,5773,5773,5773	2	23	6346,0,0,0,0,0,0	96	0
173797	424	911	536	221	208	50	23	7	2367	25	177	584	249	4	78	0	0	2373	0,0,0,0,0,0	13231	0	335	7030	27	0	6934,6738,6738,6033,6033,6033,6033	2	48	6684,0,0,0,0,0,0	97	0
173624	475	898	577	223	213	50	27	9	2445	25	180	598	243	2	94	0	0	2463	0,0,0,0,0,0	13028	0	333	7364	27	0	7250,7039,7039,6281,6281,6281,6281	2	45	7018,0,0,0,0,0,0	92	0
173433	534	881	598	227	225	47	27	9	2556	27	182	583	253	6	93	0	0	2539	0,0,0,0,0,0	13124	0	349	7712	30	0	7586,7360,7360,6545,6545,6545,6545	2	38	7368,0,0,0,0,0,0	107	0
173246	543	966	609	239	208	51	28	8	2633	29	186	576	255	4	89	0	0	2644	0,0,0,0,0,0	13086	0	353	8065	32	0	7932,7689,7689,6813,6813,6813,6813	2	38	7722,0,0,0,0,0,0	103	0
173084	519	1020	643	248	227	54	31	8	2696	30	186	569	287	5	83	0	0	2742	0,0,0,0,0,0	13007	0	330	8398	32	0	8253,7993,7993,7056,7056,7056,7056	3	35	8055,0,0,0,0,0,0	108	0
172904	500	1078	657	251	238	55	31	8	2806	31	187	577	219	1	99	0	0	2810	0,0,0,0,0,0	24831	0	340	8740	33	0	8584,8308,8308,7314,7314,7314,7314	2	23	8397,0,0,0,0,0,0	118	0
172710	534	1053	675	273	263	65	37	8	2902	32	194	549	242	5	101	0	0	2900	0,0,0,0,0,0	24869	0	347	9086	35	0	8926,8634,8634,7583,7583,7583,7583	2	21	8743,0,0,0,0,0,0	128	0
172484	565	1104	686	278	279	66	37	8	3006	36	197	508	323	9	125	0	0	3015	0,0,0,0,0,0	13211	0	401	9487	38	0	9317,9008,9008,7893,7893,7893,7893	2	44	9144,0,0,0,0,0,0	128	0
172237	595	1163	699	288	274	68	35	11	3138	38	200	490	280	8	121	0	0	3122	0,0,0,0,0,0	13089	0	425	9912	39	0	9730,9403,9403,8223,8223,8223,8223	3	37	9569,0,0,0,0,0,0	138	0
172012	602	1207	716	282	284	68	33	12	3287	41	202	487	331	6	122	0	0	3192	0,0,0,0,0,0	28601	0	398	10311	40	0	10119,9775,9775,8531,8531,8531,8531	3	35	9968,0,0,0,0,0,0	135	0
171797	634	1224	743	311	322	71	30	15	3351	41	207	452	263	4	113	0	0	3335	0,0,0,0,0,0	28400	0	427	10738	41	0	10537,10171,10171,8848,8848,8848,8848	3	46	10395,0,0,0,0,0,0	125	0
171569	657	1249	754	318	336	78	30	15	3489	42	209	468	260	6	113	0	0	3422	0,0,0,0,0,0	28656	0	421	11160	45	0	10947,10562,10562,9168,9168,9168,9168	3	49	10817,0,0,0,0,0,0	127	0
171390	616	1296	770	336	352	87	35	12	3596	44	212	439	335	6	110	0	0	3492	0,0,0,0,0,0	42398	0	386	11547	47	0	11322,10916,10916,9446,9446,9446,9446	3	25	11205,0,0,0,0,0,0	150	0
171237	583	1277	811	352	348	87	36	10	3746	45	214	421	298	6	126	0	0	3494	0,0,0,0,0,0	42266	0	346	11889	51	0	11654,11228,11228,9689,9689,9689,9689	3	27	11547,0,0,0,0,0,0	157	0
171031	583	1256	850	377	364	85	32	11	3893	49	215	425	304	4	129	0	0	3547	0,0,0,0,0,0	28501	0	410	12296	56	0	12048,11603,11603,9989,9989,9989,9989	3	42	11954,0,0,0,0,0,0	153	0
170877	624	1243	853	350	359	86	35	11	4039	51	218	445	245	4	137	0	0	3550	0,0,0,0,0,0	28518	0	391	12681	63	0	12419,11950,11950,10251,10251,10251,10251	3	51	12339,0,0,0,0,0,0	147	0
170704	600	1278	885	347	375	86	32	10	4155	54	220	453	261	3	120	0	0	3603	0,0,0,0,0,0	28788	0	402	13084	64	0	12808,12316,12316,10532,10532,10532,10532	3	55	12742,0,0,0,0,0,0	150	0
170522	623	1290	882	355	364	93	35	6	4296	57	223	470	235	10	133	0	0	3642	0,0,0,0,0,0	28481	0	410	13493	66	0	13206,12690,12690,10822,10822,10822,10822	3	43	13152,0,0,0,0,0,0	147	0
170387	637	1268	918	363	369	94	37	9	4376	60	228	449	318	6	126	0	0	3686	0,0,0,0,0,0	28657	0	398	13893	68	0	13592,13050,13050,11083,11083,11083,11083	3	40	13552,0,0,0,0,0,0	156	0
170308	596	1260	922	373	359	98	40	8	4488	64	230	459	228	4	116	0	0	3648	0,0,0,0,0,0	42326	0	347	14238	73	0	13921,13352,13352,11287,11287,11287,11287	3	19	13897,0,0,0,0,0,0	161	0
170273	551	1233	935	386	363	96	46	5	4558	66	234	466	259	5	126	0	0	3610	0,0,0,0,0,0	42251	0	346	14584	74	0	14250,13650,13650,11471,11471,11471,11471	3	29	14243,0,0,0,0,0,0	163	0
170133	568	1249	904	377	356	107	48	4	4695	70	235	463	283	6	136	0	0	3609	0,0,0,0,0,0	28304	0	405	14986	77	0	14635,14008,14008,11733,11733,11733,11733	3	42	14645,0,0,0,0,0,0	163	0
170032	612	1182	901	377	364	106	49	6	4805	72	240	437	308	5	153	0	0	3591	0,0,0,0,0,0	28820	0	387	15370	81	0	15002,14347,14347,11965,11965,11965,11965	3	35	15030,0,0,0,0,0,0	169	0
169921	592	1265	869	371	359	114	51	8	4879	74	243	419	263	3	137	0	0	3621	0,0,0,0,0,0	28511	0	426	15799	82	0	15413,14725,14725,12226,12226,12226,12226	3	39	15459,0,0,0,0,0,0	172	0
169789	612	1284	841	386	376	112	56	7	4960	77	246	401	251	4	118	0	0	3667	0,0,0,0,0,0	28747	0	430	16226	87	0	15823,15105,15105,12497,12497,12497,12497	3	49	15886,0,0,0,0,0,0	189	0
169693	610	1283	833	395	374	110	52	8	5060	81	247	383	267	5	130	0	0	3657	0,0,0,0,0,0	28560	0	388	16609	92	0	16187,15441,15441,12726,12726,12726,12726	3	33	16269,0,0,0,0,0,0	179	0
169656	587	1278	816	387	362	114	55	9	5146	84	252	401	259	6	111	0	0	3599	0,0,0,0,0,0	42489	0	352	16956	99	0	16517,15739,15739,12909,12909,12909,12909	3	33	16616,0,0,0,0,0,0	179	0
169628	582	1281	814	371	359	113	52	7	5195	87	257	404	345	6	107	0	0	3572	0,0,0,0,0,0	42352	0	350	17305	103	0	16847,16037,16037,13088,13088,13088,13088	3	21	16967,0,0,0,0,0,0	184	0
169550	605	1254	830	355	382	108	52	7	5253	93	257	438	267	3	144	0	0	3586	0,0,0,0,0,0	28522	0	391	17694	108	0	17215,16374,16374,13309,13309,13309,13309	3	51	17357,0,0,0,0,0,0	177	0
169471	603	1253	869	353	373	108	53	6	5300	97	260	404	331	7	134	0	0	3612	0,0,0,0,0,0	28828	0	392	18084	110	0	17584,16712,16712,13531,13531,13531,13531	3	44	17747,0,0,0,0,0,0	177	0
169377	629	1243	870	339	386	111	54	9	5367	100	261	439	314	3	149	0	0	3632	0,0,0,0,0,0	28523	0	415	18496	117	0	17975,17070,17070,13771,13771,13771,13771	3	48	18159,0,0,0,0,0,0	185	0
169349	614	1220	906	316	379	115	59	9	5413	103	263	424	293	2	115	0	0	3609	0,0,0,0,0,0	28779	0	362	18854	122	0	18311,17374,17374,13952,13952,13952,13952	3	37	18517,0,0,0,0,0,0	190	0
169315	585	1271	878	320	378	113	56	14	5447	106	263	428	238	4	122	0	0	3601	0,0,0,0,0,0	28664	0	386	19240	125	0	18673,17700,17700,14148,14148,14148,14148	3	39	18903,0,0,0,0,0,0	185	0
169377	533	1231	882	345	364	108	61	14	5458	108	265	420	117	5	116	0	0	3524	0,0,0,0,0,0	42617	0	308	19546	128	0	18956,17946,17946,14258,14258,14258,14258	3	29	19209,0,0,0,0,0,0	191	0
169378	518	1170	866	339	372	104	60	18	5543	113	265	415	272	2	121	0	0	3429	0,0,0,0,0,0	42525	0	316	19861	131	0	19248,18207,18207,14402,14402,14402,14402	3	25	19524,0,0,0,0,0,0	182	0
169347	529	1202	805	328	366	112	62	15	5594	117	269	400	272	1	126	0	0	3404	0,0,0,0,0,0	28648	0	394	20253	134	0	19618,18540,18540,14600,14600,14600,14600	3	31	19916,0,0,0,0,0,0	184	0
169274	555	1191	813	333	366	113	59	14	5632	125	271	375	253	7	127	0	0	3430	0,0,0,0,0,0	28583	0	386	20639	136	0	19980,18871,18871,14813,14813,14813,14813	3	30	20302,0,0,0,0,0,0	192	0
169227	582	1177	794	347	363	109	59	14	5671	129	274	372	255	2	131	0	0	3431	0,0,0,0,0,0	28655	0	372	21006	144	0	20326,19184,19184,15006,15006,15006,15006	3	29	20669,0,0,0,0,0,0	186	0
169282	579	1167	786	339	375	111	63	13	5624	132	275	364	260	7	115	0	0	3420	0,0,0,0,0,0	28621	0	353	21351	153	0	20643,19462,19462,15135,15135,15135,15135	3	36	21014,0,0,0,0,0,0	187	0
169221	586	1229	787	359	355	107	66	14	5609	133	280	347	213	7	131	0	0	3489	0,0,0,0,0,0	28330	0	408	21753	161	0	21023,19807,19807,15351,15351,15351,15351	3	47	21416,0,0,0,0,0,0	197	0
169268	549	1208	821	350	346	109	61	17	5597	139	281	350	245	4	114	0	0	3444	0,0,0,0,0,0	42328	0	326	22078	162	0	21322,20069,20069,15475,15475,15475,15475	3	28	21741,0,0,0,0,0,0	199	0
169315	521	1204	820	346	335	106	61	16	5593	144	285	357	266	6	123	0	0	3393	0,0,0,0,0,0	42439	0	336	22414	165	0	21635,20343,20343,15605,15605,15605,15605	3	28	22077,0,0,0,0,0,0	204	0
169289	514	1183	820	354	333	104	61	19	5636	147	286	348	307	5	129	0	0	3369	0,0,0,0,0,0	28521	0	353	22766	169	0	21963,20638,20638,15778,15778,15778,15778	3	34	22430,0,0,0,0,0,0	194	0
169274	517	1168	831	339	342	104	58	20	5656	150	287	364	280	11	131	0	0	3359	0,0,0,0,0,0	28833	0	366	23127	174	0	22297,20938,20938,15946,15946,15946,15946	3	42	22792,0,0,0,0,0,0	189	0
169274	539	1145	821	334	344	103	53	20	5667	156	290	357	276	6	135	0	0	3339	0,0,0,0,0,0	28592	0	373	23498	177	0	22643,21246,21246,16114,16114,16114,16114	3	38	23163,0,0,0,0,0,0	179	0
169295	541	1169	842	331	326	106	50	21	5613	161	291	351	275	5	116	0	0	3365	0,0,0,0,0,0	28501	0	352	23853	177	0	22971,21536,21536,16262,16262,16262,16262	3	43	23518,0,0,0,0,0,0	175	0
169321	528	1145	844	314	337	113	56	19	5615	163	291	353	267	2	103	0	0	3337	0,0,0,0,0,0	28528	0	326	24176	182	0	23267,21797,21797,16392,16392,16392,16392	3	31	23841,0,0,0,0,0,0	186	0
169397	493	1086	818	322	336	117	57	20	5639	169	292	365	250	8	134	0	0	3229	0,0,0,0,0,0	42143	0	263	24432	190	0	23499,21996,21996,16466,16466,16466,16466	3	18	24098,0,0,0,0,0,0	190	0
169502	441	1085	803	327	318	119	61	20	5605	171	294	353	320	5	99	0	0	3154	0,0,0,0,0,0	42388	0	279	24711	190	0	23752,22210,22210,16535,16535,16535,16535	2	20	24377,0,0,0,0,0,0	208	0
169537	464	1049	811	320	309	120	61	21	5584	174	296	372	234	3	126	0	0	3134	0,0,0,0,0,0	28422	0	325	25033	196	0	24048,22470,22470,16659,16659,16659,16659	2	37	24699,0,0,0,0,0,0	204	0
169601	497	1025	782	323	307	117	53	22	5540	181	298	390	261	9	98	0	0	3104	0,0,0,0,0,0	28474	0	331	25354	206	0	24339,22722,22722,16766,16766,16766,16766	2	28	25021,0,0,0,0,0,0	196	0
169709	511	987	803	309	302	107	53	22	5461	183	299	381	315	3	89	0	0	3072	0,0,0,0,0,0	28359	0	308	25659	209	0	24612,22954,22954,16842,16842,16842,16842	2	27	25326,0,0,0,0,0,0	177	0
169768	491	974	768	295	311	99	51	25	5478	185	301	404	238	9	99	0	0	2989	0,0,0,0,0,0	42416	0	288	25943	215	0	24868,23176,23176,16933,16933,16933,16933	2	18	25610,0,0,0,0,0,0	178	0
169857	470	982	759	271	283	102	53	25	5452	187	305	380	252	2	89	0	0	2920	0,0,0,0,0,0	42485	0	259	26201	217	0	25101,23374,23374,16998,16998,16998,16998	2	24	25868,0,0,0,0,0,0	186	0
169967	442	953	728	264	270	92	56	27	5453	188	306	360	252	2	73	0	0	2805	0,0,0,0,0,0	42745	0	244	26439	223	0	25312,23551,23551,17042,17042,17042,17042	2	22	26106,0,0,0,0,0,0	175	0
170104	404	928	695	267	265	89	55	26	5414	191	308	361	246	3	98	0	0	2703	0,0,0,0,0,0	42186	25	231	26670	226	0	25517,23718,23718,17070,17070,17070,17070	2	15	26337,0,0,0,0,0,0	164	15
170177	408	924	700	263	277	94	51	25	5322	194	311	363	267	2	110	0	0	2717	0,0,0,0,0,0	28303	27	295	26958	234	0	25777,23942,23942,17156,17156,17156,17156	2	27	26625,0,0,0,0,0,0	165	38
170219	404	932	685	255	277	86	43	24	5305	203	313	382	323	6	112	0	0	2682	0,0,0,0,0,0	28320	28	285	27240	238	0	26032,24164,24164,17253,17253,17253,17253	2	30	26907,0,0,0,0,0,0	147	60
170300	399	901	684	265	284	85	42	24	5242	206	314	376	243	2	98	0	0	2660	0,0,0,0,0,0	28757	28	266	27507	241	0	26271,24368,24368,17323,17323,17323,17323	2	22	27174,0,0,0,0,0,0	149	82
170388	390	862	689	276	275	81	38	22	5194	213	318	383	275	2	93	0	0	2611	0,0,0,0,0,0	28570	21	245	27749	248	0	26488,24552,24552,17378,17378,17378,17378	2	22	27417,0,0,0,0,0,0	137	96
170460	368	881	668	267	268	81	38	22	5157	214	322	376	250	5	93	0	0	2571	0,0,0,0,0,0	28355	28	268	28014	252	0	26729,24759,24759,17453,17453,17453,17453	2	33	27683,0,0,0,0,0,0	132	123
170578	350	851	652	267	262	85	40	16	5107	214	324	378	264	6	95	0	0	2507	0,0,0,0,0,0	35590	20	223	28235	256	0	26924,24920,24920,17483,17483,17483,17483	2	18	27905,0,0,0,0,0,0	158	140
170693	367	796	658	261	247	82	32	18	5043	222	327	404	245	3	89	0	0	2443	0,0,0,0,0,0	35613	136	234	28465	262	0	27133,25094,25094,17522,17522,17522,17522	2	17	28136,0,0,0,0,0,0	155	254
170762	389	806	631	244	243	82	33	17	4982	226	331	380	219	6	106	0	0	2428	0,0,0,0,0,0	23400	142	261	28721	268	0	27370,25298,25298,17596,17596,17596,17596	2	30	28392,0,0,0,0,0,0	141	370
170882	392	795	614	241	247	81	35	12	4886	228	333	383	268	3	84	0	0	2405	0,0,0,0,0,0	23129	138	246	28962	275	0	27589,25481,25481,17635,17635,17635,17635	2	34	28634,0,0,0,0,0,0	138	488
170958	377	811	569	242	242	81	37	11	4855	228	335	394	254	3	101	0	0	2359	0,0,0,0,0,0	23533	161	223	29182	279	0	27791,25654,25654,17686,17686,17686,17686	2	20	28854,0,0,0,0,0,0	135	626
171090	387	767	570	243	242	80	34	12	4753	230	338	397	280	5	83	0	0	2323	0,0,0,0,0,0	23361	140	227	29405	284	0	27991,25817,25817,17710,17710,17710,17710	2	35	29077,0,0,0,0,0,0	125	735
171184	357	790	536	239	236	83	35	9	4706	231	340	401	260	3	88	0	0	2276	0,0,0,0,0,0	23410	146	214	29620	287	0	28189,25984,25984,17751,17751,17751,17751	2	17	29292,0,0,0,0,0,0	129	852
171344	352	746	558	232	230	82	34	9	4584	234	341	391	294	3	81	0	0	2234	0,0,0,0,0,0	35227	145	199	29820	289	0	28366,26125,26125,17750,17750,17750,17750	2	15	29492,0,0,0,0,0,0	122	961
171499	319	733	525	206	215	82	35	9	4545	235	343	366	256	4	74	0	0	2115	0,0,0,0,0,0	35763	150	176	29995	291	0	28557,26283,26283,17759,17759,17759,17759	2	12	29667,0,0,0,0,0,0	129	1090
171577	310	742	529	215	210	83	32	10	4456	237	345	373	235	1	63	0	0	2121	0,0,0,0,0,0	23329	149	222	30218	291	0	28795,26491,26491,17826,17826,17826,17826	2	22	29890,0,0,0,0,0,0	129	1205
171683	287	719	533	201	196	82	29	11	4418	242	345	401	251	0	81	0	0	2047	0,0,0,0,0,0	23263	135	188	30406	292	0	28996,26662,26662,17860,17860,17860,17860	1	17	30078,0,0,0,0,0,0	110	1304
171824	301	689	521	195	185	76	30	8	4330	242	345	398	243	1	79	0	0	1997	0,0,0,0,0,0	23463	155	196	30601	294	0	29210,26843,26843,17884,17884,17884,17884	1	17	30273,0,0,0,0,0,0	114	1419
171932	302	667	506	198	174	74	29	8	4267	243	346	405	276	4	65	0	0	1950	0,0,0,0,0,0	23330	140	200	30800	297	0	29424,27026,27026,17924,17924,17924,17924	1	21	30472,0,0,0,0,0,0	111	1523
172042	289	674	493	196	163	78	31	7	4181	245	347	396	238	0	67	0	0	1924	0,0,0,0,0,0	23357	161	192	30990	300	0	29630,27202,27202,17959,17959,17959,17959	1	22	30663,0,0,0,0,0,0	114	1642
172132	282	653	479	187	178	73	29	7	4131	247	348	401	320	2	68	0	0	1881	0,0,0,0,0,0	35706	170	172	31164	301	0	29820,27365,27365,17997,17997,17997,17997	1	13	30837,0,0,0,0,0,0	123	1766
172245	270	620	476	182	181	71	31	7	4062	249	352	388	232	6	71	0	0	1831	0,0,0,0,0,0	35494	77	166	31327	304	0	30007,27525,27525,18023,18023,18023,18023	1	13	31000,0,0,0,0,0,0	115	1822
172381	260	565	449	170	193	69	30	9	4015	251	354	412	232	5	68	0	0	1736	0,0,0,0,0,0	23157	72	141	31467	305	0	30164,27654,27654,18018,18018,18018,18018	1	16	31140,0,0,0,0,0,0	120	1874
172468	262	527	425	178	204	58	31	10	3976	251	356	417	242	6	75	0	0	1685	0,0,0,0,0,0	23338	59	163	31628	308	0	30336,27801,27801,18044,18044,18044,18044	1	23	31301,0,0,0,0,0,0	105	1917
172574	264	529	410	168	211	56	32	9	3884	252	357	428	98	0	75	0	0	1670	0,0,0,0,0,0	23441	67	172	31799	310	0	30523,27960,27960,18069,18069,18069,18069	1	20	31472,0,0,0,0,0,0	101	1963
172679	236	544	409	169	214	52	29	10	3790	255	359	452	250	4	69	0	0	1653	0,0,0,0,0,0	23281	66	172	31968	313	0	30704,28114,28114,18092,18092,18092,18092	1	20	31641,0,0,0,0,0,0	87	2004
172816	261	491	414	174	200	49	29	10	3684	258	360	452	319	0	69	0	0	1618	0,0,0,0,0,0	23284	67	160	32125	317	0	30877,28257,28257,18094,18094,18094,18094	1	24	31799,0,0,0,0,0,0	84	2050
172923	257	470	401	169	187	48	31	9	3626	261	364	456	229	2	54	0	0	1563	0,0,0,0,0,0	35729	70	129	32254	320	0	31031,28387,28387,18104,18104,18104,18104	1	12	31928,0,0,0,0,0,0	88	2101
173068	224	494	379	163	161	48	28	9	3543	264	365	434	222	1	68	0	0	1497	0,0,0,0,0,0	35721	213	128	32380	323	0	31156,28485,28485,18081,18081,18081,18081	1	9	32054,0,0,0,0,0,0	94	2263
173175	216	505	347	160	160	47	26	9	3465	267	369	461	283	1	50	0	0	1461	0,0,0,0,0,0	23460	189	141	32519	326	0	31299,28604,28604,18082,18082,18082,18082	1	14	32193,0,0,0,0,0,0	78	2405
173215	257	520	321	159	169	47	24	10	3382	271	371	461	260	3	49	0	0	1497	2,0,0,0,0,0	23271	214	172	32734	327	0	31509,28789,28789,18150,18150,18150,18150	1	20	32364,44,0,0,0,0,0	74	2559
173246	278	534	347	150	167	52	26	10	3289	272	375	465	250	2	64	0	0	1554	6,0,0,0,0,0	23291	177	172	32938	332	0	31715,28970,28970,18219,18219,18219,18219	1	23	32520,94,0,0,0,0,0	85	2680
173249	300	558	356	142	155	54	26	10	3242	272	382	462	250	4	47	0	0	1591	9,0,0,0,0,0	23485	171	171	33134	338	0	31912,29147,29147,18300,18300,18300,18300	1	13	32657,156,0,0,0,0,0	91	2804
173222	335	584	364	130	166	51	22	11	3201	276	384	449	261	2	55	0	0	1652	14,0,0,0,0,0	23481	233	189	33363	344	0	32144,29359,29359,18411,18411,18411,18411	1	12	32809,236,0,0,0,0,0	87	2974
173246	330	594	371	140	168	47	23	13	3152	277	385	449	312	2	50	0	0	1673	17,0,0,0,0,0	35616	202	153	33551	347	0	32334,29528,29528,18478,18478,18478,18478	1	6	32931,305,0,0,0,0,0	86	3111
173260	348	624	372	149	167	43	20	11	3085	280	387	445	238	2	62	0	0	1723	21,0,0,0,0,0	35519	172	193	33762	353	0	32621,29793,29793,18599,18599,18599,18599	1	18	33060,388,0,0,0,0,0	83	3235
173279	337	643	371	159	180	45	20	8	3031	282	391	463	262	4	77	0	0	1755	24,0,0,0,0,0	23508	171	199	33957	359	0	32883,30036,30035,18704,18704,18704,18704	1	27	33179,466,0,0,0,0,0	73	3354
