S	E	I1	I2	I3	I4	I5_h	I6_h	R_h	R	D1	D2	H	T	P1	P2	Q	QT	NQ	MUT	HOM	VAC	NI	INF	REINF	BSTR	IMM	HCI	HCE	INFV	INFH	VNI
178079	119	109	58	49	55	10	2	0	264	1	0	194	0	0	0	0	0	402	0,0,0,0,0,0	178745	0	0	402	0	0	667,667,667,667,667,667,667	0	0	0,0,0,0,0,0,0	0	0
178022	101	163	58	50	47	11	3	0	286	1	4	316	295	0	99	0	0	433	0,0,0,0,0,0	12486	0	69	472	0	0	724,724,724,724,724,724,724	0	7	70,0,0,0,0,0,0	12	0
177970	107	176	63	58	44	11	3	0	309	1	4	388	262	0	8	0	0	462	0,0,0,0,0,0	12602	0	62	534	0	0	776,776,776,776,776,776,776	0	8	132,0,0,0,0,0,0	14	0
177914	105	203	75	53	44	10	3	1	329	1	8	474	241	0	14	0	0	493	0,0,0,0,0,0	12641	0	72	606	0	0	836,836,836,836,836,836,836	0	10	204,0,0,0,0,0,0	15	0
177861	100	204	97	54	59	12	4	1	344	1	9	497	314	0	18	0	0	530	0,0,0,0,0,0	24800	0	62	669	0	0	891,891,891,891,891,891,891	0	7	267,0,0,0,0,0,0	18	0
177807	112	205	100	57	62	14	4	1	371	1	12	550	263	0	21	0	0	554	0,0,0,0,0,0	24796	0	73	742	0	0	950,950,950,950,950,950,950	0	6	340,0,0,0,0,0,0	21	0
177746	119	220	106	57	55	14	5	1	407	1	15	601	229	3	28	0	0	576	0,0,0,0,0,0	12759	0	80	822	0	0	1016,1016,1016,1016,1016,1016,1016	0	9	420,0,0,0,0,0,0	23	0
177685	125	220	115	61	52	15	5	1	443	1	23	641	323	2	21	0	0	593	0,0,0,0,0,0	12856	0	73	895	0	0	1081,1081,1081,1081,1081,1081,1081	0	10	493,0,0,0,0,0,0	24	0
177628	124	216	142	53	63	15	7	1	469	1	27	684	226	0	21	0	0	620	0,0,0,0,0,0	12937	0	82	977	0	0	1149,1148,1148,1146,1146,1146,1146	0	10	575,0,0,0,0,0,0	20	0
177553	132	251	140	53	58	15	9	0	503	1	31	666	240	0	27	0	0	658	0,0,0,0,0,0	12929	0	101	1081	0	0	1234,1233,1233,1231,1231,1231,1231	0	10	679,0,0,0,0,0,0	25	0
177458	156	272	150	59	58	14	10	0	530	1	38	683	324	3	21	0	0	719	0,0,0,0,0,0	12954	0	120	1201	0	0	1341,1340,1340,1335,1335,1335,1335	0	3	799,0,0,0,0,0,0	26	0
177391	156	277	172	58	64	15	11	0	560	2	40	721	241	0	13	0	0	753	0,0,0,0,0,0	24838	0	89	1292	0	0	1420,1418,1418,1411,1411,1411,1411	0	7	890,0,0,0,0,0,0	34	0
177328	157	282	173	67	65	16	9	1	598	3	47	721	239	2	28	0	0	769	0,0,0,0,0,0	24845	0	85	1374	3	0	1498,1495,1495,1484,1484,1484,1484	0	5	974,0,0,0,0,0,0	34	0
177245	166	301	162	84	62	19	10	1	642	3	51	746	233	3	28	0	0	804	0,0,0,0,0,0	12983	0	108	1483	3	0	1594,1590,1590,1577,1577,1577,1577	0	18	1083,0,0,0,0,0,0	37	0
177176	166	316	168	89	63	19	11	1	679	3	55	766	105	3	28	0	0	832	0,0,0,0,0,0	12958	0	106	1588	4	0	1686,1680,1680,1661,1661,1661,1661	0	13	1189,0,0,0,0,0,0	37	0
177100	159	328	178	78	72	26	13	1	727	3	61	706	98	2	36	0	0	854	0,0,0,0,0,0	13089	0	103	1688	7	0	1782,1774,1774,1749,1749,1749,1749	0	9	1292,0,0,0,0,0,0	42	0
176990	181	336	209	82	82	25	13	1	755	4	68	734	264	1	34	0	0	928	0,0,0,0,0,0	13048	0	135	1823	8	0	1912,1903,1903,1872,1872,1872,1872	0	15	1428,0,0,0,0,0,0	50	0
176902	190	362	222	78	88	24	13	1	789	4	73	741	330	1	29	0	0	977	0,0,0,0,0,0	13012	0	125	1947	10	0	2025,2014,2014,1976,1976,1976,1976	0	11	1553,0,0,0,0,0,0	43	0
176830	184	376	231	82	87	24	13	2	834	6	77	715	263	1	24	0	0	997	0,0,0,0,0,0	24946	0	119	2065	11	0	2129,2115,2115,2069,2069,2069,2069	0	10	1672,0,0,0,0,0,0	44	0
176737	195	389	222	99	101	19	13	2	883	6	80	714	277	1	30	0	0	1038	0,0,0,0,0,0	24807	0	135	2199	12	0	2256,2239,2239,2181,2181,2181,2181	1	10	1807,0,0,0,0,0,0	46	0
176623	201	427	248	92	98	18	13	2	936	6	82	698	266	1	44	0	0	1097	0,0,0,0,0,0	13001	0	159	2358	13	0	2404,2385,2385,2316,2316,2316,2316	1	13	1967,0,0,0,0,0,0	50	0
176515	237	410	280	96	102	19	16	2	980	6	83	702	230	3	42	0	0	1160	0,0,0,0,0,0	12964	0	159	2516	14	0	2551,2528,2528,2445,2445,2445,2445	1	15	2126,0,0,0,0,0,0	53	0
176398	265	433	278	96	97	24	17	2	1040	8	88	700	272	1	63	0	0	1210	0,0,0,0,0,0	13123	0	166	2684	14	0	2712,2685,2685,2586,2586,2586,2586	1	25	2294,0,0,0,0,0,0	56	0
176291	282	464	305	105	95	26	16	3	1060	9	90	694	299	1	30	0	0	1293	0,0,0,0,0,0	13128	0	176	2860	14	0	2873,2840,2840,2724,2724,2724,2724	1	22	2470,0,0,0,0,0,0	61	0
176176	271	525	301	106	85	27	14	6	1132	10	93	689	271	3	37	0	0	1329	0,0,0,0,0,0	12991	0	173	3033	15	0	3037,3000,3000,2866,2866,2866,2866	1	17	2643,0,0,0,0,0,0	63	0
176105	264	535	297	122	107	30	14	6	1160	10	96	710	86	0	21	0	0	1369	0,0,0,0,0,0	24832	0	155	3187	16	0	3180,3135,3135,2975,2975,2975,2975	1	8	2797,0,0,0,0,0,0	63	0
175976	254	570	311	125	110	31	16	4	1239	11	99	669	113	1	58	0	0	1417	0,0,0,0,0,0	24825	0	182	3370	17	0	3355,3305,3305,3129,3129,3129,3129	1	13	2981,0,0,0,0,0,0	66	0
175825	282	578	338	126	130	33	19	2	1297	12	104	638	268	1	56	0	0	1506	0,0,0,0,0,0	12981	0	211	3583	17	0	3561,3506,3506,3311,3311,3311,3311	1	24	3194,0,0,0,0,0,0	72	0
175678	304	596	355	140	133	37	19	2	1363	12	107	651	270	6	52	0	0	1584	0,0,0,0,0,0	12862	0	212	3796	17	0	3763,3703,3703,3487,3487,3487,3487	1	23	3407,0,0,0,0,0,0	84	0
175528	324	624	368	153	131	35	21	3	1437	12	110	653	261	2	54	0	0	1656	0,0,0,0,0,0	12974	0	231	4026	18	0	3985,3917,3917,3675,3675,3675,3675	1	27	3638,0,0,0,0,0,0	83	0
175362	355	628	380	162	143	35	20	2	1526	16	117	627	253	1	62	0	0	1723	0,0,0,0,0,0	12954	0	238	4263	20	0	4219,4144,4144,3878,3878,3878,3878	1	34	3876,0,0,0,0,0,0	77	0
175205	369	657	408	154	147	34	20	4	1610	16	122	628	96	1	56	0	0	1789	0,0,0,0,0,0	13239	0	236	4501	20	0	4450,4368,4368,4074,4074,4074,4074	2	32	4114,0,0,0,0,0,0	86	0
175074	369	674	406	165	164	38	19	5	1689	18	125	638	99	1	56	0	0	1835	0,0,0,0,0,0	24779	0	215	4718	20	0	4659,4569,4569,4246,4246,4246,4246	2	26	4331,0,0,0,0,0,0	83	0
174947	370	687	409	174	162	40	22	5	1784	19	127	652	255	11	62	0	0	1864	0,0,0,0,0,0	25122	0	215	4936	20	0	4872,4773,4773,4418,4418,4418,4418	1	11	4549,0,0,0,0,0,0	88	0
174798	350	730	430	178	163	40	25	5	1873	21	133	658	254	0	76	0	0	1916	0,0,0,0,0,0	13326	0	241	5177	20	0	5108,5000,5000,4613,4613,4613,4613	2	25	4790,0,0,0,0,0,0	87	0
174626	390	754	438	187	163	43	28	5	1954	23	135	600	252	2	74	0	0	2003	0,0,0,0,0,0	12965	0	284	5460	24	0	5383,5263,5263,4837,4837,4837,4837	2	29	5075,0,0,0,0,0,0	93	0
174462	422	795	453	199	179	41	26	7	2000	25	137	597	237	4	76	0	0	2115	0,0,0,0,0,0	12870	0	298	5757	25	0	5667,5535,5535,5063,5063,5063,5063	2	44	5373,0,0,0,0,0,0	108	0
174258	445	859	467	193	186	48	30	7	2088	25	140	577	334	2	87	0	0	2228	0,0,0,0,0,0	12943	0	308	6067	25	0	5969,5827,5827,5318,5318,5318,5318	2	35	5683,0,0,0,0,0,0	109	0
174062	457	896	499	204	202	51	32	7	2167	25	144	564	261	4	65	0	0	2341	0,0,0,0,0,0	12985	0	323	6389	26	0	6282,6128,6128,5574,5574,5574,5574	2	43	6005,0,0,0,0,0,0	114	0
173903	454	939	512	210	208	55	34	7	2247	29	148	543	280	4	70	0	0	2412	0,0,0,0,0,0	24708	0	294	6683	26	0	6568,6400,6400,5798,5798,5798,5798	2	27	6299,0,0,0,0,0,0	121	0
173768	439	974	518	229	219	56	35	7	2318	31	152	548	301	1	85	0	0	2470	0,0,0,0,0,0	24734	0	281	6963	27	0	6837,6655,6655,6004,6004,6004,6004	2	27	6579,0,0,0,0,0,0	123	0
173557	469	975	570	237	248	62	39	7	2393	33	156	535	290	2	95	0	0	2600	0,0,0,0,0,0	13161	0	342	7303	29	0	7165,6972,6972,6276,6276,6276,6276	2	33	6920,0,0,0,0,0,0	125	0
173336	519	996	615	234	256	66	37	9	2484	34	160	540	263	3	111	0	0	2723	0,0,0,0,0,0	13017	0	369	7671	31	0	7521,7313,7313,6566,6566,6566,6566	3	51	7288,0,0,0,0,0,0	121	0
173169	532	1011	626	237	264	70	38	10	2592	36	161	526	225	2	82	0	0	2778	0,0,0,0,0,0	13087	0	323	7993	34	0	7832,7609,7609,6806,6806,6806,6806	3	47	7611,0,0,0,0,0,0	136	0
172931	552	1047	655	249	275	66	37	9	2723	39	163	515	259	5	116	0	0	2881	0,0,0,0,0,0	12866	0	387	8379	35	0	8208,7970,7970,7115,7115,7115,7115	3	47	7997,0,0,0,0,0,0	138	0
172714	581	1094	682	270	274	60	36	10	2819	41	165	496	285	1	105	0	0	2997	0,0,0,0,0,0	12974	0	382	8761	37	0	8578,8324,8324,7411,7411,7411,7411	3	31	8379,0,0,0,0,0,0	125	0
172547	577	1134	700	269	283	65	41	8	2910	43	169	500	246	9	79	0	0	3069	0,0,0,0,0,0	24858	0	367	9132	38	0	8939,8665,8665,7677,7677,7677,7677	3	44	8750,0,0,0,0,0,0	130	0
172378	560	1163	720	286	270	72	44	7	3031	43	172	516	307	5	101	0	0	3115	0,0,0,0,0,0	24937	0	342	9476	40	0	9273,8981,8981,7930,7930,7930,7930	3	25	9094,0,0,0,0,0,0	144	0
172098	648	1189	763	288	279	74	48	6	3129	47	177	506	258	5	100	0	0	3289	0,0,0,0,0,0	13228	0	470	9949	40	0	9738,9426,9426,8304,8304,8304,8304	3	46	9567,0,0,0,0,0,0	156	0
171843	640	1243	793	321	286	76	48	8	3258	49	181	503	329	6	139	0	0	3407	0,0,0,0,0,0	12892	0	430	10380	42	0	10158,9829,9829,8642,8642,8642,8642	3	41	9998,0,0,0,0,0,0	158	0
171603	606	1287	798	340	325	77	44	7	3419	54	186	472	314	9	126	0	0	3477	0,0,0,0,0,0	28571	0	415	10793	46	0	10563,10216,10216,8965,8965,8965,8965	3	42	10412,0,0,0,0,0,0	159	0
171412	612	1310	817	346	324	79	41	9	3552	57	187	484	307	5	121	0	0	3529	0,0,0,0,0,0	28757	0	415	11210	50	0	10966,10597,10597,9263,9263,9263,9263	3	54	10831,0,0,0,0,0,0	153	0
171236	593	1320	839	338	335	86	46	10	3695	58	190	446	300	2	115	0	0	3557	0,0,0,0,0,0	28634	0	392	11600	54	0	11344,10953,10953,9541,9541,9541,9541	3	52	11221,0,0,0,0,0,0	155	0
171127	590	1237	892	367	350	89	46	10	3784	62	192	456	259	3	135	0	0	3571	0,0,0,0,0,0	42283	0	346	11946	55	0	11677,11263,11263,9763,9763,9763,9763	3	23	11568,0,0,0,0,0,0	170	0
171007	604	1201	891	361	359	91	42	9	3916	69	196	449	336	2	130	0	0	3549	0,0,0,0,0,0	42313	0	366	12310	58	0	12029,11589,11589,10000,10000,10000,10000	3	29	11932,0,0,0,0,0,0	162	0
170847	600	1247	879	362	343	87	40	12	4062	71	196	441	304	4	137	0	0	3558	0,0,0,0,0,0	28727	0	407	12719	61	0	12421,11957,11957,10277,10277,10277,10277	3	40	12341,0,0,0,0,0,0	154	0
170703	598	1231	891	363	331	89	39	10	4218	75	198	424	235	6	136	0	0	3542	0,0,0,0,0,0	28540	0	380	13097	64	0	12782,12294,12294,10529,10529,10529,10529	3	48	12719,0,0,0,0,0,0	154	0
170571	600	1256	889	366	341	99	40	10	4295	80	199	430	321	4	129	0	0	3591	0,0,0,0,0,0	28434	0	408	13503	69	0	13171,12656,12656,10791,10791,10791,10791	3	41	13126,0,0,0,0,0,0	156	0
170423	634	1239	896	353	338	100	42	9	4429	83	200	437	298	7	126	0	0	3602	0,0,0,0,0,0	28648	0	403	13905	72	0	13557,13016,13016,11058,11058,11058,11058	3	42	13529,0,0,0,0,0,0	173	0
170287	627	1257	898	355	329	105	48	8	4541	86	205	427	264	2	131	0	0	3619	0,0,0,0,0,0	28283	0	386	14290	78	0	13929,13363,13363,11312,11312,11312,11312	3	47	13914,0,0,0,0,0,0	181	0
170193	594	1237	906	370	327	100	48	11	4665	87	208	411	147	1	92	0	0	3582	0,0,0,0,0,0	42517	0	359	14647	82	0	14270,13677,13677,11530,11530,11530,11530	3	38	14271,0,0,0,0,0,0	204	0
170150	554	1231	910	363	328	102	49	12	4751	88	208	426	337	1	131	0	0	3537	0,0,0,0,0,0	42318	0	331	14978	83	0	14582,13961,13961,11708,11708,11708,11708	3	29	14603,0,0,0,0,0,0	192	0
170067	567	1180	914	389	340	105	49	12	4822	91	210	410	282	8	130	0	0	3544	0,0,0,0,0,0	28548	0	375	15349	88	0	14935,14285,14285,11926,11926,11926,11926	3	40	14974,0,0,0,0,0,0	192	0
169964	593	1211	884	388	340	100	45	12	4900	98	211	410	303	7	140	0	0	3561	0,0,0,0,0,0	28628	0	419	15763	95	0	15327,14646,14646,12173,12173,12173,12173	3	46	15388,0,0,0,0,0,0	175	0
169863	621	1204	882	375	342	99	46	12	4991	100	211	404	265	7	125	0	0	3569	0,0,0,0,0,0	28577	0	385	16147	99	0	15692,14983,14983,12405,12405,12405,12405	3	40	15772,0,0,0,0,0,0	182	0
169804	643	1174	882	375	343	97	43	11	5058	105	211	431	266	7	129	0	0	3557	0,0,0,0,0,0	28643	0	361	16503	104	0	16028,15288,15288,12601,12601,12601,12601	3	45	16128,0,0,0,0,0,0	165	0
169768	632	1207	839	368	344	101	46	11	5105	108	217	399	315	4	121	0	0	3537	0,0,0,0,0,0	28591	0	373	16873	108	0	16380,15607,15607,12795,12795,12795,12795	3	39	16498,0,0,0,0,0,0	165	0
169713	581	1224	829	366	364	103	45	10	5181	111	219	412	270	6	119	0	0	3512	0,0,0,0,0,0	42435	0	353	17228	112	0	16716,15913,15913,12990,12990,12990,12990	3	24	16853,0,0,0,0,0,0	175	0
169730	550	1205	841	367	358	99	45	8	5207	117	219	429	282	8	124	0	0	3465	0,0,0,0,0,0	42330	0	306	17530	117	0	16997,16162,16162,13122,13122,13122,13122	3	31	17156,0,0,0,0,0,0	168	0
169661	538	1227	862	353	345	100	50	11	5260	118	221	411	315	4	132	0	0	3475	0,0,0,0,0,0	28573	0	388	17915	120	0	17362,16495,16495,13337,13337,13337,13337	3	49	17541,0,0,0,0,0,0	171	0
169592	581	1187	881	359	365	102	48	8	5272	125	226	429	278	6	123	0	0	3523	0,0,0,0,0,0	28679	0	405	18320	121	0	17746,16845,16845,13562,13562,13562,13562	3	54	17946,0,0,0,0,0,0	190	0
169582	591	1173	850	340	370	96	54	8	5329	126	227	402	260	7	153	0	0	3474	0,0,0,0,0,0	28516	0	361	18672	131	0	18076,17140,17140,13729,13729,13729,13729	3	37	18299,0,0,0,0,0,0	186	0
169601	591	1194	831	347	364	100	54	10	5294	132	228	410	242	5	131	0	0	3481	0,0,0,0,0,0	28420	0	372	19042	134	0	18420,17445,17445,13890,13890,13890,13890	3	42	18669,0,0,0,0,0,0	173	0
169564	594	1186	809	345	381	98	56	8	5342	135	228	408	257	4	128	0	0	3469	0,0,0,0,0,0	28591	0	357	19398	139	0	18753,17747,17747,14073,14073,14073,14073	3	31	19025,0,0,0,0,0,0	182	0
169608	530	1164	798	337	393	105	57	7	5378	139	230	402	244	3	114	0	0	3384	0,0,0,0,0,0	42480	0	294	19688	146	0	19022,17982,17982,14184,14184,14184,14184	3	20	19316,0,0,0,0,0,0	177	0
169619	501	1144	803	346	398	115	59	3	5387	140	231	414	262	1	106	0	0	3366	0,0,0,0,0,0	42225	0	319	20002	152	0	19314,18241,18241,14322,14322,14322,14322	3	35	19630,0,0,0,0,0,0	190	0
169616	527	1115	791	335	387	114	65	5	5417	142	232	399	311	6	140	0	0	3334	0,0,0,0,0,0	28440	0	347	20350	154	0	19638,18531,18531,14483,14483,14483,14483	3	36	19978,0,0,0,0,0,0	199	0
169634	539	1111	788	324	381	114	64	7	5406	145	233	398	268	1	120	0	0	3321	0,0,0,0,0,0	28747	0	351	20698	158	0	19958,18814,18814,14630,14630,14630,14630	3	29	20326,0,0,0,0,0,0	206	0
169661	559	1089	793	311	381	112	69	7	5382	147	235	389	248	7	127	0	0	3314	0,0,0,0,0,0	28637	0	346	21041	162	0	20276,19095,19095,14773,14773,14773,14773	3	33	20669,0,0,0,0,0,0	205	0
169688	535	1110	790	325	348	110	71	8	5375	149	237	412	256	6	136	0	0	3289	0,0,0,0,0,0	28486	0	335	21376	166	0	20586,19369,19369,14910,14910,14910,14910	3	45	21004,0,0,0,0,0,0	200	0
169722	533	1082	811	298	341	109	73	8	5377	154	238	412	295	3	105	0	0	3247	0,0,0,0,0,0	28560	0	335	21711	169	0	20895,19640,19640,15044,15044,15044,15044	3	30	21339,0,0,0,0,0,0	197	0
169776	509	1078	788	281	345	101	76	9	5388	154	241	408	282	1	124	0	0	3178	0,0,0,0,0,0	42491	0	290	22003	172	0	21163,19874,19874,15148,15148,15148,15148	3	18	21631,0,0,0,0,0,0	206	0
169849	476	1034	781	286	336	102	75	9	5395	159	244	395	233	3	84	0	0	3090	0,0,0,0,0,0	42035	0	257	22257	177	0	21396,20073,20073,15225,15225,15225,15225	2	15	21885,0,0,0,0,0,0	208	0
169865	463	1088	768	293	313	106	69	13	5354	165	249	369	255	6	107	0	0	3100	0,0,0,0,0,0	28841	0	333	22590	179	0	21705,20348,20348,15367,15367,15367,15367	2	41	22218,0,0,0,0,0,0	203	0
169893	470	1044	790	301	331	98	67	16	5313	170	253	372	245	3	104	0	0	3101	0,0,0,0,0,0	28795	0	317	22905	183	0	21994,20602,20602,15491,15491,15491,15491	2	31	22533,0,0,0,0,0,0	194	0
169945	490	1016	784	292	335	92	65	17	5281	173	256	365	322	7	121	0	0	3074	0,0,0,0,0,0	28562	0	304	23206	189	0	22271,20843,20843,15598,15598,15598,15598	2	34	22835,0,0,0,0,0,0	181	0
169995	493	978	775	288	327	95	62	20	5277	180	256	365	227	5	113	0	0	3018	0,0,0,0,0,0	28447	0	290	23494	192	0	22532,21071,21071,15698,15698,15698,15698	2	31	23123,0,0,0,0,0,0	181	0
170082	484	954	757	290	312	91	62	21	5250	184	259	383	256	7	91	0	0	2950	0,0,0,0,0,0	28316	0	286	23779	195	0	22792,21293,21293,15778,15778,15778,15778	2	21	23408,0,0,0,0,0,0	180	0
170158	461	929	736	302	305	89	59	22	5232	190	263	368	262	1	86	0	0	2881	0,0,0,0,0,0	42095	0	266	24043	200	0	23032,21499,21499,15855,15855,15855,15855	2	15	23673,0,0,0,0,0,0	189	0
170280	436	890	720	294	305	90	56	21	5194	196	264	389	255	3	98	0	0	2791	0,0,0,0,0,0	42218	0	243	24286	202	0	23248,21678,21678,15898,15898,15898,15898	2	18	23916,0,0,0,0,0,0	186	0
170319	446	896	704	275	286	86	53	23	5192	199	267	386	262	3	120	0	0	2746	0,0,0,0,0,0	28494	0	300	24584	207	0	23521,21917,21917,16008,16008,16008,16008	2	30	24214,0,0,0,0,0,0	176	0
170388	472	868	670	257	271	81	48	21	5192	202	276	392	250	2	100	0	0	2667	0,0,0,0,0,0	28473	0	267	24847	213	0	23762,22124,22124,16086,16086,16086,16086	2	29	24478,0,0,0,0,0,0	164	0
170491	430	890	652	259	261	74	46	21	5142	203	277	398	250	7	97	0	0	2612	0,0,0,0,0,0	28662	0	252	25097	218	0	23984,22311,22311,16139,16139,16139,16139	2	33	24728,0,0,0,0,0,0	153	0
170659	386	859	617	254	265	72	47	23	5075	207	282	396	264	4	87	0	0	2500	0,0,0,0,0,0	41910	0	207	25301	222	0	24162,22451,22451,16136,16136,16136,16136	2	18	24932,0,0,0,0,0,0	146	0
170781	385	837	565	260	235	70	45	23	5053	208	284	392	257	3	72	0	0	2397	0,0,0,0,0,0	42423	0	217	25513	227	0	24349,22604,22604,16160,16160,16160,16160	2	11	25145,0,0,0,0,0,0	146	0
170969	365	801	548	256	252	74	42	24	4918	212	285	382	259	1	82	0	0	2338	0,0,0,0,0,0	42510	0	202	25712	230	0	24518,22735,22735,16145,16145,16145,16145	1	14	25344,0,0,0,0,0,0	148	0
171090	317	814	558	260	256	73	42	22	4813	214	287	411	243	5	91	0	0	2320	0,0,0,0,0,0	42509	20	197	25908	232	0	24690,22875,22875,16164,16164,16164,16164	1	13	25540,0,0,0,0,0,0	138	18
171215	306	752	566	253	239	76	40	21	4768	220	290	400	254	1	97	0	0	2232	0,0,0,0,0,0	28540	28	169	26077	233	0	24835,22991,22991,16166,16166,16166,16166	1	20	25709,0,0,0,0,0,0	132	39
171292	307	702	529	254	225	84	35	21	4782	223	292	402	102	2	72	0	0	2136	0,0,0,0,0,0	28319	29	196	26272	234	0	25006,23134,23134,16202,16202,16202,16202	1	17	25904,0,0,0,0,0,0	128	60
171390	300	671	551	246	233	87	34	22	4692	226	294	402	233	1	84	0	0	2122	0,0,0,0,0,0	28369	32	206	26472	240	0	25182,23280,23280,16232,16232,16232,16232	1	15	26105,0,0,0,0,0,0	135	88
171487	294	658	520	213	228	88	36	21	4677	227	297	408	306	3	80	0	0	2037	0,0,0,0,0,0	28225	23	188	26658	243	0	25345,23414,23414,16254,16254,16254,16254	1	25	26292,0,0,0,0,0,0	132	105
171613	280	648	490	201	225	86	35	19	4616	229	304	396	236	2	78	0	0	1965	0,0,0,0,0,0	28463	26	173	26827	247	0	25492,23531,23531,16255,16255,16255,16255	1	19	26461,0,0,0,0,0,0	143	127
171754	275	625	499	194	213	85	32	19	4511	233	306	374	262	5	78	0	0	1923	0,0,0,0,0,0	35667	34	168	26993	249	0	25634,23642,23642,16247,16247,16247,16247	1	15	26627,0,0,0,0,0,0	144	153
171909	260	595	487	198	212	86	31	19	4404	237	308	406	323	3	78	0	0	1869	0,0,0,0,0,0	35529	124	160	27149	255	0	25770,23748,23748,16230,16230,16230,16230	1	23	26783,0,0,0,0,0,0	142	254
172049	248	578	496	195	201	85	30	18	4298	237	311	374	265	1	67	0	0	1833	0,0,0,0,0,0	23036	140	166	27310	261	0	25915,23862,23862,16222,16222,16222,16222	1	18	26944,0,0,0,0,0,0	143	379
172159	249	582	473	192	192	84	29	18	4214	239	315	395	358	3	66	0	0	1801	0,0,0,0,0,0	23419	144	182	27489	266	0	26076,23994,23994,16236,16236,16236,16236	1	24	27123,0,0,0,0,0,0	128	499
172254	275	582	457	184	178	82	35	17	4128	239	315	386	258	2	57	0	0	1793	0,0,0,0,0,0	23507	126	200	27688	269	0	26260,24148,24148,16269,16269,16269,16269	1	20	27323,0,0,0,0,0,0	133	604
172363	279	542	448	178	192	79	39	18	4049	240	319	389	101	0	62	0	0	1757	0,0,0,0,0,0	23246	134	173	27859	272	0	26416,24276,24276,16281,16281,16281,16281	1	20	27495,0,0,0,0,0,0	129	703
172436	286	568	438	171	166	77	42	18	3984	241	319	398	315	3	78	0	0	1748	0,0,0,0,0,0	23381	128	199	28055	275	0	26595,24428,24428,16323,16323,16323,16323	1	24	27691,0,0,0,0,0,0	130	800
172572	293	563	418	158	154	76	39	16	3893	243	321	395	300	3	52	0	0	1701	0,0,0,0,0,0	35285	145	159	28213	279	0	26739,24542,24542,16317,16317,16317,16317	1	13	27849,0,0,0,0,0,0	130	914
172697	273	568	422	154	158	77	39	16	3777	244	321	409	238	1	47	0	0	1691	0,0,0,0,0,0	35569	151	160	28370	282	0	26908,24683,24683,16328,16328,16328,16328	1	13	28006,0,0,0,0,0,0	134	1032
172836	246	587	423	156	159	79	33	18	3639	249	321	420	141	1	58	0	0	1683	0,0,0,0,0,0	23523	145	161	28529	284	0	27085,24831,24831,16335,16335,16335,16335	1	27	28165,0,0,0,0,0,0	123	1147
172889	252	596	408	162	153	78	30	19	3583	251	325	405	237	4	55	0	0	1679	0,0,0,0,0,0	23108	151	192	28720	286	0	27296,25017,25017,16400,16400,16400,16400	1	25	28356,0,0,0,0,0,0	119	1270
172994	261	568	436	172	153	77	24	20	3459	255	327	407	304	2	67	0	0	1691	0,0,0,0,0,0	23236	122	182	28900	288	0	27488,25180,25180,16431,16431,16431,16431	1	18	28536,0,0,0,0,0,0	114	1371
173082	257	558	424	168	151	79	23	22	3396	256	330	412	258	2	61	0	0	1660	0,0,0,0,0,0	23441	135	167	29065	290	0	27667,25333,25333,16463,16463,16463,16463	1	21	28701,0,0,0,0,0,0	112	1472
173111	265	545	437	156	167	72	21	17	3363	261	331	419	241	3	56	0	0	1663	0,0,0,0,0,0	23482	180	187	29248	294	0	27863,25509,25509,16533,16533,16533,16533	1	23	28884,0,0,0,0,0,0	111	1617
173185	249	545	432	159	181	63	23	15	3298	262	334	398	236	5	59	0	0	1652	0,0,0,0,0,0	35569	149	155	29402	297	0	28042,25664,25664,16574,16574,16574,16574	1	10	29038,0,0,0,0,0,0	112	1741
173296	251	515	405	149	174	65	27	15	3251	262	336	420	224	1	66	0	0	1586	0,0,0,0,0,0	35664	68	155	29555	299	0	28214,25810,25810,16593,16593,16593,16593	1	7	29191,0,0,0,0,0,0	113	1794
173362	256	503	397	160	165	62	24	12	3203	265	337	444	299	4	60	0	0	1567	0,0,0,0,0,0	23164	81	175	29724	305	0	28402,25974,25974,16639,16639,16639,16639	1	24	29360,0,0,0,0,0,0	114	1851
173401	262	499	396	145	162	59	22	15	3177	268	340	444	97	2	58	0	0	1545	0,0,0,0,0,0	23323	78	156	29880	306	0	28581,26133,26133,16692,16692,16692,16692	1	12	29516,0,0,0,0,0,0	98	1914
173488	237	512	379	145	160	57	22	16	3117	270	343	445	293	3	60	0	0	1512	0,0,0,0,0,0	23319	67	151	30028	309	0	28744,26272,26272,16715,16715,16715,16715	1	17	29664,0,0,0,0,0,0	99	1963
173584	242	496	372	136	146	54	24	14	3059	271	348	441	261	0	56	0	0	1470	0,0,0,0,0,0	23487	80	131	30158	311	0	28891,26397,26397,16725,16725,16725,16725	1	12	29794,0,0,0,0,0,0	92	2022
173679	207	506	358	144	144	58	24	13	2990	273	350	459	328	3	56	0	0	1441	0,0,0,0,0,0	23370	72	134	30291	312	0	29054,26536,26536,16744,16744,16744,16744	1	14	29927,0,0,0,0,0,0	87	2075
173749	194	512	330	143	163	54	26	13	2937	273	352	473	262	2	46	0	0	1422	0,0,0,0,0,0	35375	74	147	30435	316	0	29222,26683,26683,16779,16779,16779,16779	1	9	30071,0,0,0,0,0,0	96	2138
173836	212	473	322	135	164	52	29	10	2885	273	355	493	249	1	58	0	0	1387	0,0,0,0,0,0	35633	184	133	30569	316	0	29359,26798,26798,16790,16790,16790,16790	1	7	30205,0,0,0,0,0,0	96	2274
173912	207	468	318	132	151	53	27	12	2830	275	361	469	243	3	63	0	0	1356	0,0,0,0,0,0	23155	189	131	30695	322	0	29495,26913,26913,16804,16804,16804,16804	1	14	30333,0,0,0,0,0,0	84	2421
173926	232	467	333	131	153	54	27	11	2772	276	364	450	254	2	37	0	0	1397	2,0,0,0,0,0	23481	214	146	30877	323	0	29684,27083,27083,16874,16874,16874,16874	1	15	30480,36,0,0,0,0,0	83	2578
173916	257	482	331	133	154	48	26	8	2742	279	370	461	209	0	56	0	0	1431	6,0,0,0,0,0	23292	215	137	31059	327	0	29876,27258,27258,16958,16958,16958,16958	1	6	30610,90,0,0,0,0,0	78	2731
173902	272	527	322	135	163	49	28	7	2688	280	373	477	243	3	60	0	0	1496	9,0,0,0,0,0	23330	201	173	31261	328	0	30085,27448,27448,17053,17053,17053,17053	1	14	30760,142,0,0,0,0,0	81	2880
173854	283	588	340	131	147	50	26	5	2664	282	376	484	251	1	48	0	0	1565	13,0,0,0,0,0	23474	178	183	31473	334	0	30305,27651,27651,17169,17169,17169,17169	1	19	30904,213,0,0,0,0,0	91	3002
173849	303	564	369	136	143	53	25	5	2634	286	379	497	267	0	44	0	0	1593	17,0,0,0,0,0	35517	187	149	31657	339	0	30502,27831,27831,17256,17256,17256,17256	1	10	31013,291,0,0,0,0,0	89	3133
173806	332	601	358	145	150	51	24	4	2605	287	383	504	84	3	46	0	0	1661	22,0,0,0,0,0	35480	169	192	31884	343	0	30795,28106,28106,17410,17410,17410,17410	1	10	31141,390,0,0,0,0,0	95	3248
173809	333	641	350	138	150	50	24	3	2575	289	384	486	281	3	58	0	0	1686	24,0,0,0,0,0	23248	134	191	32070	349	0	31057,28350,28350,17521,17521,17521,17521	1	15	31263,460,0,0,0,0,0	91	3352
