S	E	I1	I2	I3	I4	I5_h	I6_h	R_h	R	D1	D2	H	T	P1	P2	Q	QT	NQ	MUT	HOM	VAC	NI	INF	REINF	BSTR	IMM	HCI	HCE	INFV	INFH	VNI
178114	104	128	45	53	42	9	4	0	245	2	0	204	0	0	0	0	0	385	0,0,0,0,0,0	178744	0	0	385	0	0	632,632,632,632,632,632,632	0	0	0,0,0,0,0,0,0	0	0
178049	102	177	47	46	38	9	4	0	271	2	1	336	325	0	76	0	0	423	0,0,0,0,0,0	12455	0	74	459	0	0	697,697,697,697,697,697,697	0	7	74,0,0,0,0,0,0	12	0
177987	108	199	61	49	43	9	4	0	282	2	2	394	242	1	18	0	0	473	0,0,0,0,0,0	12736	0	72	533	0	0	759,759,759,759,759,759,759	0	10	148,0,0,0,0,0,0	14	0
177921	119	205	74	60	43	9	2	2	303	2	6	469	295	0	16	0	0	512	0,0,0,0,0,0	12660	0	80	614	0	0	827,827,827,827,827,827,827	0	6	229,0,0,0,0,0,0	12	0
177854	117	226	93	59	50	10	2	2	321	2	10	551	279	0	19	0	0	557	0,0,0,0,0,0	24696	0	79	695	0	0	898,898,898,898,898,898,898	0	7	310,0,0,0,0,0,0	17	0
177806	114	229	106	62	51	11	4	2	345	2	14	583	101	0	19	0	0	577	0,0,0,0,0,0	24875	0	63	758	0	0	951,951,951,950,950,950,950	0	9	373,0,0,0,0,0,0	14	0
177741	117	228	132	62	53	15	4	2	370	2	20	602	90	0	27	0	0	611	0,0,0,0,0,0	12884	0	78	837	0	0	1019,1019,1019,1019,1019,1019,1019	0	11	452,0,0,0,0,0,0	17	0
177685	121	220	152	55	63	14	4	2	405	2	23	606	224	0	28	0	0	629	0,0,0,0,0,0	12904	0	77	915	0	0	1083,1083,1083,1081,1081,1081,1081	0	7	530,0,0,0,0,0,0	24	0
177628	119	229	156	61	66	15	6	2	436	2	26	622	255	0	25	0	0	652	0,0,0,0,0,0	12753	0	84	999	0	0	1148,1148,1148,1146,1146,1146,1146	0	5	614,0,0,0,0,0,0	24	0
177538	141	252	167	57	75	20	5	3	458	2	28	629	314	1	23	0	0	717	0,0,0,0,0,0	13079	0	115	1114	0	0	1250,1249,1249,1245,1245,1245,1245	0	12	729,0,0,0,0,0,0	27	0
177461	160	249	162	57	82	23	4	5	509	2	32	646	310	1	26	0	0	737	0,0,0,0,0,0	12986	0	95	1209	1	0	1335,1334,1334,1329,1329,1329,1329	0	10	825,0,0,0,0,0,0	31	0
177411	141	273	156	57	79	23	5	4	559	2	36	697	80	1	23	0	0	734	0,0,0,0,0,0	25083	0	77	1285	2	0	1399,1397,1397,1389,1389,1389,1389	0	10	902,0,0,0,0,0,0	36	0
177341	141	282	161	68	83	26	7	3	592	2	40	685	239	0	25	0	0	768	0,0,0,0,0,0	25002	0	89	1374	3	0	1485,1481,1481,1469,1469,1469,1469	0	7	992,0,0,0,0,0,0	37	0
177257	152	305	163	70	80	27	7	3	636	3	43	692	258	1	31	0	0	804	0,0,0,0,0,0	12922	0	109	1484	4	0	1581,1577,1577,1562,1562,1562,1562	0	10	1103,0,0,0,0,0,0	36	0
177169	162	328	170	76	71	31	7	2	676	4	50	677	272	2	28	0	0	845	0,0,0,0,0,0	12991	0	115	1596	7	0	1687,1681,1681,1659,1659,1659,1659	0	11	1218,0,0,0,0,0,0	41	0
177078	173	347	184	75	77	31	7	2	714	5	53	656	296	0	30	0	0	894	0,0,0,0,0,0	12883	0	127	1723	7	0	1799,1791,1791,1765,1765,1765,1765	0	10	1345,0,0,0,0,0,0	42	0
177001	186	324	213	88	80	29	7	2	755	5	56	656	245	0	37	0	0	927	0,0,0,0,0,0	13120	0	111	1835	8	0	1900,1891,1891,1857,1857,1857,1857	0	10	1458,0,0,0,0,0,0	39	0
176896	187	373	213	90	76	25	8	2	812	5	59	649	275	2	30	0	0	972	0,0,0,0,0,0	13007	0	146	1982	9	0	2040,2027,2027,1983,1983,1983,1983	0	17	1606,0,0,0,0,0,0	35	0
176809	186	379	225	99	90	24	11	2	853	6	62	642	235	0	35	0	0	1014	0,0,0,0,0,0	25003	0	124	2106	9	0	2156,2141,2141,2087,2087,2087,2087	0	13	1730,0,0,0,0,0,0	39	0
176726	191	388	238	104	102	23	13	2	887	6	66	623	331	3	38	0	0	1059	0,0,0,0,0,0	24790	0	130	2234	11	0	2274,2256,2256,2191,2191,2191,2191	1	15	1859,0,0,0,0,0,0	46	0
176633	217	374	254	111	98	22	13	2	948	7	67	642	322	5	52	0	0	1089	0,0,0,0,0,0	12914	0	139	2373	11	0	2400,2379,2379,2304,2304,2304,2304	1	14	1998,0,0,0,0,0,0	46	0
176510	246	389	254	122	98	23	14	2	1007	8	73	664	222	2	42	0	0	1146	0,0,0,0,0,0	12968	0	159	2533	11	0	2554,2530,2530,2445,2445,2445,2445	1	29	2158,0,0,0,0,0,0	53	0
176402	254	421	244	123	102	25	15	2	1072	9	77	687	270	2	36	0	0	1184	0,0,0,0,0,0	12838	0	165	2698	13	0	2712,2684,2684,2582,2582,2582,2582	1	10	2324,0,0,0,0,0,0	58	0
176256	254	508	246	129	107	25	15	2	1114	9	81	672	237	5	39	0	0	1284	0,0,0,0,0,0	12993	0	196	2894	14	0	2900,2867,2867,2752,2752,2752,2752	1	24	2520,0,0,0,0,0,0	60	0
176145	275	495	286	130	118	26	13	2	1160	10	86	686	263	3	46	0	0	1343	0,0,0,0,0,0	12892	0	182	3075	15	0	3070,3032,3032,2896,2896,2896,2896	1	25	2702,0,0,0,0,0,0	57	0
176041	286	513	305	126	125	24	13	2	1211	11	89	680	235	1	46	0	0	1392	0,0,0,0,0,0	25049	0	182	3256	17	0	3240,3195,3195,3035,3035,3035,3035	1	15	2884,0,0,0,0,0,0	59	0
175939	279	541	314	127	132	25	13	3	1266	11	96	716	272	4	43	0	0	1431	0,0,0,0,0,0	24905	0	164	3418	19	0	3398,3348,3348,3167,3167,3167,3167	1	10	3048,0,0,0,0,0,0	59	0
175818	303	563	333	133	138	26	12	2	1307	12	99	695	263	2	55	0	0	1508	0,0,0,0,0,0	13111	0	195	3613	19	0	3584,3527,3527,3323,3323,3323,3323	1	19	3243,0,0,0,0,0,0	60	0
175691	306	579	342	153	138	29	14	2	1374	12	106	724	241	1	53	0	0	1561	0,0,0,0,0,0	12888	0	201	3815	19	0	3777,3713,3713,3484,3484,3484,3484	1	25	3445,0,0,0,0,0,0	57	0
175527	328	606	359	174	147	29	18	2	1435	12	109	685	328	0	50	0	0	1661	0,0,0,0,0,0	12958	0	234	4053	19	0	4008,3937,3937,3685,3685,3685,3685	1	28	3683,0,0,0,0,0,0	63	0
175389	349	646	358	175	152	29	15	2	1500	16	115	680	318	5	68	0	0	1724	0,0,0,0,0,0	12951	0	224	4280	20	0	4224,4146,4146,3867,3867,3867,3867	2	31	3910,0,0,0,0,0,0	69	0
175249	360	653	376	173	173	30	12	2	1584	19	115	658	244	2	74	0	0	1777	0,0,0,0,0,0	13059	0	232	4512	20	0	4446,4360,4360,4050,4050,4050,4050	2	20	4142,0,0,0,0,0,0	72	0
175151	346	644	400	175	188	28	14	2	1663	19	116	629	318	3	66	0	0	1795	0,0,0,0,0,0	24869	0	206	4717	21	0	4637,4541,4541,4198,4198,4198,4198	1	11	4347,0,0,0,0,0,0	75	0
175059	329	662	422	183	190	34	15	2	1712	19	119	641	306	1	70	0	0	1835	0,0,0,0,0,0	25160	0	189	4906	23	0	4822,4716,4716,4338,4338,4338,4338	1	16	4538,0,0,0,0,0,0	80	0
174910	351	693	422	188	186	35	15	3	1800	19	124	623	304	1	74	0	0	1890	0,0,0,0,0,0	13054	0	255	5162	23	0	5069,4954,4954,4539,4539,4539,4539	2	42	4794,0,0,0,0,0,0	72	0
174725	389	704	442	194	202	41	15	3	1881	21	129	624	268	2	77	0	0	1987	0,0,0,0,0,0	12955	0	278	5441	24	0	5340,5216,5216,4768,4768,4768,4768	2	33	5073,0,0,0,0,0,0	69	0
174579	380	744	467	205	204	46	11	3	1946	24	137	654	240	3	68	0	0	2057	0,0,0,0,0,0	12868	0	242	5683	24	0	5581,5446,5446,4963,4963,4963,4963	2	28	5315,0,0,0,0,0,0	75	0
174404	407	750	501	204	200	51	12	3	2044	27	143	631	141	1	90	0	0	2125	0,0,0,0,0,0	13024	0	282	5961	28	0	5854,5709,5709,5188,5188,5188,5188	2	35	5595,0,0,0,0,0,0	78	0
174243	419	773	513	220	206	54	13	3	2131	27	144	627	255	5	55	0	0	2198	0,0,0,0,0,0	13003	0	279	6238	31	0	6121,5965,5965,5404,5404,5404,5404	2	33	5872,0,0,0,0,0,0	88	0
174108	424	791	520	217	215	52	16	3	2220	29	151	633	244	1	80	0	0	2235	0,0,0,0,0,0	24940	0	263	6502	31	0	6378,6209,6209,5602,5602,5602,5602	2	24	6136,0,0,0,0,0,0	90	0
173983	415	813	539	227	213	55	16	3	2298	30	154	602	256	0	71	0	0	2278	0,0,0,0,0,0	25092	0	257	6759	32	0	6627,6445,6445,5791,5791,5791,5791	2	20	6393,0,0,0,0,0,0	100	0
173788	435	861	542	235	219	50	18	2	2409	32	155	600	311	3	89	0	0	2360	0,0,0,0,0,0	13182	0	325	7085	33	0	6942,6747,6747,6048,6048,6048,6048	2	34	6720,0,0,0,0,0,0	96	0
173603	474	888	547	238	221	52	20	2	2511	32	158	610	265	7	99	0	0	2440	0,0,0,0,0,0	12977	0	321	7405	35	0	7251,7043,7043,6296,6296,6296,6296	2	39	7040,0,0,0,0,0,0	94	0
173382	491	974	556	246	219	49	23	2	2610	33	161	580	301	3	98	0	0	2558	0,0,0,0,0,0	12877	0	372	7777	36	0	7613,7391,7391,6589,6589,6589,6589	2	41	7412,0,0,0,0,0,0	100	0
173165	499	1025	603	225	245	52	24	2	2709	34	163	597	243	7	90	0	0	2673	0,0,0,0,0,0	12903	0	358	8134	38	0	7961,7725,7725,6873,6873,6873,6873	2	27	7769,0,0,0,0,0,0	93	0
172922	551	1047	626	240	275	57	27	3	2794	36	168	565	319	7	84	0	0	2823	0,0,0,0,0,0	12889	0	399	8536	38	0	8354,8102,8102,7194,7194,7194,7194	2	31	8171,0,0,0,0,0,0	98	0
172806	523	1076	641	262	271	59	29	2	2865	40	172	562	239	4	95	0	0	2861	0,0,0,0,0,0	24982	0	302	8838	40	0	8645,8375,8375,7399,7399,7399,7399	2	19	8473,0,0,0,0,0,0	103	0
172656	508	1081	675	279	283	62	34	2	2952	41	173	540	248	2	99	0	0	2922	0,0,0,0,0,0	24907	0	331	9170	42	0	8967,8678,8678,7636,7636,7636,7636	2	25	8806,0,0,0,0,0,0	121	0
172388	558	1135	702	296	282	65	34	4	3062	43	177	518	289	8	131	0	0	3072	0,0,0,0,0,0	13123	0	429	9597	44	0	9386,9081,9081,7980,7980,7980,7980	2	39	9233,0,0,0,0,0,0	128	0
172159	599	1148	716	318	298	72	35	4	3172	47	178	482	277	3	112	0	0	3186	0,0,0,0,0,0	12993	0	406	10005	45	0	9780,9457,9457,8292,8292,8292,8292	2	38	9641,0,0,0,0,0,0	138	0
171938	606	1214	739	333	311	74	37	4	3261	48	181	511	270	7	110	0	0	3314	0,0,0,0,0,0	28532	0	423	10430	45	0	10193,9850,9850,8610,8610,8610,8610	3	48	10066,0,0,0,0,0,0	142	0
171714	584	1289	748	325	317	77	43	5	3410	50	184	475	302	7	110	0	0	3383	0,0,0,0,0,0	28711	0	407	10833	50	0	10587,10226,10226,8919,8919,8919,8919	3	42	10470,0,0,0,0,0,0	142	0
171524	605	1234	813	329	341	75	50	5	3533	51	186	451	252	10	133	0	0	3447	0,0,0,0,0,0	28584	0	382	11214	51	0	10956,10576,10576,9199,9199,9199,9199	3	50	10851,0,0,0,0,0,0	155	0
171353	641	1213	855	337	327	81	53	6	3640	54	186	453	282	6	102	0	0	3507	0,0,0,0,0,0	42488	0	395	11611	52	0	11339,10936,10936,9477,9477,9477,9477	3	40	11248,0,0,0,0,0,0	161	0
171193	622	1239	832	322	340	78	58	6	3813	55	188	453	350	5	112	0	0	3491	0,0,0,0,0,0	42410	0	365	11977	53	0	11694,11270,11270,9735,9735,9735,9735	3	30	11614,0,0,0,0,0,0	174	0
171046	599	1287	831	337	344	82	53	8	3904	60	195	444	260	8	119	0	0	3533	0,0,0,0,0,0	28863	0	385	12361	56	0	12069,11621,11621,9997,9997,9997,9997	3	43	11998,0,0,0,0,0,0	169	0
170848	622	1311	837	349	352	79	57	7	4021	63	200	440	222	5	129	0	0	3607	0,0,0,0,0,0	28500	0	428	12789	58	0	12482,12010,12010,10302,10302,10302,10302	3	48	12426,0,0,0,0,0,0	167	0
170697	640	1301	868	354	361	80	60	6	4109	65	205	429	271	3	140	0	0	3664	0,0,0,0,0,0	28592	0	410	13199	59	0	12878,12380,12380,10576,10576,10576,10576	3	49	12836,0,0,0,0,0,0	166	0
170514	680	1285	870	344	378	82	59	6	4249	72	207	421	279	9	137	0	0	3698	0,0,0,0,0,0	28299	0	429	13631	60	0	13295,12772,12772,10876,10876,10876,10876	4	52	13268,0,0,0,0,0,0	165	0
170385	663	1321	859	329	382	87	63	5	4366	76	210	447	249	8	149	0	0	3704	0,0,0,0,0,0	28411	0	390	14020	63	0	13669,13120,13120,11127,11127,11127,11127	4	44	13657,0,0,0,0,0,0	163	0
170276	599	1321	909	328	375	82	57	8	4497	82	212	454	257	4	121	0	0	3671	0,0,0,0,0,0	42426	0	364	14383	65	0	14017,13442,13442,11357,11357,11357,11357	3	22	14020,0,0,0,0,0,0	171	0
170209	582	1306	934	320	372	83	52	10	4577	87	214	431	310	6	115	0	0	3649	0,0,0,0,0,0	42266	0	362	14742	69	0	14359,13755,13755,11562,11562,11562,11562	3	33	14379,0,0,0,0,0,0	179	0
170090	611	1264	919	359	414	85	60	8	4634	87	215	420	292	6	119	0	0	3712	0,0,0,0,0,0	28430	0	420	15161	72	0	14760,14125,14125,11822,11822,11822,11822	3	56	14799,0,0,0,0,0,0	181	0
169966	599	1282	918	371	404	87	56	9	4743	92	219	427	260	6	176	0	0	3717	0,0,0,0,0,0	28231	0	415	15576	75	0	15157,14493,14493,12081,12081,12081,12081	3	48	15214,0,0,0,0,0,0	183	0
169852	609	1270	941	356	381	91	57	10	4861	95	223	416	343	8	128	0	0	3705	0,0,0,0,0,0	28386	0	395	15969	80	0	15535,14843,14843,12326,12326,12326,12326	3	51	15608,0,0,0,0,0,0	180	0
169727	621	1281	912	339	389	98	56	12	4985	100	226	409	243	2	122	0	0	3696	0,0,0,0,0,0	28458	0	414	16383	82	0	15932,15211,15211,12587,12587,12587,12587	4	47	16022,0,0,0,0,0,0	180	0
169598	629	1292	908	361	371	95	55	12	5090	106	229	416	231	6	146	0	0	3711	0,0,0,0,0,0	28624	0	421	16804	86	0	16336,15585,15585,12852,12852,12852,12852	4	52	16444,0,0,0,0,0,0	173	0
169600	588	1270	875	351	406	94	55	12	5156	107	232	425	257	3	104	0	0	3639	0,0,0,0,0,0	42164	0	326	17131	88	0	16644,15860,15860,13005,13005,13005,13005	4	26	16771,0,0,0,0,0,0	179	0
169553	527	1297	879	355	402	91	58	10	5231	111	232	425	267	1	126	0	0	3609	0,0,0,0,0,0	42454	0	352	17482	90	0	16974,16160,16160,13194,13194,13194,13194	3	20	17122,0,0,0,0,0,0	182	0
169487	546	1277	885	358	384	92	56	11	5299	116	235	432	256	9	133	0	0	3598	0,0,0,0,0,0	28639	0	404	17883	95	0	17354,16506,16506,13416,13416,13416,13416	3	39	17523,0,0,0,0,0,0	180	0
169451	579	1241	869	379	389	91	56	11	5322	120	238	424	231	3	140	0	0	3604	0,0,0,0,0,0	28726	0	383	18264	100	0	17712,16829,16829,13611,13611,13611,13611	3	40	17904,0,0,0,0,0,0	187	0
169385	596	1190	868	389	389	88	55	13	5406	125	242	417	301	4	125	0	0	3575	0,0,0,0,0,0	28453	0	385	18646	105	0	18076,17161,17161,13824,13824,13824,13824	3	39	18287,0,0,0,0,0,0	171	0
169343	584	1184	870	380	357	91	52	11	5497	133	244	415	283	6	133	0	0	3518	0,0,0,0,0,0	28347	0	363	19006	110	0	18415,17468,17468,14012,14012,14012,14012	3	43	18647,0,0,0,0,0,0	174	0
169300	595	1206	872	357	345	95	56	11	5531	134	244	409	247	3	137	0	0	3526	0,0,0,0,0,0	28393	0	398	19406	111	0	18790,17808,17808,14220,14220,14220,14220	3	50	19047,0,0,0,0,0,0	173	0
169336	555	1152	874	362	353	94	52	14	5568	139	247	398	248	6	102	0	0	3442	0,0,0,0,0,0	42284	0	305	19710	113	0	19073,18056,18056,14342,14342,14342,14342	3	17	19351,0,0,0,0,0,0	183	0
169373	532	1165	841	352	338	97	52	12	5594	141	249	406	234	5	119	0	0	3377	0,0,0,0,0,0	42303	0	339	20047	115	0	19385,18331,18331,14479,14479,14479,14479	3	19	19688,0,0,0,0,0,0	181	0
169385	544	1173	799	354	334	100	54	12	5600	142	249	402	269	4	133	0	0	3358	0,0,0,0,0,0	28365	0	358	20400	121	0	19713,18622,18622,14634,14634,14634,14634	3	28	20041,0,0,0,0,0,0	180	0
169399	570	1144	782	342	322	103	53	11	5622	147	251	395	281	3	115	0	0	3316	0,0,0,0,0,0	28519	0	334	20734	124	0	20021,18895,18895,14778,14778,14778,14778	2	41	20376,0,0,0,0,0,0	177	0
169389	563	1127	799	361	331	104	58	11	5600	150	253	380	246	6	112	0	0	3343	0,0,0,0,0,0	28450	0	366	21097	127	0	20359,19198,19198,14948,14948,14948,14948	3	46	20739,0,0,0,0,0,0	188	0
169390	565	1106	790	365	348	101	59	11	5606	151	254	384	242	7	127	0	0	3334	0,0,0,0,0,0	28564	0	338	21430	135	0	20669,19474,19474,15098,15098,15098,15098	3	37	21073,0,0,0,0,0,0	191	0
169358	540	1118	815	343	355	101	58	10	5634	155	259	378	313	6	124	0	0	3330	0,0,0,0,0,0	28572	0	350	21780	140	0	21000,19772,19772,15276,15276,15276,15276	3	30	21423,0,0,0,0,0,0	174	0
169410	513	1071	818	334	343	98	59	12	5668	158	262	373	319	7	106	0	0	3236	0,0,0,0,0,0	42463	0	288	22067	144	0	21266,20004,20004,15379,15379,15379,15379	3	35	21712,0,0,0,0,0,0	178	0
169458	475	1035	827	337	323	97	56	16	5693	164	265	374	242	2	107	0	0	3150	0,0,0,0,0,0	42453	0	292	22355	148	0	21531,20235,20235,15485,15485,15485,15485	3	25	22001,0,0,0,0,0,0	177	0
169500	500	1037	821	335	326	101	51	14	5620	172	269	379	313	5	116	0	0	3171	0,0,0,0,0,0	28156	0	345	22701	150	0	21851,20517,20517,15620,15620,15620,15620	3	33	22347,0,0,0,0,0,0	161	0
169516	504	1074	772	320	305	99	53	13	5640	176	274	387	106	7	114	0	0	3127	0,0,0,0,0,0	28355	0	330	23026	156	0	22152,20783,20783,15757,15757,15757,15757	3	36	22672,0,0,0,0,0,0	160	0
169555	502	1103	762	327	297	103	56	10	5577	176	278	381	216	7	103	0	0	3150	0,0,0,0,0,0	28671	0	339	23358	165	0	22460,21053,21053,15886,15886,15886,15886	3	45	23005,0,0,0,0,0,0	175	0
169605	482	1066	788	336	305	109	58	12	5525	181	279	381	293	4	112	0	0	3144	0,0,0,0,0,0	28439	0	298	23654	171	0	22731,21289,21289,15990,15990,15990,15990	3	35	23302,0,0,0,0,0,0	177	0
169647	473	1062	769	311	312	105	59	14	5531	184	279	400	254	7	114	0	0	3091	0,0,0,0,0,0	28655	0	319	23969	177	0	23018,21541,21541,16107,16107,16107,16107	3	47	23617,0,0,0,0,0,0	186	0
169748	472	1013	759	312	292	96	70	13	5504	184	283	397	258	3	100	0	0	3014	0,0,0,0,0,0	42384	0	279	24248	180	0	23271,21755,21755,16179,16179,16179,16179	3	20	23896,0,0,0,0,0,0	178	0
169870	439	1006	746	301	277	92	67	13	5461	189	285	402	260	4	113	0	0	2928	0,0,0,0,0,0	42490	0	260	24503	186	0	23500,21947,21947,16229,16229,16229,16229	3	23	24152,0,0,0,0,0,0	188	0
169913	451	992	733	311	269	91	62	14	5430	193	287	411	230	1	107	0	0	2909	0,0,0,0,0,0	28318	0	309	24806	194	0	23778,22190,22190,16340,16340,16340,16340	3	36	24455,0,0,0,0,0,0	180	0
169987	459	988	728	282	270	95	64	13	5377	196	287	397	249	4	93	0	0	2886	0,0,0,0,0,0	28538	0	308	25110	199	0	24051,22425,22425,16432,16432,16432,16432	3	33	24759,0,0,0,0,0,0	173	0
170035	472	964	736	277	258	95	61	11	5351	198	288	396	264	2	105	0	0	2863	0,0,0,0,0,0	28366	0	285	25385	209	0	24301,22642,22642,16525,16525,16525,16525	3	32	25035,0,0,0,0,0,0	184	0
170147	425	959	711	286	251	92	61	10	5311	203	290	403	317	3	88	0	0	2785	0,0,0,0,0,0	42330	0	247	25625	217	0	24513,22819,22819,16568,16568,16568,16568	2	20	25275,0,0,0,0,0,0	175	0
170226	412	891	696	291	267	88	58	9	5306	209	293	390	310	7	97	0	0	2703	0,0,0,0,0,0	42383	0	245	25870	220	0	24733,23006,23006,16630,16630,16630,16630	2	20	25520,0,0,0,0,0,0	171	0
170401	371	855	706	292	260	89	54	13	5200	211	294	373	262	3	101	0	0	2627	0,0,0,0,0,0	42369	0	215	26081	224	0	24914,23149,23149,16628,16628,16628,16628	2	21	25731,0,0,0,0,0,0	168	0
170527	372	797	683	279	270	84	51	10	5163	216	294	366	321	1	90	0	0	2536	0,0,0,0,0,0	42208	31	244	26317	232	0	25123,23321,23321,16663,16663,16663,16663	2	20	25968,0,0,0,0,0,0	166	24
170589	364	815	650	275	246	79	53	10	5152	217	296	379	267	5	110	0	0	2482	0,0,0,0,0,0	28456	28	247	26560	238	0	25342,23510,23510,16733,16733,16733,16733	2	27	26212,0,0,0,0,0,0	164	47
170679	393	792	635	274	237	72	52	11	5083	222	296	403	265	4	90	0	0	2455	0,0,0,0,0,0	28682	16	260	26819	239	0	25570,23703,23703,16792,16792,16792,16792	2	26	26471,0,0,0,0,0,0	151	61
170778	376	804	594	278	240	70	51	13	5020	226	296	395	219	3	83	0	0	2413	0,0,0,0,0,0	28606	33	230	27052	241	0	25775,23875,23875,16836,16836,16836,16836	2	21	26704,0,0,0,0,0,0	142	83
170871	369	799	560	275	246	75	47	14	4960	231	299	405	241	2	91	0	0	2371	0,0,0,0,0,0	28358	26	229	27279	245	0	25975,24043,24043,16880,16880,16880,16880	2	21	26931,0,0,0,0,0,0	139	105
170968	368	795	570	252	240	75	44	12	4883	237	302	401	259	6	92	0	0	2344	0,0,0,0,0,0	28645	36	240	27514	250	0	26184,24219,24219,16927,16927,16927,16927	2	29	27166,0,0,0,0,0,0	134	136
171097	317	794	564	244	242	76	47	12	4807	239	307	387	236	2	77	0	0	2284	0,0,0,0,0,0	36020	28	203	27718	250	0	26366,24366,24366,16945,16945,16945,16945	2	15	27370,0,0,0,0,0,0	133	161
171221	300	790	534	245	224	77	51	12	4740	242	310	402	282	5	73	0	0	2221	0,0,0,0,0,0	35612	129	203	27919	253	0	26552,24519,24519,16968,16968,16968,16968	2	25	27571,0,0,0,0,0,0	142	269
171328	326	761	517	230	212	74	48	11	4678	246	315	377	232	2	86	0	0	2168	0,0,0,0,0,0	23469	132	218	28131	261	0	26747,24683,24683,17002,17002,17002,17002	2	20	27783,0,0,0,0,0,0	141	375
171430	329	753	516	222	215	68	49	11	4588	250	315	370	303	5	80	0	0	2152	0,0,0,0,0,0	23285	126	209	28335	268	0	26928,24833,24833,17030,17030,17030,17030	2	24	27990,0,0,0,0,0,0	134	476
171549	335	713	526	215	230	67	46	10	4485	255	315	373	256	4	82	0	0	2132	0,0,0,0,0,0	23320	135	206	28537	274	0	27111,24983,24983,17050,17050,17050,17050	1	22	28193,0,0,0,0,0,0	131	584
171655	339	694	530	216	228	64	40	10	4392	261	317	385	307	2	86	0	0	2111	0,0,0,0,0,0	23279	116	217	28748	281	0	27303,25143,25143,17082,17082,17082,17082	2	23	28405,0,0,0,0,0,0	119	671
171705	356	701	513	198	208	66	40	10	4366	263	320	406	266	3	75	0	0	2082	0,0,0,0,0,0	23252	129	228	28972	287	0	27513,25326,25326,17150,17150,17150,17150	2	20	28629,0,0,0,0,0,0	111	780
171805	332	703	495	193	210	67	38	13	4303	265	322	415	250	0	59	0	0	2038	0,0,0,0,0,0	35423	122	194	29161	292	0	27688,25472,25472,17178,17178,17178,17178	1	13	28819,0,0,0,0,0,0	114	875
171908	321	691	495	190	211	66	40	12	4221	266	325	413	351	8	70	0	0	2014	0,0,0,0,0,0	35484	150	188	29348	293	0	27892,25646,25646,17219,17219,17219,17219	1	17	29006,0,0,0,0,0,0	115	1001
172013	345	677	490	189	211	65	36	12	4107	270	331	391	239	1	70	0	0	2013	0,0,0,0,0,0	23298	157	214	29554	301	0	28115,25838,25838,17266,17266,17266,17266	1	18	29212,0,0,0,0,0,0	119	1121
172106	322	679	488	203	205	64	32	14	4027	273	333	412	237	1	67	0	0	1993	0,0,0,0,0,0	23313	142	210	29758	307	0	28329,26022,26022,17313,17313,17313,17313	1	24	29416,0,0,0,0,0,0	106	1226
172181	311	692	447	219	203	68	30	12	3971	276	336	393	258	4	72	0	0	1970	0,0,0,0,0,0	23035	135	213	29967	311	0	28554,26218,26218,17375,17375,17375,17375	1	24	29625,0,0,0,0,0,0	103	1328
172239	323	685	472	202	189	63	31	13	3912	279	338	431	316	3	80	0	0	1965	0,0,0,0,0,0	23432	134	219	30182	316	0	28775,26412,26412,17444,17444,17444,17444	1	14	29840,0,0,0,0,0,0	102	1424
172295	338	646	480	219	187	62	31	13	3848	282	345	432	268	5	79	0	0	1963	0,0,0,0,0,0	23290	153	200	30380	319	0	28993,26604,26604,17511,17511,17511,17511	1	22	30039,0,0,0,0,0,0	97	1545
172395	309	644	482	209	174	68	28	12	3791	287	347	426	102	4	58	0	0	1914	0,0,0,0,0,0	35572	178	171	30547	324	0	29171,26755,26755,17539,17539,17539,17539	1	20	30207,0,0,0,0,0,0	101	1686
172506	269	642	469	207	159	71	31	11	3744	287	350	414	260	3	60	0	0	1848	0,0,0,0,0,0	35945	75	153	30697	327	0	29347,26904,26904,17559,17559,17559,17559	1	11	30357,0,0,0,0,0,0	108	1745
172552	264	663	450	209	163	69	31	13	3691	288	353	424	253	3	62	0	0	1849	0,0,0,0,0,0	23309	83	203	30893	335	0	29565,27097,27097,17630,17630,17630,17630	1	20	30553,0,0,0,0,0,0	108	1806
172619	296	619	478	195	178	77	28	11	3596	293	356	440	255	1	78	0	0	1871	0,0,0,0,0,0	23397	62	207	31098	337	0	29781,27286,27286,17689,17689,17689,17689	1	29	30758,0,0,0,0,0,0	110	1848
172712	309	594	483	187	182	75	32	10	3511	294	357	425	244	6	68	0	0	1862	0,0,0,0,0,0	23447	70	175	31271	339	0	29965,27443,27443,17719,17719,17719,17719	1	16	30931,0,0,0,0,0,0	115	1905
172761	306	602	477	182	165	72	28	9	3488	298	358	441	246	2	79	0	0	1832	0,0,0,0,0,0	23300	80	190	31457	343	0	30163,27618,27618,17779,17779,17779,17779	1	20	31118,0,0,0,0,0,0	109	1962
172848	299	591	452	177	182	69	27	10	3430	300	361	427	241	2	53	0	0	1797	0,0,0,0,0,0	23344	65	171	31629	344	0	30358,27787,27787,17817,17817,17817,17817	1	17	31291,0,0,0,0,0,0	115	2008
172947	260	600	448	169	163	69	24	8	3393	304	361	468	235	0	60	0	0	1733	0,0,0,0,0,0	35531	60	138	31764	348	0	30522,27927,27927,17836,17836,17836,17836	1	11	31426,0,0,0,0,0,0	106	2050
173026	238	628	448	173	160	69	22	8	3300	308	366	469	253	2	47	0	0	1738	0,0,0,0,0,0	35496	209	170	31931	352	0	30696,28076,28076,17870,17870,17870,17870	1	13	31593,0,0,0,0,0,0	114	2204
173070	261	623	428	173	156	70	22	7	3259	309	368	451	329	3	62	0	0	1733	0,0,0,0,0,0	23494	208	185	32116	354	0	30887,28244,28244,17926,17926,17926,17926	1	15	31778,0,0,0,0,0,0	113	2353
173101	269	648	402	180	161	69	26	4	3205	310	371	479	249	0	70	0	0	1755	2,0,0,0,0,0	23330	210	168	32320	358	0	31086,28420,28420,17994,17994,17994,17994	1	14	31943,40,0,0,0,0,0	106	2514
173136	295	637	404	167	174	69	27	4	3147	311	375	469	287	2	67	0	0	1773	4,0,0,0,0,0	23225	184	173	32525	362	0	31295,28606,28606,18065,18065,18065,18065	1	11	32101,88,0,0,0,0,0	112	2654
173163	314	632	423	165	167	71	27	4	3092	313	375	485	237	0	61	0	0	1799	7,0,0,0,0,0	23458	192	175	32737	363	0	31510,28796,28796,18142,18142,18142,18142	1	22	32262,139,0,0,0,0,0	110	2806
173162	306	663	435	159	162	72	26	4	3066	314	377	497	99	3	52	0	0	1823	10,0,0,0,0,0	23461	214	171	32942	366	0	31719,28985,28985,18229,18229,18229,18229	1	17	32406,202,0,0,0,0,0	116	2964
173173	310	651	436	166	172	65	24	5	3047	317	380	511	252	5	57	0	0	1824	14,0,0,0,0,0	35340	195	169	33146	369	0	31926,29171,29171,18312,18312,18312,18312	1	11	32533,282,0,0,0,0,0	113	3097
173145	331	656	431	177	186	67	24	6	3021	318	384	501	298	3	60	0	0	1872	19,0,0,0,0,0	35340	191	194	33378	378	0	32234,29460,29460,18466,18466,18466,18466	1	8	32661,392,0,0,0,0,0	115	3239
173133	344	635	455	191	197	65	24	7	2989	319	387	473	245	1	74	0	0	1911	22,0,0,0,0,0	23441	166	213	33588	384	0	32513,29719,29719,18594,18594,18594,18594	1	11	32802,463,0,0,0,0,0	106	3356
